depth_list: [110, 20]
[LR policy] loaded checkpoint=checkpoints/policies_beatcos/patchtst_seed0/policy.pt model_type=patchtst input_dim=230 n_models=1
Dataset information: cifar100	 50000 images for training 	 10000 images for testing	
teacher depth: 110
student depth: 20
Total number of teacher parameters: 1,169,972
Total number of student parameters: 278,132
Snapshots will be saved to: snapshots/robust12h_mlspace/O1_patchtst_single_seed0_blend075_seed2_60ep
==== train and evaluate unequal restart ====
[Eval] Epoch: 0 | Teacher Test Loss: 11623.433 | Teacher Test Acc: 1.000 | Student Test Loss: 6.044 | Student Test Acc: 1.110 | Teacher Test F1: 0.000 | Student Test F1: 0.000 | Teacher Top 5 Accuracy: 0.049 | Student Top 5 Accuracy: 0.052 | Time: 2.962 | 
Running student landscape probe...
[Train] Epoch: 1 | Teacher lr=1.0000 | Teacher Loss: 4.041 | Teacher Train Acc: 9.484 | Student lr=0.0100 | Student Train Acc: 7.064 | Time: 142.688 |
[Eval] Epoch: 1 | Teacher Test Loss: 3.741 | Teacher Test Acc: 10.950 | Student Test Loss: 3.824 | Student Test Acc: 10.320 | Teacher Test F1: 0.079 | Student Test F1: 0.069 | Teacher Top 5 Accuracy: 0.356 | Student Top 5 Accuracy: 0.318 | Time: 2.426 | 
Running student landscape probe...
[LR policy] epoch=1 output=residual_log policy_pred=0.204122 predicted_lr=1.225608 cosine_blend=0.750 lr_ema=0.000 cosine_after=0 next_student_lr=0.999315
[Train] Epoch: 2 | Teacher lr=0.9993 | Teacher Loss: 3.437 | Teacher Train Acc: 20.504 | Student lr=0.9993 | Student Train Acc: 18.132 | Time: 141.084 |
[Eval] Epoch: 2 | Teacher Test Loss: 3.228 | Teacher Test Acc: 21.030 | Student Test Loss: 3.136 | Student Test Acc: 23.250 | Teacher Test F1: 0.185 | Student Test F1: 0.213 | Teacher Top 5 Accuracy: 0.501 | Student Top 5 Accuracy: 0.537 | Time: 2.435 | 
Running student landscape probe...
[LR policy] epoch=2 output=residual_log policy_pred=0.243342 predicted_lr=1.272015 cosine_blend=0.750 lr_ema=0.000 cosine_after=0 next_student_lr=0.997264
[Train] Epoch: 3 | Teacher lr=0.9973 | Teacher Loss: 2.829 | Teacher Train Acc: 32.468 | Student lr=0.9973 | Student Train Acc: 39.228 | Time: 135.914 |
[Eval] Epoch: 3 | Teacher Test Loss: 2.610 | Teacher Test Acc: 31.650 | Student Test Loss: 3.737 | Student Test Acc: 21.410 | Teacher Test F1: 0.299 | Student Test F1: 0.188 | Teacher Top 5 Accuracy: 0.645 | Student Top 5 Accuracy: 0.498 | Time: 2.466 | 
Running student landscape probe...
[LR policy] epoch=3 output=residual_log policy_pred=0.239832 predicted_lr=1.263219 cosine_blend=0.750 lr_ema=0.000 cosine_after=0 next_student_lr=0.993850
[Train] Epoch: 4 | Teacher lr=0.9938 | Teacher Loss: 2.743 | Teacher Train Acc: 36.002 | Student lr=0.9939 | Student Train Acc: 46.056 | Time: 140.192 |
[Eval] Epoch: 4 | Teacher Test Loss: 2.425 | Teacher Test Acc: 36.880 | Student Test Loss: 3.830 | Student Test Acc: 21.170 | Teacher Test F1: 0.353 | Student Test F1: 0.211 | Teacher Top 5 Accuracy: 0.705 | Student Top 5 Accuracy: 0.484 | Time: 2.381 | 
Running student landscape probe...
[LR policy] epoch=4 output=residual_log policy_pred=0.223625 predicted_lr=1.236951 cosine_blend=0.750 lr_ema=0.000 cosine_after=0 next_student_lr=0.989085
[Train] Epoch: 5 | Teacher lr=0.9891 | Teacher Loss: 2.300 | Teacher Train Acc: 44.662 | Student lr=0.9891 | Student Train Acc: 49.836 | Time: 137.312 |
[Eval] Epoch: 5 | Teacher Test Loss: 2.318 | Teacher Test Acc: 39.850 | Student Test Loss: 3.219 | Student Test Acc: 28.370 | Teacher Test F1: 0.387 | Student Test F1: 0.279 | Teacher Top 5 Accuracy: 0.735 | Student Top 5 Accuracy: 0.588 | Time: 2.627 | 
Running student landscape probe...
[LR policy] epoch=5 output=residual_log policy_pred=0.243072 predicted_lr=1.253457 cosine_blend=0.750 lr_ema=0.000 cosine_after=0 next_student_lr=0.982980
[Train] Epoch: 6 | Teacher lr=0.9830 | Teacher Loss: 2.175 | Teacher Train Acc: 47.934 | Student lr=0.9830 | Student Train Acc: 52.784 | Time: 142.659 |
[Eval] Epoch: 6 | Teacher Test Loss: 2.146 | Teacher Test Acc: 42.850 | Student Test Loss: 2.377 | Student Test Acc: 39.010 | Teacher Test F1: 0.427 | Student Test F1: 0.382 | Teacher Top 5 Accuracy: 0.759 | Student Top 5 Accuracy: 0.719 | Time: 2.548 | 
Running student landscape probe...
[LR policy] epoch=6 output=residual_log policy_pred=0.251317 predicted_lr=1.254286 cosine_blend=0.750 lr_ema=0.000 cosine_after=0 next_student_lr=0.975553
[Train] Epoch: 7 | Teacher lr=0.9755 | Teacher Loss: 2.139 | Teacher Train Acc: 49.626 | Student lr=0.9756 | Student Train Acc: 53.934 | Time: 137.740 |
[Eval] Epoch: 7 | Teacher Test Loss: 2.288 | Teacher Test Acc: 40.160 | Student Test Loss: 2.168 | Student Test Acc: 43.260 | Teacher Test F1: 0.395 | Student Test F1: 0.413 | Teacher Top 5 Accuracy: 0.734 | Student Top 5 Accuracy: 0.745 | Time: 2.522 | 
Running student landscape probe...
[LR policy] epoch=7 output=residual_log policy_pred=0.255032 predicted_lr=1.247689 cosine_blend=0.750 lr_ema=0.000 cosine_after=0 next_student_lr=0.966823
[Train] Epoch: 8 | Teacher lr=0.9668 | Teacher Loss: 1.994 | Teacher Train Acc: 53.070 | Student lr=0.9668 | Student Train Acc: 55.394 | Time: 143.080 |
[Eval] Epoch: 8 | Teacher Test Loss: 1.907 | Teacher Test Acc: 48.500 | Student Test Loss: 3.300 | Student Test Acc: 29.570 | Teacher Test F1: 0.475 | Student Test F1: 0.282 | Teacher Top 5 Accuracy: 0.794 | Student Top 5 Accuracy: 0.587 | Time: 2.478 | 
Running student landscape probe...
[LR policy] epoch=8 output=residual_log policy_pred=0.255645 predicted_lr=1.235531 cosine_blend=0.750 lr_ema=0.000 cosine_after=0 next_student_lr=0.956816
[Train] Epoch: 9 | Teacher lr=0.9568 | Teacher Loss: 1.901 | Teacher Train Acc: 55.492 | Student lr=0.9568 | Student Train Acc: 56.614 | Time: 142.915 |
[Eval] Epoch: 9 | Teacher Test Loss: 1.866 | Teacher Test Acc: 49.850 | Student Test Loss: 2.145 | Student Test Acc: 43.860 | Teacher Test F1: 0.493 | Student Test F1: 0.432 | Teacher Top 5 Accuracy: 0.805 | Student Top 5 Accuracy: 0.758 | Time: 2.396 | 
Running student landscape probe...
[LR policy] epoch=9 output=residual_log policy_pred=0.258000 predicted_lr=1.223872 cosine_blend=0.750 lr_ema=0.000 cosine_after=0 next_student_lr=0.945558
[Train] Epoch: 10 | Teacher lr=0.9455 | Teacher Loss: 1.846 | Teacher Train Acc: 56.978 | Student lr=0.9456 | Student Train Acc: 57.270 | Time: 137.098 |
[Eval] Epoch: 10 | Teacher Test Loss: 1.737 | Teacher Test Acc: 52.010 | Student Test Loss: 7.360 | Student Test Acc: 8.560 | Teacher Test F1: 0.511 | Student Test F1: 0.059 | Teacher Top 5 Accuracy: 0.819 | Student Top 5 Accuracy: 0.219 | Time: 2.369 | 
Running student landscape probe...
[LR policy] epoch=10 output=residual_log policy_pred=0.267945 predicted_lr=1.219792 cosine_blend=0.750 lr_ema=0.000 cosine_after=0 next_student_lr=0.933080
[Train] Epoch: 11 | Teacher lr=0.9330 | Teacher Loss: 2.006 | Teacher Train Acc: 53.968 | Student lr=0.9331 | Student Train Acc: 57.968 | Time: 139.945 |
[Eval] Epoch: 11 | Teacher Test Loss: 2.039 | Teacher Test Acc: 45.660 | Student Test Loss: 2.967 | Student Test Acc: 30.890 | Teacher Test F1: 0.446 | Student Test F1: 0.301 | Teacher Top 5 Accuracy: 0.775 | Student Top 5 Accuracy: 0.633 | Time: 2.440 | 
Running student landscape probe...
[LR policy] epoch=11 output=residual_log policy_pred=0.269809 predicted_lr=1.204172 cosine_blend=0.750 lr_ema=0.000 cosine_after=0 next_student_lr=0.990605
[Train] Epoch: 12 | Teacher lr=0.9193 | Teacher Loss: 1.803 | Teacher Train Acc: 58.144 | Student lr=0.9906 | Student Train Acc: 57.336 | Time: 138.381 |
[Eval] Epoch: 12 | Teacher Test Loss: 1.830 | Teacher Test Acc: 50.120 | Student Test Loss: 2.567 | Student Test Acc: 38.320 | Teacher Test F1: 0.500 | Student Test F1: 0.368 | Teacher Top 5 Accuracy: 0.809 | Student Top 5 Accuracy: 0.684 | Time: 2.634 | 
Running student landscape probe...
[LR policy] epoch=12 output=residual_log policy_pred=0.276293 predicted_lr=1.192480 cosine_blend=0.750 lr_ema=0.000 cosine_after=0 next_student_lr=0.976573
[Train] Epoch: 13 | Teacher lr=0.9045 | Teacher Loss: 1.729 | Teacher Train Acc: 60.214 | Student lr=0.9766 | Student Train Acc: 58.122 | Time: 140.428 |
[Eval] Epoch: 13 | Teacher Test Loss: 1.621 | Teacher Test Acc: 54.620 | Student Test Loss: 3.810 | Student Test Acc: 18.870 | Teacher Test F1: 0.540 | Student Test F1: 0.183 | Teacher Top 5 Accuracy: 0.843 | Student Top 5 Accuracy: 0.468 | Time: 2.522 | 
Running student landscape probe...
[LR policy] epoch=13 output=residual_log policy_pred=0.274847 predicted_lr=1.169802 cosine_blend=0.750 lr_ema=0.000 cosine_after=0 next_student_lr=0.958964
[Train] Epoch: 14 | Teacher lr=0.8886 | Teacher Loss: 1.706 | Teacher Train Acc: 60.974 | Student lr=0.9590 | Student Train Acc: 58.930 | Time: 139.828 |
[Eval] Epoch: 14 | Teacher Test Loss: 1.627 | Teacher Test Acc: 54.560 | Student Test Loss: 4.652 | Student Test Acc: 19.980 | Teacher Test F1: 0.542 | Student Test F1: 0.205 | Teacher Top 5 Accuracy: 0.843 | Student Top 5 Accuracy: 0.450 | Time: 2.526 | 
Running student landscape probe...
[LR policy] epoch=14 output=residual_log policy_pred=0.268092 predicted_lr=1.139720 cosine_blend=0.750 lr_ema=0.000 cosine_after=0 next_student_lr=0.938706
[Train] Epoch: 15 | Teacher lr=0.8716 | Teacher Loss: 1.687 | Teacher Train Acc: 61.428 | Student lr=0.9387 | Student Train Acc: 59.300 | Time: 140.533 |
[Eval] Epoch: 15 | Teacher Test Loss: 1.767 | Teacher Test Acc: 52.550 | Student Test Loss: 3.938 | Student Test Acc: 25.330 | Teacher Test F1: 0.530 | Student Test F1: 0.247 | Teacher Top 5 Accuracy: 0.824 | Student Top 5 Accuracy: 0.519 | Time: 2.388 | 
Running student landscape probe...
[LR policy] epoch=15 output=residual_log policy_pred=0.257826 predicted_lr=1.104785 cosine_blend=0.750 lr_ema=0.000 cosine_after=0 next_student_lr=0.916471
[Train] Epoch: 16 | Teacher lr=0.8536 | Teacher Loss: 1.657 | Teacher Train Acc: 62.118 | Student lr=0.9165 | Student Train Acc: 59.666 | Time: 143.103 |
[Eval] Epoch: 16 | Teacher Test Loss: 1.698 | Teacher Test Acc: 52.960 | Student Test Loss: 2.039 | Student Test Acc: 45.880 | Teacher Test F1: 0.525 | Student Test F1: 0.448 | Teacher Top 5 Accuracy: 0.831 | Student Top 5 Accuracy: 0.769 | Time: 2.502 | 
Running student landscape probe...
[LR policy] epoch=16 output=residual_log policy_pred=0.270331 predicted_lr=1.093830 cosine_blend=0.750 lr_ema=0.000 cosine_after=0 next_student_lr=0.899505
[Train] Epoch: 17 | Teacher lr=0.8346 | Teacher Loss: 1.786 | Teacher Train Acc: 59.560 | Student lr=0.8995 | Student Train Acc: 60.014 | Time: 143.250 |
[Eval] Epoch: 17 | Teacher Test Loss: 1.992 | Teacher Test Acc: 46.800 | Student Test Loss: 2.586 | Student Test Acc: 36.490 | Teacher Test F1: 0.465 | Student Test F1: 0.365 | Teacher Top 5 Accuracy: 0.784 | Student Top 5 Accuracy: 0.674 | Time: 2.493 | 
Running student landscape probe...
[LR policy] epoch=17 output=residual_log policy_pred=0.279965 predicted_lr=1.078108 cosine_blend=0.750 lr_ema=0.000 cosine_after=0 next_student_lr=0.880661
[Train] Epoch: 18 | Teacher lr=0.8147 | Teacher Loss: 1.636 | Teacher Train Acc: 63.112 | Student lr=0.8807 | Student Train Acc: 60.404 | Time: 142.850 |
[Eval] Epoch: 18 | Teacher Test Loss: 1.661 | Teacher Test Acc: 54.950 | Student Test Loss: 2.776 | Student Test Acc: 33.900 | Teacher Test F1: 0.550 | Student Test F1: 0.340 | Teacher Top 5 Accuracy: 0.837 | Student Top 5 Accuracy: 0.654 | Time: 2.343 | 
Running student landscape probe...
[LR policy] epoch=18 output=residual_log policy_pred=0.276728 predicted_lr=1.047264 cosine_blend=0.750 lr_ema=0.000 cosine_after=0 next_student_lr=0.857390
[Train] Epoch: 19 | Teacher lr=0.7939 | Teacher Loss: 1.577 | Teacher Train Acc: 64.498 | Student lr=0.8574 | Student Train Acc: 60.888 | Time: 142.346 |
[Eval] Epoch: 19 | Teacher Test Loss: 1.738 | Teacher Test Acc: 52.250 | Student Test Loss: 4.076 | Student Test Acc: 25.500 | Teacher Test F1: 0.515 | Student Test F1: 0.235 | Teacher Top 5 Accuracy: 0.827 | Student Top 5 Accuracy: 0.514 | Time: 2.523 | 
Running student landscape probe...
[LR policy] epoch=19 output=residual_log policy_pred=0.266661 predicted_lr=1.008635 cosine_blend=0.750 lr_ema=0.000 cosine_after=0 next_student_lr=0.831569
[Train] Epoch: 20 | Teacher lr=0.7723 | Teacher Loss: 1.555 | Teacher Train Acc: 65.166 | Student lr=0.8316 | Student Train Acc: 61.450 | Time: 143.208 |
[Eval] Epoch: 20 | Teacher Test Loss: 1.619 | Teacher Test Acc: 54.680 | Student Test Loss: 2.618 | Student Test Acc: 36.430 | Teacher Test F1: 0.550 | Student Test F1: 0.362 | Teacher Top 5 Accuracy: 0.844 | Student Top 5 Accuracy: 0.688 | Time: 2.510 | 
Running student landscape probe...
[LR policy] epoch=20 output=residual_log policy_pred=0.271278 predicted_lr=0.984058 cosine_blend=0.750 lr_ema=0.000 cosine_after=0 next_student_lr=0.808702
[Train] Epoch: 21 | Teacher lr=0.7500 | Teacher Loss: 1.535 | Teacher Train Acc: 65.724 | Student lr=0.8087 | Student Train Acc: 61.484 | Time: 142.336 |
[Eval] Epoch: 21 | Teacher Test Loss: 1.427 | Teacher Test Acc: 59.350 | Student Test Loss: 2.652 | Student Test Acc: 37.160 | Teacher Test F1: 0.591 | Student Test F1: 0.376 | Teacher Top 5 Accuracy: 0.874 | Student Top 5 Accuracy: 0.693 | Time: 2.519 | 
Running student landscape probe...
[LR policy] epoch=21 output=residual_log policy_pred=0.280074 predicted_lr=0.962342 cosine_blend=0.750 lr_ema=0.000 cosine_after=0 next_student_lr=0.786037
[Train] Epoch: 22 | Teacher lr=0.7270 | Teacher Loss: 1.512 | Teacher Train Acc: 66.234 | Student lr=0.7860 | Student Train Acc: 62.392 | Time: 143.251 |
[Eval] Epoch: 22 | Teacher Test Loss: 1.905 | Teacher Test Acc: 49.530 | Student Test Loss: 3.504 | Student Test Acc: 31.140 | Teacher Test F1: 0.504 | Student Test F1: 0.318 | Teacher Top 5 Accuracy: 0.796 | Student Top 5 Accuracy: 0.597 | Time: 2.514 | 
Running student landscape probe...
[LR policy] epoch=22 output=residual_log policy_pred=0.271972 predicted_lr=0.923596 cosine_blend=0.750 lr_ema=0.000 cosine_after=0 next_student_lr=0.758648
[Train] Epoch: 23 | Teacher lr=0.7034 | Teacher Loss: 1.491 | Teacher Train Acc: 66.972 | Student lr=0.7586 | Student Train Acc: 62.452 | Time: 137.609 |
[Eval] Epoch: 23 | Teacher Test Loss: 1.474 | Teacher Test Acc: 57.900 | Student Test Loss: 2.782 | Student Test Acc: 36.470 | Teacher Test F1: 0.581 | Student Test F1: 0.354 | Teacher Top 5 Accuracy: 0.866 | Student Top 5 Accuracy: 0.659 | Time: 2.229 | 
Running student landscape probe...
[LR policy] epoch=23 output=residual_log policy_pred=0.272801 predicted_lr=0.892624 cosine_blend=0.750 lr_ema=0.000 cosine_after=0 next_student_lr=0.732785
[Train] Epoch: 24 | Teacher lr=0.6792 | Teacher Loss: 1.462 | Teacher Train Acc: 67.736 | Student lr=0.7328 | Student Train Acc: 62.848 | Time: 142.415 |
[Eval] Epoch: 24 | Teacher Test Loss: 1.486 | Teacher Test Acc: 58.760 | Student Test Loss: 2.011 | Student Test Acc: 48.320 | Teacher Test F1: 0.575 | Student Test F1: 0.468 | Teacher Top 5 Accuracy: 0.861 | Student Top 5 Accuracy: 0.779 | Time: 2.324 | 
Running student landscape probe...
[LR policy] epoch=24 output=residual_log policy_pred=0.274492 predicted_lr=0.861698 cosine_blend=0.750 lr_ema=0.000 cosine_after=0 next_student_lr=0.706565
[Train] Epoch: 25 | Teacher lr=0.6545 | Teacher Loss: 1.442 | Teacher Train Acc: 68.346 | Student lr=0.7066 | Student Train Acc: 63.226 | Time: 140.160 |
[Eval] Epoch: 25 | Teacher Test Loss: 1.456 | Teacher Test Acc: 59.010 | Student Test Loss: 2.701 | Student Test Acc: 34.650 | Teacher Test F1: 0.590 | Student Test F1: 0.349 | Teacher Top 5 Accuracy: 0.872 | Student Top 5 Accuracy: 0.672 | Time: 2.533 | 
Running student landscape probe...
[LR policy] epoch=25 output=residual_log policy_pred=0.281859 predicted_lr=0.834831 cosine_blend=0.750 lr_ema=0.000 cosine_after=0 next_student_lr=0.681043
[Train] Epoch: 26 | Teacher lr=0.6294 | Teacher Loss: 1.422 | Teacher Train Acc: 68.822 | Student lr=0.6810 | Student Train Acc: 63.852 | Time: 135.736 |
[Eval] Epoch: 26 | Teacher Test Loss: 1.403 | Teacher Test Acc: 59.870 | Student Test Loss: 2.661 | Student Test Acc: 38.070 | Teacher Test F1: 0.603 | Student Test F1: 0.383 | Teacher Top 5 Accuracy: 0.880 | Student Top 5 Accuracy: 0.670 | Time: 2.504 | 
Running student landscape probe...
[LR policy] epoch=26 output=residual_log policy_pred=0.281004 predicted_lr=0.800439 cosine_blend=0.750 lr_ema=0.000 cosine_after=0 next_student_lr=0.653374
[Train] Epoch: 27 | Teacher lr=0.6040 | Teacher Loss: 1.401 | Teacher Train Acc: 69.428 | Student lr=0.6534 | Student Train Acc: 64.380 | Time: 139.572 |
[Eval] Epoch: 27 | Teacher Test Loss: 1.404 | Teacher Test Acc: 60.060 | Student Test Loss: 2.406 | Student Test Acc: 39.330 | Teacher Test F1: 0.596 | Student Test F1: 0.379 | Teacher Top 5 Accuracy: 0.876 | Student Top 5 Accuracy: 0.708 | Time: 2.352 | 
Running student landscape probe...
[LR policy] epoch=27 output=residual_log policy_pred=0.283514 predicted_lr=0.768310 cosine_blend=0.750 lr_ema=0.000 cosine_after=0 next_student_lr=0.626057
[Train] Epoch: 28 | Teacher lr=0.5782 | Teacher Loss: 1.366 | Teacher Train Acc: 70.396 | Student lr=0.6261 | Student Train Acc: 64.700 | Time: 142.629 |
[Eval] Epoch: 28 | Teacher Test Loss: 1.306 | Teacher Test Acc: 62.510 | Student Test Loss: 1.775 | Student Test Acc: 51.800 | Teacher Test F1: 0.620 | Student Test F1: 0.510 | Teacher Top 5 Accuracy: 0.889 | Student Top 5 Accuracy: 0.820 | Time: 2.354 | 
Running student landscape probe...
[LR policy] epoch=28 output=residual_log policy_pred=0.280400 predicted_lr=0.731603 cosine_blend=0.750 lr_ema=0.000 cosine_after=0 next_student_lr=0.597435
[Train] Epoch: 29 | Teacher lr=0.5523 | Teacher Loss: 1.348 | Teacher Train Acc: 70.714 | Student lr=0.5974 | Student Train Acc: 65.270 | Time: 136.162 |
[Eval] Epoch: 29 | Teacher Test Loss: 1.310 | Teacher Test Acc: 62.590 | Student Test Loss: 3.054 | Student Test Acc: 30.730 | Teacher Test F1: 0.624 | Student Test F1: 0.296 | Teacher Top 5 Accuracy: 0.888 | Student Top 5 Accuracy: 0.627 | Time: 2.488 | 
Running student landscape probe...
[LR policy] epoch=29 output=residual_log policy_pred=0.285072 predicted_lr=0.700359 cosine_blend=0.750 lr_ema=0.000 cosine_after=0 next_student_lr=0.570071
[Train] Epoch: 30 | Teacher lr=0.5262 | Teacher Loss: 1.316 | Teacher Train Acc: 71.894 | Student lr=0.5701 | Student Train Acc: 65.542 | Time: 141.278 |
[Eval] Epoch: 30 | Teacher Test Loss: 1.308 | Teacher Test Acc: 62.480 | Student Test Loss: 2.131 | Student Test Acc: 44.830 | Teacher Test F1: 0.620 | Student Test F1: 0.440 | Teacher Top 5 Accuracy: 0.894 | Student Top 5 Accuracy: 0.765 | Time: 2.320 | 
Running student landscape probe...
[LR policy] epoch=30 output=residual_log policy_pred=0.281082 predicted_lr=0.662943 cosine_blend=0.750 lr_ema=0.000 cosine_after=0 next_student_lr=0.541111
[Train] Epoch: 31 | Teacher lr=0.5000 | Teacher Loss: 1.295 | Teacher Train Acc: 72.380 | Student lr=0.5411 | Student Train Acc: 66.024 | Time: 142.760 |
[Eval] Epoch: 31 | Teacher Test Loss: 1.306 | Teacher Test Acc: 62.210 | Student Test Loss: 2.179 | Student Test Acc: 44.660 | Teacher Test F1: 0.625 | Student Test F1: 0.446 | Teacher Top 5 Accuracy: 0.893 | Student Top 5 Accuracy: 0.760 | Time: 2.614 | 
Running student landscape probe...
[LR policy] epoch=31 output=residual_log policy_pred=0.278482 predicted_lr=0.626686 cosine_blend=0.750 lr_ema=0.000 cosine_after=0 next_student_lr=0.512440
[Train] Epoch: 32 | Teacher lr=0.4738 | Teacher Loss: 1.267 | Teacher Train Acc: 73.118 | Student lr=0.5124 | Student Train Acc: 66.946 | Time: 136.680 |
[Eval] Epoch: 32 | Teacher Test Loss: 1.255 | Teacher Test Acc: 64.140 | Student Test Loss: 2.705 | Student Test Acc: 34.540 | Teacher Test F1: 0.642 | Student Test F1: 0.342 | Teacher Top 5 Accuracy: 0.894 | Student Top 5 Accuracy: 0.669 | Time: 2.604 | 
Running student landscape probe...
[LR policy] epoch=32 output=residual_log policy_pred=0.282095 predicted_lr=0.594387 cosine_blend=0.750 lr_ema=0.000 cosine_after=0 next_student_lr=0.484813
[Train] Epoch: 33 | Teacher lr=0.4477 | Teacher Loss: 1.241 | Teacher Train Acc: 73.858 | Student lr=0.4848 | Student Train Acc: 67.186 | Time: 142.657 |
[Eval] Epoch: 33 | Teacher Test Loss: 1.264 | Teacher Test Acc: 63.940 | Student Test Loss: 1.869 | Student Test Acc: 50.470 | Teacher Test F1: 0.637 | Student Test F1: 0.508 | Teacher Top 5 Accuracy: 0.895 | Student Top 5 Accuracy: 0.803 | Time: 2.487 | 
Running student landscape probe...
[LR policy] epoch=33 output=residual_log policy_pred=0.285624 predicted_lr=0.561990 cosine_blend=0.750 lr_ema=0.000 cosine_after=0 next_student_lr=0.457268
[Train] Epoch: 34 | Teacher lr=0.4218 | Teacher Loss: 1.210 | Teacher Train Acc: 74.726 | Student lr=0.4573 | Student Train Acc: 67.922 | Time: 136.619 |
[Eval] Epoch: 34 | Teacher Test Loss: 1.264 | Teacher Test Acc: 63.100 | Student Test Loss: 1.599 | Student Test Acc: 55.540 | Teacher Test F1: 0.626 | Student Test F1: 0.561 | Teacher Top 5 Accuracy: 0.893 | Student Top 5 Accuracy: 0.846 | Time: 2.545 | 
Running student landscape probe...
[LR policy] epoch=34 output=residual_log policy_pred=0.284973 predicted_lr=0.527433 cosine_blend=0.750 lr_ema=0.000 cosine_after=0 next_student_lr=0.429344
[Train] Epoch: 35 | Teacher lr=0.3960 | Teacher Loss: 1.181 | Teacher Train Acc: 75.746 | Student lr=0.4293 | Student Train Acc: 68.320 | Time: 143.174 |
[Eval] Epoch: 35 | Teacher Test Loss: 1.259 | Teacher Test Acc: 64.110 | Student Test Loss: 2.259 | Student Test Acc: 44.560 | Teacher Test F1: 0.642 | Student Test F1: 0.450 | Teacher Top 5 Accuracy: 0.896 | Student Top 5 Accuracy: 0.752 | Time: 2.521 | 
Running student landscape probe...
[LR policy] epoch=35 output=residual_log policy_pred=0.284562 predicted_lr=0.493418 cosine_blend=0.750 lr_ema=0.000 cosine_after=0 next_student_lr=0.401769
[Train] Epoch: 36 | Teacher lr=0.3706 | Teacher Loss: 1.148 | Teacher Train Acc: 76.582 | Student lr=0.4018 | Student Train Acc: 68.940 | Time: 136.009 |
[Eval] Epoch: 36 | Teacher Test Loss: 1.185 | Teacher Test Acc: 66.050 | Student Test Loss: 1.884 | Student Test Acc: 49.760 | Teacher Test F1: 0.661 | Student Test F1: 0.499 | Teacher Top 5 Accuracy: 0.903 | Student Top 5 Accuracy: 0.808 | Time: 2.508 | 
Running student landscape probe...
[LR policy] epoch=36 output=residual_log policy_pred=0.283811 predicted_lr=0.459745 cosine_blend=0.750 lr_ema=0.000 cosine_after=0 next_student_lr=0.374546
[Train] Epoch: 37 | Teacher lr=0.3455 | Teacher Loss: 1.117 | Teacher Train Acc: 77.420 | Student lr=0.3745 | Student Train Acc: 69.738 | Time: 137.774 |
[Eval] Epoch: 37 | Teacher Test Loss: 1.169 | Teacher Test Acc: 66.120 | Student Test Loss: 1.897 | Student Test Acc: 50.760 | Teacher Test F1: 0.662 | Student Test F1: 0.506 | Teacher Top 5 Accuracy: 0.909 | Student Top 5 Accuracy: 0.803 | Time: 2.523 | 
Running student landscape probe...
[LR policy] epoch=37 output=residual_log policy_pred=0.281907 predicted_lr=0.426192 cosine_blend=0.750 lr_ema=0.000 cosine_after=0 next_student_lr=0.347669
[Train] Epoch: 38 | Teacher lr=0.3208 | Teacher Loss: 1.090 | Teacher Train Acc: 78.306 | Student lr=0.3477 | Student Train Acc: 70.134 | Time: 138.315 |
[Eval] Epoch: 38 | Teacher Test Loss: 1.140 | Teacher Test Acc: 66.660 | Student Test Loss: 1.589 | Student Test Acc: 56.240 | Teacher Test F1: 0.666 | Student Test F1: 0.560 | Teacher Top 5 Accuracy: 0.913 | Student Top 5 Accuracy: 0.847 | Time: 2.539 | 
Running student landscape probe...
[LR policy] epoch=38 output=residual_log policy_pred=0.279429 predicted_lr=0.393188 cosine_blend=0.750 lr_ema=0.000 cosine_after=0 next_student_lr=0.321298
[Train] Epoch: 39 | Teacher lr=0.2966 | Teacher Loss: 1.059 | Teacher Train Acc: 79.390 | Student lr=0.3213 | Student Train Acc: 70.876 | Time: 142.843 |
[Eval] Epoch: 39 | Teacher Test Loss: 1.152 | Teacher Test Acc: 66.860 | Student Test Loss: 1.819 | Student Test Acc: 52.690 | Teacher Test F1: 0.668 | Student Test F1: 0.530 | Teacher Top 5 Accuracy: 0.911 | Student Top 5 Accuracy: 0.813 | Time: 2.481 | 
Running student landscape probe...
[LR policy] epoch=39 output=residual_log policy_pred=0.281307 predicted_lr=0.362656 cosine_blend=0.750 lr_ema=0.000 cosine_after=0 next_student_lr=0.295963
[Train] Epoch: 40 | Teacher lr=0.2730 | Teacher Loss: 1.023 | Teacher Train Acc: 80.216 | Student lr=0.2960 | Student Train Acc: 71.400 | Time: 142.796 |
[Eval] Epoch: 40 | Teacher Test Loss: 1.109 | Teacher Test Acc: 67.860 | Student Test Loss: 1.892 | Student Test Acc: 50.540 | Teacher Test F1: 0.678 | Student Test F1: 0.508 | Teacher Top 5 Accuracy: 0.917 | Student Top 5 Accuracy: 0.809 | Time: 2.506 | 
Running student landscape probe...
[LR policy] epoch=40 output=residual_log policy_pred=0.285484 predicted_lr=0.333599 cosine_blend=0.750 lr_ema=0.000 cosine_after=0 next_student_lr=0.271462
[Train] Epoch: 41 | Teacher lr=0.2500 | Teacher Loss: 0.980 | Teacher Train Acc: 81.570 | Student lr=0.2715 | Student Train Acc: 72.216 | Time: 139.920 |
[Eval] Epoch: 41 | Teacher Test Loss: 1.114 | Teacher Test Acc: 67.340 | Student Test Loss: 1.850 | Student Test Acc: 51.110 | Teacher Test F1: 0.675 | Student Test F1: 0.505 | Teacher Top 5 Accuracy: 0.917 | Student Top 5 Accuracy: 0.815 | Time: 2.518 | 
Running student landscape probe...
[LR policy] epoch=41 output=residual_log policy_pred=0.278706 predicted_lr=0.301882 cosine_blend=0.750 lr_ema=0.000 cosine_after=0 next_student_lr=0.246810
[Train] Epoch: 42 | Teacher lr=0.2277 | Teacher Loss: 0.952 | Teacher Train Acc: 82.354 | Student lr=0.2468 | Student Train Acc: 73.180 | Time: 143.443 |
[Eval] Epoch: 42 | Teacher Test Loss: 1.069 | Teacher Test Acc: 69.110 | Student Test Loss: 2.117 | Student Test Acc: 46.880 | Teacher Test F1: 0.690 | Student Test F1: 0.467 | Teacher Top 5 Accuracy: 0.918 | Student Top 5 Accuracy: 0.774 | Time: 2.503 | 
Running student landscape probe...
[LR policy] epoch=42 output=residual_log policy_pred=0.285163 predicted_lr=0.275174 cosine_blend=0.750 lr_ema=0.000 cosine_after=0 next_student_lr=0.223969
[Train] Epoch: 43 | Teacher lr=0.2061 | Teacher Loss: 0.911 | Teacher Train Acc: 83.638 | Student lr=0.2240 | Student Train Acc: 73.816 | Time: 137.768 |
[Eval] Epoch: 43 | Teacher Test Loss: 0.996 | Teacher Test Acc: 70.880 | Student Test Loss: 1.628 | Student Test Acc: 56.880 | Teacher Test F1: 0.707 | Student Test F1: 0.573 | Teacher Top 5 Accuracy: 0.926 | Student Top 5 Accuracy: 0.839 | Time: 2.530 | 
Running student landscape probe...
[LR policy] epoch=43 output=residual_log policy_pred=0.285863 predicted_lr=0.247755 cosine_blend=0.750 lr_ema=0.000 cosine_after=0 next_student_lr=0.201555
[Train] Epoch: 44 | Teacher lr=0.1853 | Teacher Loss: 0.875 | Teacher Train Acc: 84.914 | Student lr=0.2016 | Student Train Acc: 74.434 | Time: 141.503 |
[Eval] Epoch: 44 | Teacher Test Loss: 1.009 | Teacher Test Acc: 70.650 | Student Test Loss: 1.616 | Student Test Acc: 56.410 | Teacher Test F1: 0.707 | Student Test F1: 0.569 | Teacher Top 5 Accuracy: 0.928 | Student Top 5 Accuracy: 0.843 | Time: 2.116 | 
Running student landscape probe...
[LR policy] epoch=44 output=residual_log policy_pred=0.292421 predicted_lr=0.222745 cosine_blend=0.750 lr_ema=0.000 cosine_after=0 next_student_lr=0.180388
[Train] Epoch: 45 | Teacher lr=0.1654 | Teacher Loss: 0.836 | Teacher Train Acc: 86.156 | Student lr=0.1804 | Student Train Acc: 75.488 | Time: 142.441 |
[Eval] Epoch: 45 | Teacher Test Loss: 0.989 | Teacher Test Acc: 71.230 | Student Test Loss: 1.619 | Student Test Acc: 56.680 | Teacher Test F1: 0.713 | Student Test F1: 0.568 | Teacher Top 5 Accuracy: 0.928 | Student Top 5 Accuracy: 0.844 | Time: 2.361 | 
Running student landscape probe...
[LR policy] epoch=45 output=residual_log policy_pred=0.288342 predicted_lr=0.196530 cosine_blend=0.750 lr_ema=0.000 cosine_after=0 next_student_lr=0.159608
[Train] Epoch: 46 | Teacher lr=0.1464 | Teacher Loss: 0.796 | Teacher Train Acc: 87.234 | Student lr=0.1596 | Student Train Acc: 76.470 | Time: 142.225 |
[Eval] Epoch: 46 | Teacher Test Loss: 0.962 | Teacher Test Acc: 71.830 | Student Test Loss: 1.738 | Student Test Acc: 54.950 | Teacher Test F1: 0.716 | Student Test F1: 0.553 | Teacher Top 5 Accuracy: 0.933 | Student Top 5 Accuracy: 0.832 | Time: 2.330 | 
Running student landscape probe...
[LR policy] epoch=46 output=residual_log policy_pred=0.291234 predicted_lr=0.173012 cosine_blend=0.750 lr_ema=0.000 cosine_after=0 next_student_lr=0.140227
[Train] Epoch: 47 | Teacher lr=0.1284 | Teacher Loss: 0.755 | Teacher Train Acc: 88.576 | Student lr=0.1402 | Student Train Acc: 77.306 | Time: 141.483 |
[Eval] Epoch: 47 | Teacher Test Loss: 0.917 | Teacher Test Acc: 72.850 | Student Test Loss: 1.409 | Student Test Acc: 61.750 | Teacher Test F1: 0.729 | Student Test F1: 0.615 | Teacher Top 5 Accuracy: 0.938 | Student Top 5 Accuracy: 0.874 | Time: 2.349 | 
Running student landscape probe...
[LR policy] epoch=47 output=residual_log policy_pred=0.287940 predicted_lr=0.149793 cosine_blend=0.750 lr_ema=0.000 cosine_after=0 next_student_lr=0.121685
[Train] Epoch: 48 | Teacher lr=0.1114 | Teacher Loss: 0.712 | Teacher Train Acc: 89.898 | Student lr=0.1217 | Student Train Acc: 78.478 | Time: 140.917 |
[Eval] Epoch: 48 | Teacher Test Loss: 0.931 | Teacher Test Acc: 72.740 | Student Test Loss: 1.475 | Student Test Acc: 61.100 | Teacher Test F1: 0.729 | Student Test F1: 0.612 | Teacher Top 5 Accuracy: 0.935 | Student Top 5 Accuracy: 0.877 | Time: 2.424 | 
Running student landscape probe...
[LR policy] epoch=48 output=residual_log policy_pred=0.288460 predicted_lr=0.128628 cosine_blend=0.750 lr_ema=0.000 cosine_after=0 next_student_lr=0.104454
[Train] Epoch: 49 | Teacher lr=0.0955 | Teacher Loss: 0.671 | Teacher Train Acc: 91.042 | Student lr=0.1045 | Student Train Acc: 79.326 | Time: 143.061 |
[Eval] Epoch: 49 | Teacher Test Loss: 0.896 | Teacher Test Acc: 73.710 | Student Test Loss: 1.434 | Student Test Acc: 61.230 | Teacher Test F1: 0.737 | Student Test F1: 0.616 | Teacher Top 5 Accuracy: 0.939 | Student Top 5 Accuracy: 0.876 | Time: 2.514 | 
Running student landscape probe...
[LR policy] epoch=49 output=residual_log policy_pred=0.285368 predicted_lr=0.108527 cosine_blend=0.750 lr_ema=0.000 cosine_after=0 next_student_lr=0.088320
[Train] Epoch: 50 | Teacher lr=0.0807 | Teacher Loss: 0.633 | Teacher Train Acc: 92.372 | Student lr=0.0883 | Student Train Acc: 80.186 | Time: 135.979 |
[Eval] Epoch: 50 | Teacher Test Loss: 0.870 | Teacher Test Acc: 74.320 | Student Test Loss: 1.302 | Student Test Acc: 65.060 | Teacher Test F1: 0.743 | Student Test F1: 0.652 | Teacher Top 5 Accuracy: 0.941 | Student Top 5 Accuracy: 0.895 | Time: 2.504 | 
Running student landscape probe...
[LR policy] epoch=50 output=residual_log policy_pred=0.284905 predicted_lr=0.090309 cosine_blend=0.750 lr_ema=0.000 cosine_after=0 next_student_lr=0.073518
[Train] Epoch: 51 | Teacher lr=0.0670 | Teacher Loss: 0.593 | Teacher Train Acc: 93.448 | Student lr=0.0735 | Student Train Acc: 81.542 | Time: 142.967 |
[Eval] Epoch: 51 | Teacher Test Loss: 0.866 | Teacher Test Acc: 74.720 | Student Test Loss: 1.289 | Student Test Acc: 64.740 | Teacher Test F1: 0.748 | Student Test F1: 0.647 | Teacher Top 5 Accuracy: 0.942 | Student Top 5 Accuracy: 0.895 | Time: 2.539 | 
Running student landscape probe...
[LR policy] epoch=51 output=residual_log policy_pred=0.284345 predicted_lr=0.073677 cosine_blend=0.750 lr_ema=0.000 cosine_after=0 next_student_lr=0.060001
[Train] Epoch: 52 | Teacher lr=0.0545 | Teacher Loss: 0.556 | Teacher Train Acc: 94.274 | Student lr=0.0600 | Student Train Acc: 82.688 | Time: 143.176 |
[Eval] Epoch: 52 | Teacher Test Loss: 0.853 | Teacher Test Acc: 75.170 | Student Test Loss: 1.287 | Student Test Acc: 65.570 | Teacher Test F1: 0.752 | Student Test F1: 0.656 | Teacher Top 5 Accuracy: 0.944 | Student Top 5 Accuracy: 0.896 | Time: 2.542 | 
Running student landscape probe...
[LR policy] epoch=52 output=residual_log policy_pred=0.285641 predicted_lr=0.058792 cosine_blend=0.750 lr_ema=0.000 cosine_after=0 next_student_lr=0.047836
[Train] Epoch: 53 | Teacher lr=0.0432 | Teacher Loss: 0.519 | Teacher Train Acc: 95.270 | Student lr=0.0478 | Student Train Acc: 84.140 | Time: 142.568 |
[Eval] Epoch: 53 | Teacher Test Loss: 0.846 | Teacher Test Acc: 75.170 | Student Test Loss: 1.228 | Student Test Acc: 66.800 | Teacher Test F1: 0.752 | Student Test F1: 0.667 | Teacher Top 5 Accuracy: 0.945 | Student Top 5 Accuracy: 0.903 | Time: 2.480 | 
Running student landscape probe...
[LR policy] epoch=53 output=residual_log policy_pred=0.287629 predicted_lr=0.045566 cosine_blend=0.750 lr_ema=0.000 cosine_after=0 next_student_lr=0.037024
[Train] Epoch: 54 | Teacher lr=0.0332 | Teacher Loss: 0.489 | Teacher Train Acc: 95.798 | Student lr=0.0370 | Student Train Acc: 85.096 | Time: 141.082 |
[Eval] Epoch: 54 | Teacher Test Loss: 0.844 | Teacher Test Acc: 75.370 | Student Test Loss: 1.263 | Student Test Acc: 66.490 | Teacher Test F1: 0.754 | Student Test F1: 0.666 | Teacher Top 5 Accuracy: 0.945 | Student Top 5 Accuracy: 0.904 | Time: 2.339 | 
Running student landscape probe...
[LR policy] epoch=54 output=residual_log policy_pred=0.288754 predicted_lr=0.033966 cosine_blend=0.750 lr_ema=0.000 cosine_after=0 next_student_lr=0.027577
[Train] Epoch: 55 | Teacher lr=0.0245 | Teacher Loss: 0.456 | Teacher Train Acc: 96.514 | Student lr=0.0276 | Student Train Acc: 86.444 | Time: 135.688 |
[Eval] Epoch: 55 | Teacher Test Loss: 0.841 | Teacher Test Acc: 75.340 | Student Test Loss: 1.194 | Student Test Acc: 67.660 | Teacher Test F1: 0.754 | Student Test F1: 0.675 | Teacher Top 5 Accuracy: 0.944 | Student Top 5 Accuracy: 0.910 | Time: 2.495 | 
Running student landscape probe...
[LR policy] epoch=55 output=residual_log policy_pred=0.290287 predicted_lr=0.024089 cosine_blend=0.750 lr_ema=0.000 cosine_after=0 next_student_lr=0.019537
[Train] Epoch: 56 | Teacher lr=0.0170 | Teacher Loss: 0.431 | Teacher Train Acc: 97.008 | Student lr=0.0195 | Student Train Acc: 87.656 | Time: 143.004 |
[Eval] Epoch: 56 | Teacher Test Loss: 0.836 | Teacher Test Acc: 75.600 | Student Test Loss: 1.181 | Student Test Acc: 68.850 | Teacher Test F1: 0.756 | Student Test F1: 0.689 | Teacher Top 5 Accuracy: 0.945 | Student Top 5 Accuracy: 0.912 | Time: 2.523 | 
Running student landscape probe...
[LR policy] epoch=56 output=residual_log policy_pred=0.293459 predicted_lr=0.015979 cosine_blend=0.750 lr_ema=0.000 cosine_after=0 next_student_lr=0.012931
[Train] Epoch: 57 | Teacher lr=0.0109 | Teacher Loss: 0.405 | Teacher Train Acc: 97.312 | Student lr=0.0129 | Student Train Acc: 88.562 | Time: 142.896 |
[Eval] Epoch: 57 | Teacher Test Loss: 0.840 | Teacher Test Acc: 75.430 | Student Test Loss: 1.180 | Student Test Acc: 69.010 | Teacher Test F1: 0.754 | Student Test F1: 0.690 | Teacher Top 5 Accuracy: 0.945 | Student Top 5 Accuracy: 0.912 | Time: 2.501 | 
Running student landscape probe...
[LR policy] epoch=57 output=residual_log policy_pred=0.296983 predicted_lr=0.009622 cosine_blend=0.750 lr_ema=0.000 cosine_after=0 next_student_lr=0.007768
[Train] Epoch: 58 | Teacher lr=0.0062 | Teacher Loss: 0.390 | Teacher Train Acc: 97.588 | Student lr=0.0078 | Student Train Acc: 89.400 | Time: 140.388 |
[Eval] Epoch: 58 | Teacher Test Loss: 0.833 | Teacher Test Acc: 75.650 | Student Test Loss: 1.145 | Student Test Acc: 69.600 | Teacher Test F1: 0.757 | Student Test F1: 0.696 | Teacher Top 5 Accuracy: 0.945 | Student Top 5 Accuracy: 0.914 | Time: 2.182 | 
Running student landscape probe...
[LR policy] epoch=58 output=residual_log policy_pred=0.294201 predicted_lr=0.005014 cosine_blend=0.750 lr_ema=0.000 cosine_after=0 next_student_lr=0.004056
[Train] Epoch: 59 | Teacher lr=0.0027 | Teacher Loss: 0.378 | Teacher Train Acc: 97.626 | Student lr=0.0041 | Student Train Acc: 90.052 | Time: 140.018 |
[Eval] Epoch: 59 | Teacher Test Loss: 0.832 | Teacher Test Acc: 75.720 | Student Test Loss: 1.136 | Student Test Acc: 69.890 | Teacher Test F1: 0.757 | Student Test F1: 0.699 | Teacher Top 5 Accuracy: 0.945 | Student Top 5 Accuracy: 0.917 | Time: 2.514 | 
Running student landscape probe...
[LR policy] epoch=59 output=residual_log policy_pred=0.295744 predicted_lr=0.002264 cosine_blend=0.750 lr_ema=0.000 cosine_after=0 next_student_lr=0.001829
[Train] Epoch: 60 | Teacher lr=0.0007 | Teacher Loss: 0.371 | Teacher Train Acc: 97.782 | Student lr=0.0018 | Student Train Acc: 90.376 | Time: 135.988 |
[Eval] Epoch: 60 | Teacher Test Loss: 0.833 | Teacher Test Acc: 75.770 | Student Test Loss: 1.138 | Student Test Acc: 69.770 | Teacher Test F1: 0.758 | Student Test F1: 0.698 | Teacher Top 5 Accuracy: 0.945 | Student Top 5 Accuracy: 0.916 | Time: 2.476 | 
Running student landscape probe...
[LR policy] epoch=60 output=residual_log policy_pred=0.294386 predicted_lr=0.001342 cosine_blend=0.750 lr_ema=0.000 cosine_after=0 next_student_lr=0.001086
ckpt location: ckpt/robust12h_mlspace/O1_patchtst_single_seed0_blend075_seed2_60ep.pt
