depth_list: [110, 20]
[LR policy] loaded checkpoint=checkpoints/policies_beatcos/patchtst_seed0/policy.pt,checkpoints/policies_beatcos/patchtst_seed2/policy.pt,checkpoints/policies_beatcos/patchtst_seed5/policy.pt,checkpoints/policies_beatcos/patchtst_seed7/policy.pt,checkpoints/policies_beatcos/patchtst_seed4/policy.pt model_type=patchtst input_dim=230 n_models=5
Dataset information: cifar100	 50000 images for training 	 10000 images for testing	
teacher depth: 110
student depth: 20
Total number of teacher parameters: 1,169,972
Total number of student parameters: 278,132
Snapshots will be saved to: snapshots/robust12h_mlspace/O2_patchtst_top5_blend075_seed7_60ep
==== train and evaluate unequal restart ====
[Eval] Epoch: 0 | Teacher Test Loss: 3571.086 | Teacher Test Acc: 1.000 | Student Test Loss: 6.274 | Student Test Acc: 1.210 | Teacher Test F1: 0.000 | Student Test F1: 0.001 | Teacher Top 5 Accuracy: 0.050 | Student Top 5 Accuracy: 0.049 | Time: 2.849 | 
Running student landscape probe...
[Train] Epoch: 1 | Teacher lr=1.0000 | Teacher Loss: 4.006 | Teacher Train Acc: 9.876 | Student lr=0.0100 | Student Train Acc: 7.518 | Time: 142.581 |
[Eval] Epoch: 1 | Teacher Test Loss: 3.562 | Teacher Test Acc: 14.360 | Student Test Loss: 3.812 | Student Test Acc: 10.890 | Teacher Test F1: 0.109 | Student Test F1: 0.071 | Teacher Top 5 Accuracy: 0.410 | Student Top 5 Accuracy: 0.323 | Time: 2.438 | 
Running student landscape probe...
[LR policy] epoch=1 output=residual_log policy_pred=-0.267324 predicted_lr=0.764901 cosine_blend=0.750 lr_ema=0.000 cosine_after=0 next_student_lr=0.999315
[Train] Epoch: 2 | Teacher lr=0.9993 | Teacher Loss: 3.376 | Teacher Train Acc: 21.830 | Student lr=0.9993 | Student Train Acc: 17.492 | Time: 142.837 |
[Eval] Epoch: 2 | Teacher Test Loss: 3.264 | Teacher Test Acc: 21.270 | Student Test Loss: 3.077 | Student Test Acc: 24.420 | Teacher Test F1: 0.181 | Student Test F1: 0.226 | Teacher Top 5 Accuracy: 0.513 | Student Top 5 Accuracy: 0.553 | Time: 2.414 | 
Running student landscape probe...
[LR policy] epoch=2 output=residual_log policy_pred=-0.227514 predicted_lr=0.794332 cosine_blend=0.750 lr_ema=0.000 cosine_after=0 next_student_lr=0.997264
[Train] Epoch: 3 | Teacher lr=0.9973 | Teacher Loss: 2.875 | Teacher Train Acc: 31.544 | Student lr=0.9973 | Student Train Acc: 38.094 | Time: 140.793 |
[Eval] Epoch: 3 | Teacher Test Loss: 3.096 | Teacher Test Acc: 25.740 | Student Test Loss: 2.775 | Student Test Acc: 30.580 | Teacher Test F1: 0.244 | Student Test F1: 0.297 | Teacher Top 5 Accuracy: 0.584 | Student Top 5 Accuracy: 0.628 | Time: 2.148 | 
Running student landscape probe...
[LR policy] epoch=3 output=residual_log policy_pred=-0.265426 predicted_lr=0.762163 cosine_blend=0.750 lr_ema=0.000 cosine_after=0 next_student_lr=0.993850
[Train] Epoch: 4 | Teacher lr=0.9938 | Teacher Loss: 2.464 | Teacher Train Acc: 40.970 | Student lr=0.9939 | Student Train Acc: 45.656 | Time: 142.834 |
[Eval] Epoch: 4 | Teacher Test Loss: 2.456 | Teacher Test Acc: 35.590 | Student Test Loss: 2.777 | Student Test Acc: 31.720 | Teacher Test F1: 0.343 | Student Test F1: 0.308 | Teacher Top 5 Accuracy: 0.694 | Student Top 5 Accuracy: 0.646 | Time: 2.214 | 
Running student landscape probe...
[LR policy] epoch=4 output=residual_log policy_pred=-0.230834 predicted_lr=0.785206 cosine_blend=0.750 lr_ema=0.000 cosine_after=0 next_student_lr=0.989085
[Train] Epoch: 5 | Teacher lr=0.9891 | Teacher Loss: 2.295 | Teacher Train Acc: 45.002 | Student lr=0.9891 | Student Train Acc: 49.786 | Time: 143.883 |
[Eval] Epoch: 5 | Teacher Test Loss: 4.404 | Teacher Test Acc: 13.730 | Student Test Loss: 2.797 | Student Test Acc: 29.490 | Teacher Test F1: 0.122 | Student Test F1: 0.290 | Teacher Top 5 Accuracy: 0.354 | Student Top 5 Accuracy: 0.615 | Time: 2.189 | 
Running student landscape probe...
[LR policy] epoch=5 output=residual_log policy_pred=-0.256963 predicted_lr=0.760233 cosine_blend=0.750 lr_ema=0.000 cosine_after=0 next_student_lr=0.982980
[Train] Epoch: 6 | Teacher lr=0.9830 | Teacher Loss: 2.358 | Teacher Train Acc: 44.498 | Student lr=0.9830 | Student Train Acc: 52.612 | Time: 139.508 |
[Eval] Epoch: 6 | Teacher Test Loss: 2.352 | Teacher Test Acc: 38.420 | Student Test Loss: 2.257 | Student Test Acc: 40.430 | Teacher Test F1: 0.384 | Student Test F1: 0.386 | Teacher Top 5 Accuracy: 0.722 | Student Top 5 Accuracy: 0.736 | Time: 2.449 | 
Running student landscape probe...
[LR policy] epoch=6 output=residual_log policy_pred=-0.221147 predicted_lr=0.782002 cosine_blend=0.750 lr_ema=0.000 cosine_after=0 next_student_lr=0.975553
[Train] Epoch: 7 | Teacher lr=0.9755 | Teacher Loss: 2.077 | Teacher Train Acc: 50.908 | Student lr=0.9756 | Student Train Acc: 53.932 | Time: 139.778 |
[Eval] Epoch: 7 | Teacher Test Loss: 2.036 | Teacher Test Acc: 45.090 | Student Test Loss: 2.512 | Student Test Acc: 36.230 | Teacher Test F1: 0.448 | Student Test F1: 0.352 | Teacher Top 5 Accuracy: 0.775 | Student Top 5 Accuracy: 0.684 | Time: 2.420 | 
Running student landscape probe...
[LR policy] epoch=7 output=residual_log policy_pred=-0.261050 predicted_lr=0.744688 cosine_blend=0.750 lr_ema=0.000 cosine_after=0 next_student_lr=0.966823
[Train] Epoch: 8 | Teacher lr=0.9668 | Teacher Loss: 1.993 | Teacher Train Acc: 53.264 | Student lr=0.9668 | Student Train Acc: 55.244 | Time: 138.540 |
[Eval] Epoch: 8 | Teacher Test Loss: 2.147 | Teacher Test Acc: 43.130 | Student Test Loss: 2.370 | Student Test Acc: 38.630 | Teacher Test F1: 0.425 | Student Test F1: 0.372 | Teacher Top 5 Accuracy: 0.752 | Student Top 5 Accuracy: 0.715 | Time: 2.490 | 
Running student landscape probe...
[LR policy] epoch=8 output=residual_log policy_pred=-0.230261 predicted_lr=0.760024 cosine_blend=0.750 lr_ema=0.000 cosine_after=0 next_student_lr=0.956816
[Train] Epoch: 9 | Teacher lr=0.9568 | Teacher Loss: 1.955 | Teacher Train Acc: 54.130 | Student lr=0.9568 | Student Train Acc: 56.390 | Time: 142.943 |
[Eval] Epoch: 9 | Teacher Test Loss: 1.855 | Teacher Test Acc: 49.760 | Student Test Loss: 2.845 | Student Test Acc: 33.010 | Teacher Test F1: 0.490 | Student Test F1: 0.323 | Teacher Top 5 Accuracy: 0.799 | Student Top 5 Accuracy: 0.657 | Time: 2.345 | 
Running student landscape probe...
[LR policy] epoch=9 output=residual_log policy_pred=-0.260905 predicted_lr=0.728414 cosine_blend=0.750 lr_ema=0.000 cosine_after=0 next_student_lr=0.945558
[Train] Epoch: 10 | Teacher lr=0.9455 | Teacher Loss: 1.862 | Teacher Train Acc: 56.616 | Student lr=0.9456 | Student Train Acc: 57.250 | Time: 140.014 |
[Eval] Epoch: 10 | Teacher Test Loss: 2.113 | Teacher Test Acc: 43.750 | Student Test Loss: 2.187 | Student Test Acc: 42.630 | Teacher Test F1: 0.437 | Student Test F1: 0.426 | Teacher Top 5 Accuracy: 0.758 | Student Top 5 Accuracy: 0.755 | Time: 2.374 | 
Running student landscape probe...
[LR policy] epoch=10 output=residual_log policy_pred=-0.257825 predicted_lr=0.721019 cosine_blend=0.750 lr_ema=0.000 cosine_after=0 next_student_lr=0.933080
[Train] Epoch: 11 | Teacher lr=0.9330 | Teacher Loss: 1.812 | Teacher Train Acc: 57.870 | Student lr=0.9331 | Student Train Acc: 57.758 | Time: 140.464 |
[Eval] Epoch: 11 | Teacher Test Loss: 1.938 | Teacher Test Acc: 47.200 | Student Test Loss: 2.754 | Student Test Acc: 33.780 | Teacher Test F1: 0.473 | Student Test F1: 0.344 | Teacher Top 5 Accuracy: 0.790 | Student Top 5 Accuracy: 0.653 | Time: 2.565 | 
Running student landscape probe...
[LR policy] epoch=11 output=residual_log policy_pred=-0.260560 predicted_lr=0.708520 cosine_blend=0.750 lr_ema=0.000 cosine_after=0 next_student_lr=0.866692
[Train] Epoch: 12 | Teacher lr=0.9193 | Teacher Loss: 4.109 | Teacher Train Acc: 19.548 | Student lr=0.8667 | Student Train Acc: 58.540 | Time: 140.664 |
[Eval] Epoch: 12 | Teacher Test Loss: 4.166 | Teacher Test Acc: 6.160 | Student Test Loss: 3.934 | Student Test Acc: 13.560 | Teacher Test F1: 0.032 | Student Test F1: 0.116 | Teacher Top 5 Accuracy: 0.217 | Student Top 5 Accuracy: 0.348 | Time: 2.300 | 
Running student landscape probe...
[LR policy] epoch=12 output=residual_log policy_pred=-0.243696 predicted_lr=0.708962 cosine_blend=0.750 lr_ema=0.000 cosine_after=0 next_student_lr=0.855693
[Train] Epoch: 13 | Teacher lr=0.9045 | Teacher Loss: 4.519 | Teacher Train Acc: 9.222 | Student lr=0.8557 | Student Train Acc: 57.370 | Time: 139.385 |
[Eval] Epoch: 13 | Teacher Test Loss: 3.757 | Teacher Test Acc: 11.860 | Student Test Loss: 2.522 | Student Test Acc: 36.690 | Teacher Test F1: 0.088 | Student Test F1: 0.360 | Teacher Top 5 Accuracy: 0.352 | Student Top 5 Accuracy: 0.675 | Time: 2.359 | 
Running student landscape probe...
[LR policy] epoch=13 output=residual_log policy_pred=-0.277735 predicted_lr=0.673176 cosine_blend=0.750 lr_ema=0.000 cosine_after=0 next_student_lr=0.834807
[Train] Epoch: 14 | Teacher lr=0.8886 | Teacher Loss: 3.615 | Teacher Train Acc: 22.202 | Student lr=0.8348 | Student Train Acc: 56.756 | Time: 140.103 |
[Eval] Epoch: 14 | Teacher Test Loss: 2.855 | Teacher Test Acc: 29.110 | Student Test Loss: 2.193 | Student Test Acc: 41.650 | Teacher Test F1: 0.273 | Student Test F1: 0.416 | Teacher Top 5 Accuracy: 0.610 | Student Top 5 Accuracy: 0.742 | Time: 2.530 | 
Running student landscape probe...
[LR policy] epoch=14 output=residual_log policy_pred=-0.274601 predicted_lr=0.662384 cosine_blend=0.750 lr_ema=0.000 cosine_after=0 next_student_lr=0.819372
[Train] Epoch: 15 | Teacher lr=0.8716 | Teacher Loss: 2.099 | Teacher Train Acc: 50.860 | Student lr=0.8194 | Student Train Acc: 58.188 | Time: 140.333 |
[Eval] Epoch: 15 | Teacher Test Loss: 2.199 | Teacher Test Acc: 41.670 | Student Test Loss: 2.939 | Student Test Acc: 30.640 | Teacher Test F1: 0.409 | Student Test F1: 0.289 | Teacher Top 5 Accuracy: 0.742 | Student Top 5 Accuracy: 0.605 | Time: 2.358 | 
Running student landscape probe...
[LR policy] epoch=15 output=residual_log policy_pred=-0.266086 predicted_lr=0.654253 cosine_blend=0.750 lr_ema=0.000 cosine_after=0 next_student_lr=0.803838
[Train] Epoch: 16 | Teacher lr=0.8536 | Teacher Loss: 1.845 | Teacher Train Acc: 56.682 | Student lr=0.8038 | Student Train Acc: 59.590 | Time: 137.173 |
[Eval] Epoch: 16 | Teacher Test Loss: 1.821 | Teacher Test Acc: 49.850 | Student Test Loss: 1.928 | Student Test Acc: 47.780 | Teacher Test F1: 0.492 | Student Test F1: 0.477 | Teacher Top 5 Accuracy: 0.803 | Student Top 5 Accuracy: 0.791 | Time: 2.314 | 
Running student landscape probe...
[LR policy] epoch=16 output=residual_log policy_pred=-0.265745 predicted_lr=0.639934 cosine_blend=0.750 lr_ema=0.000 cosine_after=0 next_student_lr=0.786031
[Train] Epoch: 17 | Teacher lr=0.8346 | Teacher Loss: 1.771 | Teacher Train Acc: 58.770 | Student lr=0.7860 | Student Train Acc: 60.198 | Time: 139.563 |
[Eval] Epoch: 17 | Teacher Test Loss: 1.856 | Teacher Test Acc: 48.910 | Student Test Loss: 2.187 | Student Test Acc: 43.040 | Teacher Test F1: 0.486 | Student Test F1: 0.431 | Teacher Top 5 Accuracy: 0.803 | Student Top 5 Accuracy: 0.752 | Time: 2.361 | 
Running student landscape probe...
[LR policy] epoch=17 output=residual_log policy_pred=-0.263076 predicted_lr=0.626358 cosine_blend=0.750 lr_ema=0.000 cosine_after=0 next_student_lr=0.767724
[Train] Epoch: 18 | Teacher lr=0.8147 | Teacher Loss: 1.719 | Teacher Train Acc: 60.446 | Student lr=0.7677 | Student Train Acc: 60.028 | Time: 139.945 |
[Eval] Epoch: 18 | Teacher Test Loss: 1.676 | Teacher Test Acc: 53.330 | Student Test Loss: 2.743 | Student Test Acc: 35.710 | Teacher Test F1: 0.537 | Student Test F1: 0.361 | Teacher Top 5 Accuracy: 0.831 | Student Top 5 Accuracy: 0.658 | Time: 2.555 | 
Running student landscape probe...
[LR policy] epoch=18 output=residual_log policy_pred=-0.261869 predicted_lr=0.611148 cosine_blend=0.750 lr_ema=0.000 cosine_after=0 next_student_lr=0.748361
[Train] Epoch: 19 | Teacher lr=0.7939 | Teacher Loss: 1.654 | Teacher Train Acc: 62.198 | Student lr=0.7484 | Student Train Acc: 61.324 | Time: 135.601 |
[Eval] Epoch: 19 | Teacher Test Loss: 1.656 | Teacher Test Acc: 53.410 | Student Test Loss: 2.178 | Student Test Acc: 44.740 | Teacher Test F1: 0.529 | Student Test F1: 0.441 | Teacher Top 5 Accuracy: 0.840 | Student Top 5 Accuracy: 0.753 | Time: 2.395 | 
Running student landscape probe...
[LR policy] epoch=19 output=residual_log policy_pred=-0.260531 predicted_lr=0.595357 cosine_blend=0.750 lr_ema=0.000 cosine_after=0 next_student_lr=0.728250
[Train] Epoch: 20 | Teacher lr=0.7723 | Teacher Loss: 1.615 | Teacher Train Acc: 63.142 | Student lr=0.7282 | Student Train Acc: 61.728 | Time: 141.868 |
[Eval] Epoch: 20 | Teacher Test Loss: 1.665 | Teacher Test Acc: 53.800 | Student Test Loss: 2.353 | Student Test Acc: 41.690 | Teacher Test F1: 0.531 | Student Test F1: 0.413 | Teacher Top 5 Accuracy: 0.838 | Student Top 5 Accuracy: 0.726 | Time: 2.277 | 
Running student landscape probe...
[LR policy] epoch=20 output=residual_log policy_pred=-0.270335 predicted_lr=0.572534 cosine_blend=0.750 lr_ema=0.000 cosine_after=0 next_student_lr=0.705821
[Train] Epoch: 21 | Teacher lr=0.7500 | Teacher Loss: 1.597 | Teacher Train Acc: 63.532 | Student lr=0.7058 | Student Train Acc: 62.446 | Time: 142.612 |
[Eval] Epoch: 21 | Teacher Test Loss: 1.439 | Teacher Test Acc: 59.300 | Student Test Loss: 2.173 | Student Test Acc: 43.530 | Teacher Test F1: 0.592 | Student Test F1: 0.432 | Teacher Top 5 Accuracy: 0.868 | Student Top 5 Accuracy: 0.744 | Time: 2.310 | 
Running student landscape probe...
[LR policy] epoch=21 output=residual_log policy_pred=-0.258411 predicted_lr=0.561653 cosine_blend=0.750 lr_ema=0.000 cosine_after=0 next_student_lr=0.685864
[Train] Epoch: 22 | Teacher lr=0.7270 | Teacher Loss: 1.562 | Teacher Train Acc: 64.696 | Student lr=0.6859 | Student Train Acc: 62.480 | Time: 136.044 |
[Eval] Epoch: 22 | Teacher Test Loss: 1.558 | Teacher Test Acc: 56.510 | Student Test Loss: 2.387 | Student Test Acc: 40.770 | Teacher Test F1: 0.557 | Student Test F1: 0.394 | Teacher Top 5 Accuracy: 0.858 | Student Top 5 Accuracy: 0.721 | Time: 2.359 | 
Running student landscape probe...
[LR policy] epoch=22 output=residual_log policy_pred=-0.265721 predicted_lr=0.539467 cosine_blend=0.750 lr_ema=0.000 cosine_after=0 next_student_lr=0.662615
[Train] Epoch: 23 | Teacher lr=0.7034 | Teacher Loss: 1.531 | Teacher Train Acc: 65.462 | Student lr=0.6626 | Student Train Acc: 62.988 | Time: 141.058 |
[Eval] Epoch: 23 | Teacher Test Loss: 1.440 | Teacher Test Acc: 59.240 | Student Test Loss: 2.290 | Student Test Acc: 43.470 | Teacher Test F1: 0.591 | Student Test F1: 0.431 | Teacher Top 5 Accuracy: 0.868 | Student Top 5 Accuracy: 0.732 | Time: 2.447 | 
Running student landscape probe...
[LR policy] epoch=23 output=residual_log policy_pred=-0.264213 predicted_lr=0.521730 cosine_blend=0.750 lr_ema=0.000 cosine_after=0 next_student_lr=0.640061
[Train] Epoch: 24 | Teacher lr=0.6792 | Teacher Loss: 1.501 | Teacher Train Acc: 66.080 | Student lr=0.6401 | Student Train Acc: 63.090 | Time: 140.697 |
[Eval] Epoch: 24 | Teacher Test Loss: 1.440 | Teacher Test Acc: 59.740 | Student Test Loss: 2.144 | Student Test Acc: 45.090 | Teacher Test F1: 0.593 | Student Test F1: 0.453 | Teacher Top 5 Accuracy: 0.866 | Student Top 5 Accuracy: 0.764 | Time: 2.235 | 
Running student landscape probe...
[LR policy] epoch=24 output=residual_log policy_pred=-0.262967 predicted_lr=0.503430 cosine_blend=0.750 lr_ema=0.000 cosine_after=0 next_student_lr=0.616998
[Train] Epoch: 25 | Teacher lr=0.6545 | Teacher Loss: 1.478 | Teacher Train Acc: 66.880 | Student lr=0.6170 | Student Train Acc: 64.056 | Time: 139.876 |
[Eval] Epoch: 25 | Teacher Test Loss: 1.547 | Teacher Test Acc: 57.010 | Student Test Loss: 2.535 | Student Test Acc: 38.340 | Teacher Test F1: 0.561 | Student Test F1: 0.370 | Teacher Top 5 Accuracy: 0.856 | Student Top 5 Accuracy: 0.697 | Time: 2.393 | 
Running student landscape probe...
[LR policy] epoch=25 output=residual_log policy_pred=-0.262165 predicted_lr=0.484543 cosine_blend=0.750 lr_ema=0.000 cosine_after=0 next_student_lr=0.593471
[Train] Epoch: 26 | Teacher lr=0.6294 | Teacher Loss: 1.446 | Teacher Train Acc: 67.844 | Student lr=0.5935 | Student Train Acc: 64.426 | Time: 140.689 |
[Eval] Epoch: 26 | Teacher Test Loss: 1.731 | Teacher Test Acc: 52.940 | Student Test Loss: 2.262 | Student Test Acc: 44.610 | Teacher Test F1: 0.530 | Student Test F1: 0.449 | Teacher Top 5 Accuracy: 0.820 | Student Top 5 Accuracy: 0.759 | Time: 2.335 | 
Running student landscape probe...
[LR policy] epoch=26 output=residual_log policy_pred=-0.270370 predicted_lr=0.461179 cosine_blend=0.750 lr_ema=0.000 cosine_after=0 next_student_lr=0.568559
[Train] Epoch: 27 | Teacher lr=0.6040 | Teacher Loss: 1.428 | Teacher Train Acc: 68.288 | Student lr=0.5686 | Student Train Acc: 64.338 | Time: 136.418 |
[Eval] Epoch: 27 | Teacher Test Loss: 1.381 | Teacher Test Acc: 61.130 | Student Test Loss: 2.193 | Student Test Acc: 43.300 | Teacher Test F1: 0.608 | Student Test F1: 0.435 | Teacher Top 5 Accuracy: 0.880 | Student Top 5 Accuracy: 0.748 | Time: 2.243 | 
Running student landscape probe...
[LR policy] epoch=27 output=residual_log policy_pred=-0.261901 predicted_lr=0.445313 cosine_blend=0.750 lr_ema=0.000 cosine_after=0 next_student_lr=0.545308
[Train] Epoch: 28 | Teacher lr=0.5782 | Teacher Loss: 1.391 | Teacher Train Acc: 69.396 | Student lr=0.5453 | Student Train Acc: 65.446 | Time: 135.869 |
[Eval] Epoch: 28 | Teacher Test Loss: 1.434 | Teacher Test Acc: 59.560 | Student Test Loss: 2.683 | Student Test Acc: 36.130 | Teacher Test F1: 0.592 | Student Test F1: 0.357 | Teacher Top 5 Accuracy: 0.871 | Student Top 5 Accuracy: 0.669 | Time: 2.228 | 
Running student landscape probe...
[LR policy] epoch=28 output=residual_log policy_pred=-0.268611 predicted_lr=0.422516 cosine_blend=0.750 lr_ema=0.000 cosine_after=0 next_student_lr=0.520163
[Train] Epoch: 29 | Teacher lr=0.5523 | Teacher Loss: 1.373 | Teacher Train Acc: 69.814 | Student lr=0.5202 | Student Train Acc: 65.290 | Time: 142.263 |
[Eval] Epoch: 29 | Teacher Test Loss: 1.376 | Teacher Test Acc: 61.000 | Student Test Loss: 1.824 | Student Test Acc: 51.550 | Teacher Test F1: 0.609 | Student Test F1: 0.510 | Teacher Top 5 Accuracy: 0.882 | Student Top 5 Accuracy: 0.810 | Time: 2.165 | 
Running student landscape probe...
[LR policy] epoch=29 output=residual_log policy_pred=-0.268329 predicted_lr=0.402700 cosine_blend=0.750 lr_ema=0.000 cosine_after=0 next_student_lr=0.495656
[Train] Epoch: 30 | Teacher lr=0.5262 | Teacher Loss: 1.343 | Teacher Train Acc: 70.486 | Student lr=0.4957 | Student Train Acc: 65.858 | Time: 142.251 |
[Eval] Epoch: 30 | Teacher Test Loss: 1.395 | Teacher Test Acc: 60.200 | Student Test Loss: 1.818 | Student Test Acc: 50.920 | Teacher Test F1: 0.601 | Student Test F1: 0.505 | Teacher Top 5 Accuracy: 0.876 | Student Top 5 Accuracy: 0.807 | Time: 2.135 | 
Running student landscape probe...
[LR policy] epoch=30 output=residual_log policy_pred=-0.269334 predicted_lr=0.382326 cosine_blend=0.750 lr_ema=0.000 cosine_after=0 next_student_lr=0.470957
[Train] Epoch: 31 | Teacher lr=0.5000 | Teacher Loss: 1.313 | Teacher Train Acc: 71.504 | Student lr=0.4710 | Student Train Acc: 66.858 | Time: 139.595 |
[Eval] Epoch: 31 | Teacher Test Loss: 1.283 | Teacher Test Acc: 63.260 | Student Test Loss: 1.990 | Student Test Acc: 48.000 | Teacher Test F1: 0.631 | Student Test F1: 0.476 | Teacher Top 5 Accuracy: 0.892 | Student Top 5 Accuracy: 0.783 | Time: 2.430 | 
Running student landscape probe...
[LR policy] epoch=31 output=residual_log policy_pred=-0.262910 predicted_lr=0.364692 cosine_blend=0.750 lr_ema=0.000 cosine_after=0 next_student_lr=0.446942
[Train] Epoch: 32 | Teacher lr=0.4738 | Teacher Loss: 1.282 | Teacher Train Acc: 72.358 | Student lr=0.4469 | Student Train Acc: 67.044 | Time: 140.644 |
[Eval] Epoch: 32 | Teacher Test Loss: 1.282 | Teacher Test Acc: 63.310 | Student Test Loss: 1.888 | Student Test Acc: 51.010 | Teacher Test F1: 0.632 | Student Test F1: 0.511 | Teacher Top 5 Accuracy: 0.888 | Student Top 5 Accuracy: 0.805 | Time: 2.337 | 
Running student landscape probe...
[LR policy] epoch=32 output=residual_log policy_pred=-0.265758 predicted_lr=0.343669 cosine_blend=0.750 lr_ema=0.000 cosine_after=0 next_student_lr=0.422133
[Train] Epoch: 33 | Teacher lr=0.4477 | Teacher Loss: 1.262 | Teacher Train Acc: 73.496 | Student lr=0.4221 | Student Train Acc: 67.536 | Time: 140.032 |
[Eval] Epoch: 33 | Teacher Test Loss: 1.259 | Teacher Test Acc: 64.150 | Student Test Loss: 1.765 | Student Test Acc: 53.240 | Teacher Test F1: 0.638 | Student Test F1: 0.531 | Teacher Top 5 Accuracy: 0.894 | Student Top 5 Accuracy: 0.827 | Time: 2.580 | 
Running student landscape probe...
[LR policy] epoch=33 output=residual_log policy_pred=-0.263902 predicted_lr=0.324394 cosine_blend=0.750 lr_ema=0.000 cosine_after=0 next_student_lr=0.397869
[Train] Epoch: 34 | Teacher lr=0.4218 | Teacher Loss: 1.224 | Teacher Train Acc: 74.110 | Student lr=0.3979 | Student Train Acc: 67.928 | Time: 143.483 |
[Eval] Epoch: 34 | Teacher Test Loss: 1.184 | Teacher Test Acc: 65.520 | Student Test Loss: 2.148 | Student Test Acc: 45.790 | Teacher Test F1: 0.656 | Student Test F1: 0.457 | Teacher Top 5 Accuracy: 0.909 | Student Top 5 Accuracy: 0.747 | Time: 2.394 | 
Running student landscape probe...
[LR policy] epoch=34 output=residual_log policy_pred=-0.262463 predicted_lr=0.305084 cosine_blend=0.750 lr_ema=0.000 cosine_after=0 next_student_lr=0.373757
[Train] Epoch: 35 | Teacher lr=0.3960 | Teacher Loss: 1.203 | Teacher Train Acc: 74.658 | Student lr=0.3738 | Student Train Acc: 68.720 | Time: 143.218 |
[Eval] Epoch: 35 | Teacher Test Loss: 1.258 | Teacher Test Acc: 64.280 | Student Test Loss: 1.816 | Student Test Acc: 51.710 | Teacher Test F1: 0.642 | Student Test F1: 0.511 | Teacher Top 5 Accuracy: 0.897 | Student Top 5 Accuracy: 0.811 | Time: 2.425 | 
Running student landscape probe...
[LR policy] epoch=35 output=residual_log policy_pred=-0.264532 predicted_lr=0.284935 cosine_blend=0.750 lr_ema=0.000 cosine_after=0 next_student_lr=0.349649
[Train] Epoch: 36 | Teacher lr=0.3706 | Teacher Loss: 1.177 | Teacher Train Acc: 75.236 | Student lr=0.3496 | Student Train Acc: 69.280 | Time: 143.119 |
[Eval] Epoch: 36 | Teacher Test Loss: 1.314 | Teacher Test Acc: 62.470 | Student Test Loss: 1.816 | Student Test Acc: 51.460 | Teacher Test F1: 0.623 | Student Test F1: 0.516 | Teacher Top 5 Accuracy: 0.888 | Student Top 5 Accuracy: 0.819 | Time: 2.424 | 
Running student landscape probe...
[LR policy] epoch=36 output=residual_log policy_pred=-0.269135 predicted_lr=0.264469 cosine_blend=0.750 lr_ema=0.000 cosine_after=0 next_student_lr=0.325727
[Train] Epoch: 37 | Teacher lr=0.3455 | Teacher Loss: 1.143 | Teacher Train Acc: 76.434 | Student lr=0.3257 | Student Train Acc: 69.820 | Time: 142.114 |
[Eval] Epoch: 37 | Teacher Test Loss: 1.142 | Teacher Test Acc: 66.860 | Student Test Loss: 1.641 | Student Test Acc: 55.330 | Teacher Test F1: 0.667 | Student Test F1: 0.550 | Teacher Top 5 Accuracy: 0.911 | Student Top 5 Accuracy: 0.842 | Time: 2.215 | 
Running student landscape probe...
[LR policy] epoch=37 output=residual_log policy_pred=-0.261527 predicted_lr=0.247511 cosine_blend=0.750 lr_ema=0.000 cosine_after=0 next_student_lr=0.302999
[Train] Epoch: 38 | Teacher lr=0.3208 | Teacher Loss: 1.106 | Teacher Train Acc: 77.236 | Student lr=0.3030 | Student Train Acc: 70.768 | Time: 139.937 |
[Eval] Epoch: 38 | Teacher Test Loss: 1.175 | Teacher Test Acc: 66.270 | Student Test Loss: 1.625 | Student Test Acc: 55.770 | Teacher Test F1: 0.663 | Student Test F1: 0.556 | Teacher Top 5 Accuracy: 0.905 | Student Top 5 Accuracy: 0.840 | Time: 2.263 | 
Running student landscape probe...
[LR policy] epoch=38 output=residual_log policy_pred=-0.265121 predicted_lr=0.228090 cosine_blend=0.750 lr_ema=0.000 cosine_after=0 next_student_lr=0.280024
[Train] Epoch: 39 | Teacher lr=0.2966 | Teacher Loss: 1.068 | Teacher Train Acc: 78.292 | Student lr=0.2800 | Student Train Acc: 71.290 | Time: 141.877 |
[Eval] Epoch: 39 | Teacher Test Loss: 1.151 | Teacher Test Acc: 66.840 | Student Test Loss: 2.064 | Student Test Acc: 48.970 | Teacher Test F1: 0.668 | Student Test F1: 0.490 | Teacher Top 5 Accuracy: 0.909 | Student Top 5 Accuracy: 0.784 | Time: 2.419 | 
Running student landscape probe...
[LR policy] epoch=39 output=residual_log policy_pred=-0.264774 predicted_lr=0.210056 cosine_blend=0.750 lr_ema=0.000 cosine_after=0 next_student_lr=0.257813
[Train] Epoch: 40 | Teacher lr=0.2730 | Teacher Loss: 1.037 | Teacher Train Acc: 79.326 | Student lr=0.2578 | Student Train Acc: 71.700 | Time: 138.018 |
[Eval] Epoch: 40 | Teacher Test Loss: 1.077 | Teacher Test Acc: 68.860 | Student Test Loss: 1.613 | Student Test Acc: 55.640 | Teacher Test F1: 0.690 | Student Test F1: 0.561 | Teacher Top 5 Accuracy: 0.921 | Student Top 5 Accuracy: 0.845 | Time: 2.153 | 
Running student landscape probe...
[LR policy] epoch=40 output=residual_log policy_pred=-0.267102 predicted_lr=0.191973 cosine_blend=0.750 lr_ema=0.000 cosine_after=0 next_student_lr=0.236056
[Train] Epoch: 41 | Teacher lr=0.2500 | Teacher Loss: 1.000 | Teacher Train Acc: 80.414 | Student lr=0.2361 | Student Train Acc: 72.788 | Time: 143.240 |
[Eval] Epoch: 41 | Teacher Test Loss: 1.061 | Teacher Test Acc: 69.180 | Student Test Loss: 1.467 | Student Test Acc: 59.380 | Teacher Test F1: 0.692 | Student Test F1: 0.592 | Teacher Top 5 Accuracy: 0.920 | Student Top 5 Accuracy: 0.866 | Time: 2.198 | 
Running student landscape probe...
[LR policy] epoch=41 output=residual_log policy_pred=-0.259066 predicted_lr=0.176313 cosine_blend=0.750 lr_ema=0.000 cosine_after=0 next_student_lr=0.215418
[Train] Epoch: 42 | Teacher lr=0.2277 | Teacher Loss: 0.963 | Teacher Train Acc: 81.684 | Student lr=0.2154 | Student Train Acc: 73.190 | Time: 139.627 |
[Eval] Epoch: 42 | Teacher Test Loss: 1.022 | Teacher Test Acc: 70.110 | Student Test Loss: 1.490 | Student Test Acc: 59.620 | Teacher Test F1: 0.699 | Student Test F1: 0.593 | Teacher Top 5 Accuracy: 0.926 | Student Top 5 Accuracy: 0.861 | Time: 2.406 | 
Running student landscape probe...
[LR policy] epoch=42 output=residual_log policy_pred=-0.268502 predicted_lr=0.158181 cosine_blend=0.750 lr_ema=0.000 cosine_after=0 next_student_lr=0.194721
[Train] Epoch: 43 | Teacher lr=0.2061 | Teacher Loss: 0.929 | Teacher Train Acc: 82.634 | Student lr=0.1947 | Student Train Acc: 74.218 | Time: 142.156 |
[Eval] Epoch: 43 | Teacher Test Loss: 1.010 | Teacher Test Acc: 70.520 | Student Test Loss: 1.586 | Student Test Acc: 57.490 | Teacher Test F1: 0.703 | Student Test F1: 0.579 | Teacher Top 5 Accuracy: 0.927 | Student Top 5 Accuracy: 0.854 | Time: 2.424 | 
Running student landscape probe...
[LR policy] epoch=43 output=residual_log policy_pred=-0.259455 predicted_lr=0.143613 cosine_blend=0.750 lr_ema=0.000 cosine_after=0 next_student_lr=0.175519
[Train] Epoch: 44 | Teacher lr=0.1853 | Teacher Loss: 0.890 | Teacher Train Acc: 83.842 | Student lr=0.1755 | Student Train Acc: 74.690 | Time: 141.787 |
[Eval] Epoch: 44 | Teacher Test Loss: 0.982 | Teacher Test Acc: 71.350 | Student Test Loss: 1.499 | Student Test Acc: 58.970 | Teacher Test F1: 0.713 | Student Test F1: 0.588 | Teacher Top 5 Accuracy: 0.927 | Student Top 5 Accuracy: 0.857 | Time: 2.459 | 
Running student landscape probe...
[LR policy] epoch=44 output=residual_log policy_pred=-0.265931 predicted_lr=0.127444 cosine_blend=0.750 lr_ema=0.000 cosine_after=0 next_student_lr=0.156563
[Train] Epoch: 45 | Teacher lr=0.1654 | Teacher Loss: 0.848 | Teacher Train Acc: 85.320 | Student lr=0.1566 | Student Train Acc: 75.720 | Time: 142.439 |
[Eval] Epoch: 45 | Teacher Test Loss: 0.951 | Teacher Test Acc: 72.180 | Student Test Loss: 1.450 | Student Test Acc: 60.380 | Teacher Test F1: 0.722 | Student Test F1: 0.610 | Teacher Top 5 Accuracy: 0.932 | Student Top 5 Accuracy: 0.873 | Time: 2.388 | 
Running student landscape probe...
[LR policy] epoch=45 output=residual_log policy_pred=-0.260607 predicted_lr=0.113507 cosine_blend=0.750 lr_ema=0.000 cosine_after=0 next_student_lr=0.138852
[Train] Epoch: 46 | Teacher lr=0.1464 | Teacher Loss: 0.806 | Teacher Train Acc: 86.308 | Student lr=0.1389 | Student Train Acc: 76.968 | Time: 142.128 |
[Eval] Epoch: 46 | Teacher Test Loss: 0.956 | Teacher Test Acc: 72.210 | Student Test Loss: 1.354 | Student Test Acc: 63.190 | Teacher Test F1: 0.721 | Student Test F1: 0.634 | Teacher Top 5 Accuracy: 0.933 | Student Top 5 Accuracy: 0.885 | Time: 2.410 | 
Running student landscape probe...
[LR policy] epoch=46 output=residual_log policy_pred=-0.265507 predicted_lr=0.099149 cosine_blend=0.750 lr_ema=0.000 cosine_after=0 next_student_lr=0.121762
[Train] Epoch: 47 | Teacher lr=0.1284 | Teacher Loss: 0.770 | Teacher Train Acc: 87.472 | Student lr=0.1218 | Student Train Acc: 77.488 | Time: 141.185 |
[Eval] Epoch: 47 | Teacher Test Loss: 0.961 | Teacher Test Acc: 72.070 | Student Test Loss: 1.472 | Student Test Acc: 60.770 | Teacher Test F1: 0.721 | Student Test F1: 0.607 | Teacher Top 5 Accuracy: 0.933 | Student Top 5 Accuracy: 0.865 | Time: 2.139 | 
Running student landscape probe...
[LR policy] epoch=47 output=residual_log policy_pred=-0.258827 predicted_lr=0.086703 cosine_blend=0.750 lr_ema=0.000 cosine_after=0 next_student_lr=0.105912
[Train] Epoch: 48 | Teacher lr=0.1114 | Teacher Loss: 0.728 | Teacher Train Acc: 88.874 | Student lr=0.1059 | Student Train Acc: 78.496 | Time: 135.733 |
[Eval] Epoch: 48 | Teacher Test Loss: 0.909 | Teacher Test Acc: 73.500 | Student Test Loss: 1.384 | Student Test Acc: 62.520 | Teacher Test F1: 0.735 | Student Test F1: 0.626 | Teacher Top 5 Accuracy: 0.937 | Student Top 5 Accuracy: 0.883 | Time: 2.258 | 
Running student landscape probe...
[LR policy] epoch=48 output=residual_log policy_pred=-0.263745 predicted_lr=0.074048 cosine_blend=0.750 lr_ema=0.000 cosine_after=0 next_student_lr=0.090809
[Train] Epoch: 49 | Teacher lr=0.0955 | Teacher Loss: 0.686 | Teacher Train Acc: 90.286 | Student lr=0.0908 | Student Train Acc: 79.448 | Time: 135.723 |
[Eval] Epoch: 49 | Teacher Test Loss: 0.911 | Teacher Test Acc: 73.230 | Student Test Loss: 1.292 | Student Test Acc: 64.640 | Teacher Test F1: 0.732 | Student Test F1: 0.645 | Teacher Top 5 Accuracy: 0.937 | Student Top 5 Accuracy: 0.893 | Time: 2.200 | 
Running student landscape probe...
[LR policy] epoch=49 output=residual_log policy_pred=-0.262776 predicted_lr=0.062731 cosine_blend=0.750 lr_ema=0.000 cosine_after=0 next_student_lr=0.076871
[Train] Epoch: 50 | Teacher lr=0.0807 | Teacher Loss: 0.650 | Teacher Train Acc: 91.320 | Student lr=0.0769 | Student Train Acc: 80.440 | Time: 143.187 |
[Eval] Epoch: 50 | Teacher Test Loss: 0.896 | Teacher Test Acc: 74.040 | Student Test Loss: 1.396 | Student Test Acc: 62.290 | Teacher Test F1: 0.741 | Student Test F1: 0.624 | Teacher Top 5 Accuracy: 0.937 | Student Top 5 Accuracy: 0.882 | Time: 2.207 | 
Running student landscape probe...
[LR policy] epoch=50 output=residual_log policy_pred=-0.261705 predicted_lr=0.052281 cosine_blend=0.750 lr_ema=0.000 cosine_after=0 next_student_lr=0.064010
[Train] Epoch: 51 | Teacher lr=0.0670 | Teacher Loss: 0.607 | Teacher Train Acc: 92.534 | Student lr=0.0640 | Student Train Acc: 81.942 | Time: 142.424 |
[Eval] Epoch: 51 | Teacher Test Loss: 0.872 | Teacher Test Acc: 74.400 | Student Test Loss: 1.264 | Student Test Acc: 65.310 | Teacher Test F1: 0.744 | Student Test F1: 0.654 | Teacher Top 5 Accuracy: 0.940 | Student Top 5 Accuracy: 0.898 | Time: 2.154 | 
Running student landscape probe...
[LR policy] epoch=51 output=residual_log policy_pred=-0.264661 predicted_lr=0.042550 cosine_blend=0.750 lr_ema=0.000 cosine_after=0 next_student_lr=0.052219
[Train] Epoch: 52 | Teacher lr=0.0545 | Teacher Loss: 0.570 | Teacher Train Acc: 93.620 | Student lr=0.0522 | Student Train Acc: 82.792 | Time: 141.471 |
[Eval] Epoch: 52 | Teacher Test Loss: 0.870 | Teacher Test Acc: 74.790 | Student Test Loss: 1.213 | Student Test Acc: 66.370 | Teacher Test F1: 0.748 | Student Test F1: 0.663 | Teacher Top 5 Accuracy: 0.941 | Student Top 5 Accuracy: 0.904 | Time: 2.198 | 
Running student landscape probe...
[LR policy] epoch=52 output=residual_log policy_pred=-0.264860 predicted_lr=0.033903 cosine_blend=0.750 lr_ema=0.000 cosine_after=0 next_student_lr=0.041614
[Train] Epoch: 53 | Teacher lr=0.0432 | Teacher Loss: 0.532 | Teacher Train Acc: 94.624 | Student lr=0.0416 | Student Train Acc: 84.028 | Time: 143.734 |
[Eval] Epoch: 53 | Teacher Test Loss: 0.855 | Teacher Test Acc: 75.470 | Student Test Loss: 1.259 | Student Test Acc: 66.030 | Teacher Test F1: 0.754 | Student Test F1: 0.662 | Teacher Top 5 Accuracy: 0.941 | Student Top 5 Accuracy: 0.900 | Time: 2.187 | 
Running student landscape probe...
[LR policy] epoch=53 output=residual_log policy_pred=-0.262249 predicted_lr=0.026293 cosine_blend=0.750 lr_ema=0.000 cosine_after=0 next_student_lr=0.032206
[Train] Epoch: 54 | Teacher lr=0.0332 | Teacher Loss: 0.499 | Teacher Train Acc: 95.350 | Student lr=0.0322 | Student Train Acc: 85.288 | Time: 141.054 |
[Eval] Epoch: 54 | Teacher Test Loss: 0.846 | Teacher Test Acc: 75.750 | Student Test Loss: 1.180 | Student Test Acc: 67.230 | Teacher Test F1: 0.758 | Student Test F1: 0.673 | Teacher Top 5 Accuracy: 0.943 | Student Top 5 Accuracy: 0.909 | Time: 2.469 | 
Running student landscape probe...
[LR policy] epoch=54 output=residual_log policy_pred=-0.265137 predicted_lr=0.019521 cosine_blend=0.750 lr_ema=0.000 cosine_after=0 next_student_lr=0.023966
[Train] Epoch: 55 | Teacher lr=0.0245 | Teacher Loss: 0.467 | Teacher Train Acc: 95.898 | Student lr=0.0240 | Student Train Acc: 86.678 | Time: 142.332 |
[Eval] Epoch: 55 | Teacher Test Loss: 0.843 | Teacher Test Acc: 75.980 | Student Test Loss: 1.199 | Student Test Acc: 67.800 | Teacher Test F1: 0.760 | Student Test F1: 0.677 | Teacher Top 5 Accuracy: 0.942 | Student Top 5 Accuracy: 0.905 | Time: 2.384 | 
Running student landscape probe...
[LR policy] epoch=55 output=residual_log policy_pred=-0.265529 predicted_lr=0.013818 cosine_blend=0.750 lr_ema=0.000 cosine_after=0 next_student_lr=0.016969
[Train] Epoch: 56 | Teacher lr=0.0170 | Teacher Loss: 0.442 | Teacher Train Acc: 96.410 | Student lr=0.0170 | Student Train Acc: 87.336 | Time: 140.503 |
[Eval] Epoch: 56 | Teacher Test Loss: 0.843 | Teacher Test Acc: 75.560 | Student Test Loss: 1.183 | Student Test Acc: 68.500 | Teacher Test F1: 0.756 | Student Test F1: 0.685 | Teacher Top 5 Accuracy: 0.944 | Student Top 5 Accuracy: 0.910 | Time: 2.175 | 
Running student landscape probe...
[LR policy] epoch=56 output=residual_log policy_pred=-0.264342 predicted_lr=0.009147 cosine_blend=0.750 lr_ema=0.000 cosine_after=0 next_student_lr=0.011223
[Train] Epoch: 57 | Teacher lr=0.0109 | Teacher Loss: 0.420 | Teacher Train Acc: 96.828 | Student lr=0.0112 | Student Train Acc: 88.438 | Time: 140.343 |
[Eval] Epoch: 57 | Teacher Test Loss: 0.838 | Teacher Test Acc: 75.940 | Student Test Loss: 1.145 | Student Test Acc: 69.240 | Teacher Test F1: 0.759 | Student Test F1: 0.692 | Teacher Top 5 Accuracy: 0.944 | Student Top 5 Accuracy: 0.912 | Time: 2.221 | 
Running student landscape probe...
[LR policy] epoch=57 output=residual_log policy_pred=-0.264800 predicted_lr=0.005486 cosine_blend=0.750 lr_ema=0.000 cosine_after=0 next_student_lr=0.006734
[Train] Epoch: 58 | Teacher lr=0.0062 | Teacher Loss: 0.402 | Teacher Train Acc: 97.176 | Student lr=0.0067 | Student Train Acc: 89.318 | Time: 142.149 |
[Eval] Epoch: 58 | Teacher Test Loss: 0.837 | Teacher Test Acc: 76.040 | Student Test Loss: 1.149 | Student Test Acc: 69.220 | Teacher Test F1: 0.760 | Student Test F1: 0.693 | Teacher Top 5 Accuracy: 0.943 | Student Top 5 Accuracy: 0.913 | Time: 2.320 | 
Running student landscape probe...
[LR policy] epoch=58 output=residual_log policy_pred=-0.263152 predicted_lr=0.002872 cosine_blend=0.750 lr_ema=0.000 cosine_after=0 next_student_lr=0.003520
[Train] Epoch: 59 | Teacher lr=0.0027 | Teacher Loss: 0.392 | Teacher Train Acc: 97.356 | Student lr=0.0035 | Student Train Acc: 89.594 | Time: 141.949 |
[Eval] Epoch: 59 | Teacher Test Loss: 0.838 | Teacher Test Acc: 76.140 | Student Test Loss: 1.129 | Student Test Acc: 69.870 | Teacher Test F1: 0.762 | Student Test F1: 0.699 | Teacher Top 5 Accuracy: 0.942 | Student Top 5 Accuracy: 0.913 | Time: 2.307 | 
Running student landscape probe...
[LR policy] epoch=59 output=residual_log policy_pred=-0.263456 predicted_lr=0.001294 cosine_blend=0.750 lr_ema=0.000 cosine_after=0 next_student_lr=0.001587
[Train] Epoch: 60 | Teacher lr=0.0007 | Teacher Loss: 0.382 | Teacher Train Acc: 97.474 | Student lr=0.0016 | Student Train Acc: 90.150 | Time: 140.344 |
[Eval] Epoch: 60 | Teacher Test Loss: 0.837 | Teacher Test Acc: 76.020 | Student Test Loss: 1.129 | Student Test Acc: 69.570 | Teacher Test F1: 0.760 | Student Test F1: 0.696 | Teacher Top 5 Accuracy: 0.942 | Student Top 5 Accuracy: 0.914 | Time: 2.003 | 
Running student landscape probe...
[LR policy] epoch=60 output=residual_log policy_pred=-0.263509 predicted_lr=0.001000 cosine_blend=0.750 lr_ema=0.000 cosine_after=0 next_student_lr=0.001000
ckpt location: ckpt/robust12h_mlspace/O2_patchtst_top5_blend075_seed7_60ep.pt
