depth_list: [110, 20]
[LR policy] loaded checkpoint=checkpoints/policies_beatcos/patchtst_seed0/policy.pt,checkpoints/policies_beatcos/patchtst_seed2/policy.pt,checkpoints/policies_beatcos/patchtst_seed5/policy.pt,checkpoints/policies_beatcos/patchtst_seed7/policy.pt,checkpoints/policies_beatcos/patchtst_seed4/policy.pt model_type=patchtst input_dim=230 n_models=5
Dataset information: cifar100	 50000 images for training 	 10000 images for testing	
teacher depth: 110
student depth: 20
Total number of teacher parameters: 1,169,972
Total number of student parameters: 278,132
Snapshots will be saved to: snapshots/robust12h_mlspace/O3_patchtst_top5_zeromean09_blend075_seed1_60ep
==== train and evaluate unequal restart ====
[Eval] Epoch: 0 | Teacher Test Loss: 12407.062 | Teacher Test Acc: 0.990 | Student Test Loss: 7.984 | Student Test Acc: 1.020 | Teacher Test F1: 0.000 | Student Test F1: 0.000 | Teacher Top 5 Accuracy: 0.050 | Student Top 5 Accuracy: 0.046 | Time: 2.843 | 
Running student landscape probe...
[Train] Epoch: 1 | Teacher lr=1.0000 | Teacher Loss: 4.009 | Teacher Train Acc: 10.148 | Student lr=0.0100 | Student Train Acc: 6.968 | Time: 140.499 |
[Eval] Epoch: 1 | Teacher Test Loss: 3.573 | Teacher Test Acc: 14.670 | Student Test Loss: 3.815 | Student Test Acc: 10.730 | Teacher Test F1: 0.121 | Student Test F1: 0.070 | Teacher Top 5 Accuracy: 0.402 | Student Top 5 Accuracy: 0.312 | Time: 2.488 | 
Running student landscape probe...
[LR policy] epoch=1 output=residual_log policy_pred=-0.254625 predicted_lr=0.999315 cosine_blend=0.750 lr_ema=0.000 cosine_after=0 next_student_lr=0.999315
[Train] Epoch: 2 | Teacher lr=0.9993 | Teacher Loss: 3.399 | Teacher Train Acc: 21.118 | Student lr=0.9993 | Student Train Acc: 20.124 | Time: 135.506 |
[Eval] Epoch: 2 | Teacher Test Loss: 3.295 | Teacher Test Acc: 19.630 | Student Test Loss: 3.060 | Student Test Acc: 23.970 | Teacher Test F1: 0.177 | Student Test F1: 0.219 | Teacher Top 5 Accuracy: 0.488 | Student Top 5 Accuracy: 0.558 | Time: 2.394 | 
Running student landscape probe...
[LR policy] epoch=2 output=residual_log policy_pred=-0.247856 predicted_lr=1.003357 cosine_blend=0.750 lr_ema=0.000 cosine_after=0 next_student_lr=0.997264
[Train] Epoch: 3 | Teacher lr=0.9973 | Teacher Loss: 2.833 | Teacher Train Acc: 32.622 | Student lr=0.9973 | Student Train Acc: 41.112 | Time: 142.100 |
[Eval] Epoch: 3 | Teacher Test Loss: 2.645 | Teacher Test Acc: 32.030 | Student Test Loss: 2.616 | Student Test Acc: 33.020 | Teacher Test F1: 0.302 | Student Test F1: 0.312 | Teacher Top 5 Accuracy: 0.656 | Student Top 5 Accuracy: 0.653 | Time: 2.397 | 
Running student landscape probe...
[LR policy] epoch=3 output=residual_log policy_pred=-0.268874 predicted_lr=0.980588 cosine_blend=0.750 lr_ema=0.000 cosine_after=0 next_student_lr=0.993850
[Train] Epoch: 4 | Teacher lr=0.9938 | Teacher Loss: 2.477 | Teacher Train Acc: 40.678 | Student lr=0.9939 | Student Train Acc: 47.998 | Time: 139.838 |
[Eval] Epoch: 4 | Teacher Test Loss: 2.453 | Teacher Test Acc: 35.920 | Student Test Loss: 2.470 | Student Test Acc: 36.450 | Teacher Test F1: 0.349 | Student Test F1: 0.353 | Teacher Top 5 Accuracy: 0.688 | Student Top 5 Accuracy: 0.680 | Time: 2.418 | 
Running student landscape probe...
[LR policy] epoch=4 output=residual_log policy_pred=-0.239479 predicted_lr=1.003396 cosine_blend=0.750 lr_ema=0.000 cosine_after=0 next_student_lr=0.989085
[Train] Epoch: 5 | Teacher lr=0.9891 | Teacher Loss: 2.290 | Teacher Train Acc: 45.490 | Student lr=0.9891 | Student Train Acc: 51.664 | Time: 139.836 |
[Eval] Epoch: 5 | Teacher Test Loss: 2.199 | Teacher Test Acc: 40.280 | Student Test Loss: 2.092 | Student Test Acc: 43.900 | Teacher Test F1: 0.390 | Student Test F1: 0.422 | Teacher Top 5 Accuracy: 0.745 | Student Top 5 Accuracy: 0.760 | Time: 2.437 | 
Running student landscape probe...
[LR policy] epoch=5 output=residual_log policy_pred=-0.260841 predicted_lr=0.976810 cosine_blend=0.750 lr_ema=0.000 cosine_after=0 next_student_lr=0.982980
[Train] Epoch: 6 | Teacher lr=0.9830 | Teacher Loss: 2.151 | Teacher Train Acc: 48.712 | Student lr=0.9830 | Student Train Acc: 53.912 | Time: 135.357 |
[Eval] Epoch: 6 | Teacher Test Loss: 2.241 | Teacher Test Acc: 40.420 | Student Test Loss: 2.289 | Student Test Acc: 40.240 | Teacher Test F1: 0.402 | Student Test F1: 0.391 | Teacher Top 5 Accuracy: 0.741 | Student Top 5 Accuracy: 0.733 | Time: 2.404 | 
Running student landscape probe...
[LR policy] epoch=6 output=residual_log policy_pred=-0.236830 predicted_lr=0.991230 cosine_blend=0.750 lr_ema=0.000 cosine_after=0 next_student_lr=0.975553
[Train] Epoch: 7 | Teacher lr=0.9755 | Teacher Loss: 2.056 | Teacher Train Acc: 51.312 | Student lr=0.9756 | Student Train Acc: 55.558 | Time: 142.122 |
[Eval] Epoch: 7 | Teacher Test Loss: 2.035 | Teacher Test Acc: 45.000 | Student Test Loss: 2.147 | Student Test Acc: 42.770 | Teacher Test F1: 0.437 | Student Test F1: 0.428 | Teacher Top 5 Accuracy: 0.774 | Student Top 5 Accuracy: 0.758 | Time: 2.464 | 
Running student landscape probe...
[LR policy] epoch=7 output=residual_log policy_pred=-0.261708 predicted_lr=0.959080 cosine_blend=0.750 lr_ema=0.000 cosine_after=0 next_student_lr=0.966823
[Train] Epoch: 8 | Teacher lr=0.9668 | Teacher Loss: 1.978 | Teacher Train Acc: 53.346 | Student lr=0.9668 | Student Train Acc: 56.528 | Time: 139.565 |
[Eval] Epoch: 8 | Teacher Test Loss: 2.084 | Teacher Test Acc: 44.120 | Student Test Loss: 2.529 | Student Test Acc: 37.130 | Teacher Test F1: 0.435 | Student Test F1: 0.368 | Teacher Top 5 Accuracy: 0.768 | Student Top 5 Accuracy: 0.701 | Time: 2.351 | 
Running student landscape probe...
[LR policy] epoch=8 output=residual_log policy_pred=-0.232877 predicted_lr=0.974887 cosine_blend=0.750 lr_ema=0.000 cosine_after=0 next_student_lr=0.956816
[Train] Epoch: 9 | Teacher lr=0.9568 | Teacher Loss: 4.824 | Teacher Train Acc: 6.746 | Student lr=0.9568 | Student Train Acc: 56.892 | Time: 142.424 |
[Eval] Epoch: 9 | Teacher Test Loss: 4.104 | Teacher Test Acc: 6.330 | Student Test Loss: 2.287 | Student Test Acc: 42.550 | Teacher Test F1: 0.033 | Student Test F1: 0.411 | Teacher Top 5 Accuracy: 0.239 | Student Top 5 Accuracy: 0.733 | Time: 2.284 | 
Running student landscape probe...
[LR policy] epoch=9 output=residual_log policy_pred=-0.251112 predicted_lr=0.945962 cosine_blend=0.750 lr_ema=0.000 cosine_after=0 next_student_lr=0.945558
[Train] Epoch: 10 | Teacher lr=0.9455 | Teacher Loss: 4.434 | Teacher Train Acc: 10.034 | Student lr=0.9456 | Student Train Acc: 56.110 | Time: 139.519 |
[Eval] Epoch: 10 | Teacher Test Loss: 3.643 | Teacher Test Acc: 14.400 | Student Test Loss: 2.484 | Student Test Acc: 38.030 | Teacher Test F1: 0.111 | Student Test F1: 0.370 | Teacher Top 5 Accuracy: 0.379 | Student Top 5 Accuracy: 0.691 | Time: 2.427 | 
Running student landscape probe...
[LR policy] epoch=10 output=residual_log policy_pred=-0.272197 predicted_lr=0.915892 cosine_blend=0.750 lr_ema=0.000 cosine_after=0 next_student_lr=0.933080
[Train] Epoch: 11 | Teacher lr=0.9330 | Teacher Loss: 3.063 | Teacher Train Acc: 31.946 | Student lr=0.9331 | Student Train Acc: 55.954 | Time: 142.369 |
[Eval] Epoch: 11 | Teacher Test Loss: 2.416 | Teacher Test Acc: 37.000 | Student Test Loss: 2.361 | Student Test Acc: 38.640 | Teacher Test F1: 0.361 | Student Test F1: 0.396 | Teacher Top 5 Accuracy: 0.722 | Student Top 5 Accuracy: 0.738 | Time: 2.486 | 
Running student landscape probe...
[LR policy] epoch=11 output=residual_log policy_pred=-0.266151 predicted_lr=0.909093 cosine_blend=0.750 lr_ema=0.000 cosine_after=0 next_student_lr=0.916835
[Train] Epoch: 12 | Teacher lr=0.9193 | Teacher Loss: 2.072 | Teacher Train Acc: 51.118 | Student lr=0.9168 | Student Train Acc: 58.044 | Time: 141.745 |
[Eval] Epoch: 12 | Teacher Test Loss: 1.979 | Teacher Test Acc: 46.520 | Student Test Loss: 2.202 | Student Test Acc: 43.390 | Teacher Test F1: 0.460 | Student Test F1: 0.428 | Teacher Top 5 Accuracy: 0.791 | Student Top 5 Accuracy: 0.749 | Time: 2.408 | 
Running student landscape probe...
[LR policy] epoch=12 output=residual_log policy_pred=-0.271402 predicted_lr=0.891236 cosine_blend=0.750 lr_ema=0.000 cosine_after=0 next_student_lr=0.901262
[Train] Epoch: 13 | Teacher lr=0.9045 | Teacher Loss: 1.911 | Teacher Train Acc: 54.972 | Student lr=0.9013 | Student Train Acc: 59.300 | Time: 140.608 |
[Eval] Epoch: 13 | Teacher Test Loss: 1.969 | Teacher Test Acc: 47.610 | Student Test Loss: 2.403 | Student Test Acc: 40.170 | Teacher Test F1: 0.466 | Student Test F1: 0.394 | Teacher Top 5 Accuracy: 0.790 | Student Top 5 Accuracy: 0.720 | Time: 2.361 | 
Running student landscape probe...
[LR policy] epoch=13 output=residual_log policy_pred=-0.263508 predicted_lr=0.883108 cosine_blend=0.750 lr_ema=0.000 cosine_after=0 next_student_lr=0.887290
[Train] Epoch: 14 | Teacher lr=0.8886 | Teacher Loss: 1.824 | Teacher Train Acc: 57.252 | Student lr=0.8873 | Student Train Acc: 59.530 | Time: 135.578 |
[Eval] Epoch: 14 | Teacher Test Loss: 1.713 | Teacher Test Acc: 52.440 | Student Test Loss: 2.311 | Student Test Acc: 40.510 | Teacher Test F1: 0.520 | Student Test F1: 0.392 | Teacher Top 5 Accuracy: 0.829 | Student Top 5 Accuracy: 0.728 | Time: 2.355 | 
Running student landscape probe...
[LR policy] epoch=14 output=residual_log policy_pred=-0.269836 predicted_lr=0.861855 cosine_blend=0.750 lr_ema=0.000 cosine_after=0 next_student_lr=0.869239
[Train] Epoch: 15 | Teacher lr=0.8716 | Teacher Loss: 1.766 | Teacher Train Acc: 58.922 | Student lr=0.8692 | Student Train Acc: 60.456 | Time: 141.747 |
[Eval] Epoch: 15 | Teacher Test Loss: 1.792 | Teacher Test Acc: 50.980 | Student Test Loss: 1.996 | Student Test Acc: 46.810 | Teacher Test F1: 0.506 | Student Test F1: 0.457 | Teacher Top 5 Accuracy: 0.816 | Student Top 5 Accuracy: 0.778 | Time: 2.431 | 
Running student landscape probe...
[LR policy] epoch=15 output=residual_log policy_pred=-0.264938 predicted_lr=0.848749 cosine_blend=0.750 lr_ema=0.000 cosine_after=0 next_student_lr=0.852462
[Train] Epoch: 16 | Teacher lr=0.8536 | Teacher Loss: 1.795 | Teacher Train Acc: 58.496 | Student lr=0.8525 | Student Train Acc: 60.782 | Time: 140.118 |
[Eval] Epoch: 16 | Teacher Test Loss: 1.579 | Teacher Test Acc: 55.650 | Student Test Loss: 2.580 | Student Test Acc: 36.700 | Teacher Test F1: 0.556 | Student Test F1: 0.372 | Teacher Top 5 Accuracy: 0.846 | Student Top 5 Accuracy: 0.697 | Time: 2.368 | 
Running student landscape probe...
[LR policy] epoch=16 output=residual_log policy_pred=-0.269656 predicted_lr=0.826854 cosine_blend=0.750 lr_ema=0.000 cosine_after=0 next_student_lr=0.832762
[Train] Epoch: 17 | Teacher lr=0.8346 | Teacher Loss: 1.670 | Teacher Train Acc: 61.324 | Student lr=0.8328 | Student Train Acc: 61.152 | Time: 135.143 |
[Eval] Epoch: 17 | Teacher Test Loss: 1.607 | Teacher Test Acc: 54.950 | Student Test Loss: 1.987 | Student Test Acc: 46.740 | Teacher Test F1: 0.545 | Student Test F1: 0.464 | Teacher Top 5 Accuracy: 0.843 | Student Top 5 Accuracy: 0.789 | Time: 2.340 | 
Running student landscape probe...
[LR policy] epoch=17 output=residual_log policy_pred=-0.269802 predicted_lr=0.807817 cosine_blend=0.750 lr_ema=0.000 cosine_after=0 next_student_lr=0.813088
[Train] Epoch: 18 | Teacher lr=0.8147 | Teacher Loss: 1.640 | Teacher Train Acc: 62.312 | Student lr=0.8131 | Student Train Acc: 61.584 | Time: 141.187 |
[Eval] Epoch: 18 | Teacher Test Loss: 1.705 | Teacher Test Acc: 53.270 | Student Test Loss: 2.103 | Student Test Acc: 45.370 | Teacher Test F1: 0.525 | Student Test F1: 0.444 | Teacher Top 5 Accuracy: 0.827 | Student Top 5 Accuracy: 0.763 | Time: 2.475 | 
Running student landscape probe...
[LR policy] epoch=18 output=residual_log policy_pred=-0.265764 predicted_lr=0.790799 cosine_blend=0.750 lr_ema=0.000 cosine_after=0 next_student_lr=0.793274
[Train] Epoch: 19 | Teacher lr=0.7939 | Teacher Loss: 1.607 | Teacher Train Acc: 63.298 | Student lr=0.7933 | Student Train Acc: 62.200 | Time: 142.056 |
[Eval] Epoch: 19 | Teacher Test Loss: 1.583 | Teacher Test Acc: 55.860 | Student Test Loss: 2.149 | Student Test Acc: 43.580 | Teacher Test F1: 0.553 | Student Test F1: 0.432 | Teacher Top 5 Accuracy: 0.855 | Student Top 5 Accuracy: 0.756 | Time: 2.358 | 
Running student landscape probe...
[LR policy] epoch=19 output=residual_log policy_pred=-0.259624 predicted_lr=0.773923 cosine_blend=0.750 lr_ema=0.000 cosine_after=0 next_student_lr=0.772891
[Train] Epoch: 20 | Teacher lr=0.7723 | Teacher Loss: 1.581 | Teacher Train Acc: 63.926 | Student lr=0.7729 | Student Train Acc: 62.502 | Time: 140.989 |
[Eval] Epoch: 20 | Teacher Test Loss: 1.612 | Teacher Test Acc: 55.100 | Student Test Loss: 2.194 | Student Test Acc: 44.130 | Teacher Test F1: 0.551 | Student Test F1: 0.435 | Teacher Top 5 Accuracy: 0.848 | Student Top 5 Accuracy: 0.757 | Time: 2.353 | 
Running student landscape probe...
[LR policy] epoch=20 output=residual_log policy_pred=-0.260920 predicted_lr=0.750576 cosine_blend=0.750 lr_ema=0.000 cosine_after=0 next_student_lr=0.750332
[Train] Epoch: 21 | Teacher lr=0.7500 | Teacher Loss: 1.555 | Teacher Train Acc: 64.700 | Student lr=0.7503 | Student Train Acc: 62.958 | Time: 142.486 |
[Eval] Epoch: 21 | Teacher Test Loss: 1.552 | Teacher Test Acc: 56.540 | Student Test Loss: 9.229 | Student Test Acc: 4.150 | Teacher Test F1: 0.565 | Student Test F1: 0.036 | Teacher Top 5 Accuracy: 0.851 | Student Top 5 Accuracy: 0.244 | Time: 2.500 | 
Running student landscape probe...
[LR policy] epoch=21 output=residual_log policy_pred=-0.258443 predicted_lr=0.729177 cosine_blend=0.750 lr_ema=0.000 cosine_after=0 next_student_lr=0.727745
[Train] Epoch: 22 | Teacher lr=0.7270 | Teacher Loss: 1.532 | Teacher Train Acc: 65.540 | Student lr=0.7277 | Student Train Acc: 63.050 | Time: 135.466 |
[Eval] Epoch: 22 | Teacher Test Loss: 1.406 | Teacher Test Acc: 59.510 | Student Test Loss: 2.181 | Student Test Acc: 45.080 | Teacher Test F1: 0.592 | Student Test F1: 0.441 | Teacher Top 5 Accuracy: 0.878 | Student Top 5 Accuracy: 0.751 | Time: 2.365 | 
Running student landscape probe...
[LR policy] epoch=22 output=residual_log policy_pred=-0.268361 predicted_lr=0.699059 cosine_blend=0.750 lr_ema=0.000 cosine_after=0 next_student_lr=0.702513
[Train] Epoch: 23 | Teacher lr=0.7034 | Teacher Loss: 1.498 | Teacher Train Acc: 66.304 | Student lr=0.7025 | Student Train Acc: 63.508 | Time: 141.693 |
[Eval] Epoch: 23 | Teacher Test Loss: 1.461 | Teacher Test Acc: 58.600 | Student Test Loss: 1.958 | Student Test Acc: 47.810 | Teacher Test F1: 0.585 | Student Test F1: 0.483 | Teacher Top 5 Accuracy: 0.864 | Student Top 5 Accuracy: 0.789 | Time: 2.359 | 
Running student landscape probe...
[LR policy] epoch=23 output=residual_log policy_pred=-0.264739 predicted_lr=0.677706 cosine_blend=0.750 lr_ema=0.000 cosine_after=0 next_student_lr=0.679055
[Train] Epoch: 24 | Teacher lr=0.6792 | Teacher Loss: 1.472 | Teacher Train Acc: 67.146 | Student lr=0.6791 | Student Train Acc: 64.116 | Time: 142.064 |
[Eval] Epoch: 24 | Teacher Test Loss: 1.432 | Teacher Test Acc: 59.790 | Student Test Loss: 1.770 | Student Test Acc: 51.440 | Teacher Test F1: 0.594 | Student Test F1: 0.508 | Teacher Top 5 Accuracy: 0.871 | Student Top 5 Accuracy: 0.819 | Time: 2.345 | 
Running student landscape probe...
[LR policy] epoch=24 output=residual_log policy_pred=-0.262247 predicted_lr=0.654760 cosine_blend=0.750 lr_ema=0.000 cosine_after=0 next_student_lr=0.654831
[Train] Epoch: 25 | Teacher lr=0.6545 | Teacher Loss: 1.455 | Teacher Train Acc: 67.384 | Student lr=0.6548 | Student Train Acc: 64.558 | Time: 142.084 |
[Eval] Epoch: 25 | Teacher Test Loss: 1.498 | Teacher Test Acc: 57.150 | Student Test Loss: 1.988 | Student Test Acc: 47.510 | Teacher Test F1: 0.569 | Student Test F1: 0.476 | Teacher Top 5 Accuracy: 0.863 | Student Top 5 Accuracy: 0.785 | Time: 2.489 | 
Running student landscape probe...
[LR policy] epoch=25 output=residual_log policy_pred=-0.266020 predicted_lr=0.627564 cosine_blend=0.750 lr_ema=0.000 cosine_after=0 next_student_lr=0.629226
[Train] Epoch: 26 | Teacher lr=0.6294 | Teacher Loss: 1.421 | Teacher Train Acc: 68.570 | Student lr=0.6292 | Student Train Acc: 64.988 | Time: 142.110 |
[Eval] Epoch: 26 | Teacher Test Loss: 1.522 | Teacher Test Acc: 57.310 | Student Test Loss: 2.173 | Student Test Acc: 44.450 | Teacher Test F1: 0.568 | Student Test F1: 0.447 | Teacher Top 5 Accuracy: 0.854 | Student Top 5 Accuracy: 0.760 | Time: 2.390 | 
Running student landscape probe...
[LR policy] epoch=26 output=residual_log policy_pred=-0.262817 predicted_lr=0.604177 cosine_blend=0.750 lr_ema=0.000 cosine_after=0 next_student_lr=0.604308
[Train] Epoch: 27 | Teacher lr=0.6040 | Teacher Loss: 1.402 | Teacher Train Acc: 68.970 | Student lr=0.6043 | Student Train Acc: 65.486 | Time: 139.624 |
[Eval] Epoch: 27 | Teacher Test Loss: 1.380 | Teacher Test Acc: 60.820 | Student Test Loss: 1.980 | Student Test Acc: 47.750 | Teacher Test F1: 0.608 | Student Test F1: 0.482 | Teacher Top 5 Accuracy: 0.880 | Student Top 5 Accuracy: 0.788 | Time: 2.350 | 
Running student landscape probe...
[LR policy] epoch=27 output=residual_log policy_pred=-0.265868 predicted_lr=0.576902 cosine_blend=0.750 lr_ema=0.000 cosine_after=0 next_student_lr=0.578205
[Train] Epoch: 28 | Teacher lr=0.5782 | Teacher Loss: 1.369 | Teacher Train Acc: 70.118 | Student lr=0.5782 | Student Train Acc: 65.848 | Time: 142.402 |
[Eval] Epoch: 28 | Teacher Test Loss: 1.336 | Teacher Test Acc: 61.850 | Student Test Loss: 1.903 | Student Test Acc: 49.190 | Teacher Test F1: 0.621 | Student Test F1: 0.499 | Teacher Top 5 Accuracy: 0.887 | Student Top 5 Accuracy: 0.804 | Time: 2.367 | 
Running student landscape probe...
[LR policy] epoch=28 output=residual_log policy_pred=-0.265362 predicted_lr=0.551469 cosine_blend=0.750 lr_ema=0.000 cosine_after=0 next_student_lr=0.552401
[Train] Epoch: 29 | Teacher lr=0.5523 | Teacher Loss: 1.347 | Teacher Train Acc: 70.554 | Student lr=0.5524 | Student Train Acc: 66.172 | Time: 138.385 |
[Eval] Epoch: 29 | Teacher Test Loss: 1.323 | Teacher Test Acc: 62.220 | Student Test Loss: 1.791 | Student Test Acc: 51.860 | Teacher Test F1: 0.621 | Student Test F1: 0.523 | Teacher Top 5 Accuracy: 0.889 | Student Top 5 Accuracy: 0.815 | Time: 2.427 | 
Running student landscape probe...
[LR policy] epoch=29 output=residual_log policy_pred=-0.266127 predicted_lr=0.525215 cosine_blend=0.750 lr_ema=0.000 cosine_after=0 next_student_lr=0.526285
[Train] Epoch: 30 | Teacher lr=0.5262 | Teacher Loss: 1.316 | Teacher Train Acc: 71.312 | Student lr=0.5263 | Student Train Acc: 66.818 | Time: 139.397 |
[Eval] Epoch: 30 | Teacher Test Loss: 1.425 | Teacher Test Acc: 59.730 | Student Test Loss: 1.811 | Student Test Acc: 51.450 | Teacher Test F1: 0.597 | Student Test F1: 0.518 | Teacher Top 5 Accuracy: 0.872 | Student Top 5 Accuracy: 0.813 | Time: 2.465 | 
Running student landscape probe...
[LR policy] epoch=30 output=residual_log policy_pred=-0.263242 predicted_lr=0.500577 cosine_blend=0.750 lr_ema=0.000 cosine_after=0 next_student_lr=0.500519
[Train] Epoch: 31 | Teacher lr=0.5000 | Teacher Loss: 1.295 | Teacher Train Acc: 71.892 | Student lr=0.5005 | Student Train Acc: 67.074 | Time: 137.340 |
[Eval] Epoch: 31 | Teacher Test Loss: 1.327 | Teacher Test Acc: 62.230 | Student Test Loss: 1.793 | Student Test Acc: 52.430 | Teacher Test F1: 0.620 | Student Test F1: 0.520 | Teacher Top 5 Accuracy: 0.884 | Student Top 5 Accuracy: 0.816 | Time: 2.369 | 
Running student landscape probe...
[LR policy] epoch=31 output=residual_log policy_pred=-0.265476 predicted_lr=0.473471 cosine_blend=0.750 lr_ema=0.000 cosine_after=0 next_student_lr=0.474136
[Train] Epoch: 32 | Teacher lr=0.4738 | Teacher Loss: 1.268 | Teacher Train Acc: 72.784 | Student lr=0.4741 | Student Train Acc: 67.594 | Time: 140.085 |
[Eval] Epoch: 32 | Teacher Test Loss: 1.260 | Teacher Test Acc: 63.600 | Student Test Loss: 1.550 | Student Test Acc: 56.650 | Teacher Test F1: 0.638 | Student Test F1: 0.563 | Teacher Top 5 Accuracy: 0.900 | Student Top 5 Accuracy: 0.849 | Time: 2.371 | 
Running student landscape probe...
[LR policy] epoch=32 output=residual_log policy_pred=-0.261060 predicted_lr=0.449316 cosine_blend=0.750 lr_ema=0.000 cosine_after=0 next_student_lr=0.448545
[Train] Epoch: 33 | Teacher lr=0.4477 | Teacher Loss: 1.242 | Teacher Train Acc: 73.478 | Student lr=0.4485 | Student Train Acc: 68.300 | Time: 141.995 |
[Eval] Epoch: 33 | Teacher Test Loss: 1.298 | Teacher Test Acc: 63.450 | Student Test Loss: 1.719 | Student Test Acc: 53.520 | Teacher Test F1: 0.636 | Student Test F1: 0.536 | Teacher Top 5 Accuracy: 0.894 | Student Top 5 Accuracy: 0.825 | Time: 2.338 | 
Running student landscape probe...
[LR policy] epoch=33 output=residual_log policy_pred=-0.263344 predicted_lr=0.422363 cosine_blend=0.750 lr_ema=0.000 cosine_after=0 next_student_lr=0.422362
[Train] Epoch: 34 | Teacher lr=0.4218 | Teacher Loss: 1.207 | Teacher Train Acc: 74.518 | Student lr=0.4224 | Student Train Acc: 68.698 | Time: 139.607 |
[Eval] Epoch: 34 | Teacher Test Loss: 1.299 | Teacher Test Acc: 63.280 | Student Test Loss: 1.831 | Student Test Acc: 51.770 | Teacher Test F1: 0.631 | Student Test F1: 0.515 | Teacher Top 5 Accuracy: 0.891 | Student Top 5 Accuracy: 0.805 | Time: 2.443 | 
Running student landscape probe...
[LR policy] epoch=34 output=residual_log policy_pred=-0.267810 predicted_lr=0.395059 cosine_blend=0.750 lr_ema=0.000 cosine_after=0 next_student_lr=0.396251
[Train] Epoch: 35 | Teacher lr=0.3960 | Teacher Loss: 1.180 | Teacher Train Acc: 75.244 | Student lr=0.3963 | Student Train Acc: 69.264 | Time: 135.700 |
[Eval] Epoch: 35 | Teacher Test Loss: 1.231 | Teacher Test Acc: 64.590 | Student Test Loss: 1.682 | Student Test Acc: 53.660 | Teacher Test F1: 0.644 | Student Test F1: 0.536 | Teacher Top 5 Accuracy: 0.900 | Student Top 5 Accuracy: 0.833 | Time: 2.350 | 
Running student landscape probe...
[LR policy] epoch=35 output=residual_log policy_pred=-0.265958 predicted_lr=0.370498 cosine_blend=0.750 lr_ema=0.000 cosine_after=0 next_student_lr=0.371039
[Train] Epoch: 36 | Teacher lr=0.3706 | Teacher Loss: 1.151 | Teacher Train Acc: 76.084 | Student lr=0.3710 | Student Train Acc: 70.182 | Time: 135.428 |
[Eval] Epoch: 36 | Teacher Test Loss: 1.187 | Teacher Test Acc: 65.960 | Student Test Loss: 1.677 | Student Test Acc: 54.860 | Teacher Test F1: 0.658 | Student Test F1: 0.542 | Teacher Top 5 Accuracy: 0.905 | Student Top 5 Accuracy: 0.833 | Time: 2.366 | 
Running student landscape probe...
[LR policy] epoch=36 output=residual_log policy_pred=-0.267236 predicted_lr=0.345143 cosine_blend=0.750 lr_ema=0.000 cosine_after=0 next_student_lr=0.345895
[Train] Epoch: 37 | Teacher lr=0.3455 | Teacher Loss: 1.123 | Teacher Train Acc: 76.776 | Student lr=0.3459 | Student Train Acc: 70.522 | Time: 141.784 |
[Eval] Epoch: 37 | Teacher Test Loss: 1.167 | Teacher Test Acc: 66.130 | Student Test Loss: 1.626 | Student Test Acc: 55.970 | Teacher Test F1: 0.661 | Student Test F1: 0.563 | Teacher Top 5 Accuracy: 0.912 | Student Top 5 Accuracy: 0.842 | Time: 2.394 | 
Running student landscape probe...
[LR policy] epoch=37 output=residual_log policy_pred=-0.262529 predicted_lr=0.322018 cosine_blend=0.750 lr_ema=0.000 cosine_after=0 next_student_lr=0.321626
[Train] Epoch: 38 | Teacher lr=0.3208 | Teacher Loss: 1.085 | Teacher Train Acc: 77.816 | Student lr=0.3216 | Student Train Acc: 71.078 | Time: 142.066 |
[Eval] Epoch: 38 | Teacher Test Loss: 1.139 | Teacher Test Acc: 67.080 | Student Test Loss: 1.601 | Student Test Acc: 56.610 | Teacher Test F1: 0.671 | Student Test F1: 0.561 | Teacher Top 5 Accuracy: 0.912 | Student Top 5 Accuracy: 0.846 | Time: 2.392 | 
Running student landscape probe...
[LR policy] epoch=38 output=residual_log policy_pred=-0.261911 predicted_lr=0.297936 cosine_blend=0.750 lr_ema=0.000 cosine_after=0 next_student_lr=0.297485
[Train] Epoch: 39 | Teacher lr=0.2966 | Teacher Loss: 1.057 | Teacher Train Acc: 78.816 | Student lr=0.2975 | Student Train Acc: 71.866 | Time: 141.793 |
[Eval] Epoch: 39 | Teacher Test Loss: 1.108 | Teacher Test Acc: 67.990 | Student Test Loss: 1.687 | Student Test Acc: 54.270 | Teacher Test F1: 0.683 | Student Test F1: 0.540 | Teacher Top 5 Accuracy: 0.913 | Student Top 5 Accuracy: 0.831 | Time: 2.404 | 
Running student landscape probe...
[LR policy] epoch=39 output=residual_log policy_pred=-0.263492 predicted_lr=0.273840 cosine_blend=0.750 lr_ema=0.000 cosine_after=0 next_student_lr=0.273759
[Train] Epoch: 40 | Teacher lr=0.2730 | Teacher Loss: 1.025 | Teacher Train Acc: 79.628 | Student lr=0.2738 | Student Train Acc: 72.376 | Time: 141.871 |
[Eval] Epoch: 40 | Teacher Test Loss: 1.080 | Teacher Test Acc: 68.810 | Student Test Loss: 1.541 | Student Test Acc: 57.880 | Teacher Test F1: 0.689 | Student Test F1: 0.579 | Teacher Top 5 Accuracy: 0.916 | Student Top 5 Accuracy: 0.856 | Time: 2.368 | 
Running student landscape probe...
[LR policy] epoch=40 output=residual_log policy_pred=-0.261852 predicted_lr=0.251209 cosine_blend=0.750 lr_ema=0.000 cosine_after=0 next_student_lr=0.250865
[Train] Epoch: 41 | Teacher lr=0.2500 | Teacher Loss: 0.983 | Teacher Train Acc: 80.942 | Student lr=0.2509 | Student Train Acc: 73.420 | Time: 139.953 |
[Eval] Epoch: 41 | Teacher Test Loss: 1.096 | Teacher Test Acc: 68.540 | Student Test Loss: 1.572 | Student Test Acc: 57.190 | Teacher Test F1: 0.689 | Student Test F1: 0.575 | Teacher Top 5 Accuracy: 0.917 | Student Top 5 Accuracy: 0.856 | Time: 2.610 | 
Running student landscape probe...
[LR policy] epoch=41 output=residual_log policy_pred=-0.265168 predicted_lr=0.228148 cosine_blend=0.750 lr_ema=0.000 cosine_after=0 next_student_lr=0.228376
[Train] Epoch: 42 | Teacher lr=0.2277 | Teacher Loss: 0.951 | Teacher Train Acc: 82.174 | Student lr=0.2284 | Student Train Acc: 73.440 | Time: 140.085 |
[Eval] Epoch: 42 | Teacher Test Loss: 1.056 | Teacher Test Acc: 69.390 | Student Test Loss: 1.489 | Student Test Acc: 58.750 | Teacher Test F1: 0.693 | Student Test F1: 0.584 | Teacher Top 5 Accuracy: 0.919 | Student Top 5 Accuracy: 0.862 | Time: 2.586 | 
Running student landscape probe...
[LR policy] epoch=42 output=residual_log policy_pred=-0.260589 predicted_lr=0.207506 cosine_blend=0.750 lr_ema=0.000 cosine_after=0 next_student_lr=0.207052
[Train] Epoch: 43 | Teacher lr=0.2061 | Teacher Loss: 0.913 | Teacher Train Acc: 83.106 | Student lr=0.2071 | Student Train Acc: 74.776 | Time: 142.232 |
[Eval] Epoch: 43 | Teacher Test Loss: 1.004 | Teacher Test Acc: 70.870 | Student Test Loss: 1.527 | Student Test Acc: 58.100 | Teacher Test F1: 0.709 | Student Test F1: 0.580 | Teacher Top 5 Accuracy: 0.926 | Student Top 5 Accuracy: 0.856 | Time: 2.406 | 
Running student landscape probe...
[LR policy] epoch=43 output=residual_log policy_pred=-0.265041 predicted_lr=0.185898 cosine_blend=0.750 lr_ema=0.000 cosine_after=0 next_student_lr=0.186090
[Train] Epoch: 44 | Teacher lr=0.1853 | Teacher Loss: 0.874 | Teacher Train Acc: 84.396 | Student lr=0.1861 | Student Train Acc: 75.326 | Time: 135.645 |
[Eval] Epoch: 44 | Teacher Test Loss: 0.978 | Teacher Test Acc: 72.130 | Student Test Loss: 1.409 | Student Test Acc: 61.730 | Teacher Test F1: 0.722 | Student Test F1: 0.616 | Teacher Top 5 Accuracy: 0.927 | Student Top 5 Accuracy: 0.879 | Time: 2.396 | 
Running student landscape probe...
[LR policy] epoch=44 output=residual_log policy_pred=-0.260812 predicted_lr=0.166696 cosine_blend=0.750 lr_ema=0.000 cosine_after=0 next_student_lr=0.166376
[Train] Epoch: 45 | Teacher lr=0.1654 | Teacher Loss: 0.834 | Teacher Train Acc: 85.594 | Student lr=0.1664 | Student Train Acc: 76.324 | Time: 141.852 |
[Eval] Epoch: 45 | Teacher Test Loss: 0.950 | Teacher Test Acc: 72.790 | Student Test Loss: 1.377 | Student Test Acc: 61.860 | Teacher Test F1: 0.728 | Student Test F1: 0.619 | Teacher Top 5 Accuracy: 0.934 | Student Top 5 Accuracy: 0.881 | Time: 2.395 | 
Running student landscape probe...
[LR policy] epoch=45 output=residual_log policy_pred=-0.263213 predicted_lr=0.147322 cosine_blend=0.750 lr_ema=0.000 cosine_after=0 next_student_lr=0.147306
[Train] Epoch: 46 | Teacher lr=0.1464 | Teacher Loss: 0.793 | Teacher Train Acc: 86.896 | Student lr=0.1473 | Student Train Acc: 77.368 | Time: 139.605 |
[Eval] Epoch: 46 | Teacher Test Loss: 0.932 | Teacher Test Acc: 72.960 | Student Test Loss: 1.324 | Student Test Acc: 63.410 | Teacher Test F1: 0.729 | Student Test F1: 0.634 | Teacher Top 5 Accuracy: 0.936 | Student Top 5 Accuracy: 0.888 | Time: 2.460 | 
Running student landscape probe...
[LR policy] epoch=46 output=residual_log policy_pred=-0.262760 predicted_lr=0.129369 cosine_blend=0.750 lr_ema=0.000 cosine_after=0 next_student_lr=0.129317
[Train] Epoch: 47 | Teacher lr=0.1284 | Teacher Loss: 0.753 | Teacher Train Acc: 88.032 | Student lr=0.1293 | Student Train Acc: 78.156 | Time: 135.611 |
[Eval] Epoch: 47 | Teacher Test Loss: 0.920 | Teacher Test Acc: 73.440 | Student Test Loss: 1.464 | Student Test Acc: 61.210 | Teacher Test F1: 0.735 | Student Test F1: 0.611 | Teacher Top 5 Accuracy: 0.936 | Student Top 5 Accuracy: 0.873 | Time: 2.416 | 
Running student landscape probe...
[LR policy] epoch=47 output=residual_log policy_pred=-0.263954 predicted_lr=0.112249 cosine_blend=0.750 lr_ema=0.000 cosine_after=0 next_student_lr=0.112299
[Train] Epoch: 48 | Teacher lr=0.1114 | Teacher Loss: 0.710 | Teacher Train Acc: 89.294 | Student lr=0.1123 | Student Train Acc: 79.192 | Time: 136.087 |
[Eval] Epoch: 48 | Teacher Test Loss: 0.922 | Teacher Test Acc: 73.030 | Student Test Loss: 1.382 | Student Test Acc: 62.840 | Teacher Test F1: 0.731 | Student Test F1: 0.631 | Teacher Top 5 Accuracy: 0.936 | Student Top 5 Accuracy: 0.885 | Time: 2.465 | 
Running student landscape probe...
[LR policy] epoch=48 output=residual_log policy_pred=-0.264824 predicted_lr=0.096270 cosine_blend=0.750 lr_ema=0.000 cosine_after=0 next_student_lr=0.096364
[Train] Epoch: 49 | Teacher lr=0.0955 | Teacher Loss: 0.673 | Teacher Train Acc: 90.656 | Student lr=0.0964 | Student Train Acc: 80.028 | Time: 135.705 |
[Eval] Epoch: 49 | Teacher Test Loss: 0.899 | Teacher Test Acc: 73.860 | Student Test Loss: 1.320 | Student Test Acc: 63.950 | Teacher Test F1: 0.740 | Student Test F1: 0.642 | Teacher Top 5 Accuracy: 0.940 | Student Top 5 Accuracy: 0.893 | Time: 2.468 | 
Running student landscape probe...
[LR policy] epoch=49 output=residual_log policy_pred=-0.262546 predicted_lr=0.081655 cosine_blend=0.750 lr_ema=0.000 cosine_after=0 next_student_lr=0.081602
[Train] Epoch: 50 | Teacher lr=0.0807 | Teacher Loss: 0.628 | Teacher Train Acc: 91.990 | Student lr=0.0816 | Student Train Acc: 81.236 | Time: 135.705 |
[Eval] Epoch: 50 | Teacher Test Loss: 0.881 | Teacher Test Acc: 74.460 | Student Test Loss: 1.267 | Student Test Acc: 65.360 | Teacher Test F1: 0.744 | Student Test F1: 0.652 | Teacher Top 5 Accuracy: 0.939 | Student Top 5 Accuracy: 0.897 | Time: 2.424 | 
Running student landscape probe...
[LR policy] epoch=50 output=residual_log policy_pred=-0.263620 predicted_lr=0.067908 cosine_blend=0.750 lr_ema=0.000 cosine_after=0 next_student_lr=0.067917
[Train] Epoch: 51 | Teacher lr=0.0670 | Teacher Loss: 0.590 | Teacher Train Acc: 92.942 | Student lr=0.0679 | Student Train Acc: 82.412 | Time: 135.554 |
[Eval] Epoch: 51 | Teacher Test Loss: 0.865 | Teacher Test Acc: 74.680 | Student Test Loss: 1.251 | Student Test Acc: 66.010 | Teacher Test F1: 0.747 | Student Test F1: 0.659 | Teacher Top 5 Accuracy: 0.942 | Student Top 5 Accuracy: 0.904 | Time: 2.504 | 
Running student landscape probe...
[LR policy] epoch=51 output=residual_log policy_pred=-0.264888 predicted_lr=0.055370 cosine_blend=0.750 lr_ema=0.000 cosine_after=0 next_student_lr=0.055424
[Train] Epoch: 52 | Teacher lr=0.0545 | Teacher Loss: 0.555 | Teacher Train Acc: 93.966 | Student lr=0.0554 | Student Train Acc: 83.338 | Time: 142.285 |
[Eval] Epoch: 52 | Teacher Test Loss: 0.855 | Teacher Test Acc: 74.760 | Student Test Loss: 1.214 | Student Test Acc: 66.790 | Teacher Test F1: 0.748 | Student Test F1: 0.667 | Teacher Top 5 Accuracy: 0.944 | Student Top 5 Accuracy: 0.905 | Time: 2.378 | 
Running student landscape probe...
[LR policy] epoch=52 output=residual_log policy_pred=-0.264890 predicted_lr=0.044132 cosine_blend=0.750 lr_ema=0.000 cosine_after=0 next_student_lr=0.044171
[Train] Epoch: 53 | Teacher lr=0.0432 | Teacher Loss: 0.515 | Teacher Train Acc: 94.846 | Student lr=0.0442 | Student Train Acc: 84.534 | Time: 142.281 |
[Eval] Epoch: 53 | Teacher Test Loss: 0.843 | Teacher Test Acc: 75.220 | Student Test Loss: 1.219 | Student Test Acc: 67.200 | Teacher Test F1: 0.753 | Student Test F1: 0.674 | Teacher Top 5 Accuracy: 0.947 | Student Top 5 Accuracy: 0.908 | Time: 2.409 | 
Running student landscape probe...
[LR policy] epoch=53 output=residual_log policy_pred=-0.262563 predicted_lr=0.034212 cosine_blend=0.750 lr_ema=0.000 cosine_after=0 next_student_lr=0.034185
[Train] Epoch: 54 | Teacher lr=0.0332 | Teacher Loss: 0.482 | Teacher Train Acc: 95.634 | Student lr=0.0342 | Student Train Acc: 85.816 | Time: 141.945 |
[Eval] Epoch: 54 | Teacher Test Loss: 0.832 | Teacher Test Acc: 76.010 | Student Test Loss: 1.192 | Student Test Acc: 67.850 | Teacher Test F1: 0.761 | Student Test F1: 0.677 | Teacher Top 5 Accuracy: 0.946 | Student Top 5 Accuracy: 0.911 | Time: 2.408 | 
Running student landscape probe...
[LR policy] epoch=54 output=residual_log policy_pred=-0.264564 predicted_lr=0.025425 cosine_blend=0.750 lr_ema=0.000 cosine_after=0 next_student_lr=0.025442
[Train] Epoch: 55 | Teacher lr=0.0245 | Teacher Loss: 0.453 | Teacher Train Acc: 96.292 | Student lr=0.0254 | Student Train Acc: 87.088 | Time: 142.471 |
[Eval] Epoch: 55 | Teacher Test Loss: 0.831 | Teacher Test Acc: 76.080 | Student Test Loss: 1.170 | Student Test Acc: 68.480 | Teacher Test F1: 0.761 | Student Test F1: 0.684 | Teacher Top 5 Accuracy: 0.946 | Student Top 5 Accuracy: 0.913 | Time: 2.382 | 
Running student landscape probe...
[LR policy] epoch=55 output=residual_log policy_pred=-0.263576 predicted_lr=0.018022 cosine_blend=0.750 lr_ema=0.000 cosine_after=0 next_student_lr=0.018021
[Train] Epoch: 56 | Teacher lr=0.0170 | Teacher Loss: 0.427 | Teacher Train Acc: 96.664 | Student lr=0.0180 | Student Train Acc: 87.940 | Time: 142.131 |
[Eval] Epoch: 56 | Teacher Test Loss: 0.835 | Teacher Test Acc: 76.340 | Student Test Loss: 1.147 | Student Test Acc: 69.050 | Teacher Test F1: 0.764 | Student Test F1: 0.690 | Teacher Top 5 Accuracy: 0.945 | Student Top 5 Accuracy: 0.919 | Time: 2.379 | 
Running student landscape probe...
[LR policy] epoch=56 output=residual_log policy_pred=-0.264852 predicted_lr=0.011903 cosine_blend=0.750 lr_ema=0.000 cosine_after=0 next_student_lr=0.011912
[Train] Epoch: 57 | Teacher lr=0.0109 | Teacher Loss: 0.405 | Teacher Train Acc: 97.096 | Student lr=0.0119 | Student Train Acc: 88.920 | Time: 140.031 |
[Eval] Epoch: 57 | Teacher Test Loss: 0.827 | Teacher Test Acc: 76.320 | Student Test Loss: 1.146 | Student Test Acc: 69.290 | Teacher Test F1: 0.764 | Student Test F1: 0.693 | Teacher Top 5 Accuracy: 0.947 | Student Top 5 Accuracy: 0.918 | Time: 2.433 | 
Running student landscape probe...
[LR policy] epoch=57 output=residual_log policy_pred=-0.262289 predicted_lr=0.007159 cosine_blend=0.750 lr_ema=0.000 cosine_after=0 next_student_lr=0.007152
[Train] Epoch: 58 | Teacher lr=0.0062 | Teacher Loss: 0.387 | Teacher Train Acc: 97.336 | Student lr=0.0072 | Student Train Acc: 90.008 | Time: 140.095 |
[Eval] Epoch: 58 | Teacher Test Loss: 0.826 | Teacher Test Acc: 76.410 | Student Test Loss: 1.135 | Student Test Acc: 69.580 | Teacher Test F1: 0.765 | Student Test F1: 0.696 | Teacher Top 5 Accuracy: 0.947 | Student Top 5 Accuracy: 0.919 | Time: 2.527 | 
Running student landscape probe...
[LR policy] epoch=58 output=residual_log policy_pred=-0.264622 predicted_lr=0.003733 cosine_blend=0.750 lr_ema=0.000 cosine_after=0 next_student_lr=0.003735
[Train] Epoch: 59 | Teacher lr=0.0027 | Teacher Loss: 0.378 | Teacher Train Acc: 97.522 | Student lr=0.0037 | Student Train Acc: 90.430 | Time: 135.589 |
[Eval] Epoch: 59 | Teacher Test Loss: 0.826 | Teacher Test Acc: 76.440 | Student Test Loss: 1.130 | Student Test Acc: 69.800 | Teacher Test F1: 0.765 | Student Test F1: 0.698 | Teacher Top 5 Accuracy: 0.947 | Student Top 5 Accuracy: 0.919 | Time: 2.404 | 
Running student landscape probe...
[LR policy] epoch=59 output=residual_log policy_pred=-0.261397 predicted_lr=0.001688 cosine_blend=0.750 lr_ema=0.000 cosine_after=0 next_student_lr=0.001685
[Train] Epoch: 60 | Teacher lr=0.0007 | Teacher Loss: 0.369 | Teacher Train Acc: 97.650 | Student lr=0.0017 | Student Train Acc: 90.572 | Time: 139.390 |
[Eval] Epoch: 60 | Teacher Test Loss: 0.825 | Teacher Test Acc: 76.380 | Student Test Loss: 1.126 | Student Test Acc: 69.900 | Teacher Test F1: 0.764 | Student Test F1: 0.699 | Teacher Top 5 Accuracy: 0.948 | Student Top 5 Accuracy: 0.919 | Time: 2.429 | 
Running student landscape probe...
[LR policy] epoch=60 output=residual_log policy_pred=-0.262418 predicted_lr=0.001001 cosine_blend=0.750 lr_ema=0.000 cosine_after=0 next_student_lr=0.001000
ckpt location: ckpt/robust12h_mlspace/O3_patchtst_top5_zeromean09_blend075_seed1_60ep.pt
