depth_list: [110, 20]
Dataset information: cifar100	 50000 images for training 	 10000 images for testing	
teacher depth: 110
student depth: 20
Total number of teacher parameters: 1,169,972
Total number of student parameters: 278,132
Snapshots will be saved to: snapshots/robust12h_mlspace/O4_sf_sgd_lr07_seed2_35ep
==== train and evaluate unequal restart ====
[scheduler] Schedule-Free sf_sgd active (lr=0.7, wd=0.0001, warmup=200)
[Eval] Epoch: 0 | Teacher Test Loss: 11623.433 | Teacher Test Acc: 1.000 | Student Test Loss: 6.044 | Student Test Acc: 1.110 | Teacher Test F1: 0.000 | Student Test F1: 0.000 | Teacher Top 5 Accuracy: 0.049 | Student Top 5 Accuracy: 0.052 | Time: 3.036 | 
Running student landscape probe...
[Train] Epoch: 1 | Teacher lr=0.7000 | Teacher Loss: 4.462 | Teacher Train Acc: 4.342 | Student lr=0.7000 | Student Train Acc: 9.846 | Time: 139.928 |
[Eval] Epoch: 1 | Teacher Test Loss: 4.033 | Teacher Test Acc: 8.790 | Student Test Loss: 3.576 | Student Test Acc: 14.710 | Teacher Test F1: 0.057 | Student Test F1: 0.107 | Teacher Top 5 Accuracy: 0.258 | Student Top 5 Accuracy: 0.403 | Time: 2.525 | 
Running student landscape probe...
[Train] Epoch: 2 | Teacher lr=0.7000 | Teacher Loss: 3.999 | Teacher Train Acc: 10.996 | Student lr=0.7000 | Student Train Acc: 21.070 | Time: 142.125 |
[Eval] Epoch: 2 | Teacher Test Loss: 3.741 | Teacher Test Acc: 12.030 | Student Test Loss: 3.147 | Student Test Acc: 22.250 | Teacher Test F1: 0.089 | Student Test F1: 0.187 | Teacher Top 5 Accuracy: 0.346 | Student Top 5 Accuracy: 0.520 | Time: 2.421 | 
Running student landscape probe...
[Train] Epoch: 3 | Teacher lr=0.7000 | Teacher Loss: 3.770 | Teacher Train Acc: 15.104 | Student lr=0.7000 | Student Train Acc: 30.682 | Time: 142.128 |
[Eval] Epoch: 3 | Teacher Test Loss: 3.512 | Teacher Test Acc: 15.560 | Student Test Loss: 2.821 | Student Test Acc: 28.790 | Teacher Test F1: 0.131 | Student Test F1: 0.267 | Teacher Top 5 Accuracy: 0.409 | Student Top 5 Accuracy: 0.599 | Time: 2.561 | 
Running student landscape probe...
[Train] Epoch: 4 | Teacher lr=0.7000 | Teacher Loss: 3.621 | Teacher Train Acc: 18.304 | Student lr=0.7000 | Student Train Acc: 37.108 | Time: 139.979 |
[Eval] Epoch: 4 | Teacher Test Loss: 3.433 | Teacher Test Acc: 16.980 | Student Test Loss: 2.890 | Student Test Acc: 27.890 | Teacher Test F1: 0.139 | Student Test F1: 0.270 | Teacher Top 5 Accuracy: 0.436 | Student Top 5 Accuracy: 0.587 | Time: 2.420 | 
Running student landscape probe...
[Train] Epoch: 5 | Teacher lr=0.7000 | Teacher Loss: 3.462 | Teacher Train Acc: 21.750 | Student lr=0.7000 | Student Train Acc: 42.194 | Time: 141.473 |
[Eval] Epoch: 5 | Teacher Test Loss: 3.330 | Teacher Test Acc: 19.210 | Student Test Loss: 2.865 | Student Test Acc: 29.750 | Teacher Test F1: 0.161 | Student Test F1: 0.292 | Teacher Top 5 Accuracy: 0.475 | Student Top 5 Accuracy: 0.598 | Time: 2.463 | 
Running student landscape probe...
[Train] Epoch: 6 | Teacher lr=0.7000 | Teacher Loss: 3.295 | Teacher Train Acc: 25.026 | Student lr=0.7000 | Student Train Acc: 46.176 | Time: 141.512 |
[Eval] Epoch: 6 | Teacher Test Loss: 3.234 | Teacher Test Acc: 20.550 | Student Test Loss: 2.353 | Student Test Acc: 38.780 | Teacher Test F1: 0.180 | Student Test F1: 0.375 | Teacher Top 5 Accuracy: 0.499 | Student Top 5 Accuracy: 0.706 | Time: 2.426 | 
Running student landscape probe...
[Train] Epoch: 7 | Teacher lr=0.7000 | Teacher Loss: 3.122 | Teacher Train Acc: 28.062 | Student lr=0.7000 | Student Train Acc: 49.408 | Time: 141.720 |
[Eval] Epoch: 7 | Teacher Test Loss: 3.070 | Teacher Test Acc: 23.450 | Student Test Loss: 2.157 | Student Test Acc: 43.190 | Teacher Test F1: 0.212 | Student Test F1: 0.423 | Teacher Top 5 Accuracy: 0.542 | Student Top 5 Accuracy: 0.746 | Time: 2.402 | 
Running student landscape probe...
[Train] Epoch: 8 | Teacher lr=0.7000 | Teacher Loss: 2.961 | Teacher Train Acc: 31.262 | Student lr=0.7000 | Student Train Acc: 52.202 | Time: 141.450 |
[Eval] Epoch: 8 | Teacher Test Loss: 3.118 | Teacher Test Acc: 23.470 | Student Test Loss: 2.086 | Student Test Acc: 44.840 | Teacher Test F1: 0.214 | Student Test F1: 0.443 | Teacher Top 5 Accuracy: 0.522 | Student Top 5 Accuracy: 0.762 | Time: 2.424 | 
Running student landscape probe...
[Train] Epoch: 9 | Teacher lr=0.7000 | Teacher Loss: 2.816 | Teacher Train Acc: 34.214 | Student lr=0.7000 | Student Train Acc: 54.538 | Time: 141.539 |
[Eval] Epoch: 9 | Teacher Test Loss: 2.962 | Teacher Test Acc: 26.760 | Student Test Loss: 2.022 | Student Test Acc: 46.260 | Teacher Test F1: 0.248 | Student Test F1: 0.461 | Teacher Top 5 Accuracy: 0.573 | Student Top 5 Accuracy: 0.771 | Time: 2.355 | 
Running student landscape probe...
[Train] Epoch: 10 | Teacher lr=0.7000 | Teacher Loss: 2.699 | Teacher Train Acc: 36.696 | Student lr=0.7000 | Student Train Acc: 56.690 | Time: 139.694 |
[Eval] Epoch: 10 | Teacher Test Loss: 2.906 | Teacher Test Acc: 28.000 | Student Test Loss: 1.996 | Student Test Acc: 46.630 | Teacher Test F1: 0.262 | Student Test F1: 0.462 | Teacher Top 5 Accuracy: 0.584 | Student Top 5 Accuracy: 0.771 | Time: 2.361 | 
Running student landscape probe...
[Train] Epoch: 11 | Teacher lr=0.7000 | Teacher Loss: 2.579 | Teacher Train Acc: 39.230 | Student lr=0.7000 | Student Train Acc: 58.370 | Time: 141.400 |
[Eval] Epoch: 11 | Teacher Test Loss: 2.942 | Teacher Test Acc: 28.910 | Student Test Loss: 1.996 | Student Test Acc: 46.610 | Teacher Test F1: 0.272 | Student Test F1: 0.461 | Teacher Top 5 Accuracy: 0.584 | Student Top 5 Accuracy: 0.772 | Time: 2.445 | 
Running student landscape probe...
[Train] Epoch: 12 | Teacher lr=0.7000 | Teacher Loss: 2.480 | Teacher Train Acc: 41.120 | Student lr=0.7000 | Student Train Acc: 59.964 | Time: 141.419 |
[Eval] Epoch: 12 | Teacher Test Loss: 2.795 | Teacher Test Acc: 31.510 | Student Test Loss: 1.909 | Student Test Acc: 48.620 | Teacher Test F1: 0.304 | Student Test F1: 0.478 | Teacher Top 5 Accuracy: 0.634 | Student Top 5 Accuracy: 0.787 | Time: 2.430 | 
Running student landscape probe...
[Train] Epoch: 13 | Teacher lr=0.7000 | Teacher Loss: 2.375 | Teacher Train Acc: 43.448 | Student lr=0.7000 | Student Train Acc: 61.556 | Time: 139.664 |
[Eval] Epoch: 13 | Teacher Test Loss: 2.512 | Teacher Test Acc: 36.850 | Student Test Loss: 1.832 | Student Test Acc: 50.600 | Teacher Test F1: 0.352 | Student Test F1: 0.498 | Teacher Top 5 Accuracy: 0.682 | Student Top 5 Accuracy: 0.802 | Time: 2.370 | 
Running student landscape probe...
[Train] Epoch: 14 | Teacher lr=0.7000 | Teacher Loss: 2.283 | Teacher Train Acc: 45.544 | Student lr=0.7000 | Student Train Acc: 62.992 | Time: 141.577 |
[Eval] Epoch: 14 | Teacher Test Loss: 2.549 | Teacher Test Acc: 36.770 | Student Test Loss: 1.957 | Student Test Acc: 48.520 | Teacher Test F1: 0.358 | Student Test F1: 0.476 | Teacher Top 5 Accuracy: 0.687 | Student Top 5 Accuracy: 0.784 | Time: 2.468 | 
Running student landscape probe...
[Train] Epoch: 15 | Teacher lr=0.7000 | Teacher Loss: 2.196 | Teacher Train Acc: 47.558 | Student lr=0.7000 | Student Train Acc: 64.038 | Time: 141.494 |
[Eval] Epoch: 15 | Teacher Test Loss: 2.351 | Teacher Test Acc: 40.230 | Student Test Loss: 1.807 | Student Test Acc: 51.220 | Teacher Test F1: 0.390 | Student Test F1: 0.502 | Teacher Top 5 Accuracy: 0.716 | Student Top 5 Accuracy: 0.804 | Time: 2.367 | 
Running student landscape probe...
[Train] Epoch: 16 | Teacher lr=0.7000 | Teacher Loss: 2.116 | Teacher Train Acc: 49.370 | Student lr=0.7000 | Student Train Acc: 65.332 | Time: 142.490 |
[Eval] Epoch: 16 | Teacher Test Loss: 2.318 | Teacher Test Acc: 41.200 | Student Test Loss: 1.846 | Student Test Acc: 51.150 | Teacher Test F1: 0.404 | Student Test F1: 0.501 | Teacher Top 5 Accuracy: 0.725 | Student Top 5 Accuracy: 0.799 | Time: 2.338 | 
Running student landscape probe...
[Train] Epoch: 17 | Teacher lr=0.7000 | Teacher Loss: 2.044 | Teacher Train Acc: 51.098 | Student lr=0.7000 | Student Train Acc: 66.276 | Time: 142.182 |
[Eval] Epoch: 17 | Teacher Test Loss: 2.434 | Teacher Test Acc: 40.260 | Student Test Loss: 1.837 | Student Test Acc: 51.510 | Teacher Test F1: 0.398 | Student Test F1: 0.506 | Teacher Top 5 Accuracy: 0.713 | Student Top 5 Accuracy: 0.805 | Time: 2.349 | 
Running student landscape probe...
[Train] Epoch: 18 | Teacher lr=0.7000 | Teacher Loss: 1.972 | Teacher Train Acc: 52.924 | Student lr=0.7000 | Student Train Acc: 67.084 | Time: 141.502 |
[Eval] Epoch: 18 | Teacher Test Loss: 2.709 | Teacher Test Acc: 35.770 | Student Test Loss: 1.852 | Student Test Acc: 50.880 | Teacher Test F1: 0.357 | Student Test F1: 0.500 | Teacher Top 5 Accuracy: 0.670 | Student Top 5 Accuracy: 0.805 | Time: 2.400 | 
Running student landscape probe...
[Train] Epoch: 19 | Teacher lr=0.7000 | Teacher Loss: 1.907 | Teacher Train Acc: 54.400 | Student lr=0.7000 | Student Train Acc: 67.952 | Time: 135.058 |
[Eval] Epoch: 19 | Teacher Test Loss: 2.377 | Teacher Test Acc: 40.410 | Student Test Loss: 1.777 | Student Test Acc: 53.040 | Teacher Test F1: 0.403 | Student Test F1: 0.525 | Teacher Top 5 Accuracy: 0.720 | Student Top 5 Accuracy: 0.812 | Time: 2.367 | 
Running student landscape probe...
[Train] Epoch: 20 | Teacher lr=0.7000 | Teacher Loss: 1.851 | Teacher Train Acc: 55.746 | Student lr=0.7000 | Student Train Acc: 69.052 | Time: 141.389 |
[Eval] Epoch: 20 | Teacher Test Loss: 2.266 | Teacher Test Acc: 42.650 | Student Test Loss: 1.790 | Student Test Acc: 52.700 | Teacher Test F1: 0.420 | Student Test F1: 0.518 | Teacher Top 5 Accuracy: 0.735 | Student Top 5 Accuracy: 0.814 | Time: 2.362 | 
Running student landscape probe...
[Train] Epoch: 21 | Teacher lr=0.7000 | Teacher Loss: 1.792 | Teacher Train Acc: 57.236 | Student lr=0.7000 | Student Train Acc: 69.738 | Time: 141.685 |
[Eval] Epoch: 21 | Teacher Test Loss: 2.383 | Teacher Test Acc: 41.330 | Student Test Loss: 1.801 | Student Test Acc: 53.150 | Teacher Test F1: 0.414 | Student Test F1: 0.526 | Teacher Top 5 Accuracy: 0.729 | Student Top 5 Accuracy: 0.814 | Time: 2.510 | 
Running student landscape probe...
[Train] Epoch: 22 | Teacher lr=0.7000 | Teacher Loss: 1.741 | Teacher Train Acc: 58.486 | Student lr=0.7000 | Student Train Acc: 70.526 | Time: 141.838 |
[Eval] Epoch: 22 | Teacher Test Loss: 2.395 | Teacher Test Acc: 42.080 | Student Test Loss: 1.689 | Student Test Acc: 54.660 | Teacher Test F1: 0.411 | Student Test F1: 0.544 | Teacher Top 5 Accuracy: 0.731 | Student Top 5 Accuracy: 0.831 | Time: 2.517 | 
Running student landscape probe...
[Train] Epoch: 23 | Teacher lr=0.7000 | Teacher Loss: 1.684 | Teacher Train Acc: 59.742 | Student lr=0.7000 | Student Train Acc: 71.702 | Time: 141.509 |
[Eval] Epoch: 23 | Teacher Test Loss: 2.633 | Teacher Test Acc: 39.070 | Student Test Loss: 1.626 | Student Test Acc: 56.270 | Teacher Test F1: 0.387 | Student Test F1: 0.558 | Teacher Top 5 Accuracy: 0.705 | Student Top 5 Accuracy: 0.841 | Time: 2.435 | 
Running student landscape probe...
[Train] Epoch: 24 | Teacher lr=0.7000 | Teacher Loss: 1.646 | Teacher Train Acc: 60.928 | Student lr=0.7000 | Student Train Acc: 72.252 | Time: 141.716 |
[Eval] Epoch: 24 | Teacher Test Loss: 2.512 | Teacher Test Acc: 40.480 | Student Test Loss: 1.683 | Student Test Acc: 54.880 | Teacher Test F1: 0.405 | Student Test F1: 0.547 | Teacher Top 5 Accuracy: 0.719 | Student Top 5 Accuracy: 0.836 | Time: 2.569 | 
Running student landscape probe...
[Train] Epoch: 25 | Teacher lr=0.7000 | Teacher Loss: 1.594 | Teacher Train Acc: 62.204 | Student lr=0.7000 | Student Train Acc: 72.626 | Time: 140.825 |
[Eval] Epoch: 25 | Teacher Test Loss: 2.573 | Teacher Test Acc: 40.220 | Student Test Loss: 1.683 | Student Test Acc: 54.850 | Teacher Test F1: 0.401 | Student Test F1: 0.548 | Teacher Top 5 Accuracy: 0.721 | Student Top 5 Accuracy: 0.838 | Time: 2.567 | 
Running student landscape probe...
[Train] Epoch: 26 | Teacher lr=0.7000 | Teacher Loss: 1.555 | Teacher Train Acc: 63.648 | Student lr=0.7000 | Student Train Acc: 73.456 | Time: 141.433 |
[Eval] Epoch: 26 | Teacher Test Loss: 2.650 | Teacher Test Acc: 39.570 | Student Test Loss: 1.645 | Student Test Acc: 56.030 | Teacher Test F1: 0.389 | Student Test F1: 0.559 | Teacher Top 5 Accuracy: 0.706 | Student Top 5 Accuracy: 0.837 | Time: 2.568 | 
Running student landscape probe...
[Train] Epoch: 27 | Teacher lr=0.7000 | Teacher Loss: 1.510 | Teacher Train Acc: 64.796 | Student lr=0.7000 | Student Train Acc: 73.942 | Time: 137.043 |
[Eval] Epoch: 27 | Teacher Test Loss: 2.313 | Teacher Test Acc: 44.130 | Student Test Loss: 1.585 | Student Test Acc: 57.380 | Teacher Test F1: 0.439 | Student Test F1: 0.573 | Teacher Top 5 Accuracy: 0.758 | Student Top 5 Accuracy: 0.845 | Time: 2.640 | 
Running student landscape probe...
[Train] Epoch: 28 | Teacher lr=0.7000 | Teacher Loss: 1.479 | Teacher Train Acc: 65.500 | Student lr=0.7000 | Student Train Acc: 74.602 | Time: 141.598 |
[Eval] Epoch: 28 | Teacher Test Loss: 2.358 | Teacher Test Acc: 43.920 | Student Test Loss: 1.596 | Student Test Acc: 57.710 | Teacher Test F1: 0.432 | Student Test F1: 0.578 | Teacher Top 5 Accuracy: 0.752 | Student Top 5 Accuracy: 0.843 | Time: 2.621 | 
Running student landscape probe...
[Train] Epoch: 29 | Teacher lr=0.7000 | Teacher Loss: 1.437 | Teacher Train Acc: 66.890 | Student lr=0.7000 | Student Train Acc: 74.988 | Time: 138.980 |
[Eval] Epoch: 29 | Teacher Test Loss: 2.321 | Teacher Test Acc: 44.550 | Student Test Loss: 1.694 | Student Test Acc: 55.260 | Teacher Test F1: 0.439 | Student Test F1: 0.553 | Teacher Top 5 Accuracy: 0.757 | Student Top 5 Accuracy: 0.834 | Time: 2.592 | 
Running student landscape probe...
[Train] Epoch: 30 | Teacher lr=0.7000 | Teacher Loss: 1.399 | Teacher Train Acc: 67.876 | Student lr=0.7000 | Student Train Acc: 75.736 | Time: 139.224 |
[Eval] Epoch: 30 | Teacher Test Loss: 2.278 | Teacher Test Acc: 46.170 | Student Test Loss: 1.554 | Student Test Acc: 58.280 | Teacher Test F1: 0.456 | Student Test F1: 0.583 | Teacher Top 5 Accuracy: 0.768 | Student Top 5 Accuracy: 0.855 | Time: 2.635 | 
Running student landscape probe...
[Train] Epoch: 31 | Teacher lr=0.7000 | Teacher Loss: 1.370 | Teacher Train Acc: 68.678 | Student lr=0.7000 | Student Train Acc: 75.744 | Time: 135.046 |
[Eval] Epoch: 31 | Teacher Test Loss: 2.657 | Teacher Test Acc: 40.750 | Student Test Loss: 1.531 | Student Test Acc: 58.870 | Teacher Test F1: 0.402 | Student Test F1: 0.588 | Teacher Top 5 Accuracy: 0.717 | Student Top 5 Accuracy: 0.855 | Time: 2.690 | 
Running student landscape probe...
[Train] Epoch: 32 | Teacher lr=0.7000 | Teacher Loss: 1.337 | Teacher Train Acc: 69.792 | Student lr=0.7000 | Student Train Acc: 76.564 | Time: 138.908 |
[Eval] Epoch: 32 | Teacher Test Loss: 2.494 | Teacher Test Acc: 42.710 | Student Test Loss: 1.537 | Student Test Acc: 58.490 | Teacher Test F1: 0.419 | Student Test F1: 0.582 | Teacher Top 5 Accuracy: 0.739 | Student Top 5 Accuracy: 0.852 | Time: 2.525 | 
Running student landscape probe...
[Train] Epoch: 33 | Teacher lr=0.7000 | Teacher Loss: 1.306 | Teacher Train Acc: 70.536 | Student lr=0.7000 | Student Train Acc: 76.990 | Time: 139.053 |
[Eval] Epoch: 33 | Teacher Test Loss: 2.328 | Teacher Test Acc: 45.750 | Student Test Loss: 1.636 | Student Test Acc: 56.880 | Teacher Test F1: 0.445 | Student Test F1: 0.567 | Teacher Top 5 Accuracy: 0.767 | Student Top 5 Accuracy: 0.842 | Time: 2.664 | 
Running student landscape probe...
[Train] Epoch: 34 | Teacher lr=0.7000 | Teacher Loss: 1.276 | Teacher Train Acc: 71.284 | Student lr=0.7000 | Student Train Acc: 77.228 | Time: 137.129 |
[Eval] Epoch: 34 | Teacher Test Loss: 2.543 | Teacher Test Acc: 43.440 | Student Test Loss: 1.562 | Student Test Acc: 58.310 | Teacher Test F1: 0.428 | Student Test F1: 0.583 | Teacher Top 5 Accuracy: 0.745 | Student Top 5 Accuracy: 0.855 | Time: 2.533 | 
Running student landscape probe...
[Train] Epoch: 35 | Teacher lr=0.7000 | Teacher Loss: 1.249 | Teacher Train Acc: 72.316 | Student lr=0.7000 | Student Train Acc: 77.696 | Time: 141.065 |
[Eval] Epoch: 35 | Teacher Test Loss: 2.580 | Teacher Test Acc: 43.180 | Student Test Loss: 1.640 | Student Test Acc: 57.320 | Teacher Test F1: 0.429 | Student Test F1: 0.576 | Teacher Top 5 Accuracy: 0.737 | Student Top 5 Accuracy: 0.841 | Time: 1.574 | 
Running student landscape probe...
ckpt location: ckpt/robust12h_mlspace/O4_sf_sgd_lr07_seed2_35ep.pt
