depth_list: [110, 20]
Dataset information: cifar100	 50000 images for training 	 10000 images for testing	
teacher depth: 110
student depth: 20
Total number of teacher parameters: 1,169,972
Total number of student parameters: 278,132
Snapshots will be saved to: snapshots/robust12h_mlspace/O4_sf_sgd_lr07_seed1_35ep
==== train and evaluate unequal restart ====
[scheduler] Schedule-Free sf_sgd active (lr=0.7, wd=0.0001, warmup=200)
[Eval] Epoch: 0 | Teacher Test Loss: 12407.062 | Teacher Test Acc: 0.990 | Student Test Loss: 7.984 | Student Test Acc: 1.020 | Teacher Test F1: 0.000 | Student Test F1: 0.000 | Teacher Top 5 Accuracy: 0.050 | Student Top 5 Accuracy: 0.046 | Time: 2.990 | 
Running student landscape probe...
[Train] Epoch: 1 | Teacher lr=0.7000 | Teacher Loss: 4.432 | Teacher Train Acc: 4.712 | Student lr=0.7000 | Student Train Acc: 10.196 | Time: 139.952 |
[Eval] Epoch: 1 | Teacher Test Loss: 3.998 | Teacher Test Acc: 8.470 | Student Test Loss: 3.581 | Student Test Acc: 15.310 | Teacher Test F1: 0.056 | Student Test F1: 0.112 | Teacher Top 5 Accuracy: 0.270 | Student Top 5 Accuracy: 0.399 | Time: 2.511 | 
Running student landscape probe...
[Train] Epoch: 2 | Teacher lr=0.7000 | Teacher Loss: 3.961 | Teacher Train Acc: 11.106 | Student lr=0.7000 | Student Train Acc: 20.642 | Time: 142.255 |
[Eval] Epoch: 2 | Teacher Test Loss: 3.680 | Teacher Test Acc: 12.980 | Student Test Loss: 3.133 | Student Test Acc: 22.830 | Teacher Test F1: 0.099 | Student Test F1: 0.199 | Teacher Top 5 Accuracy: 0.360 | Student Top 5 Accuracy: 0.525 | Time: 2.437 | 
Running student landscape probe...
[Train] Epoch: 3 | Teacher lr=0.7000 | Teacher Loss: 3.731 | Teacher Train Acc: 15.564 | Student lr=0.7000 | Student Train Acc: 29.848 | Time: 142.071 |
[Eval] Epoch: 3 | Teacher Test Loss: 3.492 | Teacher Test Acc: 15.870 | Student Test Loss: 2.768 | Student Test Acc: 29.530 | Teacher Test F1: 0.130 | Student Test F1: 0.274 | Teacher Top 5 Accuracy: 0.416 | Student Top 5 Accuracy: 0.613 | Time: 2.493 | 
Running student landscape probe...
[Train] Epoch: 4 | Teacher lr=0.7000 | Teacher Loss: 3.576 | Teacher Train Acc: 19.046 | Student lr=0.7000 | Student Train Acc: 37.284 | Time: 140.202 |
[Eval] Epoch: 4 | Teacher Test Loss: 3.362 | Teacher Test Acc: 17.930 | Student Test Loss: 2.503 | Student Test Acc: 35.270 | Teacher Test F1: 0.150 | Student Test F1: 0.336 | Teacher Top 5 Accuracy: 0.458 | Student Top 5 Accuracy: 0.676 | Time: 2.375 | 
Running student landscape probe...
[Train] Epoch: 5 | Teacher lr=0.7000 | Teacher Loss: 3.415 | Teacher Train Acc: 22.384 | Student lr=0.7000 | Student Train Acc: 42.578 | Time: 141.523 |
[Eval] Epoch: 5 | Teacher Test Loss: 3.196 | Teacher Test Acc: 20.990 | Student Test Loss: 2.414 | Student Test Acc: 37.580 | Teacher Test F1: 0.184 | Student Test F1: 0.360 | Teacher Top 5 Accuracy: 0.507 | Student Top 5 Accuracy: 0.698 | Time: 2.428 | 
Running student landscape probe...
[Train] Epoch: 6 | Teacher lr=0.7000 | Teacher Loss: 3.246 | Teacher Train Acc: 25.856 | Student lr=0.7000 | Student Train Acc: 46.474 | Time: 141.559 |
[Eval] Epoch: 6 | Teacher Test Loss: 3.035 | Teacher Test Acc: 24.200 | Student Test Loss: 2.210 | Student Test Acc: 41.760 | Teacher Test F1: 0.217 | Student Test F1: 0.408 | Teacher Top 5 Accuracy: 0.548 | Student Top 5 Accuracy: 0.740 | Time: 2.401 | 
Running student landscape probe...
[Train] Epoch: 7 | Teacher lr=0.7000 | Teacher Loss: 3.074 | Teacher Train Acc: 29.330 | Student lr=0.7000 | Student Train Acc: 49.974 | Time: 141.760 |
[Eval] Epoch: 7 | Teacher Test Loss: 2.941 | Teacher Test Acc: 26.320 | Student Test Loss: 2.099 | Student Test Acc: 44.340 | Teacher Test F1: 0.242 | Student Test F1: 0.433 | Teacher Top 5 Accuracy: 0.573 | Student Top 5 Accuracy: 0.757 | Time: 2.384 | 
Running student landscape probe...
[Train] Epoch: 8 | Teacher lr=0.7000 | Teacher Loss: 2.914 | Teacher Train Acc: 32.254 | Student lr=0.7000 | Student Train Acc: 52.676 | Time: 141.507 |
[Eval] Epoch: 8 | Teacher Test Loss: 2.817 | Teacher Test Acc: 29.040 | Student Test Loss: 2.020 | Student Test Acc: 45.930 | Teacher Test F1: 0.271 | Student Test F1: 0.451 | Teacher Top 5 Accuracy: 0.611 | Student Top 5 Accuracy: 0.772 | Time: 2.408 | 
Running student landscape probe...
[Train] Epoch: 9 | Teacher lr=0.7000 | Teacher Loss: 2.770 | Teacher Train Acc: 35.100 | Student lr=0.7000 | Student Train Acc: 54.888 | Time: 141.589 |
[Eval] Epoch: 9 | Teacher Test Loss: 2.655 | Teacher Test Acc: 32.370 | Student Test Loss: 1.936 | Student Test Acc: 47.660 | Teacher Test F1: 0.306 | Student Test F1: 0.468 | Teacher Top 5 Accuracy: 0.644 | Student Top 5 Accuracy: 0.787 | Time: 2.342 | 
Running student landscape probe...
[Train] Epoch: 10 | Teacher lr=0.7000 | Teacher Loss: 2.647 | Teacher Train Acc: 37.442 | Student lr=0.7000 | Student Train Acc: 56.950 | Time: 140.241 |
[Eval] Epoch: 10 | Teacher Test Loss: 2.686 | Teacher Test Acc: 32.730 | Student Test Loss: 1.870 | Student Test Acc: 49.630 | Teacher Test F1: 0.310 | Student Test F1: 0.489 | Teacher Top 5 Accuracy: 0.644 | Student Top 5 Accuracy: 0.799 | Time: 2.147 | 
Running student landscape probe...
[Train] Epoch: 11 | Teacher lr=0.7000 | Teacher Loss: 2.534 | Teacher Train Acc: 39.978 | Student lr=0.7000 | Student Train Acc: 58.664 | Time: 141.122 |
[Eval] Epoch: 11 | Teacher Test Loss: 2.632 | Teacher Test Acc: 34.330 | Student Test Loss: 1.881 | Student Test Acc: 49.450 | Teacher Test F1: 0.322 | Student Test F1: 0.488 | Teacher Top 5 Accuracy: 0.655 | Student Top 5 Accuracy: 0.798 | Time: 2.423 | 
Running student landscape probe...
[Train] Epoch: 12 | Teacher lr=0.7000 | Teacher Loss: 2.432 | Teacher Train Acc: 42.048 | Student lr=0.7000 | Student Train Acc: 60.270 | Time: 141.362 |
[Eval] Epoch: 12 | Teacher Test Loss: 2.675 | Teacher Test Acc: 34.010 | Student Test Loss: 1.824 | Student Test Acc: 51.170 | Teacher Test F1: 0.316 | Student Test F1: 0.506 | Teacher Top 5 Accuracy: 0.652 | Student Top 5 Accuracy: 0.805 | Time: 2.411 | 
Running student landscape probe...
[Train] Epoch: 13 | Teacher lr=0.7000 | Teacher Loss: 2.332 | Teacher Train Acc: 44.492 | Student lr=0.7000 | Student Train Acc: 61.750 | Time: 139.818 |
[Eval] Epoch: 13 | Teacher Test Loss: 2.356 | Teacher Test Acc: 38.930 | Student Test Loss: 1.790 | Student Test Acc: 52.040 | Teacher Test F1: 0.371 | Student Test F1: 0.513 | Teacher Top 5 Accuracy: 0.711 | Student Top 5 Accuracy: 0.813 | Time: 2.150 | 
Running student landscape probe...
[Train] Epoch: 14 | Teacher lr=0.7000 | Teacher Loss: 2.236 | Teacher Train Acc: 46.636 | Student lr=0.7000 | Student Train Acc: 63.070 | Time: 141.232 |
[Eval] Epoch: 14 | Teacher Test Loss: 2.460 | Teacher Test Acc: 38.660 | Student Test Loss: 1.893 | Student Test Acc: 49.660 | Teacher Test F1: 0.370 | Student Test F1: 0.495 | Teacher Top 5 Accuracy: 0.699 | Student Top 5 Accuracy: 0.796 | Time: 2.452 | 
Running student landscape probe...
[Train] Epoch: 15 | Teacher lr=0.7000 | Teacher Loss: 2.153 | Teacher Train Acc: 48.192 | Student lr=0.7000 | Student Train Acc: 64.450 | Time: 141.820 |
[Eval] Epoch: 15 | Teacher Test Loss: 2.249 | Teacher Test Acc: 41.750 | Student Test Loss: 1.788 | Student Test Acc: 51.910 | Teacher Test F1: 0.400 | Student Test F1: 0.514 | Teacher Top 5 Accuracy: 0.732 | Student Top 5 Accuracy: 0.809 | Time: 2.201 | 
Running student landscape probe...
[Train] Epoch: 16 | Teacher lr=0.7000 | Teacher Loss: 2.076 | Teacher Train Acc: 50.262 | Student lr=0.7000 | Student Train Acc: 65.460 | Time: 142.523 |
[Eval] Epoch: 16 | Teacher Test Loss: 2.142 | Teacher Test Acc: 44.140 | Student Test Loss: 1.814 | Student Test Acc: 51.320 | Teacher Test F1: 0.427 | Student Test F1: 0.508 | Teacher Top 5 Accuracy: 0.753 | Student Top 5 Accuracy: 0.811 | Time: 2.198 | 
Running student landscape probe...
[Train] Epoch: 17 | Teacher lr=0.7000 | Teacher Loss: 1.999 | Teacher Train Acc: 52.064 | Student lr=0.7000 | Student Train Acc: 66.562 | Time: 142.324 |
[Eval] Epoch: 17 | Teacher Test Loss: 2.158 | Teacher Test Acc: 44.920 | Student Test Loss: 1.883 | Student Test Acc: 49.970 | Teacher Test F1: 0.436 | Student Test F1: 0.495 | Teacher Top 5 Accuracy: 0.757 | Student Top 5 Accuracy: 0.801 | Time: 2.203 | 
Running student landscape probe...
[Train] Epoch: 18 | Teacher lr=0.7000 | Teacher Loss: 1.927 | Teacher Train Acc: 53.868 | Student lr=0.7000 | Student Train Acc: 67.692 | Time: 141.623 |
[Eval] Epoch: 18 | Teacher Test Loss: 2.058 | Teacher Test Acc: 46.680 | Student Test Loss: 1.771 | Student Test Acc: 52.730 | Teacher Test F1: 0.456 | Student Test F1: 0.522 | Teacher Top 5 Accuracy: 0.768 | Student Top 5 Accuracy: 0.821 | Time: 2.143 | 
Running student landscape probe...
[Train] Epoch: 19 | Teacher lr=0.7000 | Teacher Loss: 1.862 | Teacher Train Acc: 55.298 | Student lr=0.7000 | Student Train Acc: 68.634 | Time: 135.046 |
[Eval] Epoch: 19 | Teacher Test Loss: 1.971 | Teacher Test Acc: 48.410 | Student Test Loss: 1.783 | Student Test Acc: 52.390 | Teacher Test F1: 0.475 | Student Test F1: 0.516 | Teacher Top 5 Accuracy: 0.784 | Student Top 5 Accuracy: 0.817 | Time: 2.231 | 
Running student landscape probe...
[Train] Epoch: 20 | Teacher lr=0.7000 | Teacher Loss: 1.807 | Teacher Train Acc: 56.742 | Student lr=0.7000 | Student Train Acc: 69.110 | Time: 141.515 |
[Eval] Epoch: 20 | Teacher Test Loss: 1.992 | Teacher Test Acc: 48.110 | Student Test Loss: 1.812 | Student Test Acc: 52.600 | Teacher Test F1: 0.471 | Student Test F1: 0.517 | Teacher Top 5 Accuracy: 0.784 | Student Top 5 Accuracy: 0.816 | Time: 2.146 | 
Running student landscape probe...
[Train] Epoch: 21 | Teacher lr=0.7000 | Teacher Loss: 1.754 | Teacher Train Acc: 58.166 | Student lr=0.7000 | Student Train Acc: 69.868 | Time: 141.341 |
[Eval] Epoch: 21 | Teacher Test Loss: 1.999 | Teacher Test Acc: 48.340 | Student Test Loss: 1.811 | Student Test Acc: 52.330 | Teacher Test F1: 0.474 | Student Test F1: 0.512 | Teacher Top 5 Accuracy: 0.787 | Student Top 5 Accuracy: 0.815 | Time: 2.459 | 
Running student landscape probe...
[Train] Epoch: 22 | Teacher lr=0.7000 | Teacher Loss: 1.704 | Teacher Train Acc: 59.474 | Student lr=0.7000 | Student Train Acc: 70.642 | Time: 141.852 |
[Eval] Epoch: 22 | Teacher Test Loss: 1.940 | Teacher Test Acc: 49.270 | Student Test Loss: 1.880 | Student Test Acc: 51.930 | Teacher Test F1: 0.484 | Student Test F1: 0.509 | Teacher Top 5 Accuracy: 0.798 | Student Top 5 Accuracy: 0.801 | Time: 2.483 | 
Running student landscape probe...
[Train] Epoch: 23 | Teacher lr=0.7000 | Teacher Loss: 1.649 | Teacher Train Acc: 61.042 | Student lr=0.7000 | Student Train Acc: 71.568 | Time: 141.758 |
[Eval] Epoch: 23 | Teacher Test Loss: 1.923 | Teacher Test Acc: 49.740 | Student Test Loss: 1.767 | Student Test Acc: 53.390 | Teacher Test F1: 0.487 | Student Test F1: 0.525 | Teacher Top 5 Accuracy: 0.796 | Student Top 5 Accuracy: 0.822 | Time: 2.381 | 
Running student landscape probe...
[Train] Epoch: 24 | Teacher lr=0.7000 | Teacher Loss: 1.602 | Teacher Train Acc: 62.172 | Student lr=0.7000 | Student Train Acc: 72.396 | Time: 141.761 |
[Eval] Epoch: 24 | Teacher Test Loss: 2.032 | Teacher Test Acc: 48.590 | Student Test Loss: 1.660 | Student Test Acc: 55.350 | Teacher Test F1: 0.477 | Student Test F1: 0.546 | Teacher Top 5 Accuracy: 0.786 | Student Top 5 Accuracy: 0.842 | Time: 2.563 | 
Running student landscape probe...
[Train] Epoch: 25 | Teacher lr=0.7000 | Teacher Loss: 1.556 | Teacher Train Acc: 63.424 | Student lr=0.7000 | Student Train Acc: 72.908 | Time: 140.596 |
[Eval] Epoch: 25 | Teacher Test Loss: 2.018 | Teacher Test Acc: 48.500 | Student Test Loss: 1.657 | Student Test Acc: 55.900 | Teacher Test F1: 0.480 | Student Test F1: 0.552 | Teacher Top 5 Accuracy: 0.786 | Student Top 5 Accuracy: 0.839 | Time: 2.582 | 
Running student landscape probe...
[Train] Epoch: 26 | Teacher lr=0.7000 | Teacher Loss: 1.516 | Teacher Train Acc: 64.658 | Student lr=0.7000 | Student Train Acc: 73.348 | Time: 141.505 |
[Eval] Epoch: 26 | Teacher Test Loss: 2.278 | Teacher Test Acc: 44.790 | Student Test Loss: 1.641 | Student Test Acc: 56.310 | Teacher Test F1: 0.444 | Student Test F1: 0.556 | Teacher Top 5 Accuracy: 0.756 | Student Top 5 Accuracy: 0.844 | Time: 2.531 | 
Running student landscape probe...
[Train] Epoch: 27 | Teacher lr=0.7000 | Teacher Loss: 1.482 | Teacher Train Acc: 65.354 | Student lr=0.7000 | Student Train Acc: 74.074 | Time: 136.848 |
[Eval] Epoch: 27 | Teacher Test Loss: 2.038 | Teacher Test Acc: 48.930 | Student Test Loss: 1.607 | Student Test Acc: 57.190 | Teacher Test F1: 0.485 | Student Test F1: 0.569 | Teacher Top 5 Accuracy: 0.787 | Student Top 5 Accuracy: 0.850 | Time: 2.613 | 
Running student landscape probe...
[Train] Epoch: 28 | Teacher lr=0.7000 | Teacher Loss: 1.447 | Teacher Train Acc: 66.548 | Student lr=0.7000 | Student Train Acc: 74.504 | Time: 141.501 |
[Eval] Epoch: 28 | Teacher Test Loss: 2.214 | Teacher Test Acc: 46.270 | Student Test Loss: 1.624 | Student Test Acc: 56.860 | Teacher Test F1: 0.462 | Student Test F1: 0.569 | Teacher Top 5 Accuracy: 0.772 | Student Top 5 Accuracy: 0.848 | Time: 2.618 | 
Running student landscape probe...
[Train] Epoch: 29 | Teacher lr=0.7000 | Teacher Loss: 1.411 | Teacher Train Acc: 67.250 | Student lr=0.7000 | Student Train Acc: 74.986 | Time: 138.645 |
[Eval] Epoch: 29 | Teacher Test Loss: 2.316 | Teacher Test Acc: 45.360 | Student Test Loss: 1.575 | Student Test Acc: 57.880 | Teacher Test F1: 0.452 | Student Test F1: 0.578 | Teacher Top 5 Accuracy: 0.760 | Student Top 5 Accuracy: 0.855 | Time: 2.633 | 
Running student landscape probe...
[Train] Epoch: 30 | Teacher lr=0.7000 | Teacher Loss: 1.372 | Teacher Train Acc: 68.464 | Student lr=0.7000 | Student Train Acc: 75.846 | Time: 139.353 |
[Eval] Epoch: 30 | Teacher Test Loss: 2.116 | Teacher Test Acc: 47.900 | Student Test Loss: 1.635 | Student Test Acc: 56.520 | Teacher Test F1: 0.475 | Student Test F1: 0.563 | Teacher Top 5 Accuracy: 0.778 | Student Top 5 Accuracy: 0.846 | Time: 2.498 | 
Running student landscape probe...
[Train] Epoch: 31 | Teacher lr=0.7000 | Teacher Loss: 1.343 | Teacher Train Acc: 69.436 | Student lr=0.7000 | Student Train Acc: 76.060 | Time: 134.994 |
[Eval] Epoch: 31 | Teacher Test Loss: 2.326 | Teacher Test Acc: 45.260 | Student Test Loss: 1.544 | Student Test Acc: 58.620 | Teacher Test F1: 0.451 | Student Test F1: 0.582 | Teacher Top 5 Accuracy: 0.757 | Student Top 5 Accuracy: 0.860 | Time: 2.693 | 
Running student landscape probe...
[Train] Epoch: 32 | Teacher lr=0.7000 | Teacher Loss: 1.307 | Teacher Train Acc: 70.596 | Student lr=0.7000 | Student Train Acc: 76.780 | Time: 138.658 |
[Eval] Epoch: 32 | Teacher Test Loss: 2.225 | Teacher Test Acc: 46.860 | Student Test Loss: 1.582 | Student Test Acc: 57.860 | Teacher Test F1: 0.460 | Student Test F1: 0.575 | Teacher Top 5 Accuracy: 0.778 | Student Top 5 Accuracy: 0.854 | Time: 2.618 | 
Running student landscape probe...
[Train] Epoch: 33 | Teacher lr=0.7000 | Teacher Loss: 1.281 | Teacher Train Acc: 71.478 | Student lr=0.7000 | Student Train Acc: 76.800 | Time: 138.802 |
[Eval] Epoch: 33 | Teacher Test Loss: 2.443 | Teacher Test Acc: 43.820 | Student Test Loss: 1.576 | Student Test Acc: 57.840 | Teacher Test F1: 0.438 | Student Test F1: 0.577 | Teacher Top 5 Accuracy: 0.749 | Student Top 5 Accuracy: 0.854 | Time: 2.710 | 
Running student landscape probe...
[Train] Epoch: 34 | Teacher lr=0.7000 | Teacher Loss: 1.251 | Teacher Train Acc: 72.278 | Student lr=0.7000 | Student Train Acc: 77.364 | Time: 137.223 |
[Eval] Epoch: 34 | Teacher Test Loss: 2.581 | Teacher Test Acc: 42.740 | Student Test Loss: 1.629 | Student Test Acc: 57.220 | Teacher Test F1: 0.423 | Student Test F1: 0.573 | Teacher Top 5 Accuracy: 0.734 | Student Top 5 Accuracy: 0.849 | Time: 2.478 | 
Running student landscape probe...
[Train] Epoch: 35 | Teacher lr=0.7000 | Teacher Loss: 1.219 | Teacher Train Acc: 73.236 | Student lr=0.7000 | Student Train Acc: 77.866 | Time: 140.820 |
[Eval] Epoch: 35 | Teacher Test Loss: 2.579 | Teacher Test Acc: 43.040 | Student Test Loss: 1.625 | Student Test Acc: 58.240 | Teacher Test F1: 0.425 | Student Test F1: 0.582 | Teacher Top 5 Accuracy: 0.734 | Student Top 5 Accuracy: 0.854 | Time: 1.609 | 
Running student landscape probe...
ckpt location: ckpt/robust12h_mlspace/O4_sf_sgd_lr07_seed1_35ep.pt
