depth_list: [110, 20]
Dataset information: cifar100	 50000 images for training 	 10000 images for testing	
teacher depth: 110
student depth: 20
Total number of teacher parameters: 1,169,972
Total number of student parameters: 278,132
Snapshots will be saved to: snapshots/robust12h_mlspace/O4_sf_sgd_lr03_seed2_35ep
==== train and evaluate unequal restart ====
[scheduler] Schedule-Free sf_sgd active (lr=0.3, wd=0.0001, warmup=200)
[Eval] Epoch: 0 | Teacher Test Loss: 11623.433 | Teacher Test Acc: 1.000 | Student Test Loss: 6.044 | Student Test Acc: 1.110 | Teacher Test F1: 0.000 | Student Test F1: 0.000 | Teacher Top 5 Accuracy: 0.049 | Student Top 5 Accuracy: 0.052 | Time: 2.929 | 
Running student landscape probe...
[Train] Epoch: 1 | Teacher lr=0.3000 | Teacher Loss: 4.558 | Teacher Train Acc: 2.908 | Student lr=0.3000 | Student Train Acc: 7.042 | Time: 143.198 |
[Eval] Epoch: 1 | Teacher Test Loss: 4.290 | Teacher Test Acc: 6.000 | Student Test Loss: 3.867 | Student Test Acc: 11.230 | Teacher Test F1: 0.033 | Student Test F1: 0.074 | Teacher Top 5 Accuracy: 0.208 | Student Top 5 Accuracy: 0.321 | Time: 2.392 | 
Running student landscape probe...
[Train] Epoch: 2 | Teacher lr=0.3000 | Teacher Loss: 4.201 | Teacher Train Acc: 8.074 | Student lr=0.3000 | Student Train Acc: 14.084 | Time: 142.936 |
[Eval] Epoch: 2 | Teacher Test Loss: 3.978 | Teacher Test Acc: 9.570 | Student Test Loss: 3.586 | Student Test Acc: 14.580 | Teacher Test F1: 0.066 | Student Test F1: 0.108 | Teacher Top 5 Accuracy: 0.285 | Student Top 5 Accuracy: 0.392 | Time: 2.482 | 
Running student landscape probe...
[Train] Epoch: 3 | Teacher lr=0.3000 | Teacher Loss: 4.013 | Teacher Train Acc: 10.790 | Student lr=0.3000 | Student Train Acc: 18.516 | Time: 142.065 |
[Eval] Epoch: 3 | Teacher Test Loss: 3.825 | Teacher Test Acc: 11.810 | Student Test Loss: 3.323 | Student Test Acc: 18.540 | Teacher Test F1: 0.086 | Student Test F1: 0.149 | Teacher Top 5 Accuracy: 0.323 | Student Top 5 Accuracy: 0.469 | Time: 2.344 | 
Running student landscape probe...
[Train] Epoch: 4 | Teacher lr=0.3000 | Teacher Loss: 3.910 | Teacher Train Acc: 12.396 | Student lr=0.3000 | Student Train Acc: 23.518 | Time: 135.505 |
[Eval] Epoch: 4 | Teacher Test Loss: 3.722 | Teacher Test Acc: 12.790 | Student Test Loss: 3.177 | Student Test Acc: 21.370 | Teacher Test F1: 0.099 | Student Test F1: 0.179 | Teacher Top 5 Accuracy: 0.357 | Student Top 5 Accuracy: 0.505 | Time: 2.361 | 
Running student landscape probe...
[Train] Epoch: 5 | Teacher lr=0.3000 | Teacher Loss: 3.820 | Teacher Train Acc: 14.150 | Student lr=0.3000 | Student Train Acc: 28.404 | Time: 141.603 |
[Eval] Epoch: 5 | Teacher Test Loss: 3.650 | Teacher Test Acc: 13.430 | Student Test Loss: 3.086 | Student Test Acc: 23.420 | Teacher Test F1: 0.103 | Student Test F1: 0.206 | Teacher Top 5 Accuracy: 0.374 | Student Top 5 Accuracy: 0.533 | Time: 2.336 | 
Running student landscape probe...
[Train] Epoch: 6 | Teacher lr=0.3000 | Teacher Loss: 3.730 | Teacher Train Acc: 15.824 | Student lr=0.3000 | Student Train Acc: 32.242 | Time: 137.780 |
[Eval] Epoch: 6 | Teacher Test Loss: 3.606 | Teacher Test Acc: 14.170 | Student Test Loss: 3.015 | Student Test Acc: 24.990 | Teacher Test F1: 0.108 | Student Test F1: 0.227 | Teacher Top 5 Accuracy: 0.388 | Student Top 5 Accuracy: 0.547 | Time: 2.486 | 
Running student landscape probe...
[Train] Epoch: 7 | Teacher lr=0.3000 | Teacher Loss: 3.659 | Teacher Train Acc: 17.152 | Student lr=0.3000 | Student Train Acc: 35.326 | Time: 142.182 |
[Eval] Epoch: 7 | Teacher Test Loss: 3.584 | Teacher Test Acc: 14.720 | Student Test Loss: 2.836 | Student Test Acc: 28.390 | Teacher Test F1: 0.118 | Student Test F1: 0.264 | Teacher Top 5 Accuracy: 0.404 | Student Top 5 Accuracy: 0.597 | Time: 2.232 | 
Running student landscape probe...
[Train] Epoch: 8 | Teacher lr=0.3000 | Teacher Loss: 3.591 | Teacher Train Acc: 18.786 | Student lr=0.3000 | Student Train Acc: 38.380 | Time: 140.644 |
[Eval] Epoch: 8 | Teacher Test Loss: 3.515 | Teacher Test Acc: 15.940 | Student Test Loss: 2.607 | Student Test Acc: 32.970 | Teacher Test F1: 0.131 | Student Test F1: 0.313 | Teacher Top 5 Accuracy: 0.424 | Student Top 5 Accuracy: 0.649 | Time: 2.198 | 
Running student landscape probe...
[Train] Epoch: 9 | Teacher lr=0.3000 | Teacher Loss: 3.520 | Teacher Train Acc: 20.220 | Student lr=0.3000 | Student Train Acc: 40.968 | Time: 143.690 |
[Eval] Epoch: 9 | Teacher Test Loss: 3.415 | Teacher Test Acc: 17.680 | Student Test Loss: 2.520 | Student Test Acc: 34.900 | Teacher Test F1: 0.147 | Student Test F1: 0.331 | Teacher Top 5 Accuracy: 0.449 | Student Top 5 Accuracy: 0.672 | Time: 2.102 | 
Running student landscape probe...
[Train] Epoch: 10 | Teacher lr=0.3000 | Teacher Loss: 3.439 | Teacher Train Acc: 21.922 | Student lr=0.3000 | Student Train Acc: 43.132 | Time: 142.654 |
[Eval] Epoch: 10 | Teacher Test Loss: 3.361 | Teacher Test Acc: 18.220 | Student Test Loss: 2.362 | Student Test Acc: 38.550 | Teacher Test F1: 0.153 | Student Test F1: 0.369 | Teacher Top 5 Accuracy: 0.465 | Student Top 5 Accuracy: 0.706 | Time: 2.184 | 
Running student landscape probe...
[Train] Epoch: 11 | Teacher lr=0.3000 | Teacher Loss: 3.365 | Teacher Train Acc: 23.466 | Student lr=0.3000 | Student Train Acc: 45.534 | Time: 143.085 |
[Eval] Epoch: 11 | Teacher Test Loss: 3.430 | Teacher Test Acc: 18.210 | Student Test Loss: 2.287 | Student Test Acc: 40.140 | Teacher Test F1: 0.148 | Student Test F1: 0.388 | Teacher Top 5 Accuracy: 0.454 | Student Top 5 Accuracy: 0.722 | Time: 2.239 | 
Running student landscape probe...
[Train] Epoch: 12 | Teacher lr=0.3000 | Teacher Loss: 3.287 | Teacher Train Acc: 24.978 | Student lr=0.3000 | Student Train Acc: 47.114 | Time: 138.992 |
[Eval] Epoch: 12 | Teacher Test Loss: 3.433 | Teacher Test Acc: 18.390 | Student Test Loss: 2.223 | Student Test Acc: 41.930 | Teacher Test F1: 0.153 | Student Test F1: 0.406 | Teacher Top 5 Accuracy: 0.458 | Student Top 5 Accuracy: 0.736 | Time: 2.139 | 
Running student landscape probe...
[Train] Epoch: 13 | Teacher lr=0.3000 | Teacher Loss: 3.207 | Teacher Train Acc: 26.396 | Student lr=0.3000 | Student Train Acc: 49.032 | Time: 136.868 |
[Eval] Epoch: 13 | Teacher Test Loss: 3.327 | Teacher Test Acc: 19.520 | Student Test Loss: 2.179 | Student Test Acc: 42.890 | Teacher Test F1: 0.166 | Student Test F1: 0.416 | Teacher Top 5 Accuracy: 0.482 | Student Top 5 Accuracy: 0.742 | Time: 2.442 | 
Running student landscape probe...
[Train] Epoch: 14 | Teacher lr=0.3000 | Teacher Loss: 3.130 | Teacher Train Acc: 28.058 | Student lr=0.3000 | Student Train Acc: 50.610 | Time: 140.306 |
[Eval] Epoch: 14 | Teacher Test Loss: 3.267 | Teacher Test Acc: 21.000 | Student Test Loss: 2.159 | Student Test Acc: 43.530 | Teacher Test F1: 0.177 | Student Test F1: 0.424 | Teacher Top 5 Accuracy: 0.496 | Student Top 5 Accuracy: 0.745 | Time: 2.207 | 
Running student landscape probe...
[Train] Epoch: 15 | Teacher lr=0.3000 | Teacher Loss: 3.057 | Teacher Train Acc: 29.456 | Student lr=0.3000 | Student Train Acc: 51.832 | Time: 141.542 |
[Eval] Epoch: 15 | Teacher Test Loss: 3.189 | Teacher Test Acc: 22.090 | Student Test Loss: 2.126 | Student Test Acc: 43.700 | Teacher Test F1: 0.195 | Student Test F1: 0.426 | Teacher Top 5 Accuracy: 0.517 | Student Top 5 Accuracy: 0.751 | Time: 2.434 | 
Running student landscape probe...
[Train] Epoch: 16 | Teacher lr=0.3000 | Teacher Loss: 2.982 | Teacher Train Acc: 30.766 | Student lr=0.3000 | Student Train Acc: 53.114 | Time: 141.787 |
[Eval] Epoch: 16 | Teacher Test Loss: 3.095 | Teacher Test Acc: 23.340 | Student Test Loss: 2.048 | Student Test Acc: 45.850 | Teacher Test F1: 0.205 | Student Test F1: 0.448 | Teacher Top 5 Accuracy: 0.534 | Student Top 5 Accuracy: 0.764 | Time: 2.357 | 
Running student landscape probe...
[Train] Epoch: 17 | Teacher lr=0.3000 | Teacher Loss: 2.914 | Teacher Train Acc: 32.238 | Student lr=0.3000 | Student Train Acc: 54.316 | Time: 141.979 |
[Eval] Epoch: 17 | Teacher Test Loss: 3.095 | Teacher Test Acc: 23.920 | Student Test Loss: 2.005 | Student Test Acc: 47.100 | Teacher Test F1: 0.210 | Student Test F1: 0.461 | Teacher Top 5 Accuracy: 0.542 | Student Top 5 Accuracy: 0.775 | Time: 2.222 | 
Running student landscape probe...
[Train] Epoch: 18 | Teacher lr=0.3000 | Teacher Loss: 2.848 | Teacher Train Acc: 33.778 | Student lr=0.3000 | Student Train Acc: 55.522 | Time: 137.669 |
[Eval] Epoch: 18 | Teacher Test Loss: 3.046 | Teacher Test Acc: 25.180 | Student Test Loss: 1.993 | Student Test Acc: 46.980 | Teacher Test F1: 0.223 | Student Test F1: 0.459 | Teacher Top 5 Accuracy: 0.560 | Student Top 5 Accuracy: 0.776 | Time: 2.155 | 
Running student landscape probe...
[Train] Epoch: 19 | Teacher lr=0.3000 | Teacher Loss: 2.788 | Teacher Train Acc: 35.042 | Student lr=0.3000 | Student Train Acc: 56.596 | Time: 138.196 |
[Eval] Epoch: 19 | Teacher Test Loss: 2.966 | Teacher Test Acc: 26.240 | Student Test Loss: 1.962 | Student Test Acc: 47.790 | Teacher Test F1: 0.236 | Student Test F1: 0.465 | Teacher Top 5 Accuracy: 0.582 | Student Top 5 Accuracy: 0.781 | Time: 2.219 | 
Running student landscape probe...
[Train] Epoch: 20 | Teacher lr=0.3000 | Teacher Loss: 2.733 | Teacher Train Acc: 36.162 | Student lr=0.3000 | Student Train Acc: 57.562 | Time: 142.494 |
[Eval] Epoch: 20 | Teacher Test Loss: 2.895 | Teacher Test Acc: 28.090 | Student Test Loss: 1.956 | Student Test Acc: 48.120 | Teacher Test F1: 0.258 | Student Test F1: 0.469 | Teacher Top 5 Accuracy: 0.596 | Student Top 5 Accuracy: 0.782 | Time: 2.196 | 
Running student landscape probe...
[Train] Epoch: 21 | Teacher lr=0.3000 | Teacher Loss: 2.678 | Teacher Train Acc: 37.306 | Student lr=0.3000 | Student Train Acc: 58.506 | Time: 142.773 |
[Eval] Epoch: 21 | Teacher Test Loss: 2.853 | Teacher Test Acc: 29.220 | Student Test Loss: 2.004 | Student Test Acc: 47.060 | Teacher Test F1: 0.267 | Student Test F1: 0.459 | Teacher Top 5 Accuracy: 0.606 | Student Top 5 Accuracy: 0.773 | Time: 2.207 | 
Running student landscape probe...
[Train] Epoch: 22 | Teacher lr=0.3000 | Teacher Loss: 2.625 | Teacher Train Acc: 38.228 | Student lr=0.3000 | Student Train Acc: 59.422 | Time: 140.827 |
[Eval] Epoch: 22 | Teacher Test Loss: 2.903 | Teacher Test Acc: 28.920 | Student Test Loss: 1.909 | Student Test Acc: 48.990 | Teacher Test F1: 0.260 | Student Test F1: 0.481 | Teacher Top 5 Accuracy: 0.601 | Student Top 5 Accuracy: 0.791 | Time: 2.201 | 
Running student landscape probe...
[Train] Epoch: 23 | Teacher lr=0.3000 | Teacher Loss: 2.572 | Teacher Train Acc: 39.336 | Student lr=0.3000 | Student Train Acc: 60.122 | Time: 141.811 |
[Eval] Epoch: 23 | Teacher Test Loss: 2.908 | Teacher Test Acc: 29.410 | Student Test Loss: 1.909 | Student Test Acc: 49.280 | Teacher Test F1: 0.268 | Student Test F1: 0.483 | Teacher Top 5 Accuracy: 0.603 | Student Top 5 Accuracy: 0.791 | Time: 2.372 | 
Running student landscape probe...
[Train] Epoch: 24 | Teacher lr=0.3000 | Teacher Loss: 2.525 | Teacher Train Acc: 40.438 | Student lr=0.3000 | Student Train Acc: 60.824 | Time: 137.893 |
[Eval] Epoch: 24 | Teacher Test Loss: 2.861 | Teacher Test Acc: 30.180 | Student Test Loss: 1.878 | Student Test Acc: 50.170 | Teacher Test F1: 0.274 | Student Test F1: 0.491 | Teacher Top 5 Accuracy: 0.615 | Student Top 5 Accuracy: 0.797 | Time: 2.186 | 
Running student landscape probe...
[Train] Epoch: 25 | Teacher lr=0.3000 | Teacher Loss: 2.475 | Teacher Train Acc: 41.470 | Student lr=0.3000 | Student Train Acc: 61.644 | Time: 141.750 |
[Eval] Epoch: 25 | Teacher Test Loss: 2.899 | Teacher Test Acc: 30.570 | Student Test Loss: 1.876 | Student Test Acc: 49.830 | Teacher Test F1: 0.280 | Student Test F1: 0.488 | Teacher Top 5 Accuracy: 0.618 | Student Top 5 Accuracy: 0.796 | Time: 2.441 | 
Running student landscape probe...
[Train] Epoch: 26 | Teacher lr=0.3000 | Teacher Loss: 2.427 | Teacher Train Acc: 42.630 | Student lr=0.3000 | Student Train Acc: 62.598 | Time: 135.781 |
[Eval] Epoch: 26 | Teacher Test Loss: 2.693 | Teacher Test Acc: 33.150 | Student Test Loss: 1.904 | Student Test Acc: 49.260 | Teacher Test F1: 0.313 | Student Test F1: 0.483 | Teacher Top 5 Accuracy: 0.656 | Student Top 5 Accuracy: 0.792 | Time: 2.183 | 
Running student landscape probe...
[Train] Epoch: 27 | Teacher lr=0.3000 | Teacher Loss: 2.385 | Teacher Train Acc: 43.668 | Student lr=0.3000 | Student Train Acc: 63.046 | Time: 141.563 |
[Eval] Epoch: 27 | Teacher Test Loss: 2.751 | Teacher Test Acc: 32.570 | Student Test Loss: 1.895 | Student Test Acc: 49.350 | Teacher Test F1: 0.308 | Student Test F1: 0.484 | Teacher Top 5 Accuracy: 0.649 | Student Top 5 Accuracy: 0.794 | Time: 2.409 | 
Running student landscape probe...
[Train] Epoch: 28 | Teacher lr=0.3000 | Teacher Loss: 2.336 | Teacher Train Acc: 44.692 | Student lr=0.3000 | Student Train Acc: 63.964 | Time: 141.631 |
[Eval] Epoch: 28 | Teacher Test Loss: 2.708 | Teacher Test Acc: 33.840 | Student Test Loss: 1.918 | Student Test Acc: 49.200 | Teacher Test F1: 0.320 | Student Test F1: 0.484 | Teacher Top 5 Accuracy: 0.656 | Student Top 5 Accuracy: 0.786 | Time: 2.452 | 
Running student landscape probe...
[Train] Epoch: 29 | Teacher lr=0.3000 | Teacher Loss: 2.292 | Teacher Train Acc: 45.670 | Student lr=0.3000 | Student Train Acc: 64.638 | Time: 140.634 |
[Eval] Epoch: 29 | Teacher Test Loss: 2.673 | Teacher Test Acc: 34.560 | Student Test Loss: 1.883 | Student Test Acc: 50.030 | Teacher Test F1: 0.325 | Student Test F1: 0.490 | Teacher Top 5 Accuracy: 0.663 | Student Top 5 Accuracy: 0.794 | Time: 2.200 | 
Running student landscape probe...
[Train] Epoch: 30 | Teacher lr=0.3000 | Teacher Loss: 2.251 | Teacher Train Acc: 46.586 | Student lr=0.3000 | Student Train Acc: 65.204 | Time: 135.160 |
[Eval] Epoch: 30 | Teacher Test Loss: 2.754 | Teacher Test Acc: 34.050 | Student Test Loss: 1.940 | Student Test Acc: 48.860 | Teacher Test F1: 0.321 | Student Test F1: 0.479 | Teacher Top 5 Accuracy: 0.654 | Student Top 5 Accuracy: 0.784 | Time: 2.208 | 
Running student landscape probe...
[Train] Epoch: 31 | Teacher lr=0.3000 | Teacher Loss: 2.211 | Teacher Train Acc: 47.396 | Student lr=0.3000 | Student Train Acc: 65.742 | Time: 140.843 |
[Eval] Epoch: 31 | Teacher Test Loss: 2.626 | Teacher Test Acc: 35.910 | Student Test Loss: 1.964 | Student Test Acc: 48.460 | Teacher Test F1: 0.338 | Student Test F1: 0.474 | Teacher Top 5 Accuracy: 0.678 | Student Top 5 Accuracy: 0.781 | Time: 2.444 | 
Running student landscape probe...
[Train] Epoch: 32 | Teacher lr=0.3000 | Teacher Loss: 2.171 | Teacher Train Acc: 48.300 | Student lr=0.3000 | Student Train Acc: 66.346 | Time: 140.496 |
[Eval] Epoch: 32 | Teacher Test Loss: 2.809 | Teacher Test Acc: 34.070 | Student Test Loss: 2.025 | Student Test Acc: 47.340 | Teacher Test F1: 0.317 | Student Test F1: 0.461 | Teacher Top 5 Accuracy: 0.657 | Student Top 5 Accuracy: 0.774 | Time: 2.231 | 
Running student landscape probe...
[Train] Epoch: 33 | Teacher lr=0.3000 | Teacher Loss: 2.132 | Teacher Train Acc: 49.212 | Student lr=0.3000 | Student Train Acc: 66.912 | Time: 135.676 |
[Eval] Epoch: 33 | Teacher Test Loss: 2.511 | Teacher Test Acc: 37.290 | Student Test Loss: 2.074 | Student Test Acc: 46.500 | Teacher Test F1: 0.353 | Student Test F1: 0.455 | Teacher Top 5 Accuracy: 0.699 | Student Top 5 Accuracy: 0.767 | Time: 2.203 | 
Running student landscape probe...
[Train] Epoch: 34 | Teacher lr=0.3000 | Teacher Loss: 2.095 | Teacher Train Acc: 50.210 | Student lr=0.3000 | Student Train Acc: 67.332 | Time: 139.222 |
[Eval] Epoch: 34 | Teacher Test Loss: 2.533 | Teacher Test Acc: 37.300 | Student Test Loss: 1.945 | Student Test Acc: 49.020 | Teacher Test F1: 0.356 | Student Test F1: 0.480 | Teacher Top 5 Accuracy: 0.704 | Student Top 5 Accuracy: 0.787 | Time: 2.461 | 
Running student landscape probe...
[Train] Epoch: 35 | Teacher lr=0.3000 | Teacher Loss: 2.057 | Teacher Train Acc: 51.166 | Student lr=0.3000 | Student Train Acc: 67.844 | Time: 141.617 |
[Eval] Epoch: 35 | Teacher Test Loss: 2.419 | Teacher Test Acc: 39.390 | Student Test Loss: 2.032 | Student Test Acc: 47.480 | Teacher Test F1: 0.377 | Student Test F1: 0.462 | Teacher Top 5 Accuracy: 0.714 | Student Top 5 Accuracy: 0.772 | Time: 2.387 | 
Running student landscape probe...
ckpt location: ckpt/robust12h_mlspace/O4_sf_sgd_lr03_seed2_35ep.pt
