depth_list: [110, 20]
Dataset information: cifar100	 50000 images for training 	 10000 images for testing	
teacher depth: 110
student depth: 20
Total number of teacher parameters: 1,169,972
Total number of student parameters: 278,132
Snapshots will be saved to: snapshots/robust12h_mlspace/O4_sf_sgd_lr01_seed2_35ep
==== train and evaluate unequal restart ====
[scheduler] Schedule-Free sf_sgd active (lr=0.1, wd=0.0001, warmup=200)
[Eval] Epoch: 0 | Teacher Test Loss: 11623.433 | Teacher Test Acc: 1.000 | Student Test Loss: 6.044 | Student Test Acc: 1.110 | Teacher Test F1: 0.000 | Student Test F1: 0.000 | Teacher Top 5 Accuracy: 0.049 | Student Top 5 Accuracy: 0.052 | Time: 2.946 | 
Running student landscape probe...
[Train] Epoch: 1 | Teacher lr=0.1000 | Teacher Loss: 4.608 | Teacher Train Acc: 1.560 | Student lr=0.1000 | Student Train Acc: 4.356 | Time: 141.387 |
[Eval] Epoch: 1 | Teacher Test Loss: 4.473 | Teacher Test Acc: 3.530 | Student Test Loss: 4.211 | Student Test Acc: 7.020 | Teacher Test F1: 0.015 | Student Test F1: 0.035 | Teacher Top 5 Accuracy: 0.121 | Student Top 5 Accuracy: 0.229 | Time: 2.440 | 
Running student landscape probe...
[Train] Epoch: 2 | Teacher lr=0.1000 | Teacher Loss: 4.436 | Teacher Train Acc: 5.210 | Student lr=0.1000 | Student Train Acc: 8.432 | Time: 135.362 |
[Eval] Epoch: 2 | Teacher Test Loss: 4.303 | Teacher Test Acc: 6.450 | Student Test Loss: 3.997 | Student Test Acc: 9.130 | Teacher Test F1: 0.036 | Student Test F1: 0.054 | Teacher Top 5 Accuracy: 0.202 | Student Top 5 Accuracy: 0.278 | Time: 2.373 | 
Running student landscape probe...
[Train] Epoch: 3 | Teacher lr=0.1000 | Teacher Loss: 4.319 | Teacher Train Acc: 7.156 | Student lr=0.1000 | Student Train Acc: 11.010 | Time: 135.762 |
[Eval] Epoch: 3 | Teacher Test Loss: 4.182 | Teacher Test Acc: 7.710 | Student Test Loss: 3.816 | Student Test Acc: 11.630 | Teacher Test F1: 0.046 | Student Test F1: 0.075 | Teacher Top 5 Accuracy: 0.240 | Student Top 5 Accuracy: 0.325 | Time: 2.373 | 
Running student landscape probe...
[Train] Epoch: 4 | Teacher lr=0.1000 | Teacher Loss: 4.193 | Teacher Train Acc: 8.316 | Student lr=0.1000 | Student Train Acc: 13.136 | Time: 142.050 |
[Eval] Epoch: 4 | Teacher Test Loss: 4.063 | Teacher Test Acc: 8.820 | Student Test Loss: 3.721 | Student Test Acc: 12.470 | Teacher Test F1: 0.056 | Student Test F1: 0.084 | Teacher Top 5 Accuracy: 0.262 | Student Top 5 Accuracy: 0.349 | Time: 2.397 | 
Running student landscape probe...
[Train] Epoch: 5 | Teacher lr=0.1000 | Teacher Loss: 4.102 | Teacher Train Acc: 9.418 | Student lr=0.1000 | Student Train Acc: 14.848 | Time: 142.032 |
[Eval] Epoch: 5 | Teacher Test Loss: 3.986 | Teacher Test Acc: 9.690 | Student Test Loss: 3.622 | Student Test Acc: 14.200 | Teacher Test F1: 0.066 | Student Test F1: 0.104 | Teacher Top 5 Accuracy: 0.281 | Student Top 5 Accuracy: 0.378 | Time: 2.526 | 
Running student landscape probe...
[Train] Epoch: 6 | Teacher lr=0.1000 | Teacher Loss: 4.042 | Teacher Train Acc: 10.318 | Student lr=0.1000 | Student Train Acc: 16.460 | Time: 140.181 |
[Eval] Epoch: 6 | Teacher Test Loss: 3.945 | Teacher Test Acc: 10.410 | Student Test Loss: 3.515 | Student Test Acc: 15.740 | Teacher Test F1: 0.074 | Student Test F1: 0.121 | Teacher Top 5 Accuracy: 0.291 | Student Top 5 Accuracy: 0.410 | Time: 2.349 | 
Running student landscape probe...
[Train] Epoch: 7 | Teacher lr=0.1000 | Teacher Loss: 3.996 | Teacher Train Acc: 11.122 | Student lr=0.1000 | Student Train Acc: 17.986 | Time: 139.746 |
[Eval] Epoch: 7 | Teacher Test Loss: 3.879 | Teacher Test Acc: 10.870 | Student Test Loss: 3.424 | Student Test Acc: 16.990 | Teacher Test F1: 0.077 | Student Test F1: 0.131 | Teacher Top 5 Accuracy: 0.308 | Student Top 5 Accuracy: 0.435 | Time: 2.434 | 
Running student landscape probe...
[Train] Epoch: 8 | Teacher lr=0.1000 | Teacher Loss: 3.952 | Teacher Train Acc: 11.760 | Student lr=0.1000 | Student Train Acc: 19.804 | Time: 142.455 |
[Eval] Epoch: 8 | Teacher Test Loss: 3.840 | Teacher Test Acc: 11.610 | Student Test Loss: 3.373 | Student Test Acc: 17.360 | Teacher Test F1: 0.082 | Student Test F1: 0.136 | Teacher Top 5 Accuracy: 0.319 | Student Top 5 Accuracy: 0.449 | Time: 2.440 | 
Running student landscape probe...
[Train] Epoch: 9 | Teacher lr=0.1000 | Teacher Loss: 3.910 | Teacher Train Acc: 12.556 | Student lr=0.1000 | Student Train Acc: 21.532 | Time: 139.520 |
[Eval] Epoch: 9 | Teacher Test Loss: 3.811 | Teacher Test Acc: 12.020 | Student Test Loss: 3.301 | Student Test Acc: 18.830 | Teacher Test F1: 0.087 | Student Test F1: 0.151 | Teacher Top 5 Accuracy: 0.327 | Student Top 5 Accuracy: 0.475 | Time: 2.329 | 
Running student landscape probe...
[Train] Epoch: 10 | Teacher lr=0.1000 | Teacher Loss: 3.876 | Teacher Train Acc: 13.110 | Student lr=0.1000 | Student Train Acc: 23.498 | Time: 142.280 |
[Eval] Epoch: 10 | Teacher Test Loss: 3.790 | Teacher Test Acc: 12.140 | Student Test Loss: 3.263 | Student Test Acc: 19.420 | Teacher Test F1: 0.087 | Student Test F1: 0.157 | Teacher Top 5 Accuracy: 0.333 | Student Top 5 Accuracy: 0.483 | Time: 2.336 | 
Running student landscape probe...
[Train] Epoch: 11 | Teacher lr=0.1000 | Teacher Loss: 3.842 | Teacher Train Acc: 13.884 | Student lr=0.1000 | Student Train Acc: 25.540 | Time: 135.864 |
[Eval] Epoch: 11 | Teacher Test Loss: 3.726 | Teacher Test Acc: 13.120 | Student Test Loss: 3.220 | Student Test Acc: 20.300 | Teacher Test F1: 0.097 | Student Test F1: 0.166 | Teacher Top 5 Accuracy: 0.357 | Student Top 5 Accuracy: 0.501 | Time: 2.327 | 
Running student landscape probe...
[Train] Epoch: 12 | Teacher lr=0.1000 | Teacher Loss: 3.809 | Teacher Train Acc: 14.382 | Student lr=0.1000 | Student Train Acc: 27.262 | Time: 140.822 |
[Eval] Epoch: 12 | Teacher Test Loss: 3.738 | Teacher Test Acc: 12.940 | Student Test Loss: 3.140 | Student Test Acc: 21.610 | Teacher Test F1: 0.096 | Student Test F1: 0.181 | Teacher Top 5 Accuracy: 0.357 | Student Top 5 Accuracy: 0.522 | Time: 2.356 | 
Running student landscape probe...
[Train] Epoch: 13 | Teacher lr=0.1000 | Teacher Loss: 3.773 | Teacher Train Acc: 15.036 | Student lr=0.1000 | Student Train Acc: 28.866 | Time: 142.381 |
[Eval] Epoch: 13 | Teacher Test Loss: 3.665 | Teacher Test Acc: 13.720 | Student Test Loss: 3.060 | Student Test Acc: 23.820 | Teacher Test F1: 0.105 | Student Test F1: 0.205 | Teacher Top 5 Accuracy: 0.373 | Student Top 5 Accuracy: 0.541 | Time: 2.415 | 
Running student landscape probe...
[Train] Epoch: 14 | Teacher lr=0.1000 | Teacher Loss: 3.739 | Teacher Train Acc: 15.674 | Student lr=0.1000 | Student Train Acc: 30.468 | Time: 137.686 |
[Eval] Epoch: 14 | Teacher Test Loss: 3.597 | Teacher Test Acc: 14.980 | Student Test Loss: 3.004 | Student Test Acc: 24.670 | Teacher Test F1: 0.118 | Student Test F1: 0.215 | Teacher Top 5 Accuracy: 0.391 | Student Top 5 Accuracy: 0.556 | Time: 2.360 | 
Running student landscape probe...
[Train] Epoch: 15 | Teacher lr=0.1000 | Teacher Loss: 3.709 | Teacher Train Acc: 16.074 | Student lr=0.1000 | Student Train Acc: 31.622 | Time: 136.749 |
[Eval] Epoch: 15 | Teacher Test Loss: 3.567 | Teacher Test Acc: 14.960 | Student Test Loss: 3.009 | Student Test Acc: 24.760 | Teacher Test F1: 0.116 | Student Test F1: 0.217 | Teacher Top 5 Accuracy: 0.401 | Student Top 5 Accuracy: 0.550 | Time: 2.401 | 
Running student landscape probe...
[Train] Epoch: 16 | Teacher lr=0.1000 | Teacher Loss: 3.678 | Teacher Train Acc: 16.808 | Student lr=0.1000 | Student Train Acc: 32.886 | Time: 143.132 |
[Eval] Epoch: 16 | Teacher Test Loss: 3.529 | Teacher Test Acc: 15.460 | Student Test Loss: 2.973 | Student Test Acc: 25.400 | Teacher Test F1: 0.123 | Student Test F1: 0.225 | Teacher Top 5 Accuracy: 0.412 | Student Top 5 Accuracy: 0.559 | Time: 2.386 | 
Running student landscape probe...
[Train] Epoch: 17 | Teacher lr=0.1000 | Teacher Loss: 3.647 | Teacher Train Acc: 17.468 | Student lr=0.1000 | Student Train Acc: 34.266 | Time: 140.531 |
[Eval] Epoch: 17 | Teacher Test Loss: 3.467 | Teacher Test Acc: 16.430 | Student Test Loss: 2.887 | Student Test Acc: 27.430 | Teacher Test F1: 0.135 | Student Test F1: 0.247 | Teacher Top 5 Accuracy: 0.427 | Student Top 5 Accuracy: 0.583 | Time: 2.368 | 
Running student landscape probe...
[Train] Epoch: 18 | Teacher lr=0.1000 | Teacher Loss: 3.616 | Teacher Train Acc: 18.002 | Student lr=0.1000 | Student Train Acc: 35.528 | Time: 135.421 |
[Eval] Epoch: 18 | Teacher Test Loss: 3.459 | Teacher Test Acc: 16.330 | Student Test Loss: 2.807 | Student Test Acc: 29.240 | Teacher Test F1: 0.134 | Student Test F1: 0.269 | Teacher Top 5 Accuracy: 0.430 | Student Top 5 Accuracy: 0.606 | Time: 2.428 | 
Running student landscape probe...
[Train] Epoch: 19 | Teacher lr=0.1000 | Teacher Loss: 3.593 | Teacher Train Acc: 18.684 | Student lr=0.1000 | Student Train Acc: 36.822 | Time: 141.574 |
[Eval] Epoch: 19 | Teacher Test Loss: 3.433 | Teacher Test Acc: 16.640 | Student Test Loss: 2.751 | Student Test Acc: 30.150 | Teacher Test F1: 0.136 | Student Test F1: 0.280 | Teacher Top 5 Accuracy: 0.440 | Student Top 5 Accuracy: 0.617 | Time: 2.390 | 
Running student landscape probe...
[Train] Epoch: 20 | Teacher lr=0.1000 | Teacher Loss: 3.567 | Teacher Train Acc: 19.022 | Student lr=0.1000 | Student Train Acc: 37.590 | Time: 142.182 |
[Eval] Epoch: 20 | Teacher Test Loss: 3.378 | Teacher Test Acc: 17.620 | Student Test Loss: 2.679 | Student Test Acc: 31.770 | Teacher Test F1: 0.148 | Student Test F1: 0.298 | Teacher Top 5 Accuracy: 0.453 | Student Top 5 Accuracy: 0.632 | Time: 2.435 | 
Running student landscape probe...
[Train] Epoch: 21 | Teacher lr=0.1000 | Teacher Loss: 3.537 | Teacher Train Acc: 19.660 | Student lr=0.1000 | Student Train Acc: 38.502 | Time: 135.639 |
[Eval] Epoch: 21 | Teacher Test Loss: 3.363 | Teacher Test Acc: 17.780 | Student Test Loss: 2.614 | Student Test Acc: 33.110 | Teacher Test F1: 0.150 | Student Test F1: 0.314 | Teacher Top 5 Accuracy: 0.459 | Student Top 5 Accuracy: 0.647 | Time: 2.408 | 
Running student landscape probe...
[Train] Epoch: 22 | Teacher lr=0.1000 | Teacher Loss: 3.509 | Teacher Train Acc: 20.224 | Student lr=0.1000 | Student Train Acc: 39.574 | Time: 142.717 |
[Eval] Epoch: 22 | Teacher Test Loss: 3.311 | Teacher Test Acc: 18.890 | Student Test Loss: 2.573 | Student Test Acc: 33.770 | Teacher Test F1: 0.161 | Student Test F1: 0.321 | Teacher Top 5 Accuracy: 0.472 | Student Top 5 Accuracy: 0.655 | Time: 2.395 | 
Running student landscape probe...
[Train] Epoch: 23 | Teacher lr=0.1000 | Teacher Loss: 3.481 | Teacher Train Acc: 20.900 | Student lr=0.1000 | Student Train Acc: 40.640 | Time: 142.892 |
[Eval] Epoch: 23 | Teacher Test Loss: 3.283 | Teacher Test Acc: 19.170 | Student Test Loss: 2.557 | Student Test Acc: 34.200 | Teacher Test F1: 0.166 | Student Test F1: 0.328 | Teacher Top 5 Accuracy: 0.480 | Student Top 5 Accuracy: 0.658 | Time: 2.402 | 
Running student landscape probe...
[Train] Epoch: 24 | Teacher lr=0.1000 | Teacher Loss: 3.459 | Teacher Train Acc: 21.358 | Student lr=0.1000 | Student Train Acc: 41.382 | Time: 141.840 |
[Eval] Epoch: 24 | Teacher Test Loss: 3.266 | Teacher Test Acc: 19.750 | Student Test Loss: 2.528 | Student Test Acc: 34.890 | Teacher Test F1: 0.171 | Student Test F1: 0.335 | Teacher Top 5 Accuracy: 0.485 | Student Top 5 Accuracy: 0.666 | Time: 2.449 | 
Running student landscape probe...
[Train] Epoch: 25 | Teacher lr=0.1000 | Teacher Loss: 3.427 | Teacher Train Acc: 21.832 | Student lr=0.1000 | Student Train Acc: 42.374 | Time: 135.867 |
[Eval] Epoch: 25 | Teacher Test Loss: 3.226 | Teacher Test Acc: 20.150 | Student Test Loss: 2.472 | Student Test Acc: 36.370 | Teacher Test F1: 0.178 | Student Test F1: 0.350 | Teacher Top 5 Accuracy: 0.496 | Student Top 5 Accuracy: 0.679 | Time: 2.414 | 
Running student landscape probe...
[Train] Epoch: 26 | Teacher lr=0.1000 | Teacher Loss: 3.397 | Teacher Train Acc: 22.562 | Student lr=0.1000 | Student Train Acc: 43.296 | Time: 135.490 |
[Eval] Epoch: 26 | Teacher Test Loss: 3.253 | Teacher Test Acc: 19.720 | Student Test Loss: 2.458 | Student Test Acc: 36.580 | Teacher Test F1: 0.171 | Student Test F1: 0.352 | Teacher Top 5 Accuracy: 0.489 | Student Top 5 Accuracy: 0.681 | Time: 2.409 | 
Running student landscape probe...
[Train] Epoch: 27 | Teacher lr=0.1000 | Teacher Loss: 3.377 | Teacher Train Acc: 23.142 | Student lr=0.1000 | Student Train Acc: 44.208 | Time: 142.353 |
[Eval] Epoch: 27 | Teacher Test Loss: 3.220 | Teacher Test Acc: 20.330 | Student Test Loss: 2.486 | Student Test Acc: 35.780 | Teacher Test F1: 0.177 | Student Test F1: 0.346 | Teacher Top 5 Accuracy: 0.497 | Student Top 5 Accuracy: 0.673 | Time: 2.419 | 
Running student landscape probe...
[Train] Epoch: 28 | Teacher lr=0.1000 | Teacher Loss: 3.346 | Teacher Train Acc: 23.630 | Student lr=0.1000 | Student Train Acc: 44.974 | Time: 140.105 |
[Eval] Epoch: 28 | Teacher Test Loss: 3.206 | Teacher Test Acc: 20.740 | Student Test Loss: 2.452 | Student Test Acc: 36.760 | Teacher Test F1: 0.181 | Student Test F1: 0.355 | Teacher Top 5 Accuracy: 0.501 | Student Top 5 Accuracy: 0.681 | Time: 2.513 | 
Running student landscape probe...
[Train] Epoch: 29 | Teacher lr=0.1000 | Teacher Loss: 3.317 | Teacher Train Acc: 24.124 | Student lr=0.1000 | Student Train Acc: 45.640 | Time: 142.958 |
[Eval] Epoch: 29 | Teacher Test Loss: 3.184 | Teacher Test Acc: 20.870 | Student Test Loss: 2.448 | Student Test Acc: 36.860 | Teacher Test F1: 0.182 | Student Test F1: 0.356 | Teacher Top 5 Accuracy: 0.506 | Student Top 5 Accuracy: 0.681 | Time: 2.379 | 
Running student landscape probe...
[Train] Epoch: 30 | Teacher lr=0.1000 | Teacher Loss: 3.292 | Teacher Train Acc: 24.694 | Student lr=0.1000 | Student Train Acc: 46.508 | Time: 138.283 |
[Eval] Epoch: 30 | Teacher Test Loss: 3.244 | Teacher Test Acc: 20.460 | Student Test Loss: 2.396 | Student Test Acc: 38.190 | Teacher Test F1: 0.174 | Student Test F1: 0.368 | Teacher Top 5 Accuracy: 0.495 | Student Top 5 Accuracy: 0.695 | Time: 2.362 | 
Running student landscape probe...
[Train] Epoch: 31 | Teacher lr=0.1000 | Teacher Loss: 3.269 | Teacher Train Acc: 25.458 | Student lr=0.1000 | Student Train Acc: 47.044 | Time: 135.367 |
[Eval] Epoch: 31 | Teacher Test Loss: 3.168 | Teacher Test Acc: 21.440 | Student Test Loss: 2.451 | Student Test Acc: 37.570 | Teacher Test F1: 0.186 | Student Test F1: 0.361 | Teacher Top 5 Accuracy: 0.517 | Student Top 5 Accuracy: 0.682 | Time: 2.390 | 
Running student landscape probe...
[Train] Epoch: 32 | Teacher lr=0.1000 | Teacher Loss: 3.238 | Teacher Train Acc: 26.032 | Student lr=0.1000 | Student Train Acc: 47.810 | Time: 142.567 |
[Eval] Epoch: 32 | Teacher Test Loss: 3.218 | Teacher Test Acc: 20.850 | Student Test Loss: 2.388 | Student Test Acc: 38.800 | Teacher Test F1: 0.179 | Student Test F1: 0.373 | Teacher Top 5 Accuracy: 0.503 | Student Top 5 Accuracy: 0.694 | Time: 2.474 | 
Running student landscape probe...
[Train] Epoch: 33 | Teacher lr=0.1000 | Teacher Loss: 3.212 | Teacher Train Acc: 26.310 | Student lr=0.1000 | Student Train Acc: 48.146 | Time: 142.692 |
[Eval] Epoch: 33 | Teacher Test Loss: 3.157 | Teacher Test Acc: 22.090 | Student Test Loss: 2.346 | Student Test Acc: 39.220 | Teacher Test F1: 0.192 | Student Test F1: 0.376 | Teacher Top 5 Accuracy: 0.523 | Student Top 5 Accuracy: 0.704 | Time: 2.368 | 
Running student landscape probe...
[Train] Epoch: 34 | Teacher lr=0.1000 | Teacher Loss: 3.186 | Teacher Train Acc: 26.954 | Student lr=0.1000 | Student Train Acc: 49.274 | Time: 136.036 |
[Eval] Epoch: 34 | Teacher Test Loss: 3.094 | Teacher Test Acc: 23.030 | Student Test Loss: 2.334 | Student Test Acc: 39.620 | Teacher Test F1: 0.202 | Student Test F1: 0.381 | Teacher Top 5 Accuracy: 0.535 | Student Top 5 Accuracy: 0.709 | Time: 2.410 | 
Running student landscape probe...
[Train] Epoch: 35 | Teacher lr=0.1000 | Teacher Loss: 3.160 | Teacher Train Acc: 27.284 | Student lr=0.1000 | Student Train Acc: 49.862 | Time: 142.380 |
[Eval] Epoch: 35 | Teacher Test Loss: 3.143 | Teacher Test Acc: 22.600 | Student Test Loss: 2.307 | Student Test Acc: 39.840 | Teacher Test F1: 0.197 | Student Test F1: 0.383 | Teacher Top 5 Accuracy: 0.526 | Student Top 5 Accuracy: 0.715 | Time: 2.359 | 
Running student landscape probe...
ckpt location: ckpt/robust12h_mlspace/O4_sf_sgd_lr01_seed2_35ep.pt
