depth_list: [110, 20]
Dataset information: cifar100	 50000 images for training 	 10000 images for testing	
teacher depth: 110
student depth: 20
Total number of teacher parameters: 1,169,972
Total number of student parameters: 278,132
Snapshots will be saved to: snapshots/robust12h_mlspace/O4_sf_sgd_lr10_seed3_35ep
==== train and evaluate unequal restart ====
[scheduler] Schedule-Free sf_sgd active (lr=1.0, wd=0.0001, warmup=200)
[Eval] Epoch: 0 | Teacher Test Loss: 9743.739 | Teacher Test Acc: 1.130 | Student Test Loss: 5.207 | Student Test Acc: 1.000 | Teacher Test F1: 0.001 | Student Test F1: 0.000 | Teacher Top 5 Accuracy: 0.048 | Student Top 5 Accuracy: 0.047 | Time: 2.962 | 
Running student landscape probe...
[Train] Epoch: 1 | Teacher lr=1.0000 | Teacher Loss: 4.489 | Teacher Train Acc: 4.128 | Student lr=1.0000 | Student Train Acc: 11.582 | Time: 139.826 |
[Eval] Epoch: 1 | Teacher Test Loss: 4.013 | Teacher Test Acc: 9.450 | Student Test Loss: 3.487 | Student Test Acc: 16.860 | Teacher Test F1: 0.060 | Student Test F1: 0.135 | Teacher Top 5 Accuracy: 0.264 | Student Top 5 Accuracy: 0.429 | Time: 2.333 | 
Running student landscape probe...
[Train] Epoch: 2 | Teacher lr=1.0000 | Teacher Loss: 3.984 | Teacher Train Acc: 12.108 | Student lr=1.0000 | Student Train Acc: 25.904 | Time: 141.876 |
[Eval] Epoch: 2 | Teacher Test Loss: 3.716 | Teacher Test Acc: 13.310 | Student Test Loss: 2.914 | Student Test Acc: 27.790 | Teacher Test F1: 0.101 | Student Test F1: 0.247 | Teacher Top 5 Accuracy: 0.358 | Student Top 5 Accuracy: 0.581 | Time: 2.284 | 
Running student landscape probe...
[Train] Epoch: 3 | Teacher lr=1.0000 | Teacher Loss: 3.716 | Teacher Train Acc: 16.928 | Student lr=1.0000 | Student Train Acc: 36.478 | Time: 141.534 |
[Eval] Epoch: 3 | Teacher Test Loss: 3.379 | Teacher Test Acc: 17.720 | Student Test Loss: 2.582 | Student Test Acc: 34.040 | Teacher Test F1: 0.150 | Student Test F1: 0.325 | Teacher Top 5 Accuracy: 0.451 | Student Top 5 Accuracy: 0.653 | Time: 2.299 | 
Running student landscape probe...
[Train] Epoch: 4 | Teacher lr=1.0000 | Teacher Loss: 3.491 | Teacher Train Acc: 21.544 | Student lr=1.0000 | Student Train Acc: 43.666 | Time: 139.572 |
[Eval] Epoch: 4 | Teacher Test Loss: 3.339 | Teacher Test Acc: 18.820 | Student Test Loss: 2.274 | Student Test Acc: 40.350 | Teacher Test F1: 0.159 | Student Test F1: 0.392 | Teacher Top 5 Accuracy: 0.471 | Student Top 5 Accuracy: 0.727 | Time: 2.341 | 
Running student landscape probe...
[Train] Epoch: 5 | Teacher lr=1.0000 | Teacher Loss: 3.249 | Teacher Train Acc: 26.078 | Student lr=1.0000 | Student Train Acc: 48.718 | Time: 141.262 |
[Eval] Epoch: 5 | Teacher Test Loss: 3.174 | Teacher Test Acc: 22.270 | Student Test Loss: 2.143 | Student Test Acc: 43.200 | Teacher Test F1: 0.188 | Student Test F1: 0.419 | Teacher Top 5 Accuracy: 0.514 | Student Top 5 Accuracy: 0.745 | Time: 2.319 | 
Running student landscape probe...
[Train] Epoch: 6 | Teacher lr=1.0000 | Teacher Loss: 3.020 | Teacher Train Acc: 30.310 | Student lr=1.0000 | Student Train Acc: 52.394 | Time: 141.317 |
[Eval] Epoch: 6 | Teacher Test Loss: 2.939 | Teacher Test Acc: 25.900 | Student Test Loss: 2.078 | Student Test Acc: 45.580 | Teacher Test F1: 0.232 | Student Test F1: 0.451 | Teacher Top 5 Accuracy: 0.575 | Student Top 5 Accuracy: 0.759 | Time: 2.307 | 
Running student landscape probe...
[Train] Epoch: 7 | Teacher lr=1.0000 | Teacher Loss: 2.828 | Teacher Train Acc: 34.126 | Student lr=1.0000 | Student Train Acc: 55.212 | Time: 141.527 |
[Eval] Epoch: 7 | Teacher Test Loss: 2.857 | Teacher Test Acc: 27.990 | Student Test Loss: 1.946 | Student Test Acc: 48.270 | Teacher Test F1: 0.264 | Student Test F1: 0.476 | Teacher Top 5 Accuracy: 0.598 | Student Top 5 Accuracy: 0.785 | Time: 2.279 | 
Running student landscape probe...
[Train] Epoch: 8 | Teacher lr=1.0000 | Teacher Loss: 2.656 | Teacher Train Acc: 37.584 | Student lr=1.0000 | Student Train Acc: 57.756 | Time: 141.290 |
[Eval] Epoch: 8 | Teacher Test Loss: 2.657 | Teacher Test Acc: 32.520 | Student Test Loss: 1.872 | Student Test Acc: 49.830 | Teacher Test F1: 0.316 | Student Test F1: 0.492 | Teacher Top 5 Accuracy: 0.640 | Student Top 5 Accuracy: 0.800 | Time: 2.309 | 
Running student landscape probe...
[Train] Epoch: 9 | Teacher lr=1.0000 | Teacher Loss: 2.497 | Teacher Train Acc: 40.694 | Student lr=1.0000 | Student Train Acc: 59.824 | Time: 141.361 |
[Eval] Epoch: 9 | Teacher Test Loss: 2.492 | Teacher Test Acc: 35.550 | Student Test Loss: 1.854 | Student Test Acc: 49.860 | Teacher Test F1: 0.342 | Student Test F1: 0.495 | Teacher Top 5 Accuracy: 0.673 | Student Top 5 Accuracy: 0.798 | Time: 2.304 | 
Running student landscape probe...
[Train] Epoch: 10 | Teacher lr=1.0000 | Teacher Loss: 2.357 | Teacher Train Acc: 43.862 | Student lr=1.0000 | Student Train Acc: 61.788 | Time: 139.978 |
[Eval] Epoch: 10 | Teacher Test Loss: 2.332 | Teacher Test Acc: 39.020 | Student Test Loss: 1.846 | Student Test Acc: 50.150 | Teacher Test F1: 0.376 | Student Test F1: 0.496 | Teacher Top 5 Accuracy: 0.712 | Student Top 5 Accuracy: 0.801 | Time: 2.457 | 
Running student landscape probe...
[Train] Epoch: 11 | Teacher lr=1.0000 | Teacher Loss: 2.228 | Teacher Train Acc: 46.794 | Student lr=1.0000 | Student Train Acc: 63.336 | Time: 141.441 |
[Eval] Epoch: 11 | Teacher Test Loss: 2.291 | Teacher Test Acc: 40.790 | Student Test Loss: 1.815 | Student Test Acc: 51.190 | Teacher Test F1: 0.392 | Student Test F1: 0.507 | Teacher Top 5 Accuracy: 0.728 | Student Top 5 Accuracy: 0.805 | Time: 2.337 | 
Running student landscape probe...
[Train] Epoch: 12 | Teacher lr=1.0000 | Teacher Loss: 2.121 | Teacher Train Acc: 49.466 | Student lr=1.0000 | Student Train Acc: 64.852 | Time: 141.317 |
[Eval] Epoch: 12 | Teacher Test Loss: 2.120 | Teacher Test Acc: 44.110 | Student Test Loss: 1.803 | Student Test Acc: 51.470 | Teacher Test F1: 0.426 | Student Test F1: 0.511 | Teacher Top 5 Accuracy: 0.761 | Student Top 5 Accuracy: 0.811 | Time: 2.354 | 
Running student landscape probe...
[Train] Epoch: 13 | Teacher lr=1.0000 | Teacher Loss: 2.022 | Teacher Train Acc: 51.604 | Student lr=1.0000 | Student Train Acc: 66.188 | Time: 139.377 |
[Eval] Epoch: 13 | Teacher Test Loss: 2.096 | Teacher Test Acc: 44.970 | Student Test Loss: 1.717 | Student Test Acc: 53.150 | Teacher Test F1: 0.440 | Student Test F1: 0.531 | Teacher Top 5 Accuracy: 0.763 | Student Top 5 Accuracy: 0.823 | Time: 2.372 | 
Running student landscape probe...
[Train] Epoch: 14 | Teacher lr=1.0000 | Teacher Loss: 1.931 | Teacher Train Acc: 53.658 | Student lr=1.0000 | Student Train Acc: 67.278 | Time: 141.609 |
[Eval] Epoch: 14 | Teacher Test Loss: 2.109 | Teacher Test Acc: 45.440 | Student Test Loss: 1.734 | Student Test Acc: 52.780 | Teacher Test F1: 0.446 | Student Test F1: 0.524 | Teacher Top 5 Accuracy: 0.772 | Student Top 5 Accuracy: 0.819 | Time: 2.333 | 
Running student landscape probe...
[Train] Epoch: 15 | Teacher lr=1.0000 | Teacher Loss: 1.844 | Teacher Train Acc: 55.778 | Student lr=1.0000 | Student Train Acc: 68.384 | Time: 141.502 |
[Eval] Epoch: 15 | Teacher Test Loss: 2.007 | Teacher Test Acc: 47.690 | Student Test Loss: 1.824 | Student Test Acc: 50.800 | Teacher Test F1: 0.469 | Student Test F1: 0.502 | Teacher Top 5 Accuracy: 0.789 | Student Top 5 Accuracy: 0.810 | Time: 2.471 | 
Running student landscape probe...
[Train] Epoch: 16 | Teacher lr=1.0000 | Teacher Loss: 1.770 | Teacher Train Acc: 57.662 | Student lr=1.0000 | Student Train Acc: 69.406 | Time: 142.394 |
[Eval] Epoch: 16 | Teacher Test Loss: 2.015 | Teacher Test Acc: 48.800 | Student Test Loss: 1.828 | Student Test Acc: 50.980 | Teacher Test F1: 0.479 | Student Test F1: 0.512 | Teacher Top 5 Accuracy: 0.791 | Student Top 5 Accuracy: 0.807 | Time: 2.466 | 
Running student landscape probe...
[Train] Epoch: 17 | Teacher lr=1.0000 | Teacher Loss: 1.700 | Teacher Train Acc: 59.418 | Student lr=1.0000 | Student Train Acc: 70.578 | Time: 142.146 |
[Eval] Epoch: 17 | Teacher Test Loss: 2.023 | Teacher Test Acc: 47.860 | Student Test Loss: 1.664 | Student Test Acc: 54.530 | Teacher Test F1: 0.474 | Student Test F1: 0.541 | Teacher Top 5 Accuracy: 0.787 | Student Top 5 Accuracy: 0.830 | Time: 2.479 | 
Running student landscape probe...
[Train] Epoch: 18 | Teacher lr=1.0000 | Teacher Loss: 1.641 | Teacher Train Acc: 60.994 | Student lr=1.0000 | Student Train Acc: 71.242 | Time: 141.449 |
[Eval] Epoch: 18 | Teacher Test Loss: 1.953 | Teacher Test Acc: 48.750 | Student Test Loss: 1.822 | Student Test Acc: 51.960 | Teacher Test F1: 0.481 | Student Test F1: 0.512 | Teacher Top 5 Accuracy: 0.802 | Student Top 5 Accuracy: 0.809 | Time: 2.466 | 
Running student landscape probe...
[Train] Epoch: 19 | Teacher lr=1.0000 | Teacher Loss: 1.578 | Teacher Train Acc: 62.572 | Student lr=1.0000 | Student Train Acc: 72.174 | Time: 135.069 |
[Eval] Epoch: 19 | Teacher Test Loss: 2.045 | Teacher Test Acc: 48.510 | Student Test Loss: 1.649 | Student Test Acc: 54.930 | Teacher Test F1: 0.481 | Student Test F1: 0.548 | Teacher Top 5 Accuracy: 0.795 | Student Top 5 Accuracy: 0.838 | Time: 2.449 | 
Running student landscape probe...
[Train] Epoch: 20 | Teacher lr=1.0000 | Teacher Loss: 1.529 | Teacher Train Acc: 63.824 | Student lr=1.0000 | Student Train Acc: 73.002 | Time: 141.066 |
[Eval] Epoch: 20 | Teacher Test Loss: 2.171 | Teacher Test Acc: 46.960 | Student Test Loss: 1.577 | Student Test Acc: 57.010 | Teacher Test F1: 0.461 | Student Test F1: 0.570 | Teacher Top 5 Accuracy: 0.777 | Student Top 5 Accuracy: 0.850 | Time: 2.380 | 
Running student landscape probe...
[Train] Epoch: 21 | Teacher lr=1.0000 | Teacher Loss: 1.483 | Teacher Train Acc: 65.116 | Student lr=1.0000 | Student Train Acc: 73.864 | Time: 141.759 |
[Eval] Epoch: 21 | Teacher Test Loss: 2.055 | Teacher Test Acc: 48.540 | Student Test Loss: 1.585 | Student Test Acc: 56.940 | Teacher Test F1: 0.477 | Student Test F1: 0.571 | Teacher Top 5 Accuracy: 0.793 | Student Top 5 Accuracy: 0.845 | Time: 2.294 | 
Running student landscape probe...
[Train] Epoch: 22 | Teacher lr=1.0000 | Teacher Loss: 1.433 | Teacher Train Acc: 66.692 | Student lr=1.0000 | Student Train Acc: 74.362 | Time: 141.262 |
[Eval] Epoch: 22 | Teacher Test Loss: 2.194 | Teacher Test Acc: 46.740 | Student Test Loss: 1.686 | Student Test Acc: 55.580 | Teacher Test F1: 0.459 | Student Test F1: 0.556 | Teacher Top 5 Accuracy: 0.776 | Student Top 5 Accuracy: 0.830 | Time: 2.250 | 
Running student landscape probe...
[Train] Epoch: 23 | Teacher lr=1.0000 | Teacher Loss: 1.390 | Teacher Train Acc: 67.994 | Student lr=1.0000 | Student Train Acc: 75.052 | Time: 141.556 |
[Eval] Epoch: 23 | Teacher Test Loss: 2.164 | Teacher Test Acc: 47.560 | Student Test Loss: 1.630 | Student Test Acc: 56.350 | Teacher Test F1: 0.466 | Student Test F1: 0.566 | Teacher Top 5 Accuracy: 0.780 | Student Top 5 Accuracy: 0.839 | Time: 2.284 | 
Running student landscape probe...
[Train] Epoch: 24 | Teacher lr=1.0000 | Teacher Loss: 1.351 | Teacher Train Acc: 69.000 | Student lr=1.0000 | Student Train Acc: 75.692 | Time: 141.196 |
[Eval] Epoch: 24 | Teacher Test Loss: 2.094 | Teacher Test Acc: 48.560 | Student Test Loss: 1.522 | Student Test Acc: 58.520 | Teacher Test F1: 0.475 | Student Test F1: 0.589 | Teacher Top 5 Accuracy: 0.785 | Student Top 5 Accuracy: 0.852 | Time: 2.643 | 
Running student landscape probe...
[Train] Epoch: 25 | Teacher lr=1.0000 | Teacher Loss: 1.314 | Teacher Train Acc: 69.986 | Student lr=1.0000 | Student Train Acc: 76.344 | Time: 140.685 |
[Eval] Epoch: 25 | Teacher Test Loss: 2.466 | Teacher Test Acc: 44.460 | Student Test Loss: 1.556 | Student Test Acc: 57.550 | Teacher Test F1: 0.433 | Student Test F1: 0.579 | Teacher Top 5 Accuracy: 0.745 | Student Top 5 Accuracy: 0.850 | Time: 2.631 | 
Running student landscape probe...
[Train] Epoch: 26 | Teacher lr=1.0000 | Teacher Loss: 1.274 | Teacher Train Acc: 71.114 | Student lr=1.0000 | Student Train Acc: 76.772 | Time: 141.035 |
[Eval] Epoch: 26 | Teacher Test Loss: 2.538 | Teacher Test Acc: 43.330 | Student Test Loss: 1.509 | Student Test Acc: 58.650 | Teacher Test F1: 0.428 | Student Test F1: 0.588 | Teacher Top 5 Accuracy: 0.741 | Student Top 5 Accuracy: 0.854 | Time: 2.653 | 
Running student landscape probe...
[Train] Epoch: 27 | Teacher lr=1.0000 | Teacher Loss: 1.237 | Teacher Train Acc: 72.316 | Student lr=1.0000 | Student Train Acc: 77.274 | Time: 136.453 |
[Eval] Epoch: 27 | Teacher Test Loss: 2.651 | Teacher Test Acc: 42.720 | Student Test Loss: 1.688 | Student Test Acc: 55.320 | Teacher Test F1: 0.420 | Student Test F1: 0.557 | Teacher Top 5 Accuracy: 0.734 | Student Top 5 Accuracy: 0.833 | Time: 2.614 | 
Running student landscape probe...
[Train] Epoch: 28 | Teacher lr=1.0000 | Teacher Loss: 1.202 | Teacher Train Acc: 73.360 | Student lr=1.0000 | Student Train Acc: 77.724 | Time: 141.388 |
[Eval] Epoch: 28 | Teacher Test Loss: 2.621 | Teacher Test Acc: 42.920 | Student Test Loss: 1.549 | Student Test Acc: 57.910 | Teacher Test F1: 0.431 | Student Test F1: 0.583 | Teacher Top 5 Accuracy: 0.739 | Student Top 5 Accuracy: 0.851 | Time: 2.647 | 
Running student landscape probe...
[Train] Epoch: 29 | Teacher lr=1.0000 | Teacher Loss: 1.176 | Teacher Train Acc: 74.352 | Student lr=1.0000 | Student Train Acc: 78.040 | Time: 138.592 |
[Eval] Epoch: 29 | Teacher Test Loss: 2.597 | Teacher Test Acc: 42.910 | Student Test Loss: 1.608 | Student Test Acc: 57.380 | Teacher Test F1: 0.425 | Student Test F1: 0.577 | Teacher Top 5 Accuracy: 0.732 | Student Top 5 Accuracy: 0.839 | Time: 2.667 | 
Running student landscape probe...
[Train] Epoch: 30 | Teacher lr=1.0000 | Teacher Loss: 1.139 | Teacher Train Acc: 75.542 | Student lr=1.0000 | Student Train Acc: 78.620 | Time: 138.683 |
[Eval] Epoch: 30 | Teacher Test Loss: 2.664 | Teacher Test Acc: 43.420 | Student Test Loss: 1.488 | Student Test Acc: 59.440 | Teacher Test F1: 0.422 | Student Test F1: 0.599 | Teacher Top 5 Accuracy: 0.737 | Student Top 5 Accuracy: 0.862 | Time: 2.616 | 
Running student landscape probe...
[Train] Epoch: 31 | Teacher lr=1.0000 | Teacher Loss: 1.116 | Teacher Train Acc: 76.132 | Student lr=1.0000 | Student Train Acc: 79.148 | Time: 134.866 |
[Eval] Epoch: 31 | Teacher Test Loss: 2.939 | Teacher Test Acc: 40.180 | Student Test Loss: 1.457 | Student Test Acc: 59.950 | Teacher Test F1: 0.399 | Student Test F1: 0.602 | Teacher Top 5 Accuracy: 0.707 | Student Top 5 Accuracy: 0.863 | Time: 2.569 | 
Running student landscape probe...
[Train] Epoch: 32 | Teacher lr=1.0000 | Teacher Loss: 1.078 | Teacher Train Acc: 77.708 | Student lr=1.0000 | Student Train Acc: 79.666 | Time: 138.675 |
[Eval] Epoch: 32 | Teacher Test Loss: 3.070 | Teacher Test Acc: 39.510 | Student Test Loss: 1.516 | Student Test Acc: 58.380 | Teacher Test F1: 0.389 | Student Test F1: 0.586 | Teacher Top 5 Accuracy: 0.691 | Student Top 5 Accuracy: 0.855 | Time: 2.662 | 
Running student landscape probe...
[Train] Epoch: 33 | Teacher lr=1.0000 | Teacher Loss: 1.055 | Teacher Train Acc: 78.034 | Student lr=1.0000 | Student Train Acc: 79.856 | Time: 138.719 |
[Eval] Epoch: 33 | Teacher Test Loss: 3.359 | Teacher Test Acc: 36.870 | Student Test Loss: 1.576 | Student Test Acc: 57.560 | Teacher Test F1: 0.364 | Student Test F1: 0.583 | Teacher Top 5 Accuracy: 0.661 | Student Top 5 Accuracy: 0.850 | Time: 2.645 | 
Running student landscape probe...
[Train] Epoch: 34 | Teacher lr=1.0000 | Teacher Loss: 1.031 | Teacher Train Acc: 79.248 | Student lr=1.0000 | Student Train Acc: 80.272 | Time: 136.312 |
[Eval] Epoch: 34 | Teacher Test Loss: 3.055 | Teacher Test Acc: 39.050 | Student Test Loss: 1.459 | Student Test Acc: 60.060 | Teacher Test F1: 0.383 | Student Test F1: 0.600 | Teacher Top 5 Accuracy: 0.687 | Student Top 5 Accuracy: 0.863 | Time: 2.566 | 
Running student landscape probe...
[Train] Epoch: 35 | Teacher lr=1.0000 | Teacher Loss: 1.006 | Teacher Train Acc: 79.962 | Student lr=1.0000 | Student Train Acc: 80.766 | Time: 140.852 |
[Eval] Epoch: 35 | Teacher Test Loss: 3.572 | Teacher Test Acc: 35.160 | Student Test Loss: 1.576 | Student Test Acc: 57.760 | Teacher Test F1: 0.348 | Student Test F1: 0.581 | Teacher Top 5 Accuracy: 0.645 | Student Top 5 Accuracy: 0.850 | Time: 2.531 | 
Running student landscape probe...
ckpt location: ckpt/robust12h_mlspace/O4_sf_sgd_lr10_seed3_35ep.pt
