depth_list: [110, 20]
Dataset information: cifar100	 50000 images for training 	 10000 images for testing	
teacher depth: 110
student depth: 20
Total number of teacher parameters: 1,169,972
Total number of student parameters: 278,132
Snapshots will be saved to: snapshots/robust12h_mlspace/O4_sf_sgd_lr03_seed3_35ep
==== train and evaluate unequal restart ====
[scheduler] Schedule-Free sf_sgd active (lr=0.3, wd=0.0001, warmup=200)
[Eval] Epoch: 0 | Teacher Test Loss: 9743.739 | Teacher Test Acc: 1.130 | Student Test Loss: 5.207 | Student Test Acc: 1.000 | Teacher Test F1: 0.001 | Student Test F1: 0.000 | Teacher Top 5 Accuracy: 0.048 | Student Top 5 Accuracy: 0.047 | Time: 2.928 | 
Running student landscape probe...
[Train] Epoch: 1 | Teacher lr=0.3000 | Teacher Loss: 4.589 | Teacher Train Acc: 2.416 | Student lr=0.3000 | Student Train Acc: 7.130 | Time: 141.462 |
[Eval] Epoch: 1 | Teacher Test Loss: 4.264 | Teacher Test Acc: 5.180 | Student Test Loss: 3.900 | Student Test Acc: 10.250 | Teacher Test F1: 0.029 | Student Test F1: 0.061 | Teacher Top 5 Accuracy: 0.193 | Student Top 5 Accuracy: 0.303 | Time: 2.440 | 
Running student landscape probe...
[Train] Epoch: 2 | Teacher lr=0.3000 | Teacher Loss: 4.226 | Teacher Train Acc: 7.076 | Student lr=0.3000 | Student Train Acc: 14.204 | Time: 135.664 |
[Eval] Epoch: 2 | Teacher Test Loss: 4.024 | Teacher Test Acc: 8.560 | Student Test Loss: 3.567 | Student Test Acc: 15.250 | Teacher Test F1: 0.057 | Student Test F1: 0.115 | Teacher Top 5 Accuracy: 0.261 | Student Top 5 Accuracy: 0.401 | Time: 2.271 | 
Running student landscape probe...
[Train] Epoch: 3 | Teacher lr=0.3000 | Teacher Loss: 4.069 | Teacher Train Acc: 10.336 | Student lr=0.3000 | Student Train Acc: 19.338 | Time: 135.859 |
[Eval] Epoch: 3 | Teacher Test Loss: 3.865 | Teacher Test Acc: 10.700 | Student Test Loss: 3.324 | Student Test Acc: 19.350 | Teacher Test F1: 0.075 | Student Test F1: 0.159 | Teacher Top 5 Accuracy: 0.307 | Student Top 5 Accuracy: 0.471 | Time: 2.310 | 
Running student landscape probe...
[Train] Epoch: 4 | Teacher lr=0.3000 | Teacher Loss: 3.956 | Teacher Train Acc: 12.192 | Student lr=0.3000 | Student Train Acc: 23.966 | Time: 141.784 |
[Eval] Epoch: 4 | Teacher Test Loss: 3.766 | Teacher Test Acc: 12.280 | Student Test Loss: 3.142 | Student Test Acc: 23.160 | Teacher Test F1: 0.089 | Student Test F1: 0.197 | Teacher Top 5 Accuracy: 0.334 | Student Top 5 Accuracy: 0.519 | Time: 2.400 | 
Running student landscape probe...
[Train] Epoch: 5 | Teacher lr=0.3000 | Teacher Loss: 3.859 | Teacher Train Acc: 13.770 | Student lr=0.3000 | Student Train Acc: 28.890 | Time: 141.710 |
[Eval] Epoch: 5 | Teacher Test Loss: 3.719 | Teacher Test Acc: 12.730 | Student Test Loss: 2.997 | Student Test Acc: 25.690 | Teacher Test F1: 0.095 | Student Test F1: 0.228 | Teacher Top 5 Accuracy: 0.351 | Student Top 5 Accuracy: 0.561 | Time: 2.543 | 
Running student landscape probe...
[Train] Epoch: 6 | Teacher lr=0.3000 | Teacher Loss: 3.770 | Teacher Train Acc: 15.264 | Student lr=0.3000 | Student Train Acc: 32.870 | Time: 140.347 |
[Eval] Epoch: 6 | Teacher Test Loss: 3.646 | Teacher Test Acc: 14.020 | Student Test Loss: 2.858 | Student Test Acc: 28.510 | Teacher Test F1: 0.109 | Student Test F1: 0.263 | Teacher Top 5 Accuracy: 0.374 | Student Top 5 Accuracy: 0.597 | Time: 2.155 | 
Running student landscape probe...
[Train] Epoch: 7 | Teacher lr=0.3000 | Teacher Loss: 3.695 | Teacher Train Acc: 16.784 | Student lr=0.3000 | Student Train Acc: 36.134 | Time: 139.358 |
[Eval] Epoch: 7 | Teacher Test Loss: 3.586 | Teacher Test Acc: 14.910 | Student Test Loss: 2.635 | Student Test Acc: 32.730 | Teacher Test F1: 0.120 | Student Test F1: 0.306 | Teacher Top 5 Accuracy: 0.393 | Student Top 5 Accuracy: 0.646 | Time: 2.427 | 
Running student landscape probe...
[Train] Epoch: 8 | Teacher lr=0.3000 | Teacher Loss: 3.629 | Teacher Train Acc: 18.488 | Student lr=0.3000 | Student Train Acc: 39.362 | Time: 142.204 |
[Eval] Epoch: 8 | Teacher Test Loss: 3.464 | Teacher Test Acc: 16.290 | Student Test Loss: 2.570 | Student Test Acc: 34.530 | Teacher Test F1: 0.134 | Student Test F1: 0.325 | Teacher Top 5 Accuracy: 0.425 | Student Top 5 Accuracy: 0.659 | Time: 2.445 | 
Running student landscape probe...
[Train] Epoch: 9 | Teacher lr=0.3000 | Teacher Loss: 3.560 | Teacher Train Acc: 20.096 | Student lr=0.3000 | Student Train Acc: 41.732 | Time: 139.139 |
[Eval] Epoch: 9 | Teacher Test Loss: 3.460 | Teacher Test Acc: 16.530 | Student Test Loss: 2.502 | Student Test Acc: 35.250 | Teacher Test F1: 0.135 | Student Test F1: 0.335 | Teacher Top 5 Accuracy: 0.426 | Student Top 5 Accuracy: 0.675 | Time: 2.345 | 
Running student landscape probe...
[Train] Epoch: 10 | Teacher lr=0.3000 | Teacher Loss: 3.492 | Teacher Train Acc: 21.444 | Student lr=0.3000 | Student Train Acc: 44.114 | Time: 142.459 |
[Eval] Epoch: 10 | Teacher Test Loss: 3.578 | Teacher Test Acc: 15.190 | Student Test Loss: 2.403 | Student Test Acc: 37.210 | Teacher Test F1: 0.123 | Student Test F1: 0.354 | Teacher Top 5 Accuracy: 0.409 | Student Top 5 Accuracy: 0.698 | Time: 2.112 | 
Running student landscape probe...
[Train] Epoch: 11 | Teacher lr=0.3000 | Teacher Loss: 3.422 | Teacher Train Acc: 22.870 | Student lr=0.3000 | Student Train Acc: 46.458 | Time: 135.958 |
[Eval] Epoch: 11 | Teacher Test Loss: 3.535 | Teacher Test Acc: 16.170 | Student Test Loss: 2.358 | Student Test Acc: 38.160 | Teacher Test F1: 0.132 | Student Test F1: 0.365 | Teacher Top 5 Accuracy: 0.431 | Student Top 5 Accuracy: 0.708 | Time: 2.207 | 
Running student landscape probe...
[Train] Epoch: 12 | Teacher lr=0.3000 | Teacher Loss: 3.342 | Teacher Train Acc: 24.358 | Student lr=0.3000 | Student Train Acc: 48.114 | Time: 140.984 |
[Eval] Epoch: 12 | Teacher Test Loss: 3.524 | Teacher Test Acc: 16.780 | Student Test Loss: 2.274 | Student Test Acc: 40.080 | Teacher Test F1: 0.138 | Student Test F1: 0.386 | Teacher Top 5 Accuracy: 0.439 | Student Top 5 Accuracy: 0.724 | Time: 2.148 | 
Running student landscape probe...
[Train] Epoch: 13 | Teacher lr=0.3000 | Teacher Loss: 3.266 | Teacher Train Acc: 25.906 | Student lr=0.3000 | Student Train Acc: 49.990 | Time: 142.063 |
[Eval] Epoch: 13 | Teacher Test Loss: 3.402 | Teacher Test Acc: 18.070 | Student Test Loss: 2.246 | Student Test Acc: 40.760 | Teacher Test F1: 0.149 | Student Test F1: 0.392 | Teacher Top 5 Accuracy: 0.463 | Student Top 5 Accuracy: 0.727 | Time: 2.421 | 
Running student landscape probe...
[Train] Epoch: 14 | Teacher lr=0.3000 | Teacher Loss: 3.189 | Teacher Train Acc: 27.138 | Student lr=0.3000 | Student Train Acc: 51.210 | Time: 137.889 |
[Eval] Epoch: 14 | Teacher Test Loss: 3.288 | Teacher Test Acc: 20.000 | Student Test Loss: 2.147 | Student Test Acc: 43.300 | Teacher Test F1: 0.171 | Student Test F1: 0.421 | Teacher Top 5 Accuracy: 0.494 | Student Top 5 Accuracy: 0.747 | Time: 2.191 | 
Running student landscape probe...
[Train] Epoch: 15 | Teacher lr=0.3000 | Teacher Loss: 3.115 | Teacher Train Acc: 28.758 | Student lr=0.3000 | Student Train Acc: 52.784 | Time: 136.601 |
[Eval] Epoch: 15 | Teacher Test Loss: 3.157 | Teacher Test Acc: 22.340 | Student Test Loss: 2.155 | Student Test Acc: 43.410 | Teacher Test F1: 0.198 | Student Test F1: 0.421 | Teacher Top 5 Accuracy: 0.517 | Student Top 5 Accuracy: 0.749 | Time: 2.395 | 
Running student landscape probe...
[Train] Epoch: 16 | Teacher lr=0.3000 | Teacher Loss: 3.042 | Teacher Train Acc: 30.184 | Student lr=0.3000 | Student Train Acc: 54.074 | Time: 143.200 |
[Eval] Epoch: 16 | Teacher Test Loss: 3.060 | Teacher Test Acc: 24.470 | Student Test Loss: 2.107 | Student Test Acc: 44.190 | Teacher Test F1: 0.216 | Student Test F1: 0.428 | Teacher Top 5 Accuracy: 0.548 | Student Top 5 Accuracy: 0.757 | Time: 2.222 | 
Running student landscape probe...
[Train] Epoch: 17 | Teacher lr=0.3000 | Teacher Loss: 2.962 | Teacher Train Acc: 31.672 | Student lr=0.3000 | Student Train Acc: 55.342 | Time: 140.586 |
[Eval] Epoch: 17 | Teacher Test Loss: 3.009 | Teacher Test Acc: 25.150 | Student Test Loss: 2.051 | Student Test Acc: 45.500 | Teacher Test F1: 0.229 | Student Test F1: 0.442 | Teacher Top 5 Accuracy: 0.562 | Student Top 5 Accuracy: 0.763 | Time: 2.233 | 
Running student landscape probe...
[Train] Epoch: 18 | Teacher lr=0.3000 | Teacher Loss: 2.894 | Teacher Train Acc: 33.048 | Student lr=0.3000 | Student Train Acc: 56.260 | Time: 135.520 |
[Eval] Epoch: 18 | Teacher Test Loss: 2.941 | Teacher Test Acc: 26.110 | Student Test Loss: 2.009 | Student Test Acc: 46.400 | Teacher Test F1: 0.238 | Student Test F1: 0.454 | Teacher Top 5 Accuracy: 0.584 | Student Top 5 Accuracy: 0.776 | Time: 2.246 | 
Running student landscape probe...
[Train] Epoch: 19 | Teacher lr=0.3000 | Teacher Loss: 2.826 | Teacher Train Acc: 34.316 | Student lr=0.3000 | Student Train Acc: 57.264 | Time: 141.818 |
[Eval] Epoch: 19 | Teacher Test Loss: 2.994 | Teacher Test Acc: 25.440 | Student Test Loss: 1.979 | Student Test Acc: 47.020 | Teacher Test F1: 0.230 | Student Test F1: 0.460 | Teacher Top 5 Accuracy: 0.570 | Student Top 5 Accuracy: 0.782 | Time: 2.155 | 
Running student landscape probe...
[Train] Epoch: 20 | Teacher lr=0.3000 | Teacher Loss: 2.767 | Teacher Train Acc: 35.442 | Student lr=0.3000 | Student Train Acc: 58.080 | Time: 141.895 |
[Eval] Epoch: 20 | Teacher Test Loss: 2.993 | Teacher Test Acc: 25.580 | Student Test Loss: 1.953 | Student Test Acc: 47.280 | Teacher Test F1: 0.230 | Student Test F1: 0.464 | Teacher Top 5 Accuracy: 0.573 | Student Top 5 Accuracy: 0.785 | Time: 2.440 | 
Running student landscape probe...
[Train] Epoch: 21 | Teacher lr=0.3000 | Teacher Loss: 2.710 | Teacher Train Acc: 36.732 | Student lr=0.3000 | Student Train Acc: 59.050 | Time: 135.720 |
[Eval] Epoch: 21 | Teacher Test Loss: 3.013 | Teacher Test Acc: 26.570 | Student Test Loss: 1.933 | Student Test Acc: 47.920 | Teacher Test F1: 0.244 | Student Test F1: 0.472 | Teacher Top 5 Accuracy: 0.575 | Student Top 5 Accuracy: 0.789 | Time: 2.251 | 
Running student landscape probe...
[Train] Epoch: 22 | Teacher lr=0.3000 | Teacher Loss: 2.655 | Teacher Train Acc: 38.016 | Student lr=0.3000 | Student Train Acc: 59.884 | Time: 142.810 |
[Eval] Epoch: 22 | Teacher Test Loss: 3.092 | Teacher Test Acc: 26.070 | Student Test Loss: 1.903 | Student Test Acc: 48.810 | Teacher Test F1: 0.234 | Student Test F1: 0.481 | Teacher Top 5 Accuracy: 0.562 | Student Top 5 Accuracy: 0.794 | Time: 2.229 | 
Running student landscape probe...
[Train] Epoch: 23 | Teacher lr=0.3000 | Teacher Loss: 2.598 | Teacher Train Acc: 39.060 | Student lr=0.3000 | Student Train Acc: 60.510 | Time: 142.946 |
[Eval] Epoch: 23 | Teacher Test Loss: 3.019 | Teacher Test Acc: 27.140 | Student Test Loss: 1.884 | Student Test Acc: 49.050 | Teacher Test F1: 0.248 | Student Test F1: 0.484 | Teacher Top 5 Accuracy: 0.572 | Student Top 5 Accuracy: 0.798 | Time: 2.235 | 
Running student landscape probe...
[Train] Epoch: 24 | Teacher lr=0.3000 | Teacher Loss: 2.546 | Teacher Train Acc: 40.072 | Student lr=0.3000 | Student Train Acc: 61.402 | Time: 141.589 |
[Eval] Epoch: 24 | Teacher Test Loss: 3.220 | Teacher Test Acc: 26.080 | Student Test Loss: 1.887 | Student Test Acc: 48.690 | Teacher Test F1: 0.229 | Student Test F1: 0.481 | Teacher Top 5 Accuracy: 0.546 | Student Top 5 Accuracy: 0.797 | Time: 2.452 | 
Running student landscape probe...
[Train] Epoch: 25 | Teacher lr=0.3000 | Teacher Loss: 2.494 | Teacher Train Acc: 41.264 | Student lr=0.3000 | Student Train Acc: 62.054 | Time: 135.939 |
[Eval] Epoch: 25 | Teacher Test Loss: 3.038 | Teacher Test Acc: 28.360 | Student Test Loss: 1.908 | Student Test Acc: 48.720 | Teacher Test F1: 0.259 | Student Test F1: 0.483 | Teacher Top 5 Accuracy: 0.584 | Student Top 5 Accuracy: 0.792 | Time: 2.291 | 
Running student landscape probe...
[Train] Epoch: 26 | Teacher lr=0.3000 | Teacher Loss: 2.445 | Teacher Train Acc: 42.394 | Student lr=0.3000 | Student Train Acc: 62.720 | Time: 135.533 |
[Eval] Epoch: 26 | Teacher Test Loss: 2.985 | Teacher Test Acc: 29.400 | Student Test Loss: 1.857 | Student Test Acc: 50.010 | Teacher Test F1: 0.271 | Student Test F1: 0.495 | Teacher Top 5 Accuracy: 0.594 | Student Top 5 Accuracy: 0.802 | Time: 2.252 | 
Running student landscape probe...
[Train] Epoch: 27 | Teacher lr=0.3000 | Teacher Loss: 2.396 | Teacher Train Acc: 43.444 | Student lr=0.3000 | Student Train Acc: 63.436 | Time: 142.053 |
[Eval] Epoch: 27 | Teacher Test Loss: 3.214 | Teacher Test Acc: 27.130 | Student Test Loss: 1.836 | Student Test Acc: 50.300 | Teacher Test F1: 0.245 | Student Test F1: 0.496 | Teacher Top 5 Accuracy: 0.563 | Student Top 5 Accuracy: 0.804 | Time: 2.436 | 
Running student landscape probe...
[Train] Epoch: 28 | Teacher lr=0.3000 | Teacher Loss: 2.350 | Teacher Train Acc: 44.476 | Student lr=0.3000 | Student Train Acc: 64.254 | Time: 139.722 |
[Eval] Epoch: 28 | Teacher Test Loss: 3.102 | Teacher Test Acc: 29.020 | Student Test Loss: 1.859 | Student Test Acc: 50.030 | Teacher Test F1: 0.262 | Student Test F1: 0.492 | Teacher Top 5 Accuracy: 0.581 | Student Top 5 Accuracy: 0.799 | Time: 2.513 | 
Running student landscape probe...
[Train] Epoch: 29 | Teacher lr=0.3000 | Teacher Loss: 2.307 | Teacher Train Acc: 45.252 | Student lr=0.3000 | Student Train Acc: 64.598 | Time: 142.959 |
[Eval] Epoch: 29 | Teacher Test Loss: 2.881 | Teacher Test Acc: 31.830 | Student Test Loss: 1.822 | Student Test Acc: 51.020 | Teacher Test F1: 0.297 | Student Test F1: 0.503 | Teacher Top 5 Accuracy: 0.615 | Student Top 5 Accuracy: 0.806 | Time: 2.222 | 
Running student landscape probe...
[Train] Epoch: 30 | Teacher lr=0.3000 | Teacher Loss: 2.265 | Teacher Train Acc: 46.296 | Student lr=0.3000 | Student Train Acc: 65.322 | Time: 137.831 |
[Eval] Epoch: 30 | Teacher Test Loss: 2.816 | Teacher Test Acc: 32.580 | Student Test Loss: 1.839 | Student Test Acc: 50.840 | Teacher Test F1: 0.304 | Student Test F1: 0.500 | Teacher Top 5 Accuracy: 0.632 | Student Top 5 Accuracy: 0.803 | Time: 2.371 | 
Running student landscape probe...
[Train] Epoch: 31 | Teacher lr=0.3000 | Teacher Loss: 2.222 | Teacher Train Acc: 47.110 | Student lr=0.3000 | Student Train Acc: 65.868 | Time: 135.655 |
[Eval] Epoch: 31 | Teacher Test Loss: 2.736 | Teacher Test Acc: 32.870 | Student Test Loss: 1.870 | Student Test Acc: 49.970 | Teacher Test F1: 0.314 | Student Test F1: 0.496 | Teacher Top 5 Accuracy: 0.640 | Student Top 5 Accuracy: 0.800 | Time: 2.289 | 
Running student landscape probe...
[Train] Epoch: 32 | Teacher lr=0.3000 | Teacher Loss: 2.187 | Teacher Train Acc: 48.054 | Student lr=0.3000 | Student Train Acc: 66.530 | Time: 142.403 |
[Eval] Epoch: 32 | Teacher Test Loss: 2.839 | Teacher Test Acc: 32.090 | Student Test Loss: 1.877 | Student Test Acc: 49.950 | Teacher Test F1: 0.304 | Student Test F1: 0.494 | Teacher Top 5 Accuracy: 0.635 | Student Top 5 Accuracy: 0.799 | Time: 2.511 | 
Running student landscape probe...
[Train] Epoch: 33 | Teacher lr=0.3000 | Teacher Loss: 2.138 | Teacher Train Acc: 49.142 | Student lr=0.3000 | Student Train Acc: 67.224 | Time: 142.762 |
[Eval] Epoch: 33 | Teacher Test Loss: 2.596 | Teacher Test Acc: 35.810 | Student Test Loss: 1.933 | Student Test Acc: 48.660 | Teacher Test F1: 0.344 | Student Test F1: 0.482 | Teacher Top 5 Accuracy: 0.677 | Student Top 5 Accuracy: 0.790 | Time: 2.188 | 
Running student landscape probe...
[Train] Epoch: 34 | Teacher lr=0.3000 | Teacher Loss: 2.106 | Teacher Train Acc: 49.940 | Student lr=0.3000 | Student Train Acc: 67.530 | Time: 136.044 |
[Eval] Epoch: 34 | Teacher Test Loss: 2.602 | Teacher Test Acc: 36.020 | Student Test Loss: 1.881 | Student Test Acc: 49.900 | Teacher Test F1: 0.346 | Student Test F1: 0.495 | Teacher Top 5 Accuracy: 0.680 | Student Top 5 Accuracy: 0.799 | Time: 2.264 | 
Running student landscape probe...
[Train] Epoch: 35 | Teacher lr=0.3000 | Teacher Loss: 2.067 | Teacher Train Acc: 50.974 | Student lr=0.3000 | Student Train Acc: 68.116 | Time: 142.575 |
[Eval] Epoch: 35 | Teacher Test Loss: 2.606 | Teacher Test Acc: 35.850 | Student Test Loss: 1.872 | Student Test Acc: 50.140 | Teacher Test F1: 0.346 | Student Test F1: 0.497 | Teacher Top 5 Accuracy: 0.680 | Student Top 5 Accuracy: 0.799 | Time: 2.171 | 
Running student landscape probe...
ckpt location: ckpt/robust12h_mlspace/O4_sf_sgd_lr03_seed3_35ep.pt
