depth_list: [110, 20]
Dataset information: cifar100	 50000 images for training 	 10000 images for testing	
teacher depth: 110
student depth: 20
Total number of teacher parameters: 1,169,972
Total number of student parameters: 278,132
Snapshots will be saved to: snapshots/robust12h_mlspace/O4_sf_sgd_lr10_seed2_35ep
==== train and evaluate unequal restart ====
[scheduler] Schedule-Free sf_sgd active (lr=1.0, wd=0.0001, warmup=200)
[Eval] Epoch: 0 | Teacher Test Loss: 11623.433 | Teacher Test Acc: 1.000 | Student Test Loss: 6.044 | Student Test Acc: 1.110 | Teacher Test F1: 0.000 | Student Test F1: 0.000 | Teacher Top 5 Accuracy: 0.049 | Student Top 5 Accuracy: 0.052 | Time: 2.739 | 
Running student landscape probe...
[Train] Epoch: 1 | Teacher lr=1.0000 | Teacher Loss: 4.418 | Teacher Train Acc: 5.128 | Student lr=1.0000 | Student Train Acc: 11.500 | Time: 140.339 |
[Eval] Epoch: 1 | Teacher Test Loss: 3.948 | Teacher Test Acc: 9.930 | Student Test Loss: 3.404 | Student Test Acc: 17.530 | Teacher Test F1: 0.068 | Student Test F1: 0.139 | Teacher Top 5 Accuracy: 0.287 | Student Top 5 Accuracy: 0.452 | Time: 2.326 | 
Running student landscape probe...
[Train] Epoch: 2 | Teacher lr=1.0000 | Teacher Loss: 3.882 | Teacher Train Acc: 13.000 | Student lr=1.0000 | Student Train Acc: 25.540 | Time: 141.191 |
[Eval] Epoch: 2 | Teacher Test Loss: 3.589 | Teacher Test Acc: 14.510 | Student Test Loss: 2.881 | Student Test Acc: 27.450 | Teacher Test F1: 0.115 | Student Test F1: 0.247 | Teacher Top 5 Accuracy: 0.392 | Student Top 5 Accuracy: 0.588 | Time: 2.343 | 
Running student landscape probe...
[Train] Epoch: 3 | Teacher lr=1.0000 | Teacher Loss: 3.638 | Teacher Train Acc: 17.492 | Student lr=1.0000 | Student Train Acc: 36.220 | Time: 135.834 |
[Eval] Epoch: 3 | Teacher Test Loss: 3.360 | Teacher Test Acc: 17.920 | Student Test Loss: 2.538 | Student Test Acc: 34.750 | Teacher Test F1: 0.154 | Student Test F1: 0.332 | Teacher Top 5 Accuracy: 0.453 | Student Top 5 Accuracy: 0.670 | Time: 2.513 | 
Running student landscape probe...
[Train] Epoch: 4 | Teacher lr=1.0000 | Teacher Loss: 3.429 | Teacher Train Acc: 22.414 | Student lr=1.0000 | Student Train Acc: 42.950 | Time: 139.207 |
[Eval] Epoch: 4 | Teacher Test Loss: 3.210 | Teacher Test Acc: 20.790 | Student Test Loss: 2.338 | Student Test Acc: 39.090 | Teacher Test F1: 0.178 | Student Test F1: 0.375 | Teacher Top 5 Accuracy: 0.495 | Student Top 5 Accuracy: 0.709 | Time: 2.514 | 
Running student landscape probe...
[Train] Epoch: 5 | Teacher lr=1.0000 | Teacher Loss: 3.190 | Teacher Train Acc: 27.088 | Student lr=1.0000 | Student Train Acc: 48.030 | Time: 140.433 |
[Eval] Epoch: 5 | Teacher Test Loss: 3.065 | Teacher Test Acc: 23.400 | Student Test Loss: 2.171 | Student Test Acc: 42.940 | Teacher Test F1: 0.206 | Student Test F1: 0.414 | Teacher Top 5 Accuracy: 0.541 | Student Top 5 Accuracy: 0.740 | Time: 2.572 | 
Running student landscape probe...
[Train] Epoch: 6 | Teacher lr=1.0000 | Teacher Loss: 2.960 | Teacher Train Acc: 31.502 | Student lr=1.0000 | Student Train Acc: 51.924 | Time: 140.026 |
[Eval] Epoch: 6 | Teacher Test Loss: 2.824 | Teacher Test Acc: 28.120 | Student Test Loss: 2.031 | Student Test Acc: 45.940 | Teacher Test F1: 0.256 | Student Test F1: 0.445 | Teacher Top 5 Accuracy: 0.602 | Student Top 5 Accuracy: 0.767 | Time: 2.583 | 
Running student landscape probe...
[Train] Epoch: 7 | Teacher lr=1.0000 | Teacher Loss: 2.770 | Teacher Train Acc: 34.982 | Student lr=1.0000 | Student Train Acc: 54.740 | Time: 138.940 |
[Eval] Epoch: 7 | Teacher Test Loss: 2.841 | Teacher Test Acc: 28.100 | Student Test Loss: 1.868 | Student Test Acc: 49.960 | Teacher Test F1: 0.257 | Student Test F1: 0.491 | Teacher Top 5 Accuracy: 0.603 | Student Top 5 Accuracy: 0.798 | Time: 2.601 | 
Running student landscape probe...
[Train] Epoch: 8 | Teacher lr=1.0000 | Teacher Loss: 2.598 | Teacher Train Acc: 38.604 | Student lr=1.0000 | Student Train Acc: 57.508 | Time: 142.117 |
[Eval] Epoch: 8 | Teacher Test Loss: 2.612 | Teacher Test Acc: 32.730 | Student Test Loss: 1.832 | Student Test Acc: 50.990 | Teacher Test F1: 0.316 | Student Test F1: 0.502 | Teacher Top 5 Accuracy: 0.653 | Student Top 5 Accuracy: 0.801 | Time: 2.632 | 
Running student landscape probe...
[Train] Epoch: 9 | Teacher lr=1.0000 | Teacher Loss: 2.446 | Teacher Train Acc: 41.798 | Student lr=1.0000 | Student Train Acc: 59.756 | Time: 139.087 |
[Eval] Epoch: 9 | Teacher Test Loss: 2.366 | Teacher Test Acc: 37.860 | Student Test Loss: 1.917 | Student Test Acc: 48.850 | Teacher Test F1: 0.366 | Student Test F1: 0.482 | Teacher Top 5 Accuracy: 0.705 | Student Top 5 Accuracy: 0.785 | Time: 2.599 | 
Running student landscape probe...
[Train] Epoch: 10 | Teacher lr=1.0000 | Teacher Loss: 2.309 | Teacher Train Acc: 44.786 | Student lr=1.0000 | Student Train Acc: 61.378 | Time: 139.560 |
[Eval] Epoch: 10 | Teacher Test Loss: 2.357 | Teacher Test Acc: 38.750 | Student Test Loss: 1.863 | Student Test Acc: 49.900 | Teacher Test F1: 0.374 | Student Test F1: 0.492 | Teacher Top 5 Accuracy: 0.713 | Student Top 5 Accuracy: 0.796 | Time: 2.528 | 
Running student landscape probe...
[Train] Epoch: 11 | Teacher lr=1.0000 | Teacher Loss: 2.193 | Teacher Train Acc: 47.460 | Student lr=1.0000 | Student Train Acc: 63.236 | Time: 140.688 |
[Eval] Epoch: 11 | Teacher Test Loss: 2.217 | Teacher Test Acc: 41.950 | Student Test Loss: 1.761 | Student Test Acc: 52.680 | Teacher Test F1: 0.408 | Student Test F1: 0.519 | Teacher Top 5 Accuracy: 0.740 | Student Top 5 Accuracy: 0.810 | Time: 2.399 | 
Running student landscape probe...
[Train] Epoch: 12 | Teacher lr=1.0000 | Teacher Loss: 2.090 | Teacher Train Acc: 49.738 | Student lr=1.0000 | Student Train Acc: 64.960 | Time: 140.508 |
[Eval] Epoch: 12 | Teacher Test Loss: 2.174 | Teacher Test Acc: 43.560 | Student Test Loss: 1.821 | Student Test Acc: 51.350 | Teacher Test F1: 0.422 | Student Test F1: 0.508 | Teacher Top 5 Accuracy: 0.750 | Student Top 5 Accuracy: 0.799 | Time: 2.362 | 
Running student landscape probe...
[Train] Epoch: 13 | Teacher lr=1.0000 | Teacher Loss: 1.988 | Teacher Train Acc: 52.060 | Student lr=1.0000 | Student Train Acc: 66.118 | Time: 141.380 |
[Eval] Epoch: 13 | Teacher Test Loss: 2.079 | Teacher Test Acc: 45.290 | Student Test Loss: 1.716 | Student Test Acc: 53.330 | Teacher Test F1: 0.438 | Student Test F1: 0.527 | Teacher Top 5 Accuracy: 0.758 | Student Top 5 Accuracy: 0.822 | Time: 2.381 | 
Running student landscape probe...
[Train] Epoch: 14 | Teacher lr=1.0000 | Teacher Loss: 1.901 | Teacher Train Acc: 54.450 | Student lr=1.0000 | Student Train Acc: 67.116 | Time: 141.860 |
[Eval] Epoch: 14 | Teacher Test Loss: 2.135 | Teacher Test Acc: 44.570 | Student Test Loss: 1.696 | Student Test Acc: 53.860 | Teacher Test F1: 0.435 | Student Test F1: 0.534 | Teacher Top 5 Accuracy: 0.754 | Student Top 5 Accuracy: 0.826 | Time: 2.357 | 
Running student landscape probe...
[Train] Epoch: 15 | Teacher lr=1.0000 | Teacher Loss: 1.821 | Teacher Train Acc: 56.340 | Student lr=1.0000 | Student Train Acc: 68.302 | Time: 134.977 |
[Eval] Epoch: 15 | Teacher Test Loss: 2.032 | Teacher Test Acc: 46.600 | Student Test Loss: 1.677 | Student Test Acc: 54.430 | Teacher Test F1: 0.453 | Student Test F1: 0.543 | Teacher Top 5 Accuracy: 0.768 | Student Top 5 Accuracy: 0.830 | Time: 2.365 | 
Running student landscape probe...
[Train] Epoch: 16 | Teacher lr=1.0000 | Teacher Loss: 1.750 | Teacher Train Acc: 57.914 | Student lr=1.0000 | Student Train Acc: 69.348 | Time: 141.656 |
[Eval] Epoch: 16 | Teacher Test Loss: 2.167 | Teacher Test Acc: 44.780 | Student Test Loss: 1.589 | Student Test Acc: 56.550 | Teacher Test F1: 0.432 | Student Test F1: 0.559 | Teacher Top 5 Accuracy: 0.753 | Student Top 5 Accuracy: 0.842 | Time: 2.330 | 
Running student landscape probe...
[Train] Epoch: 17 | Teacher lr=1.0000 | Teacher Loss: 1.692 | Teacher Train Acc: 59.368 | Student lr=1.0000 | Student Train Acc: 70.370 | Time: 140.929 |
[Eval] Epoch: 17 | Teacher Test Loss: 1.974 | Teacher Test Acc: 49.010 | Student Test Loss: 1.661 | Student Test Acc: 55.470 | Teacher Test F1: 0.478 | Student Test F1: 0.552 | Teacher Top 5 Accuracy: 0.785 | Student Top 5 Accuracy: 0.829 | Time: 2.431 | 
Running student landscape probe...
[Train] Epoch: 18 | Teacher lr=1.0000 | Teacher Loss: 1.631 | Teacher Train Acc: 61.290 | Student lr=1.0000 | Student Train Acc: 71.094 | Time: 139.410 |
[Eval] Epoch: 18 | Teacher Test Loss: 2.153 | Teacher Test Acc: 46.490 | Student Test Loss: 1.678 | Student Test Acc: 54.940 | Teacher Test F1: 0.452 | Student Test F1: 0.546 | Teacher Top 5 Accuracy: 0.755 | Student Top 5 Accuracy: 0.832 | Time: 2.528 | 
Running student landscape probe...
[Train] Epoch: 19 | Teacher lr=1.0000 | Teacher Loss: 1.576 | Teacher Train Acc: 62.530 | Student lr=1.0000 | Student Train Acc: 72.046 | Time: 134.622 |
[Eval] Epoch: 19 | Teacher Test Loss: 2.037 | Teacher Test Acc: 48.090 | Student Test Loss: 1.575 | Student Test Acc: 57.530 | Teacher Test F1: 0.477 | Student Test F1: 0.570 | Teacher Top 5 Accuracy: 0.778 | Student Top 5 Accuracy: 0.844 | Time: 2.354 | 
Running student landscape probe...
[Train] Epoch: 20 | Teacher lr=1.0000 | Teacher Loss: 1.527 | Teacher Train Acc: 63.936 | Student lr=1.0000 | Student Train Acc: 72.766 | Time: 142.161 |
[Eval] Epoch: 20 | Teacher Test Loss: 2.139 | Teacher Test Acc: 47.150 | Student Test Loss: 1.597 | Student Test Acc: 56.880 | Teacher Test F1: 0.461 | Student Test F1: 0.566 | Teacher Top 5 Accuracy: 0.770 | Student Top 5 Accuracy: 0.846 | Time: 2.159 | 
Running student landscape probe...
[Train] Epoch: 21 | Teacher lr=1.0000 | Teacher Loss: 1.476 | Teacher Train Acc: 65.446 | Student lr=1.0000 | Student Train Acc: 73.680 | Time: 142.814 |
[Eval] Epoch: 21 | Teacher Test Loss: 2.047 | Teacher Test Acc: 49.420 | Student Test Loss: 1.726 | Student Test Acc: 55.340 | Teacher Test F1: 0.490 | Student Test F1: 0.549 | Teacher Top 5 Accuracy: 0.784 | Student Top 5 Accuracy: 0.828 | Time: 2.213 | 
Running student landscape probe...
[Train] Epoch: 22 | Teacher lr=1.0000 | Teacher Loss: 1.434 | Teacher Train Acc: 66.656 | Student lr=1.0000 | Student Train Acc: 74.374 | Time: 142.579 |
[Eval] Epoch: 22 | Teacher Test Loss: 1.990 | Teacher Test Acc: 50.260 | Student Test Loss: 1.578 | Student Test Acc: 57.600 | Teacher Test F1: 0.495 | Student Test F1: 0.574 | Teacher Top 5 Accuracy: 0.791 | Student Top 5 Accuracy: 0.847 | Time: 2.229 | 
Running student landscape probe...
[Train] Epoch: 23 | Teacher lr=1.0000 | Teacher Loss: 1.386 | Teacher Train Acc: 67.918 | Student lr=1.0000 | Student Train Acc: 74.882 | Time: 141.597 |
[Eval] Epoch: 23 | Teacher Test Loss: 2.489 | Teacher Test Acc: 44.920 | Student Test Loss: 1.595 | Student Test Acc: 56.800 | Teacher Test F1: 0.441 | Student Test F1: 0.568 | Teacher Top 5 Accuracy: 0.742 | Student Top 5 Accuracy: 0.848 | Time: 2.162 | 
Running student landscape probe...
[Train] Epoch: 24 | Teacher lr=1.0000 | Teacher Loss: 1.351 | Teacher Train Acc: 68.996 | Student lr=1.0000 | Student Train Acc: 75.374 | Time: 139.337 |
[Eval] Epoch: 24 | Teacher Test Loss: 2.032 | Teacher Test Acc: 50.560 | Student Test Loss: 1.658 | Student Test Acc: 56.460 | Teacher Test F1: 0.495 | Student Test F1: 0.562 | Teacher Top 5 Accuracy: 0.790 | Student Top 5 Accuracy: 0.839 | Time: 2.284 | 
Running student landscape probe...
[Train] Epoch: 25 | Teacher lr=1.0000 | Teacher Loss: 1.304 | Teacher Train Acc: 70.294 | Student lr=1.0000 | Student Train Acc: 75.970 | Time: 136.194 |
[Eval] Epoch: 25 | Teacher Test Loss: 2.319 | Teacher Test Acc: 47.090 | Student Test Loss: 1.496 | Student Test Acc: 59.070 | Teacher Test F1: 0.463 | Student Test F1: 0.590 | Teacher Top 5 Accuracy: 0.758 | Student Top 5 Accuracy: 0.860 | Time: 2.299 | 
Running student landscape probe...
[Train] Epoch: 26 | Teacher lr=1.0000 | Teacher Loss: 1.272 | Teacher Train Acc: 71.184 | Student lr=1.0000 | Student Train Acc: 76.790 | Time: 135.659 |
[Eval] Epoch: 26 | Teacher Test Loss: 2.430 | Teacher Test Acc: 46.370 | Student Test Loss: 1.532 | Student Test Acc: 58.440 | Teacher Test F1: 0.456 | Student Test F1: 0.585 | Teacher Top 5 Accuracy: 0.753 | Student Top 5 Accuracy: 0.858 | Time: 2.286 | 
Running student landscape probe...
[Train] Epoch: 27 | Teacher lr=1.0000 | Teacher Loss: 1.238 | Teacher Train Acc: 72.296 | Student lr=1.0000 | Student Train Acc: 77.332 | Time: 135.130 |
[Eval] Epoch: 27 | Teacher Test Loss: 2.305 | Teacher Test Acc: 48.160 | Student Test Loss: 1.463 | Student Test Acc: 59.910 | Teacher Test F1: 0.470 | Student Test F1: 0.600 | Teacher Top 5 Accuracy: 0.770 | Student Top 5 Accuracy: 0.864 | Time: 2.300 | 
Running student landscape probe...
[Train] Epoch: 28 | Teacher lr=1.0000 | Teacher Loss: 1.208 | Teacher Train Acc: 73.450 | Student lr=1.0000 | Student Train Acc: 77.458 | Time: 140.970 |
[Eval] Epoch: 28 | Teacher Test Loss: 2.618 | Teacher Test Acc: 43.420 | Student Test Loss: 1.558 | Student Test Acc: 57.800 | Teacher Test F1: 0.428 | Student Test F1: 0.582 | Teacher Top 5 Accuracy: 0.733 | Student Top 5 Accuracy: 0.854 | Time: 2.191 | 
Running student landscape probe...
[Train] Epoch: 29 | Teacher lr=1.0000 | Teacher Loss: 1.170 | Teacher Train Acc: 74.584 | Student lr=1.0000 | Student Train Acc: 78.002 | Time: 142.548 |
[Eval] Epoch: 29 | Teacher Test Loss: 2.536 | Teacher Test Acc: 45.920 | Student Test Loss: 1.481 | Student Test Acc: 59.270 | Teacher Test F1: 0.449 | Student Test F1: 0.592 | Teacher Top 5 Accuracy: 0.745 | Student Top 5 Accuracy: 0.861 | Time: 2.255 | 
Running student landscape probe...
[Train] Epoch: 30 | Teacher lr=1.0000 | Teacher Loss: 1.143 | Teacher Train Acc: 75.454 | Student lr=1.0000 | Student Train Acc: 78.512 | Time: 139.555 |
[Eval] Epoch: 30 | Teacher Test Loss: 2.802 | Teacher Test Acc: 43.000 | Student Test Loss: 1.533 | Student Test Acc: 58.270 | Teacher Test F1: 0.422 | Student Test F1: 0.583 | Teacher Top 5 Accuracy: 0.724 | Student Top 5 Accuracy: 0.855 | Time: 2.143 | 
Running student landscape probe...
[Train] Epoch: 31 | Teacher lr=1.0000 | Teacher Loss: 1.115 | Teacher Train Acc: 76.344 | Student lr=1.0000 | Student Train Acc: 78.832 | Time: 142.137 |
[Eval] Epoch: 31 | Teacher Test Loss: 2.884 | Teacher Test Acc: 41.800 | Student Test Loss: 1.549 | Student Test Acc: 58.460 | Teacher Test F1: 0.411 | Student Test F1: 0.585 | Teacher Top 5 Accuracy: 0.712 | Student Top 5 Accuracy: 0.856 | Time: 2.341 | 
Running student landscape probe...
[Train] Epoch: 32 | Teacher lr=1.0000 | Teacher Loss: 1.085 | Teacher Train Acc: 77.300 | Student lr=1.0000 | Student Train Acc: 79.430 | Time: 142.459 |
[Eval] Epoch: 32 | Teacher Test Loss: 2.797 | Teacher Test Acc: 43.260 | Student Test Loss: 1.553 | Student Test Acc: 58.780 | Teacher Test F1: 0.424 | Student Test F1: 0.587 | Teacher Top 5 Accuracy: 0.717 | Student Top 5 Accuracy: 0.857 | Time: 2.295 | 
Running student landscape probe...
[Train] Epoch: 33 | Teacher lr=1.0000 | Teacher Loss: 1.057 | Teacher Train Acc: 78.242 | Student lr=1.0000 | Student Train Acc: 79.526 | Time: 141.275 |
[Eval] Epoch: 33 | Teacher Test Loss: 3.450 | Teacher Test Acc: 36.380 | Student Test Loss: 1.526 | Student Test Acc: 58.420 | Teacher Test F1: 0.360 | Student Test F1: 0.589 | Teacher Top 5 Accuracy: 0.656 | Student Top 5 Accuracy: 0.857 | Time: 2.233 | 
Running student landscape probe...
[Train] Epoch: 34 | Teacher lr=1.0000 | Teacher Loss: 1.034 | Teacher Train Acc: 79.000 | Student lr=1.0000 | Student Train Acc: 79.938 | Time: 135.210 |
[Eval] Epoch: 34 | Teacher Test Loss: 3.255 | Teacher Test Acc: 38.890 | Student Test Loss: 1.452 | Student Test Acc: 60.530 | Teacher Test F1: 0.388 | Student Test F1: 0.608 | Teacher Top 5 Accuracy: 0.686 | Student Top 5 Accuracy: 0.870 | Time: 2.340 | 
Running student landscape probe...
[Train] Epoch: 35 | Teacher lr=1.0000 | Teacher Loss: 1.009 | Teacher Train Acc: 79.874 | Student lr=1.0000 | Student Train Acc: 80.464 | Time: 140.643 |
[Eval] Epoch: 35 | Teacher Test Loss: 3.866 | Teacher Test Acc: 33.750 | Student Test Loss: 1.420 | Student Test Acc: 60.880 | Teacher Test F1: 0.337 | Student Test F1: 0.611 | Teacher Top 5 Accuracy: 0.637 | Student Top 5 Accuracy: 0.873 | Time: 2.325 | 
Running student landscape probe...
ckpt location: ckpt/robust12h_mlspace/O4_sf_sgd_lr10_seed2_35ep.pt
