depth_list: [110, 20]
Dataset information: cifar100	 50000 images for training 	 10000 images for testing	
teacher depth: 110
student depth: 20
Total number of teacher parameters: 1,169,972
Total number of student parameters: 278,132
Snapshots will be saved to: snapshots/robust12h_mlspace/O4_sf_sgd_lr03_seed1_35ep
==== train and evaluate unequal restart ====
[scheduler] Schedule-Free sf_sgd active (lr=0.3, wd=0.0001, warmup=200)
[Eval] Epoch: 0 | Teacher Test Loss: 12407.062 | Teacher Test Acc: 0.990 | Student Test Loss: 7.984 | Student Test Acc: 1.020 | Teacher Test F1: 0.000 | Student Test F1: 0.000 | Teacher Top 5 Accuracy: 0.050 | Student Top 5 Accuracy: 0.046 | Time: 2.943 | 
Running student landscape probe...
[Train] Epoch: 1 | Teacher lr=0.3000 | Teacher Loss: 4.531 | Teacher Train Acc: 3.332 | Student lr=0.3000 | Student Train Acc: 7.050 | Time: 143.199 |
[Eval] Epoch: 1 | Teacher Test Loss: 4.236 | Teacher Test Acc: 6.830 | Student Test Loss: 3.872 | Student Test Acc: 10.860 | Teacher Test F1: 0.034 | Student Test F1: 0.065 | Teacher Top 5 Accuracy: 0.210 | Student Top 5 Accuracy: 0.312 | Time: 2.409 | 
Running student landscape probe...
[Train] Epoch: 2 | Teacher lr=0.3000 | Teacher Loss: 4.139 | Teacher Train Acc: 8.396 | Student lr=0.3000 | Student Train Acc: 13.828 | Time: 142.500 |
[Eval] Epoch: 2 | Teacher Test Loss: 3.941 | Teacher Test Acc: 9.890 | Student Test Loss: 3.596 | Student Test Acc: 14.590 | Teacher Test F1: 0.066 | Student Test F1: 0.106 | Teacher Top 5 Accuracy: 0.285 | Student Top 5 Accuracy: 0.390 | Time: 2.476 | 
Running student landscape probe...
[Train] Epoch: 3 | Teacher lr=0.3000 | Teacher Loss: 3.959 | Teacher Train Acc: 11.204 | Student lr=0.3000 | Student Train Acc: 18.056 | Time: 142.400 |
[Eval] Epoch: 3 | Teacher Test Loss: 3.881 | Teacher Test Acc: 10.730 | Student Test Loss: 3.398 | Student Test Acc: 17.460 | Teacher Test F1: 0.078 | Student Test F1: 0.138 | Teacher Top 5 Accuracy: 0.308 | Student Top 5 Accuracy: 0.449 | Time: 2.248 | 
Running student landscape probe...
[Train] Epoch: 4 | Teacher lr=0.3000 | Teacher Loss: 3.841 | Teacher Train Acc: 12.984 | Student lr=0.3000 | Student Train Acc: 23.106 | Time: 135.563 |
[Eval] Epoch: 4 | Teacher Test Loss: 3.856 | Teacher Test Acc: 10.940 | Student Test Loss: 3.213 | Student Test Acc: 20.940 | Teacher Test F1: 0.082 | Student Test F1: 0.174 | Teacher Top 5 Accuracy: 0.319 | Student Top 5 Accuracy: 0.501 | Time: 2.278 | 
Running student landscape probe...
[Train] Epoch: 5 | Teacher lr=0.3000 | Teacher Loss: 3.750 | Teacher Train Acc: 14.812 | Student lr=0.3000 | Student Train Acc: 27.644 | Time: 141.833 |
[Eval] Epoch: 5 | Teacher Test Loss: 3.697 | Teacher Test Acc: 12.600 | Student Test Loss: 3.027 | Student Test Acc: 23.840 | Teacher Test F1: 0.099 | Student Test F1: 0.207 | Teacher Top 5 Accuracy: 0.358 | Student Top 5 Accuracy: 0.544 | Time: 2.182 | 
Running student landscape probe...
[Train] Epoch: 6 | Teacher lr=0.3000 | Teacher Loss: 3.677 | Teacher Train Acc: 16.604 | Student lr=0.3000 | Student Train Acc: 31.830 | Time: 137.198 |
[Eval] Epoch: 6 | Teacher Test Loss: 3.567 | Teacher Test Acc: 14.780 | Student Test Loss: 2.895 | Student Test Acc: 26.600 | Teacher Test F1: 0.117 | Student Test F1: 0.242 | Teacher Top 5 Accuracy: 0.403 | Student Top 5 Accuracy: 0.580 | Time: 2.495 | 
Running student landscape probe...
[Train] Epoch: 7 | Teacher lr=0.3000 | Teacher Loss: 3.605 | Teacher Train Acc: 18.148 | Student lr=0.3000 | Student Train Acc: 35.228 | Time: 141.896 |
[Eval] Epoch: 7 | Teacher Test Loss: 3.535 | Teacher Test Acc: 15.200 | Student Test Loss: 2.732 | Student Test Acc: 30.140 | Teacher Test F1: 0.122 | Student Test F1: 0.278 | Teacher Top 5 Accuracy: 0.412 | Student Top 5 Accuracy: 0.623 | Time: 2.417 | 
Running student landscape probe...
[Train] Epoch: 8 | Teacher lr=0.3000 | Teacher Loss: 3.529 | Teacher Train Acc: 19.868 | Student lr=0.3000 | Student Train Acc: 38.322 | Time: 140.430 |
[Eval] Epoch: 8 | Teacher Test Loss: 3.396 | Teacher Test Acc: 17.130 | Student Test Loss: 2.733 | Student Test Acc: 30.940 | Teacher Test F1: 0.143 | Student Test F1: 0.287 | Teacher Top 5 Accuracy: 0.446 | Student Top 5 Accuracy: 0.622 | Time: 2.367 | 
Running student landscape probe...
[Train] Epoch: 9 | Teacher lr=0.3000 | Teacher Loss: 3.458 | Teacher Train Acc: 21.266 | Student lr=0.3000 | Student Train Acc: 40.942 | Time: 143.717 |
[Eval] Epoch: 9 | Teacher Test Loss: 3.394 | Teacher Test Acc: 17.370 | Student Test Loss: 2.643 | Student Test Acc: 32.790 | Teacher Test F1: 0.147 | Student Test F1: 0.304 | Teacher Top 5 Accuracy: 0.450 | Student Top 5 Accuracy: 0.644 | Time: 2.319 | 
Running student landscape probe...
[Train] Epoch: 10 | Teacher lr=0.3000 | Teacher Loss: 3.380 | Teacher Train Acc: 22.840 | Student lr=0.3000 | Student Train Acc: 43.374 | Time: 142.590 |
[Eval] Epoch: 10 | Teacher Test Loss: 3.267 | Teacher Test Acc: 19.850 | Student Test Loss: 2.662 | Student Test Acc: 33.370 | Teacher Test F1: 0.171 | Student Test F1: 0.306 | Teacher Top 5 Accuracy: 0.486 | Student Top 5 Accuracy: 0.636 | Time: 2.347 | 
Running student landscape probe...
[Train] Epoch: 11 | Teacher lr=0.3000 | Teacher Loss: 3.303 | Teacher Train Acc: 24.260 | Student lr=0.3000 | Student Train Acc: 45.254 | Time: 143.154 |
[Eval] Epoch: 11 | Teacher Test Loss: 3.308 | Teacher Test Acc: 19.370 | Student Test Loss: 2.593 | Student Test Acc: 34.750 | Teacher Test F1: 0.168 | Student Test F1: 0.320 | Teacher Top 5 Accuracy: 0.483 | Student Top 5 Accuracy: 0.658 | Time: 2.378 | 
Running student landscape probe...
[Train] Epoch: 12 | Teacher lr=0.3000 | Teacher Loss: 3.230 | Teacher Train Acc: 26.180 | Student lr=0.3000 | Student Train Acc: 47.312 | Time: 138.813 |
[Eval] Epoch: 12 | Teacher Test Loss: 3.167 | Teacher Test Acc: 20.940 | Student Test Loss: 2.397 | Student Test Acc: 38.710 | Teacher Test F1: 0.184 | Student Test F1: 0.360 | Teacher Top 5 Accuracy: 0.513 | Student Top 5 Accuracy: 0.700 | Time: 2.367 | 
Running student landscape probe...
[Train] Epoch: 13 | Teacher lr=0.3000 | Teacher Loss: 3.160 | Teacher Train Acc: 27.610 | Student lr=0.3000 | Student Train Acc: 49.020 | Time: 137.280 |
[Eval] Epoch: 13 | Teacher Test Loss: 3.066 | Teacher Test Acc: 23.160 | Student Test Loss: 2.308 | Student Test Acc: 40.110 | Teacher Test F1: 0.209 | Student Test F1: 0.376 | Teacher Top 5 Accuracy: 0.539 | Student Top 5 Accuracy: 0.716 | Time: 2.444 | 
Running student landscape probe...
[Train] Epoch: 14 | Teacher lr=0.3000 | Teacher Loss: 3.085 | Teacher Train Acc: 29.188 | Student lr=0.3000 | Student Train Acc: 50.734 | Time: 140.072 |
[Eval] Epoch: 14 | Teacher Test Loss: 3.044 | Teacher Test Acc: 23.360 | Student Test Loss: 2.233 | Student Test Acc: 42.380 | Teacher Test F1: 0.209 | Student Test F1: 0.404 | Teacher Top 5 Accuracy: 0.549 | Student Top 5 Accuracy: 0.730 | Time: 2.371 | 
Running student landscape probe...
[Train] Epoch: 15 | Teacher lr=0.3000 | Teacher Loss: 3.011 | Teacher Train Acc: 30.414 | Student lr=0.3000 | Student Train Acc: 52.200 | Time: 141.789 |
[Eval] Epoch: 15 | Teacher Test Loss: 2.953 | Teacher Test Acc: 25.200 | Student Test Loss: 2.262 | Student Test Acc: 41.790 | Teacher Test F1: 0.229 | Student Test F1: 0.396 | Teacher Top 5 Accuracy: 0.574 | Student Top 5 Accuracy: 0.726 | Time: 2.439 | 
Running student landscape probe...
[Train] Epoch: 16 | Teacher lr=0.3000 | Teacher Loss: 2.949 | Teacher Train Acc: 31.888 | Student lr=0.3000 | Student Train Acc: 53.306 | Time: 142.066 |
[Eval] Epoch: 16 | Teacher Test Loss: 3.030 | Teacher Test Acc: 24.470 | Student Test Loss: 2.153 | Student Test Acc: 43.720 | Teacher Test F1: 0.217 | Student Test F1: 0.423 | Teacher Top 5 Accuracy: 0.556 | Student Top 5 Accuracy: 0.745 | Time: 2.378 | 
Running student landscape probe...
[Train] Epoch: 17 | Teacher lr=0.3000 | Teacher Loss: 2.881 | Teacher Train Acc: 33.204 | Student lr=0.3000 | Student Train Acc: 54.662 | Time: 141.948 |
[Eval] Epoch: 17 | Teacher Test Loss: 2.967 | Teacher Test Acc: 25.300 | Student Test Loss: 2.156 | Student Test Acc: 43.490 | Teacher Test F1: 0.226 | Student Test F1: 0.421 | Teacher Top 5 Accuracy: 0.574 | Student Top 5 Accuracy: 0.745 | Time: 2.368 | 
Running student landscape probe...
[Train] Epoch: 18 | Teacher lr=0.3000 | Teacher Loss: 2.818 | Teacher Train Acc: 34.378 | Student lr=0.3000 | Student Train Acc: 55.756 | Time: 137.483 |
[Eval] Epoch: 18 | Teacher Test Loss: 2.810 | Teacher Test Acc: 28.450 | Student Test Loss: 2.041 | Student Test Acc: 46.180 | Teacher Test F1: 0.261 | Student Test F1: 0.450 | Teacher Top 5 Accuracy: 0.607 | Student Top 5 Accuracy: 0.767 | Time: 2.371 | 
Running student landscape probe...
[Train] Epoch: 19 | Teacher lr=0.3000 | Teacher Loss: 2.758 | Teacher Train Acc: 35.586 | Student lr=0.3000 | Student Train Acc: 56.852 | Time: 138.111 |
[Eval] Epoch: 19 | Teacher Test Loss: 2.873 | Teacher Test Acc: 28.080 | Student Test Loss: 2.081 | Student Test Acc: 45.420 | Teacher Test F1: 0.255 | Student Test F1: 0.442 | Teacher Top 5 Accuracy: 0.599 | Student Top 5 Accuracy: 0.757 | Time: 2.394 | 
Running student landscape probe...
[Train] Epoch: 20 | Teacher lr=0.3000 | Teacher Loss: 2.700 | Teacher Train Acc: 36.834 | Student lr=0.3000 | Student Train Acc: 57.604 | Time: 142.251 |
[Eval] Epoch: 20 | Teacher Test Loss: 2.773 | Teacher Test Acc: 30.440 | Student Test Loss: 2.019 | Student Test Acc: 46.760 | Teacher Test F1: 0.279 | Student Test F1: 0.454 | Teacher Top 5 Accuracy: 0.618 | Student Top 5 Accuracy: 0.765 | Time: 2.428 | 
Running student landscape probe...
[Train] Epoch: 21 | Teacher lr=0.3000 | Teacher Loss: 2.646 | Teacher Train Acc: 37.940 | Student lr=0.3000 | Student Train Acc: 58.578 | Time: 142.657 |
[Eval] Epoch: 21 | Teacher Test Loss: 2.706 | Teacher Test Acc: 31.950 | Student Test Loss: 1.973 | Student Test Acc: 47.730 | Teacher Test F1: 0.298 | Student Test F1: 0.466 | Teacher Top 5 Accuracy: 0.630 | Student Top 5 Accuracy: 0.774 | Time: 2.347 | 
Running student landscape probe...
[Train] Epoch: 22 | Teacher lr=0.3000 | Teacher Loss: 2.591 | Teacher Train Acc: 39.070 | Student lr=0.3000 | Student Train Acc: 59.354 | Time: 140.789 |
[Eval] Epoch: 22 | Teacher Test Loss: 2.713 | Teacher Test Acc: 31.860 | Student Test Loss: 2.032 | Student Test Acc: 46.480 | Teacher Test F1: 0.297 | Student Test F1: 0.453 | Teacher Top 5 Accuracy: 0.626 | Student Top 5 Accuracy: 0.766 | Time: 2.360 | 
Running student landscape probe...
[Train] Epoch: 23 | Teacher lr=0.3000 | Teacher Loss: 2.538 | Teacher Train Acc: 39.966 | Student lr=0.3000 | Student Train Acc: 60.370 | Time: 142.076 |
[Eval] Epoch: 23 | Teacher Test Loss: 2.682 | Teacher Test Acc: 32.800 | Student Test Loss: 1.965 | Student Test Acc: 47.650 | Teacher Test F1: 0.307 | Student Test F1: 0.469 | Teacher Top 5 Accuracy: 0.637 | Student Top 5 Accuracy: 0.776 | Time: 2.369 | 
Running student landscape probe...
[Train] Epoch: 24 | Teacher lr=0.3000 | Teacher Loss: 2.491 | Teacher Train Acc: 41.198 | Student lr=0.3000 | Student Train Acc: 61.418 | Time: 137.538 |
[Eval] Epoch: 24 | Teacher Test Loss: 2.754 | Teacher Test Acc: 32.160 | Student Test Loss: 1.873 | Student Test Acc: 49.730 | Teacher Test F1: 0.302 | Student Test F1: 0.491 | Teacher Top 5 Accuracy: 0.620 | Student Top 5 Accuracy: 0.793 | Time: 2.343 | 
Running student landscape probe...
[Train] Epoch: 25 | Teacher lr=0.3000 | Teacher Loss: 2.437 | Teacher Train Acc: 42.594 | Student lr=0.3000 | Student Train Acc: 61.904 | Time: 142.092 |
[Eval] Epoch: 25 | Teacher Test Loss: 2.892 | Teacher Test Acc: 30.760 | Student Test Loss: 1.869 | Student Test Acc: 49.820 | Teacher Test F1: 0.288 | Student Test F1: 0.492 | Teacher Top 5 Accuracy: 0.601 | Student Top 5 Accuracy: 0.794 | Time: 2.455 | 
Running student landscape probe...
[Train] Epoch: 26 | Teacher lr=0.3000 | Teacher Loss: 2.387 | Teacher Train Acc: 43.538 | Student lr=0.3000 | Student Train Acc: 62.794 | Time: 135.727 |
[Eval] Epoch: 26 | Teacher Test Loss: 2.842 | Teacher Test Acc: 31.160 | Student Test Loss: 1.831 | Student Test Acc: 50.800 | Teacher Test F1: 0.292 | Student Test F1: 0.500 | Teacher Top 5 Accuracy: 0.609 | Student Top 5 Accuracy: 0.802 | Time: 2.353 | 
Running student landscape probe...
[Train] Epoch: 27 | Teacher lr=0.3000 | Teacher Loss: 2.340 | Teacher Train Acc: 44.356 | Student lr=0.3000 | Student Train Acc: 63.420 | Time: 141.893 |
[Eval] Epoch: 27 | Teacher Test Loss: 2.514 | Teacher Test Acc: 36.350 | Student Test Loss: 1.814 | Student Test Acc: 51.050 | Teacher Test F1: 0.344 | Student Test F1: 0.504 | Teacher Top 5 Accuracy: 0.672 | Student Top 5 Accuracy: 0.805 | Time: 2.428 | 
Running student landscape probe...
[Train] Epoch: 28 | Teacher lr=0.3000 | Teacher Loss: 2.303 | Teacher Train Acc: 45.504 | Student lr=0.3000 | Student Train Acc: 64.264 | Time: 141.966 |
[Eval] Epoch: 28 | Teacher Test Loss: 2.542 | Teacher Test Acc: 36.280 | Student Test Loss: 1.844 | Student Test Acc: 50.280 | Teacher Test F1: 0.342 | Student Test F1: 0.497 | Teacher Top 5 Accuracy: 0.668 | Student Top 5 Accuracy: 0.801 | Time: 2.488 | 
Running student landscape probe...
[Train] Epoch: 29 | Teacher lr=0.3000 | Teacher Loss: 2.255 | Teacher Train Acc: 46.346 | Student lr=0.3000 | Student Train Acc: 64.616 | Time: 140.214 |
[Eval] Epoch: 29 | Teacher Test Loss: 2.487 | Teacher Test Acc: 36.930 | Student Test Loss: 1.824 | Student Test Acc: 50.870 | Teacher Test F1: 0.349 | Student Test F1: 0.501 | Teacher Top 5 Accuracy: 0.683 | Student Top 5 Accuracy: 0.805 | Time: 2.357 | 
Running student landscape probe...
[Train] Epoch: 30 | Teacher lr=0.3000 | Teacher Loss: 2.212 | Teacher Train Acc: 47.372 | Student lr=0.3000 | Student Train Acc: 65.246 | Time: 135.074 |
[Eval] Epoch: 30 | Teacher Test Loss: 2.563 | Teacher Test Acc: 36.300 | Student Test Loss: 1.897 | Student Test Acc: 49.800 | Teacher Test F1: 0.344 | Student Test F1: 0.490 | Teacher Top 5 Accuracy: 0.670 | Student Top 5 Accuracy: 0.792 | Time: 2.358 | 
Running student landscape probe...
[Train] Epoch: 31 | Teacher lr=0.3000 | Teacher Loss: 2.174 | Teacher Train Acc: 48.262 | Student lr=0.3000 | Student Train Acc: 65.770 | Time: 140.977 |
[Eval] Epoch: 31 | Teacher Test Loss: 2.403 | Teacher Test Acc: 38.700 | Student Test Loss: 1.841 | Student Test Acc: 50.640 | Teacher Test F1: 0.369 | Student Test F1: 0.499 | Teacher Top 5 Accuracy: 0.706 | Student Top 5 Accuracy: 0.802 | Time: 2.439 | 
Running student landscape probe...
[Train] Epoch: 32 | Teacher lr=0.3000 | Teacher Loss: 2.133 | Teacher Train Acc: 48.954 | Student lr=0.3000 | Student Train Acc: 66.520 | Time: 140.287 |
[Eval] Epoch: 32 | Teacher Test Loss: 2.543 | Teacher Test Acc: 36.910 | Student Test Loss: 1.867 | Student Test Acc: 50.610 | Teacher Test F1: 0.350 | Student Test F1: 0.496 | Teacher Top 5 Accuracy: 0.683 | Student Top 5 Accuracy: 0.798 | Time: 2.430 | 
Running student landscape probe...
[Train] Epoch: 33 | Teacher lr=0.3000 | Teacher Loss: 2.097 | Teacher Train Acc: 49.920 | Student lr=0.3000 | Student Train Acc: 66.974 | Time: 135.560 |
[Eval] Epoch: 33 | Teacher Test Loss: 2.682 | Teacher Test Acc: 35.520 | Student Test Loss: 1.844 | Student Test Acc: 50.930 | Teacher Test F1: 0.338 | Student Test F1: 0.500 | Teacher Top 5 Accuracy: 0.661 | Student Top 5 Accuracy: 0.802 | Time: 2.374 | 
Running student landscape probe...
[Train] Epoch: 34 | Teacher lr=0.3000 | Teacher Loss: 2.056 | Teacher Train Acc: 50.986 | Student lr=0.3000 | Student Train Acc: 67.706 | Time: 139.559 |
[Eval] Epoch: 34 | Teacher Test Loss: 2.640 | Teacher Test Acc: 36.110 | Student Test Loss: 1.868 | Student Test Acc: 50.510 | Teacher Test F1: 0.347 | Student Test F1: 0.496 | Teacher Top 5 Accuracy: 0.665 | Student Top 5 Accuracy: 0.795 | Time: 2.480 | 
Running student landscape probe...
[Train] Epoch: 35 | Teacher lr=0.3000 | Teacher Loss: 2.022 | Teacher Train Acc: 51.946 | Student lr=0.3000 | Student Train Acc: 68.360 | Time: 141.936 |
[Eval] Epoch: 35 | Teacher Test Loss: 2.530 | Teacher Test Acc: 37.700 | Student Test Loss: 1.900 | Student Test Acc: 49.440 | Teacher Test F1: 0.365 | Student Test F1: 0.485 | Teacher Top 5 Accuracy: 0.685 | Student Top 5 Accuracy: 0.792 | Time: 2.384 | 
Running student landscape probe...
ckpt location: ckpt/robust12h_mlspace/O4_sf_sgd_lr03_seed1_35ep.pt
