depth_list: [110, 20]
Dataset information: cifar100	 50000 images for training 	 10000 images for testing	
teacher depth: 110
student depth: 20
Total number of teacher parameters: 1,169,972
Total number of student parameters: 278,132
Snapshots will be saved to: snapshots/robust12h_mlspace/O4_sf_sgd_lr10_seed1_35ep
==== train and evaluate unequal restart ====
[scheduler] Schedule-Free sf_sgd active (lr=1.0, wd=0.0001, warmup=200)
[Eval] Epoch: 0 | Teacher Test Loss: 12407.062 | Teacher Test Acc: 0.990 | Student Test Loss: 7.984 | Student Test Acc: 1.020 | Teacher Test F1: 0.000 | Student Test F1: 0.000 | Teacher Top 5 Accuracy: 0.050 | Student Top 5 Accuracy: 0.046 | Time: 2.925 | 
Running student landscape probe...
[Train] Epoch: 1 | Teacher lr=1.0000 | Teacher Loss: 4.389 | Teacher Train Acc: 5.316 | Student lr=1.0000 | Student Train Acc: 11.530 | Time: 140.644 |
[Eval] Epoch: 1 | Teacher Test Loss: 3.933 | Teacher Test Acc: 9.240 | Student Test Loss: 3.487 | Student Test Acc: 16.470 | Teacher Test F1: 0.062 | Student Test F1: 0.128 | Teacher Top 5 Accuracy: 0.287 | Student Top 5 Accuracy: 0.424 | Time: 2.478 | 
Running student landscape probe...
[Train] Epoch: 2 | Teacher lr=1.0000 | Teacher Loss: 3.903 | Teacher Train Acc: 12.478 | Student lr=1.0000 | Student Train Acc: 24.814 | Time: 141.141 |
[Eval] Epoch: 2 | Teacher Test Loss: 3.570 | Teacher Test Acc: 14.660 | Student Test Loss: 2.977 | Student Test Acc: 25.800 | Teacher Test F1: 0.117 | Student Test F1: 0.229 | Teacher Top 5 Accuracy: 0.390 | Student Top 5 Accuracy: 0.560 | Time: 2.419 | 
Running student landscape probe...
[Train] Epoch: 3 | Teacher lr=1.0000 | Teacher Loss: 3.647 | Teacher Train Acc: 17.846 | Student lr=1.0000 | Student Train Acc: 34.974 | Time: 136.063 |
[Eval] Epoch: 3 | Teacher Test Loss: 3.381 | Teacher Test Acc: 18.070 | Student Test Loss: 2.739 | Student Test Acc: 31.440 | Teacher Test F1: 0.153 | Student Test F1: 0.284 | Teacher Top 5 Accuracy: 0.457 | Student Top 5 Accuracy: 0.618 | Time: 2.441 | 
Running student landscape probe...
[Train] Epoch: 4 | Teacher lr=1.0000 | Teacher Loss: 3.425 | Teacher Train Acc: 22.406 | Student lr=1.0000 | Student Train Acc: 42.256 | Time: 139.377 |
[Eval] Epoch: 4 | Teacher Test Loss: 3.245 | Teacher Test Acc: 20.170 | Student Test Loss: 2.463 | Student Test Acc: 36.760 | Teacher Test F1: 0.173 | Student Test F1: 0.346 | Teacher Top 5 Accuracy: 0.487 | Student Top 5 Accuracy: 0.681 | Time: 2.392 | 
Running student landscape probe...
[Train] Epoch: 5 | Teacher lr=1.0000 | Teacher Loss: 3.178 | Teacher Train Acc: 26.904 | Student lr=1.0000 | Student Train Acc: 47.332 | Time: 139.918 |
[Eval] Epoch: 5 | Teacher Test Loss: 2.989 | Teacher Test Acc: 24.730 | Student Test Loss: 2.214 | Student Test Acc: 41.840 | Teacher Test F1: 0.222 | Student Test F1: 0.404 | Teacher Top 5 Accuracy: 0.558 | Student Top 5 Accuracy: 0.735 | Time: 2.623 | 
Running student landscape probe...
[Train] Epoch: 6 | Teacher lr=1.0000 | Teacher Loss: 2.950 | Teacher Train Acc: 31.240 | Student lr=1.0000 | Student Train Acc: 50.968 | Time: 139.942 |
[Eval] Epoch: 6 | Teacher Test Loss: 2.947 | Teacher Test Acc: 26.070 | Student Test Loss: 2.049 | Student Test Acc: 45.270 | Teacher Test F1: 0.234 | Student Test F1: 0.443 | Teacher Top 5 Accuracy: 0.570 | Student Top 5 Accuracy: 0.767 | Time: 2.612 | 
Running student landscape probe...
[Train] Epoch: 7 | Teacher lr=1.0000 | Teacher Loss: 2.751 | Teacher Train Acc: 35.182 | Student lr=1.0000 | Student Train Acc: 54.390 | Time: 138.786 |
[Eval] Epoch: 7 | Teacher Test Loss: 2.760 | Teacher Test Acc: 30.080 | Student Test Loss: 1.972 | Student Test Acc: 46.690 | Teacher Test F1: 0.275 | Student Test F1: 0.457 | Teacher Top 5 Accuracy: 0.617 | Student Top 5 Accuracy: 0.781 | Time: 2.624 | 
Running student landscape probe...
[Train] Epoch: 8 | Teacher lr=1.0000 | Teacher Loss: 2.585 | Teacher Train Acc: 38.752 | Student lr=1.0000 | Student Train Acc: 56.928 | Time: 142.368 |
[Eval] Epoch: 8 | Teacher Test Loss: 2.916 | Teacher Test Acc: 28.940 | Student Test Loss: 1.925 | Student Test Acc: 47.930 | Teacher Test F1: 0.260 | Student Test F1: 0.471 | Teacher Top 5 Accuracy: 0.594 | Student Top 5 Accuracy: 0.792 | Time: 2.666 | 
Running student landscape probe...
[Train] Epoch: 9 | Teacher lr=1.0000 | Teacher Loss: 2.436 | Teacher Train Acc: 41.754 | Student lr=1.0000 | Student Train Acc: 59.116 | Time: 138.926 |
[Eval] Epoch: 9 | Teacher Test Loss: 2.537 | Teacher Test Acc: 35.670 | Student Test Loss: 1.867 | Student Test Acc: 49.270 | Teacher Test F1: 0.338 | Student Test F1: 0.488 | Teacher Top 5 Accuracy: 0.669 | Student Top 5 Accuracy: 0.798 | Time: 2.541 | 
Running student landscape probe...
[Train] Epoch: 10 | Teacher lr=1.0000 | Teacher Loss: 2.306 | Teacher Train Acc: 44.770 | Student lr=1.0000 | Student Train Acc: 61.200 | Time: 139.119 |
[Eval] Epoch: 10 | Teacher Test Loss: 2.297 | Teacher Test Acc: 40.730 | Student Test Loss: 1.901 | Student Test Acc: 49.010 | Teacher Test F1: 0.393 | Student Test F1: 0.484 | Teacher Top 5 Accuracy: 0.717 | Student Top 5 Accuracy: 0.792 | Time: 2.245 | 
Running student landscape probe...
[Train] Epoch: 11 | Teacher lr=1.0000 | Teacher Loss: 2.194 | Teacher Train Acc: 47.292 | Student lr=1.0000 | Student Train Acc: 62.714 | Time: 140.496 |
[Eval] Epoch: 11 | Teacher Test Loss: 2.208 | Teacher Test Acc: 42.370 | Student Test Loss: 1.853 | Student Test Acc: 50.400 | Teacher Test F1: 0.407 | Student Test F1: 0.493 | Teacher Top 5 Accuracy: 0.740 | Student Top 5 Accuracy: 0.802 | Time: 2.282 | 
Running student landscape probe...
[Train] Epoch: 12 | Teacher lr=1.0000 | Teacher Loss: 2.081 | Teacher Train Acc: 50.120 | Student lr=1.0000 | Student Train Acc: 64.394 | Time: 140.254 |
[Eval] Epoch: 12 | Teacher Test Loss: 2.166 | Teacher Test Acc: 43.650 | Student Test Loss: 1.861 | Student Test Acc: 50.410 | Teacher Test F1: 0.422 | Student Test F1: 0.497 | Teacher Top 5 Accuracy: 0.747 | Student Top 5 Accuracy: 0.802 | Time: 2.518 | 
Running student landscape probe...
[Train] Epoch: 13 | Teacher lr=1.0000 | Teacher Loss: 1.986 | Teacher Train Acc: 52.100 | Student lr=1.0000 | Student Train Acc: 65.720 | Time: 141.337 |
[Eval] Epoch: 13 | Teacher Test Loss: 2.144 | Teacher Test Acc: 44.650 | Student Test Loss: 1.871 | Student Test Acc: 50.300 | Teacher Test F1: 0.437 | Student Test F1: 0.496 | Teacher Top 5 Accuracy: 0.754 | Student Top 5 Accuracy: 0.798 | Time: 2.510 | 
Running student landscape probe...
[Train] Epoch: 14 | Teacher lr=1.0000 | Teacher Loss: 1.895 | Teacher Train Acc: 54.352 | Student lr=1.0000 | Student Train Acc: 66.896 | Time: 141.700 |
[Eval] Epoch: 14 | Teacher Test Loss: 1.984 | Teacher Test Acc: 47.790 | Student Test Loss: 1.859 | Student Test Acc: 50.980 | Teacher Test F1: 0.471 | Student Test F1: 0.503 | Teacher Top 5 Accuracy: 0.784 | Student Top 5 Accuracy: 0.806 | Time: 2.377 | 
Running student landscape probe...
[Train] Epoch: 15 | Teacher lr=1.0000 | Teacher Loss: 1.820 | Teacher Train Acc: 56.206 | Student lr=1.0000 | Student Train Acc: 68.064 | Time: 134.940 |
[Eval] Epoch: 15 | Teacher Test Loss: 2.041 | Teacher Test Acc: 46.900 | Student Test Loss: 1.810 | Student Test Acc: 52.290 | Teacher Test F1: 0.464 | Student Test F1: 0.515 | Teacher Top 5 Accuracy: 0.779 | Student Top 5 Accuracy: 0.813 | Time: 2.469 | 
Running student landscape probe...
[Train] Epoch: 16 | Teacher lr=1.0000 | Teacher Loss: 1.749 | Teacher Train Acc: 57.940 | Student lr=1.0000 | Student Train Acc: 69.466 | Time: 141.398 |
[Eval] Epoch: 16 | Teacher Test Loss: 2.166 | Teacher Test Acc: 44.230 | Student Test Loss: 1.843 | Student Test Acc: 51.320 | Teacher Test F1: 0.438 | Student Test F1: 0.511 | Teacher Top 5 Accuracy: 0.756 | Student Top 5 Accuracy: 0.812 | Time: 2.433 | 
Running student landscape probe...
[Train] Epoch: 17 | Teacher lr=1.0000 | Teacher Loss: 1.680 | Teacher Train Acc: 59.778 | Student lr=1.0000 | Student Train Acc: 69.982 | Time: 140.531 |
[Eval] Epoch: 17 | Teacher Test Loss: 2.047 | Teacher Test Acc: 47.040 | Student Test Loss: 1.785 | Student Test Acc: 52.760 | Teacher Test F1: 0.467 | Student Test F1: 0.525 | Teacher Top 5 Accuracy: 0.776 | Student Top 5 Accuracy: 0.819 | Time: 2.316 | 
Running student landscape probe...
[Train] Epoch: 18 | Teacher lr=1.0000 | Teacher Loss: 1.626 | Teacher Train Acc: 61.554 | Student lr=1.0000 | Student Train Acc: 71.166 | Time: 138.644 |
[Eval] Epoch: 18 | Teacher Test Loss: 1.980 | Teacher Test Acc: 48.060 | Student Test Loss: 1.802 | Student Test Acc: 53.140 | Teacher Test F1: 0.477 | Student Test F1: 0.531 | Teacher Top 5 Accuracy: 0.791 | Student Top 5 Accuracy: 0.820 | Time: 2.686 | 
Running student landscape probe...
[Train] Epoch: 19 | Teacher lr=1.0000 | Teacher Loss: 1.567 | Teacher Train Acc: 62.842 | Student lr=1.0000 | Student Train Acc: 71.924 | Time: 134.558 |
[Eval] Epoch: 19 | Teacher Test Loss: 2.149 | Teacher Test Acc: 46.420 | Student Test Loss: 1.665 | Student Test Acc: 55.150 | Teacher Test F1: 0.459 | Student Test F1: 0.547 | Teacher Top 5 Accuracy: 0.771 | Student Top 5 Accuracy: 0.836 | Time: 2.600 | 
Running student landscape probe...
[Train] Epoch: 20 | Teacher lr=1.0000 | Teacher Loss: 1.516 | Teacher Train Acc: 64.386 | Student lr=1.0000 | Student Train Acc: 72.696 | Time: 141.711 |
[Eval] Epoch: 20 | Teacher Test Loss: 2.262 | Teacher Test Acc: 44.390 | Student Test Loss: 1.693 | Student Test Acc: 55.010 | Teacher Test F1: 0.442 | Student Test F1: 0.546 | Teacher Top 5 Accuracy: 0.760 | Student Top 5 Accuracy: 0.831 | Time: 2.613 | 
Running student landscape probe...
[Train] Epoch: 21 | Teacher lr=1.0000 | Teacher Loss: 1.474 | Teacher Train Acc: 65.650 | Student lr=1.0000 | Student Train Acc: 73.154 | Time: 142.351 |
[Eval] Epoch: 21 | Teacher Test Loss: 2.363 | Teacher Test Acc: 43.100 | Student Test Loss: 1.671 | Student Test Acc: 55.820 | Teacher Test F1: 0.435 | Student Test F1: 0.557 | Teacher Top 5 Accuracy: 0.744 | Student Top 5 Accuracy: 0.836 | Time: 2.450 | 
Running student landscape probe...
[Train] Epoch: 22 | Teacher lr=1.0000 | Teacher Loss: 1.427 | Teacher Train Acc: 66.882 | Student lr=1.0000 | Student Train Acc: 74.052 | Time: 142.221 |
[Eval] Epoch: 22 | Teacher Test Loss: 2.210 | Teacher Test Acc: 45.980 | Student Test Loss: 1.636 | Student Test Acc: 56.360 | Teacher Test F1: 0.459 | Student Test F1: 0.563 | Teacher Top 5 Accuracy: 0.771 | Student Top 5 Accuracy: 0.843 | Time: 2.585 | 
Running student landscape probe...
[Train] Epoch: 23 | Teacher lr=1.0000 | Teacher Loss: 1.379 | Teacher Train Acc: 68.122 | Student lr=1.0000 | Student Train Acc: 74.632 | Time: 141.291 |
[Eval] Epoch: 23 | Teacher Test Loss: 2.188 | Teacher Test Acc: 46.650 | Student Test Loss: 1.722 | Student Test Acc: 54.800 | Teacher Test F1: 0.467 | Student Test F1: 0.541 | Teacher Top 5 Accuracy: 0.775 | Student Top 5 Accuracy: 0.830 | Time: 2.575 | 
Running student landscape probe...
[Train] Epoch: 24 | Teacher lr=1.0000 | Teacher Loss: 1.339 | Teacher Train Acc: 69.498 | Student lr=1.0000 | Student Train Acc: 75.130 | Time: 139.133 |
[Eval] Epoch: 24 | Teacher Test Loss: 2.345 | Teacher Test Acc: 44.540 | Student Test Loss: 1.701 | Student Test Acc: 55.810 | Teacher Test F1: 0.446 | Student Test F1: 0.550 | Teacher Top 5 Accuracy: 0.753 | Student Top 5 Accuracy: 0.836 | Time: 2.558 | 
Running student landscape probe...
[Train] Epoch: 25 | Teacher lr=1.0000 | Teacher Loss: 1.297 | Teacher Train Acc: 70.754 | Student lr=1.0000 | Student Train Acc: 75.806 | Time: 135.971 |
[Eval] Epoch: 25 | Teacher Test Loss: 2.353 | Teacher Test Acc: 44.680 | Student Test Loss: 1.604 | Student Test Acc: 56.850 | Teacher Test F1: 0.448 | Student Test F1: 0.563 | Teacher Top 5 Accuracy: 0.752 | Student Top 5 Accuracy: 0.843 | Time: 2.569 | 
Running student landscape probe...
[Train] Epoch: 26 | Teacher lr=1.0000 | Teacher Loss: 1.258 | Teacher Train Acc: 71.778 | Student lr=1.0000 | Student Train Acc: 76.578 | Time: 135.430 |
[Eval] Epoch: 26 | Teacher Test Loss: 3.032 | Teacher Test Acc: 36.980 | Student Test Loss: 1.586 | Student Test Acc: 57.230 | Teacher Test F1: 0.375 | Student Test F1: 0.572 | Teacher Top 5 Accuracy: 0.679 | Student Top 5 Accuracy: 0.849 | Time: 2.511 | 
Running student landscape probe...
[Train] Epoch: 27 | Teacher lr=1.0000 | Teacher Loss: 1.232 | Teacher Train Acc: 72.782 | Student lr=1.0000 | Student Train Acc: 76.844 | Time: 135.323 |
[Eval] Epoch: 27 | Teacher Test Loss: 2.666 | Teacher Test Acc: 40.990 | Student Test Loss: 1.656 | Student Test Acc: 55.760 | Teacher Test F1: 0.412 | Student Test F1: 0.564 | Teacher Top 5 Accuracy: 0.719 | Student Top 5 Accuracy: 0.842 | Time: 2.547 | 
Running student landscape probe...
[Train] Epoch: 28 | Teacher lr=1.0000 | Teacher Loss: 1.200 | Teacher Train Acc: 74.006 | Student lr=1.0000 | Student Train Acc: 77.436 | Time: 140.439 |
[Eval] Epoch: 28 | Teacher Test Loss: 2.716 | Teacher Test Acc: 41.500 | Student Test Loss: 1.817 | Student Test Acc: 53.100 | Teacher Test F1: 0.419 | Student Test F1: 0.547 | Teacher Top 5 Accuracy: 0.718 | Student Top 5 Accuracy: 0.821 | Time: 2.505 | 
Running student landscape probe...
[Train] Epoch: 29 | Teacher lr=1.0000 | Teacher Loss: 1.167 | Teacher Train Acc: 74.532 | Student lr=1.0000 | Student Train Acc: 78.088 | Time: 142.158 |
[Eval] Epoch: 29 | Teacher Test Loss: 3.122 | Teacher Test Acc: 36.580 | Student Test Loss: 1.915 | Student Test Acc: 51.890 | Teacher Test F1: 0.366 | Student Test F1: 0.528 | Teacher Top 5 Accuracy: 0.674 | Student Top 5 Accuracy: 0.805 | Time: 2.563 | 
Running student landscape probe...
[Train] Epoch: 30 | Teacher lr=1.0000 | Teacher Loss: 1.131 | Teacher Train Acc: 75.966 | Student lr=1.0000 | Student Train Acc: 78.560 | Time: 139.196 |
[Eval] Epoch: 30 | Teacher Test Loss: 3.306 | Teacher Test Acc: 35.430 | Student Test Loss: 1.612 | Student Test Acc: 57.260 | Teacher Test F1: 0.353 | Student Test F1: 0.575 | Teacher Top 5 Accuracy: 0.664 | Student Top 5 Accuracy: 0.847 | Time: 2.482 | 
Running student landscape probe...
[Train] Epoch: 31 | Teacher lr=1.0000 | Teacher Loss: 1.102 | Teacher Train Acc: 76.834 | Student lr=1.0000 | Student Train Acc: 78.772 | Time: 141.926 |
[Eval] Epoch: 31 | Teacher Test Loss: 3.489 | Teacher Test Acc: 33.460 | Student Test Loss: 1.563 | Student Test Acc: 57.860 | Teacher Test F1: 0.331 | Student Test F1: 0.586 | Teacher Top 5 Accuracy: 0.634 | Student Top 5 Accuracy: 0.856 | Time: 2.589 | 
Running student landscape probe...
[Train] Epoch: 32 | Teacher lr=1.0000 | Teacher Loss: 1.072 | Teacher Train Acc: 77.804 | Student lr=1.0000 | Student Train Acc: 79.350 | Time: 142.260 |
[Eval] Epoch: 32 | Teacher Test Loss: 3.484 | Teacher Test Acc: 33.610 | Student Test Loss: 1.524 | Student Test Acc: 58.770 | Teacher Test F1: 0.340 | Student Test F1: 0.594 | Teacher Top 5 Accuracy: 0.633 | Student Top 5 Accuracy: 0.861 | Time: 2.556 | 
Running student landscape probe...
[Train] Epoch: 33 | Teacher lr=1.0000 | Teacher Loss: 1.048 | Teacher Train Acc: 78.708 | Student lr=1.0000 | Student Train Acc: 79.476 | Time: 141.117 |
[Eval] Epoch: 33 | Teacher Test Loss: 3.910 | Teacher Test Acc: 30.730 | Student Test Loss: 1.761 | Student Test Acc: 54.130 | Teacher Test F1: 0.306 | Student Test F1: 0.551 | Teacher Top 5 Accuracy: 0.599 | Student Top 5 Accuracy: 0.825 | Time: 2.513 | 
Running student landscape probe...
[Train] Epoch: 34 | Teacher lr=1.0000 | Teacher Loss: 1.023 | Teacher Train Acc: 79.628 | Student lr=1.0000 | Student Train Acc: 79.888 | Time: 134.677 |
[Eval] Epoch: 34 | Teacher Test Loss: 3.432 | Teacher Test Acc: 34.710 | Student Test Loss: 1.686 | Student Test Acc: 56.120 | Teacher Test F1: 0.346 | Student Test F1: 0.570 | Teacher Top 5 Accuracy: 0.645 | Student Top 5 Accuracy: 0.840 | Time: 2.374 | 
Running student landscape probe...
[Train] Epoch: 35 | Teacher lr=1.0000 | Teacher Loss: 0.998 | Teacher Train Acc: 80.392 | Student lr=1.0000 | Student Train Acc: 80.534 | Time: 140.419 |
[Eval] Epoch: 35 | Teacher Test Loss: 4.308 | Teacher Test Acc: 27.300 | Student Test Loss: 1.562 | Student Test Acc: 58.150 | Teacher Test F1: 0.275 | Student Test F1: 0.587 | Teacher Top 5 Accuracy: 0.567 | Student Top 5 Accuracy: 0.856 | Time: 2.470 | 
Running student landscape probe...
ckpt location: ckpt/robust12h_mlspace/O4_sf_sgd_lr10_seed1_35ep.pt
