depth_list: [110, 20]
[NoisyClassificationDataset] num_classes=100 label_noise_rate=0.200 input_noise_std=0.0000 flipped=9886/50000
Dataset information: cifar100	 50000 images for training 	 10000 images for testing	
teacher depth: 110
student depth: 20
Total number of teacher parameters: 1,169,972
Total number of student parameters: 278,132
Snapshots will be saved to: snapshots/robust12h_mlspace/O5_cosine_noiseon15_seed2_35ep
==== train and evaluate unequal restart ====
[Eval] Epoch: 0 | Teacher Test Loss: 11623.433 | Teacher Test Acc: 1.000 | Student Test Loss: 6.044 | Student Test Acc: 1.110 | Teacher Test F1: 0.000 | Student Test F1: 0.000 | Teacher Top 5 Accuracy: 0.049 | Student Top 5 Accuracy: 0.052 | Time: 2.946 | 
Running student landscape probe...
[Train] Epoch: 1 | Teacher lr=1.0000 | Teacher Loss: 4.003 | Teacher Train Acc: 11.466 | Student lr=1.0000 | Student Train Acc: 23.090 | Time: 140.686 |
[Eval] Epoch: 1 | Teacher Test Loss: 3.663 | Teacher Test Acc: 13.360 | Student Test Loss: 2.805 | Student Test Acc: 27.520 | Teacher Test F1: 0.102 | Student Test F1: 0.257 | Teacher Top 5 Accuracy: 0.398 | Student Top 5 Accuracy: 0.606 | Time: 2.264 | 
Running student landscape probe...
[Train] Epoch: 2 | Teacher lr=0.9980 | Teacher Loss: 3.213 | Teacher Train Acc: 26.040 | Student lr=0.9980 | Student Train Acc: 43.204 | Time: 141.606 |
[Eval] Epoch: 2 | Teacher Test Loss: 2.884 | Teacher Test Acc: 27.070 | Student Test Loss: 2.885 | Student Test Acc: 28.230 | Teacher Test F1: 0.248 | Student Test F1: 0.280 | Teacher Top 5 Accuracy: 0.604 | Student Top 5 Accuracy: 0.627 | Time: 2.364 | 
Running student landscape probe...
[Train] Epoch: 3 | Teacher lr=0.9920 | Teacher Loss: 2.643 | Teacher Train Acc: 37.080 | Student lr=0.9920 | Student Train Acc: 48.988 | Time: 136.716 |
[Eval] Epoch: 3 | Teacher Test Loss: 2.516 | Teacher Test Acc: 34.230 | Student Test Loss: 3.936 | Student Test Acc: 20.400 | Teacher Test F1: 0.321 | Student Test F1: 0.182 | Teacher Top 5 Accuracy: 0.665 | Student Top 5 Accuracy: 0.474 | Time: 2.655 | 
Running student landscape probe...
[Train] Epoch: 4 | Teacher lr=0.9820 | Teacher Loss: 2.435 | Teacher Train Acc: 42.178 | Student lr=0.9820 | Student Train Acc: 52.170 | Time: 141.061 |
[Eval] Epoch: 4 | Teacher Test Loss: 2.724 | Teacher Test Acc: 33.330 | Student Test Loss: 2.949 | Student Test Acc: 28.400 | Teacher Test F1: 0.315 | Student Test F1: 0.281 | Teacher Top 5 Accuracy: 0.664 | Student Top 5 Accuracy: 0.608 | Time: 2.534 | 
Running student landscape probe...
[Train] Epoch: 5 | Teacher lr=0.9681 | Teacher Loss: 2.213 | Teacher Train Acc: 47.240 | Student lr=0.9681 | Student Train Acc: 54.486 | Time: 135.715 |
[Eval] Epoch: 5 | Teacher Test Loss: 2.170 | Teacher Test Acc: 42.390 | Student Test Loss: 2.206 | Student Test Acc: 42.470 | Teacher Test F1: 0.416 | Student Test F1: 0.415 | Teacher Top 5 Accuracy: 0.758 | Student Top 5 Accuracy: 0.746 | Time: 2.505 | 
Running student landscape probe...
[Train] Epoch: 6 | Teacher lr=0.9505 | Teacher Loss: 2.069 | Teacher Train Acc: 50.766 | Student lr=0.9505 | Student Train Acc: 56.232 | Time: 136.506 |
[Eval] Epoch: 6 | Teacher Test Loss: 2.226 | Teacher Test Acc: 41.690 | Student Test Loss: 2.802 | Student Test Acc: 32.160 | Teacher Test F1: 0.406 | Student Test F1: 0.306 | Teacher Top 5 Accuracy: 0.743 | Student Top 5 Accuracy: 0.649 | Time: 2.456 | 
Running student landscape probe...
[Train] Epoch: 7 | Teacher lr=0.9292 | Teacher Loss: 2.021 | Teacher Train Acc: 52.016 | Student lr=0.9292 | Student Train Acc: 57.484 | Time: 136.747 |
[Eval] Epoch: 7 | Teacher Test Loss: 1.941 | Teacher Test Acc: 46.970 | Student Test Loss: 2.429 | Student Test Acc: 38.640 | Teacher Test F1: 0.462 | Student Test F1: 0.379 | Teacher Top 5 Accuracy: 0.789 | Student Top 5 Accuracy: 0.710 | Time: 2.278 | 
Running student landscape probe...
[Train] Epoch: 8 | Teacher lr=0.9045 | Teacher Loss: 1.901 | Teacher Train Acc: 55.148 | Student lr=0.9045 | Student Train Acc: 58.180 | Time: 143.933 |
[Eval] Epoch: 8 | Teacher Test Loss: 1.849 | Teacher Test Acc: 49.700 | Student Test Loss: 2.078 | Student Test Acc: 43.970 | Teacher Test F1: 0.488 | Student Test F1: 0.435 | Teacher Top 5 Accuracy: 0.804 | Student Top 5 Accuracy: 0.771 | Time: 2.426 | 
Running student landscape probe...
[Train] Epoch: 9 | Teacher lr=0.8765 | Teacher Loss: 1.830 | Teacher Train Acc: 57.010 | Student lr=0.8765 | Student Train Acc: 59.472 | Time: 137.948 |
[Eval] Epoch: 9 | Teacher Test Loss: 1.851 | Teacher Test Acc: 48.970 | Student Test Loss: 2.716 | Student Test Acc: 35.080 | Teacher Test F1: 0.488 | Student Test F1: 0.354 | Teacher Top 5 Accuracy: 0.808 | Student Top 5 Accuracy: 0.666 | Time: 2.227 | 
Running student landscape probe...
[Train] Epoch: 10 | Teacher lr=0.8455 | Teacher Loss: 1.769 | Teacher Train Acc: 58.330 | Student lr=0.8455 | Student Train Acc: 60.070 | Time: 142.703 |
[Eval] Epoch: 10 | Teacher Test Loss: 1.683 | Teacher Test Acc: 53.580 | Student Test Loss: 2.544 | Student Test Acc: 37.000 | Teacher Test F1: 0.528 | Student Test F1: 0.370 | Teacher Top 5 Accuracy: 0.832 | Student Top 5 Accuracy: 0.707 | Time: 2.206 | 
Running student landscape probe...
[Train] Epoch: 11 | Teacher lr=0.8117 | Teacher Loss: 1.723 | Teacher Train Acc: 59.754 | Student lr=0.8117 | Student Train Acc: 60.770 | Time: 142.784 |
[Eval] Epoch: 11 | Teacher Test Loss: 1.701 | Teacher Test Acc: 53.000 | Student Test Loss: 2.176 | Student Test Acc: 44.040 | Teacher Test F1: 0.523 | Student Test F1: 0.438 | Teacher Top 5 Accuracy: 0.833 | Student Top 5 Accuracy: 0.759 | Time: 2.179 | 
Running student landscape probe...
[Train] Epoch: 12 | Teacher lr=0.7754 | Teacher Loss: 1.662 | Teacher Train Acc: 61.390 | Student lr=0.7754 | Student Train Acc: 61.498 | Time: 137.611 |
[Eval] Epoch: 12 | Teacher Test Loss: 1.614 | Teacher Test Acc: 54.850 | Student Test Loss: 2.170 | Student Test Acc: 45.240 | Teacher Test F1: 0.545 | Student Test F1: 0.448 | Teacher Top 5 Accuracy: 0.842 | Student Top 5 Accuracy: 0.753 | Time: 2.226 | 
Running student landscape probe...
[Train] Epoch: 13 | Teacher lr=0.7369 | Teacher Loss: 1.611 | Teacher Train Acc: 62.858 | Student lr=0.7369 | Student Train Acc: 62.332 | Time: 139.456 |
[Eval] Epoch: 13 | Teacher Test Loss: 1.564 | Teacher Test Acc: 55.830 | Student Test Loss: 2.019 | Student Test Acc: 47.010 | Teacher Test F1: 0.559 | Student Test F1: 0.467 | Teacher Top 5 Accuracy: 0.852 | Student Top 5 Accuracy: 0.783 | Time: 2.195 | 
Running student landscape probe...
[Train] Epoch: 14 | Teacher lr=0.6965 | Teacher Loss: 1.571 | Teacher Train Acc: 63.724 | Student lr=0.6965 | Student Train Acc: 63.350 | Time: 135.673 |
[Eval] Epoch: 14 | Teacher Test Loss: 1.676 | Teacher Test Acc: 53.350 | Student Test Loss: 2.323 | Student Test Acc: 40.780 | Teacher Test F1: 0.535 | Student Test F1: 0.409 | Teacher Top 5 Accuracy: 0.837 | Student Top 5 Accuracy: 0.742 | Time: 2.228 | 
Running student landscape probe...
[Train] Epoch: 15 | Teacher lr=0.6545 | Teacher Loss: 2.749 | Teacher Train Acc: 50.678 | Student lr=0.6545 | Student Train Acc: 49.168 | Time: 136.436 |
[Eval] Epoch: 15 | Teacher Test Loss: 1.739 | Teacher Test Acc: 55.240 | Student Test Loss: 2.562 | Student Test Acc: 36.210 | Teacher Test F1: 0.553 | Student Test F1: 0.366 | Teacher Top 5 Accuracy: 0.845 | Student Top 5 Accuracy: 0.680 | Time: 2.425 | 
Running student landscape probe...
[Train] Epoch: 16 | Teacher lr=0.6113 | Teacher Loss: 2.669 | Teacher Train Acc: 51.232 | Student lr=0.6113 | Student Train Acc: 49.034 | Time: 138.643 |
[Eval] Epoch: 16 | Teacher Test Loss: 1.693 | Teacher Test Acc: 54.930 | Student Test Loss: 2.227 | Student Test Acc: 44.640 | Teacher Test F1: 0.549 | Student Test F1: 0.437 | Teacher Top 5 Accuracy: 0.849 | Student Top 5 Accuracy: 0.743 | Time: 2.359 | 
Running student landscape probe...
[Train] Epoch: 17 | Teacher lr=0.5671 | Teacher Loss: 2.637 | Teacher Train Acc: 51.632 | Student lr=0.5671 | Student Train Acc: 49.540 | Time: 135.603 |
[Eval] Epoch: 17 | Teacher Test Loss: 1.701 | Teacher Test Acc: 57.450 | Student Test Loss: 2.350 | Student Test Acc: 41.420 | Teacher Test F1: 0.572 | Student Test F1: 0.414 | Teacher Top 5 Accuracy: 0.854 | Student Top 5 Accuracy: 0.735 | Time: 2.409 | 
Running student landscape probe...
[Train] Epoch: 18 | Teacher lr=0.5224 | Teacher Loss: 2.596 | Teacher Train Acc: 52.378 | Student lr=0.5224 | Student Train Acc: 50.050 | Time: 143.948 |
[Eval] Epoch: 18 | Teacher Test Loss: 1.596 | Teacher Test Acc: 59.600 | Student Test Loss: 2.132 | Student Test Acc: 46.660 | Teacher Test F1: 0.590 | Student Test F1: 0.464 | Teacher Top 5 Accuracy: 0.863 | Student Top 5 Accuracy: 0.775 | Time: 2.350 | 
Running student landscape probe...
[Train] Epoch: 19 | Teacher lr=0.4776 | Teacher Loss: 2.558 | Teacher Train Acc: 53.178 | Student lr=0.4776 | Student Train Acc: 50.784 | Time: 141.262 |
[Eval] Epoch: 19 | Teacher Test Loss: 1.623 | Teacher Test Acc: 58.070 | Student Test Loss: 2.277 | Student Test Acc: 43.790 | Teacher Test F1: 0.579 | Student Test F1: 0.436 | Teacher Top 5 Accuracy: 0.859 | Student Top 5 Accuracy: 0.743 | Time: 2.248 | 
Running student landscape probe...
[Train] Epoch: 20 | Teacher lr=0.4329 | Teacher Loss: 2.520 | Teacher Train Acc: 53.836 | Student lr=0.4329 | Student Train Acc: 51.454 | Time: 141.178 |
[Eval] Epoch: 20 | Teacher Test Loss: 1.697 | Teacher Test Acc: 57.770 | Student Test Loss: 2.201 | Student Test Acc: 45.350 | Teacher Test F1: 0.581 | Student Test F1: 0.447 | Teacher Top 5 Accuracy: 0.852 | Student Top 5 Accuracy: 0.746 | Time: 2.429 | 
Running student landscape probe...
[Train] Epoch: 21 | Teacher lr=0.3887 | Teacher Loss: 2.475 | Teacher Train Acc: 54.888 | Student lr=0.3887 | Student Train Acc: 52.078 | Time: 140.689 |
[Eval] Epoch: 21 | Teacher Test Loss: 1.692 | Teacher Test Acc: 57.940 | Student Test Loss: 2.505 | Student Test Acc: 39.670 | Teacher Test F1: 0.577 | Student Test F1: 0.387 | Teacher Top 5 Accuracy: 0.853 | Student Top 5 Accuracy: 0.685 | Time: 2.365 | 
Running student landscape probe...
[Train] Epoch: 22 | Teacher lr=0.3455 | Teacher Loss: 2.430 | Teacher Train Acc: 55.566 | Student lr=0.3455 | Student Train Acc: 52.874 | Time: 140.829 |
[Eval] Epoch: 22 | Teacher Test Loss: 1.497 | Teacher Test Acc: 61.290 | Student Test Loss: 1.893 | Student Test Acc: 52.430 | Teacher Test F1: 0.613 | Student Test F1: 0.516 | Teacher Top 5 Accuracy: 0.873 | Student Top 5 Accuracy: 0.810 | Time: 2.333 | 
Running student landscape probe...
[Train] Epoch: 23 | Teacher lr=0.3035 | Teacher Loss: 2.373 | Teacher Train Acc: 57.178 | Student lr=0.3035 | Student Train Acc: 53.982 | Time: 143.675 |
[Eval] Epoch: 23 | Teacher Test Loss: 1.470 | Teacher Test Acc: 61.970 | Student Test Loss: 1.909 | Student Test Acc: 51.970 | Teacher Test F1: 0.620 | Student Test F1: 0.518 | Teacher Top 5 Accuracy: 0.886 | Student Top 5 Accuracy: 0.806 | Time: 2.346 | 
Running student landscape probe...
[Train] Epoch: 24 | Teacher lr=0.2631 | Teacher Loss: 2.326 | Teacher Train Acc: 58.232 | Student lr=0.2631 | Student Train Acc: 54.702 | Time: 143.147 |
[Eval] Epoch: 24 | Teacher Test Loss: 1.381 | Teacher Test Acc: 64.800 | Student Test Loss: 1.919 | Student Test Acc: 51.120 | Teacher Test F1: 0.645 | Student Test F1: 0.504 | Teacher Top 5 Accuracy: 0.893 | Student Top 5 Accuracy: 0.791 | Time: 2.387 | 
Running student landscape probe...
[Train] Epoch: 25 | Teacher lr=0.2246 | Teacher Loss: 2.274 | Teacher Train Acc: 59.600 | Student lr=0.2246 | Student Train Acc: 55.430 | Time: 142.294 |
[Eval] Epoch: 25 | Teacher Test Loss: 1.410 | Teacher Test Acc: 63.570 | Student Test Loss: 1.820 | Student Test Acc: 54.540 | Teacher Test F1: 0.636 | Student Test F1: 0.543 | Teacher Top 5 Accuracy: 0.893 | Student Top 5 Accuracy: 0.824 | Time: 2.329 | 
Running student landscape probe...
[Train] Epoch: 26 | Teacher lr=0.1883 | Teacher Loss: 2.210 | Teacher Train Acc: 61.144 | Student lr=0.1883 | Student Train Acc: 56.720 | Time: 141.059 |
[Eval] Epoch: 26 | Teacher Test Loss: 1.378 | Teacher Test Acc: 65.680 | Student Test Loss: 1.750 | Student Test Acc: 56.290 | Teacher Test F1: 0.657 | Student Test F1: 0.563 | Teacher Top 5 Accuracy: 0.900 | Student Top 5 Accuracy: 0.835 | Time: 2.423 | 
Running student landscape probe...
[Train] Epoch: 27 | Teacher lr=0.1545 | Teacher Loss: 2.148 | Teacher Train Acc: 62.276 | Student lr=0.1545 | Student Train Acc: 57.746 | Time: 140.993 |
[Eval] Epoch: 27 | Teacher Test Loss: 1.310 | Teacher Test Acc: 66.730 | Student Test Loss: 1.702 | Student Test Acc: 56.740 | Teacher Test F1: 0.666 | Student Test F1: 0.569 | Teacher Top 5 Accuracy: 0.905 | Student Top 5 Accuracy: 0.843 | Time: 2.469 | 
Running student landscape probe...
[Train] Epoch: 28 | Teacher lr=0.1235 | Teacher Loss: 2.082 | Teacher Train Acc: 63.966 | Student lr=0.1235 | Student Train Acc: 58.918 | Time: 144.006 |
[Eval] Epoch: 28 | Teacher Test Loss: 1.290 | Teacher Test Acc: 67.990 | Student Test Loss: 1.731 | Student Test Acc: 57.190 | Teacher Test F1: 0.678 | Student Test F1: 0.566 | Teacher Top 5 Accuracy: 0.906 | Student Top 5 Accuracy: 0.837 | Time: 2.411 | 
Running student landscape probe...
[Train] Epoch: 29 | Teacher lr=0.0955 | Teacher Loss: 2.010 | Teacher Train Acc: 65.360 | Student lr=0.0955 | Student Train Acc: 59.982 | Time: 141.145 |
[Eval] Epoch: 29 | Teacher Test Loss: 1.244 | Teacher Test Acc: 68.500 | Student Test Loss: 1.581 | Student Test Acc: 59.950 | Teacher Test F1: 0.684 | Student Test F1: 0.600 | Teacher Top 5 Accuracy: 0.910 | Student Top 5 Accuracy: 0.858 | Time: 2.408 | 
Running student landscape probe...
[Train] Epoch: 30 | Teacher lr=0.0708 | Teacher Loss: 1.938 | Teacher Train Acc: 66.996 | Student lr=0.0708 | Student Train Acc: 61.174 | Time: 140.913 |
[Eval] Epoch: 30 | Teacher Test Loss: 1.211 | Teacher Test Acc: 69.630 | Student Test Loss: 1.576 | Student Test Acc: 60.910 | Teacher Test F1: 0.694 | Student Test F1: 0.606 | Teacher Top 5 Accuracy: 0.912 | Student Top 5 Accuracy: 0.858 | Time: 2.366 | 
Running student landscape probe...
[Train] Epoch: 31 | Teacher lr=0.0495 | Teacher Loss: 1.860 | Teacher Train Acc: 68.702 | Student lr=0.0495 | Student Train Acc: 62.606 | Time: 135.694 |
[Eval] Epoch: 31 | Teacher Test Loss: 1.196 | Teacher Test Acc: 69.680 | Student Test Loss: 1.495 | Student Test Acc: 61.700 | Teacher Test F1: 0.698 | Student Test F1: 0.617 | Teacher Top 5 Accuracy: 0.914 | Student Top 5 Accuracy: 0.870 | Time: 2.435 | 
Running student landscape probe...
[Train] Epoch: 32 | Teacher lr=0.0319 | Teacher Loss: 1.787 | Teacher Train Acc: 69.936 | Student lr=0.0319 | Student Train Acc: 64.076 | Time: 143.976 |
[Eval] Epoch: 32 | Teacher Test Loss: 1.183 | Teacher Test Acc: 70.060 | Student Test Loss: 1.462 | Student Test Acc: 63.540 | Teacher Test F1: 0.699 | Student Test F1: 0.634 | Teacher Top 5 Accuracy: 0.916 | Student Top 5 Accuracy: 0.873 | Time: 2.336 | 
Running student landscape probe...
[Train] Epoch: 33 | Teacher lr=0.0180 | Teacher Loss: 1.725 | Teacher Train Acc: 71.308 | Student lr=0.0180 | Student Train Acc: 65.162 | Time: 144.026 |
[Eval] Epoch: 33 | Teacher Test Loss: 1.156 | Teacher Test Acc: 71.140 | Student Test Loss: 1.411 | Student Test Acc: 63.750 | Teacher Test F1: 0.711 | Student Test F1: 0.638 | Teacher Top 5 Accuracy: 0.916 | Student Top 5 Accuracy: 0.881 | Time: 2.312 | 
Running student landscape probe...
[Train] Epoch: 34 | Teacher lr=0.0080 | Teacher Loss: 1.673 | Teacher Train Acc: 72.124 | Student lr=0.0080 | Student Train Acc: 66.302 | Time: 141.101 |
[Eval] Epoch: 34 | Teacher Test Loss: 1.159 | Teacher Test Acc: 70.720 | Student Test Loss: 1.399 | Student Test Acc: 64.280 | Teacher Test F1: 0.707 | Student Test F1: 0.642 | Teacher Top 5 Accuracy: 0.917 | Student Top 5 Accuracy: 0.883 | Time: 2.444 | 
Running student landscape probe...
[Train] Epoch: 35 | Teacher lr=0.0020 | Teacher Loss: 1.641 | Teacher Train Acc: 72.840 | Student lr=0.0020 | Student Train Acc: 66.844 | Time: 141.454 |
[Eval] Epoch: 35 | Teacher Test Loss: 1.153 | Teacher Test Acc: 71.060 | Student Test Loss: 1.386 | Student Test Acc: 64.630 | Teacher Test F1: 0.710 | Student Test F1: 0.644 | Teacher Top 5 Accuracy: 0.918 | Student Top 5 Accuracy: 0.886 | Time: 2.191 | 
Running student landscape probe...
ckpt location: ckpt/robust12h_mlspace/O5_cosine_noiseon15_seed2_35ep.pt
