depth_list: [110, 20]
[NoisyClassificationDataset] num_classes=100 label_noise_rate=0.200 input_noise_std=0.0000 flipped=9956/50000
Dataset information: cifar100	 50000 images for training 	 10000 images for testing	
teacher depth: 110
student depth: 20
Total number of teacher parameters: 1,169,972
Total number of student parameters: 278,132
Snapshots will be saved to: snapshots/robust12h_mlspace/O5_cosine_noiseon15_seed1_35ep
==== train and evaluate unequal restart ====
[Eval] Epoch: 0 | Teacher Test Loss: 12407.062 | Teacher Test Acc: 0.990 | Student Test Loss: 7.984 | Student Test Acc: 1.020 | Teacher Test F1: 0.000 | Student Test F1: 0.000 | Teacher Top 5 Accuracy: 0.050 | Student Top 5 Accuracy: 0.046 | Time: 2.966 | 
Running student landscape probe...
[Train] Epoch: 1 | Teacher lr=1.0000 | Teacher Loss: 4.043 | Teacher Train Acc: 10.494 | Student lr=1.0000 | Student Train Acc: 21.604 | Time: 141.200 |
[Eval] Epoch: 1 | Teacher Test Loss: 3.688 | Teacher Test Acc: 13.620 | Student Test Loss: 2.897 | Student Test Acc: 25.880 | Teacher Test F1: 0.108 | Student Test F1: 0.223 | Teacher Top 5 Accuracy: 0.384 | Student Top 5 Accuracy: 0.578 | Time: 2.428 | 
Running student landscape probe...
[Train] Epoch: 2 | Teacher lr=0.9980 | Teacher Loss: 3.272 | Teacher Train Acc: 25.338 | Student lr=0.9980 | Student Train Acc: 42.306 | Time: 141.458 |
[Eval] Epoch: 2 | Teacher Test Loss: 3.594 | Teacher Test Acc: 18.410 | Student Test Loss: 2.968 | Student Test Acc: 28.640 | Teacher Test F1: 0.165 | Student Test F1: 0.265 | Teacher Top 5 Accuracy: 0.477 | Student Top 5 Accuracy: 0.591 | Time: 2.430 | 
Running student landscape probe...
[Train] Epoch: 3 | Teacher lr=0.9920 | Teacher Loss: 2.685 | Teacher Train Acc: 36.470 | Student lr=0.9920 | Student Train Acc: 48.710 | Time: 136.651 |
[Eval] Epoch: 3 | Teacher Test Loss: 2.819 | Teacher Test Acc: 30.010 | Student Test Loss: 2.614 | Student Test Acc: 35.330 | Teacher Test F1: 0.288 | Student Test F1: 0.346 | Teacher Top 5 Accuracy: 0.634 | Student Top 5 Accuracy: 0.688 | Time: 2.374 | 
Running student landscape probe...
[Train] Epoch: 4 | Teacher lr=0.9820 | Teacher Loss: 2.386 | Teacher Train Acc: 43.280 | Student lr=0.9820 | Student Train Acc: 52.598 | Time: 140.877 |
[Eval] Epoch: 4 | Teacher Test Loss: 2.543 | Teacher Test Acc: 34.790 | Student Test Loss: 2.480 | Student Test Acc: 37.360 | Teacher Test F1: 0.343 | Student Test F1: 0.363 | Teacher Top 5 Accuracy: 0.685 | Student Top 5 Accuracy: 0.701 | Time: 2.544 | 
Running student landscape probe...
[Train] Epoch: 5 | Teacher lr=0.9681 | Teacher Loss: 2.220 | Teacher Train Acc: 47.152 | Student lr=0.9681 | Student Train Acc: 54.496 | Time: 135.727 |
[Eval] Epoch: 5 | Teacher Test Loss: 2.217 | Teacher Test Acc: 41.940 | Student Test Loss: 2.304 | Student Test Acc: 39.320 | Teacher Test F1: 0.411 | Student Test F1: 0.388 | Teacher Top 5 Accuracy: 0.742 | Student Top 5 Accuracy: 0.731 | Time: 2.446 | 
Running student landscape probe...
[Train] Epoch: 6 | Teacher lr=0.9505 | Teacher Loss: 2.075 | Teacher Train Acc: 50.692 | Student lr=0.9505 | Student Train Acc: 56.082 | Time: 136.884 |
[Eval] Epoch: 6 | Teacher Test Loss: 2.234 | Teacher Test Acc: 41.010 | Student Test Loss: 2.371 | Student Test Acc: 39.310 | Teacher Test F1: 0.408 | Student Test F1: 0.377 | Teacher Top 5 Accuracy: 0.743 | Student Top 5 Accuracy: 0.707 | Time: 2.402 | 
Running student landscape probe...
[Train] Epoch: 7 | Teacher lr=0.9292 | Teacher Loss: 1.963 | Teacher Train Acc: 53.614 | Student lr=0.9292 | Student Train Acc: 57.366 | Time: 136.737 |
[Eval] Epoch: 7 | Teacher Test Loss: 1.864 | Teacher Test Acc: 48.200 | Student Test Loss: 2.212 | Student Test Acc: 42.130 | Teacher Test F1: 0.474 | Student Test F1: 0.413 | Teacher Top 5 Accuracy: 0.806 | Student Top 5 Accuracy: 0.753 | Time: 2.395 | 
Running student landscape probe...
[Train] Epoch: 8 | Teacher lr=0.9045 | Teacher Loss: 1.878 | Teacher Train Acc: 55.728 | Student lr=0.9045 | Student Train Acc: 58.488 | Time: 144.241 |
[Eval] Epoch: 8 | Teacher Test Loss: 2.144 | Teacher Test Acc: 44.610 | Student Test Loss: 2.061 | Student Test Acc: 45.610 | Teacher Test F1: 0.444 | Student Test F1: 0.452 | Teacher Top 5 Accuracy: 0.761 | Student Top 5 Accuracy: 0.781 | Time: 2.411 | 
Running student landscape probe...
[Train] Epoch: 9 | Teacher lr=0.8765 | Teacher Loss: 1.815 | Teacher Train Acc: 57.566 | Student lr=0.8765 | Student Train Acc: 59.322 | Time: 137.938 |
[Eval] Epoch: 9 | Teacher Test Loss: 2.363 | Teacher Test Acc: 40.800 | Student Test Loss: 2.275 | Student Test Acc: 41.370 | Teacher Test F1: 0.417 | Student Test F1: 0.408 | Teacher Top 5 Accuracy: 0.746 | Student Top 5 Accuracy: 0.744 | Time: 2.400 | 
Running student landscape probe...
[Train] Epoch: 10 | Teacher lr=0.8455 | Teacher Loss: 1.756 | Teacher Train Acc: 59.108 | Student lr=0.8455 | Student Train Acc: 60.382 | Time: 142.581 |
[Eval] Epoch: 10 | Teacher Test Loss: 1.780 | Teacher Test Acc: 49.890 | Student Test Loss: 2.395 | Student Test Acc: 37.610 | Teacher Test F1: 0.494 | Student Test F1: 0.369 | Teacher Top 5 Accuracy: 0.825 | Student Top 5 Accuracy: 0.707 | Time: 2.365 | 
Running student landscape probe...
[Train] Epoch: 11 | Teacher lr=0.8117 | Teacher Loss: 1.703 | Teacher Train Acc: 60.510 | Student lr=0.8117 | Student Train Acc: 60.602 | Time: 142.535 |
[Eval] Epoch: 11 | Teacher Test Loss: 1.796 | Teacher Test Acc: 52.180 | Student Test Loss: 2.361 | Student Test Acc: 39.320 | Teacher Test F1: 0.517 | Student Test F1: 0.388 | Teacher Top 5 Accuracy: 0.821 | Student Top 5 Accuracy: 0.735 | Time: 2.322 | 
Running student landscape probe...
[Train] Epoch: 12 | Teacher lr=0.7754 | Teacher Loss: 1.657 | Teacher Train Acc: 61.642 | Student lr=0.7754 | Student Train Acc: 61.592 | Time: 137.608 |
[Eval] Epoch: 12 | Teacher Test Loss: 1.567 | Teacher Test Acc: 55.700 | Student Test Loss: 2.306 | Student Test Acc: 42.050 | Teacher Test F1: 0.552 | Student Test F1: 0.422 | Teacher Top 5 Accuracy: 0.852 | Student Top 5 Accuracy: 0.735 | Time: 2.329 | 
Running student landscape probe...
[Train] Epoch: 13 | Teacher lr=0.7369 | Teacher Loss: 1.610 | Teacher Train Acc: 63.240 | Student lr=0.7369 | Student Train Acc: 62.128 | Time: 139.497 |
[Eval] Epoch: 13 | Teacher Test Loss: 1.604 | Teacher Test Acc: 55.010 | Student Test Loss: 2.071 | Student Test Acc: 45.230 | Teacher Test F1: 0.545 | Student Test F1: 0.453 | Teacher Top 5 Accuracy: 0.845 | Student Top 5 Accuracy: 0.772 | Time: 2.304 | 
Running student landscape probe...
[Train] Epoch: 14 | Teacher lr=0.6965 | Teacher Loss: 1.577 | Teacher Train Acc: 63.870 | Student lr=0.6965 | Student Train Acc: 62.656 | Time: 135.710 |
[Eval] Epoch: 14 | Teacher Test Loss: 1.562 | Teacher Test Acc: 56.230 | Student Test Loss: 1.913 | Student Test Acc: 48.620 | Teacher Test F1: 0.560 | Student Test F1: 0.485 | Teacher Top 5 Accuracy: 0.850 | Student Top 5 Accuracy: 0.800 | Time: 2.325 | 
Running student landscape probe...
[Train] Epoch: 15 | Teacher lr=0.6545 | Teacher Loss: 2.750 | Teacher Train Acc: 50.756 | Student lr=0.6545 | Student Train Acc: 49.058 | Time: 136.583 |
[Eval] Epoch: 15 | Teacher Test Loss: 1.695 | Teacher Test Acc: 57.320 | Student Test Loss: 2.041 | Student Test Acc: 47.840 | Teacher Test F1: 0.573 | Student Test F1: 0.471 | Teacher Top 5 Accuracy: 0.851 | Student Top 5 Accuracy: 0.776 | Time: 2.373 | 
Running student landscape probe...
[Train] Epoch: 16 | Teacher lr=0.6113 | Teacher Loss: 2.677 | Teacher Train Acc: 51.306 | Student lr=0.6113 | Student Train Acc: 48.874 | Time: 139.211 |
[Eval] Epoch: 16 | Teacher Test Loss: 1.614 | Teacher Test Acc: 59.450 | Student Test Loss: 2.006 | Student Test Acc: 47.120 | Teacher Test F1: 0.591 | Student Test F1: 0.471 | Teacher Top 5 Accuracy: 0.867 | Student Top 5 Accuracy: 0.785 | Time: 2.353 | 
Running student landscape probe...
[Train] Epoch: 17 | Teacher lr=0.5671 | Teacher Loss: 2.635 | Teacher Train Acc: 51.790 | Student lr=0.5671 | Student Train Acc: 48.906 | Time: 135.554 |
[Eval] Epoch: 17 | Teacher Test Loss: 1.685 | Teacher Test Acc: 58.470 | Student Test Loss: 2.228 | Student Test Acc: 43.060 | Teacher Test F1: 0.577 | Student Test F1: 0.425 | Teacher Top 5 Accuracy: 0.861 | Student Top 5 Accuracy: 0.732 | Time: 2.393 | 
Running student landscape probe...
[Train] Epoch: 18 | Teacher lr=0.5224 | Teacher Loss: 2.602 | Teacher Train Acc: 52.434 | Student lr=0.5224 | Student Train Acc: 49.590 | Time: 144.022 |
[Eval] Epoch: 18 | Teacher Test Loss: 1.622 | Teacher Test Acc: 58.870 | Student Test Loss: 2.042 | Student Test Acc: 47.750 | Teacher Test F1: 0.584 | Student Test F1: 0.478 | Teacher Top 5 Accuracy: 0.866 | Student Top 5 Accuracy: 0.782 | Time: 2.204 | 
Running student landscape probe...
[Train] Epoch: 19 | Teacher lr=0.4776 | Teacher Loss: 2.561 | Teacher Train Acc: 53.280 | Student lr=0.4776 | Student Train Acc: 50.212 | Time: 141.258 |
[Eval] Epoch: 19 | Teacher Test Loss: 1.685 | Teacher Test Acc: 57.660 | Student Test Loss: 2.027 | Student Test Acc: 48.240 | Teacher Test F1: 0.568 | Student Test F1: 0.472 | Teacher Top 5 Accuracy: 0.851 | Student Top 5 Accuracy: 0.781 | Time: 2.105 | 
Running student landscape probe...
[Train] Epoch: 20 | Teacher lr=0.4329 | Teacher Loss: 2.522 | Teacher Train Acc: 53.878 | Student lr=0.4329 | Student Train Acc: 51.114 | Time: 141.109 |
[Eval] Epoch: 20 | Teacher Test Loss: 1.582 | Teacher Test Acc: 61.030 | Student Test Loss: 2.081 | Student Test Acc: 47.550 | Teacher Test F1: 0.610 | Student Test F1: 0.471 | Teacher Top 5 Accuracy: 0.873 | Student Top 5 Accuracy: 0.773 | Time: 2.218 | 
Running student landscape probe...
[Train] Epoch: 21 | Teacher lr=0.3887 | Teacher Loss: 2.478 | Teacher Train Acc: 54.614 | Student lr=0.3887 | Student Train Acc: 51.534 | Time: 140.884 |
[Eval] Epoch: 21 | Teacher Test Loss: 1.693 | Teacher Test Acc: 58.180 | Student Test Loss: 2.042 | Student Test Acc: 47.870 | Teacher Test F1: 0.581 | Student Test F1: 0.485 | Teacher Top 5 Accuracy: 0.858 | Student Top 5 Accuracy: 0.776 | Time: 2.152 | 
Running student landscape probe...
[Train] Epoch: 22 | Teacher lr=0.3455 | Teacher Loss: 2.440 | Teacher Train Acc: 55.850 | Student lr=0.3455 | Student Train Acc: 52.304 | Time: 141.008 |
[Eval] Epoch: 22 | Teacher Test Loss: 1.604 | Teacher Test Acc: 59.270 | Student Test Loss: 2.195 | Student Test Acc: 44.430 | Teacher Test F1: 0.595 | Student Test F1: 0.455 | Teacher Top 5 Accuracy: 0.870 | Student Top 5 Accuracy: 0.742 | Time: 2.344 | 
Running student landscape probe...
[Train] Epoch: 23 | Teacher lr=0.3035 | Teacher Loss: 2.382 | Teacher Train Acc: 57.040 | Student lr=0.3035 | Student Train Acc: 53.480 | Time: 143.406 |
[Eval] Epoch: 23 | Teacher Test Loss: 1.525 | Teacher Test Acc: 61.610 | Student Test Loss: 1.889 | Student Test Acc: 51.850 | Teacher Test F1: 0.617 | Student Test F1: 0.516 | Teacher Top 5 Accuracy: 0.877 | Student Top 5 Accuracy: 0.803 | Time: 2.213 | 
Running student landscape probe...
[Train] Epoch: 24 | Teacher lr=0.2631 | Teacher Loss: 2.334 | Teacher Train Acc: 58.388 | Student lr=0.2631 | Student Train Acc: 54.292 | Time: 143.167 |
[Eval] Epoch: 24 | Teacher Test Loss: 1.476 | Teacher Test Acc: 62.940 | Student Test Loss: 1.812 | Student Test Acc: 53.900 | Teacher Test F1: 0.627 | Student Test F1: 0.534 | Teacher Top 5 Accuracy: 0.884 | Student Top 5 Accuracy: 0.812 | Time: 2.213 | 
Running student landscape probe...
[Train] Epoch: 25 | Teacher lr=0.2246 | Teacher Loss: 2.278 | Teacher Train Acc: 59.696 | Student lr=0.2246 | Student Train Acc: 55.396 | Time: 142.434 |
[Eval] Epoch: 25 | Teacher Test Loss: 1.462 | Teacher Test Acc: 63.370 | Student Test Loss: 1.815 | Student Test Acc: 54.170 | Teacher Test F1: 0.633 | Student Test F1: 0.536 | Teacher Top 5 Accuracy: 0.888 | Student Top 5 Accuracy: 0.816 | Time: 2.119 | 
Running student landscape probe...
[Train] Epoch: 26 | Teacher lr=0.1883 | Teacher Loss: 2.212 | Teacher Train Acc: 61.138 | Student lr=0.1883 | Student Train Acc: 56.110 | Time: 141.065 |
[Eval] Epoch: 26 | Teacher Test Loss: 1.394 | Teacher Test Acc: 65.620 | Student Test Loss: 1.758 | Student Test Acc: 55.500 | Teacher Test F1: 0.656 | Student Test F1: 0.548 | Teacher Top 5 Accuracy: 0.899 | Student Top 5 Accuracy: 0.831 | Time: 2.263 | 
Running student landscape probe...
[Train] Epoch: 27 | Teacher lr=0.1545 | Teacher Loss: 2.151 | Teacher Train Acc: 62.526 | Student lr=0.1545 | Student Train Acc: 57.272 | Time: 140.595 |
[Eval] Epoch: 27 | Teacher Test Loss: 1.364 | Teacher Test Acc: 66.370 | Student Test Loss: 1.757 | Student Test Acc: 54.980 | Teacher Test F1: 0.662 | Student Test F1: 0.553 | Teacher Top 5 Accuracy: 0.906 | Student Top 5 Accuracy: 0.830 | Time: 2.443 | 
Running student landscape probe...
[Train] Epoch: 28 | Teacher lr=0.1235 | Teacher Loss: 2.083 | Teacher Train Acc: 63.912 | Student lr=0.1235 | Student Train Acc: 58.524 | Time: 144.041 |
[Eval] Epoch: 28 | Teacher Test Loss: 1.279 | Teacher Test Acc: 67.960 | Student Test Loss: 1.739 | Student Test Acc: 55.930 | Teacher Test F1: 0.679 | Student Test F1: 0.564 | Teacher Top 5 Accuracy: 0.908 | Student Top 5 Accuracy: 0.833 | Time: 2.414 | 
Running student landscape probe...
[Train] Epoch: 29 | Teacher lr=0.0955 | Teacher Loss: 2.011 | Teacher Train Acc: 65.554 | Student lr=0.0955 | Student Train Acc: 59.574 | Time: 141.164 |
[Eval] Epoch: 29 | Teacher Test Loss: 1.266 | Teacher Test Acc: 68.620 | Student Test Loss: 1.660 | Student Test Acc: 58.050 | Teacher Test F1: 0.685 | Student Test F1: 0.582 | Teacher Top 5 Accuracy: 0.911 | Student Top 5 Accuracy: 0.849 | Time: 2.237 | 
Running student landscape probe...
[Train] Epoch: 30 | Teacher lr=0.0708 | Teacher Loss: 1.937 | Teacher Train Acc: 67.170 | Student lr=0.0708 | Student Train Acc: 60.852 | Time: 141.398 |
[Eval] Epoch: 30 | Teacher Test Loss: 1.244 | Teacher Test Acc: 68.860 | Student Test Loss: 1.595 | Student Test Acc: 60.010 | Teacher Test F1: 0.689 | Student Test F1: 0.599 | Teacher Top 5 Accuracy: 0.913 | Student Top 5 Accuracy: 0.857 | Time: 2.121 | 
Running student landscape probe...
[Train] Epoch: 31 | Teacher lr=0.0495 | Teacher Loss: 1.861 | Teacher Train Acc: 68.662 | Student lr=0.0495 | Student Train Acc: 62.108 | Time: 135.611 |
[Eval] Epoch: 31 | Teacher Test Loss: 1.223 | Teacher Test Acc: 69.830 | Student Test Loss: 1.493 | Student Test Acc: 61.660 | Teacher Test F1: 0.696 | Student Test F1: 0.615 | Teacher Top 5 Accuracy: 0.911 | Student Top 5 Accuracy: 0.868 | Time: 2.215 | 
Running student landscape probe...
[Train] Epoch: 32 | Teacher lr=0.0319 | Teacher Loss: 1.788 | Teacher Train Acc: 70.136 | Student lr=0.0319 | Student Train Acc: 63.400 | Time: 143.929 |
[Eval] Epoch: 32 | Teacher Test Loss: 1.203 | Teacher Test Acc: 70.400 | Student Test Loss: 1.486 | Student Test Acc: 61.740 | Teacher Test F1: 0.703 | Student Test F1: 0.618 | Teacher Top 5 Accuracy: 0.914 | Student Top 5 Accuracy: 0.869 | Time: 2.209 | 
Running student landscape probe...
[Train] Epoch: 33 | Teacher lr=0.0180 | Teacher Loss: 1.721 | Teacher Train Acc: 71.396 | Student lr=0.0180 | Student Train Acc: 64.866 | Time: 143.959 |
[Eval] Epoch: 33 | Teacher Test Loss: 1.174 | Teacher Test Acc: 70.730 | Student Test Loss: 1.427 | Student Test Acc: 63.220 | Teacher Test F1: 0.707 | Student Test F1: 0.631 | Teacher Top 5 Accuracy: 0.918 | Student Top 5 Accuracy: 0.881 | Time: 2.167 | 
Running student landscape probe...
[Train] Epoch: 34 | Teacher lr=0.0080 | Teacher Loss: 1.673 | Teacher Train Acc: 72.318 | Student lr=0.0080 | Student Train Acc: 65.976 | Time: 140.647 |
[Eval] Epoch: 34 | Teacher Test Loss: 1.175 | Teacher Test Acc: 70.760 | Student Test Loss: 1.404 | Student Test Acc: 64.400 | Teacher Test F1: 0.707 | Student Test F1: 0.642 | Teacher Top 5 Accuracy: 0.918 | Student Top 5 Accuracy: 0.881 | Time: 2.429 | 
Running student landscape probe...
[Train] Epoch: 35 | Teacher lr=0.0020 | Teacher Loss: 1.642 | Teacher Train Acc: 72.908 | Student lr=0.0020 | Student Train Acc: 66.670 | Time: 141.035 |
[Eval] Epoch: 35 | Teacher Test Loss: 1.166 | Teacher Test Acc: 70.990 | Student Test Loss: 1.393 | Student Test Acc: 64.420 | Teacher Test F1: 0.709 | Student Test F1: 0.643 | Teacher Top 5 Accuracy: 0.918 | Student Top 5 Accuracy: 0.881 | Time: 2.365 | 
Running student landscape probe...
ckpt location: ckpt/robust12h_mlspace/O5_cosine_noiseon15_seed1_35ep.pt
