depth_list: [110, 20]
[NoisyClassificationDataset] num_classes=100 label_noise_rate=0.200 input_noise_std=0.0000 flipped=9964/50000
Dataset information: cifar100	 50000 images for training 	 10000 images for testing	
teacher depth: 110
student depth: 20
Total number of teacher parameters: 1,169,972
Total number of student parameters: 278,132
Snapshots will be saved to: snapshots/robust12h_mlspace/O5_cosine_noiseon15_seed3_35ep
==== train and evaluate unequal restart ====
[Eval] Epoch: 0 | Teacher Test Loss: 9743.739 | Teacher Test Acc: 1.130 | Student Test Loss: 5.207 | Student Test Acc: 1.000 | Teacher Test F1: 0.001 | Student Test F1: 0.000 | Teacher Top 5 Accuracy: 0.048 | Student Top 5 Accuracy: 0.047 | Time: 3.022 | 
Running student landscape probe...
[Train] Epoch: 1 | Teacher lr=1.0000 | Teacher Loss: 4.176 | Teacher Train Acc: 9.148 | Student lr=1.0000 | Student Train Acc: 23.092 | Time: 141.340 |
[Eval] Epoch: 1 | Teacher Test Loss: 3.612 | Teacher Test Acc: 13.570 | Student Test Loss: 3.196 | Student Test Acc: 23.680 | Teacher Test F1: 0.105 | Student Test F1: 0.213 | Teacher Top 5 Accuracy: 0.400 | Student Top 5 Accuracy: 0.528 | Time: 2.389 | 
Running student landscape probe...
[Train] Epoch: 2 | Teacher lr=0.9980 | Teacher Loss: 3.352 | Teacher Train Acc: 23.714 | Student lr=0.9980 | Student Train Acc: 43.364 | Time: 143.573 |
[Eval] Epoch: 2 | Teacher Test Loss: 2.942 | Teacher Test Acc: 24.790 | Student Test Loss: 3.279 | Student Test Acc: 23.690 | Teacher Test F1: 0.230 | Student Test F1: 0.228 | Teacher Top 5 Accuracy: 0.576 | Student Top 5 Accuracy: 0.549 | Time: 2.386 | 
Running student landscape probe...
[Train] Epoch: 3 | Teacher lr=0.9920 | Teacher Loss: 2.822 | Teacher Train Acc: 33.876 | Student lr=0.9920 | Student Train Acc: 49.006 | Time: 142.990 |
[Eval] Epoch: 3 | Teacher Test Loss: 2.670 | Teacher Test Acc: 33.660 | Student Test Loss: 2.451 | Student Test Acc: 35.730 | Teacher Test F1: 0.318 | Student Test F1: 0.346 | Teacher Top 5 Accuracy: 0.660 | Student Top 5 Accuracy: 0.692 | Time: 2.515 | 
Running student landscape probe...
[Train] Epoch: 4 | Teacher lr=0.9820 | Teacher Loss: 2.479 | Teacher Train Acc: 41.198 | Student lr=0.9820 | Student Train Acc: 52.058 | Time: 142.440 |
[Eval] Epoch: 4 | Teacher Test Loss: 2.386 | Teacher Test Acc: 36.960 | Student Test Loss: 2.173 | Student Test Acc: 42.040 | Teacher Test F1: 0.359 | Student Test F1: 0.412 | Teacher Top 5 Accuracy: 0.698 | Student Top 5 Accuracy: 0.746 | Time: 2.493 | 
Running student landscape probe...
[Train] Epoch: 5 | Teacher lr=0.9681 | Teacher Loss: 2.299 | Teacher Train Acc: 45.216 | Student lr=0.9681 | Student Train Acc: 54.210 | Time: 143.397 |
[Eval] Epoch: 5 | Teacher Test Loss: 2.453 | Teacher Test Acc: 37.530 | Student Test Loss: 2.513 | Student Test Acc: 35.690 | Teacher Test F1: 0.365 | Student Test F1: 0.346 | Teacher Top 5 Accuracy: 0.700 | Student Top 5 Accuracy: 0.694 | Time: 2.442 | 
Running student landscape probe...
[Train] Epoch: 6 | Teacher lr=0.9505 | Teacher Loss: 2.146 | Teacher Train Acc: 48.936 | Student lr=0.9505 | Student Train Acc: 55.916 | Time: 140.146 |
[Eval] Epoch: 6 | Teacher Test Loss: 2.242 | Teacher Test Acc: 41.170 | Student Test Loss: 3.086 | Student Test Acc: 27.730 | Teacher Test F1: 0.410 | Student Test F1: 0.280 | Teacher Top 5 Accuracy: 0.728 | Student Top 5 Accuracy: 0.596 | Time: 2.408 | 
Running student landscape probe...
[Train] Epoch: 7 | Teacher lr=0.9292 | Teacher Loss: 2.033 | Teacher Train Acc: 51.714 | Student lr=0.9292 | Student Train Acc: 57.094 | Time: 142.506 |
[Eval] Epoch: 7 | Teacher Test Loss: 2.042 | Teacher Test Acc: 45.940 | Student Test Loss: 2.428 | Student Test Acc: 37.550 | Teacher Test F1: 0.446 | Student Test F1: 0.370 | Teacher Top 5 Accuracy: 0.768 | Student Top 5 Accuracy: 0.704 | Time: 2.469 | 
Running student landscape probe...
[Train] Epoch: 8 | Teacher lr=0.9045 | Teacher Loss: 1.948 | Teacher Train Acc: 54.116 | Student lr=0.9045 | Student Train Acc: 58.318 | Time: 142.489 |
[Eval] Epoch: 8 | Teacher Test Loss: 2.056 | Teacher Test Acc: 44.330 | Student Test Loss: 2.431 | Student Test Acc: 38.730 | Teacher Test F1: 0.439 | Student Test F1: 0.380 | Teacher Top 5 Accuracy: 0.774 | Student Top 5 Accuracy: 0.706 | Time: 2.337 | 
Running student landscape probe...
[Train] Epoch: 9 | Teacher lr=0.8765 | Teacher Loss: 1.869 | Teacher Train Acc: 56.124 | Student lr=0.8765 | Student Train Acc: 59.238 | Time: 141.899 |
[Eval] Epoch: 9 | Teacher Test Loss: 1.762 | Teacher Test Acc: 51.060 | Student Test Loss: 1.989 | Student Test Acc: 46.070 | Teacher Test F1: 0.503 | Student Test F1: 0.452 | Teacher Top 5 Accuracy: 0.823 | Student Top 5 Accuracy: 0.790 | Time: 2.364 | 
Running student landscape probe...
[Train] Epoch: 10 | Teacher lr=0.8455 | Teacher Loss: 1.814 | Teacher Train Acc: 57.586 | Student lr=0.8455 | Student Train Acc: 60.256 | Time: 137.996 |
[Eval] Epoch: 10 | Teacher Test Loss: 1.743 | Teacher Test Acc: 51.550 | Student Test Loss: 2.445 | Student Test Acc: 38.180 | Teacher Test F1: 0.512 | Student Test F1: 0.384 | Teacher Top 5 Accuracy: 0.824 | Student Top 5 Accuracy: 0.711 | Time: 2.617 | 
Running student landscape probe...
[Train] Epoch: 11 | Teacher lr=0.8117 | Teacher Loss: 1.754 | Teacher Train Acc: 59.118 | Student lr=0.8117 | Student Train Acc: 61.004 | Time: 140.589 |
[Eval] Epoch: 11 | Teacher Test Loss: 1.899 | Teacher Test Acc: 49.510 | Student Test Loss: 2.192 | Student Test Acc: 43.760 | Teacher Test F1: 0.491 | Student Test F1: 0.427 | Teacher Top 5 Accuracy: 0.791 | Student Top 5 Accuracy: 0.740 | Time: 2.567 | 
Running student landscape probe...
[Train] Epoch: 12 | Teacher lr=0.7754 | Teacher Loss: 1.702 | Teacher Train Acc: 60.560 | Student lr=0.7754 | Student Train Acc: 61.548 | Time: 135.794 |
[Eval] Epoch: 12 | Teacher Test Loss: 1.621 | Teacher Test Acc: 54.730 | Student Test Loss: 2.241 | Student Test Acc: 41.670 | Teacher Test F1: 0.540 | Student Test F1: 0.413 | Teacher Top 5 Accuracy: 0.845 | Student Top 5 Accuracy: 0.734 | Time: 2.633 | 
Running student landscape probe...
[Train] Epoch: 13 | Teacher lr=0.7369 | Teacher Loss: 1.664 | Teacher Train Acc: 61.300 | Student lr=0.7369 | Student Train Acc: 62.282 | Time: 137.276 |
[Eval] Epoch: 13 | Teacher Test Loss: 1.891 | Teacher Test Acc: 48.920 | Student Test Loss: 2.383 | Student Test Acc: 39.890 | Teacher Test F1: 0.490 | Student Test F1: 0.393 | Teacher Top 5 Accuracy: 0.801 | Student Top 5 Accuracy: 0.719 | Time: 2.399 | 
Running student landscape probe...
[Train] Epoch: 14 | Teacher lr=0.6965 | Teacher Loss: 1.613 | Teacher Train Acc: 62.970 | Student lr=0.6965 | Student Train Acc: 62.926 | Time: 143.707 |
[Eval] Epoch: 14 | Teacher Test Loss: 1.510 | Teacher Test Acc: 57.130 | Student Test Loss: 2.403 | Student Test Acc: 40.280 | Teacher Test F1: 0.563 | Student Test F1: 0.405 | Teacher Top 5 Accuracy: 0.862 | Student Top 5 Accuracy: 0.720 | Time: 2.309 | 
Running student landscape probe...
[Train] Epoch: 15 | Teacher lr=0.6545 | Teacher Loss: 2.790 | Teacher Train Acc: 49.744 | Student lr=0.6545 | Student Train Acc: 49.156 | Time: 136.232 |
[Eval] Epoch: 15 | Teacher Test Loss: 1.780 | Teacher Test Acc: 55.580 | Student Test Loss: 2.246 | Student Test Acc: 43.290 | Teacher Test F1: 0.549 | Student Test F1: 0.432 | Teacher Top 5 Accuracy: 0.852 | Student Top 5 Accuracy: 0.736 | Time: 2.279 | 
Running student landscape probe...
[Train] Epoch: 16 | Teacher lr=0.6113 | Teacher Loss: 2.708 | Teacher Train Acc: 50.410 | Student lr=0.6113 | Student Train Acc: 48.634 | Time: 142.773 |
[Eval] Epoch: 16 | Teacher Test Loss: 1.671 | Teacher Test Acc: 57.450 | Student Test Loss: 2.476 | Student Test Acc: 38.750 | Teacher Test F1: 0.571 | Student Test F1: 0.388 | Teacher Top 5 Accuracy: 0.858 | Student Top 5 Accuracy: 0.686 | Time: 2.296 | 
Running student landscape probe...
[Train] Epoch: 17 | Teacher lr=0.5671 | Teacher Loss: 2.675 | Teacher Train Acc: 50.770 | Student lr=0.5671 | Student Train Acc: 48.948 | Time: 140.578 |
[Eval] Epoch: 17 | Teacher Test Loss: 1.824 | Teacher Test Acc: 54.600 | Student Test Loss: 2.160 | Student Test Acc: 45.340 | Teacher Test F1: 0.543 | Student Test F1: 0.451 | Teacher Top 5 Accuracy: 0.831 | Student Top 5 Accuracy: 0.764 | Time: 2.240 | 
Running student landscape probe...
[Train] Epoch: 18 | Teacher lr=0.5224 | Teacher Loss: 2.635 | Teacher Train Acc: 51.372 | Student lr=0.5224 | Student Train Acc: 49.830 | Time: 140.004 |
[Eval] Epoch: 18 | Teacher Test Loss: 1.917 | Teacher Test Acc: 51.720 | Student Test Loss: 2.389 | Student Test Acc: 40.200 | Teacher Test F1: 0.517 | Student Test F1: 0.406 | Teacher Top 5 Accuracy: 0.810 | Student Top 5 Accuracy: 0.711 | Time: 2.490 | 
Running student landscape probe...
[Train] Epoch: 19 | Teacher lr=0.4776 | Teacher Loss: 2.600 | Teacher Train Acc: 52.032 | Student lr=0.4776 | Student Train Acc: 50.294 | Time: 142.330 |
[Eval] Epoch: 19 | Teacher Test Loss: 1.691 | Teacher Test Acc: 56.470 | Student Test Loss: 2.156 | Student Test Acc: 45.890 | Teacher Test F1: 0.557 | Student Test F1: 0.456 | Teacher Top 5 Accuracy: 0.846 | Student Top 5 Accuracy: 0.762 | Time: 2.397 | 
Running student landscape probe...
[Train] Epoch: 20 | Teacher lr=0.4329 | Teacher Loss: 2.555 | Teacher Train Acc: 53.018 | Student lr=0.4329 | Student Train Acc: 51.014 | Time: 141.798 |
[Eval] Epoch: 20 | Teacher Test Loss: 1.553 | Teacher Test Acc: 59.860 | Student Test Loss: 1.943 | Student Test Acc: 50.270 | Teacher Test F1: 0.596 | Student Test F1: 0.502 | Teacher Top 5 Accuracy: 0.865 | Student Top 5 Accuracy: 0.805 | Time: 2.615 | 
Running student landscape probe...
[Train] Epoch: 21 | Teacher lr=0.3887 | Teacher Loss: 2.514 | Teacher Train Acc: 54.050 | Student lr=0.3887 | Student Train Acc: 51.944 | Time: 142.455 |
[Eval] Epoch: 21 | Teacher Test Loss: 1.545 | Teacher Test Acc: 60.590 | Student Test Loss: 2.118 | Student Test Acc: 47.370 | Teacher Test F1: 0.602 | Student Test F1: 0.465 | Teacher Top 5 Accuracy: 0.870 | Student Top 5 Accuracy: 0.768 | Time: 2.091 | 
Running student landscape probe...
[Train] Epoch: 22 | Teacher lr=0.3455 | Teacher Loss: 2.463 | Teacher Train Acc: 55.108 | Student lr=0.3455 | Student Train Acc: 52.686 | Time: 140.877 |
[Eval] Epoch: 22 | Teacher Test Loss: 1.534 | Teacher Test Acc: 60.710 | Student Test Loss: 2.035 | Student Test Acc: 48.650 | Teacher Test F1: 0.608 | Student Test F1: 0.479 | Teacher Top 5 Accuracy: 0.874 | Student Top 5 Accuracy: 0.775 | Time: 2.527 | 
Running student landscape probe...
[Train] Epoch: 23 | Teacher lr=0.3035 | Teacher Loss: 2.421 | Teacher Train Acc: 56.156 | Student lr=0.3035 | Student Train Acc: 53.650 | Time: 140.160 |
[Eval] Epoch: 23 | Teacher Test Loss: 1.498 | Teacher Test Acc: 61.720 | Student Test Loss: 1.835 | Student Test Acc: 53.080 | Teacher Test F1: 0.618 | Student Test F1: 0.533 | Teacher Top 5 Accuracy: 0.877 | Student Top 5 Accuracy: 0.822 | Time: 2.738 | 
Running student landscape probe...
[Train] Epoch: 24 | Teacher lr=0.2631 | Teacher Loss: 2.367 | Teacher Train Acc: 57.464 | Student lr=0.2631 | Student Train Acc: 54.582 | Time: 137.414 |
[Eval] Epoch: 24 | Teacher Test Loss: 1.472 | Teacher Test Acc: 62.050 | Student Test Loss: 1.776 | Student Test Acc: 54.140 | Teacher Test F1: 0.619 | Student Test F1: 0.543 | Teacher Top 5 Accuracy: 0.881 | Student Top 5 Accuracy: 0.829 | Time: 2.731 | 
Running student landscape probe...
[Train] Epoch: 25 | Teacher lr=0.2246 | Teacher Loss: 2.308 | Teacher Train Acc: 58.788 | Student lr=0.2246 | Student Train Acc: 55.516 | Time: 142.761 |
[Eval] Epoch: 25 | Teacher Test Loss: 1.407 | Teacher Test Acc: 64.990 | Student Test Loss: 1.779 | Student Test Acc: 54.990 | Teacher Test F1: 0.649 | Student Test F1: 0.551 | Teacher Top 5 Accuracy: 0.893 | Student Top 5 Accuracy: 0.829 | Time: 2.326 | 
Running student landscape probe...
[Train] Epoch: 26 | Teacher lr=0.1883 | Teacher Loss: 2.251 | Teacher Train Acc: 59.998 | Student lr=0.1883 | Student Train Acc: 56.604 | Time: 143.038 |
[Eval] Epoch: 26 | Teacher Test Loss: 1.409 | Teacher Test Acc: 64.580 | Student Test Loss: 1.702 | Student Test Acc: 56.540 | Teacher Test F1: 0.646 | Student Test F1: 0.564 | Teacher Top 5 Accuracy: 0.897 | Student Top 5 Accuracy: 0.843 | Time: 2.364 | 
Running student landscape probe...
[Train] Epoch: 27 | Teacher lr=0.1545 | Teacher Loss: 2.185 | Teacher Train Acc: 61.590 | Student lr=0.1545 | Student Train Acc: 57.550 | Time: 141.780 |
[Eval] Epoch: 27 | Teacher Test Loss: 1.321 | Teacher Test Acc: 66.750 | Student Test Loss: 1.832 | Student Test Acc: 53.040 | Teacher Test F1: 0.667 | Student Test F1: 0.533 | Teacher Top 5 Accuracy: 0.903 | Student Top 5 Accuracy: 0.821 | Time: 2.347 | 
Running student landscape probe...
[Train] Epoch: 28 | Teacher lr=0.1235 | Teacher Loss: 2.116 | Teacher Train Acc: 63.100 | Student lr=0.1235 | Student Train Acc: 58.330 | Time: 140.144 |
[Eval] Epoch: 28 | Teacher Test Loss: 1.323 | Teacher Test Acc: 66.890 | Student Test Loss: 1.576 | Student Test Acc: 59.710 | Teacher Test F1: 0.669 | Student Test F1: 0.599 | Teacher Top 5 Accuracy: 0.904 | Student Top 5 Accuracy: 0.861 | Time: 2.356 | 
Running student landscape probe...
[Train] Epoch: 29 | Teacher lr=0.0955 | Teacher Loss: 2.047 | Teacher Train Acc: 64.718 | Student lr=0.0955 | Student Train Acc: 59.666 | Time: 142.181 |
[Eval] Epoch: 29 | Teacher Test Loss: 1.265 | Teacher Test Acc: 68.300 | Student Test Loss: 1.595 | Student Test Acc: 58.990 | Teacher Test F1: 0.684 | Student Test F1: 0.591 | Teacher Top 5 Accuracy: 0.910 | Student Top 5 Accuracy: 0.860 | Time: 2.356 | 
Running student landscape probe...
[Train] Epoch: 30 | Teacher lr=0.0708 | Teacher Loss: 1.970 | Teacher Train Acc: 66.432 | Student lr=0.0708 | Student Train Acc: 61.108 | Time: 139.706 |
[Eval] Epoch: 30 | Teacher Test Loss: 1.233 | Teacher Test Acc: 69.100 | Student Test Loss: 1.554 | Student Test Acc: 60.500 | Teacher Test F1: 0.690 | Student Test F1: 0.605 | Teacher Top 5 Accuracy: 0.911 | Student Top 5 Accuracy: 0.859 | Time: 2.312 | 
Running student landscape probe...
[Train] Epoch: 31 | Teacher lr=0.0495 | Teacher Loss: 1.894 | Teacher Train Acc: 67.892 | Student lr=0.0495 | Student Train Acc: 62.498 | Time: 141.570 |
[Eval] Epoch: 31 | Teacher Test Loss: 1.203 | Teacher Test Acc: 70.010 | Student Test Loss: 1.530 | Student Test Acc: 61.160 | Teacher Test F1: 0.700 | Student Test F1: 0.614 | Teacher Top 5 Accuracy: 0.914 | Student Top 5 Accuracy: 0.863 | Time: 2.312 | 
Running student landscape probe...
[Train] Epoch: 32 | Teacher lr=0.0319 | Teacher Loss: 1.819 | Teacher Train Acc: 69.484 | Student lr=0.0319 | Student Train Acc: 63.758 | Time: 143.939 |
[Eval] Epoch: 32 | Teacher Test Loss: 1.197 | Teacher Test Acc: 70.240 | Student Test Loss: 1.491 | Student Test Acc: 62.180 | Teacher Test F1: 0.701 | Student Test F1: 0.623 | Teacher Top 5 Accuracy: 0.918 | Student Top 5 Accuracy: 0.871 | Time: 2.398 | 
Running student landscape probe...
[Train] Epoch: 33 | Teacher lr=0.0180 | Teacher Loss: 1.754 | Teacher Train Acc: 70.552 | Student lr=0.0180 | Student Train Acc: 65.072 | Time: 136.180 |
[Eval] Epoch: 33 | Teacher Test Loss: 1.182 | Teacher Test Acc: 70.450 | Student Test Loss: 1.436 | Student Test Acc: 63.150 | Teacher Test F1: 0.704 | Student Test F1: 0.631 | Teacher Top 5 Accuracy: 0.918 | Student Top 5 Accuracy: 0.879 | Time: 2.367 | 
Running student landscape probe...
[Train] Epoch: 34 | Teacher lr=0.0080 | Teacher Loss: 1.704 | Teacher Train Acc: 71.664 | Student lr=0.0080 | Student Train Acc: 66.094 | Time: 137.276 |
[Eval] Epoch: 34 | Teacher Test Loss: 1.168 | Teacher Test Acc: 70.600 | Student Test Loss: 1.411 | Student Test Acc: 64.120 | Teacher Test F1: 0.706 | Student Test F1: 0.641 | Teacher Top 5 Accuracy: 0.917 | Student Top 5 Accuracy: 0.880 | Time: 2.353 | 
Running student landscape probe...
[Train] Epoch: 35 | Teacher lr=0.0020 | Teacher Loss: 1.675 | Teacher Train Acc: 72.210 | Student lr=0.0020 | Student Train Acc: 66.806 | Time: 142.629 |
[Eval] Epoch: 35 | Teacher Test Loss: 1.160 | Teacher Test Acc: 70.580 | Student Test Loss: 1.391 | Student Test Acc: 64.380 | Teacher Test F1: 0.705 | Student Test F1: 0.643 | Teacher Top 5 Accuracy: 0.917 | Student Top 5 Accuracy: 0.887 | Time: 2.348 | 
Running student landscape probe...
ckpt location: ckpt/robust12h_mlspace/O5_cosine_noiseon15_seed3_35ep.pt
