depth_list: [110, 20]
[NoisyClassificationDataset] num_classes=100 label_noise_rate=0.200 input_noise_std=0.0000 flipped=9890/50000
Dataset information: cifar100	 50000 images for training 	 10000 images for testing	
teacher depth: 110
student depth: 20
Total number of teacher parameters: 1,169,972
Total number of student parameters: 278,132
Snapshots will be saved to: snapshots/robust12h_mlspace/O5_cosine_noiseon15_seed4_35ep
==== train and evaluate unequal restart ====
[Eval] Epoch: 0 | Teacher Test Loss: 8723.027 | Teacher Test Acc: 1.000 | Student Test Loss: 5.114 | Student Test Acc: 0.930 | Teacher Test F1: 0.000 | Student Test F1: 0.001 | Teacher Top 5 Accuracy: 0.050 | Student Top 5 Accuracy: 0.051 | Time: 3.012 | 
Running student landscape probe...
[Train] Epoch: 1 | Teacher lr=1.0000 | Teacher Loss: 4.079 | Teacher Train Acc: 10.482 | Student lr=1.0000 | Student Train Acc: 22.770 | Time: 141.536 |
[Eval] Epoch: 1 | Teacher Test Loss: 3.516 | Teacher Test Acc: 15.630 | Student Test Loss: 3.349 | Student Test Acc: 21.260 | Teacher Test F1: 0.126 | Student Test F1: 0.189 | Teacher Top 5 Accuracy: 0.424 | Student Top 5 Accuracy: 0.471 | Time: 2.555 | 
Running student landscape probe...
[Train] Epoch: 2 | Teacher lr=0.9980 | Teacher Loss: 3.369 | Teacher Train Acc: 23.638 | Student lr=0.9980 | Student Train Acc: 42.562 | Time: 143.702 |
[Eval] Epoch: 2 | Teacher Test Loss: 2.858 | Teacher Test Acc: 26.700 | Student Test Loss: 2.516 | Student Test Acc: 35.260 | Teacher Test F1: 0.243 | Student Test F1: 0.328 | Teacher Top 5 Accuracy: 0.610 | Student Top 5 Accuracy: 0.666 | Time: 2.413 | 
Running student landscape probe...
[Train] Epoch: 3 | Teacher lr=0.9920 | Teacher Loss: 2.765 | Teacher Train Acc: 34.826 | Student lr=0.9920 | Student Train Acc: 48.884 | Time: 143.306 |
[Eval] Epoch: 3 | Teacher Test Loss: 2.457 | Teacher Test Acc: 36.010 | Student Test Loss: 2.387 | Student Test Acc: 37.720 | Teacher Test F1: 0.342 | Student Test F1: 0.362 | Teacher Top 5 Accuracy: 0.690 | Student Top 5 Accuracy: 0.706 | Time: 2.278 | 
Running student landscape probe...
[Train] Epoch: 4 | Teacher lr=0.9820 | Teacher Loss: 2.408 | Teacher Train Acc: 42.604 | Student lr=0.9820 | Student Train Acc: 52.330 | Time: 142.696 |
[Eval] Epoch: 4 | Teacher Test Loss: 2.339 | Teacher Test Acc: 38.240 | Student Test Loss: 2.578 | Student Test Acc: 35.390 | Teacher Test F1: 0.374 | Student Test F1: 0.355 | Teacher Top 5 Accuracy: 0.721 | Student Top 5 Accuracy: 0.675 | Time: 2.197 | 
Running student landscape probe...
[Train] Epoch: 5 | Teacher lr=0.9681 | Teacher Loss: 2.223 | Teacher Train Acc: 47.118 | Student lr=0.9681 | Student Train Acc: 54.686 | Time: 143.694 |
[Eval] Epoch: 5 | Teacher Test Loss: 2.138 | Teacher Test Acc: 42.840 | Student Test Loss: 2.178 | Student Test Acc: 43.280 | Teacher Test F1: 0.427 | Student Test F1: 0.430 | Teacher Top 5 Accuracy: 0.756 | Student Top 5 Accuracy: 0.743 | Time: 2.208 | 
Running student landscape probe...
[Train] Epoch: 6 | Teacher lr=0.9505 | Teacher Loss: 2.086 | Teacher Train Acc: 50.486 | Student lr=0.9505 | Student Train Acc: 56.130 | Time: 140.666 |
[Eval] Epoch: 6 | Teacher Test Loss: 2.024 | Teacher Test Acc: 44.560 | Student Test Loss: 2.504 | Student Test Acc: 37.670 | Teacher Test F1: 0.438 | Student Test F1: 0.359 | Teacher Top 5 Accuracy: 0.778 | Student Top 5 Accuracy: 0.694 | Time: 2.111 | 
Running student landscape probe...
[Train] Epoch: 7 | Teacher lr=0.9292 | Teacher Loss: 1.975 | Teacher Train Acc: 53.344 | Student lr=0.9292 | Student Train Acc: 57.646 | Time: 142.196 |
[Eval] Epoch: 7 | Teacher Test Loss: 2.265 | Teacher Test Acc: 40.290 | Student Test Loss: 3.236 | Student Test Acc: 28.270 | Teacher Test F1: 0.390 | Student Test F1: 0.272 | Teacher Top 5 Accuracy: 0.720 | Student Top 5 Accuracy: 0.557 | Time: 2.148 | 
Running student landscape probe...
[Train] Epoch: 8 | Teacher lr=0.9045 | Teacher Loss: 1.928 | Teacher Train Acc: 54.674 | Student lr=0.9045 | Student Train Acc: 58.386 | Time: 142.134 |
[Eval] Epoch: 8 | Teacher Test Loss: 1.915 | Teacher Test Acc: 47.850 | Student Test Loss: 2.192 | Student Test Acc: 42.360 | Teacher Test F1: 0.467 | Student Test F1: 0.414 | Teacher Top 5 Accuracy: 0.799 | Student Top 5 Accuracy: 0.744 | Time: 2.438 | 
Running student landscape probe...
[Train] Epoch: 9 | Teacher lr=0.8765 | Teacher Loss: 1.818 | Teacher Train Acc: 57.448 | Student lr=0.8765 | Student Train Acc: 59.314 | Time: 141.764 |
[Eval] Epoch: 9 | Teacher Test Loss: 1.850 | Teacher Test Acc: 49.220 | Student Test Loss: 2.232 | Student Test Acc: 42.670 | Teacher Test F1: 0.481 | Student Test F1: 0.435 | Teacher Top 5 Accuracy: 0.805 | Student Top 5 Accuracy: 0.766 | Time: 2.407 | 
Running student landscape probe...
[Train] Epoch: 10 | Teacher lr=0.8455 | Teacher Loss: 1.762 | Teacher Train Acc: 58.898 | Student lr=0.8455 | Student Train Acc: 60.066 | Time: 138.000 |
[Eval] Epoch: 10 | Teacher Test Loss: 1.904 | Teacher Test Acc: 47.840 | Student Test Loss: 2.100 | Student Test Acc: 44.730 | Teacher Test F1: 0.467 | Student Test F1: 0.437 | Teacher Top 5 Accuracy: 0.802 | Student Top 5 Accuracy: 0.766 | Time: 2.386 | 
Running student landscape probe...
[Train] Epoch: 11 | Teacher lr=0.8117 | Teacher Loss: 1.722 | Teacher Train Acc: 59.680 | Student lr=0.8117 | Student Train Acc: 60.822 | Time: 140.437 |
[Eval] Epoch: 11 | Teacher Test Loss: 1.673 | Teacher Test Acc: 53.610 | Student Test Loss: 1.923 | Student Test Acc: 47.800 | Teacher Test F1: 0.532 | Student Test F1: 0.472 | Teacher Top 5 Accuracy: 0.831 | Student Top 5 Accuracy: 0.797 | Time: 2.553 | 
Running student landscape probe...
[Train] Epoch: 12 | Teacher lr=0.7754 | Teacher Loss: 1.666 | Teacher Train Acc: 61.406 | Student lr=0.7754 | Student Train Acc: 61.514 | Time: 136.136 |
[Eval] Epoch: 12 | Teacher Test Loss: 1.741 | Teacher Test Acc: 52.910 | Student Test Loss: 1.928 | Student Test Acc: 48.240 | Teacher Test F1: 0.524 | Student Test F1: 0.470 | Teacher Top 5 Accuracy: 0.824 | Student Top 5 Accuracy: 0.792 | Time: 2.366 | 
Running student landscape probe...
[Train] Epoch: 13 | Teacher lr=0.7369 | Teacher Loss: 1.618 | Teacher Train Acc: 62.496 | Student lr=0.7369 | Student Train Acc: 62.332 | Time: 137.333 |
[Eval] Epoch: 13 | Teacher Test Loss: 1.575 | Teacher Test Acc: 55.970 | Student Test Loss: 2.570 | Student Test Acc: 37.140 | Teacher Test F1: 0.555 | Student Test F1: 0.372 | Teacher Top 5 Accuracy: 0.849 | Student Top 5 Accuracy: 0.683 | Time: 2.557 | 
Running student landscape probe...
[Train] Epoch: 14 | Teacher lr=0.6965 | Teacher Loss: 1.570 | Teacher Train Acc: 63.882 | Student lr=0.6965 | Student Train Acc: 63.344 | Time: 143.839 |
[Eval] Epoch: 14 | Teacher Test Loss: 1.605 | Teacher Test Acc: 55.040 | Student Test Loss: 2.163 | Student Test Acc: 43.750 | Teacher Test F1: 0.555 | Student Test F1: 0.438 | Teacher Top 5 Accuracy: 0.846 | Student Top 5 Accuracy: 0.759 | Time: 2.450 | 
Running student landscape probe...
[Train] Epoch: 15 | Teacher lr=0.6545 | Teacher Loss: 2.752 | Teacher Train Acc: 50.590 | Student lr=0.6545 | Student Train Acc: 49.334 | Time: 136.228 |
[Eval] Epoch: 15 | Teacher Test Loss: 1.728 | Teacher Test Acc: 57.100 | Student Test Loss: 2.322 | Student Test Acc: 41.540 | Teacher Test F1: 0.569 | Student Test F1: 0.419 | Teacher Top 5 Accuracy: 0.860 | Student Top 5 Accuracy: 0.723 | Time: 2.473 | 
Running student landscape probe...
[Train] Epoch: 16 | Teacher lr=0.6113 | Teacher Loss: 2.673 | Teacher Train Acc: 51.338 | Student lr=0.6113 | Student Train Acc: 48.688 | Time: 142.971 |
[Eval] Epoch: 16 | Teacher Test Loss: 1.622 | Teacher Test Acc: 59.930 | Student Test Loss: 2.375 | Student Test Acc: 40.410 | Teacher Test F1: 0.599 | Student Test F1: 0.406 | Teacher Top 5 Accuracy: 0.867 | Student Top 5 Accuracy: 0.710 | Time: 2.388 | 
Running student landscape probe...
[Train] Epoch: 17 | Teacher lr=0.5671 | Teacher Loss: 2.639 | Teacher Train Acc: 51.666 | Student lr=0.5671 | Student Train Acc: 49.146 | Time: 141.323 |
[Eval] Epoch: 17 | Teacher Test Loss: 1.662 | Teacher Test Acc: 57.530 | Student Test Loss: 2.590 | Student Test Acc: 35.080 | Teacher Test F1: 0.575 | Student Test F1: 0.330 | Teacher Top 5 Accuracy: 0.858 | Student Top 5 Accuracy: 0.660 | Time: 2.478 | 
Running student landscape probe...
[Train] Epoch: 18 | Teacher lr=0.5224 | Teacher Loss: 2.605 | Teacher Train Acc: 52.212 | Student lr=0.5224 | Student Train Acc: 49.664 | Time: 139.999 |
[Eval] Epoch: 18 | Teacher Test Loss: 1.779 | Teacher Test Acc: 55.000 | Student Test Loss: 2.331 | Student Test Acc: 40.870 | Teacher Test F1: 0.544 | Student Test F1: 0.418 | Teacher Top 5 Accuracy: 0.840 | Student Top 5 Accuracy: 0.727 | Time: 2.421 | 
Running student landscape probe...
[Train] Epoch: 19 | Teacher lr=0.4776 | Teacher Loss: 2.565 | Teacher Train Acc: 52.768 | Student lr=0.4776 | Student Train Acc: 50.296 | Time: 142.109 |
[Eval] Epoch: 19 | Teacher Test Loss: 1.697 | Teacher Test Acc: 57.460 | Student Test Loss: 2.154 | Student Test Acc: 45.980 | Teacher Test F1: 0.572 | Student Test F1: 0.452 | Teacher Top 5 Accuracy: 0.850 | Student Top 5 Accuracy: 0.757 | Time: 2.400 | 
Running student landscape probe...
[Train] Epoch: 20 | Teacher lr=0.4329 | Teacher Loss: 2.526 | Teacher Train Acc: 53.654 | Student lr=0.4329 | Student Train Acc: 51.152 | Time: 142.000 |
[Eval] Epoch: 20 | Teacher Test Loss: 1.725 | Teacher Test Acc: 57.580 | Student Test Loss: 2.056 | Student Test Acc: 48.020 | Teacher Test F1: 0.571 | Student Test F1: 0.479 | Teacher Top 5 Accuracy: 0.854 | Student Top 5 Accuracy: 0.784 | Time: 2.336 | 
Running student landscape probe...
[Train] Epoch: 21 | Teacher lr=0.3887 | Teacher Loss: 2.486 | Teacher Train Acc: 54.610 | Student lr=0.3887 | Student Train Acc: 51.786 | Time: 142.852 |
[Eval] Epoch: 21 | Teacher Test Loss: 1.615 | Teacher Test Acc: 58.930 | Student Test Loss: 1.914 | Student Test Acc: 50.090 | Teacher Test F1: 0.585 | Student Test F1: 0.498 | Teacher Top 5 Accuracy: 0.867 | Student Top 5 Accuracy: 0.803 | Time: 2.465 | 
Running student landscape probe...
[Train] Epoch: 22 | Teacher lr=0.3455 | Teacher Loss: 2.435 | Teacher Train Acc: 55.654 | Student lr=0.3455 | Student Train Acc: 52.652 | Time: 140.942 |
[Eval] Epoch: 22 | Teacher Test Loss: 1.566 | Teacher Test Acc: 60.110 | Student Test Loss: 2.093 | Student Test Acc: 47.030 | Teacher Test F1: 0.598 | Student Test F1: 0.469 | Teacher Top 5 Accuracy: 0.869 | Student Top 5 Accuracy: 0.772 | Time: 2.206 | 
Running student landscape probe...
[Train] Epoch: 23 | Teacher lr=0.3035 | Teacher Loss: 2.386 | Teacher Train Acc: 56.916 | Student lr=0.3035 | Student Train Acc: 53.674 | Time: 139.516 |
[Eval] Epoch: 23 | Teacher Test Loss: 1.514 | Teacher Test Acc: 61.340 | Student Test Loss: 2.050 | Student Test Acc: 48.790 | Teacher Test F1: 0.607 | Student Test F1: 0.486 | Teacher Top 5 Accuracy: 0.881 | Student Top 5 Accuracy: 0.785 | Time: 2.744 | 
Running student landscape probe...
[Train] Epoch: 24 | Teacher lr=0.2631 | Teacher Loss: 2.334 | Teacher Train Acc: 58.038 | Student lr=0.2631 | Student Train Acc: 54.532 | Time: 137.240 |
[Eval] Epoch: 24 | Teacher Test Loss: 1.505 | Teacher Test Acc: 62.440 | Student Test Loss: 1.837 | Student Test Acc: 53.520 | Teacher Test F1: 0.624 | Student Test F1: 0.532 | Teacher Top 5 Accuracy: 0.885 | Student Top 5 Accuracy: 0.817 | Time: 2.731 | 
Running student landscape probe...
[Train] Epoch: 25 | Teacher lr=0.2246 | Teacher Loss: 2.280 | Teacher Train Acc: 59.266 | Student lr=0.2246 | Student Train Acc: 55.362 | Time: 142.407 |
[Eval] Epoch: 25 | Teacher Test Loss: 1.406 | Teacher Test Acc: 63.310 | Student Test Loss: 1.742 | Student Test Acc: 55.390 | Teacher Test F1: 0.634 | Student Test F1: 0.551 | Teacher Top 5 Accuracy: 0.887 | Student Top 5 Accuracy: 0.830 | Time: 2.364 | 
Running student landscape probe...
[Train] Epoch: 26 | Teacher lr=0.1883 | Teacher Loss: 2.220 | Teacher Train Acc: 60.654 | Student lr=0.1883 | Student Train Acc: 56.160 | Time: 143.364 |
[Eval] Epoch: 26 | Teacher Test Loss: 1.351 | Teacher Test Acc: 65.910 | Student Test Loss: 1.692 | Student Test Acc: 56.630 | Teacher Test F1: 0.657 | Student Test F1: 0.568 | Teacher Top 5 Accuracy: 0.900 | Student Top 5 Accuracy: 0.841 | Time: 2.244 | 
Running student landscape probe...
[Train] Epoch: 27 | Teacher lr=0.1545 | Teacher Loss: 2.155 | Teacher Train Acc: 62.190 | Student lr=0.1545 | Student Train Acc: 57.532 | Time: 141.826 |
[Eval] Epoch: 27 | Teacher Test Loss: 1.325 | Teacher Test Acc: 66.810 | Student Test Loss: 1.710 | Student Test Acc: 56.450 | Teacher Test F1: 0.667 | Student Test F1: 0.563 | Teacher Top 5 Accuracy: 0.904 | Student Top 5 Accuracy: 0.837 | Time: 2.241 | 
Running student landscape probe...
[Train] Epoch: 28 | Teacher lr=0.1235 | Teacher Loss: 2.093 | Teacher Train Acc: 63.514 | Student lr=0.1235 | Student Train Acc: 58.612 | Time: 139.714 |
[Eval] Epoch: 28 | Teacher Test Loss: 1.311 | Teacher Test Acc: 67.850 | Student Test Loss: 1.622 | Student Test Acc: 58.800 | Teacher Test F1: 0.676 | Student Test F1: 0.585 | Teacher Top 5 Accuracy: 0.906 | Student Top 5 Accuracy: 0.857 | Time: 2.388 | 
Running student landscape probe...
[Train] Epoch: 29 | Teacher lr=0.0955 | Teacher Loss: 2.016 | Teacher Train Acc: 65.316 | Student lr=0.0955 | Student Train Acc: 60.100 | Time: 142.398 |
[Eval] Epoch: 29 | Teacher Test Loss: 1.251 | Teacher Test Acc: 68.290 | Student Test Loss: 1.613 | Student Test Acc: 58.910 | Teacher Test F1: 0.683 | Student Test F1: 0.590 | Teacher Top 5 Accuracy: 0.907 | Student Top 5 Accuracy: 0.852 | Time: 2.170 | 
Running student landscape probe...
[Train] Epoch: 30 | Teacher lr=0.0708 | Teacher Loss: 1.940 | Teacher Train Acc: 67.032 | Student lr=0.0708 | Student Train Acc: 61.224 | Time: 139.944 |
[Eval] Epoch: 30 | Teacher Test Loss: 1.237 | Teacher Test Acc: 68.630 | Student Test Loss: 1.632 | Student Test Acc: 59.500 | Teacher Test F1: 0.686 | Student Test F1: 0.595 | Teacher Top 5 Accuracy: 0.912 | Student Top 5 Accuracy: 0.851 | Time: 2.125 | 
Running student landscape probe...
[Train] Epoch: 31 | Teacher lr=0.0495 | Teacher Loss: 1.863 | Teacher Train Acc: 68.454 | Student lr=0.0495 | Student Train Acc: 62.652 | Time: 141.768 |
[Eval] Epoch: 31 | Teacher Test Loss: 1.208 | Teacher Test Acc: 69.640 | Student Test Loss: 1.503 | Student Test Acc: 61.360 | Teacher Test F1: 0.695 | Student Test F1: 0.613 | Teacher Top 5 Accuracy: 0.913 | Student Top 5 Accuracy: 0.867 | Time: 2.136 | 
Running student landscape probe...
[Train] Epoch: 32 | Teacher lr=0.0319 | Teacher Loss: 1.796 | Teacher Train Acc: 69.856 | Student lr=0.0319 | Student Train Acc: 63.840 | Time: 143.898 |
[Eval] Epoch: 32 | Teacher Test Loss: 1.211 | Teacher Test Acc: 69.920 | Student Test Loss: 1.465 | Student Test Acc: 62.400 | Teacher Test F1: 0.698 | Student Test F1: 0.624 | Teacher Top 5 Accuracy: 0.911 | Student Top 5 Accuracy: 0.870 | Time: 2.271 | 
Running student landscape probe...
[Train] Epoch: 33 | Teacher lr=0.0180 | Teacher Loss: 1.725 | Teacher Train Acc: 71.234 | Student lr=0.0180 | Student Train Acc: 65.244 | Time: 136.406 |
[Eval] Epoch: 33 | Teacher Test Loss: 1.187 | Teacher Test Acc: 70.190 | Student Test Loss: 1.417 | Student Test Acc: 63.580 | Teacher Test F1: 0.701 | Student Test F1: 0.635 | Teacher Top 5 Accuracy: 0.912 | Student Top 5 Accuracy: 0.878 | Time: 2.090 | 
Running student landscape probe...
[Train] Epoch: 34 | Teacher lr=0.0080 | Teacher Loss: 1.673 | Teacher Train Acc: 72.238 | Student lr=0.0080 | Student Train Acc: 66.114 | Time: 137.738 |
[Eval] Epoch: 34 | Teacher Test Loss: 1.183 | Teacher Test Acc: 70.680 | Student Test Loss: 1.378 | Student Test Acc: 64.650 | Teacher Test F1: 0.706 | Student Test F1: 0.647 | Teacher Top 5 Accuracy: 0.914 | Student Top 5 Accuracy: 0.882 | Time: 2.153 | 
Running student landscape probe...
[Train] Epoch: 35 | Teacher lr=0.0020 | Teacher Loss: 1.641 | Teacher Train Acc: 72.626 | Student lr=0.0020 | Student Train Acc: 66.946 | Time: 142.368 |
[Eval] Epoch: 35 | Teacher Test Loss: 1.180 | Teacher Test Acc: 70.580 | Student Test Loss: 1.379 | Student Test Acc: 64.580 | Teacher Test F1: 0.705 | Student Test F1: 0.645 | Teacher Top 5 Accuracy: 0.913 | Student Top 5 Accuracy: 0.886 | Time: 2.400 | 
Running student landscape probe...
ckpt location: ckpt/robust12h_mlspace/O5_cosine_noiseon15_seed4_35ep.pt
