depth_list: [110, 20]
Dataset information: cifar100	 50000 images for training 	 10000 images for testing	
teacher depth: 110
student depth: 20
Total number of teacher parameters: 1,169,972
Total number of student parameters: 278,132
Snapshots will be saved to: snapshots/robust12h_mlspace/O6_cosine_long90_seed2_90ep
==== train and evaluate unequal restart ====
[Eval] Epoch: 0 | Teacher Test Loss: 11623.433 | Teacher Test Acc: 1.000 | Student Test Loss: 6.044 | Student Test Acc: 1.110 | Teacher Test F1: 0.000 | Student Test F1: 0.000 | Teacher Top 5 Accuracy: 0.049 | Student Top 5 Accuracy: 0.052 | Time: 2.909 | 
Running student landscape probe...
[Train] Epoch: 1 | Teacher lr=1.0000 | Teacher Loss: 4.059 | Teacher Train Acc: 10.538 | Student lr=1.0000 | Student Train Acc: 22.308 | Time: 142.490 |
[Eval] Epoch: 1 | Teacher Test Loss: 3.586 | Teacher Test Acc: 14.910 | Student Test Loss: 2.775 | Student Test Acc: 28.370 | Teacher Test F1: 0.121 | Student Test F1: 0.268 | Teacher Top 5 Accuracy: 0.415 | Student Top 5 Accuracy: 0.612 | Time: 2.483 | 
Running student landscape probe...
[Train] Epoch: 2 | Teacher lr=0.9997 | Teacher Loss: 3.245 | Teacher Train Acc: 25.776 | Student lr=0.9997 | Student Train Acc: 42.388 | Time: 137.455 |
[Eval] Epoch: 2 | Teacher Test Loss: 2.983 | Teacher Test Acc: 24.030 | Student Test Loss: 3.340 | Student Test Acc: 22.260 | Teacher Test F1: 0.219 | Student Test F1: 0.229 | Teacher Top 5 Accuracy: 0.576 | Student Top 5 Accuracy: 0.552 | Time: 2.540 | 
Running student landscape probe...
[Train] Epoch: 3 | Teacher lr=0.9988 | Teacher Loss: 2.656 | Teacher Train Acc: 36.684 | Student lr=0.9988 | Student Train Acc: 48.442 | Time: 142.945 |
[Eval] Epoch: 3 | Teacher Test Loss: 2.366 | Teacher Test Acc: 37.100 | Student Test Loss: 2.192 | Student Test Acc: 41.210 | Teacher Test F1: 0.358 | Student Test F1: 0.402 | Teacher Top 5 Accuracy: 0.703 | Student Top 5 Accuracy: 0.740 | Time: 2.475 | 
Running student landscape probe...
[Train] Epoch: 4 | Teacher lr=0.9973 | Teacher Loss: 2.377 | Teacher Train Acc: 43.292 | Student lr=0.9973 | Student Train Acc: 52.210 | Time: 137.071 |
[Eval] Epoch: 4 | Teacher Test Loss: 2.299 | Teacher Test Acc: 38.800 | Student Test Loss: 2.328 | Student Test Acc: 39.190 | Teacher Test F1: 0.371 | Student Test F1: 0.381 | Teacher Top 5 Accuracy: 0.721 | Student Top 5 Accuracy: 0.706 | Time: 2.543 | 
Running student landscape probe...
[Train] Epoch: 5 | Teacher lr=0.9951 | Teacher Loss: 2.224 | Teacher Train Acc: 47.084 | Student lr=0.9951 | Student Train Acc: 54.296 | Time: 139.930 |
[Eval] Epoch: 5 | Teacher Test Loss: 2.318 | Teacher Test Acc: 40.230 | Student Test Loss: 3.123 | Student Test Acc: 29.620 | Teacher Test F1: 0.391 | Student Test F1: 0.291 | Teacher Top 5 Accuracy: 0.734 | Student Top 5 Accuracy: 0.609 | Time: 2.523 | 
Running student landscape probe...
[Train] Epoch: 6 | Teacher lr=0.9924 | Teacher Loss: 2.089 | Teacher Train Acc: 50.446 | Student lr=0.9924 | Student Train Acc: 56.178 | Time: 139.213 |
[Eval] Epoch: 6 | Teacher Test Loss: 2.166 | Teacher Test Acc: 42.380 | Student Test Loss: 2.387 | Student Test Acc: 38.770 | Teacher Test F1: 0.418 | Student Test F1: 0.393 | Teacher Top 5 Accuracy: 0.756 | Student Top 5 Accuracy: 0.718 | Time: 2.505 | 
Running student landscape probe...
[Train] Epoch: 7 | Teacher lr=0.9891 | Teacher Loss: 2.007 | Teacher Train Acc: 52.842 | Student lr=0.9891 | Student Train Acc: 56.946 | Time: 140.805 |
[Eval] Epoch: 7 | Teacher Test Loss: 2.431 | Teacher Test Acc: 37.310 | Student Test Loss: 2.350 | Student Test Acc: 38.890 | Teacher Test F1: 0.356 | Student Test F1: 0.386 | Teacher Top 5 Accuracy: 0.706 | Student Top 5 Accuracy: 0.713 | Time: 2.371 | 
Running student landscape probe...
[Train] Epoch: 8 | Teacher lr=0.9851 | Teacher Loss: 2.266 | Teacher Train Acc: 48.072 | Student lr=0.9851 | Student Train Acc: 57.220 | Time: 143.444 |
[Eval] Epoch: 8 | Teacher Test Loss: 1.849 | Teacher Test Acc: 49.450 | Student Test Loss: 2.769 | Student Test Acc: 34.720 | Teacher Test F1: 0.483 | Student Test F1: 0.347 | Teacher Top 5 Accuracy: 0.803 | Student Top 5 Accuracy: 0.650 | Time: 2.419 | 
Running student landscape probe...
[Train] Epoch: 9 | Teacher lr=0.9806 | Teacher Loss: 1.870 | Teacher Train Acc: 56.210 | Student lr=0.9806 | Student Train Acc: 58.316 | Time: 143.175 |
[Eval] Epoch: 9 | Teacher Test Loss: 2.241 | Teacher Test Acc: 42.180 | Student Test Loss: 2.580 | Student Test Acc: 34.860 | Teacher Test F1: 0.418 | Student Test F1: 0.342 | Teacher Top 5 Accuracy: 0.754 | Student Top 5 Accuracy: 0.668 | Time: 2.369 | 
Running student landscape probe...
[Train] Epoch: 10 | Teacher lr=0.9755 | Teacher Loss: 1.983 | Teacher Train Acc: 53.734 | Student lr=0.9755 | Student Train Acc: 58.282 | Time: 142.573 |
[Eval] Epoch: 10 | Teacher Test Loss: 1.775 | Teacher Test Acc: 50.910 | Student Test Loss: 2.444 | Student Test Acc: 39.030 | Teacher Test F1: 0.500 | Student Test F1: 0.390 | Teacher Top 5 Accuracy: 0.813 | Student Top 5 Accuracy: 0.717 | Time: 2.377 | 
Running student landscape probe...
[Train] Epoch: 11 | Teacher lr=0.9698 | Teacher Loss: 1.803 | Teacher Train Acc: 57.910 | Student lr=0.9698 | Student Train Acc: 59.012 | Time: 140.532 |
[Eval] Epoch: 11 | Teacher Test Loss: 1.861 | Teacher Test Acc: 49.900 | Student Test Loss: 2.712 | Student Test Acc: 36.020 | Teacher Test F1: 0.492 | Student Test F1: 0.364 | Teacher Top 5 Accuracy: 0.813 | Student Top 5 Accuracy: 0.694 | Time: 2.443 | 
Running student landscape probe...
[Train] Epoch: 12 | Teacher lr=0.9636 | Teacher Loss: 1.766 | Teacher Train Acc: 59.326 | Student lr=0.9636 | Student Train Acc: 59.400 | Time: 140.347 |
[Eval] Epoch: 12 | Teacher Test Loss: 1.814 | Teacher Test Acc: 50.830 | Student Test Loss: 2.177 | Student Test Acc: 43.000 | Teacher Test F1: 0.506 | Student Test F1: 0.424 | Teacher Top 5 Accuracy: 0.814 | Student Top 5 Accuracy: 0.747 | Time: 2.467 | 
Running student landscape probe...
[Train] Epoch: 13 | Teacher lr=0.9568 | Teacher Loss: 1.740 | Teacher Train Acc: 59.718 | Student lr=0.9568 | Student Train Acc: 59.708 | Time: 137.799 |
[Eval] Epoch: 13 | Teacher Test Loss: 1.766 | Teacher Test Acc: 51.790 | Student Test Loss: 2.155 | Student Test Acc: 43.910 | Teacher Test F1: 0.518 | Student Test F1: 0.437 | Teacher Top 5 Accuracy: 0.825 | Student Top 5 Accuracy: 0.768 | Time: 2.342 | 
Running student landscape probe...
[Train] Epoch: 14 | Teacher lr=0.9494 | Teacher Loss: 1.713 | Teacher Train Acc: 60.570 | Student lr=0.9494 | Student Train Acc: 60.194 | Time: 141.973 |
[Eval] Epoch: 14 | Teacher Test Loss: 1.796 | Teacher Test Acc: 50.360 | Student Test Loss: 2.444 | Student Test Acc: 37.660 | Teacher Test F1: 0.503 | Student Test F1: 0.371 | Teacher Top 5 Accuracy: 0.815 | Student Top 5 Accuracy: 0.711 | Time: 2.388 | 
Running student landscape probe...
[Train] Epoch: 15 | Teacher lr=0.9415 | Teacher Loss: 1.709 | Teacher Train Acc: 60.708 | Student lr=0.9415 | Student Train Acc: 60.698 | Time: 144.314 |
[Eval] Epoch: 15 | Teacher Test Loss: 1.838 | Teacher Test Acc: 49.760 | Student Test Loss: 2.284 | Student Test Acc: 41.740 | Teacher Test F1: 0.507 | Student Test F1: 0.408 | Teacher Top 5 Accuracy: 0.819 | Student Top 5 Accuracy: 0.729 | Time: 2.359 | 
Running student landscape probe...
[Train] Epoch: 16 | Teacher lr=0.9330 | Teacher Loss: 1.679 | Teacher Train Acc: 61.690 | Student lr=0.9330 | Student Train Acc: 60.618 | Time: 143.543 |
[Eval] Epoch: 16 | Teacher Test Loss: 1.908 | Teacher Test Acc: 48.740 | Student Test Loss: 3.318 | Student Test Acc: 29.010 | Teacher Test F1: 0.479 | Student Test F1: 0.287 | Teacher Top 5 Accuracy: 0.804 | Student Top 5 Accuracy: 0.608 | Time: 2.317 | 
Running student landscape probe...
[Train] Epoch: 17 | Teacher lr=0.9240 | Teacher Loss: 1.668 | Teacher Train Acc: 61.878 | Student lr=0.9240 | Student Train Acc: 60.822 | Time: 144.272 |
[Eval] Epoch: 17 | Teacher Test Loss: 1.736 | Teacher Test Acc: 52.740 | Student Test Loss: 1.940 | Student Test Acc: 48.210 | Teacher Test F1: 0.534 | Student Test F1: 0.480 | Teacher Top 5 Accuracy: 0.836 | Student Top 5 Accuracy: 0.790 | Time: 2.314 | 
Running student landscape probe...
[Train] Epoch: 18 | Teacher lr=0.9145 | Teacher Loss: 1.638 | Teacher Train Acc: 62.734 | Student lr=0.9145 | Student Train Acc: 61.454 | Time: 144.082 |
[Eval] Epoch: 18 | Teacher Test Loss: 1.932 | Teacher Test Acc: 49.150 | Student Test Loss: 2.833 | Student Test Acc: 33.080 | Teacher Test F1: 0.495 | Student Test F1: 0.339 | Teacher Top 5 Accuracy: 0.804 | Student Top 5 Accuracy: 0.644 | Time: 2.390 | 
Running student landscape probe...
[Train] Epoch: 19 | Teacher lr=0.9045 | Teacher Loss: 1.630 | Teacher Train Acc: 62.956 | Student lr=0.9045 | Student Train Acc: 61.560 | Time: 142.780 |
[Eval] Epoch: 19 | Teacher Test Loss: 1.950 | Teacher Test Acc: 47.820 | Student Test Loss: 2.393 | Student Test Acc: 41.000 | Teacher Test F1: 0.473 | Student Test F1: 0.400 | Teacher Top 5 Accuracy: 0.801 | Student Top 5 Accuracy: 0.719 | Time: 2.411 | 
Running student landscape probe...
[Train] Epoch: 20 | Teacher lr=0.8940 | Teacher Loss: 1.618 | Teacher Train Acc: 63.330 | Student lr=0.8940 | Student Train Acc: 61.700 | Time: 137.785 |
[Eval] Epoch: 20 | Teacher Test Loss: 1.663 | Teacher Test Acc: 54.100 | Student Test Loss: 2.385 | Student Test Acc: 39.300 | Teacher Test F1: 0.542 | Student Test F1: 0.398 | Teacher Top 5 Accuracy: 0.836 | Student Top 5 Accuracy: 0.726 | Time: 2.393 | 
Running student landscape probe...
[Train] Epoch: 21 | Teacher lr=0.8830 | Teacher Loss: 1.610 | Teacher Train Acc: 63.628 | Student lr=0.8830 | Student Train Acc: 61.810 | Time: 141.082 |
[Eval] Epoch: 21 | Teacher Test Loss: 1.740 | Teacher Test Acc: 51.570 | Student Test Loss: 3.005 | Student Test Acc: 29.710 | Teacher Test F1: 0.516 | Student Test F1: 0.290 | Teacher Top 5 Accuracy: 0.825 | Student Top 5 Accuracy: 0.621 | Time: 2.367 | 
Running student landscape probe...
[Train] Epoch: 22 | Teacher lr=0.8716 | Teacher Loss: 1.576 | Teacher Train Acc: 64.330 | Student lr=0.8716 | Student Train Acc: 61.922 | Time: 141.018 |
[Eval] Epoch: 22 | Teacher Test Loss: 1.540 | Teacher Test Acc: 56.860 | Student Test Loss: 2.038 | Student Test Acc: 45.980 | Teacher Test F1: 0.565 | Student Test F1: 0.452 | Teacher Top 5 Accuracy: 0.853 | Student Top 5 Accuracy: 0.782 | Time: 2.393 | 
Running student landscape probe...
[Train] Epoch: 23 | Teacher lr=0.8597 | Teacher Loss: 1.569 | Teacher Train Acc: 64.708 | Student lr=0.8597 | Student Train Acc: 62.492 | Time: 143.767 |
[Eval] Epoch: 23 | Teacher Test Loss: 1.543 | Teacher Test Acc: 56.570 | Student Test Loss: 2.858 | Student Test Acc: 34.360 | Teacher Test F1: 0.562 | Student Test F1: 0.344 | Teacher Top 5 Accuracy: 0.857 | Student Top 5 Accuracy: 0.674 | Time: 2.352 | 
Running student landscape probe...
[Train] Epoch: 24 | Teacher lr=0.8473 | Teacher Loss: 1.546 | Teacher Train Acc: 65.502 | Student lr=0.8473 | Student Train Acc: 62.598 | Time: 141.043 |
[Eval] Epoch: 24 | Teacher Test Loss: 1.726 | Teacher Test Acc: 53.230 | Student Test Loss: 2.089 | Student Test Acc: 44.660 | Teacher Test F1: 0.523 | Student Test F1: 0.439 | Teacher Top 5 Accuracy: 0.827 | Student Top 5 Accuracy: 0.771 | Time: 2.348 | 
Running student landscape probe...
[Train] Epoch: 25 | Teacher lr=0.8346 | Teacher Loss: 1.536 | Teacher Train Acc: 65.646 | Student lr=0.8346 | Student Train Acc: 62.794 | Time: 142.411 |
[Eval] Epoch: 25 | Teacher Test Loss: 1.657 | Teacher Test Acc: 53.560 | Student Test Loss: 2.424 | Student Test Acc: 40.130 | Teacher Test F1: 0.536 | Student Test F1: 0.405 | Teacher Top 5 Accuracy: 0.846 | Student Top 5 Accuracy: 0.728 | Time: 2.367 | 
Running student landscape probe...
[Train] Epoch: 26 | Teacher lr=0.8214 | Teacher Loss: 1.719 | Teacher Train Acc: 61.740 | Student lr=0.8214 | Student Train Acc: 63.030 | Time: 144.174 |
[Eval] Epoch: 26 | Teacher Test Loss: 1.617 | Teacher Test Acc: 55.170 | Student Test Loss: 2.459 | Student Test Acc: 38.210 | Teacher Test F1: 0.555 | Student Test F1: 0.380 | Teacher Top 5 Accuracy: 0.847 | Student Top 5 Accuracy: 0.697 | Time: 2.346 | 
Running student landscape probe...
[Train] Epoch: 27 | Teacher lr=0.8078 | Teacher Loss: 1.522 | Teacher Train Acc: 65.924 | Student lr=0.8078 | Student Train Acc: 62.982 | Time: 143.164 |
[Eval] Epoch: 27 | Teacher Test Loss: 1.510 | Teacher Test Acc: 58.050 | Student Test Loss: 1.891 | Student Test Acc: 50.440 | Teacher Test F1: 0.573 | Student Test F1: 0.502 | Teacher Top 5 Accuracy: 0.862 | Student Top 5 Accuracy: 0.804 | Time: 2.343 | 
Running student landscape probe...
[Train] Epoch: 28 | Teacher lr=0.7939 | Teacher Loss: 1.493 | Teacher Train Acc: 66.726 | Student lr=0.7939 | Student Train Acc: 63.346 | Time: 142.670 |
[Eval] Epoch: 28 | Teacher Test Loss: 1.592 | Teacher Test Acc: 56.100 | Student Test Loss: 1.941 | Student Test Acc: 48.570 | Teacher Test F1: 0.556 | Student Test F1: 0.481 | Teacher Top 5 Accuracy: 0.844 | Student Top 5 Accuracy: 0.794 | Time: 2.393 | 
Running student landscape probe...
[Train] Epoch: 29 | Teacher lr=0.7796 | Teacher Loss: 1.475 | Teacher Train Acc: 67.366 | Student lr=0.7796 | Student Train Acc: 63.740 | Time: 144.111 |
[Eval] Epoch: 29 | Teacher Test Loss: 1.653 | Teacher Test Acc: 55.050 | Student Test Loss: 2.327 | Student Test Acc: 42.250 | Teacher Test F1: 0.556 | Student Test F1: 0.428 | Teacher Top 5 Accuracy: 0.840 | Student Top 5 Accuracy: 0.733 | Time: 2.302 | 
Running student landscape probe...
[Train] Epoch: 30 | Teacher lr=0.7650 | Teacher Loss: 1.464 | Teacher Train Acc: 67.520 | Student lr=0.7650 | Student Train Acc: 64.046 | Time: 142.447 |
[Eval] Epoch: 30 | Teacher Test Loss: 1.448 | Teacher Test Acc: 59.090 | Student Test Loss: 1.908 | Student Test Acc: 49.270 | Teacher Test F1: 0.581 | Student Test F1: 0.482 | Teacher Top 5 Accuracy: 0.866 | Student Top 5 Accuracy: 0.798 | Time: 2.438 | 
Running student landscape probe...
[Train] Epoch: 31 | Teacher lr=0.7500 | Teacher Loss: 1.455 | Teacher Train Acc: 67.668 | Student lr=0.7500 | Student Train Acc: 63.956 | Time: 143.269 |
[Eval] Epoch: 31 | Teacher Test Loss: 1.582 | Teacher Test Acc: 55.840 | Student Test Loss: 1.845 | Student Test Acc: 50.120 | Teacher Test F1: 0.562 | Student Test F1: 0.499 | Teacher Top 5 Accuracy: 0.855 | Student Top 5 Accuracy: 0.806 | Time: 2.361 | 
Running student landscape probe...
[Train] Epoch: 32 | Teacher lr=0.7347 | Teacher Loss: 1.437 | Teacher Train Acc: 68.460 | Student lr=0.7347 | Student Train Acc: 64.628 | Time: 142.732 |
[Eval] Epoch: 32 | Teacher Test Loss: 1.494 | Teacher Test Acc: 58.210 | Student Test Loss: 2.431 | Student Test Acc: 40.920 | Teacher Test F1: 0.584 | Student Test F1: 0.404 | Teacher Top 5 Accuracy: 0.865 | Student Top 5 Accuracy: 0.716 | Time: 2.340 | 
Running student landscape probe...
[Train] Epoch: 33 | Teacher lr=0.7192 | Teacher Loss: 1.426 | Teacher Train Acc: 68.596 | Student lr=0.7192 | Student Train Acc: 64.496 | Time: 143.923 |
[Eval] Epoch: 33 | Teacher Test Loss: 1.527 | Teacher Test Acc: 57.440 | Student Test Loss: 2.051 | Student Test Acc: 46.230 | Teacher Test F1: 0.570 | Student Test F1: 0.462 | Teacher Top 5 Accuracy: 0.854 | Student Top 5 Accuracy: 0.780 | Time: 2.278 | 
Running student landscape probe...
[Train] Epoch: 34 | Teacher lr=0.7034 | Teacher Loss: 1.415 | Teacher Train Acc: 68.820 | Student lr=0.7034 | Student Train Acc: 64.922 | Time: 143.150 |
[Eval] Epoch: 34 | Teacher Test Loss: 1.438 | Teacher Test Acc: 59.280 | Student Test Loss: 1.798 | Student Test Acc: 50.590 | Teacher Test F1: 0.585 | Student Test F1: 0.500 | Teacher Top 5 Accuracy: 0.872 | Student Top 5 Accuracy: 0.814 | Time: 2.496 | 
Running student landscape probe...
[Train] Epoch: 35 | Teacher lr=0.6873 | Teacher Loss: 1.400 | Teacher Train Acc: 69.414 | Student lr=0.6873 | Student Train Acc: 65.414 | Time: 144.029 |
[Eval] Epoch: 35 | Teacher Test Loss: 1.367 | Teacher Test Acc: 61.210 | Student Test Loss: 2.020 | Student Test Acc: 47.390 | Teacher Test F1: 0.612 | Student Test F1: 0.469 | Teacher Top 5 Accuracy: 0.879 | Student Top 5 Accuracy: 0.779 | Time: 2.337 | 
Running student landscape probe...
[Train] Epoch: 36 | Teacher lr=0.6710 | Teacher Loss: 1.382 | Teacher Train Acc: 69.912 | Student lr=0.6710 | Student Train Acc: 65.554 | Time: 144.250 |
[Eval] Epoch: 36 | Teacher Test Loss: 1.457 | Teacher Test Acc: 58.560 | Student Test Loss: 2.218 | Student Test Acc: 42.450 | Teacher Test F1: 0.589 | Student Test F1: 0.422 | Teacher Top 5 Accuracy: 0.873 | Student Top 5 Accuracy: 0.744 | Time: 2.424 | 
Running student landscape probe...
[Train] Epoch: 37 | Teacher lr=0.6545 | Teacher Loss: 1.366 | Teacher Train Acc: 70.192 | Student lr=0.6545 | Student Train Acc: 65.902 | Time: 142.332 |
[Eval] Epoch: 37 | Teacher Test Loss: 1.540 | Teacher Test Acc: 57.080 | Student Test Loss: 1.883 | Student Test Acc: 49.310 | Teacher Test F1: 0.566 | Student Test F1: 0.492 | Teacher Top 5 Accuracy: 0.854 | Student Top 5 Accuracy: 0.803 | Time: 2.356 | 
Running student landscape probe...
[Train] Epoch: 38 | Teacher lr=0.6378 | Teacher Loss: 1.358 | Teacher Train Acc: 70.528 | Student lr=0.6378 | Student Train Acc: 65.916 | Time: 142.205 |
[Eval] Epoch: 38 | Teacher Test Loss: 1.420 | Teacher Test Acc: 59.560 | Student Test Loss: 1.687 | Student Test Acc: 53.310 | Teacher Test F1: 0.599 | Student Test F1: 0.533 | Teacher Top 5 Accuracy: 0.875 | Student Top 5 Accuracy: 0.832 | Time: 2.343 | 
Running student landscape probe...
[Train] Epoch: 39 | Teacher lr=0.6210 | Teacher Loss: 1.338 | Teacher Train Acc: 71.012 | Student lr=0.6210 | Student Train Acc: 66.128 | Time: 143.665 |
[Eval] Epoch: 39 | Teacher Test Loss: 1.396 | Teacher Test Acc: 60.940 | Student Test Loss: 1.990 | Student Test Acc: 47.600 | Teacher Test F1: 0.608 | Student Test F1: 0.477 | Teacher Top 5 Accuracy: 0.879 | Student Top 5 Accuracy: 0.787 | Time: 2.346 | 
Running student landscape probe...
[Train] Epoch: 40 | Teacher lr=0.6040 | Teacher Loss: 1.324 | Teacher Train Acc: 71.654 | Student lr=0.6040 | Student Train Acc: 66.414 | Time: 142.200 |
[Eval] Epoch: 40 | Teacher Test Loss: 1.354 | Teacher Test Acc: 61.360 | Student Test Loss: 1.817 | Student Test Acc: 50.990 | Teacher Test F1: 0.612 | Student Test F1: 0.508 | Teacher Top 5 Accuracy: 0.882 | Student Top 5 Accuracy: 0.814 | Time: 2.307 | 
Running student landscape probe...
[Train] Epoch: 41 | Teacher lr=0.5868 | Teacher Loss: 1.308 | Teacher Train Acc: 71.978 | Student lr=0.5868 | Student Train Acc: 66.698 | Time: 142.740 |
[Eval] Epoch: 41 | Teacher Test Loss: 1.467 | Teacher Test Acc: 59.130 | Student Test Loss: 1.985 | Student Test Acc: 47.390 | Teacher Test F1: 0.590 | Student Test F1: 0.474 | Teacher Top 5 Accuracy: 0.871 | Student Top 5 Accuracy: 0.788 | Time: 2.381 | 
Running student landscape probe...
[Train] Epoch: 42 | Teacher lr=0.5696 | Teacher Loss: 1.284 | Teacher Train Acc: 72.738 | Student lr=0.5696 | Student Train Acc: 67.230 | Time: 140.444 |
[Eval] Epoch: 42 | Teacher Test Loss: 1.259 | Teacher Test Acc: 63.190 | Student Test Loss: 2.133 | Student Test Acc: 46.270 | Teacher Test F1: 0.632 | Student Test F1: 0.466 | Teacher Top 5 Accuracy: 0.902 | Student Top 5 Accuracy: 0.772 | Time: 2.451 | 
Running student landscape probe...
[Train] Epoch: 43 | Teacher lr=0.5523 | Teacher Loss: 1.275 | Teacher Train Acc: 72.858 | Student lr=0.5523 | Student Train Acc: 67.422 | Time: 143.982 |
[Eval] Epoch: 43 | Teacher Test Loss: 1.304 | Teacher Test Acc: 62.870 | Student Test Loss: 1.998 | Student Test Acc: 47.550 | Teacher Test F1: 0.631 | Student Test F1: 0.476 | Teacher Top 5 Accuracy: 0.889 | Student Top 5 Accuracy: 0.787 | Time: 2.349 | 
Running student landscape probe...
[Train] Epoch: 44 | Teacher lr=0.5349 | Teacher Loss: 1.262 | Teacher Train Acc: 73.162 | Student lr=0.5349 | Student Train Acc: 67.722 | Time: 143.381 |
[Eval] Epoch: 44 | Teacher Test Loss: 1.300 | Teacher Test Acc: 63.070 | Student Test Loss: 1.776 | Student Test Acc: 51.010 | Teacher Test F1: 0.637 | Student Test F1: 0.518 | Teacher Top 5 Accuracy: 0.889 | Student Top 5 Accuracy: 0.829 | Time: 2.327 | 
Running student landscape probe...
[Train] Epoch: 45 | Teacher lr=0.5174 | Teacher Loss: 1.241 | Teacher Train Acc: 73.670 | Student lr=0.5174 | Student Train Acc: 68.146 | Time: 144.159 |
[Eval] Epoch: 45 | Teacher Test Loss: 1.252 | Teacher Test Acc: 63.960 | Student Test Loss: 1.818 | Student Test Acc: 51.800 | Teacher Test F1: 0.644 | Student Test F1: 0.522 | Teacher Top 5 Accuracy: 0.899 | Student Top 5 Accuracy: 0.817 | Time: 2.333 | 
Running student landscape probe...
[Train] Epoch: 46 | Teacher lr=0.5000 | Teacher Loss: 1.223 | Teacher Train Acc: 74.294 | Student lr=0.5000 | Student Train Acc: 68.374 | Time: 144.097 |
[Eval] Epoch: 46 | Teacher Test Loss: 1.288 | Teacher Test Acc: 63.200 | Student Test Loss: 1.860 | Student Test Acc: 49.650 | Teacher Test F1: 0.632 | Student Test F1: 0.499 | Teacher Top 5 Accuracy: 0.890 | Student Top 5 Accuracy: 0.801 | Time: 2.383 | 
Running student landscape probe...
[Train] Epoch: 47 | Teacher lr=0.4826 | Teacher Loss: 1.208 | Teacher Train Acc: 74.884 | Student lr=0.4826 | Student Train Acc: 68.630 | Time: 141.838 |
[Eval] Epoch: 47 | Teacher Test Loss: 1.318 | Teacher Test Acc: 62.940 | Student Test Loss: 1.833 | Student Test Acc: 50.620 | Teacher Test F1: 0.625 | Student Test F1: 0.503 | Teacher Top 5 Accuracy: 0.885 | Student Top 5 Accuracy: 0.811 | Time: 2.392 | 
Running student landscape probe...
[Train] Epoch: 48 | Teacher lr=0.4651 | Teacher Loss: 1.187 | Teacher Train Acc: 75.618 | Student lr=0.4651 | Student Train Acc: 69.242 | Time: 142.763 |
[Eval] Epoch: 48 | Teacher Test Loss: 1.308 | Teacher Test Acc: 62.320 | Student Test Loss: 2.472 | Student Test Acc: 39.400 | Teacher Test F1: 0.626 | Student Test F1: 0.399 | Teacher Top 5 Accuracy: 0.890 | Student Top 5 Accuracy: 0.715 | Time: 2.368 | 
Running student landscape probe...
[Train] Epoch: 49 | Teacher lr=0.4477 | Teacher Loss: 1.173 | Teacher Train Acc: 75.638 | Student lr=0.4477 | Student Train Acc: 69.198 | Time: 144.022 |
[Eval] Epoch: 49 | Teacher Test Loss: 1.204 | Teacher Test Acc: 65.170 | Student Test Loss: 1.609 | Student Test Acc: 55.460 | Teacher Test F1: 0.652 | Student Test F1: 0.557 | Teacher Top 5 Accuracy: 0.907 | Student Top 5 Accuracy: 0.845 | Time: 2.360 | 
Running student landscape probe...
[Train] Epoch: 50 | Teacher lr=0.4304 | Teacher Loss: 1.158 | Teacher Train Acc: 76.300 | Student lr=0.4304 | Student Train Acc: 69.630 | Time: 142.909 |
[Eval] Epoch: 50 | Teacher Test Loss: 1.135 | Teacher Test Acc: 67.330 | Student Test Loss: 1.719 | Student Test Acc: 53.940 | Teacher Test F1: 0.672 | Student Test F1: 0.537 | Teacher Top 5 Accuracy: 0.911 | Student Top 5 Accuracy: 0.831 | Time: 2.270 | 
Running student landscape probe...
[Train] Epoch: 51 | Teacher lr=0.4132 | Teacher Loss: 1.135 | Teacher Train Acc: 77.092 | Student lr=0.4132 | Student Train Acc: 69.918 | Time: 142.461 |
[Eval] Epoch: 51 | Teacher Test Loss: 1.158 | Teacher Test Acc: 67.050 | Student Test Loss: 1.585 | Student Test Acc: 56.800 | Teacher Test F1: 0.670 | Student Test F1: 0.566 | Teacher Top 5 Accuracy: 0.908 | Student Top 5 Accuracy: 0.848 | Time: 2.232 | 
Running student landscape probe...
[Train] Epoch: 52 | Teacher lr=0.3960 | Teacher Loss: 1.115 | Teacher Train Acc: 77.428 | Student lr=0.3960 | Student Train Acc: 70.754 | Time: 143.710 |
[Eval] Epoch: 52 | Teacher Test Loss: 1.144 | Teacher Test Acc: 66.690 | Student Test Loss: 1.791 | Student Test Acc: 52.950 | Teacher Test F1: 0.665 | Student Test F1: 0.532 | Teacher Top 5 Accuracy: 0.909 | Student Top 5 Accuracy: 0.829 | Time: 2.337 | 
Running student landscape probe...
[Train] Epoch: 53 | Teacher lr=0.3790 | Teacher Loss: 1.096 | Teacher Train Acc: 78.084 | Student lr=0.3790 | Student Train Acc: 70.982 | Time: 136.637 |
[Eval] Epoch: 53 | Teacher Test Loss: 1.230 | Teacher Test Acc: 64.900 | Student Test Loss: 2.056 | Student Test Acc: 47.950 | Teacher Test F1: 0.651 | Student Test F1: 0.488 | Teacher Top 5 Accuracy: 0.900 | Student Top 5 Accuracy: 0.789 | Time: 2.296 | 
Running student landscape probe...
[Train] Epoch: 54 | Teacher lr=0.3622 | Teacher Loss: 1.078 | Teacher Train Acc: 78.530 | Student lr=0.3622 | Student Train Acc: 71.258 | Time: 142.757 |
[Eval] Epoch: 54 | Teacher Test Loss: 1.129 | Teacher Test Acc: 67.590 | Student Test Loss: 1.789 | Student Test Acc: 52.640 | Teacher Test F1: 0.673 | Student Test F1: 0.517 | Teacher Top 5 Accuracy: 0.916 | Student Top 5 Accuracy: 0.818 | Time: 2.358 | 
Running student landscape probe...
[Train] Epoch: 55 | Teacher lr=0.3455 | Teacher Loss: 1.053 | Teacher Train Acc: 79.344 | Student lr=0.3455 | Student Train Acc: 71.672 | Time: 136.226 |
[Eval] Epoch: 55 | Teacher Test Loss: 1.127 | Teacher Test Acc: 67.610 | Student Test Loss: 1.721 | Student Test Acc: 54.740 | Teacher Test F1: 0.676 | Student Test F1: 0.546 | Teacher Top 5 Accuracy: 0.915 | Student Top 5 Accuracy: 0.833 | Time: 2.346 | 
Running student landscape probe...
[Train] Epoch: 56 | Teacher lr=0.3290 | Teacher Loss: 1.031 | Teacher Train Acc: 79.978 | Student lr=0.3290 | Student Train Acc: 72.180 | Time: 140.811 |
[Eval] Epoch: 56 | Teacher Test Loss: 1.059 | Teacher Test Acc: 69.360 | Student Test Loss: 1.508 | Student Test Acc: 58.230 | Teacher Test F1: 0.696 | Student Test F1: 0.584 | Teacher Top 5 Accuracy: 0.922 | Student Top 5 Accuracy: 0.863 | Time: 2.441 | 
Running student landscape probe...
[Train] Epoch: 57 | Teacher lr=0.3127 | Teacher Loss: 1.010 | Teacher Train Acc: 80.676 | Student lr=0.3127 | Student Train Acc: 72.558 | Time: 141.658 |
[Eval] Epoch: 57 | Teacher Test Loss: 1.140 | Teacher Test Acc: 67.110 | Student Test Loss: 1.748 | Student Test Acc: 52.760 | Teacher Test F1: 0.671 | Student Test F1: 0.533 | Teacher Top 5 Accuracy: 0.911 | Student Top 5 Accuracy: 0.838 | Time: 2.600 | 
Running student landscape probe...
[Train] Epoch: 58 | Teacher lr=0.2966 | Teacher Loss: 0.985 | Teacher Train Acc: 81.370 | Student lr=0.2966 | Student Train Acc: 73.062 | Time: 142.197 |
[Eval] Epoch: 58 | Teacher Test Loss: 1.023 | Teacher Test Acc: 70.160 | Student Test Loss: 1.739 | Student Test Acc: 53.780 | Teacher Test F1: 0.699 | Student Test F1: 0.537 | Teacher Top 5 Accuracy: 0.927 | Student Top 5 Accuracy: 0.825 | Time: 2.629 | 
Running student landscape probe...
[Train] Epoch: 59 | Teacher lr=0.2808 | Teacher Loss: 0.965 | Teacher Train Acc: 81.994 | Student lr=0.2808 | Student Train Acc: 73.496 | Time: 142.189 |
[Eval] Epoch: 59 | Teacher Test Loss: 1.026 | Teacher Test Acc: 71.010 | Student Test Loss: 1.543 | Student Test Acc: 57.410 | Teacher Test F1: 0.709 | Student Test F1: 0.577 | Teacher Top 5 Accuracy: 0.926 | Student Top 5 Accuracy: 0.854 | Time: 2.614 | 
Running student landscape probe...
[Train] Epoch: 60 | Teacher lr=0.2653 | Teacher Loss: 0.945 | Teacher Train Acc: 82.506 | Student lr=0.2653 | Student Train Acc: 73.806 | Time: 140.988 |
[Eval] Epoch: 60 | Teacher Test Loss: 1.042 | Teacher Test Acc: 70.280 | Student Test Loss: 1.486 | Student Test Acc: 59.370 | Teacher Test F1: 0.701 | Student Test F1: 0.594 | Teacher Top 5 Accuracy: 0.926 | Student Top 5 Accuracy: 0.866 | Time: 2.617 | 
Running student landscape probe...
[Train] Epoch: 61 | Teacher lr=0.2500 | Teacher Loss: 0.918 | Teacher Train Acc: 83.508 | Student lr=0.2500 | Student Train Acc: 74.852 | Time: 142.307 |
[Eval] Epoch: 61 | Teacher Test Loss: 1.024 | Teacher Test Acc: 70.590 | Student Test Loss: 1.526 | Student Test Acc: 57.740 | Teacher Test F1: 0.707 | Student Test F1: 0.582 | Teacher Top 5 Accuracy: 0.923 | Student Top 5 Accuracy: 0.860 | Time: 2.560 | 
Running student landscape probe...
[Train] Epoch: 62 | Teacher lr=0.2350 | Teacher Loss: 0.899 | Teacher Train Acc: 84.168 | Student lr=0.2350 | Student Train Acc: 74.970 | Time: 143.631 |
[Eval] Epoch: 62 | Teacher Test Loss: 1.028 | Teacher Test Acc: 70.190 | Student Test Loss: 1.478 | Student Test Acc: 59.140 | Teacher Test F1: 0.702 | Student Test F1: 0.597 | Teacher Top 5 Accuracy: 0.923 | Student Top 5 Accuracy: 0.861 | Time: 2.540 | 
Running student landscape probe...
[Train] Epoch: 63 | Teacher lr=0.2204 | Teacher Loss: 0.866 | Teacher Train Acc: 85.066 | Student lr=0.2204 | Student Train Acc: 75.688 | Time: 143.597 |
[Eval] Epoch: 63 | Teacher Test Loss: 1.014 | Teacher Test Acc: 70.260 | Student Test Loss: 1.537 | Student Test Acc: 58.010 | Teacher Test F1: 0.703 | Student Test F1: 0.580 | Teacher Top 5 Accuracy: 0.926 | Student Top 5 Accuracy: 0.856 | Time: 2.609 | 
Running student landscape probe...
[Train] Epoch: 64 | Teacher lr=0.2061 | Teacher Loss: 0.844 | Teacher Train Acc: 85.762 | Student lr=0.2061 | Student Train Acc: 75.940 | Time: 137.523 |
[Eval] Epoch: 64 | Teacher Test Loss: 0.995 | Teacher Test Acc: 71.490 | Student Test Loss: 1.487 | Student Test Acc: 59.500 | Teacher Test F1: 0.716 | Student Test F1: 0.596 | Teacher Top 5 Accuracy: 0.928 | Student Top 5 Accuracy: 0.869 | Time: 2.697 | 
Running student landscape probe...
[Train] Epoch: 65 | Teacher lr=0.1922 | Teacher Loss: 0.817 | Teacher Train Acc: 86.776 | Student lr=0.1922 | Student Train Acc: 76.382 | Time: 139.468 |
[Eval] Epoch: 65 | Teacher Test Loss: 0.990 | Teacher Test Acc: 71.280 | Student Test Loss: 1.403 | Student Test Acc: 60.470 | Teacher Test F1: 0.714 | Student Test F1: 0.606 | Teacher Top 5 Accuracy: 0.930 | Student Top 5 Accuracy: 0.875 | Time: 2.592 | 
Running student landscape probe...
[Train] Epoch: 66 | Teacher lr=0.1786 | Teacher Loss: 0.790 | Teacher Train Acc: 87.380 | Student lr=0.1786 | Student Train Acc: 77.140 | Time: 142.547 |
[Eval] Epoch: 66 | Teacher Test Loss: 1.024 | Teacher Test Acc: 70.800 | Student Test Loss: 1.826 | Student Test Acc: 53.750 | Teacher Test F1: 0.709 | Student Test F1: 0.538 | Teacher Top 5 Accuracy: 0.925 | Student Top 5 Accuracy: 0.820 | Time: 2.586 | 
Running student landscape probe...
[Train] Epoch: 67 | Teacher lr=0.1654 | Teacher Loss: 0.765 | Teacher Train Acc: 88.608 | Student lr=0.1654 | Student Train Acc: 77.874 | Time: 143.041 |
[Eval] Epoch: 67 | Teacher Test Loss: 0.957 | Teacher Test Acc: 72.230 | Student Test Loss: 1.414 | Student Test Acc: 61.520 | Teacher Test F1: 0.723 | Student Test F1: 0.616 | Teacher Top 5 Accuracy: 0.934 | Student Top 5 Accuracy: 0.879 | Time: 2.528 | 
Running student landscape probe...
[Train] Epoch: 68 | Teacher lr=0.1527 | Teacher Loss: 0.739 | Teacher Train Acc: 89.162 | Student lr=0.1527 | Student Train Acc: 78.434 | Time: 142.594 |
[Eval] Epoch: 68 | Teacher Test Loss: 0.938 | Teacher Test Acc: 72.790 | Student Test Loss: 1.478 | Student Test Acc: 60.700 | Teacher Test F1: 0.728 | Student Test F1: 0.611 | Teacher Top 5 Accuracy: 0.934 | Student Top 5 Accuracy: 0.869 | Time: 2.587 | 
Running student landscape probe...
[Train] Epoch: 69 | Teacher lr=0.1403 | Teacher Loss: 0.706 | Teacher Train Acc: 90.194 | Student lr=0.1403 | Student Train Acc: 78.962 | Time: 142.165 |
[Eval] Epoch: 69 | Teacher Test Loss: 0.931 | Teacher Test Acc: 72.710 | Student Test Loss: 1.536 | Student Test Acc: 59.920 | Teacher Test F1: 0.726 | Student Test F1: 0.592 | Teacher Top 5 Accuracy: 0.934 | Student Top 5 Accuracy: 0.859 | Time: 2.584 | 
Running student landscape probe...
[Train] Epoch: 70 | Teacher lr=0.1284 | Teacher Loss: 0.678 | Teacher Train Acc: 91.156 | Student lr=0.1284 | Student Train Acc: 79.596 | Time: 141.690 |
[Eval] Epoch: 70 | Teacher Test Loss: 0.888 | Teacher Test Acc: 74.120 | Student Test Loss: 1.372 | Student Test Acc: 62.760 | Teacher Test F1: 0.742 | Student Test F1: 0.633 | Teacher Top 5 Accuracy: 0.940 | Student Top 5 Accuracy: 0.882 | Time: 2.616 | 
Running student landscape probe...
[Train] Epoch: 71 | Teacher lr=0.1170 | Teacher Loss: 0.650 | Teacher Train Acc: 91.924 | Student lr=0.1170 | Student Train Acc: 80.248 | Time: 143.088 |
[Eval] Epoch: 71 | Teacher Test Loss: 0.884 | Teacher Test Acc: 74.690 | Student Test Loss: 1.434 | Student Test Acc: 62.030 | Teacher Test F1: 0.747 | Student Test F1: 0.622 | Teacher Top 5 Accuracy: 0.938 | Student Top 5 Accuracy: 0.872 | Time: 2.569 | 
Running student landscape probe...
[Train] Epoch: 72 | Teacher lr=0.1060 | Teacher Loss: 0.623 | Teacher Train Acc: 92.834 | Student lr=0.1060 | Student Train Acc: 81.154 | Time: 141.223 |
[Eval] Epoch: 72 | Teacher Test Loss: 0.885 | Teacher Test Acc: 74.380 | Student Test Loss: 1.312 | Student Test Acc: 63.930 | Teacher Test F1: 0.744 | Student Test F1: 0.638 | Teacher Top 5 Accuracy: 0.942 | Student Top 5 Accuracy: 0.889 | Time: 2.541 | 
Running student landscape probe...
[Train] Epoch: 73 | Teacher lr=0.0955 | Teacher Loss: 0.596 | Teacher Train Acc: 93.622 | Student lr=0.0955 | Student Train Acc: 81.586 | Time: 141.055 |
[Eval] Epoch: 73 | Teacher Test Loss: 0.863 | Teacher Test Acc: 75.050 | Student Test Loss: 1.324 | Student Test Acc: 64.350 | Teacher Test F1: 0.751 | Student Test F1: 0.642 | Teacher Top 5 Accuracy: 0.943 | Student Top 5 Accuracy: 0.887 | Time: 2.587 | 
Running student landscape probe...
[Train] Epoch: 74 | Teacher lr=0.0855 | Teacher Loss: 0.568 | Teacher Train Acc: 94.506 | Student lr=0.0855 | Student Train Acc: 82.528 | Time: 141.601 |
[Eval] Epoch: 74 | Teacher Test Loss: 0.868 | Teacher Test Acc: 74.960 | Student Test Loss: 1.285 | Student Test Acc: 64.790 | Teacher Test F1: 0.751 | Student Test F1: 0.647 | Teacher Top 5 Accuracy: 0.940 | Student Top 5 Accuracy: 0.896 | Time: 2.502 | 
Running student landscape probe...
[Train] Epoch: 75 | Teacher lr=0.0760 | Teacher Loss: 0.543 | Teacher Train Acc: 95.296 | Student lr=0.0760 | Student Train Acc: 83.208 | Time: 141.123 |
[Eval] Epoch: 75 | Teacher Test Loss: 0.853 | Teacher Test Acc: 75.420 | Student Test Loss: 1.331 | Student Test Acc: 64.340 | Teacher Test F1: 0.754 | Student Test F1: 0.644 | Teacher Top 5 Accuracy: 0.943 | Student Top 5 Accuracy: 0.894 | Time: 2.549 | 
Running student landscape probe...
[Train] Epoch: 76 | Teacher lr=0.0670 | Teacher Loss: 0.517 | Teacher Train Acc: 95.936 | Student lr=0.0670 | Student Train Acc: 84.002 | Time: 142.576 |
[Eval] Epoch: 76 | Teacher Test Loss: 0.846 | Teacher Test Acc: 75.620 | Student Test Loss: 1.351 | Student Test Acc: 63.580 | Teacher Test F1: 0.756 | Student Test F1: 0.638 | Teacher Top 5 Accuracy: 0.945 | Student Top 5 Accuracy: 0.886 | Time: 2.631 | 
Running student landscape probe...
[Train] Epoch: 77 | Teacher lr=0.0585 | Teacher Loss: 0.488 | Teacher Train Acc: 96.630 | Student lr=0.0585 | Student Train Acc: 85.178 | Time: 142.745 |
[Eval] Epoch: 77 | Teacher Test Loss: 0.827 | Teacher Test Acc: 75.960 | Student Test Loss: 1.258 | Student Test Acc: 66.160 | Teacher Test F1: 0.759 | Student Test F1: 0.663 | Teacher Top 5 Accuracy: 0.946 | Student Top 5 Accuracy: 0.904 | Time: 2.539 | 
Running student landscape probe...
[Train] Epoch: 78 | Teacher lr=0.0506 | Teacher Loss: 0.469 | Teacher Train Acc: 97.020 | Student lr=0.0506 | Student Train Acc: 85.770 | Time: 142.980 |
[Eval] Epoch: 78 | Teacher Test Loss: 0.834 | Teacher Test Acc: 76.040 | Student Test Loss: 1.241 | Student Test Acc: 66.680 | Teacher Test F1: 0.761 | Student Test F1: 0.667 | Teacher Top 5 Accuracy: 0.944 | Student Top 5 Accuracy: 0.904 | Time: 2.512 | 
Running student landscape probe...
[Train] Epoch: 79 | Teacher lr=0.0432 | Teacher Loss: 0.443 | Teacher Train Acc: 97.598 | Student lr=0.0432 | Student Train Acc: 86.604 | Time: 142.294 |
[Eval] Epoch: 79 | Teacher Test Loss: 0.819 | Teacher Test Acc: 76.690 | Student Test Loss: 1.204 | Student Test Acc: 67.080 | Teacher Test F1: 0.767 | Student Test F1: 0.672 | Teacher Top 5 Accuracy: 0.946 | Student Top 5 Accuracy: 0.907 | Time: 2.645 | 
Running student landscape probe...
[Train] Epoch: 80 | Teacher lr=0.0364 | Teacher Loss: 0.423 | Teacher Train Acc: 97.844 | Student lr=0.0364 | Student Train Acc: 87.844 | Time: 141.524 |
[Eval] Epoch: 80 | Teacher Test Loss: 0.825 | Teacher Test Acc: 76.470 | Student Test Loss: 1.198 | Student Test Acc: 67.850 | Teacher Test F1: 0.765 | Student Test F1: 0.680 | Teacher Top 5 Accuracy: 0.945 | Student Top 5 Accuracy: 0.910 | Time: 2.642 | 
Running student landscape probe...
[Train] Epoch: 81 | Teacher lr=0.0302 | Teacher Loss: 0.400 | Teacher Train Acc: 98.212 | Student lr=0.0302 | Student Train Acc: 88.336 | Time: 142.327 |
[Eval] Epoch: 81 | Teacher Test Loss: 0.813 | Teacher Test Acc: 76.630 | Student Test Loss: 1.219 | Student Test Acc: 68.010 | Teacher Test F1: 0.767 | Student Test F1: 0.679 | Teacher Top 5 Accuracy: 0.947 | Student Top 5 Accuracy: 0.906 | Time: 2.599 | 
Running student landscape probe...
[Train] Epoch: 82 | Teacher lr=0.0245 | Teacher Loss: 0.381 | Teacher Train Acc: 98.520 | Student lr=0.0245 | Student Train Acc: 89.466 | Time: 142.341 |
[Eval] Epoch: 82 | Teacher Test Loss: 0.815 | Teacher Test Acc: 76.700 | Student Test Loss: 1.202 | Student Test Acc: 68.050 | Teacher Test F1: 0.767 | Student Test F1: 0.682 | Teacher Top 5 Accuracy: 0.947 | Student Top 5 Accuracy: 0.911 | Time: 2.475 | 
Running student landscape probe...
[Train] Epoch: 83 | Teacher lr=0.0194 | Teacher Loss: 0.363 | Teacher Train Acc: 98.584 | Student lr=0.0194 | Student Train Acc: 90.442 | Time: 142.671 |
[Eval] Epoch: 83 | Teacher Test Loss: 0.809 | Teacher Test Acc: 76.800 | Student Test Loss: 1.171 | Student Test Acc: 68.720 | Teacher Test F1: 0.768 | Student Test F1: 0.687 | Teacher Top 5 Accuracy: 0.946 | Student Top 5 Accuracy: 0.915 | Time: 2.578 | 
Running student landscape probe...
[Train] Epoch: 84 | Teacher lr=0.0149 | Teacher Loss: 0.349 | Teacher Train Acc: 98.856 | Student lr=0.0149 | Student Train Acc: 91.052 | Time: 141.949 |
[Eval] Epoch: 84 | Teacher Test Loss: 0.815 | Teacher Test Acc: 76.770 | Student Test Loss: 1.163 | Student Test Acc: 69.310 | Teacher Test F1: 0.768 | Student Test F1: 0.693 | Teacher Top 5 Accuracy: 0.949 | Student Top 5 Accuracy: 0.916 | Time: 2.557 | 
Running student landscape probe...
[Train] Epoch: 85 | Teacher lr=0.0109 | Teacher Loss: 0.332 | Teacher Train Acc: 98.936 | Student lr=0.0109 | Student Train Acc: 91.708 | Time: 143.429 |
[Eval] Epoch: 85 | Teacher Test Loss: 0.811 | Teacher Test Acc: 77.130 | Student Test Loss: 1.156 | Student Test Acc: 69.760 | Teacher Test F1: 0.771 | Student Test F1: 0.697 | Teacher Top 5 Accuracy: 0.948 | Student Top 5 Accuracy: 0.916 | Time: 2.577 | 
Running student landscape probe...
[Train] Epoch: 86 | Teacher lr=0.0076 | Teacher Loss: 0.318 | Teacher Train Acc: 99.092 | Student lr=0.0076 | Student Train Acc: 92.342 | Time: 140.868 |
[Eval] Epoch: 86 | Teacher Test Loss: 0.811 | Teacher Test Acc: 77.070 | Student Test Loss: 1.138 | Student Test Acc: 70.120 | Teacher Test F1: 0.771 | Student Test F1: 0.701 | Teacher Top 5 Accuracy: 0.949 | Student Top 5 Accuracy: 0.917 | Time: 2.536 | 
Running student landscape probe...
[Train] Epoch: 87 | Teacher lr=0.0049 | Teacher Loss: 0.311 | Teacher Train Acc: 99.072 | Student lr=0.0049 | Student Train Acc: 92.700 | Time: 142.857 |
[Eval] Epoch: 87 | Teacher Test Loss: 0.809 | Teacher Test Acc: 77.090 | Student Test Loss: 1.132 | Student Test Acc: 70.160 | Teacher Test F1: 0.771 | Student Test F1: 0.702 | Teacher Top 5 Accuracy: 0.948 | Student Top 5 Accuracy: 0.918 | Time: 2.572 | 
Running student landscape probe...
[Train] Epoch: 88 | Teacher lr=0.0027 | Teacher Loss: 0.306 | Teacher Train Acc: 99.160 | Student lr=0.0027 | Student Train Acc: 92.872 | Time: 143.098 |
[Eval] Epoch: 88 | Teacher Test Loss: 0.810 | Teacher Test Acc: 77.000 | Student Test Loss: 1.131 | Student Test Acc: 70.190 | Teacher Test F1: 0.770 | Student Test F1: 0.702 | Teacher Top 5 Accuracy: 0.948 | Student Top 5 Accuracy: 0.919 | Time: 2.582 | 
Running student landscape probe...
[Train] Epoch: 89 | Teacher lr=0.0012 | Teacher Loss: 0.300 | Teacher Train Acc: 99.214 | Student lr=0.0012 | Student Train Acc: 93.186 | Time: 142.616 |
[Eval] Epoch: 89 | Teacher Test Loss: 0.809 | Teacher Test Acc: 77.110 | Student Test Loss: 1.124 | Student Test Acc: 70.430 | Teacher Test F1: 0.771 | Student Test F1: 0.704 | Teacher Top 5 Accuracy: 0.949 | Student Top 5 Accuracy: 0.919 | Time: 2.556 | 
Running student landscape probe...
[Train] Epoch: 90 | Teacher lr=0.0003 | Teacher Loss: 0.297 | Teacher Train Acc: 99.224 | Student lr=0.0003 | Student Train Acc: 93.446 | Time: 134.876 |
[Eval] Epoch: 90 | Teacher Test Loss: 0.809 | Teacher Test Acc: 77.170 | Student Test Loss: 1.125 | Student Test Acc: 70.300 | Teacher Test F1: 0.772 | Student Test F1: 0.703 | Teacher Top 5 Accuracy: 0.949 | Student Top 5 Accuracy: 0.919 | Time: 1.417 | 
Running student landscape probe...
ckpt location: ckpt/robust12h_mlspace/O6_cosine_long90_seed2_90ep.pt
