depth_list: [110, 20]
Dataset information: cifar100	 50000 images for training 	 10000 images for testing	
teacher depth: 110
student depth: 20
Total number of teacher parameters: 1,169,972
Total number of student parameters: 278,132
Snapshots will be saved to: snapshots/robust12h_mlspace/O6_cosine_long90_seed4_90ep
==== train and evaluate unequal restart ====
[Eval] Epoch: 0 | Teacher Test Loss: 8723.027 | Teacher Test Acc: 1.000 | Student Test Loss: 5.114 | Student Test Acc: 0.930 | Teacher Test F1: 0.000 | Student Test F1: 0.001 | Teacher Top 5 Accuracy: 0.050 | Student Top 5 Accuracy: 0.051 | Time: 2.958 | 
Running student landscape probe...
[Train] Epoch: 1 | Teacher lr=1.0000 | Teacher Loss: 4.092 | Teacher Train Acc: 10.206 | Student lr=1.0000 | Student Train Acc: 22.382 | Time: 142.732 |
[Eval] Epoch: 1 | Teacher Test Loss: 3.542 | Teacher Test Acc: 14.970 | Student Test Loss: 3.689 | Student Test Acc: 16.730 | Teacher Test F1: 0.119 | Student Test F1: 0.171 | Teacher Top 5 Accuracy: 0.417 | Student Top 5 Accuracy: 0.460 | Time: 2.382 | 
Running student landscape probe...
[Train] Epoch: 2 | Teacher lr=0.9997 | Teacher Loss: 3.393 | Teacher Train Acc: 23.238 | Student lr=0.9997 | Student Train Acc: 42.662 | Time: 138.073 |
[Eval] Epoch: 2 | Teacher Test Loss: 3.050 | Teacher Test Acc: 25.060 | Student Test Loss: 2.808 | Student Test Acc: 30.470 | Teacher Test F1: 0.228 | Student Test F1: 0.285 | Teacher Top 5 Accuracy: 0.582 | Student Top 5 Accuracy: 0.628 | Time: 2.235 | 
Running student landscape probe...
[Train] Epoch: 3 | Teacher lr=0.9988 | Teacher Loss: 2.806 | Teacher Train Acc: 34.254 | Student lr=0.9988 | Student Train Acc: 49.088 | Time: 143.232 |
[Eval] Epoch: 3 | Teacher Test Loss: 2.755 | Teacher Test Acc: 30.350 | Student Test Loss: 2.847 | Student Test Acc: 30.860 | Teacher Test F1: 0.287 | Student Test F1: 0.288 | Teacher Top 5 Accuracy: 0.628 | Student Top 5 Accuracy: 0.614 | Time: 2.206 | 
Running student landscape probe...
[Train] Epoch: 4 | Teacher lr=0.9973 | Teacher Loss: 2.444 | Teacher Train Acc: 41.964 | Student lr=0.9973 | Student Train Acc: 52.660 | Time: 137.337 |
[Eval] Epoch: 4 | Teacher Test Loss: 2.422 | Teacher Test Acc: 36.540 | Student Test Loss: 2.266 | Student Test Acc: 39.180 | Teacher Test F1: 0.361 | Student Test F1: 0.380 | Teacher Top 5 Accuracy: 0.707 | Student Top 5 Accuracy: 0.728 | Time: 2.187 | 
Running student landscape probe...
[Train] Epoch: 5 | Teacher lr=0.9951 | Teacher Loss: 2.251 | Teacher Train Acc: 46.474 | Student lr=0.9951 | Student Train Acc: 54.768 | Time: 140.444 |
[Eval] Epoch: 5 | Teacher Test Loss: 2.085 | Teacher Test Acc: 43.250 | Student Test Loss: 2.644 | Student Test Acc: 35.010 | Teacher Test F1: 0.430 | Student Test F1: 0.357 | Teacher Top 5 Accuracy: 0.761 | Student Top 5 Accuracy: 0.688 | Time: 2.147 | 
Running student landscape probe...
[Train] Epoch: 6 | Teacher lr=0.9924 | Teacher Loss: 2.118 | Teacher Train Acc: 49.916 | Student lr=0.9924 | Student Train Acc: 56.436 | Time: 139.249 |
[Eval] Epoch: 6 | Teacher Test Loss: 2.161 | Teacher Test Acc: 42.280 | Student Test Loss: 4.291 | Student Test Acc: 22.920 | Teacher Test F1: 0.415 | Student Test F1: 0.221 | Teacher Top 5 Accuracy: 0.758 | Student Top 5 Accuracy: 0.464 | Time: 2.168 | 
Running student landscape probe...
[Train] Epoch: 7 | Teacher lr=0.9891 | Teacher Loss: 2.031 | Teacher Train Acc: 52.308 | Student lr=0.9891 | Student Train Acc: 57.416 | Time: 140.623 |
[Eval] Epoch: 7 | Teacher Test Loss: 2.288 | Teacher Test Acc: 41.440 | Student Test Loss: 2.565 | Student Test Acc: 37.390 | Teacher Test F1: 0.406 | Student Test F1: 0.367 | Teacher Top 5 Accuracy: 0.730 | Student Top 5 Accuracy: 0.689 | Time: 2.170 | 
Running student landscape probe...
[Train] Epoch: 8 | Teacher lr=0.9851 | Teacher Loss: 2.170 | Teacher Train Acc: 49.740 | Student lr=0.9851 | Student Train Acc: 57.568 | Time: 143.601 |
[Eval] Epoch: 8 | Teacher Test Loss: 2.192 | Teacher Test Acc: 42.770 | Student Test Loss: 2.918 | Student Test Acc: 33.140 | Teacher Test F1: 0.422 | Student Test F1: 0.311 | Teacher Top 5 Accuracy: 0.743 | Student Top 5 Accuracy: 0.634 | Time: 2.295 | 
Running student landscape probe...
[Train] Epoch: 9 | Teacher lr=0.9806 | Teacher Loss: 1.902 | Teacher Train Acc: 55.618 | Student lr=0.9806 | Student Train Acc: 58.502 | Time: 143.387 |
[Eval] Epoch: 9 | Teacher Test Loss: 1.973 | Teacher Test Acc: 46.800 | Student Test Loss: 3.874 | Student Test Acc: 24.510 | Teacher Test F1: 0.461 | Student Test F1: 0.218 | Teacher Top 5 Accuracy: 0.785 | Student Top 5 Accuracy: 0.499 | Time: 2.185 | 
Running student landscape probe...
[Train] Epoch: 10 | Teacher lr=0.9755 | Teacher Loss: 1.850 | Teacher Train Acc: 56.578 | Student lr=0.9755 | Student Train Acc: 58.876 | Time: 142.659 |
[Eval] Epoch: 10 | Teacher Test Loss: 1.876 | Teacher Test Acc: 49.240 | Student Test Loss: 2.235 | Student Test Acc: 41.050 | Teacher Test F1: 0.477 | Student Test F1: 0.403 | Teacher Top 5 Accuracy: 0.797 | Student Top 5 Accuracy: 0.744 | Time: 2.252 | 
Running student landscape probe...
[Train] Epoch: 11 | Teacher lr=0.9698 | Teacher Loss: 1.974 | Teacher Train Acc: 54.400 | Student lr=0.9698 | Student Train Acc: 59.044 | Time: 140.132 |
[Eval] Epoch: 11 | Teacher Test Loss: 1.849 | Teacher Test Acc: 49.820 | Student Test Loss: 5.811 | Student Test Acc: 15.470 | Teacher Test F1: 0.488 | Student Test F1: 0.151 | Teacher Top 5 Accuracy: 0.802 | Student Top 5 Accuracy: 0.367 | Time: 2.454 | 
Running student landscape probe...
[Train] Epoch: 12 | Teacher lr=0.9636 | Teacher Loss: 1.785 | Teacher Train Acc: 58.430 | Student lr=0.9636 | Student Train Acc: 59.654 | Time: 140.771 |
[Eval] Epoch: 12 | Teacher Test Loss: 1.704 | Teacher Test Acc: 53.200 | Student Test Loss: 2.270 | Student Test Acc: 42.380 | Teacher Test F1: 0.523 | Student Test F1: 0.414 | Teacher Top 5 Accuracy: 0.827 | Student Top 5 Accuracy: 0.742 | Time: 2.318 | 
Running student landscape probe...
[Train] Epoch: 13 | Teacher lr=0.9568 | Teacher Loss: 1.732 | Teacher Train Acc: 59.846 | Student lr=0.9568 | Student Train Acc: 60.314 | Time: 138.354 |
[Eval] Epoch: 13 | Teacher Test Loss: 1.849 | Teacher Test Acc: 49.360 | Student Test Loss: 2.145 | Student Test Acc: 43.910 | Teacher Test F1: 0.490 | Student Test F1: 0.431 | Teacher Top 5 Accuracy: 0.807 | Student Top 5 Accuracy: 0.752 | Time: 2.155 | 
Running student landscape probe...
[Train] Epoch: 14 | Teacher lr=0.9494 | Teacher Loss: 1.715 | Teacher Train Acc: 60.354 | Student lr=0.9494 | Student Train Acc: 60.514 | Time: 142.041 |
[Eval] Epoch: 14 | Teacher Test Loss: 1.635 | Teacher Test Acc: 53.930 | Student Test Loss: 2.385 | Student Test Acc: 39.560 | Teacher Test F1: 0.541 | Student Test F1: 0.393 | Teacher Top 5 Accuracy: 0.842 | Student Top 5 Accuracy: 0.719 | Time: 2.192 | 
Running student landscape probe...
[Train] Epoch: 15 | Teacher lr=0.9415 | Teacher Loss: 1.690 | Teacher Train Acc: 61.472 | Student lr=0.9415 | Student Train Acc: 61.150 | Time: 144.371 |
[Eval] Epoch: 15 | Teacher Test Loss: 1.781 | Teacher Test Acc: 50.350 | Student Test Loss: 4.062 | Student Test Acc: 25.270 | Teacher Test F1: 0.507 | Student Test F1: 0.254 | Teacher Top 5 Accuracy: 0.817 | Student Top 5 Accuracy: 0.525 | Time: 2.225 | 
Running student landscape probe...
[Train] Epoch: 16 | Teacher lr=0.9330 | Teacher Loss: 4.522 | Teacher Train Acc: 10.998 | Student lr=0.9330 | Student Train Acc: 60.202 | Time: 143.739 |
[Eval] Epoch: 16 | Teacher Test Loss: 3.649 | Teacher Test Acc: 15.030 | Student Test Loss: 2.304 | Student Test Acc: 40.990 | Teacher Test F1: 0.122 | Student Test F1: 0.412 | Teacher Top 5 Accuracy: 0.390 | Student Top 5 Accuracy: 0.719 | Time: 2.156 | 
Running student landscape probe...
[Train] Epoch: 17 | Teacher lr=0.9240 | Teacher Loss: 2.746 | Teacher Train Acc: 38.658 | Student lr=0.9240 | Student Train Acc: 58.800 | Time: 144.410 |
[Eval] Epoch: 17 | Teacher Test Loss: 2.099 | Teacher Test Acc: 43.720 | Student Test Loss: 2.187 | Student Test Acc: 42.710 | Teacher Test F1: 0.439 | Student Test F1: 0.416 | Teacher Top 5 Accuracy: 0.762 | Student Top 5 Accuracy: 0.753 | Time: 2.205 | 
Running student landscape probe...
[Train] Epoch: 18 | Teacher lr=0.9145 | Teacher Loss: 1.777 | Teacher Train Acc: 58.850 | Student lr=0.9145 | Student Train Acc: 60.740 | Time: 144.076 |
[Eval] Epoch: 18 | Teacher Test Loss: 1.661 | Teacher Test Acc: 53.390 | Student Test Loss: 2.250 | Student Test Acc: 41.700 | Teacher Test F1: 0.531 | Student Test F1: 0.412 | Teacher Top 5 Accuracy: 0.840 | Student Top 5 Accuracy: 0.748 | Time: 2.252 | 
Running student landscape probe...
[Train] Epoch: 19 | Teacher lr=0.9045 | Teacher Loss: 1.835 | Teacher Train Acc: 58.920 | Student lr=0.9045 | Student Train Acc: 61.374 | Time: 142.548 |
[Eval] Epoch: 19 | Teacher Test Loss: 5.832 | Teacher Test Acc: 1.150 | Student Test Loss: 2.173 | Student Test Acc: 45.870 | Teacher Test F1: 0.002 | Student Test F1: 0.456 | Teacher Top 5 Accuracy: 0.065 | Student Top 5 Accuracy: 0.772 | Time: 2.416 | 
Running student landscape probe...
[Train] Epoch: 20 | Teacher lr=0.8940 | Teacher Loss: 5.240 | Teacher Train Acc: 2.214 | Student lr=0.8940 | Student Train Acc: 61.240 | Time: 137.336 |
[Eval] Epoch: 20 | Teacher Test Loss: 4.507 | Teacher Test Acc: 2.380 | Student Test Loss: 2.986 | Student Test Acc: 28.960 | Teacher Test F1: 0.006 | Student Test F1: 0.289 | Teacher Top 5 Accuracy: 0.108 | Student Top 5 Accuracy: 0.583 | Time: 2.405 | 
Running student landscape probe...
[Train] Epoch: 21 | Teacher lr=0.8830 | Teacher Loss: 5.190 | Teacher Train Acc: 2.570 | Student lr=0.8830 | Student Train Acc: 60.040 | Time: 141.280 |
[Eval] Epoch: 21 | Teacher Test Loss: 4.551 | Teacher Test Acc: 1.860 | Student Test Loss: 2.617 | Student Test Acc: 37.220 | Teacher Test F1: 0.004 | Student Test F1: 0.367 | Teacher Top 5 Accuracy: 0.085 | Student Top 5 Accuracy: 0.680 | Time: 2.169 | 
Running student landscape probe...
[Train] Epoch: 22 | Teacher lr=0.8716 | Teacher Loss: 5.173 | Teacher Train Acc: 2.658 | Student lr=0.8716 | Student Train Acc: 59.886 | Time: 141.180 |
[Eval] Epoch: 22 | Teacher Test Loss: 4.451 | Teacher Test Acc: 2.610 | Student Test Loss: 2.619 | Student Test Acc: 37.350 | Teacher Test F1: 0.007 | Student Test F1: 0.370 | Teacher Top 5 Accuracy: 0.123 | Student Top 5 Accuracy: 0.663 | Time: 2.257 | 
Running student landscape probe...
[Train] Epoch: 23 | Teacher lr=0.8597 | Teacher Loss: 4.930 | Teacher Train Acc: 4.866 | Student lr=0.8597 | Student Train Acc: 59.868 | Time: 143.861 |
[Eval] Epoch: 23 | Teacher Test Loss: 4.174 | Teacher Test Acc: 6.120 | Student Test Loss: 2.793 | Student Test Acc: 31.760 | Teacher Test F1: 0.031 | Student Test F1: 0.312 | Teacher Top 5 Accuracy: 0.223 | Student Top 5 Accuracy: 0.629 | Time: 2.153 | 
Running student landscape probe...
[Train] Epoch: 24 | Teacher lr=0.8473 | Teacher Loss: 4.760 | Teacher Train Acc: 6.580 | Student lr=0.8473 | Student Train Acc: 60.016 | Time: 141.229 |
[Eval] Epoch: 24 | Teacher Test Loss: 4.058 | Teacher Test Acc: 7.710 | Student Test Loss: 2.486 | Student Test Acc: 39.250 | Teacher Test F1: 0.044 | Student Test F1: 0.374 | Teacher Top 5 Accuracy: 0.261 | Student Top 5 Accuracy: 0.681 | Time: 2.209 | 
Running student landscape probe...
[Train] Epoch: 25 | Teacher lr=0.8346 | Teacher Loss: 4.577 | Teacher Train Acc: 8.316 | Student lr=0.8346 | Student Train Acc: 60.038 | Time: 142.434 |
[Eval] Epoch: 25 | Teacher Test Loss: 3.894 | Teacher Test Acc: 9.060 | Student Test Loss: 2.646 | Student Test Acc: 33.980 | Teacher Test F1: 0.063 | Student Test F1: 0.344 | Teacher Top 5 Accuracy: 0.294 | Student Top 5 Accuracy: 0.663 | Time: 2.242 | 
Running student landscape probe...
[Train] Epoch: 26 | Teacher lr=0.8214 | Teacher Loss: 4.375 | Teacher Train Acc: 11.370 | Student lr=0.8214 | Student Train Acc: 59.782 | Time: 144.331 |
[Eval] Epoch: 26 | Teacher Test Loss: 3.764 | Teacher Test Acc: 11.870 | Student Test Loss: 2.656 | Student Test Acc: 33.880 | Teacher Test F1: 0.093 | Student Test F1: 0.347 | Teacher Top 5 Accuracy: 0.347 | Student Top 5 Accuracy: 0.656 | Time: 2.161 | 
Running student landscape probe...
[Train] Epoch: 27 | Teacher lr=0.8078 | Teacher Loss: 4.131 | Teacher Train Acc: 15.042 | Student lr=0.8078 | Student Train Acc: 60.362 | Time: 143.281 |
[Eval] Epoch: 27 | Teacher Test Loss: 3.580 | Teacher Test Acc: 14.410 | Student Test Loss: 2.436 | Student Test Acc: 37.710 | Teacher Test F1: 0.117 | Student Test F1: 0.380 | Teacher Top 5 Accuracy: 0.395 | Student Top 5 Accuracy: 0.695 | Time: 2.192 | 
Running student landscape probe...
[Train] Epoch: 28 | Teacher lr=0.7939 | Teacher Loss: 3.707 | Teacher Train Acc: 21.180 | Student lr=0.7939 | Student Train Acc: 60.240 | Time: 142.465 |
[Eval] Epoch: 28 | Teacher Test Loss: 3.407 | Teacher Test Acc: 18.780 | Student Test Loss: 2.285 | Student Test Acc: 41.190 | Teacher Test F1: 0.173 | Student Test F1: 0.412 | Teacher Top 5 Accuracy: 0.478 | Student Top 5 Accuracy: 0.721 | Time: 2.416 | 
Running student landscape probe...
[Train] Epoch: 29 | Teacher lr=0.7796 | Teacher Loss: 3.181 | Teacher Train Acc: 29.086 | Student lr=0.7796 | Student Train Acc: 60.578 | Time: 144.088 |
[Eval] Epoch: 29 | Teacher Test Loss: 3.018 | Teacher Test Acc: 25.710 | Student Test Loss: 1.885 | Student Test Acc: 49.300 | Teacher Test F1: 0.239 | Student Test F1: 0.492 | Teacher Top 5 Accuracy: 0.571 | Student Top 5 Accuracy: 0.798 | Time: 2.185 | 
Running student landscape probe...
[Train] Epoch: 30 | Teacher lr=0.7650 | Teacher Loss: 2.771 | Teacher Train Acc: 36.770 | Student lr=0.7650 | Student Train Acc: 60.918 | Time: 142.505 |
[Eval] Epoch: 30 | Teacher Test Loss: 2.648 | Teacher Test Acc: 31.670 | Student Test Loss: 2.134 | Student Test Acc: 43.230 | Teacher Test F1: 0.309 | Student Test F1: 0.423 | Teacher Top 5 Accuracy: 0.676 | Student Top 5 Accuracy: 0.753 | Time: 2.241 | 
Running student landscape probe...
[Train] Epoch: 31 | Teacher lr=0.7500 | Teacher Loss: 2.494 | Teacher Train Acc: 42.346 | Student lr=0.7500 | Student Train Acc: 61.270 | Time: 143.582 |
[Eval] Epoch: 31 | Teacher Test Loss: 2.322 | Teacher Test Acc: 38.720 | Student Test Loss: 2.460 | Student Test Acc: 38.190 | Teacher Test F1: 0.375 | Student Test F1: 0.406 | Teacher Top 5 Accuracy: 0.723 | Student Top 5 Accuracy: 0.737 | Time: 2.215 | 
Running student landscape probe...
[Train] Epoch: 32 | Teacher lr=0.7347 | Teacher Loss: 2.319 | Teacher Train Acc: 45.902 | Student lr=0.7347 | Student Train Acc: 61.702 | Time: 142.828 |
[Eval] Epoch: 32 | Teacher Test Loss: 2.942 | Teacher Test Acc: 30.320 | Student Test Loss: 2.387 | Student Test Acc: 39.370 | Teacher Test F1: 0.297 | Student Test F1: 0.379 | Teacher Top 5 Accuracy: 0.642 | Student Top 5 Accuracy: 0.704 | Time: 2.157 | 
Running student landscape probe...
[Train] Epoch: 33 | Teacher lr=0.7192 | Teacher Loss: 2.194 | Teacher Train Acc: 48.736 | Student lr=0.7192 | Student Train Acc: 62.606 | Time: 144.188 |
[Eval] Epoch: 33 | Teacher Test Loss: 2.270 | Teacher Test Acc: 40.390 | Student Test Loss: 2.047 | Student Test Acc: 44.690 | Teacher Test F1: 0.403 | Student Test F1: 0.458 | Teacher Top 5 Accuracy: 0.739 | Student Top 5 Accuracy: 0.773 | Time: 2.138 | 
Running student landscape probe...
[Train] Epoch: 34 | Teacher lr=0.7034 | Teacher Loss: 2.103 | Teacher Train Acc: 50.770 | Student lr=0.7034 | Student Train Acc: 63.044 | Time: 142.929 |
[Eval] Epoch: 34 | Teacher Test Loss: 2.138 | Teacher Test Acc: 42.640 | Student Test Loss: 2.222 | Student Test Acc: 42.580 | Teacher Test F1: 0.422 | Student Test F1: 0.423 | Teacher Top 5 Accuracy: 0.755 | Student Top 5 Accuracy: 0.743 | Time: 2.501 | 
Running student landscape probe...
[Train] Epoch: 35 | Teacher lr=0.6873 | Teacher Loss: 2.015 | Teacher Train Acc: 52.862 | Student lr=0.6873 | Student Train Acc: 63.312 | Time: 144.159 |
[Eval] Epoch: 35 | Teacher Test Loss: 2.163 | Teacher Test Acc: 42.340 | Student Test Loss: 2.047 | Student Test Acc: 45.600 | Teacher Test F1: 0.417 | Student Test F1: 0.455 | Teacher Top 5 Accuracy: 0.762 | Student Top 5 Accuracy: 0.769 | Time: 2.199 | 
Running student landscape probe...
[Train] Epoch: 36 | Teacher lr=0.6710 | Teacher Loss: 1.955 | Teacher Train Acc: 54.020 | Student lr=0.6710 | Student Train Acc: 63.592 | Time: 144.278 |
[Eval] Epoch: 36 | Teacher Test Loss: 1.933 | Teacher Test Acc: 47.820 | Student Test Loss: 2.314 | Student Test Acc: 40.110 | Teacher Test F1: 0.469 | Student Test F1: 0.391 | Teacher Top 5 Accuracy: 0.789 | Student Top 5 Accuracy: 0.728 | Time: 2.283 | 
Running student landscape probe...
[Train] Epoch: 37 | Teacher lr=0.6545 | Teacher Loss: 1.888 | Teacher Train Acc: 56.188 | Student lr=0.6545 | Student Train Acc: 64.218 | Time: 142.618 |
[Eval] Epoch: 37 | Teacher Test Loss: 1.920 | Teacher Test Acc: 47.700 | Student Test Loss: 2.060 | Student Test Acc: 46.250 | Teacher Test F1: 0.468 | Student Test F1: 0.453 | Teacher Top 5 Accuracy: 0.797 | Student Top 5 Accuracy: 0.767 | Time: 2.189 | 
Running student landscape probe...
[Train] Epoch: 38 | Teacher lr=0.6378 | Teacher Loss: 1.820 | Teacher Train Acc: 57.434 | Student lr=0.6378 | Student Train Acc: 64.818 | Time: 142.255 |
[Eval] Epoch: 38 | Teacher Test Loss: 1.774 | Teacher Test Acc: 51.720 | Student Test Loss: 2.754 | Student Test Acc: 32.720 | Teacher Test F1: 0.512 | Student Test F1: 0.333 | Teacher Top 5 Accuracy: 0.820 | Student Top 5 Accuracy: 0.660 | Time: 2.212 | 
Running student landscape probe...
[Train] Epoch: 39 | Teacher lr=0.6210 | Teacher Loss: 1.770 | Teacher Train Acc: 58.746 | Student lr=0.6210 | Student Train Acc: 64.874 | Time: 143.840 |
[Eval] Epoch: 39 | Teacher Test Loss: 1.881 | Teacher Test Acc: 49.090 | Student Test Loss: 2.158 | Student Test Acc: 44.430 | Teacher Test F1: 0.485 | Student Test F1: 0.439 | Teacher Top 5 Accuracy: 0.801 | Student Top 5 Accuracy: 0.747 | Time: 2.171 | 
Running student landscape probe...
[Train] Epoch: 40 | Teacher lr=0.6040 | Teacher Loss: 1.712 | Teacher Train Acc: 59.928 | Student lr=0.6040 | Student Train Acc: 65.368 | Time: 142.483 |
[Eval] Epoch: 40 | Teacher Test Loss: 1.637 | Teacher Test Acc: 54.440 | Student Test Loss: 1.996 | Student Test Acc: 47.730 | Teacher Test F1: 0.543 | Student Test F1: 0.472 | Teacher Top 5 Accuracy: 0.845 | Student Top 5 Accuracy: 0.779 | Time: 2.122 | 
Running student landscape probe...
[Train] Epoch: 41 | Teacher lr=0.5868 | Teacher Loss: 1.670 | Teacher Train Acc: 61.260 | Student lr=0.5868 | Student Train Acc: 66.066 | Time: 142.494 |
[Eval] Epoch: 41 | Teacher Test Loss: 1.725 | Teacher Test Acc: 52.630 | Student Test Loss: 1.919 | Student Test Acc: 49.180 | Teacher Test F1: 0.521 | Student Test F1: 0.491 | Teacher Top 5 Accuracy: 0.822 | Student Top 5 Accuracy: 0.806 | Time: 2.393 | 
Running student landscape probe...
[Train] Epoch: 42 | Teacher lr=0.5696 | Teacher Loss: 1.626 | Teacher Train Acc: 62.182 | Student lr=0.5696 | Student Train Acc: 66.310 | Time: 140.352 |
[Eval] Epoch: 42 | Teacher Test Loss: 1.705 | Teacher Test Acc: 52.860 | Student Test Loss: 1.852 | Student Test Acc: 49.960 | Teacher Test F1: 0.526 | Student Test F1: 0.500 | Teacher Top 5 Accuracy: 0.828 | Student Top 5 Accuracy: 0.802 | Time: 2.484 | 
Running student landscape probe...
[Train] Epoch: 43 | Teacher lr=0.5523 | Teacher Loss: 1.596 | Teacher Train Acc: 63.140 | Student lr=0.5523 | Student Train Acc: 66.698 | Time: 144.018 |
[Eval] Epoch: 43 | Teacher Test Loss: 1.502 | Teacher Test Acc: 57.060 | Student Test Loss: 1.682 | Student Test Acc: 53.240 | Teacher Test F1: 0.570 | Student Test F1: 0.532 | Teacher Top 5 Accuracy: 0.861 | Student Top 5 Accuracy: 0.835 | Time: 2.189 | 
Running student landscape probe...
[Train] Epoch: 44 | Teacher lr=0.5349 | Teacher Loss: 1.572 | Teacher Train Acc: 63.736 | Student lr=0.5349 | Student Train Acc: 66.754 | Time: 143.573 |
[Eval] Epoch: 44 | Teacher Test Loss: 1.573 | Teacher Test Acc: 55.220 | Student Test Loss: 1.795 | Student Test Acc: 51.030 | Teacher Test F1: 0.554 | Student Test F1: 0.512 | Teacher Top 5 Accuracy: 0.856 | Student Top 5 Accuracy: 0.819 | Time: 2.210 | 
Running student landscape probe...
[Train] Epoch: 45 | Teacher lr=0.5174 | Teacher Loss: 1.527 | Teacher Train Acc: 65.168 | Student lr=0.5174 | Student Train Acc: 67.080 | Time: 144.153 |
[Eval] Epoch: 45 | Teacher Test Loss: 1.570 | Teacher Test Acc: 56.140 | Student Test Loss: 1.647 | Student Test Acc: 54.620 | Teacher Test F1: 0.558 | Student Test F1: 0.544 | Teacher Top 5 Accuracy: 0.846 | Student Top 5 Accuracy: 0.839 | Time: 2.197 | 
Running student landscape probe...
[Train] Epoch: 46 | Teacher lr=0.5000 | Teacher Loss: 1.504 | Teacher Train Acc: 65.752 | Student lr=0.5000 | Student Train Acc: 67.518 | Time: 144.176 |
[Eval] Epoch: 46 | Teacher Test Loss: 1.531 | Teacher Test Acc: 57.300 | Student Test Loss: 1.809 | Student Test Acc: 51.450 | Teacher Test F1: 0.569 | Student Test F1: 0.510 | Teacher Top 5 Accuracy: 0.852 | Student Top 5 Accuracy: 0.808 | Time: 2.260 | 
Running student landscape probe...
[Train] Epoch: 47 | Teacher lr=0.4826 | Teacher Loss: 1.480 | Teacher Train Acc: 66.194 | Student lr=0.4826 | Student Train Acc: 68.372 | Time: 142.127 |
[Eval] Epoch: 47 | Teacher Test Loss: 1.437 | Teacher Test Acc: 59.510 | Student Test Loss: 2.637 | Student Test Acc: 37.710 | Teacher Test F1: 0.591 | Student Test F1: 0.375 | Teacher Top 5 Accuracy: 0.875 | Student Top 5 Accuracy: 0.669 | Time: 2.376 | 
Running student landscape probe...
[Train] Epoch: 48 | Teacher lr=0.4651 | Teacher Loss: 1.444 | Teacher Train Acc: 67.202 | Student lr=0.4651 | Student Train Acc: 68.384 | Time: 142.390 |
[Eval] Epoch: 48 | Teacher Test Loss: 1.406 | Teacher Test Acc: 60.210 | Student Test Loss: 1.559 | Student Test Acc: 56.150 | Teacher Test F1: 0.600 | Student Test F1: 0.558 | Teacher Top 5 Accuracy: 0.874 | Student Top 5 Accuracy: 0.855 | Time: 2.344 | 
Running student landscape probe...
[Train] Epoch: 49 | Teacher lr=0.4477 | Teacher Loss: 1.418 | Teacher Train Acc: 67.792 | Student lr=0.4477 | Student Train Acc: 68.876 | Time: 143.452 |
[Eval] Epoch: 49 | Teacher Test Loss: 1.543 | Teacher Test Acc: 57.150 | Student Test Loss: 1.655 | Student Test Acc: 54.200 | Teacher Test F1: 0.573 | Student Test F1: 0.537 | Teacher Top 5 Accuracy: 0.866 | Student Top 5 Accuracy: 0.833 | Time: 2.330 | 
Running student landscape probe...
[Train] Epoch: 50 | Teacher lr=0.4304 | Teacher Loss: 1.394 | Teacher Train Acc: 68.502 | Student lr=0.4304 | Student Train Acc: 69.134 | Time: 142.694 |
[Eval] Epoch: 50 | Teacher Test Loss: 1.372 | Teacher Test Acc: 61.100 | Student Test Loss: 1.974 | Student Test Acc: 47.510 | Teacher Test F1: 0.605 | Student Test F1: 0.475 | Teacher Top 5 Accuracy: 0.883 | Student Top 5 Accuracy: 0.785 | Time: 2.279 | 
Running student landscape probe...
[Train] Epoch: 51 | Teacher lr=0.4132 | Teacher Loss: 1.364 | Teacher Train Acc: 69.480 | Student lr=0.4132 | Student Train Acc: 69.582 | Time: 142.390 |
[Eval] Epoch: 51 | Teacher Test Loss: 1.407 | Teacher Test Acc: 60.280 | Student Test Loss: 1.722 | Student Test Acc: 53.330 | Teacher Test F1: 0.602 | Student Test F1: 0.533 | Teacher Top 5 Accuracy: 0.876 | Student Top 5 Accuracy: 0.832 | Time: 2.335 | 
Running student landscape probe...
[Train] Epoch: 52 | Teacher lr=0.3960 | Teacher Loss: 1.338 | Teacher Train Acc: 70.024 | Student lr=0.3960 | Student Train Acc: 69.966 | Time: 143.121 |
[Eval] Epoch: 52 | Teacher Test Loss: 1.344 | Teacher Test Acc: 61.370 | Student Test Loss: 1.649 | Student Test Acc: 55.770 | Teacher Test F1: 0.612 | Student Test F1: 0.554 | Teacher Top 5 Accuracy: 0.888 | Student Top 5 Accuracy: 0.838 | Time: 2.381 | 
Running student landscape probe...
[Train] Epoch: 53 | Teacher lr=0.3790 | Teacher Loss: 1.306 | Teacher Train Acc: 71.006 | Student lr=0.3790 | Student Train Acc: 70.402 | Time: 136.538 |
[Eval] Epoch: 53 | Teacher Test Loss: 1.310 | Teacher Test Acc: 62.380 | Student Test Loss: 1.856 | Student Test Acc: 49.910 | Teacher Test F1: 0.621 | Student Test F1: 0.500 | Teacher Top 5 Accuracy: 0.891 | Student Top 5 Accuracy: 0.809 | Time: 2.327 | 
Running student landscape probe...
[Train] Epoch: 54 | Teacher lr=0.3622 | Teacher Loss: 1.288 | Teacher Train Acc: 71.504 | Student lr=0.3622 | Student Train Acc: 70.932 | Time: 142.734 |
[Eval] Epoch: 54 | Teacher Test Loss: 1.257 | Teacher Test Acc: 63.990 | Student Test Loss: 1.431 | Student Test Acc: 60.010 | Teacher Test F1: 0.641 | Student Test F1: 0.599 | Teacher Top 5 Accuracy: 0.897 | Student Top 5 Accuracy: 0.873 | Time: 2.334 | 
Running student landscape probe...
[Train] Epoch: 55 | Teacher lr=0.3455 | Teacher Loss: 1.250 | Teacher Train Acc: 72.834 | Student lr=0.3455 | Student Train Acc: 71.222 | Time: 136.116 |
[Eval] Epoch: 55 | Teacher Test Loss: 1.367 | Teacher Test Acc: 60.570 | Student Test Loss: 1.495 | Student Test Acc: 57.780 | Teacher Test F1: 0.608 | Student Test F1: 0.579 | Teacher Top 5 Accuracy: 0.887 | Student Top 5 Accuracy: 0.861 | Time: 2.144 | 
Running student landscape probe...
[Train] Epoch: 56 | Teacher lr=0.3290 | Teacher Loss: 1.230 | Teacher Train Acc: 73.110 | Student lr=0.3290 | Student Train Acc: 71.664 | Time: 140.927 |
[Eval] Epoch: 56 | Teacher Test Loss: 1.196 | Teacher Test Acc: 65.090 | Student Test Loss: 1.596 | Student Test Acc: 57.080 | Teacher Test F1: 0.649 | Student Test F1: 0.572 | Teacher Top 5 Accuracy: 0.907 | Student Top 5 Accuracy: 0.854 | Time: 2.323 | 
Running student landscape probe...
[Train] Epoch: 57 | Teacher lr=0.3127 | Teacher Loss: 1.206 | Teacher Train Acc: 73.930 | Student lr=0.3127 | Student Train Acc: 72.512 | Time: 141.196 |
[Eval] Epoch: 57 | Teacher Test Loss: 1.247 | Teacher Test Acc: 63.920 | Student Test Loss: 1.715 | Student Test Acc: 53.980 | Teacher Test F1: 0.636 | Student Test F1: 0.533 | Teacher Top 5 Accuracy: 0.902 | Student Top 5 Accuracy: 0.827 | Time: 2.576 | 
Running student landscape probe...
[Train] Epoch: 58 | Teacher lr=0.2966 | Teacher Loss: 1.175 | Teacher Train Acc: 74.748 | Student lr=0.2966 | Student Train Acc: 72.678 | Time: 142.588 |
[Eval] Epoch: 58 | Teacher Test Loss: 1.178 | Teacher Test Acc: 66.050 | Student Test Loss: 1.561 | Student Test Acc: 57.730 | Teacher Test F1: 0.658 | Student Test F1: 0.570 | Teacher Top 5 Accuracy: 0.905 | Student Top 5 Accuracy: 0.850 | Time: 2.631 | 
Running student landscape probe...
[Train] Epoch: 59 | Teacher lr=0.2808 | Teacher Loss: 1.153 | Teacher Train Acc: 75.414 | Student lr=0.2808 | Student Train Acc: 73.142 | Time: 142.318 |
[Eval] Epoch: 59 | Teacher Test Loss: 1.187 | Teacher Test Acc: 65.990 | Student Test Loss: 1.454 | Student Test Acc: 59.670 | Teacher Test F1: 0.658 | Student Test F1: 0.595 | Teacher Top 5 Accuracy: 0.901 | Student Top 5 Accuracy: 0.870 | Time: 2.505 | 
Running student landscape probe...
[Train] Epoch: 60 | Teacher lr=0.2653 | Teacher Loss: 1.125 | Teacher Train Acc: 76.178 | Student lr=0.2653 | Student Train Acc: 73.600 | Time: 141.189 |
[Eval] Epoch: 60 | Teacher Test Loss: 1.150 | Teacher Test Acc: 66.780 | Student Test Loss: 1.578 | Student Test Acc: 56.650 | Teacher Test F1: 0.667 | Student Test F1: 0.574 | Teacher Top 5 Accuracy: 0.912 | Student Top 5 Accuracy: 0.854 | Time: 2.491 | 
Running student landscape probe...
[Train] Epoch: 61 | Teacher lr=0.2500 | Teacher Loss: 1.088 | Teacher Train Acc: 77.356 | Student lr=0.2500 | Student Train Acc: 74.008 | Time: 142.398 |
[Eval] Epoch: 61 | Teacher Test Loss: 1.172 | Teacher Test Acc: 65.850 | Student Test Loss: 1.724 | Student Test Acc: 54.540 | Teacher Test F1: 0.661 | Student Test F1: 0.545 | Teacher Top 5 Accuracy: 0.910 | Student Top 5 Accuracy: 0.833 | Time: 2.566 | 
Running student landscape probe...
[Train] Epoch: 62 | Teacher lr=0.2350 | Teacher Loss: 1.067 | Teacher Train Acc: 77.880 | Student lr=0.2350 | Student Train Acc: 74.460 | Time: 143.617 |
[Eval] Epoch: 62 | Teacher Test Loss: 1.140 | Teacher Test Acc: 67.180 | Student Test Loss: 1.591 | Student Test Acc: 56.500 | Teacher Test F1: 0.672 | Student Test F1: 0.563 | Teacher Top 5 Accuracy: 0.913 | Student Top 5 Accuracy: 0.854 | Time: 2.454 | 
Running student landscape probe...
[Train] Epoch: 63 | Teacher lr=0.2204 | Teacher Loss: 1.039 | Teacher Train Acc: 78.856 | Student lr=0.2204 | Student Train Acc: 75.072 | Time: 143.760 |
[Eval] Epoch: 63 | Teacher Test Loss: 1.124 | Teacher Test Acc: 67.350 | Student Test Loss: 1.408 | Student Test Acc: 60.260 | Teacher Test F1: 0.673 | Student Test F1: 0.605 | Teacher Top 5 Accuracy: 0.913 | Student Top 5 Accuracy: 0.873 | Time: 2.475 | 
Running student landscape probe...
[Train] Epoch: 64 | Teacher lr=0.2061 | Teacher Loss: 1.010 | Teacher Train Acc: 79.736 | Student lr=0.2061 | Student Train Acc: 75.570 | Time: 137.105 |
[Eval] Epoch: 64 | Teacher Test Loss: 1.108 | Teacher Test Acc: 68.020 | Student Test Loss: 1.322 | Student Test Acc: 62.580 | Teacher Test F1: 0.677 | Student Test F1: 0.623 | Teacher Top 5 Accuracy: 0.917 | Student Top 5 Accuracy: 0.889 | Time: 2.751 | 
Running student landscape probe...
[Train] Epoch: 65 | Teacher lr=0.1922 | Teacher Loss: 0.977 | Teacher Train Acc: 80.472 | Student lr=0.1922 | Student Train Acc: 76.220 | Time: 139.576 |
[Eval] Epoch: 65 | Teacher Test Loss: 1.163 | Teacher Test Acc: 67.180 | Student Test Loss: 1.379 | Student Test Acc: 61.430 | Teacher Test F1: 0.673 | Student Test F1: 0.619 | Teacher Top 5 Accuracy: 0.906 | Student Top 5 Accuracy: 0.880 | Time: 2.500 | 
Running student landscape probe...
[Train] Epoch: 66 | Teacher lr=0.1786 | Teacher Loss: 0.947 | Teacher Train Acc: 81.438 | Student lr=0.1786 | Student Train Acc: 76.746 | Time: 142.827 |
[Eval] Epoch: 66 | Teacher Test Loss: 1.050 | Teacher Test Acc: 69.960 | Student Test Loss: 1.352 | Student Test Acc: 61.780 | Teacher Test F1: 0.700 | Student Test F1: 0.619 | Teacher Top 5 Accuracy: 0.924 | Student Top 5 Accuracy: 0.881 | Time: 2.492 | 
Running student landscape probe...
[Train] Epoch: 67 | Teacher lr=0.1654 | Teacher Loss: 0.918 | Teacher Train Acc: 82.354 | Student lr=0.1654 | Student Train Acc: 77.392 | Time: 143.919 |
[Eval] Epoch: 67 | Teacher Test Loss: 1.104 | Teacher Test Acc: 68.270 | Student Test Loss: 1.459 | Student Test Acc: 60.060 | Teacher Test F1: 0.685 | Student Test F1: 0.602 | Teacher Top 5 Accuracy: 0.916 | Student Top 5 Accuracy: 0.870 | Time: 2.424 | 
Running student landscape probe...
[Train] Epoch: 68 | Teacher lr=0.1527 | Teacher Loss: 0.883 | Teacher Train Acc: 83.582 | Student lr=0.1527 | Student Train Acc: 77.942 | Time: 142.248 |
[Eval] Epoch: 68 | Teacher Test Loss: 1.029 | Teacher Test Acc: 69.910 | Student Test Loss: 1.554 | Student Test Acc: 58.650 | Teacher Test F1: 0.700 | Student Test F1: 0.587 | Teacher Top 5 Accuracy: 0.924 | Student Top 5 Accuracy: 0.855 | Time: 2.528 | 
Running student landscape probe...
[Train] Epoch: 69 | Teacher lr=0.1403 | Teacher Loss: 0.854 | Teacher Train Acc: 84.456 | Student lr=0.1403 | Student Train Acc: 78.386 | Time: 142.188 |
[Eval] Epoch: 69 | Teacher Test Loss: 1.007 | Teacher Test Acc: 71.130 | Student Test Loss: 1.276 | Student Test Acc: 64.290 | Teacher Test F1: 0.710 | Student Test F1: 0.640 | Teacher Top 5 Accuracy: 0.926 | Student Top 5 Accuracy: 0.894 | Time: 2.525 | 
Running student landscape probe...
[Train] Epoch: 70 | Teacher lr=0.1284 | Teacher Loss: 0.823 | Teacher Train Acc: 85.300 | Student lr=0.1284 | Student Train Acc: 79.588 | Time: 141.689 |
[Eval] Epoch: 70 | Teacher Test Loss: 1.002 | Teacher Test Acc: 71.340 | Student Test Loss: 1.313 | Student Test Acc: 63.690 | Teacher Test F1: 0.714 | Student Test F1: 0.638 | Teacher Top 5 Accuracy: 0.927 | Student Top 5 Accuracy: 0.886 | Time: 2.939 | 
Running student landscape probe...
[Train] Epoch: 71 | Teacher lr=0.1170 | Teacher Loss: 0.789 | Teacher Train Acc: 86.570 | Student lr=0.1170 | Student Train Acc: 79.818 | Time: 142.783 |
[Eval] Epoch: 71 | Teacher Test Loss: 0.981 | Teacher Test Acc: 71.510 | Student Test Loss: 1.327 | Student Test Acc: 63.130 | Teacher Test F1: 0.716 | Student Test F1: 0.633 | Teacher Top 5 Accuracy: 0.930 | Student Top 5 Accuracy: 0.884 | Time: 2.431 | 
Running student landscape probe...
[Train] Epoch: 72 | Teacher lr=0.1060 | Teacher Loss: 0.757 | Teacher Train Acc: 87.476 | Student lr=0.1060 | Student Train Acc: 80.630 | Time: 141.943 |
[Eval] Epoch: 72 | Teacher Test Loss: 0.979 | Teacher Test Acc: 71.850 | Student Test Loss: 1.405 | Student Test Acc: 61.940 | Teacher Test F1: 0.719 | Student Test F1: 0.621 | Teacher Top 5 Accuracy: 0.930 | Student Top 5 Accuracy: 0.876 | Time: 2.323 | 
Running student landscape probe...
[Train] Epoch: 73 | Teacher lr=0.0955 | Teacher Loss: 0.723 | Teacher Train Acc: 88.568 | Student lr=0.0955 | Student Train Acc: 81.308 | Time: 141.110 |
[Eval] Epoch: 73 | Teacher Test Loss: 0.972 | Teacher Test Acc: 72.290 | Student Test Loss: 1.507 | Student Test Acc: 59.950 | Teacher Test F1: 0.723 | Student Test F1: 0.600 | Teacher Top 5 Accuracy: 0.935 | Student Top 5 Accuracy: 0.868 | Time: 2.505 | 
Running student landscape probe...
[Train] Epoch: 74 | Teacher lr=0.0855 | Teacher Loss: 0.690 | Teacher Train Acc: 89.566 | Student lr=0.0855 | Student Train Acc: 82.120 | Time: 141.951 |
[Eval] Epoch: 74 | Teacher Test Loss: 0.951 | Teacher Test Acc: 73.140 | Student Test Loss: 1.244 | Student Test Acc: 65.370 | Teacher Test F1: 0.731 | Student Test F1: 0.658 | Teacher Top 5 Accuracy: 0.933 | Student Top 5 Accuracy: 0.902 | Time: 2.415 | 
Running student landscape probe...
[Train] Epoch: 75 | Teacher lr=0.0760 | Teacher Loss: 0.655 | Teacher Train Acc: 90.736 | Student lr=0.0760 | Student Train Acc: 82.972 | Time: 141.997 |
[Eval] Epoch: 75 | Teacher Test Loss: 0.945 | Teacher Test Acc: 72.900 | Student Test Loss: 1.320 | Student Test Acc: 63.750 | Teacher Test F1: 0.729 | Student Test F1: 0.639 | Teacher Top 5 Accuracy: 0.934 | Student Top 5 Accuracy: 0.891 | Time: 2.513 | 
Running student landscape probe...
[Train] Epoch: 76 | Teacher lr=0.0670 | Teacher Loss: 0.628 | Teacher Train Acc: 91.414 | Student lr=0.0670 | Student Train Acc: 83.812 | Time: 142.171 |
[Eval] Epoch: 76 | Teacher Test Loss: 0.926 | Teacher Test Acc: 73.790 | Student Test Loss: 1.244 | Student Test Acc: 66.240 | Teacher Test F1: 0.738 | Student Test F1: 0.660 | Teacher Top 5 Accuracy: 0.935 | Student Top 5 Accuracy: 0.902 | Time: 2.556 | 
Running student landscape probe...
[Train] Epoch: 77 | Teacher lr=0.0585 | Teacher Loss: 0.591 | Teacher Train Acc: 92.514 | Student lr=0.0585 | Student Train Acc: 84.314 | Time: 143.021 |
[Eval] Epoch: 77 | Teacher Test Loss: 0.922 | Teacher Test Acc: 73.850 | Student Test Loss: 1.199 | Student Test Acc: 67.310 | Teacher Test F1: 0.738 | Student Test F1: 0.674 | Teacher Top 5 Accuracy: 0.938 | Student Top 5 Accuracy: 0.909 | Time: 2.464 | 
Running student landscape probe...
[Train] Epoch: 78 | Teacher lr=0.0506 | Teacher Loss: 0.563 | Teacher Train Acc: 93.312 | Student lr=0.0506 | Student Train Acc: 85.592 | Time: 142.844 |
[Eval] Epoch: 78 | Teacher Test Loss: 0.914 | Teacher Test Acc: 74.100 | Student Test Loss: 1.240 | Student Test Acc: 66.570 | Teacher Test F1: 0.741 | Student Test F1: 0.666 | Teacher Top 5 Accuracy: 0.937 | Student Top 5 Accuracy: 0.901 | Time: 2.536 | 
Running student landscape probe...
[Train] Epoch: 79 | Teacher lr=0.0432 | Teacher Loss: 0.527 | Teacher Train Acc: 94.374 | Student lr=0.0432 | Student Train Acc: 86.528 | Time: 141.822 |
[Eval] Epoch: 79 | Teacher Test Loss: 0.881 | Teacher Test Acc: 74.810 | Student Test Loss: 1.196 | Student Test Acc: 67.680 | Teacher Test F1: 0.748 | Student Test F1: 0.678 | Teacher Top 5 Accuracy: 0.942 | Student Top 5 Accuracy: 0.909 | Time: 2.472 | 
Running student landscape probe...
[Train] Epoch: 80 | Teacher lr=0.0364 | Teacher Loss: 0.502 | Teacher Train Acc: 94.998 | Student lr=0.0364 | Student Train Acc: 87.068 | Time: 141.629 |
[Eval] Epoch: 80 | Teacher Test Loss: 0.905 | Teacher Test Acc: 74.820 | Student Test Loss: 1.157 | Student Test Acc: 68.800 | Teacher Test F1: 0.748 | Student Test F1: 0.689 | Teacher Top 5 Accuracy: 0.938 | Student Top 5 Accuracy: 0.915 | Time: 2.498 | 
Running student landscape probe...
[Train] Epoch: 81 | Teacher lr=0.0302 | Teacher Loss: 0.475 | Teacher Train Acc: 95.518 | Student lr=0.0302 | Student Train Acc: 88.278 | Time: 141.881 |
[Eval] Epoch: 81 | Teacher Test Loss: 0.885 | Teacher Test Acc: 75.040 | Student Test Loss: 1.177 | Student Test Acc: 68.030 | Teacher Test F1: 0.751 | Student Test F1: 0.683 | Teacher Top 5 Accuracy: 0.939 | Student Top 5 Accuracy: 0.915 | Time: 2.508 | 
Running student landscape probe...
[Train] Epoch: 82 | Teacher lr=0.0245 | Teacher Loss: 0.447 | Teacher Train Acc: 96.238 | Student lr=0.0245 | Student Train Acc: 89.130 | Time: 142.710 |
[Eval] Epoch: 82 | Teacher Test Loss: 0.879 | Teacher Test Acc: 75.340 | Student Test Loss: 1.210 | Student Test Acc: 67.850 | Teacher Test F1: 0.753 | Student Test F1: 0.680 | Teacher Top 5 Accuracy: 0.941 | Student Top 5 Accuracy: 0.910 | Time: 2.358 | 
Running student landscape probe...
[Train] Epoch: 83 | Teacher lr=0.0194 | Teacher Loss: 0.425 | Teacher Train Acc: 96.628 | Student lr=0.0194 | Student Train Acc: 90.048 | Time: 142.746 |
[Eval] Epoch: 83 | Teacher Test Loss: 0.878 | Teacher Test Acc: 75.340 | Student Test Loss: 1.152 | Student Test Acc: 69.250 | Teacher Test F1: 0.754 | Student Test F1: 0.693 | Teacher Top 5 Accuracy: 0.942 | Student Top 5 Accuracy: 0.917 | Time: 2.502 | 
Running student landscape probe...
[Train] Epoch: 84 | Teacher lr=0.0149 | Teacher Loss: 0.407 | Teacher Train Acc: 97.020 | Student lr=0.0149 | Student Train Acc: 90.616 | Time: 142.329 |
[Eval] Epoch: 84 | Teacher Test Loss: 0.878 | Teacher Test Acc: 75.350 | Student Test Loss: 1.154 | Student Test Acc: 69.420 | Teacher Test F1: 0.754 | Student Test F1: 0.694 | Teacher Top 5 Accuracy: 0.941 | Student Top 5 Accuracy: 0.916 | Time: 2.454 | 
Running student landscape probe...
[Train] Epoch: 85 | Teacher lr=0.0109 | Teacher Loss: 0.389 | Teacher Train Acc: 97.310 | Student lr=0.0109 | Student Train Acc: 91.420 | Time: 143.175 |
[Eval] Epoch: 85 | Teacher Test Loss: 0.876 | Teacher Test Acc: 75.660 | Student Test Loss: 1.139 | Student Test Acc: 69.640 | Teacher Test F1: 0.756 | Student Test F1: 0.697 | Teacher Top 5 Accuracy: 0.943 | Student Top 5 Accuracy: 0.916 | Time: 2.382 | 
Running student landscape probe...
[Train] Epoch: 86 | Teacher lr=0.0076 | Teacher Loss: 0.373 | Teacher Train Acc: 97.564 | Student lr=0.0076 | Student Train Acc: 91.812 | Time: 140.954 |
[Eval] Epoch: 86 | Teacher Test Loss: 0.873 | Teacher Test Acc: 75.640 | Student Test Loss: 1.133 | Student Test Acc: 69.900 | Teacher Test F1: 0.756 | Student Test F1: 0.699 | Teacher Top 5 Accuracy: 0.942 | Student Top 5 Accuracy: 0.918 | Time: 2.496 | 
Running student landscape probe...
[Train] Epoch: 87 | Teacher lr=0.0049 | Teacher Loss: 0.361 | Teacher Train Acc: 97.754 | Student lr=0.0049 | Student Train Acc: 92.444 | Time: 143.180 |
[Eval] Epoch: 87 | Teacher Test Loss: 0.875 | Teacher Test Acc: 75.600 | Student Test Loss: 1.130 | Student Test Acc: 70.180 | Teacher Test F1: 0.756 | Student Test F1: 0.703 | Teacher Top 5 Accuracy: 0.943 | Student Top 5 Accuracy: 0.919 | Time: 2.317 | 
Running student landscape probe...
[Train] Epoch: 88 | Teacher lr=0.0027 | Teacher Loss: 0.354 | Teacher Train Acc: 97.806 | Student lr=0.0027 | Student Train Acc: 92.752 | Time: 143.407 |
[Eval] Epoch: 88 | Teacher Test Loss: 0.875 | Teacher Test Acc: 75.720 | Student Test Loss: 1.121 | Student Test Acc: 70.500 | Teacher Test F1: 0.757 | Student Test F1: 0.706 | Teacher Top 5 Accuracy: 0.943 | Student Top 5 Accuracy: 0.919 | Time: 2.414 | 
Running student landscape probe...
[Train] Epoch: 89 | Teacher lr=0.0012 | Teacher Loss: 0.350 | Teacher Train Acc: 97.830 | Student lr=0.0012 | Student Train Acc: 92.990 | Time: 142.882 |
[Eval] Epoch: 89 | Teacher Test Loss: 0.873 | Teacher Test Acc: 75.760 | Student Test Loss: 1.121 | Student Test Acc: 70.550 | Teacher Test F1: 0.758 | Student Test F1: 0.706 | Teacher Top 5 Accuracy: 0.942 | Student Top 5 Accuracy: 0.919 | Time: 2.397 | 
Running student landscape probe...
[Train] Epoch: 90 | Teacher lr=0.0003 | Teacher Loss: 0.346 | Teacher Train Acc: 97.866 | Student lr=0.0003 | Student Train Acc: 93.268 | Time: 134.739 |
[Eval] Epoch: 90 | Teacher Test Loss: 0.873 | Teacher Test Acc: 75.790 | Student Test Loss: 1.120 | Student Test Acc: 70.440 | Teacher Test F1: 0.758 | Student Test F1: 0.705 | Teacher Top 5 Accuracy: 0.943 | Student Top 5 Accuracy: 0.919 | Time: 1.515 | 
Running student landscape probe...
ckpt location: ckpt/robust12h_mlspace/O6_cosine_long90_seed4_90ep.pt
