depth_list: [110, 20]
Dataset information: cifar100	 50000 images for training 	 10000 images for testing	
teacher depth: 110
student depth: 20
Total number of teacher parameters: 1,169,972
Total number of student parameters: 278,132
Snapshots will be saved to: snapshots/robust12h_mlspace/O6_cosine_long90_seed3_90ep
==== train and evaluate unequal restart ====
[Eval] Epoch: 0 | Teacher Test Loss: 9743.739 | Teacher Test Acc: 1.130 | Student Test Loss: 5.207 | Student Test Acc: 1.000 | Teacher Test F1: 0.001 | Student Test F1: 0.000 | Teacher Top 5 Accuracy: 0.048 | Student Top 5 Accuracy: 0.047 | Time: 2.894 | 
Running student landscape probe...
[Train] Epoch: 1 | Teacher lr=1.0000 | Teacher Loss: 4.120 | Teacher Train Acc: 9.672 | Student lr=1.0000 | Student Train Acc: 22.992 | Time: 139.510 |
[Eval] Epoch: 1 | Teacher Test Loss: 3.561 | Teacher Test Acc: 14.740 | Student Test Loss: 3.014 | Student Test Acc: 23.850 | Teacher Test F1: 0.113 | Student Test F1: 0.213 | Teacher Top 5 Accuracy: 0.412 | Student Top 5 Accuracy: 0.558 | Time: 2.481 | 
Running student landscape probe...
[Train] Epoch: 2 | Teacher lr=0.9997 | Teacher Loss: 3.274 | Teacher Train Acc: 25.158 | Student lr=0.9997 | Student Train Acc: 42.956 | Time: 137.963 |
[Eval] Epoch: 2 | Teacher Test Loss: 3.008 | Teacher Test Acc: 24.270 | Student Test Loss: 3.122 | Student Test Acc: 24.380 | Teacher Test F1: 0.227 | Student Test F1: 0.225 | Teacher Top 5 Accuracy: 0.564 | Student Top 5 Accuracy: 0.555 | Time: 2.896 | 
Running student landscape probe...
[Train] Epoch: 3 | Teacher lr=0.9988 | Teacher Loss: 2.752 | Teacher Train Acc: 35.194 | Student lr=0.9988 | Student Train Acc: 49.046 | Time: 138.470 |
[Eval] Epoch: 3 | Teacher Test Loss: 2.489 | Teacher Test Acc: 35.480 | Student Test Loss: 3.589 | Student Test Acc: 23.100 | Teacher Test F1: 0.341 | Student Test F1: 0.231 | Teacher Top 5 Accuracy: 0.691 | Student Top 5 Accuracy: 0.523 | Time: 2.495 | 
Running student landscape probe...
[Train] Epoch: 4 | Teacher lr=0.9973 | Teacher Loss: 2.430 | Teacher Train Acc: 42.492 | Student lr=0.9973 | Student Train Acc: 52.128 | Time: 136.470 |
[Eval] Epoch: 4 | Teacher Test Loss: 2.349 | Teacher Test Acc: 38.360 | Student Test Loss: 2.653 | Student Test Acc: 34.990 | Teacher Test F1: 0.372 | Student Test F1: 0.338 | Teacher Top 5 Accuracy: 0.708 | Student Top 5 Accuracy: 0.673 | Time: 2.428 | 
Running student landscape probe...
[Train] Epoch: 5 | Teacher lr=0.9951 | Teacher Loss: 2.233 | Teacher Train Acc: 46.732 | Student lr=0.9951 | Student Train Acc: 54.706 | Time: 141.013 |
[Eval] Epoch: 5 | Teacher Test Loss: 2.340 | Teacher Test Acc: 38.800 | Student Test Loss: 2.167 | Student Test Acc: 41.580 | Teacher Test F1: 0.384 | Student Test F1: 0.405 | Teacher Top 5 Accuracy: 0.723 | Student Top 5 Accuracy: 0.750 | Time: 2.401 | 
Running student landscape probe...
[Train] Epoch: 6 | Teacher lr=0.9924 | Teacher Loss: 2.111 | Teacher Train Acc: 49.866 | Student lr=0.9924 | Student Train Acc: 56.086 | Time: 141.914 |
[Eval] Epoch: 6 | Teacher Test Loss: 2.259 | Teacher Test Acc: 40.290 | Student Test Loss: 3.435 | Student Test Acc: 27.280 | Teacher Test F1: 0.403 | Student Test F1: 0.275 | Teacher Top 5 Accuracy: 0.726 | Student Top 5 Accuracy: 0.576 | Time: 2.627 | 
Running student landscape probe...
[Train] Epoch: 7 | Teacher lr=0.9891 | Teacher Loss: 2.002 | Teacher Train Acc: 52.452 | Student lr=0.9891 | Student Train Acc: 56.570 | Time: 139.186 |
[Eval] Epoch: 7 | Teacher Test Loss: 1.946 | Teacher Test Acc: 48.040 | Student Test Loss: 2.857 | Student Test Acc: 32.180 | Teacher Test F1: 0.465 | Student Test F1: 0.306 | Teacher Top 5 Accuracy: 0.786 | Student Top 5 Accuracy: 0.649 | Time: 2.606 | 
Running student landscape probe...
[Train] Epoch: 8 | Teacher lr=0.9851 | Teacher Loss: 1.931 | Teacher Train Acc: 54.688 | Student lr=0.9851 | Student Train Acc: 57.938 | Time: 140.646 |
[Eval] Epoch: 8 | Teacher Test Loss: 2.247 | Teacher Test Acc: 39.900 | Student Test Loss: 2.240 | Student Test Acc: 41.270 | Teacher Test F1: 0.402 | Student Test F1: 0.405 | Teacher Top 5 Accuracy: 0.732 | Student Top 5 Accuracy: 0.737 | Time: 2.444 | 
Running student landscape probe...
[Train] Epoch: 9 | Teacher lr=0.9806 | Teacher Loss: 1.871 | Teacher Train Acc: 56.130 | Student lr=0.9806 | Student Train Acc: 58.420 | Time: 139.232 |
[Eval] Epoch: 9 | Teacher Test Loss: 2.966 | Teacher Test Acc: 28.490 | Student Test Loss: 2.403 | Student Test Acc: 38.980 | Teacher Test F1: 0.267 | Student Test F1: 0.387 | Teacher Top 5 Accuracy: 0.592 | Student Top 5 Accuracy: 0.715 | Time: 2.124 | 
Running student landscape probe...
[Train] Epoch: 10 | Teacher lr=0.9755 | Teacher Loss: 1.948 | Teacher Train Acc: 54.820 | Student lr=0.9755 | Student Train Acc: 58.726 | Time: 138.753 |
[Eval] Epoch: 10 | Teacher Test Loss: 1.822 | Teacher Test Acc: 50.790 | Student Test Loss: 2.010 | Student Test Acc: 47.660 | Teacher Test F1: 0.492 | Student Test F1: 0.461 | Teacher Top 5 Accuracy: 0.811 | Student Top 5 Accuracy: 0.782 | Time: 2.178 | 
Running student landscape probe...
[Train] Epoch: 11 | Teacher lr=0.9698 | Teacher Loss: 1.787 | Teacher Train Acc: 58.454 | Student lr=0.9698 | Student Train Acc: 59.368 | Time: 138.333 |
[Eval] Epoch: 11 | Teacher Test Loss: 2.180 | Teacher Test Acc: 43.960 | Student Test Loss: 2.311 | Student Test Acc: 41.150 | Teacher Test F1: 0.421 | Student Test F1: 0.412 | Teacher Top 5 Accuracy: 0.737 | Student Top 5 Accuracy: 0.729 | Time: 2.242 | 
Running student landscape probe...
[Train] Epoch: 12 | Teacher lr=0.9636 | Teacher Loss: 2.066 | Teacher Train Acc: 53.092 | Student lr=0.9636 | Student Train Acc: 59.352 | Time: 142.326 |
[Eval] Epoch: 12 | Teacher Test Loss: 1.745 | Teacher Test Acc: 52.140 | Student Test Loss: 2.140 | Student Test Acc: 43.150 | Teacher Test F1: 0.510 | Student Test F1: 0.421 | Teacher Top 5 Accuracy: 0.822 | Student Top 5 Accuracy: 0.752 | Time: 2.219 | 
Running student landscape probe...
[Train] Epoch: 13 | Teacher lr=0.9568 | Teacher Loss: 1.737 | Teacher Train Acc: 59.858 | Student lr=0.9568 | Student Train Acc: 60.078 | Time: 138.276 |
[Eval] Epoch: 13 | Teacher Test Loss: 1.978 | Teacher Test Acc: 47.700 | Student Test Loss: 2.017 | Student Test Acc: 46.520 | Teacher Test F1: 0.474 | Student Test F1: 0.454 | Teacher Top 5 Accuracy: 0.783 | Student Top 5 Accuracy: 0.774 | Time: 2.452 | 
Running student landscape probe...
[Train] Epoch: 14 | Teacher lr=0.9494 | Teacher Loss: 1.708 | Teacher Train Acc: 60.562 | Student lr=0.9494 | Student Train Acc: 60.320 | Time: 140.437 |
[Eval] Epoch: 14 | Teacher Test Loss: 1.738 | Teacher Test Acc: 51.420 | Student Test Loss: 2.544 | Student Test Acc: 37.890 | Teacher Test F1: 0.512 | Student Test F1: 0.374 | Teacher Top 5 Accuracy: 0.828 | Student Top 5 Accuracy: 0.688 | Time: 2.371 | 
Running student landscape probe...
[Train] Epoch: 15 | Teacher lr=0.9415 | Teacher Loss: 1.707 | Teacher Train Acc: 61.066 | Student lr=0.9415 | Student Train Acc: 60.626 | Time: 142.318 |
[Eval] Epoch: 15 | Teacher Test Loss: 2.133 | Teacher Test Acc: 44.140 | Student Test Loss: 2.391 | Student Test Acc: 38.440 | Teacher Test F1: 0.446 | Student Test F1: 0.383 | Teacher Top 5 Accuracy: 0.764 | Student Top 5 Accuracy: 0.712 | Time: 2.202 | 
Running student landscape probe...
[Train] Epoch: 16 | Teacher lr=0.9330 | Teacher Loss: 1.694 | Teacher Train Acc: 61.188 | Student lr=0.9330 | Student Train Acc: 60.928 | Time: 142.107 |
[Eval] Epoch: 16 | Teacher Test Loss: 1.690 | Teacher Test Acc: 53.340 | Student Test Loss: 2.395 | Student Test Acc: 41.260 | Teacher Test F1: 0.529 | Student Test F1: 0.405 | Teacher Top 5 Accuracy: 0.834 | Student Top 5 Accuracy: 0.719 | Time: 2.021 | 
Running student landscape probe...
[Train] Epoch: 17 | Teacher lr=0.9240 | Teacher Loss: 1.659 | Teacher Train Acc: 62.226 | Student lr=0.9240 | Student Train Acc: 61.196 | Time: 142.607 |
[Eval] Epoch: 17 | Teacher Test Loss: 1.767 | Teacher Test Acc: 51.050 | Student Test Loss: 3.253 | Student Test Acc: 30.650 | Teacher Test F1: 0.506 | Student Test F1: 0.310 | Teacher Top 5 Accuracy: 0.821 | Student Top 5 Accuracy: 0.629 | Time: 2.383 | 
Running student landscape probe...
[Train] Epoch: 18 | Teacher lr=0.9145 | Teacher Loss: 1.647 | Teacher Train Acc: 62.506 | Student lr=0.9145 | Student Train Acc: 61.102 | Time: 140.708 |
[Eval] Epoch: 18 | Teacher Test Loss: 1.828 | Teacher Test Acc: 50.780 | Student Test Loss: 2.126 | Student Test Acc: 44.250 | Teacher Test F1: 0.506 | Student Test F1: 0.441 | Teacher Top 5 Accuracy: 0.811 | Student Top 5 Accuracy: 0.760 | Time: 2.444 | 
Running student landscape probe...
[Train] Epoch: 19 | Teacher lr=0.9045 | Teacher Loss: 1.631 | Teacher Train Acc: 63.112 | Student lr=0.9045 | Student Train Acc: 61.440 | Time: 140.111 |
[Eval] Epoch: 19 | Teacher Test Loss: 1.636 | Teacher Test Acc: 54.100 | Student Test Loss: 2.150 | Student Test Acc: 44.250 | Teacher Test F1: 0.540 | Student Test F1: 0.438 | Teacher Top 5 Accuracy: 0.839 | Student Top 5 Accuracy: 0.760 | Time: 2.446 | 
Running student landscape probe...
[Train] Epoch: 20 | Teacher lr=0.8940 | Teacher Loss: 1.608 | Teacher Train Acc: 63.670 | Student lr=0.8940 | Student Train Acc: 61.404 | Time: 141.445 |
[Eval] Epoch: 20 | Teacher Test Loss: 1.655 | Teacher Test Acc: 54.260 | Student Test Loss: 2.036 | Student Test Acc: 46.510 | Teacher Test F1: 0.540 | Student Test F1: 0.452 | Teacher Top 5 Accuracy: 0.836 | Student Top 5 Accuracy: 0.771 | Time: 2.307 | 
Running student landscape probe...
[Train] Epoch: 21 | Teacher lr=0.8830 | Teacher Loss: 1.590 | Teacher Train Acc: 64.274 | Student lr=0.8830 | Student Train Acc: 61.934 | Time: 142.081 |
[Eval] Epoch: 21 | Teacher Test Loss: 1.540 | Teacher Test Acc: 56.980 | Student Test Loss: 2.014 | Student Test Acc: 46.510 | Teacher Test F1: 0.564 | Student Test F1: 0.452 | Teacher Top 5 Accuracy: 0.859 | Student Top 5 Accuracy: 0.781 | Time: 2.594 | 
Running student landscape probe...
[Train] Epoch: 22 | Teacher lr=0.8716 | Teacher Loss: 1.582 | Teacher Train Acc: 64.448 | Student lr=0.8716 | Student Train Acc: 62.340 | Time: 138.974 |
[Eval] Epoch: 22 | Teacher Test Loss: 1.768 | Teacher Test Acc: 51.530 | Student Test Loss: 2.199 | Student Test Acc: 44.220 | Teacher Test F1: 0.512 | Student Test F1: 0.433 | Teacher Top 5 Accuracy: 0.812 | Student Top 5 Accuracy: 0.745 | Time: 2.524 | 
Running student landscape probe...
[Train] Epoch: 23 | Teacher lr=0.8597 | Teacher Loss: 2.869 | Teacher Train Acc: 38.976 | Student lr=0.8597 | Student Train Acc: 61.674 | Time: 139.555 |
[Eval] Epoch: 23 | Teacher Test Loss: 1.670 | Teacher Test Acc: 53.480 | Student Test Loss: 1.967 | Student Test Acc: 47.830 | Teacher Test F1: 0.535 | Student Test F1: 0.478 | Teacher Top 5 Accuracy: 0.844 | Student Top 5 Accuracy: 0.798 | Time: 2.541 | 
Running student landscape probe...
[Train] Epoch: 24 | Teacher lr=0.8473 | Teacher Loss: 1.611 | Teacher Train Acc: 63.308 | Student lr=0.8473 | Student Train Acc: 62.326 | Time: 141.654 |
[Eval] Epoch: 24 | Teacher Test Loss: 1.565 | Teacher Test Acc: 56.870 | Student Test Loss: 2.067 | Student Test Acc: 46.430 | Teacher Test F1: 0.570 | Student Test F1: 0.467 | Teacher Top 5 Accuracy: 0.849 | Student Top 5 Accuracy: 0.769 | Time: 2.541 | 
Running student landscape probe...
[Train] Epoch: 25 | Teacher lr=0.8346 | Teacher Loss: 1.558 | Teacher Train Acc: 64.868 | Student lr=0.8346 | Student Train Acc: 62.828 | Time: 139.512 |
[Eval] Epoch: 25 | Teacher Test Loss: 1.517 | Teacher Test Acc: 58.200 | Student Test Loss: 2.704 | Student Test Acc: 36.120 | Teacher Test F1: 0.581 | Student Test F1: 0.387 | Teacher Top 5 Accuracy: 0.862 | Student Top 5 Accuracy: 0.709 | Time: 2.563 | 
Running student landscape probe...
[Train] Epoch: 26 | Teacher lr=0.8214 | Teacher Loss: 1.538 | Teacher Train Acc: 65.462 | Student lr=0.8214 | Student Train Acc: 62.902 | Time: 142.388 |
[Eval] Epoch: 26 | Teacher Test Loss: 1.508 | Teacher Test Acc: 57.950 | Student Test Loss: 2.296 | Student Test Acc: 43.130 | Teacher Test F1: 0.576 | Student Test F1: 0.430 | Teacher Top 5 Accuracy: 0.856 | Student Top 5 Accuracy: 0.752 | Time: 2.572 | 
Running student landscape probe...
[Train] Epoch: 27 | Teacher lr=0.8078 | Teacher Loss: 1.523 | Teacher Train Acc: 66.050 | Student lr=0.8078 | Student Train Acc: 63.380 | Time: 141.922 |
[Eval] Epoch: 27 | Teacher Test Loss: 1.673 | Teacher Test Acc: 52.890 | Student Test Loss: 2.050 | Student Test Acc: 46.930 | Teacher Test F1: 0.529 | Student Test F1: 0.465 | Teacher Top 5 Accuracy: 0.836 | Student Top 5 Accuracy: 0.783 | Time: 2.575 | 
Running student landscape probe...
[Train] Epoch: 28 | Teacher lr=0.7939 | Teacher Loss: 1.531 | Teacher Train Acc: 65.710 | Student lr=0.7939 | Student Train Acc: 63.686 | Time: 140.372 |
[Eval] Epoch: 28 | Teacher Test Loss: 1.598 | Teacher Test Acc: 55.410 | Student Test Loss: 2.435 | Student Test Acc: 40.820 | Teacher Test F1: 0.567 | Student Test F1: 0.407 | Teacher Top 5 Accuracy: 0.853 | Student Top 5 Accuracy: 0.726 | Time: 2.566 | 
Running student landscape probe...
[Train] Epoch: 29 | Teacher lr=0.7796 | Teacher Loss: 1.488 | Teacher Train Acc: 66.972 | Student lr=0.7796 | Student Train Acc: 63.800 | Time: 139.917 |
[Eval] Epoch: 29 | Teacher Test Loss: 1.579 | Teacher Test Acc: 55.540 | Student Test Loss: 2.189 | Student Test Acc: 44.150 | Teacher Test F1: 0.551 | Student Test F1: 0.446 | Teacher Top 5 Accuracy: 0.847 | Student Top 5 Accuracy: 0.765 | Time: 2.553 | 
Running student landscape probe...
[Train] Epoch: 30 | Teacher lr=0.7650 | Teacher Loss: 1.484 | Teacher Train Acc: 67.108 | Student lr=0.7650 | Student Train Acc: 64.106 | Time: 138.523 |
[Eval] Epoch: 30 | Teacher Test Loss: 1.620 | Teacher Test Acc: 54.220 | Student Test Loss: 2.032 | Student Test Acc: 46.460 | Teacher Test F1: 0.540 | Student Test F1: 0.457 | Teacher Top 5 Accuracy: 0.847 | Student Top 5 Accuracy: 0.775 | Time: 2.652 | 
Running student landscape probe...
[Train] Epoch: 31 | Teacher lr=0.7500 | Teacher Loss: 1.470 | Teacher Train Acc: 67.498 | Student lr=0.7500 | Student Train Acc: 64.014 | Time: 139.421 |
[Eval] Epoch: 31 | Teacher Test Loss: 1.562 | Teacher Test Acc: 56.980 | Student Test Loss: 2.011 | Student Test Acc: 47.940 | Teacher Test F1: 0.580 | Student Test F1: 0.477 | Teacher Top 5 Accuracy: 0.859 | Student Top 5 Accuracy: 0.790 | Time: 2.608 | 
Running student landscape probe...
[Train] Epoch: 32 | Teacher lr=0.7347 | Teacher Loss: 1.450 | Teacher Train Acc: 68.310 | Student lr=0.7347 | Student Train Acc: 64.556 | Time: 141.504 |
[Eval] Epoch: 32 | Teacher Test Loss: 1.754 | Teacher Test Acc: 52.320 | Student Test Loss: 2.365 | Student Test Acc: 41.630 | Teacher Test F1: 0.525 | Student Test F1: 0.419 | Teacher Top 5 Accuracy: 0.830 | Student Top 5 Accuracy: 0.735 | Time: 2.553 | 
Running student landscape probe...
[Train] Epoch: 33 | Teacher lr=0.7192 | Teacher Loss: 1.437 | Teacher Train Acc: 68.468 | Student lr=0.7192 | Student Train Acc: 64.758 | Time: 141.809 |
[Eval] Epoch: 33 | Teacher Test Loss: 1.474 | Teacher Test Acc: 58.850 | Student Test Loss: 2.384 | Student Test Acc: 39.980 | Teacher Test F1: 0.586 | Student Test F1: 0.396 | Teacher Top 5 Accuracy: 0.864 | Student Top 5 Accuracy: 0.711 | Time: 2.583 | 
Running student landscape probe...
[Train] Epoch: 34 | Teacher lr=0.7034 | Teacher Loss: 1.429 | Teacher Train Acc: 68.390 | Student lr=0.7034 | Student Train Acc: 64.874 | Time: 141.985 |
[Eval] Epoch: 34 | Teacher Test Loss: 1.393 | Teacher Test Acc: 60.210 | Student Test Loss: 1.957 | Student Test Acc: 49.060 | Teacher Test F1: 0.599 | Student Test F1: 0.486 | Teacher Top 5 Accuracy: 0.879 | Student Top 5 Accuracy: 0.795 | Time: 2.591 | 
Running student landscape probe...
[Train] Epoch: 35 | Teacher lr=0.6873 | Teacher Loss: 1.408 | Teacher Train Acc: 69.226 | Student lr=0.6873 | Student Train Acc: 65.184 | Time: 138.624 |
[Eval] Epoch: 35 | Teacher Test Loss: 1.374 | Teacher Test Acc: 60.320 | Student Test Loss: 1.893 | Student Test Acc: 49.380 | Teacher Test F1: 0.602 | Student Test F1: 0.499 | Teacher Top 5 Accuracy: 0.880 | Student Top 5 Accuracy: 0.814 | Time: 1.583 | 
Running student landscape probe...
[Train] Epoch: 36 | Teacher lr=0.6710 | Teacher Loss: 1.393 | Teacher Train Acc: 69.702 | Student lr=0.6710 | Student Train Acc: 65.484 | Time: 94.884 |
[Eval] Epoch: 36 | Teacher Test Loss: 1.417 | Teacher Test Acc: 60.200 | Student Test Loss: 2.086 | Student Test Acc: 46.140 | Teacher Test F1: 0.599 | Student Test F1: 0.464 | Teacher Top 5 Accuracy: 0.872 | Student Top 5 Accuracy: 0.769 | Time: 1.578 | 
Running student landscape probe...
[Train] Epoch: 37 | Teacher lr=0.6545 | Teacher Loss: 1.380 | Teacher Train Acc: 69.986 | Student lr=0.6545 | Student Train Acc: 65.688 | Time: 94.466 |
[Eval] Epoch: 37 | Teacher Test Loss: 1.478 | Teacher Test Acc: 58.520 | Student Test Loss: 1.847 | Student Test Acc: 50.190 | Teacher Test F1: 0.587 | Student Test F1: 0.509 | Teacher Top 5 Accuracy: 0.867 | Student Top 5 Accuracy: 0.812 | Time: 1.587 | 
Running student landscape probe...
[Train] Epoch: 38 | Teacher lr=0.6378 | Teacher Loss: 1.361 | Teacher Train Acc: 70.392 | Student lr=0.6378 | Student Train Acc: 66.188 | Time: 97.211 |
[Eval] Epoch: 38 | Teacher Test Loss: 1.453 | Teacher Test Acc: 59.070 | Student Test Loss: 1.970 | Student Test Acc: 48.290 | Teacher Test F1: 0.595 | Student Test F1: 0.476 | Teacher Top 5 Accuracy: 0.865 | Student Top 5 Accuracy: 0.795 | Time: 1.426 | 
Running student landscape probe...
[Train] Epoch: 39 | Teacher lr=0.6210 | Teacher Loss: 1.350 | Teacher Train Acc: 70.650 | Student lr=0.6210 | Student Train Acc: 66.142 | Time: 95.108 |
[Eval] Epoch: 39 | Teacher Test Loss: 1.329 | Teacher Test Acc: 62.260 | Student Test Loss: 1.823 | Student Test Acc: 50.040 | Teacher Test F1: 0.624 | Student Test F1: 0.497 | Teacher Top 5 Accuracy: 0.890 | Student Top 5 Accuracy: 0.809 | Time: 1.482 | 
Running student landscape probe...
[Train] Epoch: 40 | Teacher lr=0.6040 | Teacher Loss: 1.332 | Teacher Train Acc: 71.138 | Student lr=0.6040 | Student Train Acc: 66.750 | Time: 95.650 |
[Eval] Epoch: 40 | Teacher Test Loss: 1.459 | Teacher Test Acc: 58.510 | Student Test Loss: 2.099 | Student Test Acc: 45.620 | Teacher Test F1: 0.584 | Student Test F1: 0.452 | Teacher Top 5 Accuracy: 0.873 | Student Top 5 Accuracy: 0.767 | Time: 1.500 | 
Running student landscape probe...
[Train] Epoch: 41 | Teacher lr=0.5868 | Teacher Loss: 1.311 | Teacher Train Acc: 71.972 | Student lr=0.5868 | Student Train Acc: 66.838 | Time: 95.401 |
[Eval] Epoch: 41 | Teacher Test Loss: 1.352 | Teacher Test Acc: 61.450 | Student Test Loss: 2.031 | Student Test Acc: 48.180 | Teacher Test F1: 0.617 | Student Test F1: 0.480 | Teacher Top 5 Accuracy: 0.885 | Student Top 5 Accuracy: 0.783 | Time: 1.584 | 
Running student landscape probe...
[Train] Epoch: 42 | Teacher lr=0.5696 | Teacher Loss: 1.295 | Teacher Train Acc: 72.514 | Student lr=0.5696 | Student Train Acc: 67.026 | Time: 94.598 |
[Eval] Epoch: 42 | Teacher Test Loss: 1.239 | Teacher Test Acc: 64.000 | Student Test Loss: 1.781 | Student Test Acc: 52.290 | Teacher Test F1: 0.638 | Student Test F1: 0.519 | Teacher Top 5 Accuracy: 0.899 | Student Top 5 Accuracy: 0.818 | Time: 1.563 | 
Running student landscape probe...
[Train] Epoch: 43 | Teacher lr=0.5523 | Teacher Loss: 1.284 | Teacher Train Acc: 72.856 | Student lr=0.5523 | Student Train Acc: 67.076 | Time: 95.094 |
[Eval] Epoch: 43 | Teacher Test Loss: 1.312 | Teacher Test Acc: 62.390 | Student Test Loss: 2.030 | Student Test Acc: 47.510 | Teacher Test F1: 0.620 | Student Test F1: 0.464 | Teacher Top 5 Accuracy: 0.885 | Student Top 5 Accuracy: 0.782 | Time: 1.600 | 
Running student landscape probe...
[Train] Epoch: 44 | Teacher lr=0.5349 | Teacher Loss: 1.269 | Teacher Train Acc: 73.250 | Student lr=0.5349 | Student Train Acc: 67.772 | Time: 95.173 |
[Eval] Epoch: 44 | Teacher Test Loss: 1.323 | Teacher Test Acc: 62.390 | Student Test Loss: 1.899 | Student Test Acc: 50.700 | Teacher Test F1: 0.622 | Student Test F1: 0.506 | Teacher Top 5 Accuracy: 0.882 | Student Top 5 Accuracy: 0.802 | Time: 1.582 | 
Running student landscape probe...
[Train] Epoch: 45 | Teacher lr=0.5174 | Teacher Loss: 1.252 | Teacher Train Acc: 73.460 | Student lr=0.5174 | Student Train Acc: 68.070 | Time: 95.984 |
[Eval] Epoch: 45 | Teacher Test Loss: 1.238 | Teacher Test Acc: 64.010 | Student Test Loss: 1.852 | Student Test Acc: 51.720 | Teacher Test F1: 0.641 | Student Test F1: 0.512 | Teacher Top 5 Accuracy: 0.898 | Student Top 5 Accuracy: 0.804 | Time: 1.590 | 
Running student landscape probe...
[Train] Epoch: 46 | Teacher lr=0.5000 | Teacher Loss: 1.229 | Teacher Train Acc: 74.148 | Student lr=0.5000 | Student Train Acc: 68.410 | Time: 95.416 |
[Eval] Epoch: 46 | Teacher Test Loss: 1.234 | Teacher Test Acc: 64.190 | Student Test Loss: 1.776 | Student Test Acc: 53.140 | Teacher Test F1: 0.638 | Student Test F1: 0.520 | Teacher Top 5 Accuracy: 0.900 | Student Top 5 Accuracy: 0.825 | Time: 1.619 | 
Running student landscape probe...
[Train] Epoch: 47 | Teacher lr=0.4826 | Teacher Loss: 1.212 | Teacher Train Acc: 74.850 | Student lr=0.4826 | Student Train Acc: 68.644 | Time: 96.567 |
[Eval] Epoch: 47 | Teacher Test Loss: 1.261 | Teacher Test Acc: 64.000 | Student Test Loss: 1.698 | Student Test Acc: 54.180 | Teacher Test F1: 0.640 | Student Test F1: 0.538 | Teacher Top 5 Accuracy: 0.894 | Student Top 5 Accuracy: 0.835 | Time: 1.599 | 
Running student landscape probe...
[Train] Epoch: 48 | Teacher lr=0.4651 | Teacher Loss: 1.199 | Teacher Train Acc: 75.034 | Student lr=0.4651 | Student Train Acc: 69.114 | Time: 95.148 |
[Eval] Epoch: 48 | Teacher Test Loss: 1.242 | Teacher Test Acc: 64.100 | Student Test Loss: 2.294 | Student Test Acc: 44.660 | Teacher Test F1: 0.637 | Student Test F1: 0.448 | Teacher Top 5 Accuracy: 0.901 | Student Top 5 Accuracy: 0.762 | Time: 1.605 | 
Running student landscape probe...
[Train] Epoch: 49 | Teacher lr=0.4477 | Teacher Loss: 1.181 | Teacher Train Acc: 75.344 | Student lr=0.4477 | Student Train Acc: 69.230 | Time: 95.735 |
[Eval] Epoch: 49 | Teacher Test Loss: 1.189 | Teacher Test Acc: 65.990 | Student Test Loss: 1.959 | Student Test Acc: 49.000 | Teacher Test F1: 0.657 | Student Test F1: 0.497 | Teacher Top 5 Accuracy: 0.902 | Student Top 5 Accuracy: 0.795 | Time: 1.626 | 
Running student landscape probe...
[Train] Epoch: 50 | Teacher lr=0.4304 | Teacher Loss: 1.158 | Teacher Train Acc: 76.318 | Student lr=0.4304 | Student Train Acc: 69.972 | Time: 95.669 |
[Eval] Epoch: 50 | Teacher Test Loss: 1.264 | Teacher Test Acc: 63.660 | Student Test Loss: 1.875 | Student Test Acc: 50.710 | Teacher Test F1: 0.640 | Student Test F1: 0.511 | Teacher Top 5 Accuracy: 0.897 | Student Top 5 Accuracy: 0.810 | Time: 1.600 | 
Running student landscape probe...
[Train] Epoch: 51 | Teacher lr=0.4132 | Teacher Loss: 1.142 | Teacher Train Acc: 76.992 | Student lr=0.4132 | Student Train Acc: 70.214 | Time: 94.799 |
[Eval] Epoch: 51 | Teacher Test Loss: 1.192 | Teacher Test Acc: 65.850 | Student Test Loss: 1.918 | Student Test Acc: 50.250 | Teacher Test F1: 0.656 | Student Test F1: 0.510 | Teacher Top 5 Accuracy: 0.902 | Student Top 5 Accuracy: 0.806 | Time: 1.619 | 
Running student landscape probe...
[Train] Epoch: 52 | Teacher lr=0.3960 | Teacher Loss: 1.119 | Teacher Train Acc: 77.388 | Student lr=0.3960 | Student Train Acc: 70.800 | Time: 95.629 |
[Eval] Epoch: 52 | Teacher Test Loss: 1.133 | Teacher Test Acc: 66.820 | Student Test Loss: 1.910 | Student Test Acc: 50.680 | Teacher Test F1: 0.670 | Student Test F1: 0.509 | Teacher Top 5 Accuracy: 0.914 | Student Top 5 Accuracy: 0.814 | Time: 1.612 | 
Running student landscape probe...
[Train] Epoch: 53 | Teacher lr=0.3790 | Teacher Loss: 1.104 | Teacher Train Acc: 77.816 | Student lr=0.3790 | Student Train Acc: 70.788 | Time: 95.763 |
[Eval] Epoch: 53 | Teacher Test Loss: 1.157 | Teacher Test Acc: 66.360 | Student Test Loss: 2.040 | Student Test Acc: 48.150 | Teacher Test F1: 0.667 | Student Test F1: 0.495 | Teacher Top 5 Accuracy: 0.910 | Student Top 5 Accuracy: 0.796 | Time: 1.611 | 
Running student landscape probe...
[Train] Epoch: 54 | Teacher lr=0.3622 | Teacher Loss: 1.084 | Teacher Train Acc: 78.166 | Student lr=0.3622 | Student Train Acc: 71.338 | Time: 96.444 |
[Eval] Epoch: 54 | Teacher Test Loss: 1.112 | Teacher Test Acc: 67.820 | Student Test Loss: 1.643 | Student Test Acc: 55.490 | Teacher Test F1: 0.677 | Student Test F1: 0.552 | Teacher Top 5 Accuracy: 0.913 | Student Top 5 Accuracy: 0.844 | Time: 1.593 | 
Running student landscape probe...
[Train] Epoch: 55 | Teacher lr=0.3455 | Teacher Loss: 1.060 | Teacher Train Acc: 79.230 | Student lr=0.3455 | Student Train Acc: 71.670 | Time: 95.305 |
[Eval] Epoch: 55 | Teacher Test Loss: 1.212 | Teacher Test Acc: 65.310 | Student Test Loss: 1.453 | Student Test Acc: 59.520 | Teacher Test F1: 0.654 | Student Test F1: 0.592 | Teacher Top 5 Accuracy: 0.899 | Student Top 5 Accuracy: 0.869 | Time: 1.613 | 
Running student landscape probe...
[Train] Epoch: 56 | Teacher lr=0.3290 | Teacher Loss: 1.038 | Teacher Train Acc: 79.848 | Student lr=0.3290 | Student Train Acc: 72.226 | Time: 95.420 |
[Eval] Epoch: 56 | Teacher Test Loss: 1.055 | Teacher Test Acc: 68.890 | Student Test Loss: 1.451 | Student Test Acc: 59.720 | Teacher Test F1: 0.689 | Student Test F1: 0.596 | Teacher Top 5 Accuracy: 0.920 | Student Top 5 Accuracy: 0.874 | Time: 1.597 | 
Running student landscape probe...
[Train] Epoch: 57 | Teacher lr=0.3127 | Teacher Loss: 1.013 | Teacher Train Acc: 80.622 | Student lr=0.3127 | Student Train Acc: 72.590 | Time: 95.276 |
[Eval] Epoch: 57 | Teacher Test Loss: 1.167 | Teacher Test Acc: 66.240 | Student Test Loss: 1.527 | Student Test Acc: 59.220 | Teacher Test F1: 0.663 | Student Test F1: 0.590 | Teacher Top 5 Accuracy: 0.907 | Student Top 5 Accuracy: 0.860 | Time: 1.609 | 
Running student landscape probe...
[Train] Epoch: 58 | Teacher lr=0.2966 | Teacher Loss: 0.991 | Teacher Train Acc: 81.338 | Student lr=0.2966 | Student Train Acc: 73.038 | Time: 95.465 |
[Eval] Epoch: 58 | Teacher Test Loss: 1.094 | Teacher Test Acc: 68.390 | Student Test Loss: 1.650 | Student Test Acc: 56.150 | Teacher Test F1: 0.686 | Student Test F1: 0.563 | Teacher Top 5 Accuracy: 0.919 | Student Top 5 Accuracy: 0.847 | Time: 1.620 | 
Running student landscape probe...
[Train] Epoch: 59 | Teacher lr=0.2808 | Teacher Loss: 0.972 | Teacher Train Acc: 81.684 | Student lr=0.2808 | Student Train Acc: 73.610 | Time: 94.829 |
[Eval] Epoch: 59 | Teacher Test Loss: 1.061 | Teacher Test Acc: 69.160 | Student Test Loss: 1.825 | Student Test Acc: 53.330 | Teacher Test F1: 0.691 | Student Test F1: 0.537 | Teacher Top 5 Accuracy: 0.922 | Student Top 5 Accuracy: 0.817 | Time: 1.628 | 
Running student landscape probe...
[Train] Epoch: 60 | Teacher lr=0.2653 | Teacher Loss: 0.953 | Teacher Train Acc: 82.520 | Student lr=0.2653 | Student Train Acc: 73.978 | Time: 95.330 |
[Eval] Epoch: 60 | Teacher Test Loss: 1.036 | Teacher Test Acc: 70.230 | Student Test Loss: 1.680 | Student Test Acc: 55.960 | Teacher Test F1: 0.701 | Student Test F1: 0.561 | Teacher Top 5 Accuracy: 0.924 | Student Top 5 Accuracy: 0.841 | Time: 1.616 | 
Running student landscape probe...
[Train] Epoch: 61 | Teacher lr=0.2500 | Teacher Loss: 0.923 | Teacher Train Acc: 83.174 | Student lr=0.2500 | Student Train Acc: 74.262 | Time: 95.481 |
[Eval] Epoch: 61 | Teacher Test Loss: 1.049 | Teacher Test Acc: 69.790 | Student Test Loss: 1.384 | Student Test Acc: 61.460 | Teacher Test F1: 0.699 | Student Test F1: 0.616 | Teacher Top 5 Accuracy: 0.920 | Student Top 5 Accuracy: 0.882 | Time: 1.621 | 
Running student landscape probe...
[Train] Epoch: 62 | Teacher lr=0.2350 | Teacher Loss: 0.895 | Teacher Train Acc: 84.068 | Student lr=0.2350 | Student Train Acc: 75.098 | Time: 95.079 |
[Eval] Epoch: 62 | Teacher Test Loss: 1.088 | Teacher Test Acc: 69.150 | Student Test Loss: 1.802 | Student Test Acc: 54.180 | Teacher Test F1: 0.691 | Student Test F1: 0.543 | Teacher Top 5 Accuracy: 0.918 | Student Top 5 Accuracy: 0.820 | Time: 1.611 | 
Running student landscape probe...
[Train] Epoch: 63 | Teacher lr=0.2204 | Teacher Loss: 0.877 | Teacher Train Acc: 84.734 | Student lr=0.2204 | Student Train Acc: 75.282 | Time: 95.349 |
[Eval] Epoch: 63 | Teacher Test Loss: 1.005 | Teacher Test Acc: 70.790 | Student Test Loss: 1.565 | Student Test Acc: 57.700 | Teacher Test F1: 0.708 | Student Test F1: 0.578 | Teacher Top 5 Accuracy: 0.927 | Student Top 5 Accuracy: 0.855 | Time: 1.667 | 
Running student landscape probe...
[Train] Epoch: 64 | Teacher lr=0.2061 | Teacher Loss: 0.849 | Teacher Train Acc: 85.638 | Student lr=0.2061 | Student Train Acc: 75.718 | Time: 96.886 |
[Eval] Epoch: 64 | Teacher Test Loss: 0.964 | Teacher Test Acc: 72.180 | Student Test Loss: 1.489 | Student Test Acc: 58.990 | Teacher Test F1: 0.723 | Student Test F1: 0.594 | Teacher Top 5 Accuracy: 0.932 | Student Top 5 Accuracy: 0.867 | Time: 1.609 | 
Running student landscape probe...
[Train] Epoch: 65 | Teacher lr=0.1922 | Teacher Loss: 0.822 | Teacher Train Acc: 86.574 | Student lr=0.1922 | Student Train Acc: 76.278 | Time: 95.277 |
[Eval] Epoch: 65 | Teacher Test Loss: 0.949 | Teacher Test Acc: 72.180 | Student Test Loss: 1.459 | Student Test Acc: 60.460 | Teacher Test F1: 0.722 | Student Test F1: 0.607 | Teacher Top 5 Accuracy: 0.930 | Student Top 5 Accuracy: 0.868 | Time: 1.628 | 
Running student landscape probe...
[Train] Epoch: 66 | Teacher lr=0.1786 | Teacher Loss: 0.795 | Teacher Train Acc: 87.426 | Student lr=0.1786 | Student Train Acc: 77.010 | Time: 95.453 |
[Eval] Epoch: 66 | Teacher Test Loss: 0.962 | Teacher Test Acc: 71.880 | Student Test Loss: 1.542 | Student Test Acc: 58.680 | Teacher Test F1: 0.718 | Student Test F1: 0.594 | Teacher Top 5 Accuracy: 0.932 | Student Top 5 Accuracy: 0.858 | Time: 1.607 | 
Running student landscape probe...
[Train] Epoch: 67 | Teacher lr=0.1654 | Teacher Loss: 0.767 | Teacher Train Acc: 88.188 | Student lr=0.1654 | Student Train Acc: 77.616 | Time: 95.645 |
[Eval] Epoch: 67 | Teacher Test Loss: 0.929 | Teacher Test Acc: 73.100 | Student Test Loss: 1.426 | Student Test Acc: 61.010 | Teacher Test F1: 0.732 | Student Test F1: 0.611 | Teacher Top 5 Accuracy: 0.936 | Student Top 5 Accuracy: 0.877 | Time: 1.607 | 
Running student landscape probe...
[Train] Epoch: 68 | Teacher lr=0.1527 | Teacher Loss: 0.743 | Teacher Train Acc: 89.100 | Student lr=0.1527 | Student Train Acc: 78.240 | Time: 95.418 |
[Eval] Epoch: 68 | Teacher Test Loss: 0.925 | Teacher Test Acc: 72.800 | Student Test Loss: 1.457 | Student Test Acc: 60.870 | Teacher Test F1: 0.729 | Student Test F1: 0.615 | Teacher Top 5 Accuracy: 0.934 | Student Top 5 Accuracy: 0.875 | Time: 1.622 | 
Running student landscape probe...
[Train] Epoch: 69 | Teacher lr=0.1403 | Teacher Loss: 0.713 | Teacher Train Acc: 90.026 | Student lr=0.1403 | Student Train Acc: 78.580 | Time: 95.464 |
[Eval] Epoch: 69 | Teacher Test Loss: 0.918 | Teacher Test Acc: 73.490 | Student Test Loss: 1.386 | Student Test Acc: 62.300 | Teacher Test F1: 0.735 | Student Test F1: 0.626 | Teacher Top 5 Accuracy: 0.936 | Student Top 5 Accuracy: 0.881 | Time: 1.612 | 
Running student landscape probe...
[Train] Epoch: 70 | Teacher lr=0.1284 | Teacher Loss: 0.686 | Teacher Train Acc: 90.984 | Student lr=0.1284 | Student Train Acc: 79.322 | Time: 94.812 |
[Eval] Epoch: 70 | Teacher Test Loss: 0.914 | Teacher Test Acc: 73.660 | Student Test Loss: 1.347 | Student Test Acc: 63.630 | Teacher Test F1: 0.737 | Student Test F1: 0.634 | Teacher Top 5 Accuracy: 0.934 | Student Top 5 Accuracy: 0.887 | Time: 1.612 | 
Running student landscape probe...
[Train] Epoch: 71 | Teacher lr=0.1170 | Teacher Loss: 0.654 | Teacher Train Acc: 91.942 | Student lr=0.1170 | Student Train Acc: 80.616 | Time: 96.191 |
[Eval] Epoch: 71 | Teacher Test Loss: 0.881 | Teacher Test Acc: 74.150 | Student Test Loss: 1.379 | Student Test Acc: 62.730 | Teacher Test F1: 0.741 | Student Test F1: 0.627 | Teacher Top 5 Accuracy: 0.942 | Student Top 5 Accuracy: 0.886 | Time: 1.645 | 
Running student landscape probe...
[Train] Epoch: 72 | Teacher lr=0.1060 | Teacher Loss: 0.632 | Teacher Train Acc: 92.640 | Student lr=0.1060 | Student Train Acc: 80.800 | Time: 95.740 |
[Eval] Epoch: 72 | Teacher Test Loss: 0.890 | Teacher Test Acc: 74.320 | Student Test Loss: 1.373 | Student Test Acc: 63.490 | Teacher Test F1: 0.742 | Student Test F1: 0.635 | Teacher Top 5 Accuracy: 0.938 | Student Top 5 Accuracy: 0.887 | Time: 1.606 | 
Running student landscape probe...
[Train] Epoch: 73 | Teacher lr=0.0955 | Teacher Loss: 0.602 | Teacher Train Acc: 93.460 | Student lr=0.0955 | Student Train Acc: 81.710 | Time: 95.466 |
[Eval] Epoch: 73 | Teacher Test Loss: 0.879 | Teacher Test Acc: 74.260 | Student Test Loss: 1.296 | Student Test Acc: 64.830 | Teacher Test F1: 0.743 | Student Test F1: 0.648 | Teacher Top 5 Accuracy: 0.940 | Student Top 5 Accuracy: 0.896 | Time: 1.629 | 
Running student landscape probe...
[Train] Epoch: 74 | Teacher lr=0.0855 | Teacher Loss: 0.573 | Teacher Train Acc: 94.454 | Student lr=0.0855 | Student Train Acc: 82.590 | Time: 96.296 |
[Eval] Epoch: 74 | Teacher Test Loss: 0.867 | Teacher Test Acc: 74.800 | Student Test Loss: 1.324 | Student Test Acc: 64.370 | Teacher Test F1: 0.748 | Student Test F1: 0.645 | Teacher Top 5 Accuracy: 0.941 | Student Top 5 Accuracy: 0.893 | Time: 1.551 | 
Running student landscape probe...
[Train] Epoch: 75 | Teacher lr=0.0760 | Teacher Loss: 0.549 | Teacher Train Acc: 94.904 | Student lr=0.0760 | Student Train Acc: 83.170 | Time: 95.676 |
[Eval] Epoch: 75 | Teacher Test Loss: 0.859 | Teacher Test Acc: 74.890 | Student Test Loss: 1.262 | Student Test Acc: 66.540 | Teacher Test F1: 0.749 | Student Test F1: 0.663 | Teacher Top 5 Accuracy: 0.942 | Student Top 5 Accuracy: 0.900 | Time: 1.617 | 
Running student landscape probe...
[Train] Epoch: 76 | Teacher lr=0.0670 | Teacher Loss: 0.521 | Teacher Train Acc: 95.816 | Student lr=0.0670 | Student Train Acc: 83.996 | Time: 95.583 |
[Eval] Epoch: 76 | Teacher Test Loss: 0.848 | Teacher Test Acc: 75.400 | Student Test Loss: 1.336 | Student Test Acc: 64.940 | Teacher Test F1: 0.754 | Student Test F1: 0.651 | Teacher Top 5 Accuracy: 0.943 | Student Top 5 Accuracy: 0.894 | Time: 1.602 | 
Running student landscape probe...
[Train] Epoch: 77 | Teacher lr=0.0585 | Teacher Loss: 0.495 | Teacher Train Acc: 96.360 | Student lr=0.0585 | Student Train Acc: 84.934 | Time: 97.166 |
[Eval] Epoch: 77 | Teacher Test Loss: 0.844 | Teacher Test Acc: 75.380 | Student Test Loss: 1.303 | Student Test Acc: 66.330 | Teacher Test F1: 0.754 | Student Test F1: 0.664 | Teacher Top 5 Accuracy: 0.944 | Student Top 5 Accuracy: 0.897 | Time: 1.619 | 
Running student landscape probe...
[Train] Epoch: 78 | Teacher lr=0.0506 | Teacher Loss: 0.469 | Teacher Train Acc: 96.932 | Student lr=0.0506 | Student Train Acc: 86.038 | Time: 96.386 |
[Eval] Epoch: 78 | Teacher Test Loss: 0.827 | Teacher Test Acc: 76.360 | Student Test Loss: 1.235 | Student Test Acc: 67.100 | Teacher Test F1: 0.763 | Student Test F1: 0.671 | Teacher Top 5 Accuracy: 0.946 | Student Top 5 Accuracy: 0.905 | Time: 1.612 | 
Running student landscape probe...
[Train] Epoch: 79 | Teacher lr=0.0432 | Teacher Loss: 0.449 | Teacher Train Acc: 97.398 | Student lr=0.0432 | Student Train Acc: 86.798 | Time: 95.580 |
[Eval] Epoch: 79 | Teacher Test Loss: 0.830 | Teacher Test Acc: 76.110 | Student Test Loss: 1.253 | Student Test Acc: 66.760 | Teacher Test F1: 0.762 | Student Test F1: 0.668 | Teacher Top 5 Accuracy: 0.946 | Student Top 5 Accuracy: 0.906 | Time: 1.606 | 
Running student landscape probe...
[Train] Epoch: 80 | Teacher lr=0.0364 | Teacher Loss: 0.426 | Teacher Train Acc: 97.752 | Student lr=0.0364 | Student Train Acc: 87.626 | Time: 95.618 |
[Eval] Epoch: 80 | Teacher Test Loss: 0.826 | Teacher Test Acc: 76.250 | Student Test Loss: 1.214 | Student Test Acc: 67.340 | Teacher Test F1: 0.762 | Student Test F1: 0.674 | Teacher Top 5 Accuracy: 0.947 | Student Top 5 Accuracy: 0.908 | Time: 1.600 | 
Running student landscape probe...
[Train] Epoch: 81 | Teacher lr=0.0302 | Teacher Loss: 0.406 | Teacher Train Acc: 98.058 | Student lr=0.0302 | Student Train Acc: 88.526 | Time: 95.900 |
[Eval] Epoch: 81 | Teacher Test Loss: 0.819 | Teacher Test Acc: 76.710 | Student Test Loss: 1.195 | Student Test Acc: 68.430 | Teacher Test F1: 0.767 | Student Test F1: 0.684 | Teacher Top 5 Accuracy: 0.946 | Student Top 5 Accuracy: 0.908 | Time: 1.596 | 
Running student landscape probe...
[Train] Epoch: 82 | Teacher lr=0.0245 | Teacher Loss: 0.385 | Teacher Train Acc: 98.372 | Student lr=0.0245 | Student Train Acc: 89.338 | Time: 95.011 |
[Eval] Epoch: 82 | Teacher Test Loss: 0.819 | Teacher Test Acc: 76.490 | Student Test Loss: 1.190 | Student Test Acc: 67.970 | Teacher Test F1: 0.765 | Student Test F1: 0.680 | Teacher Top 5 Accuracy: 0.947 | Student Top 5 Accuracy: 0.910 | Time: 1.622 | 
Running student landscape probe...
[Train] Epoch: 83 | Teacher lr=0.0194 | Teacher Loss: 0.367 | Teacher Train Acc: 98.608 | Student lr=0.0194 | Student Train Acc: 90.144 | Time: 95.737 |
[Eval] Epoch: 83 | Teacher Test Loss: 0.814 | Teacher Test Acc: 76.740 | Student Test Loss: 1.186 | Student Test Acc: 68.480 | Teacher Test F1: 0.768 | Student Test F1: 0.685 | Teacher Top 5 Accuracy: 0.948 | Student Top 5 Accuracy: 0.911 | Time: 1.605 | 
Running student landscape probe...
[Train] Epoch: 84 | Teacher lr=0.0149 | Teacher Loss: 0.351 | Teacher Train Acc: 98.750 | Student lr=0.0149 | Student Train Acc: 90.986 | Time: 95.546 |
[Eval] Epoch: 84 | Teacher Test Loss: 0.813 | Teacher Test Acc: 76.680 | Student Test Loss: 1.178 | Student Test Acc: 69.060 | Teacher Test F1: 0.767 | Student Test F1: 0.690 | Teacher Top 5 Accuracy: 0.949 | Student Top 5 Accuracy: 0.912 | Time: 1.587 | 
Running student landscape probe...
[Train] Epoch: 85 | Teacher lr=0.0109 | Teacher Loss: 0.333 | Teacher Train Acc: 98.912 | Student lr=0.0109 | Student Train Acc: 91.862 | Time: 95.662 |
[Eval] Epoch: 85 | Teacher Test Loss: 0.810 | Teacher Test Acc: 76.760 | Student Test Loss: 1.160 | Student Test Acc: 69.660 | Teacher Test F1: 0.768 | Student Test F1: 0.696 | Teacher Top 5 Accuracy: 0.948 | Student Top 5 Accuracy: 0.915 | Time: 1.613 | 
Running student landscape probe...
[Train] Epoch: 86 | Teacher lr=0.0076 | Teacher Loss: 0.323 | Teacher Train Acc: 98.982 | Student lr=0.0076 | Student Train Acc: 92.192 | Time: 95.540 |
[Eval] Epoch: 86 | Teacher Test Loss: 0.809 | Teacher Test Acc: 76.840 | Student Test Loss: 1.151 | Student Test Acc: 69.860 | Teacher Test F1: 0.768 | Student Test F1: 0.698 | Teacher Top 5 Accuracy: 0.948 | Student Top 5 Accuracy: 0.915 | Time: 1.600 | 
Running student landscape probe...
[Train] Epoch: 87 | Teacher lr=0.0049 | Teacher Loss: 0.312 | Teacher Train Acc: 99.074 | Student lr=0.0049 | Student Train Acc: 92.690 | Time: 95.672 |
[Eval] Epoch: 87 | Teacher Test Loss: 0.812 | Teacher Test Acc: 76.930 | Student Test Loss: 1.147 | Student Test Acc: 69.920 | Teacher Test F1: 0.769 | Student Test F1: 0.699 | Teacher Top 5 Accuracy: 0.949 | Student Top 5 Accuracy: 0.916 | Time: 1.615 | 
Running student landscape probe...
[Train] Epoch: 88 | Teacher lr=0.0027 | Teacher Loss: 0.306 | Teacher Train Acc: 99.138 | Student lr=0.0027 | Student Train Acc: 93.136 | Time: 96.170 |
[Eval] Epoch: 88 | Teacher Test Loss: 0.812 | Teacher Test Acc: 76.910 | Student Test Loss: 1.145 | Student Test Acc: 69.860 | Teacher Test F1: 0.769 | Student Test F1: 0.698 | Teacher Top 5 Accuracy: 0.949 | Student Top 5 Accuracy: 0.917 | Time: 1.558 | 
Running student landscape probe...
[Train] Epoch: 89 | Teacher lr=0.0012 | Teacher Loss: 0.302 | Teacher Train Acc: 99.116 | Student lr=0.0012 | Student Train Acc: 93.248 | Time: 95.773 |
[Eval] Epoch: 89 | Teacher Test Loss: 0.811 | Teacher Test Acc: 76.870 | Student Test Loss: 1.141 | Student Test Acc: 69.960 | Teacher Test F1: 0.769 | Student Test F1: 0.699 | Teacher Top 5 Accuracy: 0.949 | Student Top 5 Accuracy: 0.917 | Time: 1.627 | 
Running student landscape probe...
[Train] Epoch: 90 | Teacher lr=0.0003 | Teacher Loss: 0.298 | Teacher Train Acc: 99.136 | Student lr=0.0003 | Student Train Acc: 93.652 | Time: 95.744 |
[Eval] Epoch: 90 | Teacher Test Loss: 0.811 | Teacher Test Acc: 76.860 | Student Test Loss: 1.139 | Student Test Acc: 69.810 | Teacher Test F1: 0.769 | Student Test F1: 0.698 | Teacher Top 5 Accuracy: 0.948 | Student Top 5 Accuracy: 0.917 | Time: 1.588 | 
Running student landscape probe...
ckpt location: ckpt/robust12h_mlspace/O6_cosine_long90_seed3_90ep.pt
