/home/jovyan/.mlspace/envs/egy_llm/lib/python3.11/site-packages/torchvision/datasets/cifar.py:83: VisibleDeprecationWarning: dtype(): align should be passed as Python or NumPy boolean but got `align=0`. Did you mean to pass a tuple to create a subarray type? (Deprecated NumPy 2.4)
  entry = pickle.load(f, encoding="latin1")
depth_list: [110, 20]
Dataset information: cifar100	 50000 images for training 	 10000 images for testing	
teacher depth: 110
student depth: 20
Total number of teacher parameters: 1,169,972
Total number of student parameters: 278,132
Snapshots will be saved to: snapshots/robust12h_stars/cosine_shock20_seed3_35ep
==== train and evaluate unequal restart ====
[Eval] Epoch: 0 | Teacher Test Loss: 9743.739 | Teacher Test Acc: 1.130 | Student Test Loss: 5.207 | Student Test Acc: 1.000 | Teacher Test F1: 0.001 | Student Test F1: 0.000 | Teacher Top 5 Accuracy: 0.048 | Student Top 5 Accuracy: 0.047 | Time: 2.423 | 
Running student landscape probe...
[Train] Epoch: 1 | Teacher lr=1.0000 | Teacher Loss: 4.012 | Teacher Train Acc: 11.416 | Student lr=1.0000 | Student Train Acc: 24.344 | Time: 137.467 |
[Eval] Epoch: 1 | Teacher Test Loss: 3.721 | Teacher Test Acc: 12.650 | Student Test Loss: 3.210 | Student Test Acc: 22.130 | Teacher Test F1: 0.104 | Student Test F1: 0.194 | Teacher Top 5 Accuracy: 0.385 | Student Top 5 Accuracy: 0.530 | Time: 2.617 | 
Running student landscape probe...
[Train] Epoch: 2 | Teacher lr=0.9980 | Teacher Loss: 3.159 | Teacher Train Acc: 26.904 | Student lr=0.9980 | Student Train Acc: 43.542 | Time: 137.988 |
[Eval] Epoch: 2 | Teacher Test Loss: 3.242 | Teacher Test Acc: 21.240 | Student Test Loss: 2.753 | Student Test Acc: 29.920 | Teacher Test F1: 0.190 | Student Test F1: 0.280 | Teacher Top 5 Accuracy: 0.528 | Student Top 5 Accuracy: 0.634 | Time: 2.625 | 
Running student landscape probe...
[Train] Epoch: 3 | Teacher lr=0.9920 | Teacher Loss: 2.682 | Teacher Train Acc: 36.634 | Student lr=0.9920 | Student Train Acc: 49.220 | Time: 137.781 |
[Eval] Epoch: 3 | Teacher Test Loss: 2.566 | Teacher Test Acc: 34.220 | Student Test Loss: 2.769 | Student Test Acc: 32.610 | Teacher Test F1: 0.329 | Student Test F1: 0.322 | Teacher Top 5 Accuracy: 0.677 | Student Top 5 Accuracy: 0.635 | Time: 2.617 | 
Running student landscape probe...
[Train] Epoch: 4 | Teacher lr=0.9820 | Teacher Loss: 2.391 | Teacher Train Acc: 43.184 | Student lr=0.9820 | Student Train Acc: 52.420 | Time: 138.491 |
[Eval] Epoch: 4 | Teacher Test Loss: 2.218 | Teacher Test Acc: 40.710 | Student Test Loss: 2.503 | Student Test Acc: 37.050 | Teacher Test F1: 0.403 | Student Test F1: 0.371 | Teacher Top 5 Accuracy: 0.736 | Student Top 5 Accuracy: 0.703 | Time: 2.646 | 
Running student landscape probe...
[Train] Epoch: 5 | Teacher lr=0.9681 | Teacher Loss: 2.219 | Teacher Train Acc: 46.962 | Student lr=0.9681 | Student Train Acc: 55.008 | Time: 138.032 |
[Eval] Epoch: 5 | Teacher Test Loss: 2.290 | Teacher Test Acc: 39.580 | Student Test Loss: 2.421 | Student Test Acc: 37.360 | Teacher Test F1: 0.387 | Student Test F1: 0.371 | Teacher Top 5 Accuracy: 0.722 | Student Top 5 Accuracy: 0.695 | Time: 2.638 | 
Running student landscape probe...
[Train] Epoch: 6 | Teacher lr=0.9505 | Teacher Loss: 2.083 | Teacher Train Acc: 50.220 | Student lr=0.9505 | Student Train Acc: 56.262 | Time: 136.773 |
[Eval] Epoch: 6 | Teacher Test Loss: 2.012 | Teacher Test Acc: 46.430 | Student Test Loss: 2.634 | Student Test Acc: 36.490 | Teacher Test F1: 0.461 | Student Test F1: 0.355 | Teacher Top 5 Accuracy: 0.768 | Student Top 5 Accuracy: 0.674 | Time: 2.633 | 
Running student landscape probe...
[Train] Epoch: 7 | Teacher lr=0.9292 | Teacher Loss: 1.983 | Teacher Train Acc: 53.022 | Student lr=0.9292 | Student Train Acc: 57.524 | Time: 134.955 |
[Eval] Epoch: 7 | Teacher Test Loss: 1.963 | Teacher Test Acc: 46.930 | Student Test Loss: 2.360 | Student Test Acc: 40.400 | Teacher Test F1: 0.461 | Student Test F1: 0.399 | Teacher Top 5 Accuracy: 0.791 | Student Top 5 Accuracy: 0.725 | Time: 2.630 | 
Running student landscape probe...
[Train] Epoch: 8 | Teacher lr=0.9045 | Teacher Loss: 1.905 | Teacher Train Acc: 55.082 | Student lr=0.9045 | Student Train Acc: 58.596 | Time: 138.020 |
[Eval] Epoch: 8 | Teacher Test Loss: 1.841 | Teacher Test Acc: 49.560 | Student Test Loss: 2.303 | Student Test Acc: 41.440 | Teacher Test F1: 0.491 | Student Test F1: 0.418 | Teacher Top 5 Accuracy: 0.804 | Student Top 5 Accuracy: 0.724 | Time: 2.614 | 
Running student landscape probe...
[Train] Epoch: 9 | Teacher lr=0.8765 | Teacher Loss: 1.824 | Teacher Train Acc: 57.114 | Student lr=0.8765 | Student Train Acc: 59.438 | Time: 137.894 |
[Eval] Epoch: 9 | Teacher Test Loss: 1.783 | Teacher Test Acc: 51.160 | Student Test Loss: 2.406 | Student Test Acc: 39.570 | Teacher Test F1: 0.511 | Student Test F1: 0.396 | Teacher Top 5 Accuracy: 0.824 | Student Top 5 Accuracy: 0.726 | Time: 2.637 | 
Running student landscape probe...
[Train] Epoch: 10 | Teacher lr=0.8455 | Teacher Loss: 1.767 | Teacher Train Acc: 58.820 | Student lr=0.8455 | Student Train Acc: 60.274 | Time: 137.814 |
[Eval] Epoch: 10 | Teacher Test Loss: 1.639 | Teacher Test Acc: 54.430 | Student Test Loss: 1.966 | Student Test Acc: 46.600 | Teacher Test F1: 0.537 | Student Test F1: 0.462 | Teacher Top 5 Accuracy: 0.838 | Student Top 5 Accuracy: 0.794 | Time: 2.636 | 
Running student landscape probe...
[Train] Epoch: 11 | Teacher lr=0.8117 | Teacher Loss: 1.703 | Teacher Train Acc: 60.352 | Student lr=0.8117 | Student Train Acc: 61.268 | Time: 138.058 |
[Eval] Epoch: 11 | Teacher Test Loss: 1.926 | Teacher Test Acc: 48.820 | Student Test Loss: 1.965 | Student Test Acc: 46.400 | Teacher Test F1: 0.477 | Student Test F1: 0.468 | Teacher Top 5 Accuracy: 0.787 | Student Top 5 Accuracy: 0.790 | Time: 2.631 | 
Running student landscape probe...
[Train] Epoch: 12 | Teacher lr=0.7754 | Teacher Loss: 1.657 | Teacher Train Acc: 61.534 | Student lr=0.7754 | Student Train Acc: 61.670 | Time: 138.480 |
[Eval] Epoch: 12 | Teacher Test Loss: 1.697 | Teacher Test Acc: 53.110 | Student Test Loss: 2.016 | Student Test Acc: 46.380 | Teacher Test F1: 0.531 | Student Test F1: 0.462 | Teacher Top 5 Accuracy: 0.832 | Student Top 5 Accuracy: 0.776 | Time: 2.634 | 
Running student landscape probe...
[Train] Epoch: 13 | Teacher lr=0.7369 | Teacher Loss: 1.607 | Teacher Train Acc: 62.704 | Student lr=0.7369 | Student Train Acc: 62.734 | Time: 135.156 |
[Eval] Epoch: 13 | Teacher Test Loss: 1.730 | Teacher Test Acc: 52.540 | Student Test Loss: 2.380 | Student Test Acc: 41.430 | Teacher Test F1: 0.527 | Student Test F1: 0.404 | Teacher Top 5 Accuracy: 0.828 | Student Top 5 Accuracy: 0.722 | Time: 2.633 | 
Running student landscape probe...
[Train] Epoch: 14 | Teacher lr=0.6965 | Teacher Loss: 1.564 | Teacher Train Acc: 64.036 | Student lr=0.6965 | Student Train Acc: 63.108 | Time: 135.067 |
[Eval] Epoch: 14 | Teacher Test Loss: 1.469 | Teacher Test Acc: 57.520 | Student Test Loss: 1.912 | Student Test Acc: 48.800 | Teacher Test F1: 0.570 | Student Test F1: 0.488 | Teacher Top 5 Accuracy: 0.865 | Student Top 5 Accuracy: 0.804 | Time: 2.647 | 
Running student landscape probe...
[Train] Epoch: 15 | Teacher lr=0.6545 | Teacher Loss: 1.523 | Teacher Train Acc: 65.310 | Student lr=0.6545 | Student Train Acc: 64.102 | Time: 135.275 |
[Eval] Epoch: 15 | Teacher Test Loss: 1.498 | Teacher Test Acc: 57.490 | Student Test Loss: 3.837 | Student Test Acc: 27.770 | Teacher Test F1: 0.574 | Student Test F1: 0.280 | Teacher Top 5 Accuracy: 0.863 | Student Top 5 Accuracy: 0.551 | Time: 2.584 | 
Running student landscape probe...
[Train] Epoch: 16 | Teacher lr=0.6113 | Teacher Loss: 1.480 | Teacher Train Acc: 66.134 | Student lr=0.6113 | Student Train Acc: 64.728 | Time: 135.450 |
[Eval] Epoch: 16 | Teacher Test Loss: 1.406 | Teacher Test Acc: 59.930 | Student Test Loss: 1.802 | Student Test Acc: 50.650 | Teacher Test F1: 0.596 | Student Test F1: 0.506 | Teacher Top 5 Accuracy: 0.872 | Student Top 5 Accuracy: 0.813 | Time: 2.651 | 
Running student landscape probe...
[Train] Epoch: 17 | Teacher lr=0.5671 | Teacher Loss: 1.438 | Teacher Train Acc: 67.316 | Student lr=0.5671 | Student Train Acc: 65.856 | Time: 137.019 |
[Eval] Epoch: 17 | Teacher Test Loss: 1.380 | Teacher Test Acc: 60.420 | Student Test Loss: 1.852 | Student Test Acc: 50.400 | Teacher Test F1: 0.603 | Student Test F1: 0.504 | Teacher Top 5 Accuracy: 0.882 | Student Top 5 Accuracy: 0.808 | Time: 2.566 | 
Running student landscape probe...
[Train] Epoch: 18 | Teacher lr=0.5224 | Teacher Loss: 1.390 | Teacher Train Acc: 68.778 | Student lr=0.5224 | Student Train Acc: 66.560 | Time: 138.350 |
[Eval] Epoch: 18 | Teacher Test Loss: 1.333 | Teacher Test Acc: 62.410 | Student Test Loss: 1.937 | Student Test Acc: 48.570 | Teacher Test F1: 0.620 | Student Test F1: 0.483 | Teacher Top 5 Accuracy: 0.887 | Student Top 5 Accuracy: 0.792 | Time: 2.654 | 
Running student landscape probe...
[Train] Epoch: 19 | Teacher lr=0.4776 | Teacher Loss: 1.340 | Teacher Train Acc: 70.126 | Student lr=0.4776 | Student Train Acc: 67.410 | Time: 135.745 |
[Eval] Epoch: 19 | Teacher Test Loss: 1.386 | Teacher Test Acc: 60.620 | Student Test Loss: 1.632 | Student Test Acc: 54.370 | Teacher Test F1: 0.604 | Student Test F1: 0.547 | Teacher Top 5 Accuracy: 0.879 | Student Top 5 Accuracy: 0.836 | Time: 2.668 | 
Running student landscape probe...
[shock] epoch=20 forcing student_lr=2.000000 (window=20..21)
[Train] Epoch: 20 | Teacher lr=0.4329 | Teacher Loss: 2.034 | Teacher Train Acc: 70.878 | Student lr=2.0000 | Student Train Acc: 6.938 | Time: 138.100 |
[Eval] Epoch: 20 | Teacher Test Loss: 1.413 | Teacher Test Acc: 65.450 | Student Test Loss: 4.083 | Student Test Acc: 7.880 | Teacher Test F1: 0.653 | Student Test F1: 0.044 | Teacher Top 5 Accuracy: 0.898 | Student Top 5 Accuracy: 0.259 | Time: 2.640 | 
Running student landscape probe...
[shock] epoch=21 forcing student_lr=2.000000 (window=20..21)
[Train] Epoch: 21 | Teacher lr=0.3887 | Teacher Loss: 1.843 | Teacher Train Acc: 72.700 | Student lr=2.0000 | Student Train Acc: 14.624 | Time: 138.855 |
[Eval] Epoch: 21 | Teacher Test Loss: 1.348 | Teacher Test Acc: 65.550 | Student Test Loss: 4.647 | Student Test Acc: 8.730 | Teacher Test F1: 0.655 | Student Test F1: 0.076 | Teacher Top 5 Accuracy: 0.902 | Student Top 5 Accuracy: 0.294 | Time: 2.651 | 
Running student landscape probe...
[Train] Epoch: 22 | Teacher lr=0.3455 | Teacher Loss: 1.708 | Teacher Train Acc: 73.752 | Student lr=1.7775 | Student Train Acc: 26.322 | Time: 137.048 |
[Eval] Epoch: 22 | Teacher Test Loss: 1.290 | Teacher Test Acc: 66.130 | Student Test Loss: 4.415 | Student Test Acc: 14.660 | Teacher Test F1: 0.660 | Student Test F1: 0.123 | Teacher Top 5 Accuracy: 0.901 | Student Top 5 Accuracy: 0.372 | Time: 2.647 | 
Running student landscape probe...
[Train] Epoch: 23 | Teacher lr=0.3035 | Teacher Loss: 1.600 | Teacher Train Acc: 74.806 | Student lr=1.5614 | Student Train Acc: 32.554 | Time: 136.699 |
[Eval] Epoch: 23 | Teacher Test Loss: 1.280 | Teacher Test Acc: 66.050 | Student Test Loss: 6.818 | Student Test Acc: 6.750 | Teacher Test F1: 0.660 | Student Test F1: 0.051 | Teacher Top 5 Accuracy: 0.904 | Student Top 5 Accuracy: 0.201 | Time: 2.587 | 
Running student landscape probe...
[Train] Epoch: 24 | Teacher lr=0.2631 | Teacher Loss: 1.510 | Teacher Train Acc: 76.248 | Student lr=1.3534 | Student Train Acc: 36.758 | Time: 137.220 |
[Eval] Epoch: 24 | Teacher Test Loss: 1.189 | Teacher Test Acc: 67.590 | Student Test Loss: 3.191 | Student Test Acc: 21.390 | Teacher Test F1: 0.674 | Student Test F1: 0.198 | Teacher Top 5 Accuracy: 0.911 | Student Top 5 Accuracy: 0.535 | Time: 2.639 | 
Running student landscape probe...
[Train] Epoch: 25 | Teacher lr=0.2246 | Teacher Loss: 1.425 | Teacher Train Acc: 78.186 | Student lr=1.1553 | Student Train Acc: 40.718 | Time: 135.216 |
[Eval] Epoch: 25 | Teacher Test Loss: 1.156 | Teacher Test Acc: 68.420 | Student Test Loss: 3.158 | Student Test Acc: 24.560 | Teacher Test F1: 0.683 | Student Test F1: 0.227 | Teacher Top 5 Accuracy: 0.914 | Student Top 5 Accuracy: 0.550 | Time: 2.602 | 
Running student landscape probe...
[Train] Epoch: 26 | Teacher lr=0.1883 | Teacher Loss: 1.346 | Teacher Train Acc: 79.670 | Student lr=0.9685 | Student Train Acc: 44.068 | Time: 138.185 |
[Eval] Epoch: 26 | Teacher Test Loss: 1.137 | Teacher Test Acc: 69.330 | Student Test Loss: 3.965 | Student Test Acc: 16.950 | Teacher Test F1: 0.690 | Student Test F1: 0.169 | Teacher Top 5 Accuracy: 0.921 | Student Top 5 Accuracy: 0.437 | Time: 2.632 | 
Running student landscape probe...
[Train] Epoch: 27 | Teacher lr=0.1545 | Teacher Loss: 1.267 | Teacher Train Acc: 81.452 | Student lr=0.7947 | Student Train Acc: 46.502 | Time: 137.295 |
[Eval] Epoch: 27 | Teacher Test Loss: 1.073 | Teacher Test Acc: 70.890 | Student Test Loss: 2.574 | Student Test Acc: 33.290 | Teacher Test F1: 0.708 | Student Test F1: 0.321 | Teacher Top 5 Accuracy: 0.925 | Student Top 5 Accuracy: 0.684 | Time: 2.627 | 
Running student landscape probe...
[Train] Epoch: 28 | Teacher lr=0.1235 | Teacher Loss: 1.186 | Teacher Train Acc: 83.268 | Student lr=0.6352 | Student Train Acc: 49.854 | Time: 136.082 |
[Eval] Epoch: 28 | Teacher Test Loss: 1.053 | Teacher Test Acc: 70.880 | Student Test Loss: 2.777 | Student Test Acc: 32.550 | Teacher Test F1: 0.710 | Student Test F1: 0.310 | Teacher Top 5 Accuracy: 0.925 | Student Top 5 Accuracy: 0.647 | Time: 2.634 | 
Running student landscape probe...
[Train] Epoch: 29 | Teacher lr=0.0955 | Teacher Loss: 1.113 | Teacher Train Acc: 85.120 | Student lr=0.4913 | Student Train Acc: 52.484 | Time: 137.360 |
[Eval] Epoch: 29 | Teacher Test Loss: 1.017 | Teacher Test Acc: 71.680 | Student Test Loss: 2.318 | Student Test Acc: 40.630 | Teacher Test F1: 0.717 | Student Test F1: 0.394 | Teacher Top 5 Accuracy: 0.927 | Student Top 5 Accuracy: 0.725 | Time: 2.562 | 
Running student landscape probe...
[Train] Epoch: 30 | Teacher lr=0.0708 | Teacher Loss: 1.037 | Teacher Train Acc: 86.794 | Student lr=0.3641 | Student Train Acc: 55.486 | Time: 138.230 |
[Eval] Epoch: 30 | Teacher Test Loss: 0.977 | Teacher Test Acc: 72.960 | Student Test Loss: 2.302 | Student Test Acc: 40.610 | Teacher Test F1: 0.730 | Student Test F1: 0.398 | Teacher Top 5 Accuracy: 0.934 | Student Top 5 Accuracy: 0.736 | Time: 2.608 | 
Running student landscape probe...
[Train] Epoch: 31 | Teacher lr=0.0495 | Teacher Loss: 0.968 | Teacher Train Acc: 88.312 | Student lr=0.2547 | Student Train Acc: 58.380 | Time: 135.696 |
[Eval] Epoch: 31 | Teacher Test Loss: 0.952 | Teacher Test Acc: 73.380 | Student Test Loss: 2.663 | Student Test Acc: 36.450 | Teacher Test F1: 0.734 | Student Test F1: 0.353 | Teacher Top 5 Accuracy: 0.935 | Student Top 5 Accuracy: 0.666 | Time: 2.702 | 
Running student landscape probe...
[Train] Epoch: 32 | Teacher lr=0.0319 | Teacher Loss: 0.895 | Teacher Train Acc: 89.752 | Student lr=0.1640 | Student Train Acc: 61.360 | Time: 137.392 |
[Eval] Epoch: 32 | Teacher Test Loss: 0.922 | Teacher Test Acc: 73.820 | Student Test Loss: 1.794 | Student Test Acc: 51.340 | Teacher Test F1: 0.738 | Student Test F1: 0.513 | Teacher Top 5 Accuracy: 0.936 | Student Top 5 Accuracy: 0.820 | Time: 2.654 | 
Running student landscape probe...
[Train] Epoch: 33 | Teacher lr=0.0180 | Teacher Loss: 0.831 | Teacher Train Acc: 90.834 | Student lr=0.0927 | Student Train Acc: 64.620 | Time: 138.397 |
[Eval] Epoch: 33 | Teacher Test Loss: 0.905 | Teacher Test Acc: 74.510 | Student Test Loss: 1.679 | Student Test Acc: 53.890 | Teacher Test F1: 0.744 | Student Test F1: 0.532 | Teacher Top 5 Accuracy: 0.938 | Student Top 5 Accuracy: 0.834 | Time: 2.612 | 
Running student landscape probe...
[Train] Epoch: 34 | Teacher lr=0.0080 | Teacher Loss: 0.776 | Teacher Train Acc: 91.748 | Student lr=0.0413 | Student Train Acc: 67.254 | Time: 138.524 |
[Eval] Epoch: 34 | Teacher Test Loss: 0.893 | Teacher Test Acc: 74.650 | Student Test Loss: 1.445 | Student Test Acc: 59.590 | Teacher Test F1: 0.746 | Student Test F1: 0.593 | Teacher Top 5 Accuracy: 0.940 | Student Top 5 Accuracy: 0.869 | Time: 2.614 | 
Running student landscape probe...
[Train] Epoch: 35 | Teacher lr=0.0020 | Teacher Loss: 0.736 | Teacher Train Acc: 92.008 | Student lr=0.0104 | Student Train Acc: 69.700 | Time: 137.535 |
[Eval] Epoch: 35 | Teacher Test Loss: 0.888 | Teacher Test Acc: 74.870 | Student Test Loss: 1.360 | Student Test Acc: 61.920 | Teacher Test F1: 0.748 | Student Test F1: 0.618 | Teacher Top 5 Accuracy: 0.939 | Student Top 5 Accuracy: 0.879 | Time: 2.630 | 
Running student landscape probe...
ckpt location: ckpt/robust12h_stars/cosine_shock20_seed3_35ep.pt
