/home/jovyan/.mlspace/envs/egy_llm/lib/python3.11/site-packages/torchvision/datasets/cifar.py:83: VisibleDeprecationWarning: dtype(): align should be passed as Python or NumPy boolean but got `align=0`. Did you mean to pass a tuple to create a subarray type? (Deprecated NumPy 2.4)
  entry = pickle.load(f, encoding="latin1")
depth_list: [110, 20]
Dataset information: cifar100	 50000 images for training 	 10000 images for testing	
teacher depth: 110
student depth: 20
Total number of teacher parameters: 1,169,972
Total number of student parameters: 278,132
Snapshots will be saved to: snapshots/robust12h_stars/cosine_shock01_seed2_35ep
==== train and evaluate unequal restart ====
[Eval] Epoch: 0 | Teacher Test Loss: 11623.433 | Teacher Test Acc: 1.000 | Student Test Loss: 6.044 | Student Test Acc: 1.110 | Teacher Test F1: 0.000 | Student Test F1: 0.000 | Teacher Top 5 Accuracy: 0.049 | Student Top 5 Accuracy: 0.052 | Time: 2.518 | 
Running student landscape probe...
[Train] Epoch: 1 | Teacher lr=1.0000 | Teacher Loss: 3.988 | Teacher Train Acc: 11.410 | Student lr=1.0000 | Student Train Acc: 20.662 | Time: 135.343 |
[Eval] Epoch: 1 | Teacher Test Loss: 3.693 | Teacher Test Acc: 12.490 | Student Test Loss: 3.263 | Student Test Acc: 19.620 | Teacher Test F1: 0.101 | Student Test F1: 0.179 | Teacher Top 5 Accuracy: 0.382 | Student Top 5 Accuracy: 0.507 | Time: 2.584 | 
Running student landscape probe...
[Train] Epoch: 2 | Teacher lr=0.9980 | Teacher Loss: 3.271 | Teacher Train Acc: 25.144 | Student lr=0.9980 | Student Train Acc: 41.582 | Time: 137.093 |
[Eval] Epoch: 2 | Teacher Test Loss: 2.969 | Teacher Test Acc: 25.380 | Student Test Loss: 2.716 | Student Test Acc: 30.950 | Teacher Test F1: 0.235 | Student Test F1: 0.300 | Teacher Top 5 Accuracy: 0.577 | Student Top 5 Accuracy: 0.646 | Time: 2.601 | 
Running student landscape probe...
[Train] Epoch: 3 | Teacher lr=0.9920 | Teacher Loss: 2.708 | Teacher Train Acc: 35.972 | Student lr=0.9920 | Student Train Acc: 48.154 | Time: 135.695 |
[Eval] Epoch: 3 | Teacher Test Loss: 2.503 | Teacher Test Acc: 34.310 | Student Test Loss: 2.530 | Student Test Acc: 34.770 | Teacher Test F1: 0.328 | Student Test F1: 0.340 | Teacher Top 5 Accuracy: 0.671 | Student Top 5 Accuracy: 0.688 | Time: 2.521 | 
Running student landscape probe...
[Train] Epoch: 4 | Teacher lr=0.9820 | Teacher Loss: 2.388 | Teacher Train Acc: 43.062 | Student lr=0.9820 | Student Train Acc: 52.198 | Time: 136.623 |
[Eval] Epoch: 4 | Teacher Test Loss: 2.299 | Teacher Test Acc: 38.560 | Student Test Loss: 2.486 | Student Test Acc: 37.200 | Teacher Test F1: 0.365 | Student Test F1: 0.367 | Teacher Top 5 Accuracy: 0.723 | Student Top 5 Accuracy: 0.699 | Time: 2.691 | 
Running student landscape probe...
[Train] Epoch: 5 | Teacher lr=0.9681 | Teacher Loss: 2.208 | Teacher Train Acc: 47.330 | Student lr=0.9681 | Student Train Acc: 54.344 | Time: 138.398 |
[Eval] Epoch: 5 | Teacher Test Loss: 2.869 | Teacher Test Acc: 34.710 | Student Test Loss: 2.283 | Student Test Acc: 40.190 | Teacher Test F1: 0.339 | Student Test F1: 0.397 | Teacher Top 5 Accuracy: 0.651 | Student Top 5 Accuracy: 0.725 | Time: 2.527 | 
Running student landscape probe...
[Train] Epoch: 6 | Teacher lr=0.9505 | Teacher Loss: 2.088 | Teacher Train Acc: 50.316 | Student lr=0.9505 | Student Train Acc: 56.148 | Time: 137.817 |
[Eval] Epoch: 6 | Teacher Test Loss: 2.062 | Teacher Test Acc: 44.650 | Student Test Loss: 2.071 | Student Test Acc: 44.000 | Teacher Test F1: 0.442 | Student Test F1: 0.431 | Teacher Top 5 Accuracy: 0.766 | Student Top 5 Accuracy: 0.762 | Time: 2.580 | 
Running student landscape probe...
[Train] Epoch: 7 | Teacher lr=0.9292 | Teacher Loss: 1.973 | Teacher Train Acc: 53.380 | Student lr=0.9292 | Student Train Acc: 57.338 | Time: 135.511 |
[Eval] Epoch: 7 | Teacher Test Loss: 2.027 | Teacher Test Acc: 44.740 | Student Test Loss: 2.261 | Student Test Acc: 40.960 | Teacher Test F1: 0.442 | Student Test F1: 0.406 | Teacher Top 5 Accuracy: 0.775 | Student Top 5 Accuracy: 0.733 | Time: 2.468 | 
Running student landscape probe...
[Train] Epoch: 8 | Teacher lr=0.9045 | Teacher Loss: 1.886 | Teacher Train Acc: 55.690 | Student lr=0.9045 | Student Train Acc: 58.166 | Time: 134.901 |
[Eval] Epoch: 8 | Teacher Test Loss: 1.878 | Teacher Test Acc: 48.330 | Student Test Loss: 2.421 | Student Test Acc: 38.260 | Teacher Test F1: 0.479 | Student Test F1: 0.375 | Teacher Top 5 Accuracy: 0.801 | Student Top 5 Accuracy: 0.713 | Time: 2.758 | 
Running student landscape probe...
[Train] Epoch: 9 | Teacher lr=0.8765 | Teacher Loss: 1.840 | Teacher Train Acc: 56.966 | Student lr=0.8765 | Student Train Acc: 59.154 | Time: 137.025 |
[Eval] Epoch: 9 | Teacher Test Loss: 1.906 | Teacher Test Acc: 47.780 | Student Test Loss: 2.704 | Student Test Acc: 34.050 | Teacher Test F1: 0.476 | Student Test F1: 0.338 | Teacher Top 5 Accuracy: 0.803 | Student Top 5 Accuracy: 0.684 | Time: 2.707 | 
Running student landscape probe...
[Train] Epoch: 10 | Teacher lr=0.8455 | Teacher Loss: 1.769 | Teacher Train Acc: 58.626 | Student lr=0.8455 | Student Train Acc: 60.104 | Time: 138.046 |
[Eval] Epoch: 10 | Teacher Test Loss: 1.660 | Teacher Test Acc: 53.150 | Student Test Loss: 1.871 | Student Test Acc: 48.540 | Teacher Test F1: 0.526 | Student Test F1: 0.474 | Teacher Top 5 Accuracy: 0.839 | Student Top 5 Accuracy: 0.800 | Time: 2.651 | 
Running student landscape probe...
[Train] Epoch: 11 | Teacher lr=0.8117 | Teacher Loss: 1.741 | Teacher Train Acc: 59.210 | Student lr=0.8117 | Student Train Acc: 60.700 | Time: 137.308 |
[Eval] Epoch: 11 | Teacher Test Loss: 1.827 | Teacher Test Acc: 50.370 | Student Test Loss: 2.089 | Student Test Acc: 44.860 | Teacher Test F1: 0.498 | Student Test F1: 0.438 | Teacher Top 5 Accuracy: 0.816 | Student Top 5 Accuracy: 0.776 | Time: 2.578 | 
Running student landscape probe...
[Train] Epoch: 12 | Teacher lr=0.7754 | Teacher Loss: 1.670 | Teacher Train Acc: 61.218 | Student lr=0.7754 | Student Train Acc: 61.616 | Time: 138.531 |
[Eval] Epoch: 12 | Teacher Test Loss: 1.597 | Teacher Test Acc: 55.370 | Student Test Loss: 2.124 | Student Test Acc: 44.580 | Teacher Test F1: 0.552 | Student Test F1: 0.448 | Teacher Top 5 Accuracy: 0.847 | Student Top 5 Accuracy: 0.767 | Time: 2.547 | 
Running student landscape probe...
[Train] Epoch: 13 | Teacher lr=0.7369 | Teacher Loss: 1.616 | Teacher Train Acc: 62.796 | Student lr=0.7369 | Student Train Acc: 62.200 | Time: 136.046 |
[Eval] Epoch: 13 | Teacher Test Loss: 1.527 | Teacher Test Acc: 56.560 | Student Test Loss: 2.741 | Student Test Acc: 35.180 | Teacher Test F1: 0.561 | Student Test F1: 0.347 | Teacher Top 5 Accuracy: 0.860 | Student Top 5 Accuracy: 0.648 | Time: 2.626 | 
Running student landscape probe...
[Train] Epoch: 14 | Teacher lr=0.6965 | Teacher Loss: 1.571 | Teacher Train Acc: 63.954 | Student lr=0.6965 | Student Train Acc: 62.922 | Time: 138.008 |
[Eval] Epoch: 14 | Teacher Test Loss: 1.511 | Teacher Test Acc: 56.990 | Student Test Loss: 1.858 | Student Test Acc: 48.830 | Teacher Test F1: 0.570 | Student Test F1: 0.484 | Teacher Top 5 Accuracy: 0.863 | Student Top 5 Accuracy: 0.803 | Time: 2.573 | 
Running student landscape probe...
[Train] Epoch: 15 | Teacher lr=0.6545 | Teacher Loss: 1.545 | Teacher Train Acc: 64.696 | Student lr=0.6545 | Student Train Acc: 63.860 | Time: 137.054 |
[Eval] Epoch: 15 | Teacher Test Loss: 1.758 | Teacher Test Acc: 51.840 | Student Test Loss: 1.906 | Student Test Acc: 49.340 | Teacher Test F1: 0.518 | Student Test F1: 0.499 | Teacher Top 5 Accuracy: 0.826 | Student Top 5 Accuracy: 0.802 | Time: 2.652 | 
Running student landscape probe...
[Train] Epoch: 16 | Teacher lr=0.6113 | Teacher Loss: 1.480 | Teacher Train Acc: 66.412 | Student lr=0.6113 | Student Train Acc: 64.556 | Time: 135.796 |
[Eval] Epoch: 16 | Teacher Test Loss: 1.509 | Teacher Test Acc: 57.980 | Student Test Loss: 2.109 | Student Test Acc: 45.280 | Teacher Test F1: 0.576 | Student Test F1: 0.463 | Teacher Top 5 Accuracy: 0.866 | Student Top 5 Accuracy: 0.766 | Time: 2.564 | 
Running student landscape probe...
[Train] Epoch: 17 | Teacher lr=0.5671 | Teacher Loss: 1.447 | Teacher Train Acc: 66.996 | Student lr=0.5671 | Student Train Acc: 65.316 | Time: 137.479 |
[Eval] Epoch: 17 | Teacher Test Loss: 1.510 | Teacher Test Acc: 57.150 | Student Test Loss: 1.876 | Student Test Acc: 49.650 | Teacher Test F1: 0.574 | Student Test F1: 0.496 | Teacher Top 5 Accuracy: 0.860 | Student Top 5 Accuracy: 0.797 | Time: 2.751 | 
Running student landscape probe...
[Train] Epoch: 18 | Teacher lr=0.5224 | Teacher Loss: 1.392 | Teacher Train Acc: 68.488 | Student lr=0.5224 | Student Train Acc: 66.126 | Time: 136.654 |
[Eval] Epoch: 18 | Teacher Test Loss: 1.387 | Teacher Test Acc: 60.760 | Student Test Loss: 1.867 | Student Test Acc: 49.890 | Teacher Test F1: 0.605 | Student Test F1: 0.500 | Teacher Top 5 Accuracy: 0.880 | Student Top 5 Accuracy: 0.808 | Time: 2.585 | 
Running student landscape probe...
[Train] Epoch: 19 | Teacher lr=0.4776 | Teacher Loss: 1.351 | Teacher Train Acc: 69.532 | Student lr=0.4776 | Student Train Acc: 66.804 | Time: 137.912 |
[Eval] Epoch: 19 | Teacher Test Loss: 1.440 | Teacher Test Acc: 59.570 | Student Test Loss: 1.905 | Student Test Acc: 49.820 | Teacher Test F1: 0.589 | Student Test F1: 0.494 | Teacher Top 5 Accuracy: 0.868 | Student Top 5 Accuracy: 0.791 | Time: 2.698 | 
Running student landscape probe...
[shock] epoch=20 forcing student_lr=0.100000 (window=20..21)
[Train] Epoch: 20 | Teacher lr=0.4329 | Teacher Loss: 1.226 | Teacher Train Acc: 70.986 | Student lr=0.1000 | Student Train Acc: 74.238 | Time: 134.075 |
[Eval] Epoch: 20 | Teacher Test Loss: 1.418 | Teacher Test Acc: 60.290 | Student Test Loss: 1.278 | Student Test Acc: 63.670 | Teacher Test F1: 0.604 | Student Test F1: 0.639 | Teacher Top 5 Accuracy: 0.876 | Student Top 5 Accuracy: 0.893 | Time: 2.682 | 
Running student landscape probe...
[shock] epoch=21 forcing student_lr=0.100000 (window=20..21)
[Train] Epoch: 21 | Teacher lr=0.3887 | Teacher Loss: 1.190 | Teacher Train Acc: 72.042 | Student lr=0.1000 | Student Train Acc: 76.282 | Time: 135.566 |
[Eval] Epoch: 21 | Teacher Test Loss: 1.260 | Teacher Test Acc: 63.990 | Student Test Loss: 1.158 | Student Test Acc: 66.850 | Teacher Test F1: 0.641 | Student Test F1: 0.668 | Teacher Top 5 Accuracy: 0.895 | Student Top 5 Accuracy: 0.907 | Time: 2.637 | 
Running student landscape probe...
[Train] Epoch: 22 | Teacher lr=0.3455 | Teacher Loss: 1.138 | Teacher Train Acc: 73.546 | Student lr=0.0889 | Student Train Acc: 77.200 | Time: 134.110 |
[Eval] Epoch: 22 | Teacher Test Loss: 1.217 | Teacher Test Acc: 65.050 | Student Test Loss: 1.149 | Student Test Acc: 66.400 | Teacher Test F1: 0.651 | Student Test F1: 0.664 | Teacher Top 5 Accuracy: 0.900 | Student Top 5 Accuracy: 0.910 | Time: 2.770 | 
Running student landscape probe...
[Train] Epoch: 23 | Teacher lr=0.3035 | Teacher Loss: 1.074 | Teacher Train Acc: 75.444 | Student lr=0.0781 | Student Train Acc: 78.258 | Time: 138.372 |
[Eval] Epoch: 23 | Teacher Test Loss: 1.305 | Teacher Test Acc: 62.850 | Student Test Loss: 1.196 | Student Test Acc: 66.300 | Teacher Test F1: 0.628 | Student Test F1: 0.661 | Teacher Top 5 Accuracy: 0.890 | Student Top 5 Accuracy: 0.905 | Time: 2.615 | 
Running student landscape probe...
[Train] Epoch: 24 | Teacher lr=0.2631 | Teacher Loss: 1.011 | Teacher Train Acc: 77.150 | Student lr=0.0677 | Student Train Acc: 79.118 | Time: 135.856 |
[Eval] Epoch: 24 | Teacher Test Loss: 1.163 | Teacher Test Acc: 67.200 | Student Test Loss: 1.208 | Student Test Acc: 65.780 | Teacher Test F1: 0.671 | Student Test F1: 0.656 | Teacher Top 5 Accuracy: 0.909 | Student Top 5 Accuracy: 0.904 | Time: 2.654 | 
Running student landscape probe...
[Train] Epoch: 25 | Teacher lr=0.2246 | Teacher Loss: 0.956 | Teacher Train Acc: 78.930 | Student lr=0.0578 | Student Train Acc: 79.970 | Time: 134.917 |
[Eval] Epoch: 25 | Teacher Test Loss: 1.140 | Teacher Test Acc: 67.830 | Student Test Loss: 1.159 | Student Test Acc: 66.930 | Teacher Test F1: 0.679 | Student Test F1: 0.668 | Teacher Top 5 Accuracy: 0.910 | Student Top 5 Accuracy: 0.908 | Time: 2.669 | 
Running student landscape probe...
[Train] Epoch: 26 | Teacher lr=0.1883 | Teacher Loss: 0.891 | Teacher Train Acc: 80.832 | Student lr=0.0484 | Student Train Acc: 80.976 | Time: 137.132 |
[Eval] Epoch: 26 | Teacher Test Loss: 1.035 | Teacher Test Acc: 69.810 | Student Test Loss: 1.166 | Student Test Acc: 66.820 | Teacher Test F1: 0.700 | Student Test F1: 0.668 | Teacher Top 5 Accuracy: 0.926 | Student Top 5 Accuracy: 0.909 | Time: 2.756 | 
Running student landscape probe...
[Train] Epoch: 27 | Teacher lr=0.1545 | Teacher Loss: 0.827 | Teacher Train Acc: 82.684 | Student lr=0.0397 | Student Train Acc: 82.012 | Time: 135.947 |
[Eval] Epoch: 27 | Teacher Test Loss: 1.019 | Teacher Test Acc: 70.370 | Student Test Loss: 1.146 | Student Test Acc: 67.480 | Teacher Test F1: 0.704 | Student Test F1: 0.675 | Teacher Top 5 Accuracy: 0.928 | Student Top 5 Accuracy: 0.911 | Time: 2.588 | 
Running student landscape probe...
[Train] Epoch: 28 | Teacher lr=0.1235 | Teacher Loss: 0.764 | Teacher Train Acc: 84.556 | Student lr=0.0318 | Student Train Acc: 82.878 | Time: 134.778 |
[Eval] Epoch: 28 | Teacher Test Loss: 1.003 | Teacher Test Acc: 71.520 | Student Test Loss: 1.159 | Student Test Acc: 67.530 | Teacher Test F1: 0.716 | Student Test F1: 0.675 | Teacher Top 5 Accuracy: 0.931 | Student Top 5 Accuracy: 0.910 | Time: 2.611 | 
Running student landscape probe...
[Train] Epoch: 29 | Teacher lr=0.0955 | Teacher Loss: 0.703 | Teacher Train Acc: 86.578 | Student lr=0.0246 | Student Train Acc: 83.698 | Time: 135.042 |
[Eval] Epoch: 29 | Teacher Test Loss: 0.945 | Teacher Test Acc: 72.780 | Student Test Loss: 1.123 | Student Test Acc: 68.530 | Teacher Test F1: 0.728 | Student Test F1: 0.685 | Teacher Top 5 Accuracy: 0.933 | Student Top 5 Accuracy: 0.914 | Time: 2.648 | 
Running student landscape probe...
[Train] Epoch: 30 | Teacher lr=0.0708 | Teacher Loss: 0.643 | Teacher Train Acc: 88.284 | Student lr=0.0182 | Student Train Acc: 84.766 | Time: 138.989 |
[Eval] Epoch: 30 | Teacher Test Loss: 0.920 | Teacher Test Acc: 73.650 | Student Test Loss: 1.138 | Student Test Acc: 68.410 | Teacher Test F1: 0.736 | Student Test F1: 0.683 | Teacher Top 5 Accuracy: 0.938 | Student Top 5 Accuracy: 0.912 | Time: 2.670 | 
Running student landscape probe...
[Train] Epoch: 31 | Teacher lr=0.0495 | Teacher Loss: 0.590 | Teacher Train Acc: 89.956 | Student lr=0.0127 | Student Train Acc: 85.570 | Time: 134.848 |
[Eval] Epoch: 31 | Teacher Test Loss: 0.916 | Teacher Test Acc: 73.760 | Student Test Loss: 1.128 | Student Test Acc: 68.620 | Teacher Test F1: 0.739 | Student Test F1: 0.687 | Teacher Top 5 Accuracy: 0.938 | Student Top 5 Accuracy: 0.913 | Time: 2.652 | 
Running student landscape probe...
[Train] Epoch: 32 | Teacher lr=0.0319 | Teacher Loss: 0.547 | Teacher Train Acc: 91.308 | Student lr=0.0082 | Student Train Acc: 86.416 | Time: 137.953 |
[Eval] Epoch: 32 | Teacher Test Loss: 0.883 | Teacher Test Acc: 74.380 | Student Test Loss: 1.108 | Student Test Acc: 69.270 | Teacher Test F1: 0.744 | Student Test F1: 0.692 | Teacher Top 5 Accuracy: 0.941 | Student Top 5 Accuracy: 0.918 | Time: 2.560 | 
Running student landscape probe...
[Train] Epoch: 33 | Teacher lr=0.0180 | Teacher Loss: 0.512 | Teacher Train Acc: 92.312 | Student lr=0.0046 | Student Train Acc: 87.072 | Time: 136.614 |
[Eval] Epoch: 33 | Teacher Test Loss: 0.877 | Teacher Test Acc: 74.890 | Student Test Loss: 1.110 | Student Test Acc: 69.530 | Teacher Test F1: 0.749 | Student Test F1: 0.696 | Teacher Top 5 Accuracy: 0.943 | Student Top 5 Accuracy: 0.919 | Time: 2.677 | 
Running student landscape probe...
[Train] Epoch: 34 | Teacher lr=0.0080 | Teacher Loss: 0.489 | Teacher Train Acc: 93.014 | Student lr=0.0021 | Student Train Acc: 87.612 | Time: 137.592 |
[Eval] Epoch: 34 | Teacher Test Loss: 0.877 | Teacher Test Acc: 74.740 | Student Test Loss: 1.108 | Student Test Acc: 69.540 | Teacher Test F1: 0.748 | Student Test F1: 0.696 | Teacher Top 5 Accuracy: 0.941 | Student Top 5 Accuracy: 0.919 | Time: 2.547 | 
Running student landscape probe...
[Train] Epoch: 35 | Teacher lr=0.0020 | Teacher Loss: 0.477 | Teacher Train Acc: 93.530 | Student lr=0.0005 | Student Train Acc: 87.866 | Time: 133.623 |
[Eval] Epoch: 35 | Teacher Test Loss: 0.876 | Teacher Test Acc: 74.730 | Student Test Loss: 1.102 | Student Test Acc: 69.580 | Teacher Test F1: 0.748 | Student Test F1: 0.696 | Teacher Top 5 Accuracy: 0.942 | Student Top 5 Accuracy: 0.919 | Time: 2.671 | 
Running student landscape probe...
ckpt location: ckpt/robust12h_stars/cosine_shock01_seed2_35ep.pt
