/home/jovyan/.mlspace/envs/egy_llm/lib/python3.11/site-packages/torchvision/datasets/cifar.py:83: VisibleDeprecationWarning: dtype(): align should be passed as Python or NumPy boolean but got `align=0`. Did you mean to pass a tuple to create a subarray type? (Deprecated NumPy 2.4)
  entry = pickle.load(f, encoding="latin1")
depth_list: [110, 20]
Dataset information: cifar100	 50000 images for training 	 10000 images for testing	
teacher depth: 110
student depth: 20
Total number of teacher parameters: 1,169,972
Total number of student parameters: 278,132
Snapshots will be saved to: snapshots/robust12h_stars/cosine_shock01_seed3_35ep
==== train and evaluate unequal restart ====
[Eval] Epoch: 0 | Teacher Test Loss: 9743.739 | Teacher Test Acc: 1.130 | Student Test Loss: 5.207 | Student Test Acc: 1.000 | Teacher Test F1: 0.001 | Student Test F1: 0.000 | Teacher Top 5 Accuracy: 0.048 | Student Top 5 Accuracy: 0.047 | Time: 2.516 | 
Running student landscape probe...
[Train] Epoch: 1 | Teacher lr=1.0000 | Teacher Loss: 4.178 | Teacher Train Acc: 8.962 | Student lr=1.0000 | Student Train Acc: 22.454 | Time: 135.688 |
[Eval] Epoch: 1 | Teacher Test Loss: 3.651 | Teacher Test Acc: 13.810 | Student Test Loss: 3.548 | Student Test Acc: 18.590 | Teacher Test F1: 0.098 | Student Test F1: 0.169 | Teacher Top 5 Accuracy: 0.398 | Student Top 5 Accuracy: 0.476 | Time: 2.589 | 
Running student landscape probe...
[Train] Epoch: 2 | Teacher lr=0.9980 | Teacher Loss: 3.392 | Teacher Train Acc: 23.218 | Student lr=0.9980 | Student Train Acc: 42.998 | Time: 135.569 |
[Eval] Epoch: 2 | Teacher Test Loss: 3.537 | Teacher Test Acc: 17.680 | Student Test Loss: 2.911 | Student Test Acc: 26.680 | Teacher Test F1: 0.159 | Student Test F1: 0.250 | Teacher Top 5 Accuracy: 0.476 | Student Top 5 Accuracy: 0.612 | Time: 2.459 | 
Running student landscape probe...
[Train] Epoch: 3 | Teacher lr=0.9920 | Teacher Loss: 2.828 | Teacher Train Acc: 33.698 | Student lr=0.9920 | Student Train Acc: 48.662 | Time: 137.047 |
[Eval] Epoch: 3 | Teacher Test Loss: 2.806 | Teacher Test Acc: 32.370 | Student Test Loss: 3.209 | Student Test Acc: 25.140 | Teacher Test F1: 0.311 | Student Test F1: 0.241 | Teacher Top 5 Accuracy: 0.639 | Student Top 5 Accuracy: 0.570 | Time: 2.566 | 
Running student landscape probe...
[Train] Epoch: 4 | Teacher lr=0.9820 | Teacher Loss: 2.501 | Teacher Train Acc: 40.770 | Student lr=0.9820 | Student Train Acc: 51.756 | Time: 137.909 |
[Eval] Epoch: 4 | Teacher Test Loss: 2.256 | Teacher Test Acc: 39.350 | Student Test Loss: 2.350 | Student Test Acc: 38.980 | Teacher Test F1: 0.382 | Student Test F1: 0.383 | Teacher Top 5 Accuracy: 0.725 | Student Top 5 Accuracy: 0.724 | Time: 2.488 | 
Running student landscape probe...
[Train] Epoch: 5 | Teacher lr=0.9681 | Teacher Loss: 2.304 | Teacher Train Acc: 45.122 | Student lr=0.9681 | Student Train Acc: 54.316 | Time: 137.863 |
[Eval] Epoch: 5 | Teacher Test Loss: 2.331 | Teacher Test Acc: 39.260 | Student Test Loss: 2.838 | Student Test Acc: 32.690 | Teacher Test F1: 0.384 | Student Test F1: 0.319 | Teacher Top 5 Accuracy: 0.720 | Student Top 5 Accuracy: 0.624 | Time: 2.488 | 
Running student landscape probe...
[Train] Epoch: 6 | Teacher lr=0.9505 | Teacher Loss: 2.163 | Teacher Train Acc: 48.918 | Student lr=0.9505 | Student Train Acc: 54.630 | Time: 136.926 |
[Eval] Epoch: 6 | Teacher Test Loss: 2.119 | Teacher Test Acc: 43.510 | Student Test Loss: 2.767 | Student Test Acc: 33.510 | Teacher Test F1: 0.435 | Student Test F1: 0.328 | Teacher Top 5 Accuracy: 0.757 | Student Top 5 Accuracy: 0.636 | Time: 2.388 | 
Running student landscape probe...
[Train] Epoch: 7 | Teacher lr=0.9292 | Teacher Loss: 2.028 | Teacher Train Acc: 51.702 | Student lr=0.9292 | Student Train Acc: 56.858 | Time: 135.462 |
[Eval] Epoch: 7 | Teacher Test Loss: 2.268 | Teacher Test Acc: 41.400 | Student Test Loss: 2.786 | Student Test Acc: 32.740 | Teacher Test F1: 0.405 | Student Test F1: 0.319 | Teacher Top 5 Accuracy: 0.750 | Student Top 5 Accuracy: 0.659 | Time: 2.497 | 
Running student landscape probe...
[Train] Epoch: 8 | Teacher lr=0.9045 | Teacher Loss: 1.948 | Teacher Train Acc: 54.040 | Student lr=0.9045 | Student Train Acc: 58.046 | Time: 136.131 |
[Eval] Epoch: 8 | Teacher Test Loss: 1.791 | Teacher Test Acc: 49.930 | Student Test Loss: 3.045 | Student Test Acc: 29.590 | Teacher Test F1: 0.499 | Student Test F1: 0.288 | Teacher Top 5 Accuracy: 0.819 | Student Top 5 Accuracy: 0.603 | Time: 2.596 | 
Running student landscape probe...
[Train] Epoch: 9 | Teacher lr=0.8765 | Teacher Loss: 1.861 | Teacher Train Acc: 56.238 | Student lr=0.8765 | Student Train Acc: 58.776 | Time: 136.973 |
[Eval] Epoch: 9 | Teacher Test Loss: 1.850 | Teacher Test Acc: 49.670 | Student Test Loss: 2.407 | Student Test Acc: 39.520 | Teacher Test F1: 0.488 | Student Test F1: 0.382 | Teacher Top 5 Accuracy: 0.809 | Student Top 5 Accuracy: 0.725 | Time: 2.531 | 
Running student landscape probe...
[Train] Epoch: 10 | Teacher lr=0.8455 | Teacher Loss: 1.808 | Teacher Train Acc: 57.790 | Student lr=0.8455 | Student Train Acc: 59.602 | Time: 136.812 |
[Eval] Epoch: 10 | Teacher Test Loss: 1.718 | Teacher Test Acc: 52.090 | Student Test Loss: 2.051 | Student Test Acc: 45.810 | Teacher Test F1: 0.512 | Student Test F1: 0.454 | Teacher Top 5 Accuracy: 0.827 | Student Top 5 Accuracy: 0.769 | Time: 2.526 | 
Running student landscape probe...
[Train] Epoch: 11 | Teacher lr=0.8117 | Teacher Loss: 1.744 | Teacher Train Acc: 59.386 | Student lr=0.8117 | Student Train Acc: 60.624 | Time: 135.282 |
[Eval] Epoch: 11 | Teacher Test Loss: 1.657 | Teacher Test Acc: 53.770 | Student Test Loss: 2.319 | Student Test Acc: 40.050 | Teacher Test F1: 0.530 | Student Test F1: 0.388 | Teacher Top 5 Accuracy: 0.838 | Student Top 5 Accuracy: 0.718 | Time: 2.501 | 
Running student landscape probe...
[Train] Epoch: 12 | Teacher lr=0.7754 | Teacher Loss: 1.697 | Teacher Train Acc: 60.618 | Student lr=0.7754 | Student Train Acc: 61.010 | Time: 135.634 |
[Eval] Epoch: 12 | Teacher Test Loss: 1.632 | Teacher Test Acc: 55.180 | Student Test Loss: 2.422 | Student Test Acc: 40.580 | Teacher Test F1: 0.545 | Student Test F1: 0.407 | Teacher Top 5 Accuracy: 0.840 | Student Top 5 Accuracy: 0.711 | Time: 2.573 | 
Running student landscape probe...
[Train] Epoch: 13 | Teacher lr=0.7369 | Teacher Loss: 1.646 | Teacher Train Acc: 61.720 | Student lr=0.7369 | Student Train Acc: 61.762 | Time: 134.416 |
[Eval] Epoch: 13 | Teacher Test Loss: 1.709 | Teacher Test Acc: 52.940 | Student Test Loss: 2.516 | Student Test Acc: 38.130 | Teacher Test F1: 0.528 | Student Test F1: 0.385 | Teacher Top 5 Accuracy: 0.831 | Student Top 5 Accuracy: 0.707 | Time: 2.371 | 
Running student landscape probe...
[Train] Epoch: 14 | Teacher lr=0.6965 | Teacher Loss: 1.601 | Teacher Train Acc: 63.182 | Student lr=0.6965 | Student Train Acc: 62.706 | Time: 136.560 |
[Eval] Epoch: 14 | Teacher Test Loss: 1.692 | Teacher Test Acc: 52.670 | Student Test Loss: 2.473 | Student Test Acc: 40.310 | Teacher Test F1: 0.523 | Student Test F1: 0.403 | Teacher Top 5 Accuracy: 0.833 | Student Top 5 Accuracy: 0.709 | Time: 2.468 | 
Running student landscape probe...
[Train] Epoch: 15 | Teacher lr=0.6545 | Teacher Loss: 1.562 | Teacher Train Acc: 64.144 | Student lr=0.6545 | Student Train Acc: 63.534 | Time: 138.444 |
[Eval] Epoch: 15 | Teacher Test Loss: 1.590 | Teacher Test Acc: 55.600 | Student Test Loss: 1.958 | Student Test Acc: 47.980 | Teacher Test F1: 0.557 | Student Test F1: 0.478 | Teacher Top 5 Accuracy: 0.852 | Student Top 5 Accuracy: 0.783 | Time: 2.484 | 
Running student landscape probe...
[Train] Epoch: 16 | Teacher lr=0.6113 | Teacher Loss: 1.506 | Teacher Train Acc: 65.498 | Student lr=0.6113 | Student Train Acc: 64.014 | Time: 136.813 |
[Eval] Epoch: 16 | Teacher Test Loss: 1.525 | Teacher Test Acc: 57.310 | Student Test Loss: 2.045 | Student Test Acc: 46.420 | Teacher Test F1: 0.570 | Student Test F1: 0.463 | Teacher Top 5 Accuracy: 0.859 | Student Top 5 Accuracy: 0.769 | Time: 2.529 | 
Running student landscape probe...
[Train] Epoch: 17 | Teacher lr=0.5671 | Teacher Loss: 1.469 | Teacher Train Acc: 66.758 | Student lr=0.5671 | Student Train Acc: 64.808 | Time: 134.690 |
[Eval] Epoch: 17 | Teacher Test Loss: 1.515 | Teacher Test Acc: 57.650 | Student Test Loss: 2.254 | Student Test Acc: 43.560 | Teacher Test F1: 0.576 | Student Test F1: 0.431 | Teacher Top 5 Accuracy: 0.864 | Student Top 5 Accuracy: 0.750 | Time: 2.582 | 
Running student landscape probe...
[Train] Epoch: 18 | Teacher lr=0.5224 | Teacher Loss: 1.419 | Teacher Train Acc: 67.994 | Student lr=0.5224 | Student Train Acc: 65.906 | Time: 135.251 |
[Eval] Epoch: 18 | Teacher Test Loss: 1.434 | Teacher Test Acc: 59.940 | Student Test Loss: 1.745 | Student Test Acc: 52.500 | Teacher Test F1: 0.599 | Student Test F1: 0.526 | Teacher Top 5 Accuracy: 0.872 | Student Top 5 Accuracy: 0.827 | Time: 2.527 | 
Running student landscape probe...
[Train] Epoch: 19 | Teacher lr=0.4776 | Teacher Loss: 1.367 | Teacher Train Acc: 69.474 | Student lr=0.4776 | Student Train Acc: 66.454 | Time: 138.705 |
[Eval] Epoch: 19 | Teacher Test Loss: 1.323 | Teacher Test Acc: 61.930 | Student Test Loss: 1.794 | Student Test Acc: 51.510 | Teacher Test F1: 0.619 | Student Test F1: 0.517 | Teacher Top 5 Accuracy: 0.887 | Student Top 5 Accuracy: 0.818 | Time: 2.480 | 
Running student landscape probe...
[shock] epoch=20 forcing student_lr=0.100000 (window=20..21)
[Train] Epoch: 20 | Teacher lr=0.4329 | Teacher Loss: 1.245 | Teacher Train Acc: 70.604 | Student lr=0.1000 | Student Train Acc: 73.880 | Time: 135.739 |
[Eval] Epoch: 20 | Teacher Test Loss: 1.420 | Teacher Test Acc: 60.160 | Student Test Loss: 1.203 | Student Test Acc: 65.550 | Teacher Test F1: 0.598 | Student Test F1: 0.656 | Teacher Top 5 Accuracy: 0.879 | Student Top 5 Accuracy: 0.901 | Time: 2.511 | 
Running student landscape probe...
[shock] epoch=21 forcing student_lr=0.100000 (window=20..21)
[Train] Epoch: 21 | Teacher lr=0.3887 | Teacher Loss: 1.213 | Teacher Train Acc: 71.304 | Student lr=0.1000 | Student Train Acc: 75.744 | Time: 135.810 |
[Eval] Epoch: 21 | Teacher Test Loss: 1.296 | Teacher Test Acc: 63.550 | Student Test Loss: 1.228 | Student Test Acc: 65.110 | Teacher Test F1: 0.631 | Student Test F1: 0.652 | Teacher Top 5 Accuracy: 0.890 | Student Top 5 Accuracy: 0.896 | Time: 2.548 | 
Running student landscape probe...
[Train] Epoch: 22 | Teacher lr=0.3455 | Teacher Loss: 1.158 | Teacher Train Acc: 73.152 | Student lr=0.0889 | Student Train Acc: 77.024 | Time: 135.213 |
[Eval] Epoch: 22 | Teacher Test Loss: 1.185 | Teacher Test Acc: 66.480 | Student Test Loss: 1.275 | Student Test Acc: 64.280 | Teacher Test F1: 0.662 | Student Test F1: 0.640 | Teacher Top 5 Accuracy: 0.902 | Student Top 5 Accuracy: 0.894 | Time: 2.517 | 
Running student landscape probe...
[Train] Epoch: 23 | Teacher lr=0.3035 | Teacher Loss: 1.102 | Teacher Train Acc: 74.750 | Student lr=0.0781 | Student Train Acc: 77.640 | Time: 136.980 |
[Eval] Epoch: 23 | Teacher Test Loss: 1.193 | Teacher Test Acc: 66.090 | Student Test Loss: 1.198 | Student Test Acc: 65.870 | Teacher Test F1: 0.660 | Student Test F1: 0.657 | Teacher Top 5 Accuracy: 0.905 | Student Top 5 Accuracy: 0.900 | Time: 2.443 | 
Running student landscape probe...
[Train] Epoch: 24 | Teacher lr=0.2631 | Teacher Loss: 1.041 | Teacher Train Acc: 76.472 | Student lr=0.0677 | Student Train Acc: 78.760 | Time: 135.917 |
[Eval] Epoch: 24 | Teacher Test Loss: 1.105 | Teacher Test Acc: 68.100 | Student Test Loss: 1.194 | Student Test Acc: 66.060 | Teacher Test F1: 0.681 | Student Test F1: 0.662 | Teacher Top 5 Accuracy: 0.915 | Student Top 5 Accuracy: 0.901 | Time: 2.503 | 
Running student landscape probe...
[Train] Epoch: 25 | Teacher lr=0.2246 | Teacher Loss: 0.977 | Teacher Train Acc: 78.404 | Student lr=0.0578 | Student Train Acc: 79.558 | Time: 136.948 |
[Eval] Epoch: 25 | Teacher Test Loss: 1.111 | Teacher Test Acc: 68.450 | Student Test Loss: 1.229 | Student Test Acc: 66.050 | Teacher Test F1: 0.687 | Student Test F1: 0.660 | Teacher Top 5 Accuracy: 0.915 | Student Top 5 Accuracy: 0.900 | Time: 2.489 | 
Running student landscape probe...
[Train] Epoch: 26 | Teacher lr=0.1883 | Teacher Loss: 0.911 | Teacher Train Acc: 80.266 | Student lr=0.0484 | Student Train Acc: 80.614 | Time: 136.208 |
[Eval] Epoch: 26 | Teacher Test Loss: 1.072 | Teacher Test Acc: 69.240 | Student Test Loss: 1.231 | Student Test Acc: 65.430 | Teacher Test F1: 0.691 | Student Test F1: 0.652 | Teacher Top 5 Accuracy: 0.921 | Student Top 5 Accuracy: 0.900 | Time: 2.474 | 
Running student landscape probe...
[Train] Epoch: 27 | Teacher lr=0.1545 | Teacher Loss: 0.849 | Teacher Train Acc: 81.938 | Student lr=0.0397 | Student Train Acc: 81.558 | Time: 137.838 |
[Eval] Epoch: 27 | Teacher Test Loss: 1.003 | Teacher Test Acc: 71.150 | Student Test Loss: 1.170 | Student Test Acc: 66.990 | Teacher Test F1: 0.710 | Student Test F1: 0.670 | Teacher Top 5 Accuracy: 0.929 | Student Top 5 Accuracy: 0.907 | Time: 2.513 | 
Running student landscape probe...
[Train] Epoch: 28 | Teacher lr=0.1235 | Teacher Loss: 0.779 | Teacher Train Acc: 84.236 | Student lr=0.0318 | Student Train Acc: 82.716 | Time: 137.201 |
[Eval] Epoch: 28 | Teacher Test Loss: 0.999 | Teacher Test Acc: 71.370 | Student Test Loss: 1.185 | Student Test Acc: 67.370 | Teacher Test F1: 0.716 | Student Test F1: 0.676 | Teacher Top 5 Accuracy: 0.928 | Student Top 5 Accuracy: 0.907 | Time: 2.468 | 
Running student landscape probe...
[Train] Epoch: 29 | Teacher lr=0.0955 | Teacher Loss: 0.717 | Teacher Train Acc: 86.240 | Student lr=0.0246 | Student Train Acc: 83.654 | Time: 137.060 |
[Eval] Epoch: 29 | Teacher Test Loss: 0.948 | Teacher Test Acc: 72.390 | Student Test Loss: 1.136 | Student Test Acc: 68.190 | Teacher Test F1: 0.724 | Student Test F1: 0.681 | Teacher Top 5 Accuracy: 0.937 | Student Top 5 Accuracy: 0.915 | Time: 2.418 | 
Running student landscape probe...
[Train] Epoch: 30 | Teacher lr=0.0708 | Teacher Loss: 0.653 | Teacher Train Acc: 88.008 | Student lr=0.0182 | Student Train Acc: 84.578 | Time: 137.578 |
[Eval] Epoch: 30 | Teacher Test Loss: 0.906 | Teacher Test Acc: 74.100 | Student Test Loss: 1.133 | Student Test Acc: 68.360 | Teacher Test F1: 0.742 | Student Test F1: 0.683 | Teacher Top 5 Accuracy: 0.939 | Student Top 5 Accuracy: 0.914 | Time: 2.271 | 
Running student landscape probe...
[Train] Epoch: 31 | Teacher lr=0.0495 | Teacher Loss: 0.604 | Teacher Train Acc: 89.594 | Student lr=0.0127 | Student Train Acc: 85.416 | Time: 136.327 |
[Eval] Epoch: 31 | Teacher Test Loss: 0.894 | Teacher Test Acc: 74.240 | Student Test Loss: 1.128 | Student Test Acc: 68.840 | Teacher Test F1: 0.742 | Student Test F1: 0.688 | Teacher Top 5 Accuracy: 0.942 | Student Top 5 Accuracy: 0.917 | Time: 2.387 | 
Running student landscape probe...
[Train] Epoch: 32 | Teacher lr=0.0319 | Teacher Loss: 0.556 | Teacher Train Acc: 91.144 | Student lr=0.0082 | Student Train Acc: 86.142 | Time: 137.758 |
[Eval] Epoch: 32 | Teacher Test Loss: 0.877 | Teacher Test Acc: 74.560 | Student Test Loss: 1.117 | Student Test Acc: 69.060 | Teacher Test F1: 0.746 | Student Test F1: 0.691 | Teacher Top 5 Accuracy: 0.943 | Student Top 5 Accuracy: 0.919 | Time: 2.350 | 
Running student landscape probe...
[Train] Epoch: 33 | Teacher lr=0.0180 | Teacher Loss: 0.523 | Teacher Train Acc: 92.264 | Student lr=0.0046 | Student Train Acc: 86.746 | Time: 139.293 |
[Eval] Epoch: 33 | Teacher Test Loss: 0.869 | Teacher Test Acc: 74.920 | Student Test Loss: 1.117 | Student Test Acc: 69.180 | Teacher Test F1: 0.749 | Student Test F1: 0.692 | Teacher Top 5 Accuracy: 0.944 | Student Top 5 Accuracy: 0.921 | Time: 2.366 | 
Running student landscape probe...
[Train] Epoch: 34 | Teacher lr=0.0080 | Teacher Loss: 0.498 | Teacher Train Acc: 92.962 | Student lr=0.0021 | Student Train Acc: 87.388 | Time: 134.415 |
[Eval] Epoch: 34 | Teacher Test Loss: 0.865 | Teacher Test Acc: 75.350 | Student Test Loss: 1.113 | Student Test Acc: 69.670 | Teacher Test F1: 0.754 | Student Test F1: 0.697 | Teacher Top 5 Accuracy: 0.944 | Student Top 5 Accuracy: 0.921 | Time: 2.565 | 
Running student landscape probe...
[Train] Epoch: 35 | Teacher lr=0.0020 | Teacher Loss: 0.488 | Teacher Train Acc: 93.288 | Student lr=0.0005 | Student Train Acc: 87.680 | Time: 134.314 |
[Eval] Epoch: 35 | Teacher Test Loss: 0.861 | Teacher Test Acc: 75.230 | Student Test Loss: 1.109 | Student Test Acc: 69.710 | Teacher Test F1: 0.753 | Student Test F1: 0.697 | Teacher Top 5 Accuracy: 0.944 | Student Top 5 Accuracy: 0.923 | Time: 2.422 | 
Running student landscape probe...
ckpt location: ckpt/robust12h_stars/cosine_shock01_seed3_35ep.pt
