/home/jovyan/.mlspace/envs/egy_llm/lib/python3.11/site-packages/torchvision/datasets/cifar.py:83: VisibleDeprecationWarning: dtype(): align should be passed as Python or NumPy boolean but got `align=0`. Did you mean to pass a tuple to create a subarray type? (Deprecated NumPy 2.4)
  entry = pickle.load(f, encoding="latin1")
depth_list: [110, 20]
Dataset information: cifar100	 50000 images for training 	 10000 images for testing	
teacher depth: 110
student depth: 20
Total number of teacher parameters: 1,169,972
Total number of student parameters: 278,132
Snapshots will be saved to: snapshots/robust12h_stars/cosine_shock05_seed3_35ep
==== train and evaluate unequal restart ====
[Eval] Epoch: 0 | Teacher Test Loss: 9743.739 | Teacher Test Acc: 1.130 | Student Test Loss: 5.207 | Student Test Acc: 1.000 | Teacher Test F1: 0.001 | Student Test F1: 0.000 | Teacher Top 5 Accuracy: 0.048 | Student Top 5 Accuracy: 0.047 | Time: 2.505 | 
Running student landscape probe...
[Train] Epoch: 1 | Teacher lr=1.0000 | Teacher Loss: 4.035 | Teacher Train Acc: 10.832 | Student lr=1.0000 | Student Train Acc: 22.452 | Time: 136.932 |
[Eval] Epoch: 1 | Teacher Test Loss: 3.511 | Teacher Test Acc: 15.890 | Student Test Loss: 3.236 | Student Test Acc: 21.720 | Teacher Test F1: 0.130 | Student Test F1: 0.190 | Teacher Top 5 Accuracy: 0.428 | Student Top 5 Accuracy: 0.523 | Time: 2.715 | 
Running student landscape probe...
[Train] Epoch: 2 | Teacher lr=0.9980 | Teacher Loss: 3.145 | Teacher Train Acc: 26.922 | Student lr=0.9980 | Student Train Acc: 42.462 | Time: 139.099 |
[Eval] Epoch: 2 | Teacher Test Loss: 2.957 | Teacher Test Acc: 24.530 | Student Test Loss: 2.681 | Student Test Acc: 30.660 | Teacher Test F1: 0.231 | Student Test F1: 0.295 | Teacher Top 5 Accuracy: 0.589 | Student Top 5 Accuracy: 0.652 | Time: 2.660 | 
Running student landscape probe...
[Train] Epoch: 3 | Teacher lr=0.9920 | Teacher Loss: 2.657 | Teacher Train Acc: 36.888 | Student lr=0.9920 | Student Train Acc: 49.442 | Time: 136.773 |
[Eval] Epoch: 3 | Teacher Test Loss: 2.558 | Teacher Test Acc: 35.150 | Student Test Loss: 2.494 | Student Test Acc: 36.770 | Teacher Test F1: 0.343 | Student Test F1: 0.365 | Teacher Top 5 Accuracy: 0.675 | Student Top 5 Accuracy: 0.689 | Time: 2.590 | 
Running student landscape probe...
[Train] Epoch: 4 | Teacher lr=0.9820 | Teacher Loss: 2.412 | Teacher Train Acc: 43.014 | Student lr=0.9820 | Student Train Acc: 52.708 | Time: 137.801 |
[Eval] Epoch: 4 | Teacher Test Loss: 4.490 | Teacher Test Acc: 16.610 | Student Test Loss: 2.411 | Student Test Acc: 37.930 | Teacher Test F1: 0.143 | Student Test F1: 0.360 | Teacher Top 5 Accuracy: 0.418 | Student Top 5 Accuracy: 0.693 | Time: 2.650 | 
Running student landscape probe...
[Train] Epoch: 5 | Teacher lr=0.9681 | Teacher Loss: 2.239 | Teacher Train Acc: 46.630 | Student lr=0.9681 | Student Train Acc: 54.528 | Time: 138.741 |
[Eval] Epoch: 5 | Teacher Test Loss: 2.427 | Teacher Test Acc: 37.010 | Student Test Loss: 2.270 | Student Test Acc: 40.490 | Teacher Test F1: 0.370 | Student Test F1: 0.408 | Teacher Top 5 Accuracy: 0.709 | Student Top 5 Accuracy: 0.737 | Time: 2.575 | 
Running student landscape probe...
[Train] Epoch: 6 | Teacher lr=0.9505 | Teacher Loss: 2.092 | Teacher Train Acc: 50.250 | Student lr=0.9505 | Student Train Acc: 56.004 | Time: 137.769 |
[Eval] Epoch: 6 | Teacher Test Loss: 2.498 | Teacher Test Acc: 37.640 | Student Test Loss: 3.575 | Student Test Acc: 22.890 | Teacher Test F1: 0.372 | Student Test F1: 0.219 | Teacher Top 5 Accuracy: 0.686 | Student Top 5 Accuracy: 0.551 | Time: 2.581 | 
Running student landscape probe...
[Train] Epoch: 7 | Teacher lr=0.9292 | Teacher Loss: 1.968 | Teacher Train Acc: 53.340 | Student lr=0.9292 | Student Train Acc: 57.350 | Time: 137.196 |
[Eval] Epoch: 7 | Teacher Test Loss: 2.044 | Teacher Test Acc: 46.280 | Student Test Loss: 2.210 | Student Test Acc: 42.260 | Teacher Test F1: 0.452 | Student Test F1: 0.418 | Teacher Top 5 Accuracy: 0.779 | Student Top 5 Accuracy: 0.751 | Time: 2.554 | 
Running student landscape probe...
[Train] Epoch: 8 | Teacher lr=0.9045 | Teacher Loss: 1.884 | Teacher Train Acc: 55.586 | Student lr=0.9045 | Student Train Acc: 58.364 | Time: 137.551 |
[Eval] Epoch: 8 | Teacher Test Loss: 1.808 | Teacher Test Acc: 49.950 | Student Test Loss: 2.277 | Student Test Acc: 41.770 | Teacher Test F1: 0.498 | Student Test F1: 0.409 | Teacher Top 5 Accuracy: 0.814 | Student Top 5 Accuracy: 0.736 | Time: 2.364 | 
Running student landscape probe...
[Train] Epoch: 9 | Teacher lr=0.8765 | Teacher Loss: 1.817 | Teacher Train Acc: 57.202 | Student lr=0.8765 | Student Train Acc: 59.312 | Time: 138.770 |
[Eval] Epoch: 9 | Teacher Test Loss: 1.721 | Teacher Test Acc: 51.300 | Student Test Loss: 3.466 | Student Test Acc: 25.720 | Teacher Test F1: 0.508 | Student Test F1: 0.242 | Teacher Top 5 Accuracy: 0.831 | Student Top 5 Accuracy: 0.561 | Time: 2.394 | 
Running student landscape probe...
[Train] Epoch: 10 | Teacher lr=0.8455 | Teacher Loss: 1.752 | Teacher Train Acc: 59.196 | Student lr=0.8455 | Student Train Acc: 59.854 | Time: 138.264 |
[Eval] Epoch: 10 | Teacher Test Loss: 1.807 | Teacher Test Acc: 50.160 | Student Test Loss: 3.016 | Student Test Acc: 30.570 | Teacher Test F1: 0.496 | Student Test F1: 0.310 | Teacher Top 5 Accuracy: 0.811 | Student Top 5 Accuracy: 0.629 | Time: 2.370 | 
Running student landscape probe...
[Train] Epoch: 11 | Teacher lr=0.8117 | Teacher Loss: 1.701 | Teacher Train Acc: 60.244 | Student lr=0.8117 | Student Train Acc: 61.036 | Time: 139.780 |
[Eval] Epoch: 11 | Teacher Test Loss: 1.769 | Teacher Test Acc: 50.970 | Student Test Loss: 2.225 | Student Test Acc: 42.350 | Teacher Test F1: 0.502 | Student Test F1: 0.416 | Teacher Top 5 Accuracy: 0.818 | Student Top 5 Accuracy: 0.751 | Time: 2.294 | 
Running student landscape probe...
[Train] Epoch: 12 | Teacher lr=0.7754 | Teacher Loss: 1.661 | Teacher Train Acc: 61.586 | Student lr=0.7754 | Student Train Acc: 61.632 | Time: 138.360 |
[Eval] Epoch: 12 | Teacher Test Loss: 1.736 | Teacher Test Acc: 52.340 | Student Test Loss: 2.126 | Student Test Acc: 44.250 | Teacher Test F1: 0.514 | Student Test F1: 0.439 | Teacher Top 5 Accuracy: 0.822 | Student Top 5 Accuracy: 0.750 | Time: 2.450 | 
Running student landscape probe...
[Train] Epoch: 13 | Teacher lr=0.7369 | Teacher Loss: 1.621 | Teacher Train Acc: 62.626 | Student lr=0.7369 | Student Train Acc: 62.452 | Time: 139.593 |
[Eval] Epoch: 13 | Teacher Test Loss: 1.651 | Teacher Test Acc: 53.980 | Student Test Loss: 1.920 | Student Test Acc: 49.310 | Teacher Test F1: 0.538 | Student Test F1: 0.487 | Teacher Top 5 Accuracy: 0.837 | Student Top 5 Accuracy: 0.801 | Time: 2.503 | 
Running student landscape probe...
[Train] Epoch: 14 | Teacher lr=0.6965 | Teacher Loss: 1.569 | Teacher Train Acc: 64.102 | Student lr=0.6965 | Student Train Acc: 62.984 | Time: 137.581 |
[Eval] Epoch: 14 | Teacher Test Loss: 1.491 | Teacher Test Acc: 57.710 | Student Test Loss: 1.983 | Student Test Acc: 46.360 | Teacher Test F1: 0.573 | Student Test F1: 0.464 | Teacher Top 5 Accuracy: 0.863 | Student Top 5 Accuracy: 0.783 | Time: 2.547 | 
Running student landscape probe...
[Train] Epoch: 15 | Teacher lr=0.6545 | Teacher Loss: 1.526 | Teacher Train Acc: 65.094 | Student lr=0.6545 | Student Train Acc: 64.150 | Time: 137.598 |
[Eval] Epoch: 15 | Teacher Test Loss: 1.521 | Teacher Test Acc: 57.330 | Student Test Loss: 2.131 | Student Test Acc: 46.640 | Teacher Test F1: 0.574 | Student Test F1: 0.456 | Teacher Top 5 Accuracy: 0.858 | Student Top 5 Accuracy: 0.760 | Time: 2.453 | 
Running student landscape probe...
[Train] Epoch: 16 | Teacher lr=0.6113 | Teacher Loss: 1.477 | Teacher Train Acc: 66.208 | Student lr=0.6113 | Student Train Acc: 64.818 | Time: 138.136 |
[Eval] Epoch: 16 | Teacher Test Loss: 1.405 | Teacher Test Acc: 60.000 | Student Test Loss: 1.904 | Student Test Acc: 49.390 | Teacher Test F1: 0.599 | Student Test F1: 0.496 | Teacher Top 5 Accuracy: 0.876 | Student Top 5 Accuracy: 0.799 | Time: 2.482 | 
Running student landscape probe...
[Train] Epoch: 17 | Teacher lr=0.5671 | Teacher Loss: 1.435 | Teacher Train Acc: 67.612 | Student lr=0.5671 | Student Train Acc: 65.348 | Time: 136.912 |
[Eval] Epoch: 17 | Teacher Test Loss: 1.483 | Teacher Test Acc: 57.740 | Student Test Loss: 2.144 | Student Test Acc: 46.240 | Teacher Test F1: 0.575 | Student Test F1: 0.472 | Teacher Top 5 Accuracy: 0.860 | Student Top 5 Accuracy: 0.778 | Time: 2.487 | 
Running student landscape probe...
[Train] Epoch: 18 | Teacher lr=0.5224 | Teacher Loss: 1.393 | Teacher Train Acc: 68.552 | Student lr=0.5224 | Student Train Acc: 66.176 | Time: 137.957 |
[Eval] Epoch: 18 | Teacher Test Loss: 1.355 | Teacher Test Acc: 61.060 | Student Test Loss: 1.688 | Student Test Acc: 54.830 | Teacher Test F1: 0.609 | Student Test F1: 0.548 | Teacher Top 5 Accuracy: 0.887 | Student Top 5 Accuracy: 0.833 | Time: 2.454 | 
Running student landscape probe...
[Train] Epoch: 19 | Teacher lr=0.4776 | Teacher Loss: 1.339 | Teacher Train Acc: 70.196 | Student lr=0.4776 | Student Train Acc: 66.878 | Time: 136.692 |
[Eval] Epoch: 19 | Teacher Test Loss: 1.352 | Teacher Test Acc: 60.980 | Student Test Loss: 1.772 | Student Test Acc: 51.610 | Teacher Test F1: 0.609 | Student Test F1: 0.525 | Teacher Top 5 Accuracy: 0.886 | Student Top 5 Accuracy: 0.825 | Time: 2.772 | 
Running student landscape probe...
[shock] epoch=20 forcing student_lr=0.500000 (window=20..21)
[Train] Epoch: 20 | Teacher lr=0.4329 | Teacher Loss: 1.305 | Teacher Train Acc: 71.636 | Student lr=0.5000 | Student Train Acc: 66.834 | Time: 140.462 |
[Eval] Epoch: 20 | Teacher Test Loss: 1.260 | Teacher Test Acc: 63.560 | Student Test Loss: 1.901 | Student Test Acc: 49.380 | Teacher Test F1: 0.637 | Student Test F1: 0.492 | Teacher Top 5 Accuracy: 0.896 | Student Top 5 Accuracy: 0.803 | Time: 2.696 | 
Running student landscape probe...
[shock] epoch=21 forcing student_lr=0.500000 (window=20..21)
[Train] Epoch: 21 | Teacher lr=0.3887 | Teacher Loss: 1.263 | Teacher Train Acc: 72.904 | Student lr=0.5000 | Student Train Acc: 67.046 | Time: 139.194 |
[Eval] Epoch: 21 | Teacher Test Loss: 1.224 | Teacher Test Acc: 64.180 | Student Test Loss: 1.951 | Student Test Acc: 49.210 | Teacher Test F1: 0.641 | Student Test F1: 0.494 | Teacher Top 5 Accuracy: 0.905 | Student Top 5 Accuracy: 0.788 | Time: 2.497 | 
Running student landscape probe...
[Train] Epoch: 22 | Teacher lr=0.3455 | Teacher Loss: 1.205 | Teacher Train Acc: 74.236 | Student lr=0.4444 | Student Train Acc: 68.300 | Time: 139.491 |
[Eval] Epoch: 22 | Teacher Test Loss: 1.206 | Teacher Test Acc: 65.340 | Student Test Loss: 1.986 | Student Test Acc: 50.660 | Teacher Test F1: 0.650 | Student Test F1: 0.495 | Teacher Top 5 Accuracy: 0.900 | Student Top 5 Accuracy: 0.791 | Time: 2.515 | 
Running student landscape probe...
[Train] Epoch: 23 | Teacher lr=0.3035 | Teacher Loss: 1.155 | Teacher Train Acc: 75.710 | Student lr=0.3903 | Student Train Acc: 69.578 | Time: 139.939 |
[Eval] Epoch: 23 | Teacher Test Loss: 1.140 | Teacher Test Acc: 66.860 | Student Test Loss: 1.954 | Student Test Acc: 49.570 | Teacher Test F1: 0.668 | Student Test F1: 0.504 | Teacher Top 5 Accuracy: 0.915 | Student Top 5 Accuracy: 0.788 | Time: 2.528 | 
Running student landscape probe...
[Train] Epoch: 24 | Teacher lr=0.2631 | Teacher Loss: 1.095 | Teacher Train Acc: 77.266 | Student lr=0.3384 | Student Train Acc: 70.386 | Time: 136.718 |
[Eval] Epoch: 24 | Teacher Test Loss: 1.148 | Teacher Test Acc: 66.380 | Student Test Loss: 1.666 | Student Test Acc: 55.320 | Teacher Test F1: 0.661 | Student Test F1: 0.555 | Teacher Top 5 Accuracy: 0.906 | Student Top 5 Accuracy: 0.840 | Time: 2.614 | 
Running student landscape probe...
[Train] Epoch: 25 | Teacher lr=0.2246 | Teacher Loss: 1.039 | Teacher Train Acc: 78.678 | Student lr=0.2888 | Student Train Acc: 71.788 | Time: 138.990 |
[Eval] Epoch: 25 | Teacher Test Loss: 1.069 | Teacher Test Acc: 69.540 | Student Test Loss: 1.658 | Student Test Acc: 55.530 | Teacher Test F1: 0.694 | Student Test F1: 0.560 | Teacher Top 5 Accuracy: 0.920 | Student Top 5 Accuracy: 0.837 | Time: 2.505 | 
Running student landscape probe...
[Train] Epoch: 26 | Teacher lr=0.1883 | Teacher Loss: 0.972 | Teacher Train Acc: 80.658 | Student lr=0.2421 | Student Train Acc: 73.618 | Time: 137.046 |
[Eval] Epoch: 26 | Teacher Test Loss: 1.029 | Teacher Test Acc: 69.580 | Student Test Loss: 1.519 | Student Test Acc: 58.510 | Teacher Test F1: 0.696 | Student Test F1: 0.584 | Teacher Top 5 Accuracy: 0.925 | Student Top 5 Accuracy: 0.860 | Time: 2.520 | 
Running student landscape probe...
[Train] Epoch: 27 | Teacher lr=0.1545 | Teacher Loss: 0.910 | Teacher Train Acc: 82.446 | Student lr=0.1987 | Student Train Acc: 74.610 | Time: 138.793 |
[Eval] Epoch: 27 | Teacher Test Loss: 0.990 | Teacher Test Acc: 71.230 | Student Test Loss: 1.665 | Student Test Acc: 55.140 | Teacher Test F1: 0.713 | Student Test F1: 0.557 | Teacher Top 5 Accuracy: 0.931 | Student Top 5 Accuracy: 0.842 | Time: 2.477 | 
Running student landscape probe...
[Train] Epoch: 28 | Teacher lr=0.1235 | Teacher Loss: 0.843 | Teacher Train Acc: 84.242 | Student lr=0.1588 | Student Train Acc: 76.360 | Time: 137.888 |
[Eval] Epoch: 28 | Teacher Test Loss: 0.951 | Teacher Test Acc: 72.310 | Student Test Loss: 1.382 | Student Test Acc: 61.810 | Teacher Test F1: 0.724 | Student Test F1: 0.617 | Teacher Top 5 Accuracy: 0.934 | Student Top 5 Accuracy: 0.880 | Time: 2.452 | 
Running student landscape probe...
[Train] Epoch: 29 | Teacher lr=0.0955 | Teacher Loss: 0.775 | Teacher Train Acc: 86.306 | Student lr=0.1228 | Student Train Acc: 78.162 | Time: 138.691 |
[Eval] Epoch: 29 | Teacher Test Loss: 0.924 | Teacher Test Acc: 72.870 | Student Test Loss: 1.348 | Student Test Acc: 63.140 | Teacher Test F1: 0.729 | Student Test F1: 0.635 | Teacher Top 5 Accuracy: 0.934 | Student Top 5 Accuracy: 0.889 | Time: 2.519 | 
Running student landscape probe...
[Train] Epoch: 30 | Teacher lr=0.0708 | Teacher Loss: 0.710 | Teacher Train Acc: 87.922 | Student lr=0.0910 | Student Train Acc: 79.724 | Time: 137.808 |
[Eval] Epoch: 30 | Teacher Test Loss: 0.902 | Teacher Test Acc: 73.820 | Student Test Loss: 1.236 | Student Test Acc: 65.600 | Teacher Test F1: 0.739 | Student Test F1: 0.659 | Teacher Top 5 Accuracy: 0.940 | Student Top 5 Accuracy: 0.900 | Time: 2.271 | 
Running student landscape probe...
[Train] Epoch: 31 | Teacher lr=0.0495 | Teacher Loss: 0.646 | Teacher Train Acc: 89.728 | Student lr=0.0637 | Student Train Acc: 81.794 | Time: 137.975 |
[Eval] Epoch: 31 | Teacher Test Loss: 0.883 | Teacher Test Acc: 74.260 | Student Test Loss: 1.184 | Student Test Acc: 66.920 | Teacher Test F1: 0.743 | Student Test F1: 0.670 | Teacher Top 5 Accuracy: 0.941 | Student Top 5 Accuracy: 0.911 | Time: 2.691 | 
Running student landscape probe...
[Train] Epoch: 32 | Teacher lr=0.0319 | Teacher Loss: 0.588 | Teacher Train Acc: 91.076 | Student lr=0.0410 | Student Train Acc: 83.466 | Time: 137.583 |
[Eval] Epoch: 32 | Teacher Test Loss: 0.864 | Teacher Test Acc: 75.260 | Student Test Loss: 1.175 | Student Test Acc: 67.640 | Teacher Test F1: 0.753 | Student Test F1: 0.676 | Teacher Top 5 Accuracy: 0.942 | Student Top 5 Accuracy: 0.910 | Time: 2.696 | 
Running student landscape probe...
[Train] Epoch: 33 | Teacher lr=0.0180 | Teacher Loss: 0.540 | Teacher Train Acc: 92.156 | Student lr=0.0232 | Student Train Acc: 85.512 | Time: 138.938 |
[Eval] Epoch: 33 | Teacher Test Loss: 0.855 | Teacher Test Acc: 75.590 | Student Test Loss: 1.116 | Student Test Acc: 69.360 | Teacher Test F1: 0.756 | Student Test F1: 0.694 | Teacher Top 5 Accuracy: 0.943 | Student Top 5 Accuracy: 0.919 | Time: 2.701 | 
Running student landscape probe...
[Train] Epoch: 34 | Teacher lr=0.0080 | Teacher Loss: 0.506 | Teacher Train Acc: 92.834 | Student lr=0.0103 | Student Train Acc: 86.598 | Time: 138.639 |
[Eval] Epoch: 34 | Teacher Test Loss: 0.850 | Teacher Test Acc: 75.770 | Student Test Loss: 1.080 | Student Test Acc: 70.190 | Teacher Test F1: 0.758 | Student Test F1: 0.702 | Teacher Top 5 Accuracy: 0.943 | Student Top 5 Accuracy: 0.920 | Time: 2.686 | 
Running student landscape probe...
[Train] Epoch: 35 | Teacher lr=0.0020 | Teacher Loss: 0.486 | Teacher Train Acc: 93.250 | Student lr=0.0026 | Student Train Acc: 87.466 | Time: 131.325 |
[Eval] Epoch: 35 | Teacher Test Loss: 0.849 | Teacher Test Acc: 75.710 | Student Test Loss: 1.075 | Student Test Acc: 70.140 | Teacher Test F1: 0.758 | Student Test F1: 0.702 | Teacher Top 5 Accuracy: 0.944 | Student Top 5 Accuracy: 0.922 | Time: 1.831 | 
Running student landscape probe...
ckpt location: ckpt/robust12h_stars/cosine_shock05_seed3_35ep.pt
