/home/jovyan/.mlspace/envs/egy_llm/lib/python3.11/site-packages/torchvision/datasets/cifar.py:83: VisibleDeprecationWarning: dtype(): align should be passed as Python or NumPy boolean but got `align=0`. Did you mean to pass a tuple to create a subarray type? (Deprecated NumPy 2.4)
  entry = pickle.load(f, encoding="latin1")
depth_list: [110, 20]
Dataset information: cifar100	 50000 images for training 	 10000 images for testing	
teacher depth: 110
student depth: 20
Total number of teacher parameters: 1,169,972
Total number of student parameters: 278,132
Snapshots will be saved to: snapshots/robust12h_stars/cosine_shock10_seed1_35ep
==== train and evaluate unequal restart ====
[Eval] Epoch: 0 | Teacher Test Loss: 12407.062 | Teacher Test Acc: 0.990 | Student Test Loss: 7.984 | Student Test Acc: 1.020 | Teacher Test F1: 0.000 | Student Test F1: 0.000 | Teacher Top 5 Accuracy: 0.050 | Student Top 5 Accuracy: 0.046 | Time: 2.494 | 
Running student landscape probe...
[Train] Epoch: 1 | Teacher lr=1.0000 | Teacher Loss: 4.031 | Teacher Train Acc: 10.798 | Student lr=1.0000 | Student Train Acc: 22.164 | Time: 135.860 |
[Eval] Epoch: 1 | Teacher Test Loss: 3.761 | Teacher Test Acc: 12.860 | Student Test Loss: 2.857 | Student Test Acc: 27.710 | Teacher Test F1: 0.098 | Student Test F1: 0.255 | Teacher Top 5 Accuracy: 0.363 | Student Top 5 Accuracy: 0.592 | Time: 2.508 | 
Running student landscape probe...
[Train] Epoch: 2 | Teacher lr=0.9980 | Teacher Loss: 3.292 | Teacher Train Acc: 24.874 | Student lr=0.9980 | Student Train Acc: 42.038 | Time: 137.663 |
[Eval] Epoch: 2 | Teacher Test Loss: 3.043 | Teacher Test Acc: 25.470 | Student Test Loss: 2.622 | Student Test Acc: 32.970 | Teacher Test F1: 0.240 | Student Test F1: 0.321 | Teacher Top 5 Accuracy: 0.565 | Student Top 5 Accuracy: 0.665 | Time: 2.424 | 
Running student landscape probe...
[Train] Epoch: 3 | Teacher lr=0.9920 | Teacher Loss: 2.707 | Teacher Train Acc: 35.808 | Student lr=0.9920 | Student Train Acc: 48.172 | Time: 136.391 |
[Eval] Epoch: 3 | Teacher Test Loss: 2.640 | Teacher Test Acc: 32.870 | Student Test Loss: 2.568 | Student Test Acc: 33.520 | Teacher Test F1: 0.314 | Student Test F1: 0.328 | Teacher Top 5 Accuracy: 0.663 | Student Top 5 Accuracy: 0.682 | Time: 2.611 | 
Running student landscape probe...
[Train] Epoch: 4 | Teacher lr=0.9820 | Teacher Loss: 2.420 | Teacher Train Acc: 42.646 | Student lr=0.9820 | Student Train Acc: 51.874 | Time: 137.010 |
[Eval] Epoch: 4 | Teacher Test Loss: 2.931 | Teacher Test Acc: 28.890 | Student Test Loss: 2.420 | Student Test Acc: 36.880 | Teacher Test F1: 0.284 | Student Test F1: 0.365 | Teacher Top 5 Accuracy: 0.615 | Student Top 5 Accuracy: 0.706 | Time: 2.747 | 
Running student landscape probe...
[Train] Epoch: 5 | Teacher lr=0.9681 | Teacher Loss: 2.334 | Teacher Train Acc: 45.024 | Student lr=0.9681 | Student Train Acc: 54.072 | Time: 137.887 |
[Eval] Epoch: 5 | Teacher Test Loss: 2.306 | Teacher Test Acc: 38.310 | Student Test Loss: 2.582 | Student Test Acc: 35.010 | Teacher Test F1: 0.374 | Student Test F1: 0.342 | Teacher Top 5 Accuracy: 0.725 | Student Top 5 Accuracy: 0.680 | Time: 2.548 | 
Running student landscape probe...
[Train] Epoch: 6 | Teacher lr=0.9505 | Teacher Loss: 2.097 | Teacher Train Acc: 50.088 | Student lr=0.9505 | Student Train Acc: 55.692 | Time: 136.348 |
[Eval] Epoch: 6 | Teacher Test Loss: 2.202 | Teacher Test Acc: 41.940 | Student Test Loss: 2.571 | Student Test Acc: 35.330 | Teacher Test F1: 0.411 | Student Test F1: 0.357 | Teacher Top 5 Accuracy: 0.749 | Student Top 5 Accuracy: 0.689 | Time: 2.374 | 
Running student landscape probe...
[Train] Epoch: 7 | Teacher lr=0.9292 | Teacher Loss: 1.994 | Teacher Train Acc: 53.018 | Student lr=0.9292 | Student Train Acc: 57.038 | Time: 137.600 |
[Eval] Epoch: 7 | Teacher Test Loss: 2.077 | Teacher Test Acc: 43.860 | Student Test Loss: 2.408 | Student Test Acc: 38.840 | Teacher Test F1: 0.430 | Student Test F1: 0.377 | Teacher Top 5 Accuracy: 0.762 | Student Top 5 Accuracy: 0.717 | Time: 2.441 | 
Running student landscape probe...
[Train] Epoch: 8 | Teacher lr=0.9045 | Teacher Loss: 1.908 | Teacher Train Acc: 55.048 | Student lr=0.9045 | Student Train Acc: 58.092 | Time: 135.202 |
[Eval] Epoch: 8 | Teacher Test Loss: 2.048 | Teacher Test Acc: 46.700 | Student Test Loss: 2.801 | Student Test Acc: 34.420 | Teacher Test F1: 0.465 | Student Test F1: 0.349 | Teacher Top 5 Accuracy: 0.776 | Student Top 5 Accuracy: 0.660 | Time: 2.464 | 
Running student landscape probe...
[Train] Epoch: 9 | Teacher lr=0.8765 | Teacher Loss: 1.834 | Teacher Train Acc: 56.786 | Student lr=0.8765 | Student Train Acc: 58.872 | Time: 137.827 |
[Eval] Epoch: 9 | Teacher Test Loss: 1.861 | Teacher Test Acc: 48.960 | Student Test Loss: 2.223 | Student Test Acc: 43.370 | Teacher Test F1: 0.486 | Student Test F1: 0.430 | Teacher Top 5 Accuracy: 0.803 | Student Top 5 Accuracy: 0.750 | Time: 2.475 | 
Running student landscape probe...
[Train] Epoch: 10 | Teacher lr=0.8455 | Teacher Loss: 1.773 | Teacher Train Acc: 58.766 | Student lr=0.8455 | Student Train Acc: 59.992 | Time: 135.779 |
[Eval] Epoch: 10 | Teacher Test Loss: 1.822 | Teacher Test Acc: 49.590 | Student Test Loss: 2.923 | Student Test Acc: 32.300 | Teacher Test F1: 0.487 | Student Test F1: 0.330 | Teacher Top 5 Accuracy: 0.816 | Student Top 5 Accuracy: 0.656 | Time: 2.560 | 
Running student landscape probe...
[Train] Epoch: 11 | Teacher lr=0.8117 | Teacher Loss: 1.709 | Teacher Train Acc: 60.238 | Student lr=0.8117 | Student Train Acc: 60.486 | Time: 136.731 |
[Eval] Epoch: 11 | Teacher Test Loss: 1.894 | Teacher Test Acc: 49.310 | Student Test Loss: 2.716 | Student Test Acc: 34.600 | Teacher Test F1: 0.487 | Student Test F1: 0.345 | Teacher Top 5 Accuracy: 0.813 | Student Top 5 Accuracy: 0.671 | Time: 2.461 | 
Running student landscape probe...
[Train] Epoch: 12 | Teacher lr=0.7754 | Teacher Loss: 1.665 | Teacher Train Acc: 61.612 | Student lr=0.7754 | Student Train Acc: 61.620 | Time: 136.976 |
[Eval] Epoch: 12 | Teacher Test Loss: 1.639 | Teacher Test Acc: 54.080 | Student Test Loss: 2.035 | Student Test Acc: 46.510 | Teacher Test F1: 0.537 | Student Test F1: 0.468 | Teacher Top 5 Accuracy: 0.845 | Student Top 5 Accuracy: 0.782 | Time: 2.427 | 
Running student landscape probe...
[Train] Epoch: 13 | Teacher lr=0.7369 | Teacher Loss: 1.623 | Teacher Train Acc: 62.798 | Student lr=0.7369 | Student Train Acc: 62.316 | Time: 135.028 |
[Eval] Epoch: 13 | Teacher Test Loss: 1.596 | Teacher Test Acc: 55.030 | Student Test Loss: 1.990 | Student Test Acc: 46.900 | Teacher Test F1: 0.543 | Student Test F1: 0.462 | Teacher Top 5 Accuracy: 0.848 | Student Top 5 Accuracy: 0.777 | Time: 2.204 | 
Running student landscape probe...
[Train] Epoch: 14 | Teacher lr=0.6965 | Teacher Loss: 1.580 | Teacher Train Acc: 63.762 | Student lr=0.6965 | Student Train Acc: 62.780 | Time: 133.403 |
[Eval] Epoch: 14 | Teacher Test Loss: 1.496 | Teacher Test Acc: 57.260 | Student Test Loss: 2.193 | Student Test Acc: 44.940 | Teacher Test F1: 0.568 | Student Test F1: 0.449 | Teacher Top 5 Accuracy: 0.864 | Student Top 5 Accuracy: 0.761 | Time: 2.504 | 
Running student landscape probe...
[Train] Epoch: 15 | Teacher lr=0.6545 | Teacher Loss: 1.527 | Teacher Train Acc: 65.126 | Student lr=0.6545 | Student Train Acc: 63.524 | Time: 136.816 |
[Eval] Epoch: 15 | Teacher Test Loss: 1.555 | Teacher Test Acc: 56.190 | Student Test Loss: 1.923 | Student Test Acc: 48.030 | Teacher Test F1: 0.565 | Student Test F1: 0.479 | Teacher Top 5 Accuracy: 0.855 | Student Top 5 Accuracy: 0.794 | Time: 2.402 | 
Running student landscape probe...
[Train] Epoch: 16 | Teacher lr=0.6113 | Teacher Loss: 1.480 | Teacher Train Acc: 66.578 | Student lr=0.6113 | Student Train Acc: 64.306 | Time: 136.426 |
[Eval] Epoch: 16 | Teacher Test Loss: 1.377 | Teacher Test Acc: 60.540 | Student Test Loss: 1.904 | Student Test Acc: 49.080 | Teacher Test F1: 0.608 | Student Test F1: 0.488 | Teacher Top 5 Accuracy: 0.883 | Student Top 5 Accuracy: 0.796 | Time: 2.394 | 
Running student landscape probe...
[Train] Epoch: 17 | Teacher lr=0.5671 | Teacher Loss: 1.441 | Teacher Train Acc: 67.598 | Student lr=0.5671 | Student Train Acc: 65.010 | Time: 137.587 |
[Eval] Epoch: 17 | Teacher Test Loss: 1.399 | Teacher Test Acc: 60.440 | Student Test Loss: 1.891 | Student Test Acc: 49.910 | Teacher Test F1: 0.599 | Student Test F1: 0.490 | Teacher Top 5 Accuracy: 0.876 | Student Top 5 Accuracy: 0.800 | Time: 2.481 | 
Running student landscape probe...
[Train] Epoch: 18 | Teacher lr=0.5224 | Teacher Loss: 1.390 | Teacher Train Acc: 68.994 | Student lr=0.5224 | Student Train Acc: 66.254 | Time: 137.652 |
[Eval] Epoch: 18 | Teacher Test Loss: 1.371 | Teacher Test Acc: 60.940 | Student Test Loss: 1.637 | Student Test Acc: 54.790 | Teacher Test F1: 0.608 | Student Test F1: 0.543 | Teacher Top 5 Accuracy: 0.878 | Student Top 5 Accuracy: 0.841 | Time: 2.360 | 
Running student landscape probe...
[Train] Epoch: 19 | Teacher lr=0.4776 | Teacher Loss: 1.344 | Teacher Train Acc: 70.048 | Student lr=0.4776 | Student Train Acc: 67.046 | Time: 138.026 |
[Eval] Epoch: 19 | Teacher Test Loss: 1.343 | Teacher Test Acc: 61.490 | Student Test Loss: 1.704 | Student Test Acc: 52.900 | Teacher Test F1: 0.615 | Student Test F1: 0.530 | Teacher Top 5 Accuracy: 0.889 | Student Top 5 Accuracy: 0.829 | Time: 2.510 | 
Running student landscape probe...
[shock] epoch=20 forcing student_lr=1.000000 (window=20..21)
[Train] Epoch: 20 | Teacher lr=0.4329 | Teacher Loss: 1.424 | Teacher Train Acc: 71.294 | Student lr=1.0000 | Student Train Acc: 57.754 | Time: 138.091 |
[Eval] Epoch: 20 | Teacher Test Loss: 1.280 | Teacher Test Acc: 63.110 | Student Test Loss: 3.005 | Student Test Acc: 32.510 | Teacher Test F1: 0.630 | Student Test F1: 0.337 | Teacher Top 5 Accuracy: 0.895 | Student Top 5 Accuracy: 0.679 | Time: 2.365 | 
Running student landscape probe...
[shock] epoch=21 forcing student_lr=1.000000 (window=20..21)
[Train] Epoch: 21 | Teacher lr=0.3887 | Teacher Loss: 1.322 | Teacher Train Acc: 73.242 | Student lr=1.0000 | Student Train Acc: 60.662 | Time: 136.299 |
[Eval] Epoch: 21 | Teacher Test Loss: 1.208 | Teacher Test Acc: 65.290 | Student Test Loss: 2.447 | Student Test Acc: 40.360 | Teacher Test F1: 0.651 | Student Test F1: 0.397 | Teacher Top 5 Accuracy: 0.905 | Student Top 5 Accuracy: 0.724 | Time: 2.452 | 
Running student landscape probe...
[Train] Epoch: 22 | Teacher lr=0.3455 | Teacher Loss: 1.273 | Teacher Train Acc: 74.162 | Student lr=0.8887 | Student Train Acc: 62.246 | Time: 137.246 |
[Eval] Epoch: 22 | Teacher Test Loss: 1.204 | Teacher Test Acc: 65.760 | Student Test Loss: 2.196 | Student Test Acc: 44.060 | Teacher Test F1: 0.657 | Student Test F1: 0.433 | Teacher Top 5 Accuracy: 0.904 | Student Top 5 Accuracy: 0.759 | Time: 2.449 | 
Running student landscape probe...
[Train] Epoch: 23 | Teacher lr=0.3035 | Teacher Loss: 1.215 | Teacher Train Acc: 75.848 | Student lr=0.7807 | Student Train Acc: 63.580 | Time: 136.973 |
[Eval] Epoch: 23 | Teacher Test Loss: 1.149 | Teacher Test Acc: 67.030 | Student Test Loss: 2.259 | Student Test Acc: 43.420 | Teacher Test F1: 0.670 | Student Test F1: 0.434 | Teacher Top 5 Accuracy: 0.912 | Student Top 5 Accuracy: 0.739 | Time: 2.472 | 
Running student landscape probe...
[Train] Epoch: 24 | Teacher lr=0.2631 | Teacher Loss: 1.156 | Teacher Train Acc: 77.298 | Student lr=0.6767 | Student Train Acc: 64.896 | Time: 135.133 |
[Eval] Epoch: 24 | Teacher Test Loss: 1.115 | Teacher Test Acc: 68.060 | Student Test Loss: 1.991 | Student Test Acc: 48.440 | Teacher Test F1: 0.680 | Student Test F1: 0.484 | Teacher Top 5 Accuracy: 0.917 | Student Top 5 Accuracy: 0.792 | Time: 2.508 | 
Running student landscape probe...
[Train] Epoch: 25 | Teacher lr=0.2246 | Teacher Loss: 1.100 | Teacher Train Acc: 78.868 | Student lr=0.5776 | Student Train Acc: 66.210 | Time: 136.290 |
[Eval] Epoch: 25 | Teacher Test Loss: 1.118 | Teacher Test Acc: 68.030 | Student Test Loss: 1.856 | Student Test Acc: 51.140 | Teacher Test F1: 0.680 | Student Test F1: 0.511 | Teacher Top 5 Accuracy: 0.915 | Student Top 5 Accuracy: 0.811 | Time: 2.586 | 
Running student landscape probe...
[Train] Epoch: 26 | Teacher lr=0.1883 | Teacher Loss: 1.036 | Teacher Train Acc: 80.580 | Student lr=0.4843 | Student Train Acc: 67.454 | Time: 136.069 |
[Eval] Epoch: 26 | Teacher Test Loss: 1.055 | Teacher Test Acc: 69.400 | Student Test Loss: 1.753 | Student Test Acc: 52.260 | Teacher Test F1: 0.694 | Student Test F1: 0.530 | Teacher Top 5 Accuracy: 0.921 | Student Top 5 Accuracy: 0.822 | Time: 2.536 | 
Running student landscape probe...
[Train] Epoch: 27 | Teacher lr=0.1545 | Teacher Loss: 0.972 | Teacher Train Acc: 82.242 | Student lr=0.3974 | Student Train Acc: 69.226 | Time: 134.173 |
[Eval] Epoch: 27 | Teacher Test Loss: 0.994 | Teacher Test Acc: 71.300 | Student Test Loss: 1.733 | Student Test Acc: 53.580 | Teacher Test F1: 0.713 | Student Test F1: 0.535 | Teacher Top 5 Accuracy: 0.928 | Student Top 5 Accuracy: 0.826 | Time: 2.446 | 
Running student landscape probe...
[Train] Epoch: 28 | Teacher lr=0.1235 | Teacher Loss: 0.900 | Teacher Train Acc: 84.326 | Student lr=0.3176 | Student Train Acc: 71.090 | Time: 135.251 |
[Eval] Epoch: 28 | Teacher Test Loss: 0.956 | Teacher Test Acc: 72.270 | Student Test Loss: 1.698 | Student Test Acc: 55.160 | Teacher Test F1: 0.723 | Student Test F1: 0.555 | Teacher Top 5 Accuracy: 0.933 | Student Top 5 Accuracy: 0.835 | Time: 2.530 | 
Running student landscape probe...
[Train] Epoch: 29 | Teacher lr=0.0955 | Teacher Loss: 0.836 | Teacher Train Acc: 86.066 | Student lr=0.2456 | Student Train Acc: 72.672 | Time: 137.714 |
[Eval] Epoch: 29 | Teacher Test Loss: 0.933 | Teacher Test Acc: 72.580 | Student Test Loss: 1.541 | Student Test Acc: 58.270 | Teacher Test F1: 0.726 | Student Test F1: 0.579 | Teacher Top 5 Accuracy: 0.935 | Student Top 5 Accuracy: 0.856 | Time: 2.532 | 
Running student landscape probe...
[Train] Epoch: 30 | Teacher lr=0.0708 | Teacher Loss: 0.769 | Teacher Train Acc: 87.702 | Student lr=0.1821 | Student Train Acc: 74.982 | Time: 137.416 |
[Eval] Epoch: 30 | Teacher Test Loss: 0.907 | Teacher Test Acc: 73.430 | Student Test Loss: 1.465 | Student Test Acc: 60.710 | Teacher Test F1: 0.735 | Student Test F1: 0.609 | Teacher Top 5 Accuracy: 0.939 | Student Top 5 Accuracy: 0.867 | Time: 2.515 | 
Running student landscape probe...
[Train] Epoch: 31 | Teacher lr=0.0495 | Teacher Loss: 0.702 | Teacher Train Acc: 89.316 | Student lr=0.1274 | Student Train Acc: 77.104 | Time: 137.549 |
[Eval] Epoch: 31 | Teacher Test Loss: 0.882 | Teacher Test Acc: 74.540 | Student Test Loss: 1.356 | Student Test Acc: 62.870 | Teacher Test F1: 0.744 | Student Test F1: 0.629 | Teacher Top 5 Accuracy: 0.941 | Student Top 5 Accuracy: 0.882 | Time: 2.516 | 
Running student landscape probe...
[Train] Epoch: 32 | Teacher lr=0.0319 | Teacher Loss: 0.636 | Teacher Train Acc: 90.780 | Student lr=0.0820 | Student Train Acc: 79.828 | Time: 133.483 |
[Eval] Epoch: 32 | Teacher Test Loss: 0.871 | Teacher Test Acc: 74.630 | Student Test Loss: 1.250 | Student Test Acc: 65.270 | Teacher Test F1: 0.747 | Student Test F1: 0.653 | Teacher Top 5 Accuracy: 0.942 | Student Top 5 Accuracy: 0.899 | Time: 2.825 | 
Running student landscape probe...
[Train] Epoch: 33 | Teacher lr=0.0180 | Teacher Loss: 0.580 | Teacher Train Acc: 91.716 | Student lr=0.0464 | Student Train Acc: 81.768 | Time: 135.212 |
[Eval] Epoch: 33 | Teacher Test Loss: 0.857 | Teacher Test Acc: 75.060 | Student Test Loss: 1.142 | Student Test Acc: 67.280 | Teacher Test F1: 0.750 | Student Test F1: 0.673 | Teacher Top 5 Accuracy: 0.943 | Student Top 5 Accuracy: 0.910 | Time: 2.820 | 
Running student landscape probe...
[Train] Epoch: 34 | Teacher lr=0.0080 | Teacher Loss: 0.534 | Teacher Train Acc: 92.592 | Student lr=0.0207 | Student Train Acc: 84.182 | Time: 136.583 |
[Eval] Epoch: 34 | Teacher Test Loss: 0.855 | Teacher Test Acc: 75.170 | Student Test Loss: 1.117 | Student Test Acc: 68.570 | Teacher Test F1: 0.752 | Student Test F1: 0.686 | Teacher Top 5 Accuracy: 0.944 | Student Top 5 Accuracy: 0.916 | Time: 2.721 | 
Running student landscape probe...
[Train] Epoch: 35 | Teacher lr=0.0020 | Teacher Loss: 0.507 | Teacher Train Acc: 93.062 | Student lr=0.0052 | Student Train Acc: 85.436 | Time: 135.763 |
[Eval] Epoch: 35 | Teacher Test Loss: 0.850 | Teacher Test Acc: 75.290 | Student Test Loss: 1.074 | Student Test Acc: 69.400 | Teacher Test F1: 0.753 | Student Test F1: 0.694 | Teacher Top 5 Accuracy: 0.944 | Student Top 5 Accuracy: 0.918 | Time: 1.701 | 
Running student landscape probe...
ckpt location: ckpt/robust12h_stars/cosine_shock10_seed1_35ep.pt
