/home/jovyan/.mlspace/envs/egy_llm/lib/python3.11/site-packages/torchvision/datasets/cifar.py:83: VisibleDeprecationWarning: dtype(): align should be passed as Python or NumPy boolean but got `align=0`. Did you mean to pass a tuple to create a subarray type? (Deprecated NumPy 2.4)
  entry = pickle.load(f, encoding="latin1")
depth_list: [110, 20]
Dataset information: cifar100	 50000 images for training 	 10000 images for testing	
teacher depth: 110
student depth: 20
Total number of teacher parameters: 1,169,972
Total number of student parameters: 278,132
Snapshots will be saved to: snapshots/robust12h_stars/cosine_shock20_seed1_35ep
==== train and evaluate unequal restart ====
[Eval] Epoch: 0 | Teacher Test Loss: 12407.062 | Teacher Test Acc: 0.990 | Student Test Loss: 7.984 | Student Test Acc: 1.020 | Teacher Test F1: 0.000 | Student Test F1: 0.000 | Teacher Top 5 Accuracy: 0.050 | Student Top 5 Accuracy: 0.046 | Time: 2.514 | 
Running student landscape probe...
[Train] Epoch: 1 | Teacher lr=1.0000 | Teacher Loss: 4.007 | Teacher Train Acc: 11.128 | Student lr=1.0000 | Student Train Acc: 22.230 | Time: 135.660 |
[Eval] Epoch: 1 | Teacher Test Loss: 3.620 | Teacher Test Acc: 14.250 | Student Test Loss: 2.813 | Student Test Acc: 28.090 | Teacher Test F1: 0.108 | Student Test F1: 0.254 | Teacher Top 5 Accuracy: 0.388 | Student Top 5 Accuracy: 0.600 | Time: 2.636 | 
Running student landscape probe...
[Train] Epoch: 2 | Teacher lr=0.9980 | Teacher Loss: 3.242 | Teacher Train Acc: 25.764 | Student lr=0.9980 | Student Train Acc: 42.980 | Time: 137.942 |
[Eval] Epoch: 2 | Teacher Test Loss: 2.919 | Teacher Test Acc: 26.140 | Student Test Loss: 2.696 | Student Test Acc: 32.920 | Teacher Test F1: 0.245 | Student Test F1: 0.315 | Teacher Top 5 Accuracy: 0.595 | Student Top 5 Accuracy: 0.650 | Time: 2.462 | 
Running student landscape probe...
[Train] Epoch: 3 | Teacher lr=0.9920 | Teacher Loss: 2.707 | Teacher Train Acc: 36.058 | Student lr=0.9920 | Student Train Acc: 49.248 | Time: 137.104 |
[Eval] Epoch: 3 | Teacher Test Loss: 2.621 | Teacher Test Acc: 32.180 | Student Test Loss: 2.391 | Student Test Acc: 37.520 | Teacher Test F1: 0.308 | Student Test F1: 0.363 | Teacher Top 5 Accuracy: 0.667 | Student Top 5 Accuracy: 0.700 | Time: 2.703 | 
Running student landscape probe...
[Train] Epoch: 4 | Teacher lr=0.9820 | Teacher Loss: 2.467 | Teacher Train Acc: 41.860 | Student lr=0.9820 | Student Train Acc: 52.764 | Time: 138.753 |
[Eval] Epoch: 4 | Teacher Test Loss: 2.574 | Teacher Test Acc: 35.030 | Student Test Loss: 2.287 | Student Test Acc: 39.130 | Teacher Test F1: 0.327 | Student Test F1: 0.381 | Teacher Top 5 Accuracy: 0.671 | Student Top 5 Accuracy: 0.727 | Time: 2.651 | 
Running student landscape probe...
[Train] Epoch: 5 | Teacher lr=0.9681 | Teacher Loss: 2.235 | Teacher Train Acc: 46.898 | Student lr=0.9681 | Student Train Acc: 55.124 | Time: 137.014 |
[Eval] Epoch: 5 | Teacher Test Loss: 2.266 | Teacher Test Acc: 39.760 | Student Test Loss: 2.279 | Student Test Acc: 39.880 | Teacher Test F1: 0.385 | Student Test F1: 0.391 | Teacher Top 5 Accuracy: 0.734 | Student Top 5 Accuracy: 0.715 | Time: 2.629 | 
Running student landscape probe...
[Train] Epoch: 6 | Teacher lr=0.9505 | Teacher Loss: 2.095 | Teacher Train Acc: 50.470 | Student lr=0.9505 | Student Train Acc: 56.528 | Time: 134.182 |
[Eval] Epoch: 6 | Teacher Test Loss: 2.469 | Teacher Test Acc: 36.600 | Student Test Loss: 2.203 | Student Test Acc: 41.080 | Teacher Test F1: 0.357 | Student Test F1: 0.407 | Teacher Top 5 Accuracy: 0.695 | Student Top 5 Accuracy: 0.751 | Time: 2.592 | 
Running student landscape probe...
[Train] Epoch: 7 | Teacher lr=0.9292 | Teacher Loss: 2.010 | Teacher Train Acc: 52.350 | Student lr=0.9292 | Student Train Acc: 57.450 | Time: 135.490 |
[Eval] Epoch: 7 | Teacher Test Loss: 1.960 | Teacher Test Acc: 45.980 | Student Test Loss: 2.402 | Student Test Acc: 38.960 | Teacher Test F1: 0.446 | Student Test F1: 0.375 | Teacher Top 5 Accuracy: 0.792 | Student Top 5 Accuracy: 0.714 | Time: 2.590 | 
Running student landscape probe...
[Train] Epoch: 8 | Teacher lr=0.9045 | Teacher Loss: 1.896 | Teacher Train Acc: 55.208 | Student lr=0.9045 | Student Train Acc: 58.328 | Time: 135.549 |
[Eval] Epoch: 8 | Teacher Test Loss: 2.310 | Teacher Test Acc: 42.240 | Student Test Loss: 2.499 | Student Test Acc: 37.720 | Teacher Test F1: 0.417 | Student Test F1: 0.381 | Teacher Top 5 Accuracy: 0.730 | Student Top 5 Accuracy: 0.711 | Time: 2.695 | 
Running student landscape probe...
[Train] Epoch: 9 | Teacher lr=0.8765 | Teacher Loss: 1.986 | Teacher Train Acc: 53.682 | Student lr=0.8765 | Student Train Acc: 59.024 | Time: 137.282 |
[Eval] Epoch: 9 | Teacher Test Loss: 1.985 | Teacher Test Acc: 46.730 | Student Test Loss: 2.237 | Student Test Acc: 43.150 | Teacher Test F1: 0.457 | Student Test F1: 0.431 | Teacher Top 5 Accuracy: 0.783 | Student Top 5 Accuracy: 0.765 | Time: 2.522 | 
Running student landscape probe...
[Train] Epoch: 10 | Teacher lr=0.8455 | Teacher Loss: 1.765 | Teacher Train Acc: 58.768 | Student lr=0.8455 | Student Train Acc: 59.966 | Time: 137.387 |
[Eval] Epoch: 10 | Teacher Test Loss: 1.809 | Teacher Test Acc: 48.750 | Student Test Loss: 1.960 | Student Test Acc: 47.370 | Teacher Test F1: 0.481 | Student Test F1: 0.469 | Teacher Top 5 Accuracy: 0.823 | Student Top 5 Accuracy: 0.791 | Time: 2.481 | 
Running student landscape probe...
[Train] Epoch: 11 | Teacher lr=0.8117 | Teacher Loss: 1.711 | Teacher Train Acc: 60.254 | Student lr=0.8117 | Student Train Acc: 60.742 | Time: 134.719 |
[Eval] Epoch: 11 | Teacher Test Loss: 1.826 | Teacher Test Acc: 50.040 | Student Test Loss: 2.317 | Student Test Acc: 40.970 | Teacher Test F1: 0.499 | Student Test F1: 0.408 | Teacher Top 5 Accuracy: 0.814 | Student Top 5 Accuracy: 0.735 | Time: 2.677 | 
Running student landscape probe...
[Train] Epoch: 12 | Teacher lr=0.7754 | Teacher Loss: 1.665 | Teacher Train Acc: 61.286 | Student lr=0.7754 | Student Train Acc: 61.434 | Time: 137.099 |
[Eval] Epoch: 12 | Teacher Test Loss: 1.631 | Teacher Test Acc: 54.250 | Student Test Loss: 1.916 | Student Test Acc: 47.990 | Teacher Test F1: 0.534 | Student Test F1: 0.477 | Teacher Top 5 Accuracy: 0.843 | Student Top 5 Accuracy: 0.796 | Time: 2.460 | 
Running student landscape probe...
[Train] Epoch: 13 | Teacher lr=0.7369 | Teacher Loss: 1.627 | Teacher Train Acc: 62.392 | Student lr=0.7369 | Student Train Acc: 62.286 | Time: 138.433 |
[Eval] Epoch: 13 | Teacher Test Loss: 1.589 | Teacher Test Acc: 54.820 | Student Test Loss: 1.953 | Student Test Acc: 47.580 | Teacher Test F1: 0.538 | Student Test F1: 0.472 | Teacher Top 5 Accuracy: 0.852 | Student Top 5 Accuracy: 0.793 | Time: 2.524 | 
Running student landscape probe...
[Train] Epoch: 14 | Teacher lr=0.6965 | Teacher Loss: 1.583 | Teacher Train Acc: 63.546 | Student lr=0.6965 | Student Train Acc: 62.790 | Time: 137.278 |
[Eval] Epoch: 14 | Teacher Test Loss: 1.545 | Teacher Test Acc: 55.990 | Student Test Loss: 1.979 | Student Test Acc: 47.200 | Teacher Test F1: 0.556 | Student Test F1: 0.479 | Teacher Top 5 Accuracy: 0.855 | Student Top 5 Accuracy: 0.785 | Time: 2.457 | 
Running student landscape probe...
[Train] Epoch: 15 | Teacher lr=0.6545 | Teacher Loss: 1.531 | Teacher Train Acc: 64.934 | Student lr=0.6545 | Student Train Acc: 63.728 | Time: 138.195 |
[Eval] Epoch: 15 | Teacher Test Loss: 1.638 | Teacher Test Acc: 54.810 | Student Test Loss: 2.133 | Student Test Acc: 44.780 | Teacher Test F1: 0.547 | Student Test F1: 0.447 | Teacher Top 5 Accuracy: 0.845 | Student Top 5 Accuracy: 0.764 | Time: 2.375 | 
Running student landscape probe...
[Train] Epoch: 16 | Teacher lr=0.6113 | Teacher Loss: 1.488 | Teacher Train Acc: 66.212 | Student lr=0.6113 | Student Train Acc: 64.400 | Time: 138.478 |
[Eval] Epoch: 16 | Teacher Test Loss: 1.446 | Teacher Test Acc: 59.200 | Student Test Loss: 1.777 | Student Test Acc: 51.170 | Teacher Test F1: 0.588 | Student Test F1: 0.509 | Teacher Top 5 Accuracy: 0.867 | Student Top 5 Accuracy: 0.817 | Time: 2.443 | 
Running student landscape probe...
[Train] Epoch: 17 | Teacher lr=0.5671 | Teacher Loss: 1.440 | Teacher Train Acc: 67.500 | Student lr=0.5671 | Student Train Acc: 65.208 | Time: 137.539 |
[Eval] Epoch: 17 | Teacher Test Loss: 1.468 | Teacher Test Acc: 58.950 | Student Test Loss: 1.825 | Student Test Acc: 50.890 | Teacher Test F1: 0.586 | Student Test F1: 0.504 | Teacher Top 5 Accuracy: 0.866 | Student Top 5 Accuracy: 0.809 | Time: 2.447 | 
Running student landscape probe...
[Train] Epoch: 18 | Teacher lr=0.5224 | Teacher Loss: 1.401 | Teacher Train Acc: 68.458 | Student lr=0.5224 | Student Train Acc: 66.232 | Time: 137.515 |
[Eval] Epoch: 18 | Teacher Test Loss: 1.375 | Teacher Test Acc: 61.110 | Student Test Loss: 1.717 | Student Test Acc: 52.670 | Teacher Test F1: 0.611 | Student Test F1: 0.527 | Teacher Top 5 Accuracy: 0.877 | Student Top 5 Accuracy: 0.829 | Time: 2.364 | 
Running student landscape probe...
[Train] Epoch: 19 | Teacher lr=0.4776 | Teacher Loss: 1.350 | Teacher Train Acc: 69.788 | Student lr=0.4776 | Student Train Acc: 67.206 | Time: 135.775 |
[Eval] Epoch: 19 | Teacher Test Loss: 1.329 | Teacher Test Acc: 61.800 | Student Test Loss: 1.767 | Student Test Acc: 52.600 | Teacher Test F1: 0.615 | Student Test F1: 0.518 | Teacher Top 5 Accuracy: 0.889 | Student Top 5 Accuracy: 0.823 | Time: 2.395 | 
Running student landscape probe...
[shock] epoch=20 forcing student_lr=2.000000 (window=20..21)
[Train] Epoch: 20 | Teacher lr=0.4329 | Teacher Loss: 2.041 | Teacher Train Acc: 70.790 | Student lr=2.0000 | Student Train Acc: 7.330 | Time: 138.591 |
[Eval] Epoch: 20 | Teacher Test Loss: 1.470 | Teacher Test Acc: 64.680 | Student Test Loss: 4.302 | Student Test Acc: 8.590 | Teacher Test F1: 0.644 | Student Test F1: 0.059 | Teacher Top 5 Accuracy: 0.898 | Student Top 5 Accuracy: 0.292 | Time: 2.477 | 
Running student landscape probe...
[shock] epoch=21 forcing student_lr=2.000000 (window=20..21)
[Train] Epoch: 21 | Teacher lr=0.3887 | Teacher Loss: 1.809 | Teacher Train Acc: 72.572 | Student lr=2.0000 | Student Train Acc: 20.580 | Time: 136.747 |
[Eval] Epoch: 21 | Teacher Test Loss: 1.372 | Teacher Test Acc: 63.830 | Student Test Loss: 3.580 | Student Test Acc: 14.630 | Teacher Test F1: 0.637 | Student Test F1: 0.118 | Teacher Top 5 Accuracy: 0.894 | Student Top 5 Accuracy: 0.410 | Time: 2.527 | 
Running student landscape probe...
[Train] Epoch: 22 | Teacher lr=0.3455 | Teacher Loss: 1.673 | Teacher Train Acc: 73.712 | Student lr=1.7775 | Student Train Acc: 29.570 | Time: 137.200 |
[Eval] Epoch: 22 | Teacher Test Loss: 1.285 | Teacher Test Acc: 66.110 | Student Test Loss: 3.680 | Student Test Acc: 17.300 | Teacher Test F1: 0.661 | Student Test F1: 0.153 | Teacher Top 5 Accuracy: 0.903 | Student Top 5 Accuracy: 0.438 | Time: 2.369 | 
Running student landscape probe...
[Train] Epoch: 23 | Teacher lr=0.3035 | Teacher Loss: 1.570 | Teacher Train Acc: 75.028 | Student lr=1.5614 | Student Train Acc: 35.042 | Time: 134.875 |
[Eval] Epoch: 23 | Teacher Test Loss: 1.249 | Teacher Test Acc: 66.120 | Student Test Loss: 3.392 | Student Test Acc: 19.160 | Teacher Test F1: 0.662 | Student Test F1: 0.171 | Teacher Top 5 Accuracy: 0.907 | Student Top 5 Accuracy: 0.494 | Time: 2.431 | 
Running student landscape probe...
[Train] Epoch: 24 | Teacher lr=0.2631 | Teacher Loss: 1.491 | Teacher Train Acc: 76.184 | Student lr=1.3534 | Student Train Acc: 39.012 | Time: 135.338 |
[Eval] Epoch: 24 | Teacher Test Loss: 1.243 | Teacher Test Acc: 66.860 | Student Test Loss: 3.125 | Student Test Acc: 25.520 | Teacher Test F1: 0.667 | Student Test F1: 0.227 | Teacher Top 5 Accuracy: 0.905 | Student Top 5 Accuracy: 0.569 | Time: 2.495 | 
Running student landscape probe...
[Train] Epoch: 25 | Teacher lr=0.2246 | Teacher Loss: 1.414 | Teacher Train Acc: 77.786 | Student lr=1.1553 | Student Train Acc: 42.522 | Time: 137.051 |
[Eval] Epoch: 25 | Teacher Test Loss: 1.150 | Teacher Test Acc: 67.780 | Student Test Loss: 3.421 | Student Test Acc: 23.990 | Teacher Test F1: 0.675 | Student Test F1: 0.231 | Teacher Top 5 Accuracy: 0.914 | Student Top 5 Accuracy: 0.554 | Time: 2.408 | 
Running student landscape probe...
[Train] Epoch: 26 | Teacher lr=0.1883 | Teacher Loss: 1.344 | Teacher Train Acc: 79.630 | Student lr=0.9685 | Student Train Acc: 45.108 | Time: 135.005 |
[Eval] Epoch: 26 | Teacher Test Loss: 1.148 | Teacher Test Acc: 68.440 | Student Test Loss: 2.394 | Student Test Acc: 36.720 | Teacher Test F1: 0.683 | Student Test F1: 0.348 | Teacher Top 5 Accuracy: 0.916 | Student Top 5 Accuracy: 0.700 | Time: 2.233 | 
Running student landscape probe...
[Train] Epoch: 27 | Teacher lr=0.1545 | Teacher Loss: 1.264 | Teacher Train Acc: 80.998 | Student lr=0.7947 | Student Train Acc: 48.130 | Time: 134.432 |
[Eval] Epoch: 27 | Teacher Test Loss: 1.084 | Teacher Test Acc: 70.050 | Student Test Loss: 2.777 | Student Test Acc: 32.870 | Teacher Test F1: 0.699 | Student Test F1: 0.315 | Teacher Top 5 Accuracy: 0.922 | Student Top 5 Accuracy: 0.660 | Time: 2.465 | 
Running student landscape probe...
[Train] Epoch: 28 | Teacher lr=0.1235 | Teacher Loss: 1.191 | Teacher Train Acc: 83.144 | Student lr=0.6352 | Student Train Acc: 50.418 | Time: 137.544 |
[Eval] Epoch: 28 | Teacher Test Loss: 1.037 | Teacher Test Acc: 71.690 | Student Test Loss: 2.966 | Student Test Acc: 30.340 | Teacher Test F1: 0.718 | Student Test F1: 0.290 | Teacher Top 5 Accuracy: 0.928 | Student Top 5 Accuracy: 0.621 | Time: 2.394 | 
Running student landscape probe...
[Train] Epoch: 29 | Teacher lr=0.0955 | Teacher Loss: 1.118 | Teacher Train Acc: 84.864 | Student lr=0.4913 | Student Train Acc: 53.386 | Time: 138.467 |
[Eval] Epoch: 29 | Teacher Test Loss: 1.011 | Teacher Test Acc: 71.640 | Student Test Loss: 2.024 | Student Test Acc: 45.770 | Teacher Test F1: 0.716 | Student Test F1: 0.448 | Teacher Top 5 Accuracy: 0.928 | Student Top 5 Accuracy: 0.772 | Time: 2.385 | 
Running student landscape probe...
[Train] Epoch: 30 | Teacher lr=0.0708 | Teacher Loss: 1.044 | Teacher Train Acc: 86.476 | Student lr=0.3641 | Student Train Acc: 55.754 | Time: 138.019 |
[Eval] Epoch: 30 | Teacher Test Loss: 0.991 | Teacher Test Acc: 72.490 | Student Test Loss: 2.171 | Student Test Acc: 43.860 | Teacher Test F1: 0.725 | Student Test F1: 0.435 | Teacher Top 5 Accuracy: 0.931 | Student Top 5 Accuracy: 0.752 | Time: 2.453 | 
Running student landscape probe...
[Train] Epoch: 31 | Teacher lr=0.0495 | Teacher Loss: 0.976 | Teacher Train Acc: 88.008 | Student lr=0.2547 | Student Train Acc: 58.446 | Time: 137.963 |
[Eval] Epoch: 31 | Teacher Test Loss: 0.949 | Teacher Test Acc: 73.580 | Student Test Loss: 1.874 | Student Test Acc: 49.690 | Teacher Test F1: 0.735 | Student Test F1: 0.487 | Teacher Top 5 Accuracy: 0.933 | Student Top 5 Accuracy: 0.794 | Time: 2.172 | 
Running student landscape probe...
[Train] Epoch: 32 | Teacher lr=0.0319 | Teacher Loss: 0.906 | Teacher Train Acc: 89.480 | Student lr=0.1640 | Student Train Acc: 61.334 | Time: 135.909 |
[Eval] Epoch: 32 | Teacher Test Loss: 0.931 | Teacher Test Acc: 73.830 | Student Test Loss: 1.737 | Student Test Acc: 52.460 | Teacher Test F1: 0.739 | Student Test F1: 0.524 | Teacher Top 5 Accuracy: 0.936 | Student Top 5 Accuracy: 0.819 | Time: 2.194 | 
Running student landscape probe...
[Train] Epoch: 33 | Teacher lr=0.0180 | Teacher Loss: 0.842 | Teacher Train Acc: 90.540 | Student lr=0.0927 | Student Train Acc: 64.272 | Time: 138.957 |
[Eval] Epoch: 33 | Teacher Test Loss: 0.906 | Teacher Test Acc: 74.430 | Student Test Loss: 1.608 | Student Test Acc: 55.510 | Teacher Test F1: 0.745 | Student Test F1: 0.553 | Teacher Top 5 Accuracy: 0.939 | Student Top 5 Accuracy: 0.841 | Time: 2.411 | 
Running student landscape probe...
[Train] Epoch: 34 | Teacher lr=0.0080 | Teacher Loss: 0.784 | Teacher Train Acc: 91.304 | Student lr=0.0413 | Student Train Acc: 67.560 | Time: 138.738 |
[Eval] Epoch: 34 | Teacher Test Loss: 0.898 | Teacher Test Acc: 74.680 | Student Test Loss: 1.486 | Student Test Acc: 58.720 | Teacher Test F1: 0.747 | Student Test F1: 0.586 | Teacher Top 5 Accuracy: 0.940 | Student Top 5 Accuracy: 0.860 | Time: 2.409 | 
Running student landscape probe...
[Train] Epoch: 35 | Teacher lr=0.0020 | Teacher Loss: 0.742 | Teacher Train Acc: 91.948 | Student lr=0.0104 | Student Train Acc: 69.812 | Time: 139.550 |
[Eval] Epoch: 35 | Teacher Test Loss: 0.892 | Teacher Test Acc: 74.880 | Student Test Loss: 1.403 | Student Test Acc: 60.220 | Teacher Test F1: 0.749 | Student Test F1: 0.600 | Teacher Top 5 Accuracy: 0.940 | Student Top 5 Accuracy: 0.871 | Time: 2.469 | 
Running student landscape probe...
ckpt location: ckpt/robust12h_stars/cosine_shock20_seed1_35ep.pt
