/home/jovyan/.mlspace/envs/egy_llm/lib/python3.11/site-packages/torchvision/datasets/cifar.py:83: VisibleDeprecationWarning: dtype(): align should be passed as Python or NumPy boolean but got `align=0`. Did you mean to pass a tuple to create a subarray type? (Deprecated NumPy 2.4)
  entry = pickle.load(f, encoding="latin1")
depth_list: [110, 20]
Dataset information: cifar100	 50000 images for training 	 10000 images for testing	
teacher depth: 110
student depth: 20
Total number of teacher parameters: 1,169,972
Total number of student parameters: 278,132
Snapshots will be saved to: snapshots/robust12h_stars/cosine_noshock_seed8_35ep
==== train and evaluate unequal restart ====
[Eval] Epoch: 0 | Teacher Test Loss: 28505.900 | Teacher Test Acc: 1.000 | Student Test Loss: 4.879 | Student Test Acc: 0.550 | Teacher Test F1: 0.000 | Student Test F1: 0.000 | Teacher Top 5 Accuracy: 0.050 | Student Top 5 Accuracy: 0.050 | Time: 2.544 | 
Running student landscape probe...
[Train] Epoch: 1 | Teacher lr=1.0000 | Teacher Loss: 4.030 | Teacher Train Acc: 11.354 | Student lr=1.0000 | Student Train Acc: 23.232 | Time: 137.369 |
[Eval] Epoch: 1 | Teacher Test Loss: 3.725 | Teacher Test Acc: 12.530 | Student Test Loss: 2.793 | Student Test Acc: 29.110 | Teacher Test F1: 0.093 | Student Test F1: 0.274 | Teacher Top 5 Accuracy: 0.385 | Student Top 5 Accuracy: 0.602 | Time: 2.405 | 
Running student landscape probe...
[Train] Epoch: 2 | Teacher lr=0.9980 | Teacher Loss: 3.215 | Teacher Train Acc: 25.896 | Student lr=0.9980 | Student Train Acc: 42.532 | Time: 135.934 |
[Eval] Epoch: 2 | Teacher Test Loss: 3.072 | Teacher Test Acc: 24.290 | Student Test Loss: 2.432 | Student Test Acc: 36.880 | Teacher Test F1: 0.229 | Student Test F1: 0.358 | Teacher Top 5 Accuracy: 0.560 | Student Top 5 Accuracy: 0.690 | Time: 2.432 | 
Running student landscape probe...
[Train] Epoch: 3 | Teacher lr=0.9920 | Teacher Loss: 2.670 | Teacher Train Acc: 36.530 | Student lr=0.9920 | Student Train Acc: 48.950 | Time: 136.685 |
[Eval] Epoch: 3 | Teacher Test Loss: 2.682 | Teacher Test Acc: 30.790 | Student Test Loss: 2.524 | Student Test Acc: 35.190 | Teacher Test F1: 0.298 | Student Test F1: 0.336 | Teacher Top 5 Accuracy: 0.645 | Student Top 5 Accuracy: 0.688 | Time: 2.214 | 
Running student landscape probe...
[Train] Epoch: 4 | Teacher lr=0.9820 | Teacher Loss: 2.468 | Teacher Train Acc: 41.570 | Student lr=0.9820 | Student Train Acc: 52.078 | Time: 137.261 |
[Eval] Epoch: 4 | Teacher Test Loss: 2.432 | Teacher Test Acc: 37.490 | Student Test Loss: 2.801 | Student Test Acc: 31.640 | Teacher Test F1: 0.359 | Student Test F1: 0.312 | Teacher Top 5 Accuracy: 0.707 | Student Top 5 Accuracy: 0.649 | Time: 2.462 | 
Running student landscape probe...
[Train] Epoch: 5 | Teacher lr=0.9681 | Teacher Loss: 2.216 | Teacher Train Acc: 47.176 | Student lr=0.9681 | Student Train Acc: 54.468 | Time: 138.382 |
[Eval] Epoch: 5 | Teacher Test Loss: 2.092 | Teacher Test Acc: 43.390 | Student Test Loss: 3.670 | Student Test Acc: 26.290 | Teacher Test F1: 0.428 | Student Test F1: 0.246 | Teacher Top 5 Accuracy: 0.762 | Student Top 5 Accuracy: 0.520 | Time: 2.469 | 
Running student landscape probe...
[Train] Epoch: 6 | Teacher lr=0.9505 | Teacher Loss: 2.081 | Teacher Train Acc: 50.486 | Student lr=0.9505 | Student Train Acc: 55.962 | Time: 135.050 |
[Eval] Epoch: 6 | Teacher Test Loss: 2.116 | Teacher Test Acc: 42.840 | Student Test Loss: 2.630 | Student Test Acc: 36.300 | Teacher Test F1: 0.424 | Student Test F1: 0.355 | Teacher Top 5 Accuracy: 0.757 | Student Top 5 Accuracy: 0.686 | Time: 2.452 | 
Running student landscape probe...
[Train] Epoch: 7 | Teacher lr=0.9292 | Teacher Loss: 1.973 | Teacher Train Acc: 53.222 | Student lr=0.9292 | Student Train Acc: 57.066 | Time: 135.894 |
[Eval] Epoch: 7 | Teacher Test Loss: 1.925 | Teacher Test Acc: 47.070 | Student Test Loss: 2.626 | Student Test Acc: 34.390 | Teacher Test F1: 0.471 | Student Test F1: 0.331 | Teacher Top 5 Accuracy: 0.793 | Student Top 5 Accuracy: 0.655 | Time: 2.630 | 
Running student landscape probe...
[Train] Epoch: 8 | Teacher lr=0.9045 | Teacher Loss: 1.896 | Teacher Train Acc: 55.568 | Student lr=0.9045 | Student Train Acc: 57.884 | Time: 136.772 |
[Eval] Epoch: 8 | Teacher Test Loss: 1.926 | Teacher Test Acc: 47.950 | Student Test Loss: 2.946 | Student Test Acc: 31.220 | Teacher Test F1: 0.469 | Student Test F1: 0.295 | Teacher Top 5 Accuracy: 0.791 | Student Top 5 Accuracy: 0.613 | Time: 2.550 | 
Running student landscape probe...
[Train] Epoch: 9 | Teacher lr=0.8765 | Teacher Loss: 1.829 | Teacher Train Acc: 57.178 | Student lr=0.8765 | Student Train Acc: 58.934 | Time: 136.867 |
[Eval] Epoch: 9 | Teacher Test Loss: 1.853 | Teacher Test Acc: 49.170 | Student Test Loss: 2.335 | Student Test Acc: 39.360 | Teacher Test F1: 0.487 | Student Test F1: 0.398 | Teacher Top 5 Accuracy: 0.810 | Student Top 5 Accuracy: 0.743 | Time: 2.563 | 
Running student landscape probe...
[Train] Epoch: 10 | Teacher lr=0.8455 | Teacher Loss: 1.861 | Teacher Train Acc: 56.904 | Student lr=0.8455 | Student Train Acc: 59.748 | Time: 137.806 |
[Eval] Epoch: 10 | Teacher Test Loss: 1.900 | Teacher Test Acc: 48.230 | Student Test Loss: 2.227 | Student Test Acc: 41.740 | Teacher Test F1: 0.475 | Student Test F1: 0.415 | Teacher Top 5 Accuracy: 0.794 | Student Top 5 Accuracy: 0.753 | Time: 2.648 | 
Running student landscape probe...
[Train] Epoch: 11 | Teacher lr=0.8117 | Teacher Loss: 1.735 | Teacher Train Acc: 59.596 | Student lr=0.8117 | Student Train Acc: 60.262 | Time: 134.621 |
[Eval] Epoch: 11 | Teacher Test Loss: 1.628 | Teacher Test Acc: 54.570 | Student Test Loss: 2.512 | Student Test Acc: 35.720 | Teacher Test F1: 0.540 | Student Test F1: 0.360 | Teacher Top 5 Accuracy: 0.844 | Student Top 5 Accuracy: 0.695 | Time: 2.611 | 
Running student landscape probe...
[Train] Epoch: 12 | Teacher lr=0.7754 | Teacher Loss: 1.657 | Teacher Train Acc: 61.440 | Student lr=0.7754 | Student Train Acc: 61.322 | Time: 138.929 |
[Eval] Epoch: 12 | Teacher Test Loss: 1.698 | Teacher Test Acc: 53.340 | Student Test Loss: 2.050 | Student Test Acc: 45.950 | Teacher Test F1: 0.537 | Student Test F1: 0.458 | Teacher Top 5 Accuracy: 0.827 | Student Top 5 Accuracy: 0.782 | Time: 2.609 | 
Running student landscape probe...
[Train] Epoch: 13 | Teacher lr=0.7369 | Teacher Loss: 1.617 | Teacher Train Acc: 62.790 | Student lr=0.7369 | Student Train Acc: 62.154 | Time: 135.922 |
[Eval] Epoch: 13 | Teacher Test Loss: 1.572 | Teacher Test Acc: 55.220 | Student Test Loss: 2.383 | Student Test Acc: 40.400 | Teacher Test F1: 0.551 | Student Test F1: 0.408 | Teacher Top 5 Accuracy: 0.849 | Student Top 5 Accuracy: 0.724 | Time: 2.651 | 
Running student landscape probe...
[Train] Epoch: 14 | Teacher lr=0.6965 | Teacher Loss: 1.570 | Teacher Train Acc: 64.032 | Student lr=0.6965 | Student Train Acc: 62.506 | Time: 137.424 |
[Eval] Epoch: 14 | Teacher Test Loss: 1.672 | Teacher Test Acc: 53.890 | Student Test Loss: 2.262 | Student Test Acc: 42.710 | Teacher Test F1: 0.533 | Student Test F1: 0.420 | Teacher Top 5 Accuracy: 0.830 | Student Top 5 Accuracy: 0.751 | Time: 2.661 | 
Running student landscape probe...
[Train] Epoch: 15 | Teacher lr=0.6545 | Teacher Loss: 1.529 | Teacher Train Acc: 65.082 | Student lr=0.6545 | Student Train Acc: 63.482 | Time: 136.684 |
[Eval] Epoch: 15 | Teacher Test Loss: 1.550 | Teacher Test Acc: 56.640 | Student Test Loss: 1.771 | Student Test Acc: 51.790 | Teacher Test F1: 0.569 | Student Test F1: 0.512 | Teacher Top 5 Accuracy: 0.859 | Student Top 5 Accuracy: 0.825 | Time: 2.635 | 
Running student landscape probe...
[Train] Epoch: 16 | Teacher lr=0.6113 | Teacher Loss: 1.484 | Teacher Train Acc: 66.422 | Student lr=0.6113 | Student Train Acc: 64.098 | Time: 136.585 |
[Eval] Epoch: 16 | Teacher Test Loss: 1.434 | Teacher Test Acc: 59.130 | Student Test Loss: 2.639 | Student Test Acc: 37.850 | Teacher Test F1: 0.595 | Student Test F1: 0.376 | Teacher Top 5 Accuracy: 0.873 | Student Top 5 Accuracy: 0.711 | Time: 2.619 | 
Running student landscape probe...
[Train] Epoch: 17 | Teacher lr=0.5671 | Teacher Loss: 1.442 | Teacher Train Acc: 67.142 | Student lr=0.5671 | Student Train Acc: 65.068 | Time: 136.220 |
[Eval] Epoch: 17 | Teacher Test Loss: 1.400 | Teacher Test Acc: 60.870 | Student Test Loss: 1.895 | Student Test Acc: 49.210 | Teacher Test F1: 0.606 | Student Test F1: 0.487 | Teacher Top 5 Accuracy: 0.877 | Student Top 5 Accuracy: 0.791 | Time: 2.724 | 
Running student landscape probe...
[Train] Epoch: 18 | Teacher lr=0.5224 | Teacher Loss: 1.395 | Teacher Train Acc: 68.706 | Student lr=0.5224 | Student Train Acc: 65.844 | Time: 137.021 |
[Eval] Epoch: 18 | Teacher Test Loss: 1.553 | Teacher Test Acc: 56.960 | Student Test Loss: 2.475 | Student Test Acc: 38.790 | Teacher Test F1: 0.570 | Student Test F1: 0.379 | Teacher Top 5 Accuracy: 0.860 | Student Top 5 Accuracy: 0.698 | Time: 2.706 | 
Running student landscape probe...
[Train] Epoch: 19 | Teacher lr=0.4776 | Teacher Loss: 1.343 | Teacher Train Acc: 70.354 | Student lr=0.4776 | Student Train Acc: 66.660 | Time: 137.743 |
[Eval] Epoch: 19 | Teacher Test Loss: 1.286 | Teacher Test Acc: 63.110 | Student Test Loss: 1.709 | Student Test Acc: 53.280 | Teacher Test F1: 0.630 | Student Test F1: 0.528 | Teacher Top 5 Accuracy: 0.890 | Student Top 5 Accuracy: 0.833 | Time: 2.555 | 
Running student landscape probe...
[Train] Epoch: 20 | Teacher lr=0.4329 | Teacher Loss: 1.293 | Teacher Train Acc: 71.336 | Student lr=0.4329 | Student Train Acc: 67.776 | Time: 137.924 |
[Eval] Epoch: 20 | Teacher Test Loss: 1.360 | Teacher Test Acc: 61.030 | Student Test Loss: 1.623 | Student Test Acc: 54.800 | Teacher Test F1: 0.612 | Student Test F1: 0.550 | Teacher Top 5 Accuracy: 0.886 | Student Top 5 Accuracy: 0.840 | Time: 2.618 | 
Running student landscape probe...
[Train] Epoch: 21 | Teacher lr=0.3887 | Teacher Loss: 1.251 | Teacher Train Acc: 72.684 | Student lr=0.3887 | Student Train Acc: 68.660 | Time: 137.890 |
[Eval] Epoch: 21 | Teacher Test Loss: 1.263 | Teacher Test Acc: 63.910 | Student Test Loss: 1.635 | Student Test Acc: 56.110 | Teacher Test F1: 0.639 | Student Test F1: 0.563 | Teacher Top 5 Accuracy: 0.898 | Student Top 5 Accuracy: 0.842 | Time: 2.708 | 
Running student landscape probe...
[Train] Epoch: 22 | Teacher lr=0.3455 | Teacher Loss: 1.195 | Teacher Train Acc: 74.252 | Student lr=0.3455 | Student Train Acc: 69.868 | Time: 137.471 |
[Eval] Epoch: 22 | Teacher Test Loss: 1.268 | Teacher Test Acc: 63.500 | Student Test Loss: 1.634 | Student Test Acc: 55.240 | Teacher Test F1: 0.638 | Student Test F1: 0.552 | Teacher Top 5 Accuracy: 0.893 | Student Top 5 Accuracy: 0.845 | Time: 2.648 | 
Running student landscape probe...
[Train] Epoch: 23 | Teacher lr=0.3035 | Teacher Loss: 1.138 | Teacher Train Acc: 75.696 | Student lr=0.3035 | Student Train Acc: 70.702 | Time: 136.651 |
[Eval] Epoch: 23 | Teacher Test Loss: 1.141 | Teacher Test Acc: 66.730 | Student Test Loss: 1.746 | Student Test Acc: 53.110 | Teacher Test F1: 0.669 | Student Test F1: 0.535 | Teacher Top 5 Accuracy: 0.911 | Student Top 5 Accuracy: 0.828 | Time: 2.599 | 
Running student landscape probe...
[Train] Epoch: 24 | Teacher lr=0.2631 | Teacher Loss: 1.082 | Teacher Train Acc: 77.224 | Student lr=0.2631 | Student Train Acc: 71.764 | Time: 134.964 |
[Eval] Epoch: 24 | Teacher Test Loss: 1.157 | Teacher Test Acc: 66.690 | Student Test Loss: 1.514 | Student Test Acc: 58.300 | Teacher Test F1: 0.665 | Student Test F1: 0.583 | Teacher Top 5 Accuracy: 0.906 | Student Top 5 Accuracy: 0.860 | Time: 2.603 | 
Running student landscape probe...
[Train] Epoch: 25 | Teacher lr=0.2246 | Teacher Loss: 1.018 | Teacher Train Acc: 78.950 | Student lr=0.2246 | Student Train Acc: 73.240 | Time: 136.098 |
[Eval] Epoch: 25 | Teacher Test Loss: 1.057 | Teacher Test Acc: 69.160 | Student Test Loss: 1.736 | Student Test Acc: 54.400 | Teacher Test F1: 0.690 | Student Test F1: 0.548 | Teacher Top 5 Accuracy: 0.922 | Student Top 5 Accuracy: 0.833 | Time: 2.613 | 
Running student landscape probe...
[Train] Epoch: 26 | Teacher lr=0.1883 | Teacher Loss: 0.963 | Teacher Train Acc: 80.718 | Student lr=0.1883 | Student Train Acc: 74.476 | Time: 135.993 |
[Eval] Epoch: 26 | Teacher Test Loss: 1.054 | Teacher Test Acc: 69.750 | Student Test Loss: 1.457 | Student Test Acc: 60.340 | Teacher Test F1: 0.697 | Student Test F1: 0.608 | Teacher Top 5 Accuracy: 0.922 | Student Top 5 Accuracy: 0.878 | Time: 2.675 | 
Running student landscape probe...
[Train] Epoch: 27 | Teacher lr=0.1545 | Teacher Loss: 0.899 | Teacher Train Acc: 82.346 | Student lr=0.1545 | Student Train Acc: 75.608 | Time: 137.921 |
[Eval] Epoch: 27 | Teacher Test Loss: 1.002 | Teacher Test Acc: 70.810 | Student Test Loss: 1.490 | Student Test Acc: 60.420 | Teacher Test F1: 0.708 | Student Test F1: 0.611 | Teacher Top 5 Accuracy: 0.926 | Student Top 5 Accuracy: 0.870 | Time: 2.630 | 
Running student landscape probe...
[Train] Epoch: 28 | Teacher lr=0.1235 | Teacher Loss: 0.833 | Teacher Train Acc: 84.382 | Student lr=0.1235 | Student Train Acc: 77.114 | Time: 137.185 |
[Eval] Epoch: 28 | Teacher Test Loss: 0.979 | Teacher Test Acc: 71.770 | Student Test Loss: 1.429 | Student Test Acc: 61.420 | Teacher Test F1: 0.717 | Student Test F1: 0.613 | Teacher Top 5 Accuracy: 0.928 | Student Top 5 Accuracy: 0.876 | Time: 2.627 | 
Running student landscape probe...
[Train] Epoch: 29 | Teacher lr=0.0955 | Teacher Loss: 0.766 | Teacher Train Acc: 86.144 | Student lr=0.0955 | Student Train Acc: 78.924 | Time: 136.702 |
[Eval] Epoch: 29 | Teacher Test Loss: 0.952 | Teacher Test Acc: 72.690 | Student Test Loss: 1.323 | Student Test Acc: 63.390 | Teacher Test F1: 0.726 | Student Test F1: 0.632 | Teacher Top 5 Accuracy: 0.930 | Student Top 5 Accuracy: 0.892 | Time: 2.632 | 
Running student landscape probe...
[Train] Epoch: 30 | Teacher lr=0.0708 | Teacher Loss: 0.699 | Teacher Train Acc: 88.078 | Student lr=0.0708 | Student Train Acc: 80.798 | Time: 135.876 |
[Eval] Epoch: 30 | Teacher Test Loss: 0.912 | Teacher Test Acc: 73.800 | Student Test Loss: 1.246 | Student Test Acc: 65.890 | Teacher Test F1: 0.737 | Student Test F1: 0.659 | Teacher Top 5 Accuracy: 0.937 | Student Top 5 Accuracy: 0.900 | Time: 2.621 | 
Running student landscape probe...
[Train] Epoch: 31 | Teacher lr=0.0495 | Teacher Loss: 0.637 | Teacher Train Acc: 89.790 | Student lr=0.0495 | Student Train Acc: 82.416 | Time: 136.735 |
[Eval] Epoch: 31 | Teacher Test Loss: 0.908 | Teacher Test Acc: 73.790 | Student Test Loss: 1.190 | Student Test Acc: 67.010 | Teacher Test F1: 0.737 | Student Test F1: 0.669 | Teacher Top 5 Accuracy: 0.937 | Student Top 5 Accuracy: 0.909 | Time: 2.715 | 
Running student landscape probe...
[Train] Epoch: 32 | Teacher lr=0.0319 | Teacher Loss: 0.581 | Teacher Train Acc: 91.172 | Student lr=0.0319 | Student Train Acc: 84.286 | Time: 134.683 |
[Eval] Epoch: 32 | Teacher Test Loss: 0.881 | Teacher Test Acc: 74.730 | Student Test Loss: 1.177 | Student Test Acc: 68.030 | Teacher Test F1: 0.748 | Student Test F1: 0.679 | Teacher Top 5 Accuracy: 0.942 | Student Top 5 Accuracy: 0.910 | Time: 2.708 | 
Running student landscape probe...
[Train] Epoch: 33 | Teacher lr=0.0180 | Teacher Loss: 0.532 | Teacher Train Acc: 92.300 | Student lr=0.0180 | Student Train Acc: 85.962 | Time: 138.158 |
[Eval] Epoch: 33 | Teacher Test Loss: 0.883 | Teacher Test Acc: 74.880 | Student Test Loss: 1.137 | Student Test Acc: 68.870 | Teacher Test F1: 0.749 | Student Test F1: 0.688 | Teacher Top 5 Accuracy: 0.941 | Student Top 5 Accuracy: 0.919 | Time: 2.502 | 
Running student landscape probe...
[Train] Epoch: 34 | Teacher lr=0.0080 | Teacher Loss: 0.503 | Teacher Train Acc: 92.950 | Student lr=0.0080 | Student Train Acc: 86.966 | Time: 136.964 |
[Eval] Epoch: 34 | Teacher Test Loss: 0.872 | Teacher Test Acc: 75.030 | Student Test Loss: 1.111 | Student Test Acc: 69.530 | Teacher Test F1: 0.750 | Student Test F1: 0.696 | Teacher Top 5 Accuracy: 0.942 | Student Top 5 Accuracy: 0.920 | Time: 2.497 | 
Running student landscape probe...
[Train] Epoch: 35 | Teacher lr=0.0020 | Teacher Loss: 0.482 | Teacher Train Acc: 93.372 | Student lr=0.0020 | Student Train Acc: 87.818 | Time: 125.777 |
[Eval] Epoch: 35 | Teacher Test Loss: 0.871 | Teacher Test Acc: 75.180 | Student Test Loss: 1.102 | Student Test Acc: 69.820 | Teacher Test F1: 0.752 | Student Test F1: 0.698 | Teacher Top 5 Accuracy: 0.941 | Student Top 5 Accuracy: 0.923 | Time: 1.601 | 
Running student landscape probe...
ckpt location: ckpt/robust12h_stars/cosine_noshock_seed8_35ep.pt
