/home/jovyan/.mlspace/envs/egy_llm/lib/python3.11/site-packages/torchvision/datasets/cifar.py:83: VisibleDeprecationWarning: dtype(): align should be passed as Python or NumPy boolean but got `align=0`. Did you mean to pass a tuple to create a subarray type? (Deprecated NumPy 2.4)
  entry = pickle.load(f, encoding="latin1")
depth_list: [110, 20]
Dataset information: cifar100	 50000 images for training 	 10000 images for testing	
teacher depth: 110
student depth: 20
Total number of teacher parameters: 1,169,972
Total number of student parameters: 278,132
Snapshots will be saved to: snapshots/robust12h_stars/cosine_shock05_seed4_35ep
==== train and evaluate unequal restart ====
[Eval] Epoch: 0 | Teacher Test Loss: 8723.027 | Teacher Test Acc: 1.000 | Student Test Loss: 5.114 | Student Test Acc: 0.930 | Teacher Test F1: 0.000 | Student Test F1: 0.001 | Teacher Top 5 Accuracy: 0.050 | Student Top 5 Accuracy: 0.051 | Time: 2.438 | 
Running student landscape probe...
[Train] Epoch: 1 | Teacher lr=1.0000 | Teacher Loss: 4.069 | Teacher Train Acc: 10.480 | Student lr=1.0000 | Student Train Acc: 22.860 | Time: 137.525 |
[Eval] Epoch: 1 | Teacher Test Loss: 3.603 | Teacher Test Acc: 15.400 | Student Test Loss: 3.090 | Student Test Acc: 24.080 | Teacher Test F1: 0.125 | Student Test F1: 0.217 | Teacher Top 5 Accuracy: 0.411 | Student Top 5 Accuracy: 0.541 | Time: 2.713 | 
Running student landscape probe...
[Train] Epoch: 2 | Teacher lr=0.9980 | Teacher Loss: 3.322 | Teacher Train Acc: 24.400 | Student lr=0.9980 | Student Train Acc: 42.792 | Time: 137.031 |
[Eval] Epoch: 2 | Teacher Test Loss: 3.009 | Teacher Test Acc: 24.220 | Student Test Loss: 2.560 | Student Test Acc: 33.520 | Teacher Test F1: 0.225 | Student Test F1: 0.313 | Teacher Top 5 Accuracy: 0.595 | Student Top 5 Accuracy: 0.668 | Time: 2.691 | 
Running student landscape probe...
[Train] Epoch: 3 | Teacher lr=0.9920 | Teacher Loss: 2.702 | Teacher Train Acc: 36.008 | Student lr=0.9920 | Student Train Acc: 48.888 | Time: 137.606 |
[Eval] Epoch: 3 | Teacher Test Loss: 2.499 | Teacher Test Acc: 36.010 | Student Test Loss: 2.628 | Student Test Acc: 33.000 | Teacher Test F1: 0.345 | Student Test F1: 0.330 | Teacher Top 5 Accuracy: 0.694 | Student Top 5 Accuracy: 0.672 | Time: 2.444 | 
Running student landscape probe...
[Train] Epoch: 4 | Teacher lr=0.9820 | Teacher Loss: 2.385 | Teacher Train Acc: 42.874 | Student lr=0.9820 | Student Train Acc: 52.466 | Time: 137.291 |
[Eval] Epoch: 4 | Teacher Test Loss: 2.212 | Teacher Test Acc: 40.400 | Student Test Loss: 2.077 | Student Test Acc: 44.570 | Teacher Test F1: 0.395 | Student Test F1: 0.428 | Teacher Top 5 Accuracy: 0.744 | Student Top 5 Accuracy: 0.766 | Time: 2.460 | 
Running student landscape probe...
[Train] Epoch: 5 | Teacher lr=0.9681 | Teacher Loss: 2.212 | Teacher Train Acc: 47.338 | Student lr=0.9681 | Student Train Acc: 54.678 | Time: 133.948 |
[Eval] Epoch: 5 | Teacher Test Loss: 2.063 | Teacher Test Acc: 44.280 | Student Test Loss: 2.281 | Student Test Acc: 41.030 | Teacher Test F1: 0.437 | Student Test F1: 0.395 | Teacher Top 5 Accuracy: 0.772 | Student Top 5 Accuracy: 0.729 | Time: 2.484 | 
Running student landscape probe...
[Train] Epoch: 6 | Teacher lr=0.9505 | Teacher Loss: 2.119 | Teacher Train Acc: 49.964 | Student lr=0.9505 | Student Train Acc: 56.370 | Time: 136.213 |
[Eval] Epoch: 6 | Teacher Test Loss: 3.935 | Teacher Test Acc: 18.600 | Student Test Loss: 2.558 | Student Test Acc: 36.630 | Teacher Test F1: 0.167 | Student Test F1: 0.350 | Teacher Top 5 Accuracy: 0.455 | Student Top 5 Accuracy: 0.675 | Time: 2.676 | 
Running student landscape probe...
[Train] Epoch: 7 | Teacher lr=0.9292 | Teacher Loss: 2.043 | Teacher Train Acc: 51.740 | Student lr=0.9292 | Student Train Acc: 57.488 | Time: 137.527 |
[Eval] Epoch: 7 | Teacher Test Loss: 2.268 | Teacher Test Acc: 40.060 | Student Test Loss: 2.496 | Student Test Acc: 38.960 | Teacher Test F1: 0.391 | Student Test F1: 0.384 | Teacher Top 5 Accuracy: 0.726 | Student Top 5 Accuracy: 0.705 | Time: 2.705 | 
Running student landscape probe...
[Train] Epoch: 8 | Teacher lr=0.9045 | Teacher Loss: 1.895 | Teacher Train Acc: 55.364 | Student lr=0.9045 | Student Train Acc: 58.734 | Time: 136.142 |
[Eval] Epoch: 8 | Teacher Test Loss: 1.922 | Teacher Test Acc: 47.940 | Student Test Loss: 2.834 | Student Test Acc: 34.530 | Teacher Test F1: 0.472 | Student Test F1: 0.349 | Teacher Top 5 Accuracy: 0.799 | Student Top 5 Accuracy: 0.666 | Time: 2.648 | 
Running student landscape probe...
[Train] Epoch: 9 | Teacher lr=0.8765 | Teacher Loss: 1.830 | Teacher Train Acc: 57.060 | Student lr=0.8765 | Student Train Acc: 59.586 | Time: 136.958 |
[Eval] Epoch: 9 | Teacher Test Loss: 1.808 | Teacher Test Acc: 50.120 | Student Test Loss: 2.239 | Student Test Acc: 40.820 | Teacher Test F1: 0.492 | Student Test F1: 0.397 | Teacher Top 5 Accuracy: 0.812 | Student Top 5 Accuracy: 0.737 | Time: 2.649 | 
Running student landscape probe...
[Train] Epoch: 10 | Teacher lr=0.8455 | Teacher Loss: 1.768 | Teacher Train Acc: 58.680 | Student lr=0.8455 | Student Train Acc: 60.230 | Time: 134.980 |
[Eval] Epoch: 10 | Teacher Test Loss: 1.843 | Teacher Test Acc: 50.030 | Student Test Loss: 2.366 | Student Test Acc: 42.030 | Teacher Test F1: 0.494 | Student Test F1: 0.412 | Teacher Top 5 Accuracy: 0.809 | Student Top 5 Accuracy: 0.731 | Time: 2.581 | 
Running student landscape probe...
[Train] Epoch: 11 | Teacher lr=0.8117 | Teacher Loss: 1.717 | Teacher Train Acc: 60.232 | Student lr=0.8117 | Student Train Acc: 61.140 | Time: 136.496 |
[Eval] Epoch: 11 | Teacher Test Loss: 1.654 | Teacher Test Acc: 54.310 | Student Test Loss: 2.719 | Student Test Acc: 36.930 | Teacher Test F1: 0.537 | Student Test F1: 0.369 | Teacher Top 5 Accuracy: 0.836 | Student Top 5 Accuracy: 0.679 | Time: 2.570 | 
Running student landscape probe...
[Train] Epoch: 12 | Teacher lr=0.7754 | Teacher Loss: 1.673 | Teacher Train Acc: 61.294 | Student lr=0.7754 | Student Train Acc: 61.646 | Time: 136.258 |
[Eval] Epoch: 12 | Teacher Test Loss: 1.671 | Teacher Test Acc: 54.430 | Student Test Loss: 2.333 | Student Test Acc: 41.480 | Teacher Test F1: 0.542 | Student Test F1: 0.405 | Teacher Top 5 Accuracy: 0.834 | Student Top 5 Accuracy: 0.725 | Time: 2.526 | 
Running student landscape probe...
[Train] Epoch: 13 | Teacher lr=0.7369 | Teacher Loss: 1.618 | Teacher Train Acc: 62.696 | Student lr=0.7369 | Student Train Acc: 62.408 | Time: 133.957 |
[Eval] Epoch: 13 | Teacher Test Loss: 1.598 | Teacher Test Acc: 54.780 | Student Test Loss: 2.382 | Student Test Acc: 40.210 | Teacher Test F1: 0.543 | Student Test F1: 0.403 | Teacher Top 5 Accuracy: 0.847 | Student Top 5 Accuracy: 0.726 | Time: 2.575 | 
Running student landscape probe...
[Train] Epoch: 14 | Teacher lr=0.6965 | Teacher Loss: 1.575 | Teacher Train Acc: 63.608 | Student lr=0.6965 | Student Train Acc: 63.334 | Time: 135.972 |
[Eval] Epoch: 14 | Teacher Test Loss: 1.628 | Teacher Test Acc: 54.590 | Student Test Loss: 2.302 | Student Test Acc: 42.450 | Teacher Test F1: 0.546 | Student Test F1: 0.416 | Teacher Top 5 Accuracy: 0.843 | Student Top 5 Accuracy: 0.728 | Time: 2.589 | 
Running student landscape probe...
[Train] Epoch: 15 | Teacher lr=0.6545 | Teacher Loss: 1.532 | Teacher Train Acc: 65.166 | Student lr=0.6545 | Student Train Acc: 64.238 | Time: 137.031 |
[Eval] Epoch: 15 | Teacher Test Loss: 1.659 | Teacher Test Acc: 53.820 | Student Test Loss: 1.800 | Student Test Acc: 50.990 | Teacher Test F1: 0.537 | Student Test F1: 0.504 | Teacher Top 5 Accuracy: 0.831 | Student Top 5 Accuracy: 0.806 | Time: 2.686 | 
Running student landscape probe...
[Train] Epoch: 16 | Teacher lr=0.6113 | Teacher Loss: 1.484 | Teacher Train Acc: 66.174 | Student lr=0.6113 | Student Train Acc: 64.620 | Time: 135.079 |
[Eval] Epoch: 16 | Teacher Test Loss: 1.487 | Teacher Test Acc: 58.470 | Student Test Loss: 2.008 | Student Test Acc: 47.820 | Teacher Test F1: 0.587 | Student Test F1: 0.472 | Teacher Top 5 Accuracy: 0.869 | Student Top 5 Accuracy: 0.783 | Time: 2.624 | 
Running student landscape probe...
[Train] Epoch: 17 | Teacher lr=0.5671 | Teacher Loss: 1.439 | Teacher Train Acc: 67.646 | Student lr=0.5671 | Student Train Acc: 65.604 | Time: 136.320 |
[Eval] Epoch: 17 | Teacher Test Loss: 1.412 | Teacher Test Acc: 59.390 | Student Test Loss: 1.852 | Student Test Acc: 49.800 | Teacher Test F1: 0.594 | Student Test F1: 0.494 | Teacher Top 5 Accuracy: 0.875 | Student Top 5 Accuracy: 0.804 | Time: 2.706 | 
Running student landscape probe...
[Train] Epoch: 18 | Teacher lr=0.5224 | Teacher Loss: 1.393 | Teacher Train Acc: 68.870 | Student lr=0.5224 | Student Train Acc: 66.278 | Time: 137.237 |
[Eval] Epoch: 18 | Teacher Test Loss: 1.377 | Teacher Test Acc: 60.440 | Student Test Loss: 1.641 | Student Test Acc: 54.800 | Teacher Test F1: 0.601 | Student Test F1: 0.542 | Teacher Top 5 Accuracy: 0.879 | Student Top 5 Accuracy: 0.837 | Time: 2.457 | 
Running student landscape probe...
[Train] Epoch: 19 | Teacher lr=0.4776 | Teacher Loss: 1.344 | Teacher Train Acc: 70.066 | Student lr=0.4776 | Student Train Acc: 67.236 | Time: 137.523 |
[Eval] Epoch: 19 | Teacher Test Loss: 1.296 | Teacher Test Acc: 62.510 | Student Test Loss: 2.144 | Student Test Acc: 46.580 | Teacher Test F1: 0.624 | Student Test F1: 0.462 | Teacher Top 5 Accuracy: 0.889 | Student Top 5 Accuracy: 0.771 | Time: 2.461 | 
Running student landscape probe...
[shock] epoch=20 forcing student_lr=0.500000 (window=20..21)
[Train] Epoch: 20 | Teacher lr=0.4329 | Teacher Loss: 1.308 | Teacher Train Acc: 71.318 | Student lr=0.5000 | Student Train Acc: 67.122 | Time: 137.835 |
[Eval] Epoch: 20 | Teacher Test Loss: 1.387 | Teacher Test Acc: 61.080 | Student Test Loss: 2.357 | Student Test Acc: 43.020 | Teacher Test F1: 0.610 | Student Test F1: 0.425 | Teacher Top 5 Accuracy: 0.883 | Student Top 5 Accuracy: 0.738 | Time: 2.446 | 
Running student landscape probe...
[shock] epoch=21 forcing student_lr=0.500000 (window=20..21)
[Train] Epoch: 21 | Teacher lr=0.3887 | Teacher Loss: 1.262 | Teacher Train Acc: 72.908 | Student lr=0.5000 | Student Train Acc: 67.154 | Time: 137.312 |
[Eval] Epoch: 21 | Teacher Test Loss: 1.214 | Teacher Test Acc: 65.300 | Student Test Loss: 1.981 | Student Test Acc: 47.720 | Teacher Test F1: 0.649 | Student Test F1: 0.478 | Teacher Top 5 Accuracy: 0.902 | Student Top 5 Accuracy: 0.790 | Time: 2.453 | 
Running student landscape probe...
[Train] Epoch: 22 | Teacher lr=0.3455 | Teacher Loss: 1.206 | Teacher Train Acc: 74.112 | Student lr=0.4444 | Student Train Acc: 68.452 | Time: 137.460 |
[Eval] Epoch: 22 | Teacher Test Loss: 1.197 | Teacher Test Acc: 65.930 | Student Test Loss: 1.703 | Student Test Acc: 54.400 | Teacher Test F1: 0.659 | Student Test F1: 0.548 | Teacher Top 5 Accuracy: 0.901 | Student Top 5 Accuracy: 0.827 | Time: 2.455 | 
Running student landscape probe...
[Train] Epoch: 23 | Teacher lr=0.3035 | Teacher Loss: 1.152 | Teacher Train Acc: 75.788 | Student lr=0.3903 | Student Train Acc: 69.438 | Time: 137.577 |
[Eval] Epoch: 23 | Teacher Test Loss: 1.186 | Teacher Test Acc: 65.220 | Student Test Loss: 1.673 | Student Test Acc: 54.550 | Teacher Test F1: 0.651 | Student Test F1: 0.541 | Teacher Top 5 Accuracy: 0.908 | Student Top 5 Accuracy: 0.828 | Time: 2.464 | 
Running student landscape probe...
[Train] Epoch: 24 | Teacher lr=0.2631 | Teacher Loss: 1.097 | Teacher Train Acc: 77.134 | Student lr=0.3384 | Student Train Acc: 70.780 | Time: 134.783 |
[Eval] Epoch: 24 | Teacher Test Loss: 1.144 | Teacher Test Acc: 67.160 | Student Test Loss: 1.589 | Student Test Acc: 56.700 | Teacher Test F1: 0.671 | Student Test F1: 0.564 | Teacher Top 5 Accuracy: 0.910 | Student Top 5 Accuracy: 0.855 | Time: 2.619 | 
Running student landscape probe...
[Train] Epoch: 25 | Teacher lr=0.2246 | Teacher Loss: 1.038 | Teacher Train Acc: 78.918 | Student lr=0.2888 | Student Train Acc: 72.036 | Time: 137.673 |
[Eval] Epoch: 25 | Teacher Test Loss: 1.070 | Teacher Test Acc: 68.840 | Student Test Loss: 1.623 | Student Test Acc: 56.330 | Teacher Test F1: 0.686 | Student Test F1: 0.570 | Teacher Top 5 Accuracy: 0.919 | Student Top 5 Accuracy: 0.849 | Time: 2.448 | 
Running student landscape probe...
[Train] Epoch: 26 | Teacher lr=0.1883 | Teacher Loss: 0.975 | Teacher Train Acc: 80.566 | Student lr=0.2421 | Student Train Acc: 73.282 | Time: 137.456 |
[Eval] Epoch: 26 | Teacher Test Loss: 1.068 | Teacher Test Acc: 69.080 | Student Test Loss: 1.741 | Student Test Acc: 54.140 | Teacher Test F1: 0.689 | Student Test F1: 0.545 | Teacher Top 5 Accuracy: 0.918 | Student Top 5 Accuracy: 0.824 | Time: 2.447 | 
Running student landscape probe...
[Train] Epoch: 27 | Teacher lr=0.1545 | Teacher Loss: 0.909 | Teacher Train Acc: 82.454 | Student lr=0.1987 | Student Train Acc: 74.868 | Time: 137.491 |
[Eval] Epoch: 27 | Teacher Test Loss: 1.010 | Teacher Test Acc: 71.210 | Student Test Loss: 1.377 | Student Test Acc: 61.190 | Teacher Test F1: 0.711 | Student Test F1: 0.612 | Teacher Top 5 Accuracy: 0.926 | Student Top 5 Accuracy: 0.880 | Time: 2.463 | 
Running student landscape probe...
[Train] Epoch: 28 | Teacher lr=0.1235 | Teacher Loss: 0.846 | Teacher Train Acc: 84.314 | Student lr=0.1588 | Student Train Acc: 76.422 | Time: 137.372 |
[Eval] Epoch: 28 | Teacher Test Loss: 0.953 | Teacher Test Acc: 72.540 | Student Test Loss: 1.391 | Student Test Acc: 61.880 | Teacher Test F1: 0.725 | Student Test F1: 0.616 | Teacher Top 5 Accuracy: 0.931 | Student Top 5 Accuracy: 0.880 | Time: 2.433 | 
Running student landscape probe...
[Train] Epoch: 29 | Teacher lr=0.0955 | Teacher Loss: 0.777 | Teacher Train Acc: 86.194 | Student lr=0.1228 | Student Train Acc: 78.216 | Time: 137.731 |
[Eval] Epoch: 29 | Teacher Test Loss: 0.922 | Teacher Test Acc: 73.530 | Student Test Loss: 1.268 | Student Test Acc: 64.710 | Teacher Test F1: 0.735 | Student Test F1: 0.648 | Teacher Top 5 Accuracy: 0.935 | Student Top 5 Accuracy: 0.897 | Time: 2.453 | 
Running student landscape probe...
[Train] Epoch: 30 | Teacher lr=0.0708 | Teacher Loss: 0.708 | Teacher Train Acc: 88.056 | Student lr=0.0910 | Student Train Acc: 79.962 | Time: 134.526 |
[Eval] Epoch: 30 | Teacher Test Loss: 0.907 | Teacher Test Acc: 73.720 | Student Test Loss: 1.215 | Student Test Acc: 65.850 | Teacher Test F1: 0.737 | Student Test F1: 0.658 | Teacher Top 5 Accuracy: 0.938 | Student Top 5 Accuracy: 0.901 | Time: 2.713 | 
Running student landscape probe...
[Train] Epoch: 31 | Teacher lr=0.0495 | Teacher Loss: 0.642 | Teacher Train Acc: 89.914 | Student lr=0.0637 | Student Train Acc: 82.054 | Time: 137.420 |
[Eval] Epoch: 31 | Teacher Test Loss: 0.883 | Teacher Test Acc: 74.350 | Student Test Loss: 1.178 | Student Test Acc: 67.210 | Teacher Test F1: 0.743 | Student Test F1: 0.671 | Teacher Top 5 Accuracy: 0.940 | Student Top 5 Accuracy: 0.908 | Time: 2.468 | 
Running student landscape probe...
[Train] Epoch: 32 | Teacher lr=0.0319 | Teacher Loss: 0.586 | Teacher Train Acc: 91.116 | Student lr=0.0410 | Student Train Acc: 83.902 | Time: 136.029 |
[Eval] Epoch: 32 | Teacher Test Loss: 0.865 | Teacher Test Acc: 74.990 | Student Test Loss: 1.127 | Student Test Acc: 68.430 | Teacher Test F1: 0.750 | Student Test F1: 0.685 | Teacher Top 5 Accuracy: 0.943 | Student Top 5 Accuracy: 0.914 | Time: 2.642 | 
Running student landscape probe...
[Train] Epoch: 33 | Teacher lr=0.0180 | Teacher Loss: 0.537 | Teacher Train Acc: 92.148 | Student lr=0.0232 | Student Train Acc: 85.688 | Time: 135.555 |
[Eval] Epoch: 33 | Teacher Test Loss: 0.857 | Teacher Test Acc: 75.360 | Student Test Loss: 1.091 | Student Test Acc: 69.610 | Teacher Test F1: 0.753 | Student Test F1: 0.696 | Teacher Top 5 Accuracy: 0.942 | Student Top 5 Accuracy: 0.916 | Time: 2.616 | 
Running student landscape probe...
[Train] Epoch: 34 | Teacher lr=0.0080 | Teacher Loss: 0.500 | Teacher Train Acc: 92.880 | Student lr=0.0103 | Student Train Acc: 86.822 | Time: 137.450 |
[Eval] Epoch: 34 | Teacher Test Loss: 0.855 | Teacher Test Acc: 75.430 | Student Test Loss: 1.079 | Student Test Acc: 70.260 | Teacher Test F1: 0.754 | Student Test F1: 0.703 | Teacher Top 5 Accuracy: 0.944 | Student Top 5 Accuracy: 0.919 | Time: 2.585 | 
Running student landscape probe...
[Train] Epoch: 35 | Teacher lr=0.0020 | Teacher Loss: 0.482 | Teacher Train Acc: 93.422 | Student lr=0.0026 | Student Train Acc: 87.612 | Time: 136.591 |
[Eval] Epoch: 35 | Teacher Test Loss: 0.853 | Teacher Test Acc: 75.610 | Student Test Loss: 1.062 | Student Test Acc: 70.310 | Teacher Test F1: 0.756 | Student Test F1: 0.703 | Teacher Top 5 Accuracy: 0.944 | Student Top 5 Accuracy: 0.920 | Time: 2.565 | 
Running student landscape probe...
ckpt location: ckpt/robust12h_stars/cosine_shock05_seed4_35ep.pt
