/home/jovyan/.mlspace/envs/egy_llm/lib/python3.11/site-packages/torchvision/datasets/cifar.py:83: VisibleDeprecationWarning: dtype(): align should be passed as Python or NumPy boolean but got `align=0`. Did you mean to pass a tuple to create a subarray type? (Deprecated NumPy 2.4)
  entry = pickle.load(f, encoding="latin1")
depth_list: [110, 20]
Dataset information: cifar100	 50000 images for training 	 10000 images for testing	
teacher depth: 110
student depth: 20
Total number of teacher parameters: 1,169,972
Total number of student parameters: 278,132
Snapshots will be saved to: snapshots/robust12h_stars/cosine_shock10_seed3_35ep
==== train and evaluate unequal restart ====
[Eval] Epoch: 0 | Teacher Test Loss: 9743.739 | Teacher Test Acc: 1.130 | Student Test Loss: 5.207 | Student Test Acc: 1.000 | Teacher Test F1: 0.001 | Student Test F1: 0.000 | Teacher Top 5 Accuracy: 0.048 | Student Top 5 Accuracy: 0.047 | Time: 2.410 | 
Running student landscape probe...
[Train] Epoch: 1 | Teacher lr=1.0000 | Teacher Loss: 4.037 | Teacher Train Acc: 10.990 | Student lr=1.0000 | Student Train Acc: 23.166 | Time: 137.516 |
[Eval] Epoch: 1 | Teacher Test Loss: 3.638 | Teacher Test Acc: 14.080 | Student Test Loss: 3.326 | Student Test Acc: 20.570 | Teacher Test F1: 0.117 | Student Test F1: 0.190 | Teacher Top 5 Accuracy: 0.405 | Student Top 5 Accuracy: 0.519 | Time: 2.677 | 
Running student landscape probe...
[Train] Epoch: 2 | Teacher lr=0.9980 | Teacher Loss: 3.192 | Teacher Train Acc: 26.438 | Student lr=0.9980 | Student Train Acc: 43.024 | Time: 138.707 |
[Eval] Epoch: 2 | Teacher Test Loss: 3.142 | Teacher Test Acc: 22.540 | Student Test Loss: 2.975 | Student Test Acc: 25.710 | Teacher Test F1: 0.218 | Student Test F1: 0.241 | Teacher Top 5 Accuracy: 0.544 | Student Top 5 Accuracy: 0.599 | Time: 2.668 | 
Running student landscape probe...
[Train] Epoch: 3 | Teacher lr=0.9920 | Teacher Loss: 2.687 | Teacher Train Acc: 36.598 | Student lr=0.9920 | Student Train Acc: 49.248 | Time: 137.478 |
[Eval] Epoch: 3 | Teacher Test Loss: 2.511 | Teacher Test Acc: 36.090 | Student Test Loss: 2.637 | Student Test Acc: 35.260 | Teacher Test F1: 0.348 | Student Test F1: 0.345 | Teacher Top 5 Accuracy: 0.692 | Student Top 5 Accuracy: 0.677 | Time: 2.589 | 
Running student landscape probe...
[Train] Epoch: 4 | Teacher lr=0.9820 | Teacher Loss: 2.450 | Teacher Train Acc: 41.930 | Student lr=0.9820 | Student Train Acc: 52.442 | Time: 139.073 |
[Eval] Epoch: 4 | Teacher Test Loss: 2.267 | Teacher Test Acc: 40.150 | Student Test Loss: 2.244 | Student Test Acc: 41.260 | Teacher Test F1: 0.391 | Student Test F1: 0.399 | Teacher Top 5 Accuracy: 0.732 | Student Top 5 Accuracy: 0.732 | Time: 2.686 | 
Running student landscape probe...
[Train] Epoch: 5 | Teacher lr=0.9681 | Teacher Loss: 2.234 | Teacher Train Acc: 46.674 | Student lr=0.9681 | Student Train Acc: 54.882 | Time: 138.763 |
[Eval] Epoch: 5 | Teacher Test Loss: 2.012 | Teacher Test Acc: 45.380 | Student Test Loss: 2.358 | Student Test Acc: 38.550 | Teacher Test F1: 0.448 | Student Test F1: 0.382 | Teacher Top 5 Accuracy: 0.781 | Student Top 5 Accuracy: 0.733 | Time: 2.663 | 
Running student landscape probe...
[Train] Epoch: 6 | Teacher lr=0.9505 | Teacher Loss: 2.097 | Teacher Train Acc: 50.160 | Student lr=0.9505 | Student Train Acc: 56.460 | Time: 139.385 |
[Eval] Epoch: 6 | Teacher Test Loss: 2.083 | Teacher Test Acc: 44.430 | Student Test Loss: 2.194 | Student Test Acc: 42.120 | Teacher Test F1: 0.439 | Student Test F1: 0.421 | Teacher Top 5 Accuracy: 0.760 | Student Top 5 Accuracy: 0.751 | Time: 2.582 | 
Running student landscape probe...
[Train] Epoch: 7 | Teacher lr=0.9292 | Teacher Loss: 1.993 | Teacher Train Acc: 52.650 | Student lr=0.9292 | Student Train Acc: 57.428 | Time: 138.847 |
[Eval] Epoch: 7 | Teacher Test Loss: 2.096 | Teacher Test Acc: 44.400 | Student Test Loss: 2.300 | Student Test Acc: 39.950 | Teacher Test F1: 0.432 | Student Test F1: 0.388 | Teacher Top 5 Accuracy: 0.755 | Student Top 5 Accuracy: 0.726 | Time: 2.570 | 
Running student landscape probe...
[Train] Epoch: 8 | Teacher lr=0.9045 | Teacher Loss: 1.925 | Teacher Train Acc: 54.662 | Student lr=0.9045 | Student Train Acc: 58.554 | Time: 138.050 |
[Eval] Epoch: 8 | Teacher Test Loss: 2.241 | Teacher Test Acc: 39.420 | Student Test Loss: 2.257 | Student Test Acc: 40.280 | Teacher Test F1: 0.388 | Student Test F1: 0.396 | Teacher Top 5 Accuracy: 0.738 | Student Top 5 Accuracy: 0.732 | Time: 2.556 | 
Running student landscape probe...
[Train] Epoch: 9 | Teacher lr=0.8765 | Teacher Loss: 1.839 | Teacher Train Acc: 56.662 | Student lr=0.8765 | Student Train Acc: 59.466 | Time: 139.358 |
[Eval] Epoch: 9 | Teacher Test Loss: 1.709 | Teacher Test Acc: 52.530 | Student Test Loss: 2.144 | Student Test Acc: 44.190 | Teacher Test F1: 0.517 | Student Test F1: 0.431 | Teacher Top 5 Accuracy: 0.834 | Student Top 5 Accuracy: 0.756 | Time: 2.593 | 
Running student landscape probe...
[Train] Epoch: 10 | Teacher lr=0.8455 | Teacher Loss: 1.766 | Teacher Train Acc: 58.600 | Student lr=0.8455 | Student Train Acc: 60.304 | Time: 139.389 |
[Eval] Epoch: 10 | Teacher Test Loss: 1.672 | Teacher Test Acc: 53.690 | Student Test Loss: 2.380 | Student Test Acc: 39.630 | Teacher Test F1: 0.533 | Student Test F1: 0.395 | Teacher Top 5 Accuracy: 0.839 | Student Top 5 Accuracy: 0.724 | Time: 2.648 | 
Running student landscape probe...
[Train] Epoch: 11 | Teacher lr=0.8117 | Teacher Loss: 1.727 | Teacher Train Acc: 59.848 | Student lr=0.8117 | Student Train Acc: 61.058 | Time: 138.225 |
[Eval] Epoch: 11 | Teacher Test Loss: 1.819 | Teacher Test Acc: 50.640 | Student Test Loss: 2.251 | Student Test Acc: 42.070 | Teacher Test F1: 0.500 | Student Test F1: 0.421 | Teacher Top 5 Accuracy: 0.806 | Student Top 5 Accuracy: 0.747 | Time: 2.663 | 
Running student landscape probe...
[Train] Epoch: 12 | Teacher lr=0.7754 | Teacher Loss: 1.667 | Teacher Train Acc: 61.452 | Student lr=0.7754 | Student Train Acc: 61.570 | Time: 137.840 |
[Eval] Epoch: 12 | Teacher Test Loss: 1.653 | Teacher Test Acc: 54.430 | Student Test Loss: 2.299 | Student Test Acc: 41.830 | Teacher Test F1: 0.538 | Student Test F1: 0.422 | Teacher Top 5 Accuracy: 0.838 | Student Top 5 Accuracy: 0.730 | Time: 2.567 | 
Running student landscape probe...
[Train] Epoch: 13 | Teacher lr=0.7369 | Teacher Loss: 1.618 | Teacher Train Acc: 62.788 | Student lr=0.7369 | Student Train Acc: 62.780 | Time: 140.550 |
[Eval] Epoch: 13 | Teacher Test Loss: 1.903 | Teacher Test Acc: 49.730 | Student Test Loss: 2.127 | Student Test Acc: 43.230 | Teacher Test F1: 0.492 | Student Test F1: 0.437 | Teacher Top 5 Accuracy: 0.792 | Student Top 5 Accuracy: 0.762 | Time: 2.570 | 
Running student landscape probe...
[Train] Epoch: 14 | Teacher lr=0.6965 | Teacher Loss: 1.573 | Teacher Train Acc: 63.722 | Student lr=0.6965 | Student Train Acc: 63.158 | Time: 139.538 |
[Eval] Epoch: 14 | Teacher Test Loss: 1.491 | Teacher Test Acc: 57.280 | Student Test Loss: 1.964 | Student Test Acc: 46.500 | Teacher Test F1: 0.571 | Student Test F1: 0.467 | Teacher Top 5 Accuracy: 0.863 | Student Top 5 Accuracy: 0.789 | Time: 2.624 | 
Running student landscape probe...
[Train] Epoch: 15 | Teacher lr=0.6545 | Teacher Loss: 1.528 | Teacher Train Acc: 65.188 | Student lr=0.6545 | Student Train Acc: 64.148 | Time: 137.968 |
[Eval] Epoch: 15 | Teacher Test Loss: 1.509 | Teacher Test Acc: 56.500 | Student Test Loss: 1.956 | Student Test Acc: 48.010 | Teacher Test F1: 0.565 | Student Test F1: 0.483 | Teacher Top 5 Accuracy: 0.862 | Student Top 5 Accuracy: 0.788 | Time: 2.658 | 
Running student landscape probe...
[Train] Epoch: 16 | Teacher lr=0.6113 | Teacher Loss: 1.478 | Teacher Train Acc: 66.260 | Student lr=0.6113 | Student Train Acc: 64.824 | Time: 139.443 |
[Eval] Epoch: 16 | Teacher Test Loss: 1.440 | Teacher Test Acc: 59.500 | Student Test Loss: 2.397 | Student Test Acc: 39.900 | Teacher Test F1: 0.590 | Student Test F1: 0.400 | Teacher Top 5 Accuracy: 0.871 | Student Top 5 Accuracy: 0.703 | Time: 2.577 | 
Running student landscape probe...
[Train] Epoch: 17 | Teacher lr=0.5671 | Teacher Loss: 1.437 | Teacher Train Acc: 67.212 | Student lr=0.5671 | Student Train Acc: 65.564 | Time: 138.438 |
[Eval] Epoch: 17 | Teacher Test Loss: 1.505 | Teacher Test Acc: 57.970 | Student Test Loss: 1.839 | Student Test Acc: 49.810 | Teacher Test F1: 0.578 | Student Test F1: 0.499 | Teacher Top 5 Accuracy: 0.860 | Student Top 5 Accuracy: 0.812 | Time: 2.491 | 
Running student landscape probe...
[Train] Epoch: 18 | Teacher lr=0.5224 | Teacher Loss: 1.392 | Teacher Train Acc: 68.732 | Student lr=0.5224 | Student Train Acc: 66.368 | Time: 140.478 |
[Eval] Epoch: 18 | Teacher Test Loss: 1.341 | Teacher Test Acc: 61.890 | Student Test Loss: 1.880 | Student Test Acc: 50.560 | Teacher Test F1: 0.617 | Student Test F1: 0.511 | Teacher Top 5 Accuracy: 0.884 | Student Top 5 Accuracy: 0.814 | Time: 2.563 | 
Running student landscape probe...
[Train] Epoch: 19 | Teacher lr=0.4776 | Teacher Loss: 1.341 | Teacher Train Acc: 70.322 | Student lr=0.4776 | Student Train Acc: 67.092 | Time: 136.082 |
[Eval] Epoch: 19 | Teacher Test Loss: 1.356 | Teacher Test Acc: 61.050 | Student Test Loss: 1.845 | Student Test Acc: 51.220 | Teacher Test F1: 0.608 | Student Test F1: 0.514 | Teacher Top 5 Accuracy: 0.882 | Student Top 5 Accuracy: 0.816 | Time: 2.615 | 
Running student landscape probe...
[shock] epoch=20 forcing student_lr=1.000000 (window=20..21)
[Train] Epoch: 20 | Teacher lr=0.4329 | Teacher Loss: 1.372 | Teacher Train Acc: 71.692 | Student lr=1.0000 | Student Train Acc: 60.566 | Time: 136.080 |
[Eval] Epoch: 20 | Teacher Test Loss: 1.315 | Teacher Test Acc: 62.370 | Student Test Loss: 2.879 | Student Test Acc: 34.150 | Teacher Test F1: 0.624 | Student Test F1: 0.322 | Teacher Top 5 Accuracy: 0.891 | Student Top 5 Accuracy: 0.634 | Time: 2.579 | 
Running student landscape probe...
[shock] epoch=21 forcing student_lr=1.000000 (window=20..21)
[Train] Epoch: 21 | Teacher lr=0.3887 | Teacher Loss: 1.315 | Teacher Train Acc: 73.162 | Student lr=1.0000 | Student Train Acc: 61.428 | Time: 139.296 |
[Eval] Epoch: 21 | Teacher Test Loss: 1.197 | Teacher Test Acc: 65.680 | Student Test Loss: 2.644 | Student Test Acc: 37.280 | Teacher Test F1: 0.655 | Student Test F1: 0.370 | Teacher Top 5 Accuracy: 0.905 | Student Top 5 Accuracy: 0.701 | Time: 2.563 | 
Running student landscape probe...
[Train] Epoch: 22 | Teacher lr=0.3455 | Teacher Loss: 1.263 | Teacher Train Acc: 74.238 | Student lr=0.8887 | Student Train Acc: 62.850 | Time: 139.625 |
[Eval] Epoch: 22 | Teacher Test Loss: 1.178 | Teacher Test Acc: 66.090 | Student Test Loss: 2.541 | Student Test Acc: 38.020 | Teacher Test F1: 0.661 | Student Test F1: 0.371 | Teacher Top 5 Accuracy: 0.903 | Student Top 5 Accuracy: 0.693 | Time: 2.643 | 
Running student landscape probe...
[Train] Epoch: 23 | Teacher lr=0.3035 | Teacher Loss: 1.208 | Teacher Train Acc: 75.964 | Student lr=0.7807 | Student Train Acc: 63.774 | Time: 138.469 |
[Eval] Epoch: 23 | Teacher Test Loss: 1.139 | Teacher Test Acc: 67.230 | Student Test Loss: 2.034 | Student Test Acc: 47.330 | Teacher Test F1: 0.670 | Student Test F1: 0.473 | Teacher Top 5 Accuracy: 0.911 | Student Top 5 Accuracy: 0.785 | Time: 2.523 | 
Running student landscape probe...
[Train] Epoch: 24 | Teacher lr=0.2631 | Teacher Loss: 1.156 | Teacher Train Acc: 77.222 | Student lr=0.6767 | Student Train Acc: 64.968 | Time: 138.279 |
[Eval] Epoch: 24 | Teacher Test Loss: 1.116 | Teacher Test Acc: 67.670 | Student Test Loss: 2.177 | Student Test Acc: 45.870 | Teacher Test F1: 0.676 | Student Test F1: 0.455 | Teacher Top 5 Accuracy: 0.914 | Student Top 5 Accuracy: 0.769 | Time: 2.672 | 
Running student landscape probe...
[Train] Epoch: 25 | Teacher lr=0.2246 | Teacher Loss: 1.092 | Teacher Train Acc: 78.846 | Student lr=0.5776 | Student Train Acc: 66.344 | Time: 140.301 |
[Eval] Epoch: 25 | Teacher Test Loss: 1.043 | Teacher Test Acc: 69.870 | Student Test Loss: 2.067 | Student Test Acc: 47.460 | Teacher Test F1: 0.698 | Student Test F1: 0.479 | Teacher Top 5 Accuracy: 0.923 | Student Top 5 Accuracy: 0.782 | Time: 2.607 | 
Running student landscape probe...
[Train] Epoch: 26 | Teacher lr=0.1883 | Teacher Loss: 1.036 | Teacher Train Acc: 80.504 | Student lr=0.4843 | Student Train Acc: 67.926 | Time: 136.812 |
[Eval] Epoch: 26 | Teacher Test Loss: 1.040 | Teacher Test Acc: 69.720 | Student Test Loss: 1.743 | Student Test Acc: 53.180 | Teacher Test F1: 0.695 | Student Test F1: 0.534 | Teacher Top 5 Accuracy: 0.925 | Student Top 5 Accuracy: 0.830 | Time: 2.611 | 
Running student landscape probe...
[Train] Epoch: 27 | Teacher lr=0.1545 | Teacher Loss: 0.969 | Teacher Train Acc: 82.486 | Student lr=0.3974 | Student Train Acc: 69.560 | Time: 140.665 |
[Eval] Epoch: 27 | Teacher Test Loss: 0.997 | Teacher Test Acc: 70.980 | Student Test Loss: 1.801 | Student Test Acc: 52.830 | Teacher Test F1: 0.711 | Student Test F1: 0.534 | Teacher Top 5 Accuracy: 0.931 | Student Top 5 Accuracy: 0.821 | Time: 2.621 | 
Running student landscape probe...
[Train] Epoch: 28 | Teacher lr=0.1235 | Teacher Loss: 0.897 | Teacher Train Acc: 84.254 | Student lr=0.3176 | Student Train Acc: 71.448 | Time: 135.176 |
[Eval] Epoch: 28 | Teacher Test Loss: 0.966 | Teacher Test Acc: 71.830 | Student Test Loss: 1.735 | Student Test Acc: 54.670 | Teacher Test F1: 0.719 | Student Test F1: 0.552 | Teacher Top 5 Accuracy: 0.932 | Student Top 5 Accuracy: 0.829 | Time: 2.576 | 
Running student landscape probe...
[Train] Epoch: 29 | Teacher lr=0.0955 | Teacher Loss: 0.832 | Teacher Train Acc: 86.054 | Student lr=0.2456 | Student Train Acc: 73.212 | Time: 136.439 |
[Eval] Epoch: 29 | Teacher Test Loss: 0.937 | Teacher Test Acc: 72.680 | Student Test Loss: 1.421 | Student Test Acc: 60.870 | Teacher Test F1: 0.727 | Student Test F1: 0.612 | Teacher Top 5 Accuracy: 0.933 | Student Top 5 Accuracy: 0.870 | Time: 2.742 | 
Running student landscape probe...
[Train] Epoch: 30 | Teacher lr=0.0708 | Teacher Loss: 0.761 | Teacher Train Acc: 87.900 | Student lr=0.1821 | Student Train Acc: 75.324 | Time: 139.294 |
[Eval] Epoch: 30 | Teacher Test Loss: 0.907 | Teacher Test Acc: 73.840 | Student Test Loss: 1.385 | Student Test Acc: 62.730 | Teacher Test F1: 0.740 | Student Test F1: 0.628 | Teacher Top 5 Accuracy: 0.937 | Student Top 5 Accuracy: 0.876 | Time: 2.618 | 
Running student landscape probe...
[Train] Epoch: 31 | Teacher lr=0.0495 | Teacher Loss: 0.693 | Teacher Train Acc: 89.352 | Student lr=0.1274 | Student Train Acc: 77.680 | Time: 139.463 |
[Eval] Epoch: 31 | Teacher Test Loss: 0.882 | Teacher Test Acc: 74.200 | Student Test Loss: 1.229 | Student Test Acc: 65.500 | Teacher Test F1: 0.742 | Student Test F1: 0.656 | Teacher Top 5 Accuracy: 0.940 | Student Top 5 Accuracy: 0.900 | Time: 2.674 | 
Running student landscape probe...
[Train] Epoch: 32 | Teacher lr=0.0319 | Teacher Loss: 0.626 | Teacher Train Acc: 90.794 | Student lr=0.0820 | Student Train Acc: 80.302 | Time: 140.380 |
[Eval] Epoch: 32 | Teacher Test Loss: 0.869 | Teacher Test Acc: 75.000 | Student Test Loss: 1.174 | Student Test Acc: 67.250 | Teacher Test F1: 0.750 | Student Test F1: 0.672 | Teacher Top 5 Accuracy: 0.940 | Student Top 5 Accuracy: 0.906 | Time: 2.698 | 
Running student landscape probe...
[Train] Epoch: 33 | Teacher lr=0.0180 | Teacher Loss: 0.572 | Teacher Train Acc: 91.790 | Student lr=0.0464 | Student Train Acc: 82.672 | Time: 136.161 |
[Eval] Epoch: 33 | Teacher Test Loss: 0.857 | Teacher Test Acc: 75.080 | Student Test Loss: 1.135 | Student Test Acc: 68.410 | Teacher Test F1: 0.751 | Student Test F1: 0.683 | Teacher Top 5 Accuracy: 0.943 | Student Top 5 Accuracy: 0.912 | Time: 2.658 | 
Running student landscape probe...
[Train] Epoch: 34 | Teacher lr=0.0080 | Teacher Loss: 0.530 | Teacher Train Acc: 92.596 | Student lr=0.0207 | Student Train Acc: 84.604 | Time: 135.725 |
[Eval] Epoch: 34 | Teacher Test Loss: 0.853 | Teacher Test Acc: 75.180 | Student Test Loss: 1.080 | Student Test Acc: 69.550 | Teacher Test F1: 0.752 | Student Test F1: 0.695 | Teacher Top 5 Accuracy: 0.944 | Student Top 5 Accuracy: 0.917 | Time: 2.622 | 
Running student landscape probe...
[Train] Epoch: 35 | Teacher lr=0.0020 | Teacher Loss: 0.502 | Teacher Train Acc: 93.042 | Student lr=0.0052 | Student Train Acc: 85.852 | Time: 135.048 |
[Eval] Epoch: 35 | Teacher Test Loss: 0.851 | Teacher Test Acc: 75.330 | Student Test Loss: 1.066 | Student Test Acc: 70.040 | Teacher Test F1: 0.753 | Student Test F1: 0.700 | Teacher Top 5 Accuracy: 0.944 | Student Top 5 Accuracy: 0.920 | Time: 2.755 | 
Running student landscape probe...
ckpt location: ckpt/robust12h_stars/cosine_shock10_seed3_35ep.pt
