/home/jovyan/.mlspace/envs/egy_llm/lib/python3.11/site-packages/torchvision/datasets/cifar.py:83: VisibleDeprecationWarning: dtype(): align should be passed as Python or NumPy boolean but got `align=0`. Did you mean to pass a tuple to create a subarray type? (Deprecated NumPy 2.4)
  entry = pickle.load(f, encoding="latin1")
depth_list: [110, 20]
Dataset information: cifar100	 50000 images for training 	 10000 images for testing	
teacher depth: 110
student depth: 20
Total number of teacher parameters: 1,169,972
Total number of student parameters: 278,132
Snapshots will be saved to: snapshots/robust12h_stars/cosine_noshock_seed7_35ep
==== train and evaluate unequal restart ====
[Eval] Epoch: 0 | Teacher Test Loss: 3571.086 | Teacher Test Acc: 1.000 | Student Test Loss: 6.274 | Student Test Acc: 1.210 | Teacher Test F1: 0.000 | Student Test F1: 0.001 | Teacher Top 5 Accuracy: 0.050 | Student Top 5 Accuracy: 0.049 | Time: 2.736 | 
Running student landscape probe...
[Train] Epoch: 1 | Teacher lr=1.0000 | Teacher Loss: 4.077 | Teacher Train Acc: 10.290 | Student lr=1.0000 | Student Train Acc: 22.294 | Time: 140.062 |
[Eval] Epoch: 1 | Teacher Test Loss: 3.558 | Teacher Test Acc: 14.860 | Student Test Loss: 2.962 | Student Test Acc: 26.150 | Teacher Test F1: 0.118 | Student Test F1: 0.237 | Teacher Top 5 Accuracy: 0.406 | Student Top 5 Accuracy: 0.574 | Time: 2.308 | 
Running student landscape probe...
[Train] Epoch: 2 | Teacher lr=0.9980 | Teacher Loss: 3.285 | Teacher Train Acc: 24.838 | Student lr=0.9980 | Student Train Acc: 42.890 | Time: 137.836 |
[Eval] Epoch: 2 | Teacher Test Loss: 3.327 | Teacher Test Acc: 21.320 | Student Test Loss: 2.923 | Student Test Acc: 28.110 | Teacher Test F1: 0.186 | Student Test F1: 0.258 | Teacher Top 5 Accuracy: 0.517 | Student Top 5 Accuracy: 0.590 | Time: 2.295 | 
Running student landscape probe...
[Train] Epoch: 3 | Teacher lr=0.9920 | Teacher Loss: 2.754 | Teacher Train Acc: 35.080 | Student lr=0.9920 | Student Train Acc: 48.930 | Time: 136.343 |
[Eval] Epoch: 3 | Teacher Test Loss: 2.783 | Teacher Test Acc: 32.540 | Student Test Loss: 2.904 | Student Test Acc: 32.290 | Teacher Test F1: 0.315 | Student Test F1: 0.304 | Teacher Top 5 Accuracy: 0.666 | Student Top 5 Accuracy: 0.628 | Time: 2.556 | 
Running student landscape probe...
[Train] Epoch: 4 | Teacher lr=0.9820 | Teacher Loss: 2.402 | Teacher Train Acc: 42.772 | Student lr=0.9820 | Student Train Acc: 52.400 | Time: 135.566 |
[Eval] Epoch: 4 | Teacher Test Loss: 2.459 | Teacher Test Acc: 36.190 | Student Test Loss: 2.633 | Student Test Acc: 34.530 | Teacher Test F1: 0.347 | Student Test F1: 0.325 | Teacher Top 5 Accuracy: 0.699 | Student Top 5 Accuracy: 0.667 | Time: 2.510 | 
Running student landscape probe...
[Train] Epoch: 5 | Teacher lr=0.9681 | Teacher Loss: 2.221 | Teacher Train Acc: 47.196 | Student lr=0.9681 | Student Train Acc: 54.666 | Time: 140.328 |
[Eval] Epoch: 5 | Teacher Test Loss: 2.274 | Teacher Test Acc: 40.800 | Student Test Loss: 2.301 | Student Test Acc: 40.150 | Teacher Test F1: 0.405 | Student Test F1: 0.401 | Teacher Top 5 Accuracy: 0.731 | Student Top 5 Accuracy: 0.717 | Time: 2.555 | 
Running student landscape probe...
[Train] Epoch: 6 | Teacher lr=0.9505 | Teacher Loss: 2.139 | Teacher Train Acc: 49.334 | Student lr=0.9505 | Student Train Acc: 55.932 | Time: 140.091 |
[Eval] Epoch: 6 | Teacher Test Loss: 2.340 | Teacher Test Acc: 38.570 | Student Test Loss: 2.215 | Student Test Acc: 41.210 | Teacher Test F1: 0.380 | Student Test F1: 0.402 | Teacher Top 5 Accuracy: 0.724 | Student Top 5 Accuracy: 0.732 | Time: 2.272 | 
Running student landscape probe...
[Train] Epoch: 7 | Teacher lr=0.9292 | Teacher Loss: 1.998 | Teacher Train Acc: 52.478 | Student lr=0.9292 | Student Train Acc: 57.372 | Time: 139.887 |
[Eval] Epoch: 7 | Teacher Test Loss: 2.171 | Teacher Test Acc: 43.740 | Student Test Loss: 2.549 | Student Test Acc: 38.420 | Teacher Test F1: 0.428 | Student Test F1: 0.373 | Teacher Top 5 Accuracy: 0.760 | Student Top 5 Accuracy: 0.689 | Time: 2.551 | 
Running student landscape probe...
[Train] Epoch: 8 | Teacher lr=0.9045 | Teacher Loss: 1.925 | Teacher Train Acc: 54.608 | Student lr=0.9045 | Student Train Acc: 57.770 | Time: 140.331 |
[Eval] Epoch: 8 | Teacher Test Loss: 2.372 | Teacher Test Acc: 39.390 | Student Test Loss: 2.214 | Student Test Acc: 43.910 | Teacher Test F1: 0.386 | Student Test F1: 0.435 | Teacher Top 5 Accuracy: 0.714 | Student Top 5 Accuracy: 0.740 | Time: 2.281 | 
Running student landscape probe...
[Train] Epoch: 9 | Teacher lr=0.8765 | Teacher Loss: 1.853 | Teacher Train Acc: 56.568 | Student lr=0.8765 | Student Train Acc: 58.718 | Time: 135.263 |
[Eval] Epoch: 9 | Teacher Test Loss: 1.879 | Teacher Test Acc: 48.650 | Student Test Loss: 2.538 | Student Test Acc: 37.200 | Teacher Test F1: 0.484 | Student Test F1: 0.366 | Teacher Top 5 Accuracy: 0.802 | Student Top 5 Accuracy: 0.692 | Time: 2.394 | 
Running student landscape probe...
[Train] Epoch: 10 | Teacher lr=0.8455 | Teacher Loss: 1.774 | Teacher Train Acc: 58.460 | Student lr=0.8455 | Student Train Acc: 59.748 | Time: 138.316 |
[Eval] Epoch: 10 | Teacher Test Loss: 2.019 | Teacher Test Acc: 45.890 | Student Test Loss: 2.793 | Student Test Acc: 33.430 | Teacher Test F1: 0.461 | Student Test F1: 0.337 | Teacher Top 5 Accuracy: 0.788 | Student Top 5 Accuracy: 0.655 | Time: 2.510 | 
Running student landscape probe...
[Train] Epoch: 11 | Teacher lr=0.8117 | Teacher Loss: 1.729 | Teacher Train Acc: 59.678 | Student lr=0.8117 | Student Train Acc: 60.226 | Time: 138.244 |
[Eval] Epoch: 11 | Teacher Test Loss: 1.726 | Teacher Test Acc: 51.690 | Student Test Loss: 2.203 | Student Test Acc: 42.020 | Teacher Test F1: 0.514 | Student Test F1: 0.416 | Teacher Top 5 Accuracy: 0.827 | Student Top 5 Accuracy: 0.742 | Time: 2.391 | 
Running student landscape probe...
[Train] Epoch: 12 | Teacher lr=0.7754 | Teacher Loss: 1.672 | Teacher Train Acc: 61.262 | Student lr=0.7754 | Student Train Acc: 61.384 | Time: 138.190 |
[Eval] Epoch: 12 | Teacher Test Loss: 1.760 | Teacher Test Acc: 51.080 | Student Test Loss: 2.468 | Student Test Acc: 38.120 | Teacher Test F1: 0.511 | Student Test F1: 0.375 | Teacher Top 5 Accuracy: 0.822 | Student Top 5 Accuracy: 0.702 | Time: 2.534 | 
Running student landscape probe...
[Train] Epoch: 13 | Teacher lr=0.7369 | Teacher Loss: 1.627 | Teacher Train Acc: 62.380 | Student lr=0.7369 | Student Train Acc: 61.944 | Time: 140.257 |
[Eval] Epoch: 13 | Teacher Test Loss: 1.576 | Teacher Test Acc: 55.470 | Student Test Loss: 2.433 | Student Test Acc: 39.110 | Teacher Test F1: 0.552 | Student Test F1: 0.382 | Teacher Top 5 Accuracy: 0.855 | Student Top 5 Accuracy: 0.704 | Time: 2.541 | 
Running student landscape probe...
[Train] Epoch: 14 | Teacher lr=0.6965 | Teacher Loss: 1.581 | Teacher Train Acc: 63.652 | Student lr=0.6965 | Student Train Acc: 62.636 | Time: 138.923 |
[Eval] Epoch: 14 | Teacher Test Loss: 1.519 | Teacher Test Acc: 57.190 | Student Test Loss: 2.123 | Student Test Acc: 45.670 | Teacher Test F1: 0.568 | Student Test F1: 0.458 | Teacher Top 5 Accuracy: 0.861 | Student Top 5 Accuracy: 0.756 | Time: 2.574 | 
Running student landscape probe...
[Train] Epoch: 15 | Teacher lr=0.6545 | Teacher Loss: 1.543 | Teacher Train Acc: 64.748 | Student lr=0.6545 | Student Train Acc: 63.434 | Time: 135.693 |
[Eval] Epoch: 15 | Teacher Test Loss: 1.567 | Teacher Test Acc: 55.690 | Student Test Loss: 2.662 | Student Test Acc: 36.280 | Teacher Test F1: 0.556 | Student Test F1: 0.359 | Teacher Top 5 Accuracy: 0.858 | Student Top 5 Accuracy: 0.680 | Time: 2.563 | 
Running student landscape probe...
[Train] Epoch: 16 | Teacher lr=0.6113 | Teacher Loss: 1.493 | Teacher Train Acc: 66.006 | Student lr=0.6113 | Student Train Acc: 64.258 | Time: 140.427 |
[Eval] Epoch: 16 | Teacher Test Loss: 1.490 | Teacher Test Acc: 57.550 | Student Test Loss: 1.965 | Student Test Acc: 47.800 | Teacher Test F1: 0.574 | Student Test F1: 0.477 | Teacher Top 5 Accuracy: 0.859 | Student Top 5 Accuracy: 0.792 | Time: 2.584 | 
Running student landscape probe...
[Train] Epoch: 17 | Teacher lr=0.5671 | Teacher Loss: 1.449 | Teacher Train Acc: 67.318 | Student lr=0.5671 | Student Train Acc: 64.830 | Time: 139.147 |
[Eval] Epoch: 17 | Teacher Test Loss: 1.644 | Teacher Test Acc: 54.180 | Student Test Loss: 1.999 | Student Test Acc: 47.100 | Teacher Test F1: 0.538 | Student Test F1: 0.468 | Teacher Top 5 Accuracy: 0.844 | Student Top 5 Accuracy: 0.781 | Time: 2.285 | 
Running student landscape probe...
[Train] Epoch: 18 | Teacher lr=0.5224 | Teacher Loss: 1.399 | Teacher Train Acc: 68.306 | Student lr=0.5224 | Student Train Acc: 65.770 | Time: 138.398 |
[Eval] Epoch: 18 | Teacher Test Loss: 1.365 | Teacher Test Acc: 60.510 | Student Test Loss: 2.243 | Student Test Acc: 42.770 | Teacher Test F1: 0.607 | Student Test F1: 0.435 | Teacher Top 5 Accuracy: 0.883 | Student Top 5 Accuracy: 0.740 | Time: 2.294 | 
Running student landscape probe...
[Train] Epoch: 19 | Teacher lr=0.4776 | Teacher Loss: 1.354 | Teacher Train Acc: 69.764 | Student lr=0.4776 | Student Train Acc: 66.658 | Time: 138.156 |
[Eval] Epoch: 19 | Teacher Test Loss: 1.444 | Teacher Test Acc: 58.980 | Student Test Loss: 1.838 | Student Test Acc: 50.850 | Teacher Test F1: 0.589 | Student Test F1: 0.506 | Teacher Top 5 Accuracy: 0.869 | Student Top 5 Accuracy: 0.805 | Time: 2.656 | 
Running student landscape probe...
[Train] Epoch: 20 | Teacher lr=0.4329 | Teacher Loss: 1.305 | Teacher Train Acc: 71.202 | Student lr=0.4329 | Student Train Acc: 67.458 | Time: 138.586 |
[Eval] Epoch: 20 | Teacher Test Loss: 1.376 | Teacher Test Acc: 60.830 | Student Test Loss: 2.077 | Student Test Acc: 47.330 | Teacher Test F1: 0.612 | Student Test F1: 0.470 | Teacher Top 5 Accuracy: 0.878 | Student Top 5 Accuracy: 0.771 | Time: 2.509 | 
Running student landscape probe...
[Train] Epoch: 21 | Teacher lr=0.3887 | Teacher Loss: 1.263 | Teacher Train Acc: 72.102 | Student lr=0.3887 | Student Train Acc: 68.676 | Time: 135.929 |
[Eval] Epoch: 21 | Teacher Test Loss: 1.258 | Teacher Test Acc: 63.910 | Student Test Loss: 1.606 | Student Test Acc: 55.530 | Teacher Test F1: 0.641 | Student Test F1: 0.555 | Teacher Top 5 Accuracy: 0.899 | Student Top 5 Accuracy: 0.849 | Time: 2.539 | 
Running student landscape probe...
[Train] Epoch: 22 | Teacher lr=0.3455 | Teacher Loss: 1.201 | Teacher Train Acc: 73.910 | Student lr=0.3455 | Student Train Acc: 69.584 | Time: 138.678 |
[Eval] Epoch: 22 | Teacher Test Loss: 1.200 | Teacher Test Acc: 65.280 | Student Test Loss: 1.856 | Student Test Acc: 51.250 | Teacher Test F1: 0.651 | Student Test F1: 0.509 | Teacher Top 5 Accuracy: 0.904 | Student Top 5 Accuracy: 0.805 | Time: 2.383 | 
Running student landscape probe...
[Train] Epoch: 23 | Teacher lr=0.3035 | Teacher Loss: 1.148 | Teacher Train Acc: 75.432 | Student lr=0.3035 | Student Train Acc: 70.656 | Time: 140.423 |
[Eval] Epoch: 23 | Teacher Test Loss: 1.212 | Teacher Test Acc: 65.970 | Student Test Loss: 1.722 | Student Test Acc: 53.920 | Teacher Test F1: 0.659 | Student Test F1: 0.536 | Teacher Top 5 Accuracy: 0.901 | Student Top 5 Accuracy: 0.825 | Time: 2.536 | 
Running student landscape probe...
[Train] Epoch: 24 | Teacher lr=0.2631 | Teacher Loss: 1.089 | Teacher Train Acc: 77.070 | Student lr=0.2631 | Student Train Acc: 71.890 | Time: 138.361 |
[Eval] Epoch: 24 | Teacher Test Loss: 1.165 | Teacher Test Acc: 66.940 | Student Test Loss: 1.494 | Student Test Acc: 58.070 | Teacher Test F1: 0.670 | Student Test F1: 0.581 | Teacher Top 5 Accuracy: 0.908 | Student Top 5 Accuracy: 0.861 | Time: 2.432 | 
Running student landscape probe...
[Train] Epoch: 25 | Teacher lr=0.2246 | Teacher Loss: 1.031 | Teacher Train Acc: 78.562 | Student lr=0.2246 | Student Train Acc: 73.222 | Time: 140.417 |
[Eval] Epoch: 25 | Teacher Test Loss: 1.110 | Teacher Test Acc: 68.560 | Student Test Loss: 1.506 | Student Test Acc: 58.940 | Teacher Test F1: 0.683 | Student Test F1: 0.585 | Teacher Top 5 Accuracy: 0.917 | Student Top 5 Accuracy: 0.865 | Time: 2.547 | 
Running student landscape probe...
[Train] Epoch: 26 | Teacher lr=0.1883 | Teacher Loss: 0.969 | Teacher Train Acc: 80.442 | Student lr=0.1883 | Student Train Acc: 74.364 | Time: 138.833 |
[Eval] Epoch: 26 | Teacher Test Loss: 1.064 | Teacher Test Acc: 69.330 | Student Test Loss: 1.528 | Student Test Acc: 58.180 | Teacher Test F1: 0.692 | Student Test F1: 0.587 | Teacher Top 5 Accuracy: 0.920 | Student Top 5 Accuracy: 0.863 | Time: 2.548 | 
Running student landscape probe...
[Train] Epoch: 27 | Teacher lr=0.1545 | Teacher Loss: 0.907 | Teacher Train Acc: 82.134 | Student lr=0.1545 | Student Train Acc: 75.436 | Time: 139.878 |
[Eval] Epoch: 27 | Teacher Test Loss: 1.011 | Teacher Test Acc: 70.730 | Student Test Loss: 1.377 | Student Test Acc: 61.160 | Teacher Test F1: 0.708 | Student Test F1: 0.614 | Teacher Top 5 Accuracy: 0.928 | Student Top 5 Accuracy: 0.883 | Time: 2.309 | 
Running student landscape probe...
[Train] Epoch: 28 | Teacher lr=0.1235 | Teacher Loss: 0.839 | Teacher Train Acc: 84.122 | Student lr=0.1235 | Student Train Acc: 77.360 | Time: 136.996 |
[Eval] Epoch: 28 | Teacher Test Loss: 0.967 | Teacher Test Acc: 71.870 | Student Test Loss: 1.296 | Student Test Acc: 63.830 | Teacher Test F1: 0.718 | Student Test F1: 0.639 | Teacher Top 5 Accuracy: 0.933 | Student Top 5 Accuracy: 0.895 | Time: 2.438 | 
Running student landscape probe...
[Train] Epoch: 29 | Teacher lr=0.0955 | Teacher Loss: 0.772 | Teacher Train Acc: 86.056 | Student lr=0.0955 | Student Train Acc: 78.816 | Time: 137.798 |
[Eval] Epoch: 29 | Teacher Test Loss: 0.938 | Teacher Test Acc: 72.600 | Student Test Loss: 1.358 | Student Test Acc: 62.850 | Teacher Test F1: 0.728 | Student Test F1: 0.631 | Teacher Top 5 Accuracy: 0.936 | Student Top 5 Accuracy: 0.889 | Time: 2.525 | 
Running student landscape probe...
[Train] Epoch: 30 | Teacher lr=0.0708 | Teacher Loss: 0.703 | Teacher Train Acc: 87.788 | Student lr=0.0708 | Student Train Acc: 80.578 | Time: 139.442 |
[Eval] Epoch: 30 | Teacher Test Loss: 0.918 | Teacher Test Acc: 73.270 | Student Test Loss: 1.277 | Student Test Acc: 65.520 | Teacher Test F1: 0.733 | Student Test F1: 0.656 | Teacher Top 5 Accuracy: 0.936 | Student Top 5 Accuracy: 0.900 | Time: 2.269 | 
Running student landscape probe...
[Train] Epoch: 31 | Teacher lr=0.0495 | Teacher Loss: 0.642 | Teacher Train Acc: 89.544 | Student lr=0.0495 | Student Train Acc: 82.348 | Time: 139.962 |
[Eval] Epoch: 31 | Teacher Test Loss: 0.891 | Teacher Test Acc: 74.060 | Student Test Loss: 1.179 | Student Test Acc: 67.190 | Teacher Test F1: 0.740 | Student Test F1: 0.671 | Teacher Top 5 Accuracy: 0.939 | Student Top 5 Accuracy: 0.907 | Time: 2.560 | 
Running student landscape probe...
[Train] Epoch: 32 | Teacher lr=0.0319 | Teacher Loss: 0.582 | Teacher Train Acc: 91.116 | Student lr=0.0319 | Student Train Acc: 83.992 | Time: 137.946 |
[Eval] Epoch: 32 | Teacher Test Loss: 0.880 | Teacher Test Acc: 74.600 | Student Test Loss: 1.169 | Student Test Acc: 68.310 | Teacher Test F1: 0.747 | Student Test F1: 0.684 | Teacher Top 5 Accuracy: 0.940 | Student Top 5 Accuracy: 0.911 | Time: 2.558 | 
Running student landscape probe...
[Train] Epoch: 33 | Teacher lr=0.0180 | Teacher Loss: 0.539 | Teacher Train Acc: 92.078 | Student lr=0.0180 | Student Train Acc: 85.542 | Time: 138.339 |
[Eval] Epoch: 33 | Teacher Test Loss: 0.871 | Teacher Test Acc: 74.860 | Student Test Loss: 1.131 | Student Test Acc: 69.160 | Teacher Test F1: 0.749 | Student Test F1: 0.691 | Teacher Top 5 Accuracy: 0.940 | Student Top 5 Accuracy: 0.915 | Time: 2.525 | 
Running student landscape probe...
[Train] Epoch: 34 | Teacher lr=0.0080 | Teacher Loss: 0.505 | Teacher Train Acc: 92.844 | Student lr=0.0080 | Student Train Acc: 86.818 | Time: 140.142 |
[Eval] Epoch: 34 | Teacher Test Loss: 0.866 | Teacher Test Acc: 75.120 | Student Test Loss: 1.102 | Student Test Acc: 70.060 | Teacher Test F1: 0.752 | Student Test F1: 0.701 | Teacher Top 5 Accuracy: 0.941 | Student Top 5 Accuracy: 0.918 | Time: 2.217 | 
Running student landscape probe...
[Train] Epoch: 35 | Teacher lr=0.0020 | Teacher Loss: 0.486 | Teacher Train Acc: 93.278 | Student lr=0.0020 | Student Train Acc: 87.464 | Time: 140.335 |
[Eval] Epoch: 35 | Teacher Test Loss: 0.863 | Teacher Test Acc: 75.080 | Student Test Loss: 1.093 | Student Test Acc: 70.080 | Teacher Test F1: 0.751 | Student Test F1: 0.701 | Teacher Top 5 Accuracy: 0.941 | Student Top 5 Accuracy: 0.919 | Time: 2.540 | 
Running student landscape probe...
ckpt location: ckpt/robust12h_stars/cosine_noshock_seed7_35ep.pt
