/home/jovyan/.mlspace/envs/egy_llm/lib/python3.11/site-packages/torchvision/datasets/cifar.py:83: VisibleDeprecationWarning: dtype(): align should be passed as Python or NumPy boolean but got `align=0`. Did you mean to pass a tuple to create a subarray type? (Deprecated NumPy 2.4)
  entry = pickle.load(f, encoding="latin1")
depth_list: [110, 20]
Dataset information: cifar100	 50000 images for training 	 10000 images for testing	
teacher depth: 110
student depth: 20
Total number of teacher parameters: 1,169,972
Total number of student parameters: 278,132
Snapshots will be saved to: snapshots/robust12h_stars/cosine_noshock_seed6_35ep
==== train and evaluate unequal restart ====
[Eval] Epoch: 0 | Teacher Test Loss: 4830.063 | Teacher Test Acc: 1.020 | Student Test Loss: 5.053 | Student Test Acc: 0.870 | Teacher Test F1: 0.000 | Student Test F1: 0.001 | Teacher Top 5 Accuracy: 0.048 | Student Top 5 Accuracy: 0.051 | Time: 2.926 | 
Running student landscape probe...
[Train] Epoch: 1 | Teacher lr=1.0000 | Teacher Loss: 4.259 | Teacher Train Acc: 8.384 | Student lr=1.0000 | Student Train Acc: 23.480 | Time: 139.548 |
[Eval] Epoch: 1 | Teacher Test Loss: 3.754 | Teacher Test Acc: 12.500 | Student Test Loss: 3.161 | Student Test Acc: 23.410 | Teacher Test F1: 0.098 | Student Test F1: 0.218 | Teacher Top 5 Accuracy: 0.356 | Student Top 5 Accuracy: 0.532 | Time: 2.429 | 
Running student landscape probe...
[Train] Epoch: 2 | Teacher lr=0.9980 | Teacher Loss: 3.570 | Teacher Train Acc: 20.720 | Student lr=0.9980 | Student Train Acc: 42.786 | Time: 137.701 |
[Eval] Epoch: 2 | Teacher Test Loss: 3.235 | Teacher Test Acc: 20.680 | Student Test Loss: 3.113 | Student Test Acc: 24.450 | Teacher Test F1: 0.192 | Student Test F1: 0.238 | Teacher Top 5 Accuracy: 0.517 | Student Top 5 Accuracy: 0.561 | Time: 2.419 | 
Running student landscape probe...
[Train] Epoch: 3 | Teacher lr=0.9920 | Teacher Loss: 2.902 | Teacher Train Acc: 32.202 | Student lr=0.9920 | Student Train Acc: 48.218 | Time: 139.012 |
[Eval] Epoch: 3 | Teacher Test Loss: 3.015 | Teacher Test Acc: 26.480 | Student Test Loss: 2.814 | Student Test Acc: 29.870 | Teacher Test F1: 0.243 | Student Test F1: 0.298 | Teacher Top 5 Accuracy: 0.592 | Student Top 5 Accuracy: 0.628 | Time: 2.513 | 
Running student landscape probe...
[Train] Epoch: 4 | Teacher lr=0.9820 | Teacher Loss: 2.489 | Teacher Train Acc: 41.210 | Student lr=0.9820 | Student Train Acc: 51.996 | Time: 135.335 |
[Eval] Epoch: 4 | Teacher Test Loss: 2.166 | Teacher Test Acc: 42.410 | Student Test Loss: 3.367 | Student Test Acc: 27.250 | Teacher Test F1: 0.412 | Student Test F1: 0.260 | Teacher Top 5 Accuracy: 0.747 | Student Top 5 Accuracy: 0.561 | Time: 2.381 | 
Running student landscape probe...
[Train] Epoch: 5 | Teacher lr=0.9681 | Teacher Loss: 2.289 | Teacher Train Acc: 45.456 | Student lr=0.9681 | Student Train Acc: 54.216 | Time: 138.156 |
[Eval] Epoch: 5 | Teacher Test Loss: 2.259 | Teacher Test Acc: 40.470 | Student Test Loss: 3.731 | Student Test Acc: 26.090 | Teacher Test F1: 0.393 | Student Test F1: 0.258 | Teacher Top 5 Accuracy: 0.739 | Student Top 5 Accuracy: 0.549 | Time: 2.279 | 
Running student landscape probe...
[Train] Epoch: 6 | Teacher lr=0.9505 | Teacher Loss: 2.123 | Teacher Train Acc: 49.540 | Student lr=0.9505 | Student Train Acc: 56.016 | Time: 137.056 |
[Eval] Epoch: 6 | Teacher Test Loss: 2.172 | Teacher Test Acc: 42.610 | Student Test Loss: 3.285 | Student Test Acc: 28.230 | Teacher Test F1: 0.416 | Student Test F1: 0.279 | Teacher Top 5 Accuracy: 0.753 | Student Top 5 Accuracy: 0.595 | Time: 2.556 | 
Running student landscape probe...
[Train] Epoch: 7 | Teacher lr=0.9292 | Teacher Loss: 2.012 | Teacher Train Acc: 52.242 | Student lr=0.9292 | Student Train Acc: 57.450 | Time: 137.934 |
[Eval] Epoch: 7 | Teacher Test Loss: 1.861 | Teacher Test Acc: 48.480 | Student Test Loss: 2.384 | Student Test Acc: 39.300 | Teacher Test F1: 0.481 | Student Test F1: 0.392 | Teacher Top 5 Accuracy: 0.803 | Student Top 5 Accuracy: 0.719 | Time: 2.625 | 
Running student landscape probe...
[Train] Epoch: 8 | Teacher lr=0.9045 | Teacher Loss: 1.914 | Teacher Train Acc: 54.884 | Student lr=0.9045 | Student Train Acc: 58.490 | Time: 137.132 |
[Eval] Epoch: 8 | Teacher Test Loss: 1.970 | Teacher Test Acc: 47.230 | Student Test Loss: 2.754 | Student Test Acc: 35.310 | Teacher Test F1: 0.472 | Student Test F1: 0.349 | Teacher Top 5 Accuracy: 0.788 | Student Top 5 Accuracy: 0.677 | Time: 2.578 | 
Running student landscape probe...
[Train] Epoch: 9 | Teacher lr=0.8765 | Teacher Loss: 1.842 | Teacher Train Acc: 56.740 | Student lr=0.8765 | Student Train Acc: 59.418 | Time: 136.791 |
[Eval] Epoch: 9 | Teacher Test Loss: 2.015 | Teacher Test Acc: 45.920 | Student Test Loss: 3.024 | Student Test Acc: 30.620 | Teacher Test F1: 0.456 | Student Test F1: 0.301 | Teacher Top 5 Accuracy: 0.780 | Student Top 5 Accuracy: 0.615 | Time: 2.597 | 
Running student landscape probe...
[Train] Epoch: 10 | Teacher lr=0.8455 | Teacher Loss: 1.790 | Teacher Train Acc: 58.234 | Student lr=0.8455 | Student Train Acc: 60.294 | Time: 136.061 |
[Eval] Epoch: 10 | Teacher Test Loss: 1.871 | Teacher Test Acc: 48.440 | Student Test Loss: 2.092 | Student Test Acc: 43.820 | Teacher Test F1: 0.486 | Student Test F1: 0.438 | Teacher Top 5 Accuracy: 0.807 | Student Top 5 Accuracy: 0.767 | Time: 2.618 | 
Running student landscape probe...
[Train] Epoch: 11 | Teacher lr=0.8117 | Teacher Loss: 1.957 | Teacher Train Acc: 55.248 | Student lr=0.8117 | Student Train Acc: 60.592 | Time: 137.803 |
[Eval] Epoch: 11 | Teacher Test Loss: 1.604 | Teacher Test Acc: 55.080 | Student Test Loss: 3.052 | Student Test Acc: 34.730 | Teacher Test F1: 0.545 | Student Test F1: 0.349 | Teacher Top 5 Accuracy: 0.842 | Student Top 5 Accuracy: 0.650 | Time: 2.572 | 
Running student landscape probe...
[Train] Epoch: 12 | Teacher lr=0.7754 | Teacher Loss: 1.678 | Teacher Train Acc: 60.894 | Student lr=0.7754 | Student Train Acc: 61.852 | Time: 135.638 |
[Eval] Epoch: 12 | Teacher Test Loss: 1.719 | Teacher Test Acc: 52.680 | Student Test Loss: 2.589 | Student Test Acc: 37.710 | Teacher Test F1: 0.532 | Student Test F1: 0.381 | Teacher Top 5 Accuracy: 0.835 | Student Top 5 Accuracy: 0.704 | Time: 2.605 | 
Running student landscape probe...
[Train] Epoch: 13 | Teacher lr=0.7369 | Teacher Loss: 1.630 | Teacher Train Acc: 62.120 | Student lr=0.7369 | Student Train Acc: 62.536 | Time: 138.218 |
[Eval] Epoch: 13 | Teacher Test Loss: 1.965 | Teacher Test Acc: 46.890 | Student Test Loss: 3.153 | Student Test Acc: 28.910 | Teacher Test F1: 0.461 | Student Test F1: 0.299 | Teacher Top 5 Accuracy: 0.780 | Student Top 5 Accuracy: 0.613 | Time: 2.553 | 
Running student landscape probe...
[Train] Epoch: 14 | Teacher lr=0.6965 | Teacher Loss: 1.592 | Teacher Train Acc: 63.248 | Student lr=0.6965 | Student Train Acc: 63.302 | Time: 135.559 |
[Eval] Epoch: 14 | Teacher Test Loss: 1.733 | Teacher Test Acc: 53.300 | Student Test Loss: 2.131 | Student Test Acc: 44.230 | Teacher Test F1: 0.522 | Student Test F1: 0.435 | Teacher Top 5 Accuracy: 0.817 | Student Top 5 Accuracy: 0.765 | Time: 2.503 | 
Running student landscape probe...
[Train] Epoch: 15 | Teacher lr=0.6545 | Teacher Loss: 1.545 | Teacher Train Acc: 64.598 | Student lr=0.6545 | Student Train Acc: 63.820 | Time: 137.467 |
[Eval] Epoch: 15 | Teacher Test Loss: 1.472 | Teacher Test Acc: 58.270 | Student Test Loss: 2.412 | Student Test Acc: 41.430 | Teacher Test F1: 0.583 | Student Test F1: 0.417 | Teacher Top 5 Accuracy: 0.867 | Student Top 5 Accuracy: 0.734 | Time: 2.552 | 
Running student landscape probe...
[Train] Epoch: 16 | Teacher lr=0.6113 | Teacher Loss: 1.486 | Teacher Train Acc: 65.988 | Student lr=0.6113 | Student Train Acc: 64.648 | Time: 137.516 |
[Eval] Epoch: 16 | Teacher Test Loss: 1.518 | Teacher Test Acc: 57.290 | Student Test Loss: 2.209 | Student Test Acc: 44.020 | Teacher Test F1: 0.570 | Student Test F1: 0.441 | Teacher Top 5 Accuracy: 0.865 | Student Top 5 Accuracy: 0.753 | Time: 2.494 | 
Running student landscape probe...
[Train] Epoch: 17 | Teacher lr=0.5671 | Teacher Loss: 1.452 | Teacher Train Acc: 66.964 | Student lr=0.5671 | Student Train Acc: 65.866 | Time: 136.974 |
[Eval] Epoch: 17 | Teacher Test Loss: 1.480 | Teacher Test Acc: 57.800 | Student Test Loss: 2.316 | Student Test Acc: 43.080 | Teacher Test F1: 0.578 | Student Test F1: 0.430 | Teacher Top 5 Accuracy: 0.865 | Student Top 5 Accuracy: 0.750 | Time: 2.490 | 
Running student landscape probe...
[Train] Epoch: 18 | Teacher lr=0.5224 | Teacher Loss: 1.404 | Teacher Train Acc: 68.330 | Student lr=0.5224 | Student Train Acc: 66.304 | Time: 137.573 |
[Eval] Epoch: 18 | Teacher Test Loss: 1.471 | Teacher Test Acc: 58.670 | Student Test Loss: 1.934 | Student Test Acc: 49.250 | Teacher Test F1: 0.585 | Student Test F1: 0.500 | Teacher Top 5 Accuracy: 0.871 | Student Top 5 Accuracy: 0.795 | Time: 2.548 | 
Running student landscape probe...
[Train] Epoch: 19 | Teacher lr=0.4776 | Teacher Loss: 1.362 | Teacher Train Acc: 69.352 | Student lr=0.4776 | Student Train Acc: 67.448 | Time: 135.985 |
[Eval] Epoch: 19 | Teacher Test Loss: 1.384 | Teacher Test Acc: 60.940 | Student Test Loss: 1.881 | Student Test Acc: 49.410 | Teacher Test F1: 0.605 | Student Test F1: 0.498 | Teacher Top 5 Accuracy: 0.874 | Student Top 5 Accuracy: 0.815 | Time: 2.546 | 
Running student landscape probe...
[Train] Epoch: 20 | Teacher lr=0.4329 | Teacher Loss: 1.306 | Teacher Train Acc: 70.890 | Student lr=0.4329 | Student Train Acc: 68.214 | Time: 137.654 |
[Eval] Epoch: 20 | Teacher Test Loss: 1.283 | Teacher Test Acc: 64.120 | Student Test Loss: 1.860 | Student Test Acc: 50.060 | Teacher Test F1: 0.638 | Student Test F1: 0.500 | Teacher Top 5 Accuracy: 0.889 | Student Top 5 Accuracy: 0.808 | Time: 2.518 | 
Running student landscape probe...
[Train] Epoch: 21 | Teacher lr=0.3887 | Teacher Loss: 1.263 | Teacher Train Acc: 72.242 | Student lr=0.3887 | Student Train Acc: 68.958 | Time: 136.396 |
[Eval] Epoch: 21 | Teacher Test Loss: 1.256 | Teacher Test Acc: 63.880 | Student Test Loss: 1.872 | Student Test Acc: 50.440 | Teacher Test F1: 0.639 | Student Test F1: 0.496 | Teacher Top 5 Accuracy: 0.894 | Student Top 5 Accuracy: 0.800 | Time: 2.463 | 
Running student landscape probe...
[Train] Epoch: 22 | Teacher lr=0.3455 | Teacher Loss: 1.205 | Teacher Train Acc: 73.632 | Student lr=0.3455 | Student Train Acc: 70.110 | Time: 136.842 |
[Eval] Epoch: 22 | Teacher Test Loss: 1.232 | Teacher Test Acc: 64.200 | Student Test Loss: 1.799 | Student Test Acc: 53.550 | Teacher Test F1: 0.639 | Student Test F1: 0.535 | Teacher Top 5 Accuracy: 0.900 | Student Top 5 Accuracy: 0.828 | Time: 2.493 | 
Running student landscape probe...
[Train] Epoch: 23 | Teacher lr=0.3035 | Teacher Loss: 1.151 | Teacher Train Acc: 74.950 | Student lr=0.3035 | Student Train Acc: 71.340 | Time: 139.108 |
[Eval] Epoch: 23 | Teacher Test Loss: 1.223 | Teacher Test Acc: 64.720 | Student Test Loss: 1.640 | Student Test Acc: 55.290 | Teacher Test F1: 0.645 | Student Test F1: 0.551 | Teacher Top 5 Accuracy: 0.902 | Student Top 5 Accuracy: 0.849 | Time: 2.549 | 
Running student landscape probe...
[Train] Epoch: 24 | Teacher lr=0.2631 | Teacher Loss: 1.097 | Teacher Train Acc: 76.478 | Student lr=0.2631 | Student Train Acc: 72.258 | Time: 136.012 |
[Eval] Epoch: 24 | Teacher Test Loss: 1.141 | Teacher Test Acc: 66.930 | Student Test Loss: 1.546 | Student Test Acc: 57.400 | Teacher Test F1: 0.669 | Student Test F1: 0.577 | Teacher Top 5 Accuracy: 0.913 | Student Top 5 Accuracy: 0.859 | Time: 2.542 | 
Running student landscape probe...
[Train] Epoch: 25 | Teacher lr=0.2246 | Teacher Loss: 1.037 | Teacher Train Acc: 78.162 | Student lr=0.2246 | Student Train Acc: 73.590 | Time: 137.701 |
[Eval] Epoch: 25 | Teacher Test Loss: 1.105 | Teacher Test Acc: 67.930 | Student Test Loss: 1.546 | Student Test Acc: 57.980 | Teacher Test F1: 0.679 | Student Test F1: 0.578 | Teacher Top 5 Accuracy: 0.917 | Student Top 5 Accuracy: 0.860 | Time: 2.483 | 
Running student landscape probe...
[Train] Epoch: 26 | Teacher lr=0.1883 | Teacher Loss: 0.975 | Teacher Train Acc: 79.914 | Student lr=0.1883 | Student Train Acc: 75.056 | Time: 135.141 |
[Eval] Epoch: 26 | Teacher Test Loss: 1.035 | Teacher Test Acc: 69.770 | Student Test Loss: 1.437 | Student Test Acc: 59.970 | Teacher Test F1: 0.699 | Student Test F1: 0.599 | Teacher Top 5 Accuracy: 0.926 | Student Top 5 Accuracy: 0.874 | Time: 2.370 | 
Running student landscape probe...
[Train] Epoch: 27 | Teacher lr=0.1545 | Teacher Loss: 0.906 | Teacher Train Acc: 82.088 | Student lr=0.1545 | Student Train Acc: 76.254 | Time: 138.783 |
[Eval] Epoch: 27 | Teacher Test Loss: 0.985 | Teacher Test Acc: 71.100 | Student Test Loss: 1.353 | Student Test Acc: 62.280 | Teacher Test F1: 0.710 | Student Test F1: 0.623 | Teacher Top 5 Accuracy: 0.930 | Student Top 5 Accuracy: 0.884 | Time: 2.504 | 
Running student landscape probe...
[Train] Epoch: 28 | Teacher lr=0.1235 | Teacher Loss: 0.835 | Teacher Train Acc: 84.026 | Student lr=0.1235 | Student Train Acc: 77.798 | Time: 137.771 |
[Eval] Epoch: 28 | Teacher Test Loss: 0.952 | Teacher Test Acc: 71.710 | Student Test Loss: 1.373 | Student Test Acc: 62.510 | Teacher Test F1: 0.718 | Student Test F1: 0.630 | Teacher Top 5 Accuracy: 0.933 | Student Top 5 Accuracy: 0.885 | Time: 2.625 | 
Running student landscape probe...
[Train] Epoch: 29 | Teacher lr=0.0955 | Teacher Loss: 0.771 | Teacher Train Acc: 85.642 | Student lr=0.0955 | Student Train Acc: 79.448 | Time: 137.067 |
[Eval] Epoch: 29 | Teacher Test Loss: 0.938 | Teacher Test Acc: 73.100 | Student Test Loss: 1.378 | Student Test Acc: 62.060 | Teacher Test F1: 0.731 | Student Test F1: 0.624 | Teacher Top 5 Accuracy: 0.932 | Student Top 5 Accuracy: 0.885 | Time: 2.568 | 
Running student landscape probe...
[Train] Epoch: 30 | Teacher lr=0.0708 | Teacher Loss: 0.703 | Teacher Train Acc: 87.670 | Student lr=0.0708 | Student Train Acc: 81.084 | Time: 137.426 |
[Eval] Epoch: 30 | Teacher Test Loss: 0.914 | Teacher Test Acc: 73.510 | Student Test Loss: 1.239 | Student Test Acc: 65.340 | Teacher Test F1: 0.734 | Student Test F1: 0.656 | Teacher Top 5 Accuracy: 0.936 | Student Top 5 Accuracy: 0.905 | Time: 2.550 | 
Running student landscape probe...
[Train] Epoch: 31 | Teacher lr=0.0495 | Teacher Loss: 0.641 | Teacher Train Acc: 89.262 | Student lr=0.0495 | Student Train Acc: 82.756 | Time: 138.072 |
[Eval] Epoch: 31 | Teacher Test Loss: 0.905 | Teacher Test Acc: 73.950 | Student Test Loss: 1.153 | Student Test Acc: 67.940 | Teacher Test F1: 0.739 | Student Test F1: 0.679 | Teacher Top 5 Accuracy: 0.938 | Student Top 5 Accuracy: 0.911 | Time: 2.735 | 
Running student landscape probe...
[Train] Epoch: 32 | Teacher lr=0.0319 | Teacher Loss: 0.585 | Teacher Train Acc: 90.690 | Student lr=0.0319 | Student Train Acc: 84.518 | Time: 137.268 |
[Eval] Epoch: 32 | Teacher Test Loss: 0.881 | Teacher Test Acc: 74.540 | Student Test Loss: 1.136 | Student Test Acc: 68.520 | Teacher Test F1: 0.745 | Student Test F1: 0.686 | Teacher Top 5 Accuracy: 0.939 | Student Top 5 Accuracy: 0.916 | Time: 2.337 | 
Running student landscape probe...
[Train] Epoch: 33 | Teacher lr=0.0180 | Teacher Loss: 0.538 | Teacher Train Acc: 91.996 | Student lr=0.0180 | Student Train Acc: 86.148 | Time: 135.322 |
[Eval] Epoch: 33 | Teacher Test Loss: 0.873 | Teacher Test Acc: 74.640 | Student Test Loss: 1.099 | Student Test Acc: 69.100 | Teacher Test F1: 0.747 | Student Test F1: 0.690 | Teacher Top 5 Accuracy: 0.941 | Student Top 5 Accuracy: 0.922 | Time: 2.473 | 
Running student landscape probe...
[Train] Epoch: 34 | Teacher lr=0.0080 | Teacher Loss: 0.505 | Teacher Train Acc: 92.582 | Student lr=0.0080 | Student Train Acc: 87.352 | Time: 135.575 |
[Eval] Epoch: 34 | Teacher Test Loss: 0.867 | Teacher Test Acc: 74.850 | Student Test Loss: 1.081 | Student Test Acc: 69.750 | Teacher Test F1: 0.749 | Student Test F1: 0.698 | Teacher Top 5 Accuracy: 0.943 | Student Top 5 Accuracy: 0.922 | Time: 2.528 | 
Running student landscape probe...
[Train] Epoch: 35 | Teacher lr=0.0020 | Teacher Loss: 0.483 | Teacher Train Acc: 93.130 | Student lr=0.0020 | Student Train Acc: 87.976 | Time: 137.398 |
[Eval] Epoch: 35 | Teacher Test Loss: 0.865 | Teacher Test Acc: 74.760 | Student Test Loss: 1.072 | Student Test Acc: 69.840 | Teacher Test F1: 0.748 | Student Test F1: 0.699 | Teacher Top 5 Accuracy: 0.942 | Student Top 5 Accuracy: 0.924 | Time: 2.612 | 
Running student landscape probe...
ckpt location: ckpt/robust12h_stars/cosine_noshock_seed6_35ep.pt
