/home/jovyan/.mlspace/envs/egy_llm/lib/python3.11/site-packages/torchvision/datasets/cifar.py:83: VisibleDeprecationWarning: dtype(): align should be passed as Python or NumPy boolean but got `align=0`. Did you mean to pass a tuple to create a subarray type? (Deprecated NumPy 2.4)
  entry = pickle.load(f, encoding="latin1")
depth_list: [110, 20]
Dataset information: cifar100	 50000 images for training 	 10000 images for testing	
teacher depth: 110
student depth: 20
Total number of teacher parameters: 1,169,972
Total number of student parameters: 278,132
Snapshots will be saved to: snapshots/robust12h_stars/cosine_shock01_seed4_35ep
==== train and evaluate unequal restart ====
[Eval] Epoch: 0 | Teacher Test Loss: 8723.027 | Teacher Test Acc: 1.000 | Student Test Loss: 5.114 | Student Test Acc: 0.930 | Teacher Test F1: 0.000 | Student Test F1: 0.001 | Teacher Top 5 Accuracy: 0.050 | Student Top 5 Accuracy: 0.051 | Time: 2.478 | 
Running student landscape probe...
[Train] Epoch: 1 | Teacher lr=1.0000 | Teacher Loss: 4.085 | Teacher Train Acc: 10.236 | Student lr=1.0000 | Student Train Acc: 22.226 | Time: 134.254 |
[Eval] Epoch: 1 | Teacher Test Loss: 3.582 | Teacher Test Acc: 15.170 | Student Test Loss: 3.158 | Student Test Acc: 22.640 | Teacher Test F1: 0.121 | Student Test F1: 0.216 | Teacher Top 5 Accuracy: 0.406 | Student Top 5 Accuracy: 0.537 | Time: 2.533 | 
Running student landscape probe...
[Train] Epoch: 2 | Teacher lr=0.9980 | Teacher Loss: 3.309 | Teacher Train Acc: 24.592 | Student lr=0.9980 | Student Train Acc: 41.816 | Time: 138.114 |
[Eval] Epoch: 2 | Teacher Test Loss: 3.104 | Teacher Test Acc: 23.950 | Student Test Loss: 2.938 | Student Test Acc: 29.000 | Teacher Test F1: 0.219 | Student Test F1: 0.273 | Teacher Top 5 Accuracy: 0.580 | Student Top 5 Accuracy: 0.594 | Time: 2.642 | 
Running student landscape probe...
[Train] Epoch: 3 | Teacher lr=0.9920 | Teacher Loss: 2.715 | Teacher Train Acc: 35.924 | Student lr=0.9920 | Student Train Acc: 48.082 | Time: 135.746 |
[Eval] Epoch: 3 | Teacher Test Loss: 2.944 | Teacher Test Acc: 29.000 | Student Test Loss: 3.273 | Student Test Acc: 26.190 | Teacher Test F1: 0.268 | Student Test F1: 0.254 | Teacher Top 5 Accuracy: 0.610 | Student Top 5 Accuracy: 0.552 | Time: 2.597 | 
Running student landscape probe...
[Train] Epoch: 4 | Teacher lr=0.9820 | Teacher Loss: 2.400 | Teacher Train Acc: 42.854 | Student lr=0.9820 | Student Train Acc: 51.612 | Time: 135.570 |
[Eval] Epoch: 4 | Teacher Test Loss: 2.415 | Teacher Test Acc: 37.050 | Student Test Loss: 3.020 | Student Test Acc: 29.510 | Teacher Test F1: 0.369 | Student Test F1: 0.281 | Teacher Top 5 Accuracy: 0.713 | Student Top 5 Accuracy: 0.605 | Time: 2.596 | 
Running student landscape probe...
[Train] Epoch: 5 | Teacher lr=0.9681 | Teacher Loss: 2.226 | Teacher Train Acc: 46.930 | Student lr=0.9681 | Student Train Acc: 53.964 | Time: 136.736 |
[Eval] Epoch: 5 | Teacher Test Loss: 1.989 | Teacher Test Acc: 45.920 | Student Test Loss: 2.289 | Student Test Acc: 41.730 | Teacher Test F1: 0.453 | Student Test F1: 0.417 | Teacher Top 5 Accuracy: 0.789 | Student Top 5 Accuracy: 0.736 | Time: 2.568 | 
Running student landscape probe...
[Train] Epoch: 6 | Teacher lr=0.9505 | Teacher Loss: 2.067 | Teacher Train Acc: 50.796 | Student lr=0.9505 | Student Train Acc: 55.720 | Time: 135.972 |
[Eval] Epoch: 6 | Teacher Test Loss: 2.126 | Teacher Test Acc: 43.900 | Student Test Loss: 4.537 | Student Test Acc: 19.760 | Teacher Test F1: 0.433 | Student Test F1: 0.187 | Teacher Top 5 Accuracy: 0.763 | Student Top 5 Accuracy: 0.436 | Time: 2.598 | 
Running student landscape probe...
[Train] Epoch: 7 | Teacher lr=0.9292 | Teacher Loss: 1.975 | Teacher Train Acc: 53.304 | Student lr=0.9292 | Student Train Acc: 56.630 | Time: 137.231 |
[Eval] Epoch: 7 | Teacher Test Loss: 1.928 | Teacher Test Acc: 46.720 | Student Test Loss: 3.566 | Student Test Acc: 24.050 | Teacher Test F1: 0.464 | Student Test F1: 0.230 | Teacher Top 5 Accuracy: 0.788 | Student Top 5 Accuracy: 0.560 | Time: 2.568 | 
Running student landscape probe...
[Train] Epoch: 8 | Teacher lr=0.9045 | Teacher Loss: 2.941 | Teacher Train Acc: 39.056 | Student lr=0.9045 | Student Train Acc: 58.212 | Time: 136.271 |
[Eval] Epoch: 8 | Teacher Test Loss: 4.521 | Teacher Test Acc: 2.230 | Student Test Loss: 3.331 | Student Test Acc: 21.340 | Teacher Test F1: 0.004 | Student Test F1: 0.210 | Teacher Top 5 Accuracy: 0.095 | Student Top 5 Accuracy: 0.504 | Time: 2.599 | 
Running student landscape probe...
[Train] Epoch: 9 | Teacher lr=0.8765 | Teacher Loss: 5.176 | Teacher Train Acc: 2.398 | Student lr=0.8765 | Student Train Acc: 57.654 | Time: 135.555 |
[Eval] Epoch: 9 | Teacher Test Loss: 4.494 | Teacher Test Acc: 2.200 | Student Test Loss: 2.517 | Student Test Acc: 39.170 | Teacher Test F1: 0.005 | Student Test F1: 0.387 | Teacher Top 5 Accuracy: 0.100 | Student Top 5 Accuracy: 0.702 | Time: 2.623 | 
Running student landscape probe...
[Train] Epoch: 10 | Teacher lr=0.8455 | Teacher Loss: 5.157 | Teacher Train Acc: 2.580 | Student lr=0.8455 | Student Train Acc: 57.528 | Time: 134.812 |
[Eval] Epoch: 10 | Teacher Test Loss: 4.508 | Teacher Test Acc: 2.620 | Student Test Loss: 4.541 | Student Test Acc: 8.310 | Teacher Test F1: 0.008 | Student Test F1: 0.079 | Teacher Top 5 Accuracy: 0.112 | Student Top 5 Accuracy: 0.269 | Time: 2.778 | 
Running student landscape probe...
[Train] Epoch: 11 | Teacher lr=0.8117 | Teacher Loss: 5.118 | Teacher Train Acc: 3.110 | Student lr=0.8117 | Student Train Acc: 57.998 | Time: 136.301 |
[Eval] Epoch: 11 | Teacher Test Loss: 4.326 | Teacher Test Acc: 3.160 | Student Test Loss: 2.203 | Student Test Acc: 45.010 | Teacher Test F1: 0.012 | Student Test F1: 0.438 | Teacher Top 5 Accuracy: 0.156 | Student Top 5 Accuracy: 0.748 | Time: 2.774 | 
Running student landscape probe...
[Train] Epoch: 12 | Teacher lr=0.7754 | Teacher Loss: 4.817 | Teacher Train Acc: 5.624 | Student lr=0.7754 | Student Train Acc: 58.484 | Time: 136.420 |
[Eval] Epoch: 12 | Teacher Test Loss: 4.109 | Teacher Test Acc: 6.260 | Student Test Loss: 2.782 | Student Test Acc: 32.870 | Teacher Test F1: 0.034 | Student Test F1: 0.321 | Teacher Top 5 Accuracy: 0.241 | Student Top 5 Accuracy: 0.626 | Time: 2.768 | 
Running student landscape probe...
[Train] Epoch: 13 | Teacher lr=0.7369 | Teacher Loss: 4.639 | Teacher Train Acc: 7.698 | Student lr=0.7369 | Student Train Acc: 59.212 | Time: 136.770 |
[Eval] Epoch: 13 | Teacher Test Loss: 4.065 | Teacher Test Acc: 6.270 | Student Test Loss: 2.465 | Student Test Acc: 39.870 | Teacher Test F1: 0.041 | Student Test F1: 0.389 | Teacher Top 5 Accuracy: 0.252 | Student Top 5 Accuracy: 0.706 | Time: 2.736 | 
Running student landscape probe...
[Train] Epoch: 14 | Teacher lr=0.6965 | Teacher Loss: 4.389 | Teacher Train Acc: 11.250 | Student lr=0.6965 | Student Train Acc: 59.822 | Time: 136.642 |
[Eval] Epoch: 14 | Teacher Test Loss: 3.801 | Teacher Test Acc: 11.560 | Student Test Loss: 2.591 | Student Test Acc: 36.090 | Teacher Test F1: 0.088 | Student Test F1: 0.360 | Teacher Top 5 Accuracy: 0.353 | Student Top 5 Accuracy: 0.668 | Time: 2.645 | 
Running student landscape probe...
[Train] Epoch: 15 | Teacher lr=0.6545 | Teacher Loss: 4.122 | Teacher Train Acc: 14.826 | Student lr=0.6545 | Student Train Acc: 60.576 | Time: 136.029 |
[Eval] Epoch: 15 | Teacher Test Loss: 3.724 | Teacher Test Acc: 12.640 | Student Test Loss: 2.612 | Student Test Acc: 35.120 | Teacher Test F1: 0.111 | Student Test F1: 0.347 | Teacher Top 5 Accuracy: 0.369 | Student Top 5 Accuracy: 0.656 | Time: 2.766 | 
Running student landscape probe...
[Train] Epoch: 16 | Teacher lr=0.6113 | Teacher Loss: 3.582 | Teacher Train Acc: 22.616 | Student lr=0.6113 | Student Train Acc: 60.880 | Time: 136.517 |
[Eval] Epoch: 16 | Teacher Test Loss: 3.436 | Teacher Test Acc: 20.850 | Student Test Loss: 2.667 | Student Test Acc: 35.130 | Teacher Test F1: 0.187 | Student Test F1: 0.343 | Teacher Top 5 Accuracy: 0.505 | Student Top 5 Accuracy: 0.654 | Time: 2.630 | 
Running student landscape probe...
[Train] Epoch: 17 | Teacher lr=0.5671 | Teacher Loss: 2.932 | Teacher Train Acc: 33.536 | Student lr=0.5671 | Student Train Acc: 61.502 | Time: 133.775 |
[Eval] Epoch: 17 | Teacher Test Loss: 2.870 | Teacher Test Acc: 28.350 | Student Test Loss: 2.040 | Student Test Acc: 46.650 | Teacher Test F1: 0.267 | Student Test F1: 0.456 | Teacher Top 5 Accuracy: 0.609 | Student Top 5 Accuracy: 0.770 | Time: 2.752 | 
Running student landscape probe...
[Train] Epoch: 18 | Teacher lr=0.5224 | Teacher Loss: 2.502 | Teacher Train Acc: 41.678 | Student lr=0.5224 | Student Train Acc: 62.750 | Time: 133.994 |
[Eval] Epoch: 18 | Teacher Test Loss: 2.326 | Teacher Test Acc: 38.090 | Student Test Loss: 2.985 | Student Test Acc: 29.830 | Teacher Test F1: 0.378 | Student Test F1: 0.295 | Teacher Top 5 Accuracy: 0.724 | Student Top 5 Accuracy: 0.613 | Time: 2.754 | 
Running student landscape probe...
[Train] Epoch: 19 | Teacher lr=0.4776 | Teacher Loss: 2.257 | Teacher Train Acc: 46.954 | Student lr=0.4776 | Student Train Acc: 63.710 | Time: 136.158 |
[Eval] Epoch: 19 | Teacher Test Loss: 2.209 | Teacher Test Acc: 41.670 | Student Test Loss: 1.924 | Student Test Acc: 47.210 | Teacher Test F1: 0.413 | Student Test F1: 0.480 | Teacher Top 5 Accuracy: 0.739 | Student Top 5 Accuracy: 0.791 | Time: 2.777 | 
Running student landscape probe...
[shock] epoch=20 forcing student_lr=0.100000 (window=20..21)
[Train] Epoch: 20 | Teacher lr=0.4329 | Teacher Loss: 2.063 | Teacher Train Acc: 50.866 | Student lr=0.1000 | Student Train Acc: 71.206 | Time: 135.533 |
[Eval] Epoch: 20 | Teacher Test Loss: 2.080 | Teacher Test Acc: 43.610 | Student Test Loss: 1.300 | Student Test Acc: 62.980 | Teacher Test F1: 0.425 | Student Test F1: 0.628 | Teacher Top 5 Accuracy: 0.775 | Student Top 5 Accuracy: 0.889 | Time: 2.761 | 
Running student landscape probe...
[shock] epoch=21 forcing student_lr=0.100000 (window=20..21)
[Train] Epoch: 21 | Teacher lr=0.3887 | Teacher Loss: 1.920 | Teacher Train Acc: 54.182 | Student lr=0.1000 | Student Train Acc: 72.902 | Time: 136.675 |
[Eval] Epoch: 21 | Teacher Test Loss: 1.808 | Teacher Test Acc: 50.330 | Student Test Loss: 1.329 | Student Test Acc: 61.920 | Teacher Test F1: 0.498 | Student Test F1: 0.616 | Teacher Top 5 Accuracy: 0.812 | Student Top 5 Accuracy: 0.887 | Time: 2.614 | 
Running student landscape probe...
[Train] Epoch: 22 | Teacher lr=0.3455 | Teacher Loss: 1.801 | Teacher Train Acc: 57.080 | Student lr=0.0889 | Student Train Acc: 74.190 | Time: 136.037 |
[Eval] Epoch: 22 | Teacher Test Loss: 1.920 | Teacher Test Acc: 49.250 | Student Test Loss: 1.334 | Student Test Acc: 62.050 | Teacher Test F1: 0.487 | Student Test F1: 0.619 | Teacher Top 5 Accuracy: 0.798 | Student Top 5 Accuracy: 0.879 | Time: 2.589 | 
Running student landscape probe...
[Train] Epoch: 23 | Teacher lr=0.3035 | Teacher Loss: 1.697 | Teacher Train Acc: 59.710 | Student lr=0.0781 | Student Train Acc: 75.298 | Time: 135.089 |
[Eval] Epoch: 23 | Teacher Test Loss: 1.694 | Teacher Test Acc: 52.440 | Student Test Loss: 1.240 | Student Test Acc: 64.310 | Teacher Test F1: 0.522 | Student Test F1: 0.641 | Teacher Top 5 Accuracy: 0.839 | Student Top 5 Accuracy: 0.896 | Time: 2.740 | 
Running student landscape probe...
[Train] Epoch: 24 | Teacher lr=0.2631 | Teacher Loss: 1.596 | Teacher Train Acc: 62.136 | Student lr=0.0677 | Student Train Acc: 76.396 | Time: 136.807 |
[Eval] Epoch: 24 | Teacher Test Loss: 1.600 | Teacher Test Acc: 55.660 | Student Test Loss: 1.255 | Student Test Acc: 63.890 | Teacher Test F1: 0.551 | Student Test F1: 0.638 | Teacher Top 5 Accuracy: 0.845 | Student Top 5 Accuracy: 0.896 | Time: 2.644 | 
Running student landscape probe...
[Train] Epoch: 25 | Teacher lr=0.2246 | Teacher Loss: 1.513 | Teacher Train Acc: 64.184 | Student lr=0.0578 | Student Train Acc: 77.284 | Time: 137.696 |
[Eval] Epoch: 25 | Teacher Test Loss: 1.461 | Teacher Test Acc: 59.060 | Student Test Loss: 1.192 | Student Test Acc: 65.460 | Teacher Test F1: 0.589 | Student Test F1: 0.652 | Teacher Top 5 Accuracy: 0.871 | Student Top 5 Accuracy: 0.902 | Time: 2.621 | 
Running student landscape probe...
[Train] Epoch: 26 | Teacher lr=0.1883 | Teacher Loss: 1.416 | Teacher Train Acc: 66.516 | Student lr=0.0484 | Student Train Acc: 78.672 | Time: 135.781 |
[Eval] Epoch: 26 | Teacher Test Loss: 1.358 | Teacher Test Acc: 61.910 | Student Test Loss: 1.181 | Student Test Acc: 65.810 | Teacher Test F1: 0.615 | Student Test F1: 0.655 | Teacher Top 5 Accuracy: 0.880 | Student Top 5 Accuracy: 0.906 | Time: 2.747 | 
Running student landscape probe...
[Train] Epoch: 27 | Teacher lr=0.1545 | Teacher Loss: 1.327 | Teacher Train Acc: 68.982 | Student lr=0.0397 | Student Train Acc: 79.626 | Time: 136.330 |
[Eval] Epoch: 27 | Teacher Test Loss: 1.313 | Teacher Test Acc: 62.620 | Student Test Loss: 1.149 | Student Test Acc: 66.770 | Teacher Test F1: 0.624 | Student Test F1: 0.666 | Teacher Top 5 Accuracy: 0.891 | Student Top 5 Accuracy: 0.912 | Time: 2.786 | 
Running student landscape probe...
[Train] Epoch: 28 | Teacher lr=0.1235 | Teacher Loss: 1.245 | Teacher Train Acc: 71.002 | Student lr=0.0318 | Student Train Acc: 80.556 | Time: 137.993 |
[Eval] Epoch: 28 | Teacher Test Loss: 1.247 | Teacher Test Acc: 64.210 | Student Test Loss: 1.141 | Student Test Acc: 66.620 | Teacher Test F1: 0.640 | Student Test F1: 0.664 | Teacher Top 5 Accuracy: 0.896 | Student Top 5 Accuracy: 0.912 | Time: 2.610 | 
Running student landscape probe...
[Train] Epoch: 29 | Teacher lr=0.0955 | Teacher Loss: 1.163 | Teacher Train Acc: 73.198 | Student lr=0.0246 | Student Train Acc: 81.394 | Time: 135.021 |
[Eval] Epoch: 29 | Teacher Test Loss: 1.188 | Teacher Test Acc: 66.350 | Student Test Loss: 1.126 | Student Test Acc: 67.010 | Teacher Test F1: 0.662 | Student Test F1: 0.669 | Teacher Top 5 Accuracy: 0.906 | Student Top 5 Accuracy: 0.914 | Time: 2.703 | 
Running student landscape probe...
[Train] Epoch: 30 | Teacher lr=0.0708 | Teacher Loss: 1.082 | Teacher Train Acc: 75.374 | Student lr=0.0182 | Student Train Acc: 82.568 | Time: 137.289 |
[Eval] Epoch: 30 | Teacher Test Loss: 1.158 | Teacher Test Acc: 66.390 | Student Test Loss: 1.113 | Student Test Acc: 67.570 | Teacher Test F1: 0.663 | Student Test F1: 0.675 | Teacher Top 5 Accuracy: 0.911 | Student Top 5 Accuracy: 0.916 | Time: 2.651 | 
Running student landscape probe...
[Train] Epoch: 31 | Teacher lr=0.0495 | Teacher Loss: 0.999 | Teacher Train Acc: 77.488 | Student lr=0.0127 | Student Train Acc: 83.576 | Time: 135.782 |
[Eval] Epoch: 31 | Teacher Test Loss: 1.107 | Teacher Test Acc: 68.390 | Student Test Loss: 1.107 | Student Test Acc: 67.840 | Teacher Test F1: 0.684 | Student Test F1: 0.678 | Teacher Top 5 Accuracy: 0.916 | Student Top 5 Accuracy: 0.915 | Time: 2.733 | 
Running student landscape probe...
[Train] Epoch: 32 | Teacher lr=0.0319 | Teacher Loss: 0.933 | Teacher Train Acc: 79.440 | Student lr=0.0082 | Student Train Acc: 84.308 | Time: 133.930 |
[Eval] Epoch: 32 | Teacher Test Loss: 1.063 | Teacher Test Acc: 69.510 | Student Test Loss: 1.104 | Student Test Acc: 67.920 | Teacher Test F1: 0.695 | Student Test F1: 0.679 | Teacher Top 5 Accuracy: 0.921 | Student Top 5 Accuracy: 0.916 | Time: 2.624 | 
Running student landscape probe...
[Train] Epoch: 33 | Teacher lr=0.0180 | Teacher Loss: 0.879 | Teacher Train Acc: 80.890 | Student lr=0.0046 | Student Train Acc: 84.928 | Time: 134.775 |
[Eval] Epoch: 33 | Teacher Test Loss: 1.046 | Teacher Test Acc: 69.900 | Student Test Loss: 1.087 | Student Test Acc: 68.430 | Teacher Test F1: 0.698 | Student Test F1: 0.684 | Teacher Top 5 Accuracy: 0.922 | Student Top 5 Accuracy: 0.918 | Time: 2.763 | 
Running student landscape probe...
[Train] Epoch: 34 | Teacher lr=0.0080 | Teacher Loss: 0.834 | Teacher Train Acc: 82.308 | Student lr=0.0021 | Student Train Acc: 85.328 | Time: 137.258 |
[Eval] Epoch: 34 | Teacher Test Loss: 1.036 | Teacher Test Acc: 70.300 | Student Test Loss: 1.087 | Student Test Acc: 68.290 | Teacher Test F1: 0.703 | Student Test F1: 0.682 | Teacher Top 5 Accuracy: 0.924 | Student Top 5 Accuracy: 0.917 | Time: 2.614 | 
Running student landscape probe...
[Train] Epoch: 35 | Teacher lr=0.0020 | Teacher Loss: 0.814 | Teacher Train Acc: 82.888 | Student lr=0.0005 | Student Train Acc: 85.664 | Time: 137.702 |
[Eval] Epoch: 35 | Teacher Test Loss: 1.030 | Teacher Test Acc: 70.270 | Student Test Loss: 1.084 | Student Test Acc: 68.570 | Teacher Test F1: 0.702 | Student Test F1: 0.685 | Teacher Top 5 Accuracy: 0.923 | Student Top 5 Accuracy: 0.918 | Time: 2.613 | 
Running student landscape probe...
ckpt location: ckpt/robust12h_stars/cosine_shock01_seed4_35ep.pt
