/home/jovyan/.mlspace/envs/egy_llm/lib/python3.11/site-packages/torchvision/datasets/cifar.py:83: VisibleDeprecationWarning: dtype(): align should be passed as Python or NumPy boolean but got `align=0`. Did you mean to pass a tuple to create a subarray type? (Deprecated NumPy 2.4)
  entry = pickle.load(f, encoding="latin1")
depth_list: [110, 20]
Dataset information: cifar100	 50000 images for training 	 10000 images for testing	
teacher depth: 110
student depth: 20
Total number of teacher parameters: 1,169,972
Total number of student parameters: 278,132
Snapshots will be saved to: snapshots/robust12h_stars/cosine_shock01_seed1_35ep
==== train and evaluate unequal restart ====
[Eval] Epoch: 0 | Teacher Test Loss: 12407.062 | Teacher Test Acc: 0.990 | Student Test Loss: 7.984 | Student Test Acc: 1.020 | Teacher Test F1: 0.000 | Student Test F1: 0.000 | Teacher Top 5 Accuracy: 0.050 | Student Top 5 Accuracy: 0.046 | Time: 2.563 | 
Running student landscape probe...
[Train] Epoch: 1 | Teacher lr=1.0000 | Teacher Loss: 4.013 | Teacher Train Acc: 10.850 | Student lr=1.0000 | Student Train Acc: 21.486 | Time: 137.443 |
[Eval] Epoch: 1 | Teacher Test Loss: 3.410 | Teacher Test Acc: 17.790 | Student Test Loss: 2.776 | Student Test Acc: 28.670 | Teacher Test F1: 0.148 | Student Test F1: 0.260 | Teacher Top 5 Accuracy: 0.456 | Student Top 5 Accuracy: 0.618 | Time: 2.715 | 
Running student landscape probe...
[Train] Epoch: 2 | Teacher lr=0.9980 | Teacher Loss: 3.258 | Teacher Train Acc: 25.146 | Student lr=0.9980 | Student Train Acc: 41.494 | Time: 139.142 |
[Eval] Epoch: 2 | Teacher Test Loss: 2.899 | Teacher Test Acc: 26.910 | Student Test Loss: 2.769 | Student Test Acc: 30.230 | Teacher Test F1: 0.252 | Student Test F1: 0.281 | Teacher Top 5 Accuracy: 0.589 | Student Top 5 Accuracy: 0.623 | Time: 2.656 | 
Running student landscape probe...
[Train] Epoch: 3 | Teacher lr=0.9920 | Teacher Loss: 2.667 | Teacher Train Acc: 36.466 | Student lr=0.9920 | Student Train Acc: 48.076 | Time: 134.767 |
[Eval] Epoch: 3 | Teacher Test Loss: 2.887 | Teacher Test Acc: 29.290 | Student Test Loss: 2.551 | Student Test Acc: 35.160 | Teacher Test F1: 0.274 | Student Test F1: 0.348 | Teacher Top 5 Accuracy: 0.627 | Student Top 5 Accuracy: 0.680 | Time: 2.517 | 
Running student landscape probe...
[Train] Epoch: 4 | Teacher lr=0.9820 | Teacher Loss: 2.394 | Teacher Train Acc: 43.038 | Student lr=0.9820 | Student Train Acc: 52.060 | Time: 139.255 |
[Eval] Epoch: 4 | Teacher Test Loss: 2.339 | Teacher Test Acc: 38.690 | Student Test Loss: 2.374 | Student Test Acc: 37.200 | Teacher Test F1: 0.382 | Student Test F1: 0.357 | Teacher Top 5 Accuracy: 0.724 | Student Top 5 Accuracy: 0.713 | Time: 2.541 | 
Running student landscape probe...
[Train] Epoch: 5 | Teacher lr=0.9681 | Teacher Loss: 2.337 | Teacher Train Acc: 45.132 | Student lr=0.9681 | Student Train Acc: 54.004 | Time: 136.634 |
[Eval] Epoch: 5 | Teacher Test Loss: 2.402 | Teacher Test Acc: 35.750 | Student Test Loss: 2.168 | Student Test Acc: 41.810 | Teacher Test F1: 0.341 | Student Test F1: 0.411 | Teacher Top 5 Accuracy: 0.707 | Student Top 5 Accuracy: 0.746 | Time: 2.412 | 
Running student landscape probe...
[Train] Epoch: 6 | Teacher lr=0.9505 | Teacher Loss: 2.125 | Teacher Train Acc: 49.646 | Student lr=0.9505 | Student Train Acc: 55.640 | Time: 135.281 |
[Eval] Epoch: 6 | Teacher Test Loss: 2.301 | Teacher Test Acc: 39.050 | Student Test Loss: 3.257 | Student Test Acc: 25.210 | Teacher Test F1: 0.392 | Student Test F1: 0.242 | Teacher Top 5 Accuracy: 0.723 | Student Top 5 Accuracy: 0.566 | Time: 2.215 | 
Running student landscape probe...
[Train] Epoch: 7 | Teacher lr=0.9292 | Teacher Loss: 2.001 | Teacher Train Acc: 52.894 | Student lr=0.9292 | Student Train Acc: 56.950 | Time: 136.661 |
[Eval] Epoch: 7 | Teacher Test Loss: 1.989 | Teacher Test Acc: 45.620 | Student Test Loss: 2.752 | Student Test Acc: 33.730 | Teacher Test F1: 0.446 | Student Test F1: 0.333 | Teacher Top 5 Accuracy: 0.785 | Student Top 5 Accuracy: 0.663 | Time: 2.528 | 
Running student landscape probe...
[Train] Epoch: 8 | Teacher lr=0.9045 | Teacher Loss: 1.917 | Teacher Train Acc: 54.898 | Student lr=0.9045 | Student Train Acc: 58.008 | Time: 136.223 |
[Eval] Epoch: 8 | Teacher Test Loss: 1.941 | Teacher Test Acc: 48.280 | Student Test Loss: 2.798 | Student Test Acc: 33.830 | Teacher Test F1: 0.481 | Student Test F1: 0.342 | Teacher Top 5 Accuracy: 0.794 | Student Top 5 Accuracy: 0.686 | Time: 2.552 | 
Running student landscape probe...
[Train] Epoch: 9 | Teacher lr=0.8765 | Teacher Loss: 1.851 | Teacher Train Acc: 56.782 | Student lr=0.8765 | Student Train Acc: 59.224 | Time: 136.716 |
[Eval] Epoch: 9 | Teacher Test Loss: 2.071 | Teacher Test Acc: 44.990 | Student Test Loss: 2.591 | Student Test Acc: 37.260 | Teacher Test F1: 0.444 | Student Test F1: 0.369 | Teacher Top 5 Accuracy: 0.772 | Student Top 5 Accuracy: 0.686 | Time: 2.594 | 
Running student landscape probe...
[Train] Epoch: 10 | Teacher lr=0.8455 | Teacher Loss: 1.787 | Teacher Train Acc: 58.516 | Student lr=0.8455 | Student Train Acc: 60.036 | Time: 137.990 |
[Eval] Epoch: 10 | Teacher Test Loss: 1.797 | Teacher Test Acc: 49.770 | Student Test Loss: 2.227 | Student Test Acc: 41.420 | Teacher Test F1: 0.498 | Student Test F1: 0.408 | Teacher Top 5 Accuracy: 0.822 | Student Top 5 Accuracy: 0.739 | Time: 2.739 | 
Running student landscape probe...
[Train] Epoch: 11 | Teacher lr=0.8117 | Teacher Loss: 1.731 | Teacher Train Acc: 59.862 | Student lr=0.8117 | Student Train Acc: 60.624 | Time: 135.726 |
[Eval] Epoch: 11 | Teacher Test Loss: 2.315 | Teacher Test Acc: 40.780 | Student Test Loss: 2.205 | Student Test Acc: 43.020 | Teacher Test F1: 0.404 | Student Test F1: 0.431 | Teacher Top 5 Accuracy: 0.735 | Student Top 5 Accuracy: 0.755 | Time: 2.787 | 
Running student landscape probe...
[Train] Epoch: 12 | Teacher lr=0.7754 | Teacher Loss: 1.700 | Teacher Train Acc: 60.720 | Student lr=0.7754 | Student Train Acc: 61.424 | Time: 135.370 |
[Eval] Epoch: 12 | Teacher Test Loss: 1.620 | Teacher Test Acc: 54.780 | Student Test Loss: 2.198 | Student Test Acc: 44.120 | Teacher Test F1: 0.540 | Student Test F1: 0.440 | Teacher Top 5 Accuracy: 0.844 | Student Top 5 Accuracy: 0.757 | Time: 2.525 | 
Running student landscape probe...
[Train] Epoch: 13 | Teacher lr=0.7369 | Teacher Loss: 1.632 | Teacher Train Acc: 62.490 | Student lr=0.7369 | Student Train Acc: 62.334 | Time: 135.016 |
[Eval] Epoch: 13 | Teacher Test Loss: 1.500 | Teacher Test Acc: 57.400 | Student Test Loss: 2.185 | Student Test Acc: 45.020 | Teacher Test F1: 0.566 | Student Test F1: 0.451 | Teacher Top 5 Accuracy: 0.861 | Student Top 5 Accuracy: 0.749 | Time: 2.705 | 
Running student landscape probe...
[Train] Epoch: 14 | Teacher lr=0.6965 | Teacher Loss: 1.591 | Teacher Train Acc: 63.338 | Student lr=0.6965 | Student Train Acc: 62.848 | Time: 136.576 |
[Eval] Epoch: 14 | Teacher Test Loss: 1.569 | Teacher Test Acc: 55.990 | Student Test Loss: 1.942 | Student Test Acc: 47.500 | Teacher Test F1: 0.561 | Student Test F1: 0.474 | Teacher Top 5 Accuracy: 0.853 | Student Top 5 Accuracy: 0.797 | Time: 2.696 | 
Running student landscape probe...
[Train] Epoch: 15 | Teacher lr=0.6545 | Teacher Loss: 1.541 | Teacher Train Acc: 64.832 | Student lr=0.6545 | Student Train Acc: 63.592 | Time: 136.494 |
[Eval] Epoch: 15 | Teacher Test Loss: 1.538 | Teacher Test Acc: 57.130 | Student Test Loss: 1.991 | Student Test Acc: 47.070 | Teacher Test F1: 0.570 | Student Test F1: 0.477 | Teacher Top 5 Accuracy: 0.853 | Student Top 5 Accuracy: 0.796 | Time: 2.791 | 
Running student landscape probe...
[Train] Epoch: 16 | Teacher lr=0.6113 | Teacher Loss: 1.487 | Teacher Train Acc: 66.230 | Student lr=0.6113 | Student Train Acc: 64.620 | Time: 137.048 |
[Eval] Epoch: 16 | Teacher Test Loss: 1.415 | Teacher Test Acc: 59.710 | Student Test Loss: 1.885 | Student Test Acc: 50.000 | Teacher Test F1: 0.594 | Student Test F1: 0.492 | Teacher Top 5 Accuracy: 0.874 | Student Top 5 Accuracy: 0.803 | Time: 2.790 | 
Running student landscape probe...
[Train] Epoch: 17 | Teacher lr=0.5671 | Teacher Loss: 1.453 | Teacher Train Acc: 67.332 | Student lr=0.5671 | Student Train Acc: 65.052 | Time: 136.234 |
[Eval] Epoch: 17 | Teacher Test Loss: 1.468 | Teacher Test Acc: 58.840 | Student Test Loss: 1.880 | Student Test Acc: 49.610 | Teacher Test F1: 0.587 | Student Test F1: 0.489 | Teacher Top 5 Accuracy: 0.864 | Student Top 5 Accuracy: 0.794 | Time: 2.830 | 
Running student landscape probe...
[Train] Epoch: 18 | Teacher lr=0.5224 | Teacher Loss: 1.406 | Teacher Train Acc: 68.496 | Student lr=0.5224 | Student Train Acc: 66.114 | Time: 136.564 |
[Eval] Epoch: 18 | Teacher Test Loss: 1.401 | Teacher Test Acc: 60.300 | Student Test Loss: 1.870 | Student Test Acc: 50.340 | Teacher Test F1: 0.599 | Student Test F1: 0.506 | Teacher Top 5 Accuracy: 0.870 | Student Top 5 Accuracy: 0.806 | Time: 2.796 | 
Running student landscape probe...
[Train] Epoch: 19 | Teacher lr=0.4776 | Teacher Loss: 1.354 | Teacher Train Acc: 69.790 | Student lr=0.4776 | Student Train Acc: 67.076 | Time: 137.123 |
[Eval] Epoch: 19 | Teacher Test Loss: 1.405 | Teacher Test Acc: 60.580 | Student Test Loss: 1.639 | Student Test Acc: 54.610 | Teacher Test F1: 0.603 | Student Test F1: 0.544 | Teacher Top 5 Accuracy: 0.873 | Student Top 5 Accuracy: 0.839 | Time: 2.815 | 
Running student landscape probe...
[shock] epoch=20 forcing student_lr=0.100000 (window=20..21)
[Train] Epoch: 20 | Teacher lr=0.4329 | Teacher Loss: 1.233 | Teacher Train Acc: 70.938 | Student lr=0.1000 | Student Train Acc: 74.184 | Time: 137.469 |
[Eval] Epoch: 20 | Teacher Test Loss: 1.500 | Teacher Test Acc: 57.770 | Student Test Loss: 1.194 | Student Test Acc: 66.120 | Teacher Test F1: 0.582 | Student Test F1: 0.661 | Teacher Top 5 Accuracy: 0.864 | Student Top 5 Accuracy: 0.903 | Time: 2.766 | 
Running student landscape probe...
[shock] epoch=21 forcing student_lr=0.100000 (window=20..21)
[Train] Epoch: 21 | Teacher lr=0.3887 | Teacher Loss: 1.200 | Teacher Train Acc: 71.534 | Student lr=0.1000 | Student Train Acc: 76.104 | Time: 137.635 |
[Eval] Epoch: 21 | Teacher Test Loss: 1.259 | Teacher Test Acc: 64.050 | Student Test Loss: 1.170 | Student Test Acc: 66.240 | Teacher Test F1: 0.639 | Student Test F1: 0.662 | Teacher Top 5 Accuracy: 0.896 | Student Top 5 Accuracy: 0.907 | Time: 2.809 | 
Running student landscape probe...
[Train] Epoch: 22 | Teacher lr=0.3455 | Teacher Loss: 1.144 | Teacher Train Acc: 73.442 | Student lr=0.0889 | Student Train Acc: 76.996 | Time: 138.685 |
[Eval] Epoch: 22 | Teacher Test Loss: 1.256 | Teacher Test Acc: 64.160 | Student Test Loss: 1.204 | Student Test Acc: 65.050 | Teacher Test F1: 0.639 | Student Test F1: 0.649 | Teacher Top 5 Accuracy: 0.894 | Student Top 5 Accuracy: 0.900 | Time: 2.773 | 
Running student landscape probe...
[Train] Epoch: 23 | Teacher lr=0.3035 | Teacher Loss: 1.080 | Teacher Train Acc: 75.418 | Student lr=0.0781 | Student Train Acc: 78.192 | Time: 135.163 |
[Eval] Epoch: 23 | Teacher Test Loss: 1.204 | Teacher Test Acc: 65.790 | Student Test Loss: 1.167 | Student Test Acc: 66.720 | Teacher Test F1: 0.658 | Student Test F1: 0.666 | Teacher Top 5 Accuracy: 0.902 | Student Top 5 Accuracy: 0.906 | Time: 2.798 | 
Running student landscape probe...
[Train] Epoch: 24 | Teacher lr=0.2631 | Teacher Loss: 1.024 | Teacher Train Acc: 77.046 | Student lr=0.0677 | Student Train Acc: 78.824 | Time: 136.040 |
[Eval] Epoch: 24 | Teacher Test Loss: 1.139 | Teacher Test Acc: 67.410 | Student Test Loss: 1.177 | Student Test Acc: 66.360 | Teacher Test F1: 0.673 | Student Test F1: 0.663 | Teacher Top 5 Accuracy: 0.907 | Student Top 5 Accuracy: 0.905 | Time: 2.797 | 
Running student landscape probe...
[Train] Epoch: 25 | Teacher lr=0.2246 | Teacher Loss: 0.956 | Teacher Train Acc: 78.884 | Student lr=0.0578 | Student Train Acc: 80.102 | Time: 134.340 |
[Eval] Epoch: 25 | Teacher Test Loss: 1.084 | Teacher Test Acc: 69.140 | Student Test Loss: 1.168 | Student Test Acc: 66.770 | Teacher Test F1: 0.691 | Student Test F1: 0.667 | Teacher Top 5 Accuracy: 0.917 | Student Top 5 Accuracy: 0.910 | Time: 2.659 | 
Running student landscape probe...
[Train] Epoch: 26 | Teacher lr=0.1883 | Teacher Loss: 0.897 | Teacher Train Acc: 80.766 | Student lr=0.0484 | Student Train Acc: 80.700 | Time: 135.157 |
[Eval] Epoch: 26 | Teacher Test Loss: 1.049 | Teacher Test Acc: 69.860 | Student Test Loss: 1.168 | Student Test Acc: 67.490 | Teacher Test F1: 0.699 | Student Test F1: 0.676 | Teacher Top 5 Accuracy: 0.920 | Student Top 5 Accuracy: 0.906 | Time: 2.803 | 
Running student landscape probe...
[Train] Epoch: 27 | Teacher lr=0.1545 | Teacher Loss: 0.833 | Teacher Train Acc: 82.644 | Student lr=0.0397 | Student Train Acc: 81.774 | Time: 136.575 |
[Eval] Epoch: 27 | Teacher Test Loss: 1.012 | Teacher Test Acc: 70.980 | Student Test Loss: 1.138 | Student Test Acc: 68.230 | Teacher Test F1: 0.709 | Student Test F1: 0.683 | Teacher Top 5 Accuracy: 0.926 | Student Top 5 Accuracy: 0.911 | Time: 2.791 | 
Running student landscape probe...
[Train] Epoch: 28 | Teacher lr=0.1235 | Teacher Loss: 0.765 | Teacher Train Acc: 84.612 | Student lr=0.0318 | Student Train Acc: 82.916 | Time: 138.919 |
[Eval] Epoch: 28 | Teacher Test Loss: 0.954 | Teacher Test Acc: 72.190 | Student Test Loss: 1.135 | Student Test Acc: 68.100 | Teacher Test F1: 0.723 | Student Test F1: 0.681 | Teacher Top 5 Accuracy: 0.934 | Student Top 5 Accuracy: 0.913 | Time: 2.808 | 
Running student landscape probe...
[Train] Epoch: 29 | Teacher lr=0.0955 | Teacher Loss: 0.703 | Teacher Train Acc: 86.742 | Student lr=0.0246 | Student Train Acc: 83.858 | Time: 139.108 |
[Eval] Epoch: 29 | Teacher Test Loss: 0.935 | Teacher Test Acc: 73.010 | Student Test Loss: 1.123 | Student Test Acc: 68.580 | Teacher Test F1: 0.731 | Student Test F1: 0.686 | Teacher Top 5 Accuracy: 0.933 | Student Top 5 Accuracy: 0.916 | Time: 2.670 | 
Running student landscape probe...
[Train] Epoch: 30 | Teacher lr=0.0708 | Teacher Loss: 0.643 | Teacher Train Acc: 88.438 | Student lr=0.0182 | Student Train Acc: 85.014 | Time: 138.140 |
[Eval] Epoch: 30 | Teacher Test Loss: 0.915 | Teacher Test Acc: 73.620 | Student Test Loss: 1.118 | Student Test Acc: 69.010 | Teacher Test F1: 0.738 | Student Test F1: 0.691 | Teacher Top 5 Accuracy: 0.939 | Student Top 5 Accuracy: 0.914 | Time: 2.784 | 
Running student landscape probe...
[Train] Epoch: 31 | Teacher lr=0.0495 | Teacher Loss: 0.590 | Teacher Train Acc: 90.184 | Student lr=0.0127 | Student Train Acc: 85.660 | Time: 137.910 |
[Eval] Epoch: 31 | Teacher Test Loss: 0.876 | Teacher Test Acc: 74.690 | Student Test Loss: 1.113 | Student Test Acc: 69.350 | Teacher Test F1: 0.747 | Student Test F1: 0.694 | Teacher Top 5 Accuracy: 0.942 | Student Top 5 Accuracy: 0.917 | Time: 2.556 | 
Running student landscape probe...
[Train] Epoch: 32 | Teacher lr=0.0319 | Teacher Loss: 0.546 | Teacher Train Acc: 91.512 | Student lr=0.0082 | Student Train Acc: 86.498 | Time: 139.683 |
[Eval] Epoch: 32 | Teacher Test Loss: 0.861 | Teacher Test Acc: 75.000 | Student Test Loss: 1.108 | Student Test Acc: 69.660 | Teacher Test F1: 0.750 | Student Test F1: 0.697 | Teacher Top 5 Accuracy: 0.944 | Student Top 5 Accuracy: 0.919 | Time: 2.636 | 
Running student landscape probe...
[Train] Epoch: 33 | Teacher lr=0.0180 | Teacher Loss: 0.514 | Teacher Train Acc: 92.684 | Student lr=0.0046 | Student Train Acc: 87.024 | Time: 139.665 |
[Eval] Epoch: 33 | Teacher Test Loss: 0.858 | Teacher Test Acc: 75.380 | Student Test Loss: 1.102 | Student Test Acc: 69.880 | Teacher Test F1: 0.754 | Student Test F1: 0.699 | Teacher Top 5 Accuracy: 0.942 | Student Top 5 Accuracy: 0.919 | Time: 2.589 | 
Running student landscape probe...
[Train] Epoch: 34 | Teacher lr=0.0080 | Teacher Loss: 0.491 | Teacher Train Acc: 93.308 | Student lr=0.0021 | Student Train Acc: 87.604 | Time: 139.781 |
[Eval] Epoch: 34 | Teacher Test Loss: 0.854 | Teacher Test Acc: 75.530 | Student Test Loss: 1.098 | Student Test Acc: 69.830 | Teacher Test F1: 0.756 | Student Test F1: 0.698 | Teacher Top 5 Accuracy: 0.944 | Student Top 5 Accuracy: 0.920 | Time: 2.671 | 
Running student landscape probe...
[Train] Epoch: 35 | Teacher lr=0.0020 | Teacher Loss: 0.476 | Teacher Train Acc: 93.806 | Student lr=0.0005 | Student Train Acc: 87.808 | Time: 133.752 |
[Eval] Epoch: 35 | Teacher Test Loss: 0.852 | Teacher Test Acc: 75.600 | Student Test Loss: 1.097 | Student Test Acc: 69.940 | Teacher Test F1: 0.756 | Student Test F1: 0.699 | Teacher Top 5 Accuracy: 0.944 | Student Top 5 Accuracy: 0.920 | Time: 1.626 | 
Running student landscape probe...
ckpt location: ckpt/robust12h_stars/cosine_shock01_seed1_35ep.pt
