/home/jovyan/.mlspace/envs/egy_llm/lib/python3.11/site-packages/torchvision/datasets/cifar.py:83: VisibleDeprecationWarning: dtype(): align should be passed as Python or NumPy boolean but got `align=0`. Did you mean to pass a tuple to create a subarray type? (Deprecated NumPy 2.4)
  entry = pickle.load(f, encoding="latin1")
depth_list: [110, 20]
Dataset information: cifar100	 50000 images for training 	 10000 images for testing	
teacher depth: 110
student depth: 20
Total number of teacher parameters: 1,169,972
Total number of student parameters: 278,132
Snapshots will be saved to: snapshots/robust12h_stars/cosine_shock20_seed4_35ep
==== train and evaluate unequal restart ====
[Eval] Epoch: 0 | Teacher Test Loss: 8723.027 | Teacher Test Acc: 1.000 | Student Test Loss: 5.114 | Student Test Acc: 0.930 | Teacher Test F1: 0.000 | Student Test F1: 0.001 | Teacher Top 5 Accuracy: 0.050 | Student Top 5 Accuracy: 0.051 | Time: 2.491 | 
Running student landscape probe...
[Train] Epoch: 1 | Teacher lr=1.0000 | Teacher Loss: 4.085 | Teacher Train Acc: 10.098 | Student lr=1.0000 | Student Train Acc: 21.920 | Time: 134.999 |
[Eval] Epoch: 1 | Teacher Test Loss: 3.539 | Teacher Test Acc: 15.440 | Student Test Loss: 2.904 | Student Test Acc: 26.440 | Teacher Test F1: 0.123 | Student Test F1: 0.237 | Teacher Top 5 Accuracy: 0.412 | Student Top 5 Accuracy: 0.579 | Time: 2.655 | 
Running student landscape probe...
[Train] Epoch: 2 | Teacher lr=0.9980 | Teacher Loss: 3.339 | Teacher Train Acc: 23.876 | Student lr=0.9980 | Student Train Acc: 41.562 | Time: 135.893 |
[Eval] Epoch: 2 | Teacher Test Loss: 2.881 | Teacher Test Acc: 26.660 | Student Test Loss: 2.693 | Student Test Acc: 31.680 | Teacher Test F1: 0.248 | Student Test F1: 0.304 | Teacher Top 5 Accuracy: 0.609 | Student Top 5 Accuracy: 0.638 | Time: 2.465 | 
Running student landscape probe...
[Train] Epoch: 3 | Teacher lr=0.9920 | Teacher Loss: 2.725 | Teacher Train Acc: 35.742 | Student lr=0.9920 | Student Train Acc: 47.484 | Time: 134.214 |
[Eval] Epoch: 3 | Teacher Test Loss: 2.753 | Teacher Test Acc: 32.710 | Student Test Loss: 3.044 | Student Test Acc: 29.510 | Teacher Test F1: 0.311 | Student Test F1: 0.281 | Teacher Top 5 Accuracy: 0.645 | Student Top 5 Accuracy: 0.612 | Time: 2.495 | 
Running student landscape probe...
[Train] Epoch: 4 | Teacher lr=0.9820 | Teacher Loss: 2.463 | Teacher Train Acc: 41.746 | Student lr=0.9820 | Student Train Acc: 51.042 | Time: 136.662 |
[Eval] Epoch: 4 | Teacher Test Loss: 2.371 | Teacher Test Acc: 36.350 | Student Test Loss: 2.360 | Student Test Acc: 38.330 | Teacher Test F1: 0.362 | Student Test F1: 0.373 | Teacher Top 5 Accuracy: 0.722 | Student Top 5 Accuracy: 0.708 | Time: 2.452 | 
Running student landscape probe...
[Train] Epoch: 5 | Teacher lr=0.9681 | Teacher Loss: 2.239 | Teacher Train Acc: 46.430 | Student lr=0.9681 | Student Train Acc: 53.430 | Time: 134.597 |
[Eval] Epoch: 5 | Teacher Test Loss: 2.131 | Teacher Test Acc: 42.880 | Student Test Loss: 2.183 | Student Test Acc: 41.790 | Teacher Test F1: 0.425 | Student Test F1: 0.411 | Teacher Top 5 Accuracy: 0.762 | Student Top 5 Accuracy: 0.753 | Time: 2.708 | 
Running student landscape probe...
[Train] Epoch: 6 | Teacher lr=0.9505 | Teacher Loss: 2.123 | Teacher Train Acc: 49.934 | Student lr=0.9505 | Student Train Acc: 53.318 | Time: 134.236 |
[Eval] Epoch: 6 | Teacher Test Loss: 1.961 | Teacher Test Acc: 46.170 | Student Test Loss: 2.219 | Student Test Acc: 41.050 | Teacher Test F1: 0.456 | Student Test F1: 0.410 | Teacher Top 5 Accuracy: 0.785 | Student Top 5 Accuracy: 0.750 | Time: 2.538 | 
Running student landscape probe...
[Train] Epoch: 7 | Teacher lr=0.9292 | Teacher Loss: 1.998 | Teacher Train Acc: 52.920 | Student lr=0.9292 | Student Train Acc: 56.152 | Time: 134.468 |
[Eval] Epoch: 7 | Teacher Test Loss: 2.255 | Teacher Test Acc: 40.670 | Student Test Loss: 2.073 | Student Test Acc: 43.870 | Teacher Test F1: 0.402 | Student Test F1: 0.443 | Teacher Top 5 Accuracy: 0.736 | Student Top 5 Accuracy: 0.782 | Time: 2.390 | 
Running student landscape probe...
[Train] Epoch: 8 | Teacher lr=0.9045 | Teacher Loss: 1.916 | Teacher Train Acc: 54.928 | Student lr=0.9045 | Student Train Acc: 57.342 | Time: 137.943 |
[Eval] Epoch: 8 | Teacher Test Loss: 1.871 | Teacher Test Acc: 48.150 | Student Test Loss: 2.187 | Student Test Acc: 42.060 | Teacher Test F1: 0.471 | Student Test F1: 0.411 | Teacher Top 5 Accuracy: 0.803 | Student Top 5 Accuracy: 0.738 | Time: 2.491 | 
Running student landscape probe...
[Train] Epoch: 9 | Teacher lr=0.8765 | Teacher Loss: 2.070 | Teacher Train Acc: 52.030 | Student lr=0.8765 | Student Train Acc: 57.974 | Time: 136.260 |
[Eval] Epoch: 9 | Teacher Test Loss: 1.756 | Teacher Test Acc: 52.000 | Student Test Loss: 2.103 | Student Test Acc: 43.980 | Teacher Test F1: 0.512 | Student Test F1: 0.440 | Teacher Top 5 Accuracy: 0.824 | Student Top 5 Accuracy: 0.771 | Time: 2.515 | 
Running student landscape probe...
[Train] Epoch: 10 | Teacher lr=0.8455 | Teacher Loss: 1.797 | Teacher Train Acc: 57.650 | Student lr=0.8455 | Student Train Acc: 58.914 | Time: 136.155 |
[Eval] Epoch: 10 | Teacher Test Loss: 1.763 | Teacher Test Acc: 51.510 | Student Test Loss: 2.061 | Student Test Acc: 43.940 | Teacher Test F1: 0.507 | Student Test F1: 0.437 | Teacher Top 5 Accuracy: 0.820 | Student Top 5 Accuracy: 0.773 | Time: 2.523 | 
Running student landscape probe...
[Train] Epoch: 11 | Teacher lr=0.8117 | Teacher Loss: 1.725 | Teacher Train Acc: 59.896 | Student lr=0.8117 | Student Train Acc: 59.894 | Time: 137.896 |
[Eval] Epoch: 11 | Teacher Test Loss: 1.660 | Teacher Test Acc: 53.580 | Student Test Loss: 2.225 | Student Test Acc: 41.870 | Teacher Test F1: 0.533 | Student Test F1: 0.418 | Teacher Top 5 Accuracy: 0.838 | Student Top 5 Accuracy: 0.749 | Time: 2.496 | 
Running student landscape probe...
[Train] Epoch: 12 | Teacher lr=0.7754 | Teacher Loss: 1.674 | Teacher Train Acc: 61.114 | Student lr=0.7754 | Student Train Acc: 60.652 | Time: 136.622 |
[Eval] Epoch: 12 | Teacher Test Loss: 1.748 | Teacher Test Acc: 52.120 | Student Test Loss: 2.056 | Student Test Acc: 46.200 | Teacher Test F1: 0.520 | Student Test F1: 0.462 | Teacher Top 5 Accuracy: 0.826 | Student Top 5 Accuracy: 0.775 | Time: 2.485 | 
Running student landscape probe...
[Train] Epoch: 13 | Teacher lr=0.7369 | Teacher Loss: 1.629 | Teacher Train Acc: 62.416 | Student lr=0.7369 | Student Train Acc: 61.642 | Time: 135.060 |
[Eval] Epoch: 13 | Teacher Test Loss: 1.572 | Teacher Test Acc: 55.790 | Student Test Loss: 2.000 | Student Test Acc: 46.770 | Teacher Test F1: 0.554 | Student Test F1: 0.466 | Teacher Top 5 Accuracy: 0.848 | Student Top 5 Accuracy: 0.785 | Time: 2.724 | 
Running student landscape probe...
[Train] Epoch: 14 | Teacher lr=0.6965 | Teacher Loss: 1.583 | Teacher Train Acc: 63.542 | Student lr=0.6965 | Student Train Acc: 61.964 | Time: 136.298 |
[Eval] Epoch: 14 | Teacher Test Loss: 1.694 | Teacher Test Acc: 52.500 | Student Test Loss: 1.974 | Student Test Acc: 47.630 | Teacher Test F1: 0.528 | Student Test F1: 0.477 | Teacher Top 5 Accuracy: 0.833 | Student Top 5 Accuracy: 0.784 | Time: 2.487 | 
Running student landscape probe...
[Train] Epoch: 15 | Teacher lr=0.6545 | Teacher Loss: 1.538 | Teacher Train Acc: 65.042 | Student lr=0.6545 | Student Train Acc: 63.074 | Time: 137.061 |
[Eval] Epoch: 15 | Teacher Test Loss: 1.696 | Teacher Test Acc: 52.540 | Student Test Loss: 1.942 | Student Test Acc: 48.310 | Teacher Test F1: 0.528 | Student Test F1: 0.482 | Teacher Top 5 Accuracy: 0.826 | Student Top 5 Accuracy: 0.790 | Time: 2.565 | 
Running student landscape probe...
[Train] Epoch: 16 | Teacher lr=0.6113 | Teacher Loss: 1.508 | Teacher Train Acc: 65.640 | Student lr=0.6113 | Student Train Acc: 63.628 | Time: 135.740 |
[Eval] Epoch: 16 | Teacher Test Loss: 1.489 | Teacher Test Acc: 58.450 | Student Test Loss: 1.927 | Student Test Acc: 49.120 | Teacher Test F1: 0.583 | Student Test F1: 0.494 | Teacher Top 5 Accuracy: 0.863 | Student Top 5 Accuracy: 0.805 | Time: 2.473 | 
Running student landscape probe...
[Train] Epoch: 17 | Teacher lr=0.5671 | Teacher Loss: 1.449 | Teacher Train Acc: 67.296 | Student lr=0.5671 | Student Train Acc: 64.474 | Time: 136.583 |
[Eval] Epoch: 17 | Teacher Test Loss: 1.539 | Teacher Test Acc: 56.480 | Student Test Loss: 1.870 | Student Test Acc: 50.100 | Teacher Test F1: 0.566 | Student Test F1: 0.500 | Teacher Top 5 Accuracy: 0.856 | Student Top 5 Accuracy: 0.808 | Time: 2.509 | 
Running student landscape probe...
[Train] Epoch: 18 | Teacher lr=0.5224 | Teacher Loss: 1.405 | Teacher Train Acc: 68.634 | Student lr=0.5224 | Student Train Acc: 65.534 | Time: 134.067 |
[Eval] Epoch: 18 | Teacher Test Loss: 1.452 | Teacher Test Acc: 58.970 | Student Test Loss: 2.130 | Student Test Acc: 44.930 | Teacher Test F1: 0.591 | Student Test F1: 0.450 | Teacher Top 5 Accuracy: 0.864 | Student Top 5 Accuracy: 0.752 | Time: 2.410 | 
Running student landscape probe...
[Train] Epoch: 19 | Teacher lr=0.4776 | Teacher Loss: 1.364 | Teacher Train Acc: 69.724 | Student lr=0.4776 | Student Train Acc: 66.306 | Time: 134.731 |
[Eval] Epoch: 19 | Teacher Test Loss: 1.316 | Teacher Test Acc: 62.500 | Student Test Loss: 1.784 | Student Test Acc: 51.680 | Teacher Test F1: 0.626 | Student Test F1: 0.518 | Teacher Top 5 Accuracy: 0.886 | Student Top 5 Accuracy: 0.824 | Time: 2.694 | 
Running student landscape probe...
[shock] epoch=20 forcing student_lr=2.000000 (window=20..21)
[Train] Epoch: 20 | Teacher lr=0.4329 | Teacher Loss: 1.986 | Teacher Train Acc: 69.986 | Student lr=2.0000 | Student Train Acc: 15.152 | Time: 136.959 |
[Eval] Epoch: 20 | Teacher Test Loss: 1.414 | Teacher Test Acc: 62.530 | Student Test Loss: 3.961 | Student Test Acc: 14.400 | Teacher Test F1: 0.625 | Student Test F1: 0.127 | Teacher Top 5 Accuracy: 0.887 | Student Top 5 Accuracy: 0.406 | Time: 2.522 | 
Running student landscape probe...
[shock] epoch=21 forcing student_lr=2.000000 (window=20..21)
[Train] Epoch: 21 | Teacher lr=0.3887 | Teacher Loss: 1.721 | Teacher Train Acc: 72.360 | Student lr=2.0000 | Student Train Acc: 30.226 | Time: 135.990 |
[Eval] Epoch: 21 | Teacher Test Loss: 1.295 | Teacher Test Acc: 65.190 | Student Test Loss: 6.546 | Student Test Acc: 8.140 | Teacher Test F1: 0.647 | Student Test F1: 0.069 | Teacher Top 5 Accuracy: 0.896 | Student Top 5 Accuracy: 0.252 | Time: 2.551 | 
Running student landscape probe...
[Train] Epoch: 22 | Teacher lr=0.3455 | Teacher Loss: 1.592 | Teacher Train Acc: 73.506 | Student lr=1.7775 | Student Train Acc: 37.650 | Time: 135.722 |
[Eval] Epoch: 22 | Teacher Test Loss: 1.260 | Teacher Test Acc: 66.290 | Student Test Loss: 4.382 | Student Test Acc: 15.120 | Teacher Test F1: 0.661 | Student Test F1: 0.133 | Teacher Top 5 Accuracy: 0.903 | Student Top 5 Accuracy: 0.393 | Time: 2.590 | 
Running student landscape probe...
[Train] Epoch: 23 | Teacher lr=0.3035 | Teacher Loss: 1.494 | Teacher Train Acc: 74.978 | Student lr=1.5614 | Student Train Acc: 42.650 | Time: 137.407 |
[Eval] Epoch: 23 | Teacher Test Loss: 1.225 | Teacher Test Acc: 65.630 | Student Test Loss: 3.181 | Student Test Acc: 23.400 | Teacher Test F1: 0.655 | Student Test F1: 0.215 | Teacher Top 5 Accuracy: 0.905 | Student Top 5 Accuracy: 0.576 | Time: 2.508 | 
Running student landscape probe...
[Train] Epoch: 24 | Teacher lr=0.2631 | Teacher Loss: 1.421 | Teacher Train Acc: 76.124 | Student lr=1.3534 | Student Train Acc: 45.810 | Time: 135.341 |
[Eval] Epoch: 24 | Teacher Test Loss: 1.200 | Teacher Test Acc: 66.800 | Student Test Loss: 2.872 | Student Test Acc: 30.720 | Teacher Test F1: 0.665 | Student Test F1: 0.278 | Teacher Top 5 Accuracy: 0.906 | Student Top 5 Accuracy: 0.631 | Time: 2.405 | 
Running student landscape probe...
[Train] Epoch: 25 | Teacher lr=0.2246 | Teacher Loss: 1.355 | Teacher Train Acc: 77.570 | Student lr=1.1553 | Student Train Acc: 48.398 | Time: 134.044 |
[Eval] Epoch: 25 | Teacher Test Loss: 1.156 | Teacher Test Acc: 67.470 | Student Test Loss: 2.452 | Student Test Acc: 36.940 | Teacher Test F1: 0.673 | Student Test F1: 0.353 | Teacher Top 5 Accuracy: 0.911 | Student Top 5 Accuracy: 0.697 | Time: 2.464 | 
Running student landscape probe...
[Train] Epoch: 26 | Teacher lr=0.1883 | Teacher Loss: 1.282 | Teacher Train Acc: 79.154 | Student lr=0.9685 | Student Train Acc: 50.846 | Time: 137.205 |
[Eval] Epoch: 26 | Teacher Test Loss: 1.111 | Teacher Test Acc: 69.440 | Student Test Loss: 3.013 | Student Test Acc: 27.710 | Teacher Test F1: 0.692 | Student Test F1: 0.265 | Teacher Top 5 Accuracy: 0.913 | Student Top 5 Accuracy: 0.613 | Time: 2.512 | 
Running student landscape probe...
[Train] Epoch: 27 | Teacher lr=0.1545 | Teacher Loss: 1.209 | Teacher Train Acc: 81.058 | Student lr=0.7947 | Student Train Acc: 53.282 | Time: 136.682 |
[Eval] Epoch: 27 | Teacher Test Loss: 1.072 | Teacher Test Acc: 70.290 | Student Test Loss: 2.435 | Student Test Acc: 36.600 | Teacher Test F1: 0.702 | Student Test F1: 0.368 | Teacher Top 5 Accuracy: 0.924 | Student Top 5 Accuracy: 0.726 | Time: 2.177 | 
Running student landscape probe...
[Train] Epoch: 28 | Teacher lr=0.1235 | Teacher Loss: 1.140 | Teacher Train Acc: 82.788 | Student lr=0.6352 | Student Train Acc: 55.176 | Time: 134.678 |
[Eval] Epoch: 28 | Teacher Test Loss: 1.014 | Teacher Test Acc: 71.570 | Student Test Loss: 2.389 | Student Test Acc: 38.370 | Teacher Test F1: 0.714 | Student Test F1: 0.373 | Teacher Top 5 Accuracy: 0.928 | Student Top 5 Accuracy: 0.713 | Time: 2.449 | 
Running student landscape probe...
[Train] Epoch: 29 | Teacher lr=0.0955 | Teacher Loss: 1.066 | Teacher Train Acc: 84.546 | Student lr=0.4913 | Student Train Acc: 57.354 | Time: 138.520 |
[Eval] Epoch: 29 | Teacher Test Loss: 0.987 | Teacher Test Acc: 71.960 | Student Test Loss: 2.008 | Student Test Acc: 46.380 | Teacher Test F1: 0.719 | Student Test F1: 0.459 | Teacher Top 5 Accuracy: 0.932 | Student Top 5 Accuracy: 0.774 | Time: 2.223 | 
Running student landscape probe...
[Train] Epoch: 30 | Teacher lr=0.0708 | Teacher Loss: 0.991 | Teacher Train Acc: 86.274 | Student lr=0.3641 | Student Train Acc: 59.830 | Time: 135.152 |
[Eval] Epoch: 30 | Teacher Test Loss: 0.968 | Teacher Test Acc: 72.400 | Student Test Loss: 1.903 | Student Test Acc: 48.390 | Teacher Test F1: 0.723 | Student Test F1: 0.482 | Teacher Top 5 Accuracy: 0.932 | Student Top 5 Accuracy: 0.800 | Time: 2.468 | 
Running student landscape probe...
[Train] Epoch: 31 | Teacher lr=0.0495 | Teacher Loss: 0.917 | Teacher Train Acc: 87.970 | Student lr=0.2547 | Student Train Acc: 62.696 | Time: 138.884 |
[Eval] Epoch: 31 | Teacher Test Loss: 0.939 | Teacher Test Acc: 73.290 | Student Test Loss: 1.726 | Student Test Acc: 53.220 | Teacher Test F1: 0.733 | Student Test F1: 0.526 | Teacher Top 5 Accuracy: 0.936 | Student Top 5 Accuracy: 0.823 | Time: 2.570 | 
Running student landscape probe...
[Train] Epoch: 32 | Teacher lr=0.0319 | Teacher Loss: 0.850 | Teacher Train Acc: 89.332 | Student lr=0.1640 | Student Train Acc: 65.304 | Time: 137.601 |
[Eval] Epoch: 32 | Teacher Test Loss: 0.917 | Teacher Test Acc: 73.660 | Student Test Loss: 1.656 | Student Test Acc: 54.840 | Teacher Test F1: 0.736 | Student Test F1: 0.542 | Teacher Top 5 Accuracy: 0.938 | Student Top 5 Accuracy: 0.836 | Time: 2.553 | 
Running student landscape probe...
[Train] Epoch: 33 | Teacher lr=0.0180 | Teacher Loss: 0.788 | Teacher Train Acc: 90.506 | Student lr=0.0927 | Student Train Acc: 68.144 | Time: 135.351 |
[Eval] Epoch: 33 | Teacher Test Loss: 0.895 | Teacher Test Acc: 74.150 | Student Test Loss: 1.457 | Student Test Acc: 59.720 | Teacher Test F1: 0.741 | Student Test F1: 0.597 | Teacher Top 5 Accuracy: 0.940 | Student Top 5 Accuracy: 0.865 | Time: 2.270 | 
Running student landscape probe...
[Train] Epoch: 34 | Teacher lr=0.0080 | Teacher Loss: 0.729 | Teacher Train Acc: 91.356 | Student lr=0.0413 | Student Train Acc: 70.984 | Time: 138.109 |
[Eval] Epoch: 34 | Teacher Test Loss: 0.886 | Teacher Test Acc: 74.120 | Student Test Loss: 1.347 | Student Test Acc: 62.260 | Teacher Test F1: 0.741 | Student Test F1: 0.622 | Teacher Top 5 Accuracy: 0.941 | Student Top 5 Accuracy: 0.881 | Time: 2.272 | 
Running student landscape probe...
[Train] Epoch: 35 | Teacher lr=0.0020 | Teacher Loss: 0.693 | Teacher Train Acc: 91.590 | Student lr=0.0104 | Student Train Acc: 73.208 | Time: 135.389 |
[Eval] Epoch: 35 | Teacher Test Loss: 0.881 | Teacher Test Acc: 74.320 | Student Test Loss: 1.291 | Student Test Acc: 63.800 | Teacher Test F1: 0.743 | Student Test F1: 0.637 | Teacher Top 5 Accuracy: 0.942 | Student Top 5 Accuracy: 0.889 | Time: 2.708 | 
Running student landscape probe...
ckpt location: ckpt/robust12h_stars/cosine_shock20_seed4_35ep.pt
