/home/jovyan/.mlspace/envs/egy_llm/lib/python3.11/site-packages/torchvision/datasets/cifar.py:83: VisibleDeprecationWarning: dtype(): align should be passed as Python or NumPy boolean but got `align=0`. Did you mean to pass a tuple to create a subarray type? (Deprecated NumPy 2.4)
  entry = pickle.load(f, encoding="latin1")
depth_list: [110, 20]
Dataset information: cifar100	 50000 images for training 	 10000 images for testing	
teacher depth: 110
student depth: 20
Total number of teacher parameters: 1,169,972
Total number of student parameters: 278,132
Snapshots will be saved to: snapshots/robust12h_stars/cosine_shock20_seed2_35ep
==== train and evaluate unequal restart ====
[Eval] Epoch: 0 | Teacher Test Loss: 11623.433 | Teacher Test Acc: 1.000 | Student Test Loss: 6.044 | Student Test Acc: 1.110 | Teacher Test F1: 0.000 | Student Test F1: 0.000 | Teacher Top 5 Accuracy: 0.049 | Student Top 5 Accuracy: 0.052 | Time: 2.471 | 
Running student landscape probe...
[Train] Epoch: 1 | Teacher lr=1.0000 | Teacher Loss: 4.030 | Teacher Train Acc: 10.938 | Student lr=1.0000 | Student Train Acc: 22.246 | Time: 133.922 |
[Eval] Epoch: 1 | Teacher Test Loss: 3.598 | Teacher Test Acc: 14.990 | Student Test Loss: 3.864 | Student Test Acc: 12.410 | Teacher Test F1: 0.117 | Student Test F1: 0.114 | Teacher Top 5 Accuracy: 0.409 | Student Top 5 Accuracy: 0.397 | Time: 2.681 | 
Running student landscape probe...
[Train] Epoch: 2 | Teacher lr=0.9980 | Teacher Loss: 3.210 | Teacher Train Acc: 25.988 | Student lr=0.9980 | Student Train Acc: 42.934 | Time: 135.188 |
[Eval] Epoch: 2 | Teacher Test Loss: 3.301 | Teacher Test Acc: 21.020 | Student Test Loss: 2.819 | Student Test Acc: 29.460 | Teacher Test F1: 0.190 | Student Test F1: 0.276 | Teacher Top 5 Accuracy: 0.528 | Student Top 5 Accuracy: 0.615 | Time: 2.494 | 
Running student landscape probe...
[Train] Epoch: 3 | Teacher lr=0.9920 | Teacher Loss: 2.853 | Teacher Train Acc: 33.592 | Student lr=0.9920 | Student Train Acc: 48.780 | Time: 136.331 |
[Eval] Epoch: 3 | Teacher Test Loss: 2.480 | Teacher Test Acc: 34.030 | Student Test Loss: 2.727 | Student Test Acc: 31.240 | Teacher Test F1: 0.329 | Student Test F1: 0.303 | Teacher Top 5 Accuracy: 0.683 | Student Top 5 Accuracy: 0.627 | Time: 2.660 | 
Running student landscape probe...
[Train] Epoch: 4 | Teacher lr=0.9820 | Teacher Loss: 2.414 | Teacher Train Acc: 42.526 | Student lr=0.9820 | Student Train Acc: 52.338 | Time: 137.232 |
[Eval] Epoch: 4 | Teacher Test Loss: 2.430 | Teacher Test Acc: 37.130 | Student Test Loss: 2.383 | Student Test Acc: 37.910 | Teacher Test F1: 0.366 | Student Test F1: 0.371 | Teacher Top 5 Accuracy: 0.708 | Student Top 5 Accuracy: 0.705 | Time: 2.506 | 
Running student landscape probe...
[Train] Epoch: 5 | Teacher lr=0.9681 | Teacher Loss: 2.243 | Teacher Train Acc: 46.434 | Student lr=0.9681 | Student Train Acc: 54.320 | Time: 136.448 |
[Eval] Epoch: 5 | Teacher Test Loss: 2.437 | Teacher Test Acc: 38.230 | Student Test Loss: 2.816 | Student Test Acc: 30.290 | Teacher Test F1: 0.372 | Student Test F1: 0.292 | Teacher Top 5 Accuracy: 0.719 | Student Top 5 Accuracy: 0.645 | Time: 2.545 | 
Running student landscape probe...
[Train] Epoch: 6 | Teacher lr=0.9505 | Teacher Loss: 2.102 | Teacher Train Acc: 49.824 | Student lr=0.9505 | Student Train Acc: 56.074 | Time: 137.870 |
[Eval] Epoch: 6 | Teacher Test Loss: 2.280 | Teacher Test Acc: 40.760 | Student Test Loss: 4.130 | Student Test Acc: 18.730 | Teacher Test F1: 0.399 | Student Test F1: 0.171 | Teacher Top 5 Accuracy: 0.730 | Student Top 5 Accuracy: 0.455 | Time: 2.723 | 
Running student landscape probe...
[Train] Epoch: 7 | Teacher lr=0.9292 | Teacher Loss: 2.180 | Teacher Train Acc: 49.106 | Student lr=0.9292 | Student Train Acc: 56.436 | Time: 134.843 |
[Eval] Epoch: 7 | Teacher Test Loss: 1.969 | Teacher Test Acc: 46.400 | Student Test Loss: 3.566 | Student Test Acc: 25.120 | Teacher Test F1: 0.455 | Student Test F1: 0.242 | Teacher Top 5 Accuracy: 0.785 | Student Top 5 Accuracy: 0.533 | Time: 2.496 | 
Running student landscape probe...
[Train] Epoch: 8 | Teacher lr=0.9045 | Teacher Loss: 1.911 | Teacher Train Acc: 54.940 | Student lr=0.9045 | Student Train Acc: 58.064 | Time: 136.521 |
[Eval] Epoch: 8 | Teacher Test Loss: 1.954 | Teacher Test Acc: 47.770 | Student Test Loss: 2.670 | Student Test Acc: 34.510 | Teacher Test F1: 0.466 | Student Test F1: 0.337 | Teacher Top 5 Accuracy: 0.783 | Student Top 5 Accuracy: 0.657 | Time: 2.722 | 
Running student landscape probe...
[Train] Epoch: 9 | Teacher lr=0.8765 | Teacher Loss: 1.850 | Teacher Train Acc: 56.562 | Student lr=0.8765 | Student Train Acc: 58.994 | Time: 135.242 |
[Eval] Epoch: 9 | Teacher Test Loss: 1.986 | Teacher Test Acc: 47.010 | Student Test Loss: 2.651 | Student Test Acc: 37.730 | Teacher Test F1: 0.466 | Student Test F1: 0.361 | Teacher Top 5 Accuracy: 0.789 | Student Top 5 Accuracy: 0.683 | Time: 2.745 | 
Running student landscape probe...
[Train] Epoch: 10 | Teacher lr=0.8455 | Teacher Loss: 1.781 | Teacher Train Acc: 58.284 | Student lr=0.8455 | Student Train Acc: 60.036 | Time: 136.801 |
[Eval] Epoch: 10 | Teacher Test Loss: 1.706 | Teacher Test Acc: 53.150 | Student Test Loss: 2.276 | Student Test Acc: 42.650 | Teacher Test F1: 0.522 | Student Test F1: 0.408 | Teacher Top 5 Accuracy: 0.829 | Student Top 5 Accuracy: 0.733 | Time: 2.545 | 
Running student landscape probe...
[Train] Epoch: 11 | Teacher lr=0.8117 | Teacher Loss: 1.732 | Teacher Train Acc: 59.518 | Student lr=0.8117 | Student Train Acc: 60.684 | Time: 137.954 |
[Eval] Epoch: 11 | Teacher Test Loss: 1.770 | Teacher Test Acc: 51.170 | Student Test Loss: 2.289 | Student Test Acc: 42.270 | Teacher Test F1: 0.500 | Student Test F1: 0.422 | Teacher Top 5 Accuracy: 0.820 | Student Top 5 Accuracy: 0.751 | Time: 2.673 | 
Running student landscape probe...
[Train] Epoch: 12 | Teacher lr=0.7754 | Teacher Loss: 1.676 | Teacher Train Acc: 60.770 | Student lr=0.7754 | Student Train Acc: 61.186 | Time: 135.736 |
[Eval] Epoch: 12 | Teacher Test Loss: 1.693 | Teacher Test Acc: 53.280 | Student Test Loss: 2.623 | Student Test Acc: 36.650 | Teacher Test F1: 0.532 | Student Test F1: 0.367 | Teacher Top 5 Accuracy: 0.827 | Student Top 5 Accuracy: 0.693 | Time: 2.761 | 
Running student landscape probe...
[Train] Epoch: 13 | Teacher lr=0.7369 | Teacher Loss: 1.630 | Teacher Train Acc: 62.326 | Student lr=0.7369 | Student Train Acc: 62.136 | Time: 137.693 |
[Eval] Epoch: 13 | Teacher Test Loss: 1.484 | Teacher Test Acc: 57.940 | Student Test Loss: 2.087 | Student Test Acc: 44.330 | Teacher Test F1: 0.577 | Student Test F1: 0.436 | Teacher Top 5 Accuracy: 0.863 | Student Top 5 Accuracy: 0.764 | Time: 2.656 | 
Running student landscape probe...
[Train] Epoch: 14 | Teacher lr=0.6965 | Teacher Loss: 1.579 | Teacher Train Acc: 63.762 | Student lr=0.6965 | Student Train Acc: 62.886 | Time: 134.337 |
[Eval] Epoch: 14 | Teacher Test Loss: 1.652 | Teacher Test Acc: 54.070 | Student Test Loss: 2.536 | Student Test Acc: 38.150 | Teacher Test F1: 0.539 | Student Test F1: 0.376 | Teacher Top 5 Accuracy: 0.838 | Student Top 5 Accuracy: 0.720 | Time: 2.693 | 
Running student landscape probe...
[Train] Epoch: 15 | Teacher lr=0.6545 | Teacher Loss: 1.541 | Teacher Train Acc: 64.774 | Student lr=0.6545 | Student Train Acc: 63.940 | Time: 136.558 |
[Eval] Epoch: 15 | Teacher Test Loss: 1.527 | Teacher Test Acc: 57.610 | Student Test Loss: 2.027 | Student Test Acc: 46.970 | Teacher Test F1: 0.579 | Student Test F1: 0.469 | Teacher Top 5 Accuracy: 0.856 | Student Top 5 Accuracy: 0.779 | Time: 2.655 | 
Running student landscape probe...
[Train] Epoch: 16 | Teacher lr=0.6113 | Teacher Loss: 1.496 | Teacher Train Acc: 65.976 | Student lr=0.6113 | Student Train Acc: 64.330 | Time: 136.976 |
[Eval] Epoch: 16 | Teacher Test Loss: 1.543 | Teacher Test Acc: 57.110 | Student Test Loss: 1.879 | Student Test Acc: 49.610 | Teacher Test F1: 0.568 | Student Test F1: 0.493 | Teacher Top 5 Accuracy: 0.856 | Student Top 5 Accuracy: 0.807 | Time: 2.660 | 
Running student landscape probe...
[Train] Epoch: 17 | Teacher lr=0.5671 | Teacher Loss: 1.456 | Teacher Train Acc: 66.864 | Student lr=0.5671 | Student Train Acc: 65.164 | Time: 136.652 |
[Eval] Epoch: 17 | Teacher Test Loss: 1.682 | Teacher Test Acc: 53.370 | Student Test Loss: 3.692 | Student Test Acc: 25.640 | Teacher Test F1: 0.540 | Student Test F1: 0.246 | Teacher Top 5 Accuracy: 0.834 | Student Top 5 Accuracy: 0.520 | Time: 2.669 | 
Running student landscape probe...
[Train] Epoch: 18 | Teacher lr=0.5224 | Teacher Loss: 1.402 | Teacher Train Acc: 68.298 | Student lr=0.5224 | Student Train Acc: 65.888 | Time: 136.883 |
[Eval] Epoch: 18 | Teacher Test Loss: 1.385 | Teacher Test Acc: 60.470 | Student Test Loss: 1.836 | Student Test Acc: 49.780 | Teacher Test F1: 0.604 | Student Test F1: 0.497 | Teacher Top 5 Accuracy: 0.878 | Student Top 5 Accuracy: 0.804 | Time: 2.636 | 
Running student landscape probe...
[Train] Epoch: 19 | Teacher lr=0.4776 | Teacher Loss: 1.356 | Teacher Train Acc: 69.542 | Student lr=0.4776 | Student Train Acc: 67.028 | Time: 137.538 |
[Eval] Epoch: 19 | Teacher Test Loss: 1.443 | Teacher Test Acc: 58.410 | Student Test Loss: 1.696 | Student Test Acc: 53.510 | Teacher Test F1: 0.577 | Student Test F1: 0.533 | Teacher Top 5 Accuracy: 0.870 | Student Top 5 Accuracy: 0.832 | Time: 2.773 | 
Running student landscape probe...
[shock] epoch=20 forcing student_lr=2.000000 (window=20..21)
[Train] Epoch: 20 | Teacher lr=0.4329 | Teacher Loss: 2.057 | Teacher Train Acc: 70.522 | Student lr=2.0000 | Student Train Acc: 5.484 | Time: 135.921 |
[Eval] Epoch: 20 | Teacher Test Loss: 1.483 | Teacher Test Acc: 64.440 | Student Test Loss: 4.427 | Student Test Acc: 5.420 | Teacher Test F1: 0.642 | Student Test F1: 0.033 | Teacher Top 5 Accuracy: 0.891 | Student Top 5 Accuracy: 0.197 | Time: 2.669 | 
Running student landscape probe...
[shock] epoch=21 forcing student_lr=2.000000 (window=20..21)
[Train] Epoch: 21 | Teacher lr=0.3887 | Teacher Loss: 1.860 | Teacher Train Acc: 72.230 | Student lr=2.0000 | Student Train Acc: 13.322 | Time: 137.027 |
[Eval] Epoch: 21 | Teacher Test Loss: 1.436 | Teacher Test Acc: 64.520 | Student Test Loss: 4.717 | Student Test Acc: 6.430 | Teacher Test F1: 0.643 | Student Test F1: 0.043 | Teacher Top 5 Accuracy: 0.890 | Student Top 5 Accuracy: 0.242 | Time: 2.752 | 
Running student landscape probe...
[Train] Epoch: 22 | Teacher lr=0.3455 | Teacher Loss: 1.730 | Teacher Train Acc: 73.248 | Student lr=1.7775 | Student Train Acc: 24.640 | Time: 134.729 |
[Eval] Epoch: 22 | Teacher Test Loss: 1.311 | Teacher Test Acc: 65.130 | Student Test Loss: 4.649 | Student Test Acc: 9.510 | Teacher Test F1: 0.650 | Student Test F1: 0.068 | Teacher Top 5 Accuracy: 0.898 | Student Top 5 Accuracy: 0.328 | Time: 2.629 | 
Running student landscape probe...
[Train] Epoch: 23 | Teacher lr=0.3035 | Teacher Loss: 1.622 | Teacher Train Acc: 74.634 | Student lr=1.5614 | Student Train Acc: 31.568 | Time: 136.787 |
[Eval] Epoch: 23 | Teacher Test Loss: 1.286 | Teacher Test Acc: 65.750 | Student Test Loss: 4.248 | Student Test Acc: 13.950 | Teacher Test F1: 0.655 | Student Test F1: 0.119 | Teacher Top 5 Accuracy: 0.900 | Student Top 5 Accuracy: 0.371 | Time: 2.724 | 
Running student landscape probe...
[Train] Epoch: 24 | Teacher lr=0.2631 | Teacher Loss: 1.522 | Teacher Train Acc: 76.176 | Student lr=1.3534 | Student Train Acc: 36.364 | Time: 138.089 |
[Eval] Epoch: 24 | Teacher Test Loss: 1.201 | Teacher Test Acc: 67.220 | Student Test Loss: 5.609 | Student Test Acc: 12.970 | Teacher Test F1: 0.669 | Student Test F1: 0.121 | Teacher Top 5 Accuracy: 0.907 | Student Top 5 Accuracy: 0.387 | Time: 2.611 | 
Running student landscape probe...
[Train] Epoch: 25 | Teacher lr=0.2246 | Teacher Loss: 1.426 | Teacher Train Acc: 77.520 | Student lr=1.1553 | Student Train Acc: 41.836 | Time: 137.105 |
[Eval] Epoch: 25 | Teacher Test Loss: 1.181 | Teacher Test Acc: 67.680 | Student Test Loss: 4.784 | Student Test Acc: 14.590 | Teacher Test F1: 0.677 | Student Test F1: 0.131 | Teacher Top 5 Accuracy: 0.914 | Student Top 5 Accuracy: 0.356 | Time: 2.754 | 
Running student landscape probe...
[Train] Epoch: 26 | Teacher lr=0.1883 | Teacher Loss: 1.339 | Teacher Train Acc: 79.388 | Student lr=0.9685 | Student Train Acc: 45.938 | Time: 135.342 |
[Eval] Epoch: 26 | Teacher Test Loss: 1.103 | Teacher Test Acc: 69.930 | Student Test Loss: 3.664 | Student Test Acc: 24.150 | Teacher Test F1: 0.699 | Student Test F1: 0.216 | Teacher Top 5 Accuracy: 0.920 | Student Top 5 Accuracy: 0.535 | Time: 2.624 | 
Running student landscape probe...
[Train] Epoch: 27 | Teacher lr=0.1545 | Teacher Loss: 1.254 | Teacher Train Acc: 80.844 | Student lr=0.7947 | Student Train Acc: 49.592 | Time: 137.338 |
[Eval] Epoch: 27 | Teacher Test Loss: 1.091 | Teacher Test Acc: 69.610 | Student Test Loss: 3.220 | Student Test Acc: 25.570 | Teacher Test F1: 0.693 | Student Test F1: 0.239 | Teacher Top 5 Accuracy: 0.918 | Student Top 5 Accuracy: 0.557 | Time: 2.691 | 
Running student landscape probe...
[Train] Epoch: 28 | Teacher lr=0.1235 | Teacher Loss: 1.175 | Teacher Train Acc: 82.742 | Student lr=0.6352 | Student Train Acc: 52.054 | Time: 137.173 |
[Eval] Epoch: 28 | Teacher Test Loss: 1.052 | Teacher Test Acc: 71.000 | Student Test Loss: 2.380 | Student Test Acc: 40.250 | Teacher Test F1: 0.709 | Student Test F1: 0.385 | Teacher Top 5 Accuracy: 0.925 | Student Top 5 Accuracy: 0.721 | Time: 2.705 | 
Running student landscape probe...
[Train] Epoch: 29 | Teacher lr=0.0955 | Teacher Loss: 1.095 | Teacher Train Acc: 84.580 | Student lr=0.4913 | Student Train Acc: 55.178 | Time: 138.020 |
[Eval] Epoch: 29 | Teacher Test Loss: 0.985 | Teacher Test Acc: 72.500 | Student Test Loss: 2.141 | Student Test Acc: 43.920 | Teacher Test F1: 0.724 | Student Test F1: 0.424 | Teacher Top 5 Accuracy: 0.932 | Student Top 5 Accuracy: 0.757 | Time: 2.661 | 
Running student landscape probe...
[Train] Epoch: 30 | Teacher lr=0.0708 | Teacher Loss: 1.021 | Teacher Train Acc: 86.230 | Student lr=0.3641 | Student Train Acc: 57.712 | Time: 136.310 |
[Eval] Epoch: 30 | Teacher Test Loss: 0.960 | Teacher Test Acc: 72.980 | Student Test Loss: 2.440 | Student Test Acc: 39.070 | Teacher Test F1: 0.729 | Student Test F1: 0.382 | Teacher Top 5 Accuracy: 0.933 | Student Top 5 Accuracy: 0.708 | Time: 2.689 | 
Running student landscape probe...
[Train] Epoch: 31 | Teacher lr=0.0495 | Teacher Loss: 0.950 | Teacher Train Acc: 87.802 | Student lr=0.2547 | Student Train Acc: 60.640 | Time: 137.034 |
[Eval] Epoch: 31 | Teacher Test Loss: 0.937 | Teacher Test Acc: 73.350 | Student Test Loss: 2.072 | Student Test Acc: 45.670 | Teacher Test F1: 0.733 | Student Test F1: 0.450 | Teacher Top 5 Accuracy: 0.935 | Student Top 5 Accuracy: 0.773 | Time: 2.532 | 
Running student landscape probe...
[Train] Epoch: 32 | Teacher lr=0.0319 | Teacher Loss: 0.875 | Teacher Train Acc: 89.324 | Student lr=0.1640 | Student Train Acc: 63.732 | Time: 137.008 |
[Eval] Epoch: 32 | Teacher Test Loss: 0.913 | Teacher Test Acc: 73.580 | Student Test Loss: 1.812 | Student Test Acc: 51.340 | Teacher Test F1: 0.735 | Student Test F1: 0.508 | Teacher Top 5 Accuracy: 0.939 | Student Top 5 Accuracy: 0.811 | Time: 2.646 | 
Running student landscape probe...
[Train] Epoch: 33 | Teacher lr=0.0180 | Teacher Loss: 0.810 | Teacher Train Acc: 90.382 | Student lr=0.0927 | Student Train Acc: 66.858 | Time: 135.098 |
[Eval] Epoch: 33 | Teacher Test Loss: 0.898 | Teacher Test Acc: 73.870 | Student Test Loss: 1.589 | Student Test Acc: 56.660 | Teacher Test F1: 0.738 | Student Test F1: 0.562 | Teacher Top 5 Accuracy: 0.939 | Student Top 5 Accuracy: 0.850 | Time: 2.734 | 
Running student landscape probe...
[Train] Epoch: 34 | Teacher lr=0.0080 | Teacher Loss: 0.751 | Teacher Train Acc: 90.982 | Student lr=0.0413 | Student Train Acc: 70.076 | Time: 138.540 |
[Eval] Epoch: 34 | Teacher Test Loss: 0.887 | Teacher Test Acc: 73.960 | Student Test Loss: 1.392 | Student Test Acc: 61.090 | Teacher Test F1: 0.739 | Student Test F1: 0.608 | Teacher Top 5 Accuracy: 0.939 | Student Top 5 Accuracy: 0.875 | Time: 2.622 | 
Running student landscape probe...
[Train] Epoch: 35 | Teacher lr=0.0020 | Teacher Loss: 0.714 | Teacher Train Acc: 91.662 | Student lr=0.0104 | Student Train Acc: 72.130 | Time: 135.986 |
[Eval] Epoch: 35 | Teacher Test Loss: 0.882 | Teacher Test Acc: 74.030 | Student Test Loss: 1.319 | Student Test Acc: 62.620 | Teacher Test F1: 0.740 | Student Test F1: 0.625 | Teacher Top 5 Accuracy: 0.940 | Student Top 5 Accuracy: 0.885 | Time: 2.660 | 
Running student landscape probe...
ckpt location: ckpt/robust12h_stars/cosine_shock20_seed2_35ep.pt
