/home/jovyan/.mlspace/envs/egy_llm/lib/python3.11/site-packages/torchvision/datasets/cifar.py:83: VisibleDeprecationWarning: dtype(): align should be passed as Python or NumPy boolean but got `align=0`. Did you mean to pass a tuple to create a subarray type? (Deprecated NumPy 2.4)
  entry = pickle.load(f, encoding="latin1")
depth_list: [110, 20]
Dataset information: cifar100	 50000 images for training 	 10000 images for testing	
teacher depth: 110
student depth: 20
Total number of teacher parameters: 1,169,972
Total number of student parameters: 278,132
Snapshots will be saved to: snapshots/robust12h_stars/cosine_noshock_seed5_35ep
==== train and evaluate unequal restart ====
[Eval] Epoch: 0 | Teacher Test Loss: 8199.934 | Teacher Test Acc: 1.000 | Student Test Loss: 5.076 | Student Test Acc: 0.970 | Teacher Test F1: 0.000 | Student Test F1: 0.001 | Teacher Top 5 Accuracy: 0.050 | Student Top 5 Accuracy: 0.059 | Time: 2.870 | 
Running student landscape probe...
[Train] Epoch: 1 | Teacher lr=1.0000 | Teacher Loss: 4.071 | Teacher Train Acc: 10.286 | Student lr=1.0000 | Student Train Acc: 21.256 | Time: 138.601 |
[Eval] Epoch: 1 | Teacher Test Loss: 3.692 | Teacher Test Acc: 16.350 | Student Test Loss: 3.303 | Student Test Acc: 22.630 | Teacher Test F1: 0.127 | Student Test F1: 0.204 | Teacher Top 5 Accuracy: 0.415 | Student Top 5 Accuracy: 0.509 | Time: 2.241 | 
Running student landscape probe...
[Train] Epoch: 2 | Teacher lr=0.9980 | Teacher Loss: 3.252 | Teacher Train Acc: 25.130 | Student lr=0.9980 | Student Train Acc: 40.374 | Time: 139.115 |
[Eval] Epoch: 2 | Teacher Test Loss: 2.847 | Teacher Test Acc: 27.230 | Student Test Loss: 2.591 | Student Test Acc: 34.390 | Teacher Test F1: 0.254 | Student Test F1: 0.330 | Teacher Top 5 Accuracy: 0.598 | Student Top 5 Accuracy: 0.652 | Time: 2.397 | 
Running student landscape probe...
[Train] Epoch: 3 | Teacher lr=0.9920 | Teacher Loss: 2.680 | Teacher Train Acc: 36.696 | Student lr=0.9920 | Student Train Acc: 47.352 | Time: 137.185 |
[Eval] Epoch: 3 | Teacher Test Loss: 2.541 | Teacher Test Acc: 33.860 | Student Test Loss: 2.775 | Student Test Acc: 33.340 | Teacher Test F1: 0.318 | Student Test F1: 0.321 | Teacher Top 5 Accuracy: 0.684 | Student Top 5 Accuracy: 0.643 | Time: 2.540 | 
Running student landscape probe...
[Train] Epoch: 4 | Teacher lr=0.9820 | Teacher Loss: 2.455 | Teacher Train Acc: 41.958 | Student lr=0.9820 | Student Train Acc: 51.070 | Time: 138.615 |
[Eval] Epoch: 4 | Teacher Test Loss: 2.447 | Teacher Test Acc: 35.660 | Student Test Loss: 2.913 | Student Test Acc: 32.260 | Teacher Test F1: 0.347 | Student Test F1: 0.323 | Teacher Top 5 Accuracy: 0.690 | Student Top 5 Accuracy: 0.655 | Time: 2.256 | 
Running student landscape probe...
[Train] Epoch: 5 | Teacher lr=0.9681 | Teacher Loss: 2.228 | Teacher Train Acc: 47.222 | Student lr=0.9681 | Student Train Acc: 53.452 | Time: 138.782 |
[Eval] Epoch: 5 | Teacher Test Loss: 2.021 | Teacher Test Acc: 45.010 | Student Test Loss: 3.110 | Student Test Acc: 30.520 | Teacher Test F1: 0.441 | Student Test F1: 0.281 | Teacher Top 5 Accuracy: 0.778 | Student Top 5 Accuracy: 0.592 | Time: 2.196 | 
Running student landscape probe...
[Train] Epoch: 6 | Teacher lr=0.9505 | Teacher Loss: 2.066 | Teacher Train Acc: 51.136 | Student lr=0.9505 | Student Train Acc: 55.416 | Time: 139.231 |
[Eval] Epoch: 6 | Teacher Test Loss: 1.919 | Teacher Test Acc: 46.760 | Student Test Loss: 2.154 | Student Test Acc: 41.520 | Teacher Test F1: 0.457 | Student Test F1: 0.408 | Teacher Top 5 Accuracy: 0.798 | Student Top 5 Accuracy: 0.762 | Time: 2.348 | 
Running student landscape probe...
[Train] Epoch: 7 | Teacher lr=0.9292 | Teacher Loss: 1.969 | Teacher Train Acc: 53.664 | Student lr=0.9292 | Student Train Acc: 56.448 | Time: 136.621 |
[Eval] Epoch: 7 | Teacher Test Loss: 2.120 | Teacher Test Acc: 45.030 | Student Test Loss: 2.150 | Student Test Acc: 42.780 | Teacher Test F1: 0.445 | Student Test F1: 0.415 | Teacher Top 5 Accuracy: 0.764 | Student Top 5 Accuracy: 0.750 | Time: 2.362 | 
Running student landscape probe...
[Train] Epoch: 8 | Teacher lr=0.9045 | Teacher Loss: 1.890 | Teacher Train Acc: 55.586 | Student lr=0.9045 | Student Train Acc: 57.572 | Time: 137.968 |
[Eval] Epoch: 8 | Teacher Test Loss: 1.949 | Teacher Test Acc: 47.390 | Student Test Loss: 2.763 | Student Test Acc: 32.990 | Teacher Test F1: 0.465 | Student Test F1: 0.325 | Teacher Top 5 Accuracy: 0.792 | Student Top 5 Accuracy: 0.659 | Time: 2.447 | 
Running student landscape probe...
[Train] Epoch: 9 | Teacher lr=0.8765 | Teacher Loss: 1.834 | Teacher Train Acc: 57.112 | Student lr=0.8765 | Student Train Acc: 58.830 | Time: 139.897 |
[Eval] Epoch: 9 | Teacher Test Loss: 1.799 | Teacher Test Acc: 50.390 | Student Test Loss: 1.829 | Student Test Acc: 49.630 | Teacher Test F1: 0.506 | Student Test F1: 0.491 | Teacher Top 5 Accuracy: 0.819 | Student Top 5 Accuracy: 0.806 | Time: 2.492 | 
Running student landscape probe...
[Train] Epoch: 10 | Teacher lr=0.8455 | Teacher Loss: 1.773 | Teacher Train Acc: 58.810 | Student lr=0.8455 | Student Train Acc: 59.598 | Time: 136.050 |
[Eval] Epoch: 10 | Teacher Test Loss: 1.895 | Teacher Test Acc: 49.210 | Student Test Loss: 3.866 | Student Test Acc: 23.060 | Teacher Test F1: 0.495 | Student Test F1: 0.219 | Teacher Top 5 Accuracy: 0.807 | Student Top 5 Accuracy: 0.503 | Time: 2.475 | 
Running student landscape probe...
[Train] Epoch: 11 | Teacher lr=0.8117 | Teacher Loss: 1.723 | Teacher Train Acc: 60.174 | Student lr=0.8117 | Student Train Acc: 59.754 | Time: 138.524 |
[Eval] Epoch: 11 | Teacher Test Loss: 1.694 | Teacher Test Acc: 53.110 | Student Test Loss: 2.134 | Student Test Acc: 45.240 | Teacher Test F1: 0.529 | Student Test F1: 0.451 | Teacher Top 5 Accuracy: 0.831 | Student Top 5 Accuracy: 0.759 | Time: 2.614 | 
Running student landscape probe...
[Train] Epoch: 12 | Teacher lr=0.7754 | Teacher Loss: 1.667 | Teacher Train Acc: 61.610 | Student lr=0.7754 | Student Train Acc: 60.782 | Time: 139.606 |
[Eval] Epoch: 12 | Teacher Test Loss: 1.792 | Teacher Test Acc: 51.250 | Student Test Loss: 2.139 | Student Test Acc: 44.820 | Teacher Test F1: 0.505 | Student Test F1: 0.441 | Teacher Top 5 Accuracy: 0.815 | Student Top 5 Accuracy: 0.765 | Time: 2.754 | 
Running student landscape probe...
[Train] Epoch: 13 | Teacher lr=0.7369 | Teacher Loss: 1.621 | Teacher Train Acc: 62.822 | Student lr=0.7369 | Student Train Acc: 61.656 | Time: 138.984 |
[Eval] Epoch: 13 | Teacher Test Loss: 1.629 | Teacher Test Acc: 54.130 | Student Test Loss: 2.199 | Student Test Acc: 43.870 | Teacher Test F1: 0.543 | Student Test F1: 0.434 | Teacher Top 5 Accuracy: 0.850 | Student Top 5 Accuracy: 0.749 | Time: 2.712 | 
Running student landscape probe...
[Train] Epoch: 14 | Teacher lr=0.6965 | Teacher Loss: 1.578 | Teacher Train Acc: 64.010 | Student lr=0.6965 | Student Train Acc: 62.516 | Time: 138.234 |
[Eval] Epoch: 14 | Teacher Test Loss: 1.518 | Teacher Test Acc: 57.150 | Student Test Loss: 1.929 | Student Test Acc: 47.760 | Teacher Test F1: 0.566 | Student Test F1: 0.484 | Teacher Top 5 Accuracy: 0.858 | Student Top 5 Accuracy: 0.794 | Time: 2.698 | 
Running student landscape probe...
[Train] Epoch: 15 | Teacher lr=0.6545 | Teacher Loss: 1.527 | Teacher Train Acc: 65.518 | Student lr=0.6545 | Student Train Acc: 62.884 | Time: 140.170 |
[Eval] Epoch: 15 | Teacher Test Loss: 1.571 | Teacher Test Acc: 56.200 | Student Test Loss: 1.914 | Student Test Acc: 47.900 | Teacher Test F1: 0.561 | Student Test F1: 0.478 | Teacher Top 5 Accuracy: 0.852 | Student Top 5 Accuracy: 0.797 | Time: 2.627 | 
Running student landscape probe...
[Train] Epoch: 16 | Teacher lr=0.6113 | Teacher Loss: 1.493 | Teacher Train Acc: 66.142 | Student lr=0.6113 | Student Train Acc: 63.746 | Time: 136.851 |
[Eval] Epoch: 16 | Teacher Test Loss: 1.493 | Teacher Test Acc: 57.430 | Student Test Loss: 1.871 | Student Test Acc: 49.260 | Teacher Test F1: 0.568 | Student Test F1: 0.497 | Teacher Top 5 Accuracy: 0.865 | Student Top 5 Accuracy: 0.818 | Time: 2.598 | 
Running student landscape probe...
[Train] Epoch: 17 | Teacher lr=0.5671 | Teacher Loss: 1.445 | Teacher Train Acc: 67.492 | Student lr=0.5671 | Student Train Acc: 64.778 | Time: 136.300 |
[Eval] Epoch: 17 | Teacher Test Loss: 1.436 | Teacher Test Acc: 59.240 | Student Test Loss: 1.809 | Student Test Acc: 50.800 | Teacher Test F1: 0.592 | Student Test F1: 0.505 | Teacher Top 5 Accuracy: 0.871 | Student Top 5 Accuracy: 0.812 | Time: 2.691 | 
Running student landscape probe...
[Train] Epoch: 18 | Teacher lr=0.5224 | Teacher Loss: 1.401 | Teacher Train Acc: 68.486 | Student lr=0.5224 | Student Train Acc: 65.144 | Time: 136.521 |
[Eval] Epoch: 18 | Teacher Test Loss: 1.389 | Teacher Test Acc: 60.680 | Student Test Loss: 1.770 | Student Test Acc: 51.820 | Teacher Test F1: 0.607 | Student Test F1: 0.521 | Teacher Top 5 Accuracy: 0.881 | Student Top 5 Accuracy: 0.818 | Time: 2.631 | 
Running student landscape probe...
[Train] Epoch: 19 | Teacher lr=0.4776 | Teacher Loss: 1.353 | Teacher Train Acc: 69.888 | Student lr=0.4776 | Student Train Acc: 66.170 | Time: 139.582 |
[Eval] Epoch: 19 | Teacher Test Loss: 1.442 | Teacher Test Acc: 58.840 | Student Test Loss: 2.076 | Student Test Acc: 46.060 | Teacher Test F1: 0.590 | Student Test F1: 0.463 | Teacher Top 5 Accuracy: 0.871 | Student Top 5 Accuracy: 0.788 | Time: 2.656 | 
Running student landscape probe...
[Train] Epoch: 20 | Teacher lr=0.4329 | Teacher Loss: 1.303 | Teacher Train Acc: 71.538 | Student lr=0.4329 | Student Train Acc: 66.928 | Time: 139.575 |
[Eval] Epoch: 20 | Teacher Test Loss: 1.260 | Teacher Test Acc: 63.290 | Student Test Loss: 1.644 | Student Test Acc: 55.300 | Teacher Test F1: 0.633 | Student Test F1: 0.551 | Teacher Top 5 Accuracy: 0.895 | Student Top 5 Accuracy: 0.843 | Time: 2.585 | 
Running student landscape probe...
[Train] Epoch: 21 | Teacher lr=0.3887 | Teacher Loss: 1.253 | Teacher Train Acc: 72.692 | Student lr=0.3887 | Student Train Acc: 68.010 | Time: 135.315 |
[Eval] Epoch: 21 | Teacher Test Loss: 1.258 | Teacher Test Acc: 63.670 | Student Test Loss: 1.796 | Student Test Acc: 52.240 | Teacher Test F1: 0.634 | Student Test F1: 0.523 | Teacher Top 5 Accuracy: 0.901 | Student Top 5 Accuracy: 0.816 | Time: 2.655 | 
Running student landscape probe...
[Train] Epoch: 22 | Teacher lr=0.3455 | Teacher Loss: 1.203 | Teacher Train Acc: 74.180 | Student lr=0.3455 | Student Train Acc: 69.348 | Time: 139.759 |
[Eval] Epoch: 22 | Teacher Test Loss: 1.185 | Teacher Test Acc: 65.710 | Student Test Loss: 1.555 | Student Test Acc: 56.210 | Teacher Test F1: 0.656 | Student Test F1: 0.565 | Teacher Top 5 Accuracy: 0.907 | Student Top 5 Accuracy: 0.860 | Time: 2.643 | 
Running student landscape probe...
[Train] Epoch: 23 | Teacher lr=0.3035 | Teacher Loss: 1.150 | Teacher Train Acc: 75.726 | Student lr=0.3035 | Student Train Acc: 70.166 | Time: 139.879 |
[Eval] Epoch: 23 | Teacher Test Loss: 1.158 | Teacher Test Acc: 66.400 | Student Test Loss: 1.510 | Student Test Acc: 57.800 | Teacher Test F1: 0.662 | Student Test F1: 0.576 | Teacher Top 5 Accuracy: 0.909 | Student Top 5 Accuracy: 0.856 | Time: 2.641 | 
Running student landscape probe...
[Train] Epoch: 24 | Teacher lr=0.2631 | Teacher Loss: 1.090 | Teacher Train Acc: 77.154 | Student lr=0.2631 | Student Train Acc: 71.372 | Time: 136.720 |
[Eval] Epoch: 24 | Teacher Test Loss: 1.084 | Teacher Test Acc: 68.150 | Student Test Loss: 1.718 | Student Test Acc: 53.930 | Teacher Test F1: 0.683 | Student Test F1: 0.550 | Teacher Top 5 Accuracy: 0.920 | Student Top 5 Accuracy: 0.833 | Time: 2.678 | 
Running student landscape probe...
[Train] Epoch: 25 | Teacher lr=0.2246 | Teacher Loss: 1.030 | Teacher Train Acc: 78.890 | Student lr=0.2246 | Student Train Acc: 72.628 | Time: 138.511 |
[Eval] Epoch: 25 | Teacher Test Loss: 1.066 | Teacher Test Acc: 69.240 | Student Test Loss: 1.590 | Student Test Acc: 57.690 | Teacher Test F1: 0.690 | Student Test F1: 0.580 | Teacher Top 5 Accuracy: 0.918 | Student Top 5 Accuracy: 0.857 | Time: 2.733 | 
Running student landscape probe...
[Train] Epoch: 26 | Teacher lr=0.1883 | Teacher Loss: 0.969 | Teacher Train Acc: 80.830 | Student lr=0.1883 | Student Train Acc: 74.004 | Time: 138.132 |
[Eval] Epoch: 26 | Teacher Test Loss: 1.051 | Teacher Test Acc: 69.630 | Student Test Loss: 1.343 | Student Test Acc: 62.770 | Teacher Test F1: 0.695 | Student Test F1: 0.626 | Teacher Top 5 Accuracy: 0.922 | Student Top 5 Accuracy: 0.882 | Time: 2.622 | 
Running student landscape probe...
[Train] Epoch: 27 | Teacher lr=0.1545 | Teacher Loss: 0.908 | Teacher Train Acc: 82.410 | Student lr=0.1545 | Student Train Acc: 75.094 | Time: 138.440 |
[Eval] Epoch: 27 | Teacher Test Loss: 0.983 | Teacher Test Acc: 71.530 | Student Test Loss: 1.355 | Student Test Acc: 62.570 | Teacher Test F1: 0.714 | Student Test F1: 0.626 | Teacher Top 5 Accuracy: 0.930 | Student Top 5 Accuracy: 0.883 | Time: 2.639 | 
Running student landscape probe...
[Train] Epoch: 28 | Teacher lr=0.1235 | Teacher Loss: 0.842 | Teacher Train Acc: 84.382 | Student lr=0.1235 | Student Train Acc: 76.800 | Time: 136.744 |
[Eval] Epoch: 28 | Teacher Test Loss: 0.959 | Teacher Test Acc: 72.080 | Student Test Loss: 1.287 | Student Test Acc: 63.940 | Teacher Test F1: 0.721 | Student Test F1: 0.638 | Teacher Top 5 Accuracy: 0.932 | Student Top 5 Accuracy: 0.892 | Time: 2.628 | 
Running student landscape probe...
[Train] Epoch: 29 | Teacher lr=0.0955 | Teacher Loss: 0.773 | Teacher Train Acc: 86.280 | Student lr=0.0955 | Student Train Acc: 78.508 | Time: 138.714 |
[Eval] Epoch: 29 | Teacher Test Loss: 0.936 | Teacher Test Acc: 72.960 | Student Test Loss: 1.259 | Student Test Acc: 64.520 | Teacher Test F1: 0.730 | Student Test F1: 0.646 | Teacher Top 5 Accuracy: 0.934 | Student Top 5 Accuracy: 0.899 | Time: 2.655 | 
Running student landscape probe...
[Train] Epoch: 30 | Teacher lr=0.0708 | Teacher Loss: 0.707 | Teacher Train Acc: 88.102 | Student lr=0.0708 | Student Train Acc: 80.030 | Time: 137.048 |
[Eval] Epoch: 30 | Teacher Test Loss: 0.908 | Teacher Test Acc: 73.430 | Student Test Loss: 1.226 | Student Test Acc: 65.910 | Teacher Test F1: 0.735 | Student Test F1: 0.659 | Teacher Top 5 Accuracy: 0.937 | Student Top 5 Accuracy: 0.901 | Time: 2.642 | 
Running student landscape probe...
[Train] Epoch: 31 | Teacher lr=0.0495 | Teacher Loss: 0.649 | Teacher Train Acc: 89.580 | Student lr=0.0495 | Student Train Acc: 81.790 | Time: 138.529 |
[Eval] Epoch: 31 | Teacher Test Loss: 0.887 | Teacher Test Acc: 74.120 | Student Test Loss: 1.206 | Student Test Acc: 66.460 | Teacher Test F1: 0.741 | Student Test F1: 0.665 | Teacher Top 5 Accuracy: 0.940 | Student Top 5 Accuracy: 0.905 | Time: 2.716 | 
Running student landscape probe...
[Train] Epoch: 32 | Teacher lr=0.0319 | Teacher Loss: 0.594 | Teacher Train Acc: 90.930 | Student lr=0.0319 | Student Train Acc: 83.584 | Time: 138.219 |
[Eval] Epoch: 32 | Teacher Test Loss: 0.867 | Teacher Test Acc: 74.690 | Student Test Loss: 1.159 | Student Test Acc: 67.520 | Teacher Test F1: 0.747 | Student Test F1: 0.676 | Teacher Top 5 Accuracy: 0.942 | Student Top 5 Accuracy: 0.912 | Time: 2.606 | 
Running student landscape probe...
[Train] Epoch: 33 | Teacher lr=0.0180 | Teacher Loss: 0.547 | Teacher Train Acc: 92.094 | Student lr=0.0180 | Student Train Acc: 85.072 | Time: 138.011 |
[Eval] Epoch: 33 | Teacher Test Loss: 0.857 | Teacher Test Acc: 75.130 | Student Test Loss: 1.128 | Student Test Acc: 68.800 | Teacher Test F1: 0.751 | Student Test F1: 0.688 | Teacher Top 5 Accuracy: 0.944 | Student Top 5 Accuracy: 0.912 | Time: 2.667 | 
Running student landscape probe...
[Train] Epoch: 34 | Teacher lr=0.0080 | Teacher Loss: 0.515 | Teacher Train Acc: 92.798 | Student lr=0.0080 | Student Train Acc: 86.206 | Time: 136.949 |
[Eval] Epoch: 34 | Teacher Test Loss: 0.855 | Teacher Test Acc: 75.150 | Student Test Loss: 1.114 | Student Test Acc: 69.420 | Teacher Test F1: 0.751 | Student Test F1: 0.694 | Teacher Top 5 Accuracy: 0.943 | Student Top 5 Accuracy: 0.914 | Time: 2.669 | 
Running student landscape probe...
[Train] Epoch: 35 | Teacher lr=0.0020 | Teacher Loss: 0.497 | Teacher Train Acc: 93.228 | Student lr=0.0020 | Student Train Acc: 86.856 | Time: 129.217 |
[Eval] Epoch: 35 | Teacher Test Loss: 0.853 | Teacher Test Acc: 75.160 | Student Test Loss: 1.100 | Student Test Acc: 69.850 | Teacher Test F1: 0.752 | Student Test F1: 0.698 | Teacher Top 5 Accuracy: 0.943 | Student Top 5 Accuracy: 0.917 | Time: 1.427 | 
Running student landscape probe...
ckpt location: ckpt/robust12h_stars/cosine_noshock_seed5_35ep.pt
