/home/jovyan/.mlspace/envs/egy_llm/lib/python3.11/site-packages/torchvision/datasets/cifar.py:83: VisibleDeprecationWarning: dtype(): align should be passed as Python or NumPy boolean but got `align=0`. Did you mean to pass a tuple to create a subarray type? (Deprecated NumPy 2.4)
  entry = pickle.load(f, encoding="latin1")
depth_list: [110, 20]
Dataset information: cifar100	 50000 images for training 	 10000 images for testing	
teacher depth: 110
student depth: 20
Total number of teacher parameters: 1,169,972
Total number of student parameters: 278,132
Snapshots will be saved to: snapshots/robust12h_stars/cosine_shock10_seed2_35ep
==== train and evaluate unequal restart ====
[Eval] Epoch: 0 | Teacher Test Loss: 11623.433 | Teacher Test Acc: 1.000 | Student Test Loss: 6.044 | Student Test Acc: 1.110 | Teacher Test F1: 0.000 | Student Test F1: 0.000 | Teacher Top 5 Accuracy: 0.049 | Student Top 5 Accuracy: 0.052 | Time: 2.489 | 
Running student landscape probe...
[Train] Epoch: 1 | Teacher lr=1.0000 | Teacher Loss: 4.035 | Teacher Train Acc: 11.000 | Student lr=1.0000 | Student Train Acc: 22.016 | Time: 137.356 |
[Eval] Epoch: 1 | Teacher Test Loss: 3.750 | Teacher Test Acc: 12.560 | Student Test Loss: 3.162 | Student Test Acc: 21.000 | Teacher Test F1: 0.097 | Student Test F1: 0.191 | Teacher Top 5 Accuracy: 0.386 | Student Top 5 Accuracy: 0.518 | Time: 2.510 | 
Running student landscape probe...
[Train] Epoch: 2 | Teacher lr=0.9980 | Teacher Loss: 3.303 | Teacher Train Acc: 24.302 | Student lr=0.9980 | Student Train Acc: 42.564 | Time: 137.893 |
[Eval] Epoch: 2 | Teacher Test Loss: 3.156 | Teacher Test Acc: 21.990 | Student Test Loss: 3.133 | Student Test Acc: 24.620 | Teacher Test F1: 0.201 | Student Test F1: 0.251 | Teacher Top 5 Accuracy: 0.532 | Student Top 5 Accuracy: 0.577 | Time: 2.528 | 
Running student landscape probe...
[Train] Epoch: 3 | Teacher lr=0.9920 | Teacher Loss: 2.700 | Teacher Train Acc: 35.900 | Student lr=0.9920 | Student Train Acc: 49.358 | Time: 137.528 |
[Eval] Epoch: 3 | Teacher Test Loss: 2.644 | Teacher Test Acc: 31.650 | Student Test Loss: 3.081 | Student Test Acc: 25.920 | Teacher Test F1: 0.301 | Student Test F1: 0.248 | Teacher Top 5 Accuracy: 0.642 | Student Top 5 Accuracy: 0.577 | Time: 2.421 | 
Running student landscape probe...
[Train] Epoch: 4 | Teacher lr=0.9820 | Teacher Loss: 2.469 | Teacher Train Acc: 41.440 | Student lr=0.9820 | Student Train Acc: 52.526 | Time: 137.652 |
[Eval] Epoch: 4 | Teacher Test Loss: 2.387 | Teacher Test Acc: 36.990 | Student Test Loss: 2.318 | Student Test Acc: 39.720 | Teacher Test F1: 0.352 | Student Test F1: 0.390 | Teacher Top 5 Accuracy: 0.713 | Student Top 5 Accuracy: 0.726 | Time: 2.422 | 
Running student landscape probe...
[Train] Epoch: 5 | Teacher lr=0.9681 | Teacher Loss: 2.210 | Teacher Train Acc: 47.514 | Student lr=0.9681 | Student Train Acc: 54.428 | Time: 139.776 |
[Eval] Epoch: 5 | Teacher Test Loss: 2.157 | Teacher Test Acc: 42.810 | Student Test Loss: 2.807 | Student Test Acc: 34.290 | Teacher Test F1: 0.418 | Student Test F1: 0.342 | Teacher Top 5 Accuracy: 0.761 | Student Top 5 Accuracy: 0.650 | Time: 2.437 | 
Running student landscape probe...
[Train] Epoch: 6 | Teacher lr=0.9505 | Teacher Loss: 2.070 | Teacher Train Acc: 50.882 | Student lr=0.9505 | Student Train Acc: 56.280 | Time: 138.924 |
[Eval] Epoch: 6 | Teacher Test Loss: 2.222 | Teacher Test Acc: 41.060 | Student Test Loss: 2.478 | Student Test Acc: 37.300 | Teacher Test F1: 0.400 | Student Test F1: 0.365 | Teacher Top 5 Accuracy: 0.740 | Student Top 5 Accuracy: 0.699 | Time: 2.328 | 
Running student landscape probe...
[Train] Epoch: 7 | Teacher lr=0.9292 | Teacher Loss: 2.333 | Teacher Train Acc: 46.370 | Student lr=0.9292 | Student Train Acc: 56.604 | Time: 137.438 |
[Eval] Epoch: 7 | Teacher Test Loss: 1.945 | Teacher Test Acc: 46.960 | Student Test Loss: 2.296 | Student Test Acc: 40.900 | Teacher Test F1: 0.456 | Student Test F1: 0.402 | Teacher Top 5 Accuracy: 0.790 | Student Top 5 Accuracy: 0.736 | Time: 2.465 | 
Running student landscape probe...
[Train] Epoch: 8 | Teacher lr=0.9045 | Teacher Loss: 1.887 | Teacher Train Acc: 55.264 | Student lr=0.9045 | Student Train Acc: 58.290 | Time: 139.665 |
[Eval] Epoch: 8 | Teacher Test Loss: 1.817 | Teacher Test Acc: 50.240 | Student Test Loss: 3.010 | Student Test Acc: 30.040 | Teacher Test F1: 0.494 | Student Test F1: 0.305 | Teacher Top 5 Accuracy: 0.812 | Student Top 5 Accuracy: 0.634 | Time: 2.455 | 
Running student landscape probe...
[Train] Epoch: 9 | Teacher lr=0.8765 | Teacher Loss: 1.820 | Teacher Train Acc: 57.352 | Student lr=0.8765 | Student Train Acc: 59.238 | Time: 138.414 |
[Eval] Epoch: 9 | Teacher Test Loss: 2.010 | Teacher Test Acc: 45.170 | Student Test Loss: 2.783 | Student Test Acc: 35.440 | Teacher Test F1: 0.448 | Student Test F1: 0.343 | Teacher Top 5 Accuracy: 0.785 | Student Top 5 Accuracy: 0.659 | Time: 2.509 | 
Running student landscape probe...
[Train] Epoch: 10 | Teacher lr=0.8455 | Teacher Loss: 1.769 | Teacher Train Acc: 58.470 | Student lr=0.8455 | Student Train Acc: 60.220 | Time: 137.521 |
[Eval] Epoch: 10 | Teacher Test Loss: 1.753 | Teacher Test Acc: 52.170 | Student Test Loss: 3.154 | Student Test Acc: 31.440 | Teacher Test F1: 0.511 | Student Test F1: 0.298 | Teacher Top 5 Accuracy: 0.817 | Student Top 5 Accuracy: 0.608 | Time: 2.465 | 
Running student landscape probe...
[Train] Epoch: 11 | Teacher lr=0.8117 | Teacher Loss: 1.715 | Teacher Train Acc: 59.884 | Student lr=0.8117 | Student Train Acc: 60.848 | Time: 139.278 |
[Eval] Epoch: 11 | Teacher Test Loss: 1.759 | Teacher Test Acc: 51.800 | Student Test Loss: 2.221 | Student Test Acc: 43.330 | Teacher Test F1: 0.507 | Student Test F1: 0.427 | Teacher Top 5 Accuracy: 0.825 | Student Top 5 Accuracy: 0.751 | Time: 2.475 | 
Running student landscape probe...
[Train] Epoch: 12 | Teacher lr=0.7754 | Teacher Loss: 1.663 | Teacher Train Acc: 61.610 | Student lr=0.7754 | Student Train Acc: 61.560 | Time: 137.963 |
[Eval] Epoch: 12 | Teacher Test Loss: 1.615 | Teacher Test Acc: 54.600 | Student Test Loss: 2.049 | Student Test Acc: 46.040 | Teacher Test F1: 0.543 | Student Test F1: 0.458 | Teacher Top 5 Accuracy: 0.847 | Student Top 5 Accuracy: 0.775 | Time: 2.499 | 
Running student landscape probe...
[Train] Epoch: 13 | Teacher lr=0.7369 | Teacher Loss: 1.618 | Teacher Train Acc: 62.706 | Student lr=0.7369 | Student Train Acc: 62.260 | Time: 139.801 |
[Eval] Epoch: 13 | Teacher Test Loss: 1.613 | Teacher Test Acc: 55.800 | Student Test Loss: 1.786 | Student Test Acc: 51.380 | Teacher Test F1: 0.553 | Student Test F1: 0.506 | Teacher Top 5 Accuracy: 0.843 | Student Top 5 Accuracy: 0.818 | Time: 2.490 | 
Running student landscape probe...
[Train] Epoch: 14 | Teacher lr=0.6965 | Teacher Loss: 1.574 | Teacher Train Acc: 63.794 | Student lr=0.6965 | Student Train Acc: 63.164 | Time: 136.531 |
[Eval] Epoch: 14 | Teacher Test Loss: 1.631 | Teacher Test Acc: 54.140 | Student Test Loss: 1.980 | Student Test Acc: 47.420 | Teacher Test F1: 0.548 | Student Test F1: 0.471 | Teacher Top 5 Accuracy: 0.848 | Student Top 5 Accuracy: 0.791 | Time: 2.562 | 
Running student landscape probe...
[Train] Epoch: 15 | Teacher lr=0.6545 | Teacher Loss: 1.534 | Teacher Train Acc: 64.874 | Student lr=0.6545 | Student Train Acc: 63.600 | Time: 136.890 |
[Eval] Epoch: 15 | Teacher Test Loss: 1.650 | Teacher Test Acc: 53.990 | Student Test Loss: 1.885 | Student Test Acc: 49.300 | Teacher Test F1: 0.542 | Student Test F1: 0.490 | Teacher Top 5 Accuracy: 0.842 | Student Top 5 Accuracy: 0.801 | Time: 2.385 | 
Running student landscape probe...
[Train] Epoch: 16 | Teacher lr=0.6113 | Teacher Loss: 1.494 | Teacher Train Acc: 66.044 | Student lr=0.6113 | Student Train Acc: 64.472 | Time: 139.453 |
[Eval] Epoch: 16 | Teacher Test Loss: 1.495 | Teacher Test Acc: 57.680 | Student Test Loss: 2.004 | Student Test Acc: 47.360 | Teacher Test F1: 0.575 | Student Test F1: 0.479 | Teacher Top 5 Accuracy: 0.860 | Student Top 5 Accuracy: 0.782 | Time: 2.452 | 
Running student landscape probe...
[Train] Epoch: 17 | Teacher lr=0.5671 | Teacher Loss: 1.446 | Teacher Train Acc: 67.130 | Student lr=0.5671 | Student Train Acc: 65.292 | Time: 138.262 |
[Eval] Epoch: 17 | Teacher Test Loss: 1.459 | Teacher Test Acc: 58.440 | Student Test Loss: 2.089 | Student Test Acc: 46.380 | Teacher Test F1: 0.587 | Student Test F1: 0.463 | Teacher Top 5 Accuracy: 0.868 | Student Top 5 Accuracy: 0.766 | Time: 2.634 | 
Running student landscape probe...
[Train] Epoch: 18 | Teacher lr=0.5224 | Teacher Loss: 1.394 | Teacher Train Acc: 68.636 | Student lr=0.5224 | Student Train Acc: 66.438 | Time: 138.227 |
[Eval] Epoch: 18 | Teacher Test Loss: 1.418 | Teacher Test Acc: 60.000 | Student Test Loss: 1.965 | Student Test Acc: 48.450 | Teacher Test F1: 0.596 | Student Test F1: 0.486 | Teacher Top 5 Accuracy: 0.875 | Student Top 5 Accuracy: 0.786 | Time: 2.613 | 
Running student landscape probe...
[Train] Epoch: 19 | Teacher lr=0.4776 | Teacher Loss: 1.351 | Teacher Train Acc: 69.532 | Student lr=0.4776 | Student Train Acc: 66.980 | Time: 135.084 |
[Eval] Epoch: 19 | Teacher Test Loss: 1.397 | Teacher Test Acc: 60.050 | Student Test Loss: 1.783 | Student Test Acc: 51.780 | Teacher Test F1: 0.596 | Student Test F1: 0.518 | Teacher Top 5 Accuracy: 0.879 | Student Top 5 Accuracy: 0.811 | Time: 2.536 | 
Running student landscape probe...
[shock] epoch=20 forcing student_lr=1.000000 (window=20..21)
[Train] Epoch: 20 | Teacher lr=0.4329 | Teacher Loss: 1.583 | Teacher Train Acc: 70.772 | Student lr=1.0000 | Student Train Acc: 47.292 | Time: 138.510 |
[Eval] Epoch: 20 | Teacher Test Loss: 1.225 | Teacher Test Acc: 64.980 | Student Test Loss: 4.690 | Student Test Acc: 17.810 | Teacher Test F1: 0.649 | Student Test F1: 0.189 | Teacher Top 5 Accuracy: 0.898 | Student Top 5 Accuracy: 0.445 | Time: 2.467 | 
Running student landscape probe...
[shock] epoch=21 forcing student_lr=1.000000 (window=20..21)
[Train] Epoch: 21 | Teacher lr=0.3887 | Teacher Loss: 1.346 | Teacher Train Acc: 72.972 | Student lr=1.0000 | Student Train Acc: 59.348 | Time: 136.180 |
[Eval] Epoch: 21 | Teacher Test Loss: 1.245 | Teacher Test Acc: 64.630 | Student Test Loss: 6.828 | Student Test Acc: 10.380 | Teacher Test F1: 0.644 | Student Test F1: 0.095 | Teacher Top 5 Accuracy: 0.899 | Student Top 5 Accuracy: 0.297 | Time: 2.574 | 
Running student landscape probe...
[Train] Epoch: 22 | Teacher lr=0.3455 | Teacher Loss: 1.293 | Teacher Train Acc: 73.990 | Student lr=0.8887 | Student Train Acc: 61.190 | Time: 139.182 |
[Eval] Epoch: 22 | Teacher Test Loss: 1.171 | Teacher Test Acc: 66.130 | Student Test Loss: 3.286 | Student Test Acc: 29.800 | Teacher Test F1: 0.659 | Student Test F1: 0.300 | Teacher Top 5 Accuracy: 0.907 | Student Top 5 Accuracy: 0.590 | Time: 2.717 | 
Running student landscape probe...
[Train] Epoch: 23 | Teacher lr=0.3035 | Teacher Loss: 1.234 | Teacher Train Acc: 75.310 | Student lr=0.7807 | Student Train Acc: 62.510 | Time: 138.002 |
[Eval] Epoch: 23 | Teacher Test Loss: 1.161 | Teacher Test Acc: 67.130 | Student Test Loss: 2.227 | Student Test Acc: 43.440 | Teacher Test F1: 0.668 | Student Test F1: 0.429 | Teacher Top 5 Accuracy: 0.907 | Student Top 5 Accuracy: 0.742 | Time: 2.381 | 
Running student landscape probe...
[Train] Epoch: 24 | Teacher lr=0.2631 | Teacher Loss: 1.173 | Teacher Train Acc: 77.104 | Student lr=0.6767 | Student Train Acc: 63.680 | Time: 139.257 |
[Eval] Epoch: 24 | Teacher Test Loss: 1.095 | Teacher Test Acc: 68.740 | Student Test Loss: 1.765 | Student Test Acc: 51.670 | Teacher Test F1: 0.685 | Student Test F1: 0.515 | Teacher Top 5 Accuracy: 0.913 | Student Top 5 Accuracy: 0.826 | Time: 2.544 | 
Running student landscape probe...
[Train] Epoch: 25 | Teacher lr=0.2246 | Teacher Loss: 1.112 | Teacher Train Acc: 78.660 | Student lr=0.5776 | Student Train Acc: 65.254 | Time: 138.678 |
[Eval] Epoch: 25 | Teacher Test Loss: 1.083 | Teacher Test Acc: 68.820 | Student Test Loss: 1.959 | Student Test Acc: 48.650 | Teacher Test F1: 0.688 | Student Test F1: 0.487 | Teacher Top 5 Accuracy: 0.917 | Student Top 5 Accuracy: 0.791 | Time: 2.593 | 
Running student landscape probe...
[Train] Epoch: 26 | Teacher lr=0.1883 | Teacher Loss: 1.054 | Teacher Train Acc: 80.456 | Student lr=0.4843 | Student Train Acc: 66.716 | Time: 139.472 |
[Eval] Epoch: 26 | Teacher Test Loss: 1.045 | Teacher Test Acc: 70.270 | Student Test Loss: 1.748 | Student Test Acc: 52.250 | Teacher Test F1: 0.704 | Student Test F1: 0.525 | Teacher Top 5 Accuracy: 0.923 | Student Top 5 Accuracy: 0.828 | Time: 2.509 | 
Running student landscape probe...
[Train] Epoch: 27 | Teacher lr=0.1545 | Teacher Loss: 0.990 | Teacher Train Acc: 81.938 | Student lr=0.3974 | Student Train Acc: 68.622 | Time: 138.634 |
[Eval] Epoch: 27 | Teacher Test Loss: 1.027 | Teacher Test Acc: 69.950 | Student Test Loss: 1.543 | Student Test Acc: 57.150 | Teacher Test F1: 0.699 | Student Test F1: 0.576 | Teacher Top 5 Accuracy: 0.925 | Student Top 5 Accuracy: 0.854 | Time: 2.367 | 
Running student landscape probe...
[Train] Epoch: 28 | Teacher lr=0.1235 | Teacher Loss: 0.923 | Teacher Train Acc: 83.772 | Student lr=0.3176 | Student Train Acc: 70.210 | Time: 138.481 |
[Eval] Epoch: 28 | Teacher Test Loss: 0.993 | Teacher Test Acc: 71.350 | Student Test Loss: 1.496 | Student Test Acc: 58.000 | Teacher Test F1: 0.713 | Student Test F1: 0.580 | Teacher Top 5 Accuracy: 0.928 | Student Top 5 Accuracy: 0.865 | Time: 2.579 | 
Running student landscape probe...
[Train] Epoch: 29 | Teacher lr=0.0955 | Teacher Loss: 0.848 | Teacher Train Acc: 85.688 | Student lr=0.2456 | Student Train Acc: 72.360 | Time: 139.795 |
[Eval] Epoch: 29 | Teacher Test Loss: 0.932 | Teacher Test Acc: 72.900 | Student Test Loss: 1.512 | Student Test Acc: 58.720 | Teacher Test F1: 0.728 | Student Test F1: 0.591 | Teacher Top 5 Accuracy: 0.934 | Student Top 5 Accuracy: 0.859 | Time: 2.492 | 
Running student landscape probe...
[Train] Epoch: 30 | Teacher lr=0.0708 | Teacher Loss: 0.781 | Teacher Train Acc: 87.404 | Student lr=0.1821 | Student Train Acc: 74.348 | Time: 137.752 |
[Eval] Epoch: 30 | Teacher Test Loss: 0.924 | Teacher Test Acc: 73.360 | Student Test Loss: 1.494 | Student Test Acc: 59.300 | Teacher Test F1: 0.732 | Student Test F1: 0.595 | Teacher Top 5 Accuracy: 0.934 | Student Top 5 Accuracy: 0.864 | Time: 2.469 | 
Running student landscape probe...
[Train] Epoch: 31 | Teacher lr=0.0495 | Teacher Loss: 0.716 | Teacher Train Acc: 89.102 | Student lr=0.1274 | Student Train Acc: 76.616 | Time: 138.365 |
[Eval] Epoch: 31 | Teacher Test Loss: 0.904 | Teacher Test Acc: 73.720 | Student Test Loss: 1.354 | Student Test Acc: 62.540 | Teacher Test F1: 0.737 | Student Test F1: 0.629 | Teacher Top 5 Accuracy: 0.936 | Student Top 5 Accuracy: 0.882 | Time: 2.436 | 
Running student landscape probe...
[Train] Epoch: 32 | Teacher lr=0.0319 | Teacher Loss: 0.650 | Teacher Train Acc: 90.598 | Student lr=0.0820 | Student Train Acc: 78.852 | Time: 139.090 |
[Eval] Epoch: 32 | Teacher Test Loss: 0.876 | Teacher Test Acc: 74.660 | Student Test Loss: 1.221 | Student Test Acc: 65.240 | Teacher Test F1: 0.746 | Student Test F1: 0.654 | Teacher Top 5 Accuracy: 0.940 | Student Top 5 Accuracy: 0.899 | Time: 2.493 | 
Running student landscape probe...
[Train] Epoch: 33 | Teacher lr=0.0180 | Teacher Loss: 0.593 | Teacher Train Acc: 91.470 | Student lr=0.0464 | Student Train Acc: 81.246 | Time: 138.572 |
[Eval] Epoch: 33 | Teacher Test Loss: 0.878 | Teacher Test Acc: 74.560 | Student Test Loss: 1.148 | Student Test Acc: 67.540 | Teacher Test F1: 0.745 | Student Test F1: 0.674 | Teacher Top 5 Accuracy: 0.941 | Student Top 5 Accuracy: 0.914 | Time: 2.526 | 
Running student landscape probe...
[Train] Epoch: 34 | Teacher lr=0.0080 | Teacher Loss: 0.543 | Teacher Train Acc: 92.558 | Student lr=0.0207 | Student Train Acc: 83.358 | Time: 137.981 |
[Eval] Epoch: 34 | Teacher Test Loss: 0.871 | Teacher Test Acc: 74.790 | Student Test Loss: 1.104 | Student Test Acc: 69.370 | Teacher Test F1: 0.748 | Student Test F1: 0.694 | Teacher Top 5 Accuracy: 0.942 | Student Top 5 Accuracy: 0.918 | Time: 2.297 | 
Running student landscape probe...
[Train] Epoch: 35 | Teacher lr=0.0020 | Teacher Loss: 0.520 | Teacher Train Acc: 92.728 | Student lr=0.0052 | Student Train Acc: 84.730 | Time: 135.281 |
[Eval] Epoch: 35 | Teacher Test Loss: 0.869 | Teacher Test Acc: 74.810 | Student Test Loss: 1.079 | Student Test Acc: 69.780 | Teacher Test F1: 0.748 | Student Test F1: 0.697 | Teacher Top 5 Accuracy: 0.942 | Student Top 5 Accuracy: 0.922 | Time: 2.283 | 
Running student landscape probe...
ckpt location: ckpt/robust12h_stars/cosine_shock10_seed2_35ep.pt
