/home/jovyan/.mlspace/envs/egy_llm/lib/python3.11/site-packages/torchvision/datasets/cifar.py:83: VisibleDeprecationWarning: dtype(): align should be passed as Python or NumPy boolean but got `align=0`. Did you mean to pass a tuple to create a subarray type? (Deprecated NumPy 2.4)
  entry = pickle.load(f, encoding="latin1")
depth_list: [110, 20]
Dataset information: cifar100	 50000 images for training 	 10000 images for testing	
teacher depth: 110
student depth: 20
Total number of teacher parameters: 1,169,972
Total number of student parameters: 278,132
Snapshots will be saved to: snapshots/robust12h_stars/cosine_shock05_seed2_35ep
==== train and evaluate unequal restart ====
[Eval] Epoch: 0 | Teacher Test Loss: 11623.433 | Teacher Test Acc: 1.000 | Student Test Loss: 6.044 | Student Test Acc: 1.110 | Teacher Test F1: 0.000 | Student Test F1: 0.000 | Teacher Top 5 Accuracy: 0.049 | Student Top 5 Accuracy: 0.052 | Time: 2.450 | 
Running student landscape probe...
[Train] Epoch: 1 | Teacher lr=1.0000 | Teacher Loss: 4.026 | Teacher Train Acc: 11.062 | Student lr=1.0000 | Student Train Acc: 22.470 | Time: 135.785 |
[Eval] Epoch: 1 | Teacher Test Loss: 3.639 | Teacher Test Acc: 13.540 | Student Test Loss: 3.653 | Student Test Acc: 18.360 | Teacher Test F1: 0.108 | Student Test F1: 0.173 | Teacher Top 5 Accuracy: 0.406 | Student Top 5 Accuracy: 0.451 | Time: 2.600 | 
Running student landscape probe...
[Train] Epoch: 2 | Teacher lr=0.9980 | Teacher Loss: 3.167 | Teacher Train Acc: 26.828 | Student lr=0.9980 | Student Train Acc: 43.066 | Time: 137.893 |
[Eval] Epoch: 2 | Teacher Test Loss: 2.843 | Teacher Test Acc: 27.470 | Student Test Loss: 2.775 | Student Test Acc: 31.060 | Teacher Test F1: 0.255 | Student Test F1: 0.293 | Teacher Top 5 Accuracy: 0.594 | Student Top 5 Accuracy: 0.627 | Time: 2.621 | 
Running student landscape probe...
[Train] Epoch: 3 | Teacher lr=0.9920 | Teacher Loss: 2.668 | Teacher Train Acc: 36.564 | Student lr=0.9920 | Student Train Acc: 49.496 | Time: 136.003 |
[Eval] Epoch: 3 | Teacher Test Loss: 2.547 | Teacher Test Acc: 33.780 | Student Test Loss: 2.598 | Student Test Acc: 34.690 | Teacher Test F1: 0.329 | Student Test F1: 0.339 | Teacher Top 5 Accuracy: 0.677 | Student Top 5 Accuracy: 0.701 | Time: 2.593 | 
Running student landscape probe...
[Train] Epoch: 4 | Teacher lr=0.9820 | Teacher Loss: 2.371 | Teacher Train Acc: 43.454 | Student lr=0.9820 | Student Train Acc: 52.610 | Time: 138.081 |
[Eval] Epoch: 4 | Teacher Test Loss: 2.181 | Teacher Test Acc: 41.160 | Student Test Loss: 2.335 | Student Test Acc: 38.580 | Teacher Test F1: 0.393 | Student Test F1: 0.381 | Teacher Top 5 Accuracy: 0.744 | Student Top 5 Accuracy: 0.720 | Time: 2.395 | 
Running student landscape probe...
[Train] Epoch: 5 | Teacher lr=0.9681 | Teacher Loss: 2.178 | Teacher Train Acc: 47.954 | Student lr=0.9681 | Student Train Acc: 54.660 | Time: 136.035 |
[Eval] Epoch: 5 | Teacher Test Loss: 2.092 | Teacher Test Acc: 43.450 | Student Test Loss: 2.606 | Student Test Acc: 36.340 | Teacher Test F1: 0.427 | Student Test F1: 0.353 | Teacher Top 5 Accuracy: 0.770 | Student Top 5 Accuracy: 0.671 | Time: 2.436 | 
Running student landscape probe...
[Train] Epoch: 6 | Teacher lr=0.9505 | Teacher Loss: 2.055 | Teacher Train Acc: 51.068 | Student lr=0.9505 | Student Train Acc: 56.172 | Time: 137.519 |
[Eval] Epoch: 6 | Teacher Test Loss: 2.220 | Teacher Test Acc: 42.080 | Student Test Loss: 2.199 | Student Test Acc: 40.250 | Teacher Test F1: 0.412 | Student Test F1: 0.398 | Teacher Top 5 Accuracy: 0.746 | Student Top 5 Accuracy: 0.750 | Time: 2.378 | 
Running student landscape probe...
[Train] Epoch: 7 | Teacher lr=0.9292 | Teacher Loss: 1.947 | Teacher Train Acc: 53.948 | Student lr=0.9292 | Student Train Acc: 57.532 | Time: 138.670 |
[Eval] Epoch: 7 | Teacher Test Loss: 2.122 | Teacher Test Acc: 43.300 | Student Test Loss: 2.216 | Student Test Acc: 42.170 | Teacher Test F1: 0.423 | Student Test F1: 0.414 | Teacher Top 5 Accuracy: 0.763 | Student Top 5 Accuracy: 0.746 | Time: 2.445 | 
Running student landscape probe...
[Train] Epoch: 8 | Teacher lr=0.9045 | Teacher Loss: 1.876 | Teacher Train Acc: 55.872 | Student lr=0.9045 | Student Train Acc: 58.580 | Time: 139.066 |
[Eval] Epoch: 8 | Teacher Test Loss: 1.808 | Teacher Test Acc: 50.470 | Student Test Loss: 2.269 | Student Test Acc: 42.210 | Teacher Test F1: 0.491 | Student Test F1: 0.413 | Teacher Top 5 Accuracy: 0.811 | Student Top 5 Accuracy: 0.738 | Time: 2.492 | 
Running student landscape probe...
[Train] Epoch: 9 | Teacher lr=0.8765 | Teacher Loss: 1.798 | Teacher Train Acc: 58.030 | Student lr=0.8765 | Student Train Acc: 59.404 | Time: 138.279 |
[Eval] Epoch: 9 | Teacher Test Loss: 1.892 | Teacher Test Acc: 47.610 | Student Test Loss: 2.367 | Student Test Acc: 39.410 | Teacher Test F1: 0.474 | Student Test F1: 0.393 | Teacher Top 5 Accuracy: 0.803 | Student Top 5 Accuracy: 0.734 | Time: 2.518 | 
Running student landscape probe...
[Train] Epoch: 10 | Teacher lr=0.8455 | Teacher Loss: 1.751 | Teacher Train Acc: 58.962 | Student lr=0.8455 | Student Train Acc: 60.310 | Time: 137.903 |
[Eval] Epoch: 10 | Teacher Test Loss: 1.721 | Teacher Test Acc: 52.200 | Student Test Loss: 1.919 | Student Test Acc: 47.890 | Teacher Test F1: 0.518 | Student Test F1: 0.475 | Teacher Top 5 Accuracy: 0.826 | Student Top 5 Accuracy: 0.795 | Time: 2.506 | 
Running student landscape probe...
[Train] Epoch: 11 | Teacher lr=0.8117 | Teacher Loss: 1.700 | Teacher Train Acc: 60.396 | Student lr=0.8117 | Student Train Acc: 61.118 | Time: 138.544 |
[Eval] Epoch: 11 | Teacher Test Loss: 1.726 | Teacher Test Acc: 51.660 | Student Test Loss: 2.159 | Student Test Acc: 43.380 | Teacher Test F1: 0.508 | Student Test F1: 0.425 | Teacher Top 5 Accuracy: 0.835 | Student Top 5 Accuracy: 0.751 | Time: 2.522 | 
Running student landscape probe...
[Train] Epoch: 12 | Teacher lr=0.7754 | Teacher Loss: 1.648 | Teacher Train Acc: 61.836 | Student lr=0.7754 | Student Train Acc: 61.422 | Time: 137.737 |
[Eval] Epoch: 12 | Teacher Test Loss: 1.610 | Teacher Test Acc: 55.690 | Student Test Loss: 1.949 | Student Test Acc: 46.980 | Teacher Test F1: 0.556 | Student Test F1: 0.470 | Teacher Top 5 Accuracy: 0.844 | Student Top 5 Accuracy: 0.790 | Time: 2.482 | 
Running student landscape probe...
[Train] Epoch: 13 | Teacher lr=0.7369 | Teacher Loss: 1.608 | Teacher Train Acc: 62.862 | Student lr=0.7369 | Student Train Acc: 62.122 | Time: 138.347 |
[Eval] Epoch: 13 | Teacher Test Loss: 1.522 | Teacher Test Acc: 56.560 | Student Test Loss: 2.150 | Student Test Acc: 44.480 | Teacher Test F1: 0.560 | Student Test F1: 0.456 | Teacher Top 5 Accuracy: 0.860 | Student Top 5 Accuracy: 0.762 | Time: 2.366 | 
Running student landscape probe...
[Train] Epoch: 14 | Teacher lr=0.6965 | Teacher Loss: 1.567 | Teacher Train Acc: 63.936 | Student lr=0.6965 | Student Train Acc: 62.996 | Time: 139.484 |
[Eval] Epoch: 14 | Teacher Test Loss: 1.557 | Teacher Test Acc: 56.210 | Student Test Loss: 1.991 | Student Test Acc: 46.950 | Teacher Test F1: 0.565 | Student Test F1: 0.464 | Teacher Top 5 Accuracy: 0.855 | Student Top 5 Accuracy: 0.787 | Time: 2.403 | 
Running student landscape probe...
[Train] Epoch: 15 | Teacher lr=0.6545 | Teacher Loss: 1.528 | Teacher Train Acc: 65.068 | Student lr=0.6545 | Student Train Acc: 63.968 | Time: 138.466 |
[Eval] Epoch: 15 | Teacher Test Loss: 1.584 | Teacher Test Acc: 56.000 | Student Test Loss: 2.040 | Student Test Acc: 47.080 | Teacher Test F1: 0.563 | Student Test F1: 0.466 | Teacher Top 5 Accuracy: 0.857 | Student Top 5 Accuracy: 0.777 | Time: 2.564 | 
Running student landscape probe...
[Train] Epoch: 16 | Teacher lr=0.6113 | Teacher Loss: 1.479 | Teacher Train Acc: 66.540 | Student lr=0.6113 | Student Train Acc: 64.654 | Time: 138.740 |
[Eval] Epoch: 16 | Teacher Test Loss: 1.591 | Teacher Test Acc: 55.510 | Student Test Loss: 2.179 | Student Test Acc: 43.410 | Teacher Test F1: 0.550 | Student Test F1: 0.430 | Teacher Top 5 Accuracy: 0.847 | Student Top 5 Accuracy: 0.755 | Time: 2.552 | 
Running student landscape probe...
[Train] Epoch: 17 | Teacher lr=0.5671 | Teacher Loss: 1.440 | Teacher Train Acc: 67.452 | Student lr=0.5671 | Student Train Acc: 65.410 | Time: 138.277 |
[Eval] Epoch: 17 | Teacher Test Loss: 1.472 | Teacher Test Acc: 57.660 | Student Test Loss: 1.995 | Student Test Acc: 47.720 | Teacher Test F1: 0.579 | Student Test F1: 0.476 | Teacher Top 5 Accuracy: 0.868 | Student Top 5 Accuracy: 0.782 | Time: 2.268 | 
Running student landscape probe...
[Train] Epoch: 18 | Teacher lr=0.5224 | Teacher Loss: 1.388 | Teacher Train Acc: 68.866 | Student lr=0.5224 | Student Train Acc: 66.074 | Time: 133.901 |
[Eval] Epoch: 18 | Teacher Test Loss: 1.455 | Teacher Test Acc: 59.640 | Student Test Loss: 2.081 | Student Test Acc: 45.940 | Teacher Test F1: 0.596 | Student Test F1: 0.458 | Teacher Top 5 Accuracy: 0.873 | Student Top 5 Accuracy: 0.765 | Time: 2.438 | 
Running student landscape probe...
[Train] Epoch: 19 | Teacher lr=0.4776 | Teacher Loss: 1.346 | Teacher Train Acc: 69.952 | Student lr=0.4776 | Student Train Acc: 66.930 | Time: 139.211 |
[Eval] Epoch: 19 | Teacher Test Loss: 1.420 | Teacher Test Acc: 59.640 | Student Test Loss: 2.006 | Student Test Acc: 47.550 | Teacher Test F1: 0.595 | Student Test F1: 0.468 | Teacher Top 5 Accuracy: 0.869 | Student Top 5 Accuracy: 0.777 | Time: 2.512 | 
Running student landscape probe...
[shock] epoch=20 forcing student_lr=0.500000 (window=20..21)
[Train] Epoch: 20 | Teacher lr=0.4329 | Teacher Loss: 1.313 | Teacher Train Acc: 71.236 | Student lr=0.5000 | Student Train Acc: 66.800 | Time: 137.287 |
[Eval] Epoch: 20 | Teacher Test Loss: 1.362 | Teacher Test Acc: 61.670 | Student Test Loss: 1.918 | Student Test Acc: 48.390 | Teacher Test F1: 0.621 | Student Test F1: 0.489 | Teacher Top 5 Accuracy: 0.880 | Student Top 5 Accuracy: 0.792 | Time: 2.535 | 
Running student landscape probe...
[shock] epoch=21 forcing student_lr=0.500000 (window=20..21)
[Train] Epoch: 21 | Teacher lr=0.3887 | Teacher Loss: 1.264 | Teacher Train Acc: 72.824 | Student lr=0.5000 | Student Train Acc: 67.172 | Time: 137.580 |
[Eval] Epoch: 21 | Teacher Test Loss: 1.296 | Teacher Test Acc: 62.910 | Student Test Loss: 2.219 | Student Test Acc: 43.180 | Teacher Test F1: 0.626 | Student Test F1: 0.438 | Teacher Top 5 Accuracy: 0.891 | Student Top 5 Accuracy: 0.745 | Time: 2.346 | 
Running student landscape probe...
[Train] Epoch: 22 | Teacher lr=0.3455 | Teacher Loss: 1.210 | Teacher Train Acc: 74.210 | Student lr=0.4444 | Student Train Acc: 68.240 | Time: 139.009 |
[Eval] Epoch: 22 | Teacher Test Loss: 1.196 | Teacher Test Acc: 65.400 | Student Test Loss: 1.546 | Student Test Acc: 57.180 | Teacher Test F1: 0.653 | Student Test F1: 0.570 | Teacher Top 5 Accuracy: 0.902 | Student Top 5 Accuracy: 0.855 | Time: 2.535 | 
Running student landscape probe...
[Train] Epoch: 23 | Teacher lr=0.3035 | Teacher Loss: 1.150 | Teacher Train Acc: 75.612 | Student lr=0.3903 | Student Train Acc: 69.306 | Time: 139.229 |
[Eval] Epoch: 23 | Teacher Test Loss: 1.186 | Teacher Test Acc: 65.880 | Student Test Loss: 1.529 | Student Test Acc: 57.310 | Teacher Test F1: 0.657 | Student Test F1: 0.570 | Teacher Top 5 Accuracy: 0.906 | Student Top 5 Accuracy: 0.855 | Time: 2.470 | 
Running student landscape probe...
[Train] Epoch: 24 | Teacher lr=0.2631 | Teacher Loss: 1.090 | Teacher Train Acc: 77.388 | Student lr=0.3384 | Student Train Acc: 70.578 | Time: 136.730 |
[Eval] Epoch: 24 | Teacher Test Loss: 1.125 | Teacher Test Acc: 67.660 | Student Test Loss: 1.468 | Student Test Acc: 58.210 | Teacher Test F1: 0.674 | Student Test F1: 0.579 | Teacher Top 5 Accuracy: 0.912 | Student Top 5 Accuracy: 0.868 | Time: 2.557 | 
Running student landscape probe...
[Train] Epoch: 25 | Teacher lr=0.2246 | Teacher Loss: 1.040 | Teacher Train Acc: 78.850 | Student lr=0.2888 | Student Train Acc: 71.674 | Time: 137.588 |
[Eval] Epoch: 25 | Teacher Test Loss: 1.097 | Teacher Test Acc: 68.400 | Student Test Loss: 1.474 | Student Test Acc: 57.750 | Teacher Test F1: 0.684 | Student Test F1: 0.579 | Teacher Top 5 Accuracy: 0.913 | Student Top 5 Accuracy: 0.867 | Time: 2.554 | 
Running student landscape probe...
[Train] Epoch: 26 | Teacher lr=0.1883 | Teacher Loss: 0.975 | Teacher Train Acc: 80.630 | Student lr=0.2421 | Student Train Acc: 73.038 | Time: 137.843 |
[Eval] Epoch: 26 | Teacher Test Loss: 1.037 | Teacher Test Acc: 69.610 | Student Test Loss: 1.501 | Student Test Acc: 59.280 | Teacher Test F1: 0.698 | Student Test F1: 0.597 | Teacher Top 5 Accuracy: 0.925 | Student Top 5 Accuracy: 0.868 | Time: 2.445 | 
Running student landscape probe...
[Train] Epoch: 27 | Teacher lr=0.1545 | Teacher Loss: 0.912 | Teacher Train Acc: 82.460 | Student lr=0.1987 | Student Train Acc: 74.614 | Time: 137.766 |
[Eval] Epoch: 27 | Teacher Test Loss: 1.001 | Teacher Test Acc: 70.610 | Student Test Loss: 1.372 | Student Test Acc: 61.810 | Teacher Test F1: 0.706 | Student Test F1: 0.618 | Teacher Top 5 Accuracy: 0.930 | Student Top 5 Accuracy: 0.879 | Time: 2.526 | 
Running student landscape probe...
[Train] Epoch: 28 | Teacher lr=0.1235 | Teacher Loss: 0.846 | Teacher Train Acc: 84.174 | Student lr=0.1588 | Student Train Acc: 75.898 | Time: 138.438 |
[Eval] Epoch: 28 | Teacher Test Loss: 0.987 | Teacher Test Acc: 71.410 | Student Test Loss: 1.340 | Student Test Acc: 62.830 | Teacher Test F1: 0.714 | Student Test F1: 0.626 | Teacher Top 5 Accuracy: 0.929 | Student Top 5 Accuracy: 0.883 | Time: 2.549 | 
Running student landscape probe...
[Train] Epoch: 29 | Teacher lr=0.0955 | Teacher Loss: 0.778 | Teacher Train Acc: 86.322 | Student lr=0.1228 | Student Train Acc: 77.576 | Time: 138.960 |
[Eval] Epoch: 29 | Teacher Test Loss: 0.919 | Teacher Test Acc: 72.910 | Student Test Loss: 1.358 | Student Test Acc: 62.380 | Teacher Test F1: 0.728 | Student Test F1: 0.625 | Teacher Top 5 Accuracy: 0.937 | Student Top 5 Accuracy: 0.885 | Time: 2.455 | 
Running student landscape probe...
[Train] Epoch: 30 | Teacher lr=0.0708 | Teacher Loss: 0.713 | Teacher Train Acc: 88.150 | Student lr=0.0910 | Student Train Acc: 79.342 | Time: 136.189 |
[Eval] Epoch: 30 | Teacher Test Loss: 0.909 | Teacher Test Acc: 73.490 | Student Test Loss: 1.241 | Student Test Acc: 64.990 | Teacher Test F1: 0.735 | Student Test F1: 0.649 | Teacher Top 5 Accuracy: 0.936 | Student Top 5 Accuracy: 0.897 | Time: 2.532 | 
Running student landscape probe...
[Train] Epoch: 31 | Teacher lr=0.0495 | Teacher Loss: 0.649 | Teacher Train Acc: 89.526 | Student lr=0.0637 | Student Train Acc: 81.408 | Time: 139.280 |
[Eval] Epoch: 31 | Teacher Test Loss: 0.901 | Teacher Test Acc: 73.950 | Student Test Loss: 1.179 | Student Test Acc: 66.820 | Teacher Test F1: 0.740 | Student Test F1: 0.669 | Teacher Top 5 Accuracy: 0.937 | Student Top 5 Accuracy: 0.907 | Time: 2.564 | 
Running student landscape probe...
[Train] Epoch: 32 | Teacher lr=0.0319 | Teacher Loss: 0.590 | Teacher Train Acc: 91.078 | Student lr=0.0410 | Student Train Acc: 83.322 | Time: 136.901 |
[Eval] Epoch: 32 | Teacher Test Loss: 0.872 | Teacher Test Acc: 74.750 | Student Test Loss: 1.144 | Student Test Acc: 67.780 | Teacher Test F1: 0.748 | Student Test F1: 0.678 | Teacher Top 5 Accuracy: 0.942 | Student Top 5 Accuracy: 0.912 | Time: 2.530 | 
Running student landscape probe...
[Train] Epoch: 33 | Teacher lr=0.0180 | Teacher Loss: 0.539 | Teacher Train Acc: 92.286 | Student lr=0.0232 | Student Train Acc: 84.982 | Time: 138.877 |
[Eval] Epoch: 33 | Teacher Test Loss: 0.869 | Teacher Test Acc: 74.840 | Student Test Loss: 1.117 | Student Test Acc: 68.660 | Teacher Test F1: 0.749 | Student Test F1: 0.688 | Teacher Top 5 Accuracy: 0.942 | Student Top 5 Accuracy: 0.915 | Time: 2.445 | 
Running student landscape probe...
[Train] Epoch: 34 | Teacher lr=0.0080 | Teacher Loss: 0.503 | Teacher Train Acc: 92.940 | Student lr=0.0103 | Student Train Acc: 86.456 | Time: 137.305 |
[Eval] Epoch: 34 | Teacher Test Loss: 0.867 | Teacher Test Acc: 74.990 | Student Test Loss: 1.087 | Student Test Acc: 69.480 | Teacher Test F1: 0.750 | Student Test F1: 0.695 | Teacher Top 5 Accuracy: 0.942 | Student Top 5 Accuracy: 0.920 | Time: 2.636 | 
Running student landscape probe...
[Train] Epoch: 35 | Teacher lr=0.0020 | Teacher Loss: 0.483 | Teacher Train Acc: 93.426 | Student lr=0.0026 | Student Train Acc: 87.228 | Time: 136.498 |
[Eval] Epoch: 35 | Teacher Test Loss: 0.863 | Teacher Test Acc: 75.150 | Student Test Loss: 1.074 | Student Test Acc: 69.930 | Teacher Test F1: 0.752 | Student Test F1: 0.699 | Teacher Top 5 Accuracy: 0.942 | Student Top 5 Accuracy: 0.921 | Time: 1.024 | 
Running student landscape probe...
ckpt location: ckpt/robust12h_stars/cosine_shock05_seed2_35ep.pt
