/home/jovyan/.mlspace/envs/egy_llm/lib/python3.11/site-packages/torchvision/datasets/cifar.py:83: VisibleDeprecationWarning: dtype(): align should be passed as Python or NumPy boolean but got `align=0`. Did you mean to pass a tuple to create a subarray type? (Deprecated NumPy 2.4)
  entry = pickle.load(f, encoding="latin1")
depth_list: [110, 20]
[LR policy] loaded checkpoint=checkpoints/policies_beatcos/patchtst_seed0/policy.pt,checkpoints/policies_beatcos/patchtst_seed2/policy.pt,checkpoints/policies_beatcos/patchtst_seed5/policy.pt,checkpoints/policies_beatcos/patchtst_seed7/policy.pt,checkpoints/policies_beatcos/patchtst_seed4/policy.pt model_type=patchtst input_dim=230 n_models=5
Dataset information: cifar100	 50000 images for training 	 10000 images for testing	
teacher depth: 110
student depth: 20
Total number of teacher parameters: 1,169,972
Total number of student parameters: 278,132
Snapshots will be saved to: snapshots/robust12h_stars/patchtst_shock10_seed2_35ep
==== train and evaluate unequal restart ====
[Eval] Epoch: 0 | Teacher Test Loss: 11623.433 | Teacher Test Acc: 1.000 | Student Test Loss: 6.044 | Student Test Acc: 1.110 | Teacher Test F1: 0.000 | Student Test F1: 0.000 | Teacher Top 5 Accuracy: 0.049 | Student Top 5 Accuracy: 0.052 | Time: 2.496 | 
Running student landscape probe...
[Train] Epoch: 1 | Teacher lr=1.0000 | Teacher Loss: 4.063 | Teacher Train Acc: 9.152 | Student lr=0.0100 | Student Train Acc: 7.172 | Time: 136.073 |
[Eval] Epoch: 1 | Teacher Test Loss: 3.709 | Teacher Test Acc: 11.990 | Student Test Loss: 3.890 | Student Test Acc: 9.120 | Teacher Test F1: 0.087 | Student Test F1: 0.056 | Teacher Top 5 Accuracy: 0.363 | Student Top 5 Accuracy: 0.294 | Time: 2.578 | 
Running student landscape probe...
[LR policy] epoch=1 output=residual_log policy_pred=-0.248549 predicted_lr=0.778363 cosine_blend=0.750 lr_ema=0.000 cosine_after=0 next_student_lr=0.997989
[Train] Epoch: 2 | Teacher lr=0.9980 | Teacher Loss: 3.502 | Teacher Train Acc: 18.940 | Student lr=0.9980 | Student Train Acc: 17.536 | Time: 137.674 |
[Eval] Epoch: 2 | Teacher Test Loss: 3.586 | Teacher Test Acc: 17.680 | Student Test Loss: 3.108 | Student Test Acc: 23.200 | Teacher Test F1: 0.151 | Student Test F1: 0.219 | Teacher Top 5 Accuracy: 0.450 | Student Top 5 Accuracy: 0.531 | Time: 2.656 | 
Running student landscape probe...
[LR policy] epoch=2 output=residual_log policy_pred=-0.210098 predicted_lr=0.803999 cosine_blend=0.750 lr_ema=0.000 cosine_after=0 next_student_lr=0.991973
[Train] Epoch: 3 | Teacher lr=0.9920 | Teacher Loss: 2.936 | Teacher Train Acc: 30.262 | Student lr=0.9920 | Student Train Acc: 38.652 | Time: 137.141 |
[Eval] Epoch: 3 | Teacher Test Loss: 2.815 | Teacher Test Acc: 27.910 | Student Test Loss: 2.886 | Student Test Acc: 28.710 | Teacher Test F1: 0.257 | Student Test F1: 0.280 | Teacher Top 5 Accuracy: 0.614 | Student Top 5 Accuracy: 0.599 | Time: 2.619 | 
Running student landscape probe...
[LR policy] epoch=3 output=residual_log policy_pred=-0.255198 predicted_lr=0.760817 cosine_blend=0.750 lr_ema=0.000 cosine_after=0 next_student_lr=0.981999
[Train] Epoch: 4 | Teacher lr=0.9820 | Teacher Loss: 2.511 | Teacher Train Acc: 39.754 | Student lr=0.9820 | Student Train Acc: 46.650 | Time: 137.357 |
[Eval] Epoch: 4 | Teacher Test Loss: 2.494 | Teacher Test Acc: 34.920 | Student Test Loss: 2.421 | Student Test Acc: 36.270 | Teacher Test F1: 0.330 | Student Test F1: 0.352 | Teacher Top 5 Accuracy: 0.681 | Student Top 5 Accuracy: 0.703 | Time: 2.613 | 
Running student landscape probe...
[LR policy] epoch=4 output=residual_log policy_pred=-0.221607 predicted_lr=0.775711 cosine_blend=0.750 lr_ema=0.000 cosine_after=0 next_student_lr=0.968149
[Train] Epoch: 5 | Teacher lr=0.9681 | Teacher Loss: 2.547 | Teacher Train Acc: 40.206 | Student lr=0.9681 | Student Train Acc: 49.932 | Time: 139.297 |
[Eval] Epoch: 5 | Teacher Test Loss: 2.579 | Teacher Test Acc: 34.170 | Student Test Loss: 2.578 | Student Test Acc: 34.890 | Teacher Test F1: 0.325 | Student Test F1: 0.339 | Teacher Top 5 Accuracy: 0.684 | Student Top 5 Accuracy: 0.684 | Time: 2.613 | 
Running student landscape probe...
[LR policy] epoch=5 output=residual_log policy_pred=-0.256801 predicted_lr=0.735259 cosine_blend=0.750 lr_ema=0.000 cosine_after=0 next_student_lr=0.950534
[Train] Epoch: 6 | Teacher lr=0.9505 | Teacher Loss: 2.179 | Teacher Train Acc: 47.872 | Student lr=0.9505 | Student Train Acc: 52.976 | Time: 138.684 |
[Eval] Epoch: 6 | Teacher Test Loss: 2.280 | Teacher Test Acc: 40.120 | Student Test Loss: 2.313 | Student Test Acc: 38.490 | Teacher Test F1: 0.397 | Student Test F1: 0.378 | Teacher Top 5 Accuracy: 0.725 | Student Top 5 Accuracy: 0.718 | Time: 2.638 | 
Running student landscape probe...
[LR policy] epoch=6 output=residual_log policy_pred=-0.228940 predicted_lr=0.739139 cosine_blend=0.750 lr_ema=0.000 cosine_after=0 next_student_lr=0.929295
[Train] Epoch: 7 | Teacher lr=0.9292 | Teacher Loss: 2.071 | Teacher Train Acc: 50.608 | Student lr=0.9293 | Student Train Acc: 55.086 | Time: 137.243 |
[Eval] Epoch: 7 | Teacher Test Loss: 2.053 | Teacher Test Acc: 43.570 | Student Test Loss: 3.063 | Student Test Acc: 28.910 | Teacher Test F1: 0.432 | Student Test F1: 0.281 | Teacher Top 5 Accuracy: 0.779 | Student Top 5 Accuracy: 0.597 | Time: 2.614 | 
Running student landscape probe...
[LR policy] epoch=7 output=residual_log policy_pred=-0.261088 predicted_lr=0.696738 cosine_blend=0.750 lr_ema=0.000 cosine_after=0 next_student_lr=0.904604
[Train] Epoch: 8 | Teacher lr=0.9045 | Teacher Loss: 1.986 | Teacher Train Acc: 53.078 | Student lr=0.9046 | Student Train Acc: 56.346 | Time: 140.147 |
[Eval] Epoch: 8 | Teacher Test Loss: 2.063 | Teacher Test Acc: 44.220 | Student Test Loss: 2.812 | Student Test Acc: 31.050 | Teacher Test F1: 0.438 | Student Test F1: 0.292 | Teacher Top 5 Accuracy: 0.775 | Student Top 5 Accuracy: 0.646 | Time: 2.637 | 
Running student landscape probe...
[LR policy] epoch=8 output=residual_log policy_pred=-0.224792 predicted_lr=0.700172 cosine_blend=0.750 lr_ema=0.000 cosine_after=0 next_student_lr=0.876659
[Train] Epoch: 9 | Teacher lr=0.8765 | Teacher Loss: 1.906 | Teacher Train Acc: 54.906 | Student lr=0.8767 | Student Train Acc: 57.346 | Time: 138.400 |
[Eval] Epoch: 9 | Teacher Test Loss: 2.013 | Teacher Test Acc: 45.780 | Student Test Loss: 2.056 | Student Test Acc: 44.810 | Teacher Test F1: 0.453 | Student Test F1: 0.442 | Teacher Top 5 Accuracy: 0.789 | Student Top 5 Accuracy: 0.768 | Time: 2.681 | 
Running student landscape probe...
[LR policy] epoch=9 output=residual_log policy_pred=-0.261080 predicted_lr=0.651363 cosine_blend=0.750 lr_ema=0.000 cosine_after=0 next_student_lr=0.845686
[Train] Epoch: 10 | Teacher lr=0.8455 | Teacher Loss: 1.827 | Teacher Train Acc: 57.144 | Student lr=0.8457 | Student Train Acc: 58.588 | Time: 137.917 |
[Eval] Epoch: 10 | Teacher Test Loss: 1.775 | Teacher Test Acc: 51.420 | Student Test Loss: 3.093 | Student Test Acc: 30.390 | Teacher Test F1: 0.502 | Student Test F1: 0.298 | Teacher Top 5 Accuracy: 0.816 | Student Top 5 Accuracy: 0.591 | Time: 2.658 | 
Running student landscape probe...
[LR policy] epoch=10 output=residual_log policy_pred=-0.260567 predicted_lr=0.625688 cosine_blend=0.750 lr_ema=0.000 cosine_after=0 next_student_lr=0.811933
[Train] Epoch: 11 | Teacher lr=0.8117 | Teacher Loss: 1.925 | Teacher Train Acc: 55.302 | Student lr=0.8119 | Student Train Acc: 59.436 | Time: 138.924 |
[Eval] Epoch: 11 | Teacher Test Loss: 1.912 | Teacher Test Acc: 47.390 | Student Test Loss: 2.361 | Student Test Acc: 38.530 | Teacher Test F1: 0.464 | Student Test F1: 0.384 | Teacher Top 5 Accuracy: 0.796 | Student Top 5 Accuracy: 0.726 | Time: 2.732 | 
Running student landscape probe...
[LR policy] epoch=11 output=residual_log policy_pred=-0.258664 predicted_lr=0.598884 cosine_blend=0.750 lr_ema=0.000 cosine_after=0 next_student_lr=0.731476
[Train] Epoch: 12 | Teacher lr=0.7754 | Teacher Loss: 1.723 | Teacher Train Acc: 59.778 | Student lr=0.7315 | Student Train Acc: 60.694 | Time: 137.732 |
[Eval] Epoch: 12 | Teacher Test Loss: 1.633 | Teacher Test Acc: 54.110 | Student Test Loss: 2.293 | Student Test Acc: 42.030 | Teacher Test F1: 0.538 | Student Test F1: 0.418 | Teacher Top 5 Accuracy: 0.842 | Student Top 5 Accuracy: 0.745 | Time: 2.613 | 
Running student landscape probe...
[LR policy] epoch=12 output=residual_log policy_pred=-0.266818 predicted_lr=0.564555 cosine_blend=0.750 lr_ema=0.000 cosine_after=0 next_student_lr=0.694037
[Train] Epoch: 13 | Teacher lr=0.7369 | Teacher Loss: 1.653 | Teacher Train Acc: 61.554 | Student lr=0.6940 | Student Train Acc: 61.318 | Time: 139.557 |
[Eval] Epoch: 13 | Teacher Test Loss: 1.623 | Teacher Test Acc: 55.050 | Student Test Loss: 2.006 | Student Test Acc: 47.190 | Teacher Test F1: 0.550 | Student Test F1: 0.467 | Teacher Top 5 Accuracy: 0.846 | Student Top 5 Accuracy: 0.785 | Time: 2.667 | 
Running student landscape probe...
[LR policy] epoch=13 output=residual_log policy_pred=-0.259662 predicted_lr=0.537463 cosine_blend=0.750 lr_ema=0.000 cosine_after=0 next_student_lr=0.656978
[Train] Epoch: 14 | Teacher lr=0.6965 | Teacher Loss: 1.607 | Teacher Train Acc: 62.764 | Student lr=0.6570 | Student Train Acc: 62.066 | Time: 136.156 |
[Eval] Epoch: 14 | Teacher Test Loss: 1.589 | Teacher Test Acc: 55.600 | Student Test Loss: 2.433 | Student Test Acc: 41.070 | Teacher Test F1: 0.559 | Student Test F1: 0.400 | Teacher Top 5 Accuracy: 0.851 | Student Top 5 Accuracy: 0.720 | Time: 2.580 | 
Running student landscape probe...
[LR policy] epoch=14 output=residual_log policy_pred=-0.264685 predicted_lr=0.502566 cosine_blend=0.750 lr_ema=0.000 cosine_after=0 next_student_lr=0.616782
[Train] Epoch: 15 | Teacher lr=0.6545 | Teacher Loss: 1.562 | Teacher Train Acc: 64.166 | Student lr=0.6168 | Student Train Acc: 63.536 | Time: 136.473 |
[Eval] Epoch: 15 | Teacher Test Loss: 1.608 | Teacher Test Acc: 55.400 | Student Test Loss: 1.923 | Student Test Acc: 48.040 | Teacher Test F1: 0.555 | Student Test F1: 0.475 | Teacher Top 5 Accuracy: 0.847 | Student Top 5 Accuracy: 0.795 | Time: 2.674 | 
Running student landscape probe...
[LR policy] epoch=15 output=residual_log policy_pred=-0.261934 predicted_lr=0.470702 cosine_blend=0.750 lr_ema=0.000 cosine_after=0 next_student_lr=0.576412
[Train] Epoch: 16 | Teacher lr=0.6113 | Teacher Loss: 1.512 | Teacher Train Acc: 65.412 | Student lr=0.5764 | Student Train Acc: 64.150 | Time: 139.351 |
[Eval] Epoch: 16 | Teacher Test Loss: 1.523 | Teacher Test Acc: 57.250 | Student Test Loss: 2.115 | Student Test Acc: 44.060 | Teacher Test F1: 0.570 | Student Test F1: 0.436 | Teacher Top 5 Accuracy: 0.860 | Student Top 5 Accuracy: 0.765 | Time: 2.650 | 
Running student landscape probe...
[LR policy] epoch=16 output=residual_log policy_pred=-0.265449 predicted_lr=0.435232 cosine_blend=0.750 lr_ema=0.000 cosine_after=0 next_student_lr=0.534470
[Train] Epoch: 17 | Teacher lr=0.5671 | Teacher Loss: 1.471 | Teacher Train Acc: 66.310 | Student lr=0.5345 | Student Train Acc: 64.776 | Time: 136.714 |
[Eval] Epoch: 17 | Teacher Test Loss: 1.868 | Teacher Test Acc: 49.420 | Student Test Loss: 2.175 | Student Test Acc: 43.560 | Teacher Test F1: 0.491 | Student Test F1: 0.437 | Teacher Top 5 Accuracy: 0.803 | Student Top 5 Accuracy: 0.755 | Time: 2.605 | 
Running student landscape probe...
[LR policy] epoch=17 output=residual_log policy_pred=-0.265989 predicted_lr=0.400783 cosine_blend=0.750 lr_ema=0.000 cosine_after=0 next_student_lr=0.492378
[Train] Epoch: 18 | Teacher lr=0.5224 | Teacher Loss: 1.420 | Teacher Train Acc: 67.900 | Student lr=0.4924 | Student Train Acc: 65.766 | Time: 137.103 |
[Eval] Epoch: 18 | Teacher Test Loss: 1.415 | Teacher Test Acc: 60.060 | Student Test Loss: 1.755 | Student Test Acc: 51.850 | Teacher Test F1: 0.599 | Student Test F1: 0.519 | Teacher Top 5 Accuracy: 0.878 | Student Top 5 Accuracy: 0.820 | Time: 2.612 | 
Running student landscape probe...
[LR policy] epoch=18 output=residual_log policy_pred=-0.264076 predicted_lr=0.367133 cosine_blend=0.750 lr_ema=0.000 cosine_after=0 next_student_lr=0.450351
[Train] Epoch: 19 | Teacher lr=0.4776 | Teacher Loss: 1.380 | Teacher Train Acc: 68.720 | Student lr=0.4504 | Student Train Acc: 66.576 | Time: 135.045 |
[Eval] Epoch: 19 | Teacher Test Loss: 1.495 | Teacher Test Acc: 57.880 | Student Test Loss: 1.961 | Student Test Acc: 49.980 | Teacher Test F1: 0.574 | Student Test F1: 0.501 | Teacher Top 5 Accuracy: 0.864 | Student Top 5 Accuracy: 0.796 | Time: 2.625 | 
Running student landscape probe...
[LR policy] epoch=19 output=residual_log policy_pred=-0.264505 predicted_lr=0.332711 cosine_blend=0.750 lr_ema=0.000 cosine_after=0 next_student_lr=0.408265
[shock] epoch=20 forcing student_lr=1.000000 (window=20..21)
[Train] Epoch: 20 | Teacher lr=0.4329 | Teacher Loss: 1.428 | Teacher Train Acc: 70.786 | Student lr=1.0000 | Student Train Acc: 58.260 | Time: 138.159 |
[Eval] Epoch: 20 | Teacher Test Loss: 1.332 | Teacher Test Acc: 61.710 | Student Test Loss: 2.814 | Student Test Acc: 36.400 | Teacher Test F1: 0.617 | Student Test F1: 0.367 | Teacher Top 5 Accuracy: 0.884 | Student Top 5 Accuracy: 0.679 | Time: 2.556 | 
Running student landscape probe...
[LR policy] epoch=20 output=residual_log policy_pred=-0.263021 predicted_lr=0.299304 cosine_blend=0.750 lr_ema=0.000 cosine_after=0 next_student_lr=0.366839
[shock] epoch=21 forcing student_lr=1.000000 (window=20..21)
[Train] Epoch: 21 | Teacher lr=0.3887 | Teacher Loss: 1.353 | Teacher Train Acc: 72.162 | Student lr=1.0000 | Student Train Acc: 60.040 | Time: 135.941 |
[Eval] Epoch: 21 | Teacher Test Loss: 1.237 | Teacher Test Acc: 64.560 | Student Test Loss: 2.703 | Student Test Acc: 37.170 | Teacher Test F1: 0.642 | Student Test F1: 0.358 | Teacher Top 5 Accuracy: 0.899 | Student Top 5 Accuracy: 0.678 | Time: 2.679 | 
Running student landscape probe...
[LR policy] epoch=21 output=residual_log policy_pred=-0.266579 predicted_lr=0.265146 cosine_blend=0.750 lr_ema=0.000 cosine_after=0 next_student_lr=0.325896
[Train] Epoch: 22 | Teacher lr=0.3455 | Teacher Loss: 1.194 | Teacher Train Acc: 73.304 | Student lr=0.3259 | Student Train Acc: 68.678 | Time: 139.001 |
[Eval] Epoch: 22 | Teacher Test Loss: 1.259 | Teacher Test Acc: 63.710 | Student Test Loss: 1.627 | Student Test Acc: 55.200 | Teacher Test F1: 0.636 | Student Test F1: 0.553 | Teacher Top 5 Accuracy: 0.898 | Student Top 5 Accuracy: 0.841 | Time: 2.628 | 
Running student landscape probe...
[LR policy] epoch=22 output=residual_log policy_pred=-0.269395 predicted_lr=0.232348 cosine_blend=0.750 lr_ema=0.000 cosine_after=0 next_student_lr=0.286225
[Train] Epoch: 23 | Teacher lr=0.3035 | Teacher Loss: 1.157 | Teacher Train Acc: 74.574 | Student lr=0.2862 | Student Train Acc: 70.420 | Time: 138.027 |
[Eval] Epoch: 23 | Teacher Test Loss: 1.186 | Teacher Test Acc: 65.990 | Student Test Loss: 2.150 | Student Test Acc: 47.200 | Teacher Test F1: 0.658 | Student Test F1: 0.466 | Teacher Top 5 Accuracy: 0.903 | Student Top 5 Accuracy: 0.769 | Time: 2.825 | 
Running student landscape probe...
[LR policy] epoch=23 output=residual_log policy_pred=-0.259510 predicted_lr=0.203505 cosine_blend=0.750 lr_ema=0.000 cosine_after=0 next_student_lr=0.248728
[Train] Epoch: 24 | Teacher lr=0.2631 | Teacher Loss: 1.111 | Teacher Train Acc: 75.938 | Student lr=0.2487 | Student Train Acc: 71.256 | Time: 139.480 |
[Eval] Epoch: 24 | Teacher Test Loss: 1.181 | Teacher Test Acc: 66.190 | Student Test Loss: 1.605 | Student Test Acc: 56.930 | Teacher Test F1: 0.658 | Student Test F1: 0.563 | Teacher Top 5 Accuracy: 0.909 | Student Top 5 Accuracy: 0.852 | Time: 2.733 | 
Running student landscape probe...
[LR policy] epoch=24 output=residual_log policy_pred=-0.263560 predicted_lr=0.173121 cosine_blend=0.750 lr_ema=0.000 cosine_after=0 next_student_lr=0.212276
[Train] Epoch: 25 | Teacher lr=0.2246 | Teacher Loss: 1.049 | Teacher Train Acc: 77.718 | Student lr=0.2123 | Student Train Acc: 72.254 | Time: 138.420 |
[Eval] Epoch: 25 | Teacher Test Loss: 1.117 | Teacher Test Acc: 67.680 | Student Test Loss: 1.386 | Student Test Acc: 61.120 | Teacher Test F1: 0.678 | Student Test F1: 0.610 | Teacher Top 5 Accuracy: 0.917 | Student Top 5 Accuracy: 0.879 | Time: 2.802 | 
Running student landscape probe...
[LR policy] epoch=25 output=residual_log policy_pred=-0.264953 predicted_lr=0.145060 cosine_blend=0.750 lr_ema=0.000 cosine_after=0 next_student_lr=0.178065
[Train] Epoch: 26 | Teacher lr=0.1883 | Teacher Loss: 0.989 | Teacher Train Acc: 79.526 | Student lr=0.1781 | Student Train Acc: 73.702 | Time: 139.063 |
[Eval] Epoch: 26 | Teacher Test Loss: 1.043 | Teacher Test Acc: 69.060 | Student Test Loss: 1.354 | Student Test Acc: 62.160 | Teacher Test F1: 0.693 | Student Test F1: 0.619 | Teacher Top 5 Accuracy: 0.925 | Student Top 5 Accuracy: 0.883 | Time: 2.712 | 
Running student landscape probe...
[LR policy] epoch=26 output=residual_log policy_pred=-0.262316 predicted_lr=0.119478 cosine_blend=0.750 lr_ema=0.000 cosine_after=0 next_student_lr=0.146355
[Train] Epoch: 27 | Teacher lr=0.1545 | Teacher Loss: 0.928 | Teacher Train Acc: 81.232 | Student lr=0.1464 | Student Train Acc: 75.224 | Time: 138.462 |
[Eval] Epoch: 27 | Teacher Test Loss: 1.022 | Teacher Test Acc: 70.480 | Student Test Loss: 1.585 | Student Test Acc: 56.730 | Teacher Test F1: 0.704 | Student Test F1: 0.571 | Teacher Top 5 Accuracy: 0.925 | Student Top 5 Accuracy: 0.856 | Time: 2.851 | 
Running student landscape probe...
[LR policy] epoch=27 output=residual_log policy_pred=-0.264618 predicted_lr=0.095431 cosine_blend=0.750 lr_ema=0.000 cosine_after=0 next_student_lr=0.117113
[Train] Epoch: 28 | Teacher lr=0.1235 | Teacher Loss: 0.860 | Teacher Train Acc: 83.346 | Student lr=0.1171 | Student Train Acc: 76.600 | Time: 138.472 |
[Eval] Epoch: 28 | Teacher Test Loss: 0.993 | Teacher Test Acc: 71.420 | Student Test Loss: 1.345 | Student Test Acc: 63.130 | Teacher Test F1: 0.714 | Student Test F1: 0.631 | Teacher Top 5 Accuracy: 0.927 | Student Top 5 Accuracy: 0.885 | Time: 2.837 | 
Running student landscape probe...
[LR policy] epoch=28 output=residual_log policy_pred=-0.267912 predicted_lr=0.073741 cosine_blend=0.750 lr_ema=0.000 cosine_after=0 next_student_lr=0.090732
[Train] Epoch: 29 | Teacher lr=0.0955 | Teacher Loss: 0.793 | Teacher Train Acc: 85.186 | Student lr=0.0907 | Student Train Acc: 78.052 | Time: 139.505 |
[Eval] Epoch: 29 | Teacher Test Loss: 0.932 | Teacher Test Acc: 72.870 | Student Test Loss: 1.445 | Student Test Acc: 60.880 | Teacher Test F1: 0.729 | Student Test F1: 0.610 | Teacher Top 5 Accuracy: 0.935 | Student Top 5 Accuracy: 0.872 | Time: 2.601 | 
Running student landscape probe...
[LR policy] epoch=29 output=residual_log policy_pred=-0.258667 predicted_lr=0.055362 cosine_blend=0.750 lr_ema=0.000 cosine_after=0 next_student_lr=0.067619
[Train] Epoch: 30 | Teacher lr=0.0708 | Teacher Loss: 0.727 | Teacher Train Acc: 87.260 | Student lr=0.0676 | Student Train Acc: 79.534 | Time: 137.619 |
[Eval] Epoch: 30 | Teacher Test Loss: 0.924 | Teacher Test Acc: 73.200 | Student Test Loss: 1.248 | Student Test Acc: 65.610 | Teacher Test F1: 0.731 | Student Test F1: 0.657 | Teacher Top 5 Accuracy: 0.936 | Student Top 5 Accuracy: 0.900 | Time: 2.818 | 
Running student landscape probe...
[LR policy] epoch=30 output=residual_log policy_pred=-0.266421 predicted_lr=0.038663 cosine_blend=0.750 lr_ema=0.000 cosine_after=0 next_student_lr=0.047515
[Train] Epoch: 31 | Teacher lr=0.0495 | Teacher Loss: 0.664 | Teacher Train Acc: 88.840 | Student lr=0.0475 | Student Train Acc: 81.674 | Time: 138.708 |
[Eval] Epoch: 31 | Teacher Test Loss: 0.895 | Teacher Test Acc: 73.880 | Student Test Loss: 1.202 | Student Test Acc: 66.700 | Teacher Test F1: 0.739 | Student Test F1: 0.668 | Teacher Top 5 Accuracy: 0.940 | Student Top 5 Accuracy: 0.908 | Time: 2.733 | 
Running student landscape probe...
[LR policy] epoch=31 output=residual_log policy_pred=-0.263462 predicted_lr=0.025242 cosine_blend=0.750 lr_ema=0.000 cosine_after=0 next_student_lr=0.030949
[Train] Epoch: 32 | Teacher lr=0.0319 | Teacher Loss: 0.610 | Teacher Train Acc: 90.134 | Student lr=0.0309 | Student Train Acc: 83.342 | Time: 138.608 |
[Eval] Epoch: 32 | Teacher Test Loss: 0.873 | Teacher Test Acc: 74.470 | Student Test Loss: 1.157 | Student Test Acc: 67.960 | Teacher Test F1: 0.745 | Student Test F1: 0.680 | Teacher Top 5 Accuracy: 0.940 | Student Top 5 Accuracy: 0.913 | Time: 2.706 | 
Running student landscape probe...
[LR policy] epoch=32 output=residual_log policy_pred=-0.265790 predicted_lr=0.014566 cosine_blend=0.750 lr_ema=0.000 cosine_after=0 next_student_lr=0.017892
[Train] Epoch: 33 | Teacher lr=0.0180 | Teacher Loss: 0.562 | Teacher Train Acc: 91.360 | Student lr=0.0179 | Student Train Acc: 84.704 | Time: 138.213 |
[Eval] Epoch: 33 | Teacher Test Loss: 0.870 | Teacher Test Acc: 74.790 | Student Test Loss: 1.125 | Student Test Acc: 68.650 | Teacher Test F1: 0.748 | Student Test F1: 0.687 | Teacher Top 5 Accuracy: 0.940 | Student Top 5 Accuracy: 0.916 | Time: 2.731 | 
Running student landscape probe...
[LR policy] epoch=33 output=residual_log policy_pred=-0.264111 predicted_lr=0.006932 cosine_blend=0.750 lr_ema=0.000 cosine_after=0 next_student_lr=0.008503
[Train] Epoch: 34 | Teacher lr=0.0080 | Teacher Loss: 0.529 | Teacher Train Acc: 92.236 | Student lr=0.0085 | Student Train Acc: 86.186 | Time: 137.340 |
[Eval] Epoch: 34 | Teacher Test Loss: 0.864 | Teacher Test Acc: 74.960 | Student Test Loss: 1.109 | Student Test Acc: 69.260 | Teacher Test F1: 0.750 | Student Test F1: 0.692 | Teacher Top 5 Accuracy: 0.942 | Student Top 5 Accuracy: 0.919 | Time: 2.720 | 
Running student landscape probe...
[LR policy] epoch=34 output=residual_log policy_pred=-0.264587 predicted_lr=0.002311 cosine_blend=0.750 lr_ema=0.000 cosine_after=0 next_student_lr=0.002836
[Train] Epoch: 35 | Teacher lr=0.0020 | Teacher Loss: 0.511 | Teacher Train Acc: 92.684 | Student lr=0.0028 | Student Train Acc: 86.776 | Time: 135.163 |
[Eval] Epoch: 35 | Teacher Test Loss: 0.862 | Teacher Test Acc: 74.980 | Student Test Loss: 1.098 | Student Test Acc: 69.710 | Teacher Test F1: 0.750 | Student Test F1: 0.697 | Teacher Top 5 Accuracy: 0.942 | Student Top 5 Accuracy: 0.919 | Time: 2.787 | 
Running student landscape probe...
[LR policy] epoch=35 output=residual_log policy_pred=-0.265457 predicted_lr=0.001000 cosine_blend=0.750 lr_ema=0.000 cosine_after=0 next_student_lr=0.001000
ckpt location: ckpt/robust12h_stars/patchtst_shock10_seed2_35ep.pt
