/home/jovyan/.mlspace/envs/egy_llm/lib/python3.11/site-packages/torchvision/datasets/cifar.py:83: VisibleDeprecationWarning: dtype(): align should be passed as Python or NumPy boolean but got `align=0`. Did you mean to pass a tuple to create a subarray type? (Deprecated NumPy 2.4)
  entry = pickle.load(f, encoding="latin1")
depth_list: [110, 20]
[LR policy] loaded checkpoint=checkpoints/policies_beatcos/patchtst_seed0/policy.pt,checkpoints/policies_beatcos/patchtst_seed2/policy.pt,checkpoints/policies_beatcos/patchtst_seed5/policy.pt,checkpoints/policies_beatcos/patchtst_seed7/policy.pt,checkpoints/policies_beatcos/patchtst_seed4/policy.pt model_type=patchtst input_dim=230 n_models=5
Dataset information: cifar100	 50000 images for training 	 10000 images for testing	
teacher depth: 110
student depth: 20
Total number of teacher parameters: 1,169,972
Total number of student parameters: 278,132
Snapshots will be saved to: snapshots/robust12h_stars/patchtst_noshock_seed8_35ep
==== train and evaluate unequal restart ====
[Eval] Epoch: 0 | Teacher Test Loss: 28505.900 | Teacher Test Acc: 1.000 | Student Test Loss: 4.879 | Student Test Acc: 0.550 | Teacher Test F1: 0.000 | Student Test F1: 0.000 | Teacher Top 5 Accuracy: 0.050 | Student Top 5 Accuracy: 0.050 | Time: 2.836 | 
Running student landscape probe...
[Train] Epoch: 1 | Teacher lr=1.0000 | Teacher Loss: 4.038 | Teacher Train Acc: 9.614 | Student lr=0.0100 | Student Train Acc: 7.048 | Time: 137.545 |
[Eval] Epoch: 1 | Teacher Test Loss: 3.614 | Teacher Test Acc: 13.000 | Student Test Loss: 3.846 | Student Test Acc: 10.370 | Teacher Test F1: 0.097 | Student Test F1: 0.067 | Teacher Top 5 Accuracy: 0.401 | Student Top 5 Accuracy: 0.315 | Time: 2.249 | 
Running student landscape probe...
[LR policy] epoch=1 output=residual_log policy_pred=-0.204473 predicted_lr=0.813438 cosine_blend=0.750 lr_ema=0.000 cosine_after=0 next_student_lr=0.997989
[Train] Epoch: 2 | Teacher lr=0.9980 | Teacher Loss: 3.414 | Teacher Train Acc: 20.936 | Student lr=0.9980 | Student Train Acc: 16.494 | Time: 135.874 |
[Eval] Epoch: 2 | Teacher Test Loss: 3.391 | Teacher Test Acc: 18.600 | Student Test Loss: 2.987 | Student Test Acc: 24.430 | Teacher Test F1: 0.168 | Student Test F1: 0.212 | Teacher Top 5 Accuracy: 0.465 | Student Top 5 Accuracy: 0.559 | Time: 2.245 | 
Running student landscape probe...
[LR policy] epoch=2 output=residual_log policy_pred=-0.203849 predicted_lr=0.809039 cosine_blend=0.750 lr_ema=0.000 cosine_after=0 next_student_lr=0.991973
[Train] Epoch: 3 | Teacher lr=0.9920 | Teacher Loss: 2.887 | Teacher Train Acc: 31.106 | Student lr=0.9920 | Student Train Acc: 39.028 | Time: 136.688 |
[Eval] Epoch: 3 | Teacher Test Loss: 2.793 | Teacher Test Acc: 29.540 | Student Test Loss: 2.958 | Student Test Acc: 27.470 | Teacher Test F1: 0.277 | Student Test F1: 0.247 | Teacher Top 5 Accuracy: 0.629 | Student Top 5 Accuracy: 0.593 | Time: 2.237 | 
Running student landscape probe...
[LR policy] epoch=3 output=residual_log policy_pred=-0.246268 predicted_lr=0.767641 cosine_blend=0.750 lr_ema=0.000 cosine_after=0 next_student_lr=0.981999
[Train] Epoch: 4 | Teacher lr=0.9820 | Teacher Loss: 2.466 | Teacher Train Acc: 40.476 | Student lr=0.9820 | Student Train Acc: 46.826 | Time: 137.160 |
[Eval] Epoch: 4 | Teacher Test Loss: 2.708 | Teacher Test Acc: 31.680 | Student Test Loss: 2.761 | Student Test Acc: 30.870 | Teacher Test F1: 0.306 | Student Test F1: 0.295 | Teacher Top 5 Accuracy: 0.666 | Student Top 5 Accuracy: 0.628 | Time: 2.448 | 
Running student landscape probe...
[LR policy] epoch=4 output=residual_log policy_pred=-0.217988 predicted_lr=0.778523 cosine_blend=0.750 lr_ema=0.000 cosine_after=0 next_student_lr=0.968149
[Train] Epoch: 5 | Teacher lr=0.9681 | Teacher Loss: 2.283 | Teacher Train Acc: 45.016 | Student lr=0.9681 | Student Train Acc: 50.968 | Time: 138.281 |
[Eval] Epoch: 5 | Teacher Test Loss: 2.588 | Teacher Test Acc: 33.400 | Student Test Loss: 2.694 | Student Test Acc: 33.060 | Teacher Test F1: 0.324 | Student Test F1: 0.324 | Teacher Top 5 Accuracy: 0.665 | Student Top 5 Accuracy: 0.643 | Time: 2.404 | 
Running student landscape probe...
[LR policy] epoch=5 output=residual_log policy_pred=-0.255845 predicted_lr=0.735962 cosine_blend=0.750 lr_ema=0.000 cosine_after=0 next_student_lr=0.950534
[Train] Epoch: 6 | Teacher lr=0.9505 | Teacher Loss: 2.138 | Teacher Train Acc: 49.070 | Student lr=0.9505 | Student Train Acc: 53.720 | Time: 135.075 |
[Eval] Epoch: 6 | Teacher Test Loss: 2.105 | Teacher Test Acc: 42.640 | Student Test Loss: 2.270 | Student Test Acc: 40.940 | Teacher Test F1: 0.421 | Student Test F1: 0.395 | Teacher Top 5 Accuracy: 0.760 | Student Top 5 Accuracy: 0.732 | Time: 2.429 | 
Running student landscape probe...
[LR policy] epoch=6 output=residual_log policy_pred=-0.218137 predicted_lr=0.747168 cosine_blend=0.750 lr_ema=0.000 cosine_after=0 next_student_lr=0.929295
[Train] Epoch: 7 | Teacher lr=0.9292 | Teacher Loss: 2.042 | Teacher Train Acc: 51.688 | Student lr=0.9293 | Student Train Acc: 55.012 | Time: 135.849 |
[Eval] Epoch: 7 | Teacher Test Loss: 2.164 | Teacher Test Acc: 41.890 | Student Test Loss: 2.261 | Student Test Acc: 40.450 | Teacher Test F1: 0.418 | Student Test F1: 0.393 | Teacher Top 5 Accuracy: 0.746 | Student Top 5 Accuracy: 0.731 | Time: 2.535 | 
Running student landscape probe...
[LR policy] epoch=7 output=residual_log policy_pred=-0.254935 predicted_lr=0.701038 cosine_blend=0.750 lr_ema=0.000 cosine_after=0 next_student_lr=0.904604
[Train] Epoch: 8 | Teacher lr=0.9045 | Teacher Loss: 1.949 | Teacher Train Acc: 53.910 | Student lr=0.9046 | Student Train Acc: 56.790 | Time: 136.870 |
[Eval] Epoch: 8 | Teacher Test Loss: 1.909 | Teacher Test Acc: 47.540 | Student Test Loss: 2.986 | Student Test Acc: 29.750 | Teacher Test F1: 0.469 | Student Test F1: 0.280 | Teacher Top 5 Accuracy: 0.801 | Student Top 5 Accuracy: 0.606 | Time: 2.518 | 
Running student landscape probe...
[LR policy] epoch=8 output=residual_log policy_pred=-0.230376 predicted_lr=0.696274 cosine_blend=0.750 lr_ema=0.000 cosine_after=0 next_student_lr=0.876659
[Train] Epoch: 9 | Teacher lr=0.8765 | Teacher Loss: 1.904 | Teacher Train Acc: 55.334 | Student lr=0.8767 | Student Train Acc: 57.946 | Time: 136.982 |
[Eval] Epoch: 9 | Teacher Test Loss: 1.713 | Teacher Test Acc: 52.850 | Student Test Loss: 2.232 | Student Test Acc: 42.830 | Teacher Test F1: 0.527 | Student Test F1: 0.427 | Teacher Top 5 Accuracy: 0.833 | Student Top 5 Accuracy: 0.742 | Time: 2.462 | 
Running student landscape probe...
[LR policy] epoch=9 output=residual_log policy_pred=-0.259343 predicted_lr=0.652496 cosine_blend=0.750 lr_ema=0.000 cosine_after=0 next_student_lr=0.845686
[Train] Epoch: 10 | Teacher lr=0.8455 | Teacher Loss: 1.788 | Teacher Train Acc: 58.002 | Student lr=0.8457 | Student Train Acc: 59.092 | Time: 138.014 |
[Eval] Epoch: 10 | Teacher Test Loss: 1.819 | Teacher Test Acc: 49.610 | Student Test Loss: 2.202 | Student Test Acc: 44.080 | Teacher Test F1: 0.489 | Student Test F1: 0.430 | Teacher Top 5 Accuracy: 0.811 | Student Top 5 Accuracy: 0.755 | Time: 2.487 | 
Running student landscape probe...
[LR policy] epoch=10 output=residual_log policy_pred=-0.254496 predicted_lr=0.629498 cosine_blend=0.750 lr_ema=0.000 cosine_after=0 next_student_lr=0.811933
[Train] Epoch: 11 | Teacher lr=0.8117 | Teacher Loss: 1.742 | Teacher Train Acc: 59.474 | Student lr=0.8119 | Student Train Acc: 59.934 | Time: 134.878 |
[Eval] Epoch: 11 | Teacher Test Loss: 1.753 | Teacher Test Acc: 52.180 | Student Test Loss: 2.150 | Student Test Acc: 43.390 | Teacher Test F1: 0.519 | Student Test F1: 0.437 | Teacher Top 5 Accuracy: 0.821 | Student Top 5 Accuracy: 0.767 | Time: 2.504 | 
Running student landscape probe...
[LR policy] epoch=11 output=residual_log policy_pred=-0.261221 predicted_lr=0.597354 cosine_blend=0.750 lr_ema=0.000 cosine_after=0 next_student_lr=0.731093
[Train] Epoch: 12 | Teacher lr=0.7754 | Teacher Loss: 1.687 | Teacher Train Acc: 60.908 | Student lr=0.7311 | Student Train Acc: 61.002 | Time: 139.168 |
[Eval] Epoch: 12 | Teacher Test Loss: 1.945 | Teacher Test Acc: 49.530 | Student Test Loss: 2.018 | Student Test Acc: 48.070 | Teacher Test F1: 0.502 | Student Test F1: 0.475 | Teacher Top 5 Accuracy: 0.786 | Student Top 5 Accuracy: 0.777 | Time: 2.536 | 
Running student landscape probe...
[LR policy] epoch=12 output=residual_log policy_pred=-0.258188 predicted_lr=0.569448 cosine_blend=0.750 lr_ema=0.000 cosine_after=0 next_student_lr=0.695260
[Train] Epoch: 13 | Teacher lr=0.7369 | Teacher Loss: 1.639 | Teacher Train Acc: 61.942 | Student lr=0.6953 | Student Train Acc: 62.088 | Time: 136.008 |
[Eval] Epoch: 13 | Teacher Test Loss: 1.658 | Teacher Test Acc: 54.120 | Student Test Loss: 2.163 | Student Test Acc: 44.280 | Teacher Test F1: 0.535 | Student Test F1: 0.434 | Teacher Top 5 Accuracy: 0.834 | Student Top 5 Accuracy: 0.757 | Time: 2.505 | 
Running student landscape probe...
[LR policy] epoch=13 output=residual_log policy_pred=-0.266919 predicted_lr=0.533577 cosine_blend=0.750 lr_ema=0.000 cosine_after=0 next_student_lr=0.656006
[Train] Epoch: 14 | Teacher lr=0.6965 | Teacher Loss: 1.586 | Teacher Train Acc: 63.354 | Student lr=0.6560 | Student Train Acc: 63.012 | Time: 137.646 |
[Eval] Epoch: 14 | Teacher Test Loss: 1.657 | Teacher Test Acc: 54.410 | Student Test Loss: 2.513 | Student Test Acc: 40.000 | Teacher Test F1: 0.541 | Student Test F1: 0.398 | Teacher Top 5 Accuracy: 0.847 | Student Top 5 Accuracy: 0.706 | Time: 2.536 | 
Running student landscape probe...
[LR policy] epoch=14 output=residual_log policy_pred=-0.255826 predicted_lr=0.507038 cosine_blend=0.750 lr_ema=0.000 cosine_after=0 next_student_lr=0.617900
[Train] Epoch: 15 | Teacher lr=0.6545 | Teacher Loss: 1.549 | Teacher Train Acc: 64.440 | Student lr=0.6179 | Student Train Acc: 63.568 | Time: 136.769 |
[Eval] Epoch: 15 | Teacher Test Loss: 1.782 | Teacher Test Acc: 50.710 | Student Test Loss: 1.982 | Student Test Acc: 47.900 | Teacher Test F1: 0.512 | Student Test F1: 0.480 | Teacher Top 5 Accuracy: 0.820 | Student Top 5 Accuracy: 0.783 | Time: 2.455 | 
Running student landscape probe...
[LR policy] epoch=15 output=residual_log policy_pred=-0.265444 predicted_lr=0.469052 cosine_blend=0.750 lr_ema=0.000 cosine_after=0 next_student_lr=0.576000
[Train] Epoch: 16 | Teacher lr=0.6113 | Teacher Loss: 1.495 | Teacher Train Acc: 65.874 | Student lr=0.5760 | Student Train Acc: 64.312 | Time: 136.619 |
[Eval] Epoch: 16 | Teacher Test Loss: 1.433 | Teacher Test Acc: 59.580 | Student Test Loss: 2.014 | Student Test Acc: 46.930 | Teacher Test F1: 0.596 | Student Test F1: 0.469 | Teacher Top 5 Accuracy: 0.877 | Student Top 5 Accuracy: 0.777 | Time: 2.535 | 
Running student landscape probe...
[LR policy] epoch=16 output=residual_log policy_pred=-0.264249 predicted_lr=0.435755 cosine_blend=0.750 lr_ema=0.000 cosine_after=0 next_student_lr=0.534601
[Train] Epoch: 17 | Teacher lr=0.5671 | Teacher Loss: 1.450 | Teacher Train Acc: 67.194 | Student lr=0.5346 | Student Train Acc: 65.258 | Time: 135.749 |
[Eval] Epoch: 17 | Teacher Test Loss: 1.442 | Teacher Test Acc: 59.620 | Student Test Loss: 1.853 | Student Test Acc: 50.500 | Teacher Test F1: 0.591 | Student Test F1: 0.499 | Teacher Top 5 Accuracy: 0.866 | Student Top 5 Accuracy: 0.807 | Time: 2.767 | 
Running student landscape probe...
[LR policy] epoch=17 output=residual_log policy_pred=-0.264915 predicted_lr=0.401214 cosine_blend=0.750 lr_ema=0.000 cosine_after=0 next_student_lr=0.492486
[Train] Epoch: 18 | Teacher lr=0.5224 | Teacher Loss: 1.410 | Teacher Train Acc: 68.286 | Student lr=0.4925 | Student Train Acc: 66.018 | Time: 136.596 |
[Eval] Epoch: 18 | Teacher Test Loss: 1.525 | Teacher Test Acc: 56.580 | Student Test Loss: 1.659 | Student Test Acc: 54.040 | Teacher Test F1: 0.570 | Student Test F1: 0.537 | Teacher Top 5 Accuracy: 0.860 | Student Top 5 Accuracy: 0.832 | Time: 2.734 | 
Running student landscape probe...
[LR policy] epoch=18 output=residual_log policy_pred=-0.263268 predicted_lr=0.367429 cosine_blend=0.750 lr_ema=0.000 cosine_after=0 next_student_lr=0.450425
[Train] Epoch: 19 | Teacher lr=0.4776 | Teacher Loss: 1.356 | Teacher Train Acc: 69.850 | Student lr=0.4504 | Student Train Acc: 66.824 | Time: 137.995 |
[Eval] Epoch: 19 | Teacher Test Loss: 1.326 | Teacher Test Acc: 61.770 | Student Test Loss: 1.700 | Student Test Acc: 54.180 | Teacher Test F1: 0.619 | Student Test F1: 0.541 | Teacher Top 5 Accuracy: 0.888 | Student Top 5 Accuracy: 0.831 | Time: 2.511 | 
Running student landscape probe...
[LR policy] epoch=19 output=residual_log policy_pred=-0.266692 predicted_lr=0.331984 cosine_blend=0.750 lr_ema=0.000 cosine_after=0 next_student_lr=0.408084
[Train] Epoch: 20 | Teacher lr=0.4329 | Teacher Loss: 1.308 | Teacher Train Acc: 70.860 | Student lr=0.4081 | Student Train Acc: 67.866 | Time: 137.968 |
[Eval] Epoch: 20 | Teacher Test Loss: 1.327 | Teacher Test Acc: 61.870 | Student Test Loss: 1.699 | Student Test Acc: 53.580 | Teacher Test F1: 0.617 | Student Test F1: 0.536 | Teacher Top 5 Accuracy: 0.892 | Student Top 5 Accuracy: 0.832 | Time: 2.491 | 
Running student landscape probe...
[LR policy] epoch=20 output=residual_log policy_pred=-0.262935 predicted_lr=0.299330 cosine_blend=0.750 lr_ema=0.000 cosine_after=0 next_student_lr=0.366846
[Train] Epoch: 21 | Teacher lr=0.3887 | Teacher Loss: 1.255 | Teacher Train Acc: 72.396 | Student lr=0.3668 | Student Train Acc: 68.820 | Time: 137.796 |
[Eval] Epoch: 21 | Teacher Test Loss: 1.246 | Teacher Test Acc: 64.590 | Student Test Loss: 1.628 | Student Test Acc: 55.370 | Teacher Test F1: 0.644 | Student Test F1: 0.552 | Teacher Top 5 Accuracy: 0.901 | Student Top 5 Accuracy: 0.846 | Time: 2.705 | 
Running student landscape probe...
[LR policy] epoch=21 output=residual_log policy_pred=-0.264559 predicted_lr=0.265683 cosine_blend=0.750 lr_ema=0.000 cosine_after=0 next_student_lr=0.326030
[Train] Epoch: 22 | Teacher lr=0.3455 | Teacher Loss: 1.202 | Teacher Train Acc: 73.734 | Student lr=0.3260 | Student Train Acc: 69.986 | Time: 137.643 |
[Eval] Epoch: 22 | Teacher Test Loss: 1.210 | Teacher Test Acc: 65.030 | Student Test Loss: 1.687 | Student Test Acc: 54.560 | Teacher Test F1: 0.652 | Student Test F1: 0.543 | Teacher Top 5 Accuracy: 0.904 | Student Top 5 Accuracy: 0.829 | Time: 2.519 | 
Running student landscape probe...
[LR policy] epoch=22 output=residual_log policy_pred=-0.267049 predicted_lr=0.232894 cosine_blend=0.750 lr_ema=0.000 cosine_after=0 next_student_lr=0.286361
[Train] Epoch: 23 | Teacher lr=0.3035 | Teacher Loss: 1.146 | Teacher Train Acc: 75.378 | Student lr=0.2864 | Student Train Acc: 70.968 | Time: 136.830 |
[Eval] Epoch: 23 | Teacher Test Loss: 1.154 | Teacher Test Acc: 66.580 | Student Test Loss: 1.869 | Student Test Acc: 50.550 | Teacher Test F1: 0.668 | Student Test F1: 0.508 | Teacher Top 5 Accuracy: 0.911 | Student Top 5 Accuracy: 0.810 | Time: 2.519 | 
Running student landscape probe...
[LR policy] epoch=23 output=residual_log policy_pred=-0.262837 predicted_lr=0.202829 cosine_blend=0.750 lr_ema=0.000 cosine_after=0 next_student_lr=0.248559
[Train] Epoch: 24 | Teacher lr=0.2631 | Teacher Loss: 1.093 | Teacher Train Acc: 76.830 | Student lr=0.2486 | Student Train Acc: 71.870 | Time: 135.140 |
[Eval] Epoch: 24 | Teacher Test Loss: 1.175 | Teacher Test Acc: 66.640 | Student Test Loss: 1.460 | Student Test Acc: 59.040 | Teacher Test F1: 0.664 | Student Test F1: 0.591 | Teacher Top 5 Accuracy: 0.903 | Student Top 5 Accuracy: 0.872 | Time: 2.520 | 
Running student landscape probe...
[LR policy] epoch=24 output=residual_log policy_pred=-0.263068 predicted_lr=0.173206 cosine_blend=0.750 lr_ema=0.000 cosine_after=0 next_student_lr=0.212297
[Train] Epoch: 25 | Teacher lr=0.2246 | Teacher Loss: 1.028 | Teacher Train Acc: 78.690 | Student lr=0.2123 | Student Train Acc: 73.418 | Time: 136.227 |
[Eval] Epoch: 25 | Teacher Test Loss: 1.087 | Teacher Test Acc: 68.570 | Student Test Loss: 1.415 | Student Test Acc: 60.110 | Teacher Test F1: 0.685 | Student Test F1: 0.597 | Teacher Top 5 Accuracy: 0.919 | Student Top 5 Accuracy: 0.877 | Time: 2.506 | 
Running student landscape probe...
[LR policy] epoch=25 output=residual_log policy_pred=-0.260073 predicted_lr=0.145770 cosine_blend=0.750 lr_ema=0.000 cosine_after=0 next_student_lr=0.178243
[Train] Epoch: 26 | Teacher lr=0.1883 | Teacher Loss: 0.966 | Teacher Train Acc: 80.456 | Student lr=0.1782 | Student Train Acc: 74.730 | Time: 135.825 |
[Eval] Epoch: 26 | Teacher Test Loss: 1.046 | Teacher Test Acc: 69.870 | Student Test Loss: 1.411 | Student Test Acc: 60.850 | Teacher Test F1: 0.697 | Student Test F1: 0.607 | Teacher Top 5 Accuracy: 0.923 | Student Top 5 Accuracy: 0.873 | Time: 2.619 | 
Running student landscape probe...
[LR policy] epoch=26 output=residual_log policy_pred=-0.262424 predicted_lr=0.119465 cosine_blend=0.750 lr_ema=0.000 cosine_after=0 next_student_lr=0.146352
[Train] Epoch: 27 | Teacher lr=0.1545 | Teacher Loss: 0.902 | Teacher Train Acc: 82.368 | Student lr=0.1464 | Student Train Acc: 76.204 | Time: 137.963 |
[Eval] Epoch: 27 | Teacher Test Loss: 1.004 | Teacher Test Acc: 70.880 | Student Test Loss: 1.339 | Student Test Acc: 62.780 | Teacher Test F1: 0.710 | Student Test F1: 0.629 | Teacher Top 5 Accuracy: 0.930 | Student Top 5 Accuracy: 0.889 | Time: 2.490 | 
Running student landscape probe...
[LR policy] epoch=27 output=residual_log policy_pred=-0.261330 predicted_lr=0.095746 cosine_blend=0.750 lr_ema=0.000 cosine_after=0 next_student_lr=0.117192
[Train] Epoch: 28 | Teacher lr=0.1235 | Teacher Loss: 0.840 | Teacher Train Acc: 84.026 | Student lr=0.1172 | Student Train Acc: 77.524 | Time: 137.365 |
[Eval] Epoch: 28 | Teacher Test Loss: 0.966 | Teacher Test Acc: 72.160 | Student Test Loss: 1.332 | Student Test Acc: 63.250 | Teacher Test F1: 0.721 | Student Test F1: 0.634 | Teacher Top 5 Accuracy: 0.932 | Student Top 5 Accuracy: 0.889 | Time: 2.454 | 
Running student landscape probe...
[LR policy] epoch=28 output=residual_log policy_pred=-0.262939 predicted_lr=0.074108 cosine_blend=0.750 lr_ema=0.000 cosine_after=0 next_student_lr=0.090824
[Train] Epoch: 29 | Teacher lr=0.0955 | Teacher Loss: 0.768 | Teacher Train Acc: 86.044 | Student lr=0.0908 | Student Train Acc: 79.042 | Time: 136.778 |
[Eval] Epoch: 29 | Teacher Test Loss: 0.946 | Teacher Test Acc: 72.480 | Student Test Loss: 1.275 | Student Test Acc: 65.070 | Teacher Test F1: 0.723 | Student Test F1: 0.649 | Teacher Top 5 Accuracy: 0.935 | Student Top 5 Accuracy: 0.896 | Time: 2.528 | 
Running student landscape probe...
[LR policy] epoch=29 output=residual_log policy_pred=-0.264503 predicted_lr=0.055040 cosine_blend=0.750 lr_ema=0.000 cosine_after=0 next_student_lr=0.067539
[Train] Epoch: 30 | Teacher lr=0.0708 | Teacher Loss: 0.705 | Teacher Train Acc: 87.926 | Student lr=0.0675 | Student Train Acc: 80.948 | Time: 136.032 |
[Eval] Epoch: 30 | Teacher Test Loss: 0.917 | Teacher Test Acc: 73.510 | Student Test Loss: 1.265 | Student Test Acc: 64.840 | Teacher Test F1: 0.735 | Student Test F1: 0.648 | Teacher Top 5 Accuracy: 0.939 | Student Top 5 Accuracy: 0.902 | Time: 2.512 | 
Running student landscape probe...
[LR policy] epoch=30 output=residual_log policy_pred=-0.263349 predicted_lr=0.038782 cosine_blend=0.750 lr_ema=0.000 cosine_after=0 next_student_lr=0.047545
[Train] Epoch: 31 | Teacher lr=0.0495 | Teacher Loss: 0.641 | Teacher Train Acc: 89.602 | Student lr=0.0475 | Student Train Acc: 82.524 | Time: 136.227 |
[Eval] Epoch: 31 | Teacher Test Loss: 0.891 | Teacher Test Acc: 74.440 | Student Test Loss: 1.180 | Student Test Acc: 67.080 | Teacher Test F1: 0.743 | Student Test F1: 0.669 | Teacher Top 5 Accuracy: 0.940 | Student Top 5 Accuracy: 0.910 | Time: 2.679 | 
Running student landscape probe...
[LR policy] epoch=31 output=residual_log policy_pred=-0.265784 predicted_lr=0.025183 cosine_blend=0.750 lr_ema=0.000 cosine_after=0 next_student_lr=0.030934
[Train] Epoch: 32 | Teacher lr=0.0319 | Teacher Loss: 0.590 | Teacher Train Acc: 90.904 | Student lr=0.0309 | Student Train Acc: 84.244 | Time: 134.899 |
[Eval] Epoch: 32 | Teacher Test Loss: 0.869 | Teacher Test Acc: 74.880 | Student Test Loss: 1.151 | Student Test Acc: 68.060 | Teacher Test F1: 0.749 | Student Test F1: 0.679 | Teacher Top 5 Accuracy: 0.942 | Student Top 5 Accuracy: 0.913 | Time: 2.720 | 
Running student landscape probe...
[LR policy] epoch=32 output=residual_log policy_pred=-0.263423 predicted_lr=0.014600 cosine_blend=0.750 lr_ema=0.000 cosine_after=0 next_student_lr=0.017901
[Train] Epoch: 33 | Teacher lr=0.0180 | Teacher Loss: 0.538 | Teacher Train Acc: 92.134 | Student lr=0.0179 | Student Train Acc: 85.812 | Time: 138.056 |
[Eval] Epoch: 33 | Teacher Test Loss: 0.867 | Teacher Test Acc: 74.950 | Student Test Loss: 1.114 | Student Test Acc: 68.750 | Teacher Test F1: 0.750 | Student Test F1: 0.687 | Teacher Top 5 Accuracy: 0.943 | Student Top 5 Accuracy: 0.917 | Time: 2.636 | 
Running student landscape probe...
[LR policy] epoch=33 output=residual_log policy_pred=-0.267084 predicted_lr=0.006911 cosine_blend=0.750 lr_ema=0.000 cosine_after=0 next_student_lr=0.008498
[Train] Epoch: 34 | Teacher lr=0.0080 | Teacher Loss: 0.507 | Teacher Train Acc: 92.790 | Student lr=0.0085 | Student Train Acc: 87.152 | Time: 136.719 |
[Eval] Epoch: 34 | Teacher Test Loss: 0.862 | Teacher Test Acc: 75.040 | Student Test Loss: 1.098 | Student Test Acc: 69.450 | Teacher Test F1: 0.750 | Student Test F1: 0.694 | Teacher Top 5 Accuracy: 0.944 | Student Top 5 Accuracy: 0.920 | Time: 2.672 | 
Running student landscape probe...
[LR policy] epoch=34 output=residual_log policy_pred=-0.263605 predicted_lr=0.002313 cosine_blend=0.750 lr_ema=0.000 cosine_after=0 next_student_lr=0.002836
[Train] Epoch: 35 | Teacher lr=0.0020 | Teacher Loss: 0.488 | Teacher Train Acc: 93.346 | Student lr=0.0028 | Student Train Acc: 87.756 | Time: 125.948 |
[Eval] Epoch: 35 | Teacher Test Loss: 0.862 | Teacher Test Acc: 75.040 | Student Test Loss: 1.088 | Student Test Acc: 69.880 | Teacher Test F1: 0.751 | Student Test F1: 0.698 | Teacher Top 5 Accuracy: 0.943 | Student Top 5 Accuracy: 0.921 | Time: 1.671 | 
Running student landscape probe...
[LR policy] epoch=35 output=residual_log policy_pred=-0.265525 predicted_lr=0.001000 cosine_blend=0.750 lr_ema=0.000 cosine_after=0 next_student_lr=0.001000
ckpt location: ckpt/robust12h_stars/patchtst_noshock_seed8_35ep.pt
