/home/jovyan/.mlspace/envs/egy_llm/lib/python3.11/site-packages/torchvision/datasets/cifar.py:83: VisibleDeprecationWarning: dtype(): align should be passed as Python or NumPy boolean but got `align=0`. Did you mean to pass a tuple to create a subarray type? (Deprecated NumPy 2.4)
  entry = pickle.load(f, encoding="latin1")
depth_list: [110, 20]
[LR policy] loaded checkpoint=checkpoints/policies_beatcos/patchtst_seed0/policy.pt,checkpoints/policies_beatcos/patchtst_seed2/policy.pt,checkpoints/policies_beatcos/patchtst_seed5/policy.pt,checkpoints/policies_beatcos/patchtst_seed7/policy.pt,checkpoints/policies_beatcos/patchtst_seed4/policy.pt model_type=patchtst input_dim=230 n_models=5
Dataset information: cifar100	 50000 images for training 	 10000 images for testing	
teacher depth: 110
student depth: 20
Total number of teacher parameters: 1,169,972
Total number of student parameters: 278,132
Snapshots will be saved to: snapshots/robust12h_stars/patchtst_shock05_seed5_35ep
==== train and evaluate unequal restart ====
[Eval] Epoch: 0 | Teacher Test Loss: 8199.934 | Teacher Test Acc: 1.000 | Student Test Loss: 5.076 | Student Test Acc: 0.970 | Teacher Test F1: 0.000 | Student Test F1: 0.001 | Teacher Top 5 Accuracy: 0.050 | Student Top 5 Accuracy: 0.059 | Time: 2.980 | 
Running student landscape probe...
[Train] Epoch: 1 | Teacher lr=1.0000 | Teacher Loss: 4.035 | Teacher Train Acc: 9.768 | Student lr=0.0100 | Student Train Acc: 6.660 | Time: 138.798 |
[Eval] Epoch: 1 | Teacher Test Loss: 3.734 | Teacher Test Acc: 13.770 | Student Test Loss: 3.863 | Student Test Acc: 9.890 | Teacher Test F1: 0.102 | Student Test F1: 0.066 | Teacher Top 5 Accuracy: 0.370 | Student Top 5 Accuracy: 0.304 | Time: 2.095 | 
Running student landscape probe...
[LR policy] epoch=1 output=residual_log policy_pred=-0.242724 predicted_lr=0.782910 cosine_blend=0.750 lr_ema=0.000 cosine_after=0 next_student_lr=0.997989
[Train] Epoch: 2 | Teacher lr=0.9980 | Teacher Loss: 3.392 | Teacher Train Acc: 21.234 | Student lr=0.9980 | Student Train Acc: 18.694 | Time: 139.166 |
[Eval] Epoch: 2 | Teacher Test Loss: 3.225 | Teacher Test Acc: 21.130 | Student Test Loss: 4.107 | Student Test Acc: 15.420 | Teacher Test F1: 0.189 | Student Test F1: 0.132 | Teacher Top 5 Accuracy: 0.504 | Student Top 5 Accuracy: 0.409 | Time: 2.218 | 
Running student landscape probe...
[LR policy] epoch=2 output=residual_log policy_pred=-0.210230 predicted_lr=0.803893 cosine_blend=0.750 lr_ema=0.000 cosine_after=0 next_student_lr=0.991973
[Train] Epoch: 3 | Teacher lr=0.9920 | Teacher Loss: 2.800 | Teacher Train Acc: 32.988 | Student lr=0.9920 | Student Train Acc: 40.916 | Time: 136.692 |
[Eval] Epoch: 3 | Teacher Test Loss: 2.819 | Teacher Test Acc: 28.720 | Student Test Loss: 3.001 | Student Test Acc: 27.640 | Teacher Test F1: 0.275 | Student Test F1: 0.258 | Teacher Top 5 Accuracy: 0.615 | Student Top 5 Accuracy: 0.589 | Time: 2.534 | 
Running student landscape probe...
[LR policy] epoch=3 output=residual_log policy_pred=-0.259196 predicted_lr=0.757781 cosine_blend=0.750 lr_ema=0.000 cosine_after=0 next_student_lr=0.981999
[Train] Epoch: 4 | Teacher lr=0.9820 | Teacher Loss: 2.451 | Teacher Train Acc: 41.330 | Student lr=0.9820 | Student Train Acc: 48.386 | Time: 138.823 |
[Eval] Epoch: 4 | Teacher Test Loss: 2.342 | Teacher Test Acc: 37.350 | Student Test Loss: 3.137 | Student Test Acc: 29.500 | Teacher Test F1: 0.359 | Student Test F1: 0.281 | Teacher Top 5 Accuracy: 0.711 | Student Top 5 Accuracy: 0.594 | Time: 2.341 | 
Running student landscape probe...
[LR policy] epoch=4 output=residual_log policy_pred=-0.227151 predicted_lr=0.771422 cosine_blend=0.750 lr_ema=0.000 cosine_after=0 next_student_lr=0.968149
[Train] Epoch: 5 | Teacher lr=0.9681 | Teacher Loss: 2.231 | Teacher Train Acc: 46.340 | Student lr=0.9681 | Student Train Acc: 52.442 | Time: 138.537 |
[Eval] Epoch: 5 | Teacher Test Loss: 2.046 | Teacher Test Acc: 44.440 | Student Test Loss: 2.795 | Student Test Acc: 32.590 | Teacher Test F1: 0.436 | Student Test F1: 0.319 | Teacher Top 5 Accuracy: 0.767 | Student Top 5 Accuracy: 0.637 | Time: 2.323 | 
Running student landscape probe...
[LR policy] epoch=5 output=residual_log policy_pred=-0.259730 predicted_lr=0.733108 cosine_blend=0.750 lr_ema=0.000 cosine_after=0 next_student_lr=0.950534
[Train] Epoch: 6 | Teacher lr=0.9505 | Teacher Loss: 2.097 | Teacher Train Acc: 50.180 | Student lr=0.9505 | Student Train Acc: 54.938 | Time: 139.549 |
[Eval] Epoch: 6 | Teacher Test Loss: 2.048 | Teacher Test Acc: 45.140 | Student Test Loss: 4.073 | Student Test Acc: 24.220 | Teacher Test F1: 0.445 | Student Test F1: 0.234 | Teacher Top 5 Accuracy: 0.773 | Student Top 5 Accuracy: 0.531 | Time: 2.436 | 
Running student landscape probe...
[LR policy] epoch=6 output=residual_log policy_pred=-0.221779 predicted_lr=0.744451 cosine_blend=0.750 lr_ema=0.000 cosine_after=0 next_student_lr=0.929295
[Train] Epoch: 7 | Teacher lr=0.9292 | Teacher Loss: 1.988 | Teacher Train Acc: 52.678 | Student lr=0.9293 | Student Train Acc: 56.096 | Time: 136.688 |
[Eval] Epoch: 7 | Teacher Test Loss: 2.071 | Teacher Test Acc: 44.850 | Student Test Loss: 2.126 | Student Test Acc: 43.370 | Teacher Test F1: 0.431 | Student Test F1: 0.423 | Teacher Top 5 Accuracy: 0.771 | Student Top 5 Accuracy: 0.752 | Time: 2.308 | 
Running student landscape probe...
[LR policy] epoch=7 output=residual_log policy_pred=-0.259671 predicted_lr=0.697726 cosine_blend=0.750 lr_ema=0.000 cosine_after=0 next_student_lr=0.904604
[Train] Epoch: 8 | Teacher lr=0.9045 | Teacher Loss: 1.901 | Teacher Train Acc: 54.976 | Student lr=0.9046 | Student Train Acc: 57.362 | Time: 137.858 |
[Eval] Epoch: 8 | Teacher Test Loss: 2.156 | Teacher Test Acc: 44.020 | Student Test Loss: 2.383 | Student Test Acc: 38.990 | Teacher Test F1: 0.429 | Student Test F1: 0.389 | Teacher Top 5 Accuracy: 0.754 | Student Top 5 Accuracy: 0.722 | Time: 2.405 | 
Running student landscape probe...
[LR policy] epoch=8 output=residual_log policy_pred=-0.241982 predicted_lr=0.688239 cosine_blend=0.750 lr_ema=0.000 cosine_after=0 next_student_lr=0.876659
[Train] Epoch: 9 | Teacher lr=0.8765 | Teacher Loss: 1.829 | Teacher Train Acc: 57.024 | Student lr=0.8767 | Student Train Acc: 58.740 | Time: 140.182 |
[Eval] Epoch: 9 | Teacher Test Loss: 2.004 | Teacher Test Acc: 46.360 | Student Test Loss: 2.960 | Student Test Acc: 32.580 | Teacher Test F1: 0.465 | Student Test F1: 0.330 | Teacher Top 5 Accuracy: 0.785 | Student Top 5 Accuracy: 0.665 | Time: 2.350 | 
Running student landscape probe...
[LR policy] epoch=9 output=residual_log policy_pred=-0.265784 predicted_lr=0.648307 cosine_blend=0.750 lr_ema=0.000 cosine_after=0 next_student_lr=0.845686
[Train] Epoch: 10 | Teacher lr=0.8455 | Teacher Loss: 1.810 | Teacher Train Acc: 57.680 | Student lr=0.8457 | Student Train Acc: 59.454 | Time: 135.927 |
[Eval] Epoch: 10 | Teacher Test Loss: 1.784 | Teacher Test Acc: 50.860 | Student Test Loss: 2.824 | Student Test Acc: 34.540 | Teacher Test F1: 0.509 | Student Test F1: 0.359 | Teacher Top 5 Accuracy: 0.815 | Student Top 5 Accuracy: 0.675 | Time: 2.507 | 
Running student landscape probe...
[LR policy] epoch=10 output=residual_log policy_pred=-0.249278 predicted_lr=0.632791 cosine_blend=0.750 lr_ema=0.000 cosine_after=0 next_student_lr=0.811933
[Train] Epoch: 11 | Teacher lr=0.8117 | Teacher Loss: 1.712 | Teacher Train Acc: 60.224 | Student lr=0.8119 | Student Train Acc: 60.572 | Time: 138.841 |
[Eval] Epoch: 11 | Teacher Test Loss: 1.846 | Teacher Test Acc: 49.660 | Student Test Loss: 2.270 | Student Test Acc: 41.940 | Teacher Test F1: 0.497 | Student Test F1: 0.417 | Teacher Top 5 Accuracy: 0.803 | Student Top 5 Accuracy: 0.738 | Time: 2.511 | 
Running student landscape probe...
[LR policy] epoch=11 output=residual_log policy_pred=-0.268752 predicted_lr=0.592872 cosine_blend=0.750 lr_ema=0.000 cosine_after=0 next_student_lr=0.729973
[Train] Epoch: 12 | Teacher lr=0.7754 | Teacher Loss: 1.657 | Teacher Train Acc: 61.524 | Student lr=0.7300 | Student Train Acc: 62.018 | Time: 139.834 |
[Eval] Epoch: 12 | Teacher Test Loss: 1.578 | Teacher Test Acc: 55.770 | Student Test Loss: 2.183 | Student Test Acc: 44.190 | Teacher Test F1: 0.554 | Student Test F1: 0.437 | Teacher Top 5 Accuracy: 0.848 | Student Top 5 Accuracy: 0.755 | Time: 2.754 | 
Running student landscape probe...
[LR policy] epoch=12 output=residual_log policy_pred=-0.258897 predicted_lr=0.569044 cosine_blend=0.750 lr_ema=0.000 cosine_after=0 next_student_lr=0.695159
[Train] Epoch: 13 | Teacher lr=0.7369 | Teacher Loss: 1.607 | Teacher Train Acc: 62.800 | Student lr=0.6952 | Student Train Acc: 62.750 | Time: 138.977 |
[Eval] Epoch: 13 | Teacher Test Loss: 1.837 | Teacher Test Acc: 50.350 | Student Test Loss: 3.532 | Student Test Acc: 23.250 | Teacher Test F1: 0.504 | Student Test F1: 0.220 | Teacher Top 5 Accuracy: 0.819 | Student Top 5 Accuracy: 0.526 | Time: 2.753 | 
Running student landscape probe...
[LR policy] epoch=13 output=residual_log policy_pred=-0.263407 predicted_lr=0.535454 cosine_blend=0.750 lr_ema=0.000 cosine_after=0 next_student_lr=0.656475
[Train] Epoch: 14 | Teacher lr=0.6965 | Teacher Loss: 1.568 | Teacher Train Acc: 64.064 | Student lr=0.6565 | Student Train Acc: 63.114 | Time: 138.441 |
[Eval] Epoch: 14 | Teacher Test Loss: 1.495 | Teacher Test Acc: 57.860 | Student Test Loss: 2.197 | Student Test Acc: 43.090 | Teacher Test F1: 0.576 | Student Test F1: 0.428 | Teacher Top 5 Accuracy: 0.863 | Student Top 5 Accuracy: 0.747 | Time: 2.537 | 
Running student landscape probe...
[LR policy] epoch=14 output=residual_log policy_pred=-0.262405 predicted_lr=0.503713 cosine_blend=0.750 lr_ema=0.000 cosine_after=0 next_student_lr=0.617069
[Train] Epoch: 15 | Teacher lr=0.6545 | Teacher Loss: 1.524 | Teacher Train Acc: 65.028 | Student lr=0.6171 | Student Train Acc: 64.244 | Time: 140.305 |
[Eval] Epoch: 15 | Teacher Test Loss: 1.524 | Teacher Test Acc: 56.680 | Student Test Loss: 1.914 | Student Test Acc: 48.140 | Teacher Test F1: 0.566 | Student Test F1: 0.476 | Teacher Top 5 Accuracy: 0.858 | Student Top 5 Accuracy: 0.796 | Time: 2.556 | 
Running student landscape probe...
[LR policy] epoch=15 output=residual_log policy_pred=-0.267766 predicted_lr=0.467965 cosine_blend=0.750 lr_ema=0.000 cosine_after=0 next_student_lr=0.575728
[Train] Epoch: 16 | Teacher lr=0.6113 | Teacher Loss: 1.473 | Teacher Train Acc: 66.332 | Student lr=0.5757 | Student Train Acc: 64.920 | Time: 137.028 |
[Eval] Epoch: 16 | Teacher Test Loss: 1.418 | Teacher Test Acc: 59.410 | Student Test Loss: 2.032 | Student Test Acc: 47.280 | Teacher Test F1: 0.584 | Student Test F1: 0.465 | Teacher Top 5 Accuracy: 0.876 | Student Top 5 Accuracy: 0.789 | Time: 2.555 | 
Running student landscape probe...
[LR policy] epoch=16 output=residual_log policy_pred=-0.264253 predicted_lr=0.435753 cosine_blend=0.750 lr_ema=0.000 cosine_after=0 next_student_lr=0.534600
[Train] Epoch: 17 | Teacher lr=0.5671 | Teacher Loss: 1.429 | Teacher Train Acc: 67.678 | Student lr=0.5346 | Student Train Acc: 65.554 | Time: 136.476 |
[Eval] Epoch: 17 | Teacher Test Loss: 1.427 | Teacher Test Acc: 59.580 | Student Test Loss: 2.078 | Student Test Acc: 47.570 | Teacher Test F1: 0.598 | Student Test F1: 0.483 | Teacher Top 5 Accuracy: 0.872 | Student Top 5 Accuracy: 0.796 | Time: 2.554 | 
Running student landscape probe...
[LR policy] epoch=17 output=residual_log policy_pred=-0.263591 predicted_lr=0.401745 cosine_blend=0.750 lr_ema=0.000 cosine_after=0 next_student_lr=0.492619
[Train] Epoch: 18 | Teacher lr=0.5224 | Teacher Loss: 1.391 | Teacher Train Acc: 68.582 | Student lr=0.4926 | Student Train Acc: 66.644 | Time: 136.583 |
[Eval] Epoch: 18 | Teacher Test Loss: 1.390 | Teacher Test Acc: 59.710 | Student Test Loss: 2.272 | Student Test Acc: 42.330 | Teacher Test F1: 0.599 | Student Test F1: 0.422 | Teacher Top 5 Accuracy: 0.883 | Student Top 5 Accuracy: 0.729 | Time: 2.552 | 
Running student landscape probe...
[LR policy] epoch=18 output=residual_log policy_pred=-0.255615 predicted_lr=0.370252 cosine_blend=0.750 lr_ema=0.000 cosine_after=0 next_student_lr=0.451131
[Train] Epoch: 19 | Teacher lr=0.4776 | Teacher Loss: 1.338 | Teacher Train Acc: 69.984 | Student lr=0.4511 | Student Train Acc: 67.428 | Time: 139.655 |
[Eval] Epoch: 19 | Teacher Test Loss: 1.377 | Teacher Test Acc: 60.750 | Student Test Loss: 1.847 | Student Test Acc: 50.020 | Teacher Test F1: 0.607 | Student Test F1: 0.494 | Teacher Top 5 Accuracy: 0.886 | Student Top 5 Accuracy: 0.815 | Time: 2.747 | 
Running student landscape probe...
[LR policy] epoch=19 output=residual_log policy_pred=-0.267445 predicted_lr=0.331734 cosine_blend=0.750 lr_ema=0.000 cosine_after=0 next_student_lr=0.408021
[shock] epoch=20 forcing student_lr=0.500000 (window=20..21)
[Train] Epoch: 20 | Teacher lr=0.4329 | Teacher Loss: 1.309 | Teacher Train Acc: 71.306 | Student lr=0.5000 | Student Train Acc: 66.344 | Time: 139.409 |
[Eval] Epoch: 20 | Teacher Test Loss: 1.260 | Teacher Test Acc: 64.040 | Student Test Loss: 1.709 | Student Test Acc: 52.720 | Teacher Test F1: 0.643 | Student Test F1: 0.522 | Teacher Top 5 Accuracy: 0.894 | Student Top 5 Accuracy: 0.833 | Time: 2.544 | 
Running student landscape probe...
[LR policy] epoch=20 output=residual_log policy_pred=-0.261831 predicted_lr=0.299660 cosine_blend=0.750 lr_ema=0.000 cosine_after=0 next_student_lr=0.366928
[shock] epoch=21 forcing student_lr=0.500000 (window=20..21)
[Train] Epoch: 21 | Teacher lr=0.3887 | Teacher Loss: 1.260 | Teacher Train Acc: 72.902 | Student lr=0.5000 | Student Train Acc: 66.974 | Time: 135.403 |
[Eval] Epoch: 21 | Teacher Test Loss: 1.259 | Teacher Test Acc: 63.500 | Student Test Loss: 1.802 | Student Test Acc: 52.700 | Teacher Test F1: 0.634 | Student Test F1: 0.524 | Teacher Top 5 Accuracy: 0.898 | Student Top 5 Accuracy: 0.828 | Time: 2.537 | 
Running student landscape probe...
[LR policy] epoch=21 output=residual_log policy_pred=-0.267370 predicted_lr=0.264937 cosine_blend=0.750 lr_ema=0.000 cosine_after=0 next_student_lr=0.325844
[Train] Epoch: 22 | Teacher lr=0.3455 | Teacher Loss: 1.177 | Teacher Train Acc: 74.204 | Student lr=0.3258 | Student Train Acc: 70.632 | Time: 139.770 |
[Eval] Epoch: 22 | Teacher Test Loss: 1.206 | Teacher Test Acc: 64.900 | Student Test Loss: 1.575 | Student Test Acc: 56.770 | Teacher Test F1: 0.648 | Student Test F1: 0.568 | Teacher Top 5 Accuracy: 0.904 | Student Top 5 Accuracy: 0.852 | Time: 2.517 | 
Running student landscape probe...
[LR policy] epoch=22 output=residual_log policy_pred=-0.260776 predicted_lr=0.234360 cosine_blend=0.750 lr_ema=0.000 cosine_after=0 next_student_lr=0.286728
[Train] Epoch: 23 | Teacher lr=0.3035 | Teacher Loss: 1.134 | Teacher Train Acc: 75.604 | Student lr=0.2867 | Student Train Acc: 71.388 | Time: 140.068 |
[Eval] Epoch: 23 | Teacher Test Loss: 1.158 | Teacher Test Acc: 66.530 | Student Test Loss: 1.540 | Student Test Acc: 57.590 | Teacher Test F1: 0.662 | Student Test F1: 0.582 | Teacher Top 5 Accuracy: 0.906 | Student Top 5 Accuracy: 0.857 | Time: 2.530 | 
Running student landscape probe...
[LR policy] epoch=23 output=residual_log policy_pred=-0.264056 predicted_lr=0.202582 cosine_blend=0.750 lr_ema=0.000 cosine_after=0 next_student_lr=0.248497
[Train] Epoch: 24 | Teacher lr=0.2631 | Teacher Loss: 1.081 | Teacher Train Acc: 76.966 | Student lr=0.2485 | Student Train Acc: 72.716 | Time: 136.838 |
[Eval] Epoch: 24 | Teacher Test Loss: 1.059 | Teacher Test Acc: 68.840 | Student Test Loss: 1.813 | Student Test Acc: 52.470 | Teacher Test F1: 0.689 | Student Test F1: 0.528 | Teacher Top 5 Accuracy: 0.921 | Student Top 5 Accuracy: 0.816 | Time: 2.518 | 
Running student landscape probe...
[LR policy] epoch=24 output=residual_log policy_pred=-0.263537 predicted_lr=0.173125 cosine_blend=0.750 lr_ema=0.000 cosine_after=0 next_student_lr=0.212277
[Train] Epoch: 25 | Teacher lr=0.2246 | Teacher Loss: 1.017 | Teacher Train Acc: 78.758 | Student lr=0.2123 | Student Train Acc: 73.798 | Time: 138.150 |
[Eval] Epoch: 25 | Teacher Test Loss: 1.061 | Teacher Test Acc: 69.210 | Student Test Loss: 1.384 | Student Test Acc: 61.600 | Teacher Test F1: 0.691 | Student Test F1: 0.615 | Teacher Top 5 Accuracy: 0.919 | Student Top 5 Accuracy: 0.877 | Time: 2.750 | 
Running student landscape probe...
[LR policy] epoch=25 output=residual_log policy_pred=-0.261277 predicted_lr=0.145594 cosine_blend=0.750 lr_ema=0.000 cosine_after=0 next_student_lr=0.178199
[Train] Epoch: 26 | Teacher lr=0.1883 | Teacher Loss: 0.951 | Teacher Train Acc: 80.804 | Student lr=0.1782 | Student Train Acc: 75.372 | Time: 138.173 |
[Eval] Epoch: 26 | Teacher Test Loss: 1.031 | Teacher Test Acc: 70.200 | Student Test Loss: 1.378 | Student Test Acc: 61.460 | Teacher Test F1: 0.701 | Student Test F1: 0.614 | Teacher Top 5 Accuracy: 0.925 | Student Top 5 Accuracy: 0.880 | Time: 2.555 | 
Running student landscape probe...
[LR policy] epoch=26 output=residual_log policy_pred=-0.267404 predicted_lr=0.118872 cosine_blend=0.750 lr_ema=0.000 cosine_after=0 next_student_lr=0.146204
[Train] Epoch: 27 | Teacher lr=0.1545 | Teacher Loss: 0.890 | Teacher Train Acc: 82.560 | Student lr=0.1462 | Student Train Acc: 76.602 | Time: 138.405 |
[Eval] Epoch: 27 | Teacher Test Loss: 0.995 | Teacher Test Acc: 71.270 | Student Test Loss: 1.391 | Student Test Acc: 61.080 | Teacher Test F1: 0.712 | Student Test F1: 0.612 | Teacher Top 5 Accuracy: 0.929 | Student Top 5 Accuracy: 0.878 | Time: 2.501 | 
Running student landscape probe...
[LR policy] epoch=27 output=residual_log policy_pred=-0.260067 predicted_lr=0.095867 cosine_blend=0.750 lr_ema=0.000 cosine_after=0 next_student_lr=0.117222
[Train] Epoch: 28 | Teacher lr=0.1235 | Teacher Loss: 0.825 | Teacher Train Acc: 84.408 | Student lr=0.1172 | Student Train Acc: 77.880 | Time: 136.986 |
[Eval] Epoch: 28 | Teacher Test Loss: 0.970 | Teacher Test Acc: 71.060 | Student Test Loss: 1.389 | Student Test Acc: 62.150 | Teacher Test F1: 0.709 | Student Test F1: 0.623 | Teacher Top 5 Accuracy: 0.930 | Student Top 5 Accuracy: 0.878 | Time: 2.545 | 
Running student landscape probe...
[LR policy] epoch=28 output=residual_log policy_pred=-0.263314 predicted_lr=0.074080 cosine_blend=0.750 lr_ema=0.000 cosine_after=0 next_student_lr=0.090817
[Train] Epoch: 29 | Teacher lr=0.0955 | Teacher Loss: 0.754 | Teacher Train Acc: 86.404 | Student lr=0.0908 | Student Train Acc: 79.566 | Time: 138.929 |
[Eval] Epoch: 29 | Teacher Test Loss: 0.952 | Teacher Test Acc: 71.960 | Student Test Loss: 1.289 | Student Test Acc: 64.390 | Teacher Test F1: 0.720 | Student Test F1: 0.644 | Teacher Top 5 Accuracy: 0.934 | Student Top 5 Accuracy: 0.898 | Time: 2.533 | 
Running student landscape probe...
[LR policy] epoch=29 output=residual_log policy_pred=-0.261654 predicted_lr=0.055197 cosine_blend=0.750 lr_ema=0.000 cosine_after=0 next_student_lr=0.067578
[Train] Epoch: 30 | Teacher lr=0.0708 | Teacher Loss: 0.689 | Teacher Train Acc: 88.262 | Student lr=0.0676 | Student Train Acc: 81.280 | Time: 136.579 |
[Eval] Epoch: 30 | Teacher Test Loss: 0.908 | Teacher Test Acc: 73.600 | Student Test Loss: 1.263 | Student Test Acc: 65.640 | Teacher Test F1: 0.736 | Student Test F1: 0.656 | Teacher Top 5 Accuracy: 0.937 | Student Top 5 Accuracy: 0.899 | Time: 2.533 | 
Running student landscape probe...
[LR policy] epoch=30 output=residual_log policy_pred=-0.263659 predicted_lr=0.038770 cosine_blend=0.750 lr_ema=0.000 cosine_after=0 next_student_lr=0.047542
[Train] Epoch: 31 | Teacher lr=0.0495 | Teacher Loss: 0.632 | Teacher Train Acc: 89.594 | Student lr=0.0475 | Student Train Acc: 82.918 | Time: 138.072 |
[Eval] Epoch: 31 | Teacher Test Loss: 0.895 | Teacher Test Acc: 74.200 | Student Test Loss: 1.208 | Student Test Acc: 67.320 | Teacher Test F1: 0.742 | Student Test F1: 0.672 | Teacher Top 5 Accuracy: 0.940 | Student Top 5 Accuracy: 0.907 | Time: 2.725 | 
Running student landscape probe...
[LR policy] epoch=31 output=residual_log policy_pred=-0.262409 predicted_lr=0.025269 cosine_blend=0.750 lr_ema=0.000 cosine_after=0 next_student_lr=0.030955
[Train] Epoch: 32 | Teacher lr=0.0319 | Teacher Loss: 0.572 | Teacher Train Acc: 91.086 | Student lr=0.0310 | Student Train Acc: 84.780 | Time: 138.820 |
[Eval] Epoch: 32 | Teacher Test Loss: 0.874 | Teacher Test Acc: 74.330 | Student Test Loss: 1.155 | Student Test Acc: 68.070 | Teacher Test F1: 0.743 | Student Test F1: 0.681 | Teacher Top 5 Accuracy: 0.942 | Student Top 5 Accuracy: 0.912 | Time: 2.537 | 
Running student landscape probe...
[LR policy] epoch=32 output=residual_log policy_pred=-0.264923 predicted_lr=0.014578 cosine_blend=0.750 lr_ema=0.000 cosine_after=0 next_student_lr=0.017895
[Train] Epoch: 33 | Teacher lr=0.0180 | Teacher Loss: 0.527 | Teacher Train Acc: 92.222 | Student lr=0.0179 | Student Train Acc: 86.344 | Time: 138.052 |
[Eval] Epoch: 33 | Teacher Test Loss: 0.867 | Teacher Test Acc: 74.560 | Student Test Loss: 1.134 | Student Test Acc: 68.840 | Teacher Test F1: 0.746 | Student Test F1: 0.689 | Teacher Top 5 Accuracy: 0.943 | Student Top 5 Accuracy: 0.916 | Time: 2.581 | 
Running student landscape probe...
[LR policy] epoch=33 output=residual_log policy_pred=-0.262182 predicted_lr=0.006945 cosine_blend=0.750 lr_ema=0.000 cosine_after=0 next_student_lr=0.008507
[Train] Epoch: 34 | Teacher lr=0.0080 | Teacher Loss: 0.494 | Teacher Train Acc: 93.046 | Student lr=0.0085 | Student Train Acc: 87.486 | Time: 137.067 |
[Eval] Epoch: 34 | Teacher Test Loss: 0.865 | Teacher Test Acc: 74.430 | Student Test Loss: 1.116 | Student Test Acc: 69.350 | Teacher Test F1: 0.744 | Student Test F1: 0.693 | Teacher Top 5 Accuracy: 0.943 | Student Top 5 Accuracy: 0.919 | Time: 2.563 | 
Running student landscape probe...
[LR policy] epoch=34 output=residual_log policy_pred=-0.264072 predicted_lr=0.002312 cosine_blend=0.750 lr_ema=0.000 cosine_after=0 next_student_lr=0.002836
[Train] Epoch: 35 | Teacher lr=0.0020 | Teacher Loss: 0.476 | Teacher Train Acc: 93.492 | Student lr=0.0028 | Student Train Acc: 88.032 | Time: 129.234 |
[Eval] Epoch: 35 | Teacher Test Loss: 0.863 | Teacher Test Acc: 74.610 | Student Test Loss: 1.103 | Student Test Acc: 69.680 | Teacher Test F1: 0.746 | Student Test F1: 0.697 | Teacher Top 5 Accuracy: 0.943 | Student Top 5 Accuracy: 0.917 | Time: 1.518 | 
Running student landscape probe...
[LR policy] epoch=35 output=residual_log policy_pred=-0.262347 predicted_lr=0.001000 cosine_blend=0.750 lr_ema=0.000 cosine_after=0 next_student_lr=0.001000
ckpt location: ckpt/robust12h_stars/patchtst_shock05_seed5_35ep.pt
