/home/jovyan/.mlspace/envs/egy_llm/lib/python3.11/site-packages/torchvision/datasets/cifar.py:83: VisibleDeprecationWarning: dtype(): align should be passed as Python or NumPy boolean but got `align=0`. Did you mean to pass a tuple to create a subarray type? (Deprecated NumPy 2.4)
  entry = pickle.load(f, encoding="latin1")
depth_list: [110, 20]
[LR policy] loaded checkpoint=checkpoints/policies_beatcos/patchtst_seed0/policy.pt,checkpoints/policies_beatcos/patchtst_seed2/policy.pt,checkpoints/policies_beatcos/patchtst_seed5/policy.pt,checkpoints/policies_beatcos/patchtst_seed7/policy.pt,checkpoints/policies_beatcos/patchtst_seed4/policy.pt model_type=patchtst input_dim=230 n_models=5
Dataset information: cifar100	 50000 images for training 	 10000 images for testing	
teacher depth: 110
student depth: 20
Total number of teacher parameters: 1,169,972
Total number of student parameters: 278,132
Snapshots will be saved to: snapshots/robust12h_stars/patchtst_noshock_seed7_35ep
==== train and evaluate unequal restart ====
[Eval] Epoch: 0 | Teacher Test Loss: 3571.086 | Teacher Test Acc: 1.000 | Student Test Loss: 6.274 | Student Test Acc: 1.210 | Teacher Test F1: 0.000 | Student Test F1: 0.001 | Teacher Top 5 Accuracy: 0.050 | Student Top 5 Accuracy: 0.049 | Time: 2.933 | 
Running student landscape probe...
[Train] Epoch: 1 | Teacher lr=1.0000 | Teacher Loss: 4.024 | Teacher Train Acc: 9.328 | Student lr=0.0100 | Student Train Acc: 7.478 | Time: 140.255 |
[Eval] Epoch: 1 | Teacher Test Loss: 3.617 | Teacher Test Acc: 13.340 | Student Test Loss: 3.797 | Student Test Acc: 11.120 | Teacher Test F1: 0.102 | Student Test F1: 0.071 | Teacher Top 5 Accuracy: 0.394 | Student Top 5 Accuracy: 0.329 | Time: 2.445 | 
Running student landscape probe...
[LR policy] epoch=1 output=residual_log policy_pred=-0.268082 predicted_lr=0.763307 cosine_blend=0.750 lr_ema=0.000 cosine_after=0 next_student_lr=0.997989
[Train] Epoch: 2 | Teacher lr=0.9980 | Teacher Loss: 3.396 | Teacher Train Acc: 21.254 | Student lr=0.9980 | Student Train Acc: 17.582 | Time: 137.589 |
[Eval] Epoch: 2 | Teacher Test Loss: 3.126 | Teacher Test Acc: 23.110 | Student Test Loss: 3.023 | Student Test Acc: 24.280 | Teacher Test F1: 0.205 | Student Test F1: 0.226 | Teacher Top 5 Accuracy: 0.549 | Student Top 5 Accuracy: 0.558 | Time: 2.556 | 
Running student landscape probe...
[LR policy] epoch=2 output=residual_log policy_pred=-0.227586 predicted_lr=0.790061 cosine_blend=0.750 lr_ema=0.000 cosine_after=0 next_student_lr=0.991973
[Train] Epoch: 3 | Teacher lr=0.9920 | Teacher Loss: 2.795 | Teacher Train Acc: 32.946 | Student lr=0.9920 | Student Train Acc: 39.886 | Time: 136.381 |
[Eval] Epoch: 3 | Teacher Test Loss: 2.724 | Teacher Test Acc: 32.520 | Student Test Loss: 2.562 | Student Test Acc: 33.240 | Teacher Test F1: 0.313 | Student Test F1: 0.318 | Teacher Top 5 Accuracy: 0.670 | Student Top 5 Accuracy: 0.665 | Time: 2.222 | 
Running student landscape probe...
[LR policy] epoch=3 output=residual_log policy_pred=-0.267482 predicted_lr=0.751528 cosine_blend=0.750 lr_ema=0.000 cosine_after=0 next_student_lr=0.981999
[Train] Epoch: 4 | Teacher lr=0.9820 | Teacher Loss: 2.444 | Teacher Train Acc: 41.062 | Student lr=0.9820 | Student Train Acc: 47.562 | Time: 135.446 |
[Eval] Epoch: 4 | Teacher Test Loss: 3.916 | Teacher Test Acc: 19.500 | Student Test Loss: 2.990 | Student Test Acc: 27.390 | Teacher Test F1: 0.194 | Student Test F1: 0.260 | Teacher Top 5 Accuracy: 0.506 | Student Top 5 Accuracy: 0.593 | Time: 2.324 | 
Running student landscape probe...
[LR policy] epoch=4 output=residual_log policy_pred=-0.235263 predicted_lr=0.765189 cosine_blend=0.750 lr_ema=0.000 cosine_after=0 next_student_lr=0.968149
[Train] Epoch: 5 | Teacher lr=0.9681 | Teacher Loss: 3.952 | Teacher Train Acc: 17.312 | Student lr=0.9681 | Student Train Acc: 49.864 | Time: 140.864 |
[Eval] Epoch: 5 | Teacher Test Loss: 2.714 | Teacher Test Acc: 30.230 | Student Test Loss: 2.815 | Student Test Acc: 31.790 | Teacher Test F1: 0.294 | Student Test F1: 0.308 | Teacher Top 5 Accuracy: 0.651 | Student Top 5 Accuracy: 0.618 | Time: 2.172 | 
Running student landscape probe...
[LR policy] epoch=5 output=residual_log policy_pred=-0.265080 predicted_lr=0.729197 cosine_blend=0.750 lr_ema=0.000 cosine_after=0 next_student_lr=0.950534
[Train] Epoch: 6 | Teacher lr=0.9505 | Teacher Loss: 2.336 | Teacher Train Acc: 44.370 | Student lr=0.9505 | Student Train Acc: 52.706 | Time: 139.865 |
[Eval] Epoch: 6 | Teacher Test Loss: 2.353 | Teacher Test Acc: 38.500 | Student Test Loss: 2.379 | Student Test Acc: 38.670 | Teacher Test F1: 0.380 | Student Test F1: 0.379 | Teacher Top 5 Accuracy: 0.726 | Student Top 5 Accuracy: 0.708 | Time: 2.558 | 
Running student landscape probe...
[LR policy] epoch=6 output=residual_log policy_pred=-0.229834 predicted_lr=0.738479 cosine_blend=0.750 lr_ema=0.000 cosine_after=0 next_student_lr=0.929295
[Train] Epoch: 7 | Teacher lr=0.9292 | Teacher Loss: 2.145 | Teacher Train Acc: 48.876 | Student lr=0.9293 | Student Train Acc: 55.044 | Time: 139.744 |
[Eval] Epoch: 7 | Teacher Test Loss: 2.109 | Teacher Test Acc: 43.130 | Student Test Loss: 2.764 | Student Test Acc: 32.750 | Teacher Test F1: 0.424 | Student Test F1: 0.312 | Teacher Top 5 Accuracy: 0.764 | Student Top 5 Accuracy: 0.637 | Time: 2.427 | 
Running student landscape probe...
[LR policy] epoch=7 output=residual_log policy_pred=-0.264197 predicted_lr=0.694575 cosine_blend=0.750 lr_ema=0.000 cosine_after=0 next_student_lr=0.904604
[Train] Epoch: 8 | Teacher lr=0.9045 | Teacher Loss: 2.314 | Teacher Train Acc: 46.612 | Student lr=0.9046 | Student Train Acc: 55.212 | Time: 140.488 |
[Eval] Epoch: 8 | Teacher Test Loss: 2.079 | Teacher Test Acc: 43.880 | Student Test Loss: 2.365 | Student Test Acc: 39.100 | Teacher Test F1: 0.430 | Student Test F1: 0.386 | Teacher Top 5 Accuracy: 0.757 | Student Top 5 Accuracy: 0.705 | Time: 2.531 | 
Running student landscape probe...
[LR policy] epoch=8 output=residual_log policy_pred=-0.231300 predicted_lr=0.695630 cosine_blend=0.750 lr_ema=0.000 cosine_after=0 next_student_lr=0.876659
[Train] Epoch: 9 | Teacher lr=0.8765 | Teacher Loss: 1.979 | Teacher Train Acc: 53.192 | Student lr=0.8767 | Student Train Acc: 57.056 | Time: 135.254 |
[Eval] Epoch: 9 | Teacher Test Loss: 1.919 | Teacher Test Acc: 48.010 | Student Test Loss: 2.977 | Student Test Acc: 34.690 | Teacher Test F1: 0.475 | Student Test F1: 0.339 | Teacher Top 5 Accuracy: 0.794 | Student Top 5 Accuracy: 0.648 | Time: 2.311 | 
Running student landscape probe...
[LR policy] epoch=9 output=residual_log policy_pred=-0.258581 predicted_lr=0.652994 cosine_blend=0.750 lr_ema=0.000 cosine_after=0 next_student_lr=0.845686
[Train] Epoch: 10 | Teacher lr=0.8455 | Teacher Loss: 1.885 | Teacher Train Acc: 55.518 | Student lr=0.8457 | Student Train Acc: 58.226 | Time: 138.244 |
[Eval] Epoch: 10 | Teacher Test Loss: 2.050 | Teacher Test Acc: 45.100 | Student Test Loss: 2.099 | Student Test Acc: 44.670 | Teacher Test F1: 0.452 | Student Test F1: 0.440 | Teacher Top 5 Accuracy: 0.780 | Student Top 5 Accuracy: 0.763 | Time: 2.264 | 
Running student landscape probe...
[LR policy] epoch=10 output=residual_log policy_pred=-0.253018 predicted_lr=0.630429 cosine_blend=0.750 lr_ema=0.000 cosine_after=0 next_student_lr=0.811933
[Train] Epoch: 11 | Teacher lr=0.8117 | Teacher Loss: 1.819 | Teacher Train Acc: 57.408 | Student lr=0.8119 | Student Train Acc: 59.328 | Time: 138.386 |
[Eval] Epoch: 11 | Teacher Test Loss: 1.880 | Teacher Test Acc: 48.840 | Student Test Loss: 2.724 | Student Test Acc: 35.440 | Teacher Test F1: 0.484 | Student Test F1: 0.356 | Teacher Top 5 Accuracy: 0.801 | Student Top 5 Accuracy: 0.659 | Time: 2.243 | 
Running student landscape probe...
[LR policy] epoch=11 output=residual_log policy_pred=-0.258202 predicted_lr=0.599161 cosine_blend=0.750 lr_ema=0.000 cosine_after=0 next_student_lr=0.731545
[Train] Epoch: 12 | Teacher lr=0.7754 | Teacher Loss: 1.761 | Teacher Train Acc: 58.960 | Student lr=0.7315 | Student Train Acc: 60.678 | Time: 138.065 |
[Eval] Epoch: 12 | Teacher Test Loss: 1.747 | Teacher Test Acc: 51.460 | Student Test Loss: 2.315 | Student Test Acc: 41.150 | Teacher Test F1: 0.506 | Student Test F1: 0.404 | Teacher Top 5 Accuracy: 0.819 | Student Top 5 Accuracy: 0.714 | Time: 2.330 | 
Running student landscape probe...
[LR policy] epoch=12 output=residual_log policy_pred=-0.259074 predicted_lr=0.568944 cosine_blend=0.750 lr_ema=0.000 cosine_after=0 next_student_lr=0.695134
[Train] Epoch: 13 | Teacher lr=0.7369 | Teacher Loss: 1.697 | Teacher Train Acc: 60.136 | Student lr=0.6951 | Student Train Acc: 61.614 | Time: 140.398 |
[Eval] Epoch: 13 | Teacher Test Loss: 1.736 | Teacher Test Acc: 51.870 | Student Test Loss: 2.088 | Student Test Acc: 44.000 | Teacher Test F1: 0.520 | Student Test F1: 0.437 | Teacher Top 5 Accuracy: 0.825 | Student Top 5 Accuracy: 0.763 | Time: 2.247 | 
Running student landscape probe...
[LR policy] epoch=13 output=residual_log policy_pred=-0.261759 predicted_lr=0.536337 cosine_blend=0.750 lr_ema=0.000 cosine_after=0 next_student_lr=0.656696
[Train] Epoch: 14 | Teacher lr=0.6965 | Teacher Loss: 1.640 | Teacher Train Acc: 61.642 | Student lr=0.6567 | Student Train Acc: 62.406 | Time: 138.702 |
[Eval] Epoch: 14 | Teacher Test Loss: 1.645 | Teacher Test Acc: 54.340 | Student Test Loss: 1.951 | Student Test Acc: 47.670 | Teacher Test F1: 0.542 | Student Test F1: 0.477 | Teacher Top 5 Accuracy: 0.843 | Student Top 5 Accuracy: 0.788 | Time: 2.402 | 
Running student landscape probe...
[LR policy] epoch=14 output=residual_log policy_pred=-0.261543 predicted_lr=0.504148 cosine_blend=0.750 lr_ema=0.000 cosine_after=0 next_student_lr=0.617177
[Train] Epoch: 15 | Teacher lr=0.6545 | Teacher Loss: 1.597 | Teacher Train Acc: 63.216 | Student lr=0.6172 | Student Train Acc: 62.950 | Time: 136.121 |
[Eval] Epoch: 15 | Teacher Test Loss: 1.585 | Teacher Test Acc: 55.410 | Student Test Loss: 1.944 | Student Test Acc: 47.640 | Teacher Test F1: 0.552 | Student Test F1: 0.482 | Teacher Top 5 Accuracy: 0.852 | Student Top 5 Accuracy: 0.793 | Time: 2.320 | 
Running student landscape probe...
[LR policy] epoch=15 output=residual_log policy_pred=-0.266812 predicted_lr=0.468411 cosine_blend=0.750 lr_ema=0.000 cosine_after=0 next_student_lr=0.575840
[Train] Epoch: 16 | Teacher lr=0.6113 | Teacher Loss: 1.537 | Teacher Train Acc: 64.476 | Student lr=0.5758 | Student Train Acc: 64.196 | Time: 140.614 |
[Eval] Epoch: 16 | Teacher Test Loss: 1.516 | Teacher Test Acc: 57.470 | Student Test Loss: 1.870 | Student Test Acc: 50.130 | Teacher Test F1: 0.573 | Student Test F1: 0.493 | Teacher Top 5 Accuracy: 0.860 | Student Top 5 Accuracy: 0.799 | Time: 2.288 | 
Running student landscape probe...
[LR policy] epoch=16 output=residual_log policy_pred=-0.258989 predicted_lr=0.438053 cosine_blend=0.750 lr_ema=0.000 cosine_after=0 next_student_lr=0.535175
[Train] Epoch: 17 | Teacher lr=0.5671 | Teacher Loss: 1.492 | Teacher Train Acc: 65.950 | Student lr=0.5352 | Student Train Acc: 64.972 | Time: 139.403 |
[Eval] Epoch: 17 | Teacher Test Loss: 1.492 | Teacher Test Acc: 57.760 | Student Test Loss: 1.969 | Student Test Acc: 49.400 | Teacher Test F1: 0.577 | Student Test F1: 0.489 | Teacher Top 5 Accuracy: 0.864 | Student Top 5 Accuracy: 0.783 | Time: 2.459 | 
Running student landscape probe...
[LR policy] epoch=17 output=residual_log policy_pred=-0.265455 predicted_lr=0.400997 cosine_blend=0.750 lr_ema=0.000 cosine_after=0 next_student_lr=0.492432
[Train] Epoch: 18 | Teacher lr=0.5224 | Teacher Loss: 1.441 | Teacher Train Acc: 67.248 | Student lr=0.4924 | Student Train Acc: 65.770 | Time: 138.738 |
[Eval] Epoch: 18 | Teacher Test Loss: 1.503 | Teacher Test Acc: 57.960 | Student Test Loss: 1.788 | Student Test Acc: 51.260 | Teacher Test F1: 0.586 | Student Test F1: 0.504 | Teacher Top 5 Accuracy: 0.863 | Student Top 5 Accuracy: 0.819 | Time: 1.804 | 
Running student landscape probe...
[LR policy] epoch=18 output=residual_log policy_pred=-0.260130 predicted_lr=0.368584 cosine_blend=0.750 lr_ema=0.000 cosine_after=0 next_student_lr=0.450714
[Train] Epoch: 19 | Teacher lr=0.4776 | Teacher Loss: 1.387 | Teacher Train Acc: 68.752 | Student lr=0.4507 | Student Train Acc: 66.670 | Time: 138.228 |
[Eval] Epoch: 19 | Teacher Test Loss: 1.372 | Teacher Test Acc: 61.270 | Student Test Loss: 1.740 | Student Test Acc: 52.840 | Teacher Test F1: 0.612 | Student Test F1: 0.525 | Teacher Top 5 Accuracy: 0.878 | Student Top 5 Accuracy: 0.827 | Time: 2.297 | 
Running student landscape probe...
[LR policy] epoch=19 output=residual_log policy_pred=-0.261416 predicted_lr=0.333740 cosine_blend=0.750 lr_ema=0.000 cosine_after=0 next_student_lr=0.408523
[Train] Epoch: 20 | Teacher lr=0.4329 | Teacher Loss: 1.335 | Teacher Train Acc: 70.144 | Student lr=0.4085 | Student Train Acc: 67.836 | Time: 138.598 |
[Eval] Epoch: 20 | Teacher Test Loss: 1.366 | Teacher Test Acc: 61.580 | Student Test Loss: 1.788 | Student Test Acc: 51.630 | Teacher Test F1: 0.614 | Student Test F1: 0.507 | Teacher Top 5 Accuracy: 0.877 | Student Top 5 Accuracy: 0.816 | Time: 2.408 | 
Running student landscape probe...
[LR policy] epoch=20 output=residual_log policy_pred=-0.260989 predicted_lr=0.299913 cosine_blend=0.750 lr_ema=0.000 cosine_after=0 next_student_lr=0.366991
[Train] Epoch: 21 | Teacher lr=0.3887 | Teacher Loss: 1.289 | Teacher Train Acc: 71.210 | Student lr=0.3670 | Student Train Acc: 68.616 | Time: 135.973 |
[Eval] Epoch: 21 | Teacher Test Loss: 1.283 | Teacher Test Acc: 63.730 | Student Test Loss: 1.570 | Student Test Acc: 56.150 | Teacher Test F1: 0.637 | Student Test F1: 0.558 | Teacher Top 5 Accuracy: 0.893 | Student Top 5 Accuracy: 0.852 | Time: 2.443 | 
Running student landscape probe...
[LR policy] epoch=21 output=residual_log policy_pred=-0.262807 predicted_lr=0.266148 cosine_blend=0.750 lr_ema=0.000 cosine_after=0 next_student_lr=0.326147
[Train] Epoch: 22 | Teacher lr=0.3455 | Teacher Loss: 1.230 | Teacher Train Acc: 73.036 | Student lr=0.3261 | Student Train Acc: 69.738 | Time: 138.622 |
[Eval] Epoch: 22 | Teacher Test Loss: 1.209 | Teacher Test Acc: 65.650 | Student Test Loss: 1.612 | Student Test Acc: 55.740 | Teacher Test F1: 0.654 | Student Test F1: 0.556 | Teacher Top 5 Accuracy: 0.902 | Student Top 5 Accuracy: 0.848 | Time: 2.430 | 
Running student landscape probe...
[LR policy] epoch=22 output=residual_log policy_pred=-0.263816 predicted_lr=0.233648 cosine_blend=0.750 lr_ema=0.000 cosine_after=0 next_student_lr=0.286550
[Train] Epoch: 23 | Teacher lr=0.3035 | Teacher Loss: 1.179 | Teacher Train Acc: 74.350 | Student lr=0.2866 | Student Train Acc: 70.924 | Time: 140.574 |
[Eval] Epoch: 23 | Teacher Test Loss: 1.236 | Teacher Test Acc: 64.450 | Student Test Loss: 1.536 | Student Test Acc: 57.260 | Teacher Test F1: 0.645 | Student Test F1: 0.571 | Teacher Top 5 Accuracy: 0.898 | Student Top 5 Accuracy: 0.861 | Time: 2.399 | 
Running student landscape probe...
[LR policy] epoch=23 output=residual_log policy_pred=-0.261399 predicted_lr=0.203121 cosine_blend=0.750 lr_ema=0.000 cosine_after=0 next_student_lr=0.248632
[Train] Epoch: 24 | Teacher lr=0.2631 | Teacher Loss: 1.113 | Teacher Train Acc: 76.150 | Student lr=0.2486 | Student Train Acc: 71.954 | Time: 138.497 |
[Eval] Epoch: 24 | Teacher Test Loss: 1.168 | Teacher Test Acc: 66.980 | Student Test Loss: 1.441 | Student Test Acc: 59.880 | Teacher Test F1: 0.671 | Student Test F1: 0.595 | Teacher Top 5 Accuracy: 0.906 | Student Top 5 Accuracy: 0.868 | Time: 2.361 | 
Running student landscape probe...
[LR policy] epoch=24 output=residual_log policy_pred=-0.265106 predicted_lr=0.172854 cosine_blend=0.750 lr_ema=0.000 cosine_after=0 next_student_lr=0.212209
[Train] Epoch: 25 | Teacher lr=0.2246 | Teacher Loss: 1.056 | Teacher Train Acc: 77.802 | Student lr=0.2122 | Student Train Acc: 72.948 | Time: 140.349 |
[Eval] Epoch: 25 | Teacher Test Loss: 1.143 | Teacher Test Acc: 67.430 | Student Test Loss: 1.606 | Student Test Acc: 56.190 | Teacher Test F1: 0.673 | Student Test F1: 0.556 | Teacher Top 5 Accuracy: 0.911 | Student Top 5 Accuracy: 0.845 | Time: 2.396 | 
Running student landscape probe...
[LR policy] epoch=25 output=residual_log policy_pred=-0.261496 predicted_lr=0.145562 cosine_blend=0.750 lr_ema=0.000 cosine_after=0 next_student_lr=0.178191
[Train] Epoch: 26 | Teacher lr=0.1883 | Teacher Loss: 0.997 | Teacher Train Acc: 79.362 | Student lr=0.1782 | Student Train Acc: 74.568 | Time: 138.978 |
[Eval] Epoch: 26 | Teacher Test Loss: 1.048 | Teacher Test Acc: 70.020 | Student Test Loss: 1.438 | Student Test Acc: 60.420 | Teacher Test F1: 0.699 | Student Test F1: 0.603 | Teacher Top 5 Accuracy: 0.921 | Student Top 5 Accuracy: 0.872 | Time: 2.398 | 
Running student landscape probe...
[LR policy] epoch=26 output=residual_log policy_pred=-0.265147 predicted_lr=0.119140 cosine_blend=0.750 lr_ema=0.000 cosine_after=0 next_student_lr=0.146271
[Train] Epoch: 27 | Teacher lr=0.1545 | Teacher Loss: 0.930 | Teacher Train Acc: 81.238 | Student lr=0.1463 | Student Train Acc: 75.950 | Time: 139.978 |
[Eval] Epoch: 27 | Teacher Test Loss: 1.023 | Teacher Test Acc: 70.440 | Student Test Loss: 1.395 | Student Test Acc: 61.400 | Teacher Test F1: 0.705 | Student Test F1: 0.617 | Teacher Top 5 Accuracy: 0.925 | Student Top 5 Accuracy: 0.880 | Time: 2.402 | 
Running student landscape probe...
[LR policy] epoch=27 output=residual_log policy_pred=-0.260561 predicted_lr=0.095819 cosine_blend=0.750 lr_ema=0.000 cosine_after=0 next_student_lr=0.117210
[Train] Epoch: 28 | Teacher lr=0.1235 | Teacher Loss: 0.863 | Teacher Train Acc: 83.244 | Student lr=0.1172 | Student Train Acc: 77.680 | Time: 137.101 |
[Eval] Epoch: 28 | Teacher Test Loss: 0.973 | Teacher Test Acc: 71.620 | Student Test Loss: 1.316 | Student Test Acc: 63.720 | Teacher Test F1: 0.716 | Student Test F1: 0.635 | Teacher Top 5 Accuracy: 0.929 | Student Top 5 Accuracy: 0.889 | Time: 2.441 | 
Running student landscape probe...
[LR policy] epoch=28 output=residual_log policy_pred=-0.262760 predicted_lr=0.074121 cosine_blend=0.750 lr_ema=0.000 cosine_after=0 next_student_lr=0.090827
[Train] Epoch: 29 | Teacher lr=0.0955 | Teacher Loss: 0.791 | Teacher Train Acc: 85.176 | Student lr=0.0908 | Student Train Acc: 79.248 | Time: 138.115 |
[Eval] Epoch: 29 | Teacher Test Loss: 0.954 | Teacher Test Acc: 71.970 | Student Test Loss: 1.390 | Student Test Acc: 62.160 | Teacher Test F1: 0.719 | Student Test F1: 0.619 | Teacher Top 5 Accuracy: 0.934 | Student Top 5 Accuracy: 0.875 | Time: 2.402 | 
Running student landscape probe...
[LR policy] epoch=29 output=residual_log policy_pred=-0.261797 predicted_lr=0.055189 cosine_blend=0.750 lr_ema=0.000 cosine_after=0 next_student_lr=0.067576
[Train] Epoch: 30 | Teacher lr=0.0708 | Teacher Loss: 0.726 | Teacher Train Acc: 86.972 | Student lr=0.0676 | Student Train Acc: 80.978 | Time: 139.566 |
[Eval] Epoch: 30 | Teacher Test Loss: 0.923 | Teacher Test Acc: 73.240 | Student Test Loss: 1.225 | Student Test Acc: 66.110 | Teacher Test F1: 0.731 | Student Test F1: 0.659 | Teacher Top 5 Accuracy: 0.937 | Student Top 5 Accuracy: 0.900 | Time: 2.538 | 
Running student landscape probe...
[LR policy] epoch=30 output=residual_log policy_pred=-0.262718 predicted_lr=0.038806 cosine_blend=0.750 lr_ema=0.000 cosine_after=0 next_student_lr=0.047551
[Train] Epoch: 31 | Teacher lr=0.0495 | Teacher Loss: 0.660 | Teacher Train Acc: 88.688 | Student lr=0.0476 | Student Train Acc: 82.470 | Time: 139.905 |
[Eval] Epoch: 31 | Teacher Test Loss: 0.894 | Teacher Test Acc: 74.200 | Student Test Loss: 1.166 | Student Test Acc: 67.620 | Teacher Test F1: 0.741 | Student Test F1: 0.673 | Teacher Top 5 Accuracy: 0.937 | Student Top 5 Accuracy: 0.910 | Time: 2.271 | 
Running student landscape probe...
[LR policy] epoch=31 output=residual_log policy_pred=-0.264979 predicted_lr=0.025204 cosine_blend=0.750 lr_ema=0.000 cosine_after=0 next_student_lr=0.030939
[Train] Epoch: 32 | Teacher lr=0.0319 | Teacher Loss: 0.602 | Teacher Train Acc: 90.318 | Student lr=0.0309 | Student Train Acc: 84.288 | Time: 138.205 |
[Eval] Epoch: 32 | Teacher Test Loss: 0.886 | Teacher Test Acc: 74.550 | Student Test Loss: 1.155 | Student Test Acc: 68.370 | Teacher Test F1: 0.746 | Student Test F1: 0.683 | Teacher Top 5 Accuracy: 0.939 | Student Top 5 Accuracy: 0.915 | Time: 2.249 | 
Running student landscape probe...
[LR policy] epoch=32 output=residual_log policy_pred=-0.262651 predicted_lr=0.014612 cosine_blend=0.750 lr_ema=0.000 cosine_after=0 next_student_lr=0.017903
[Train] Epoch: 33 | Teacher lr=0.0180 | Teacher Loss: 0.554 | Teacher Train Acc: 91.414 | Student lr=0.0179 | Student Train Acc: 85.940 | Time: 138.367 |
[Eval] Epoch: 33 | Teacher Test Loss: 0.880 | Teacher Test Acc: 74.430 | Student Test Loss: 1.110 | Student Test Acc: 68.940 | Teacher Test F1: 0.745 | Student Test F1: 0.688 | Teacher Top 5 Accuracy: 0.939 | Student Top 5 Accuracy: 0.917 | Time: 2.290 | 
Running student landscape probe...
[LR policy] epoch=33 output=residual_log policy_pred=-0.265020 predicted_lr=0.006926 cosine_blend=0.750 lr_ema=0.000 cosine_after=0 next_student_lr=0.008502
[Train] Epoch: 34 | Teacher lr=0.0080 | Teacher Loss: 0.523 | Teacher Train Acc: 92.280 | Student lr=0.0085 | Student Train Acc: 87.214 | Time: 139.688 |
[Eval] Epoch: 34 | Teacher Test Loss: 0.870 | Teacher Test Acc: 74.820 | Student Test Loss: 1.092 | Student Test Acc: 69.690 | Teacher Test F1: 0.748 | Student Test F1: 0.696 | Teacher Top 5 Accuracy: 0.940 | Student Top 5 Accuracy: 0.918 | Time: 2.471 | 
Running student landscape probe...
[LR policy] epoch=34 output=residual_log policy_pred=-0.265439 predicted_lr=0.002309 cosine_blend=0.750 lr_ema=0.000 cosine_after=0 next_student_lr=0.002835
[Train] Epoch: 35 | Teacher lr=0.0020 | Teacher Loss: 0.505 | Teacher Train Acc: 92.576 | Student lr=0.0028 | Student Train Acc: 87.596 | Time: 140.933 |
[Eval] Epoch: 35 | Teacher Test Loss: 0.868 | Teacher Test Acc: 74.980 | Student Test Loss: 1.081 | Student Test Acc: 69.910 | Teacher Test F1: 0.750 | Student Test F1: 0.699 | Teacher Top 5 Accuracy: 0.940 | Student Top 5 Accuracy: 0.921 | Time: 2.202 | 
Running student landscape probe...
[LR policy] epoch=35 output=residual_log policy_pred=-0.264493 predicted_lr=0.001000 cosine_blend=0.750 lr_ema=0.000 cosine_after=0 next_student_lr=0.001000
ckpt location: ckpt/robust12h_stars/patchtst_noshock_seed7_35ep.pt
