/home/jovyan/.mlspace/envs/egy_llm/lib/python3.11/site-packages/torchvision/datasets/cifar.py:83: VisibleDeprecationWarning: dtype(): align should be passed as Python or NumPy boolean but got `align=0`. Did you mean to pass a tuple to create a subarray type? (Deprecated NumPy 2.4)
  entry = pickle.load(f, encoding="latin1")
depth_list: [110, 20]
[LR policy] loaded checkpoint=checkpoints/policies_beatcos/patchtst_seed0/policy.pt,checkpoints/policies_beatcos/patchtst_seed2/policy.pt,checkpoints/policies_beatcos/patchtst_seed5/policy.pt,checkpoints/policies_beatcos/patchtst_seed7/policy.pt,checkpoints/policies_beatcos/patchtst_seed4/policy.pt model_type=patchtst input_dim=230 n_models=5
Dataset information: cifar100	 50000 images for training 	 10000 images for testing	
teacher depth: 110
student depth: 20
Total number of teacher parameters: 1,169,972
Total number of student parameters: 278,132
Snapshots will be saved to: snapshots/robust12h_stars/patchtst_noshock_seed5_35ep
==== train and evaluate unequal restart ====
[Eval] Epoch: 0 | Teacher Test Loss: 8199.934 | Teacher Test Acc: 1.000 | Student Test Loss: 5.076 | Student Test Acc: 0.970 | Teacher Test F1: 0.000 | Student Test F1: 0.001 | Teacher Top 5 Accuracy: 0.050 | Student Top 5 Accuracy: 0.059 | Time: 2.941 | 
Running student landscape probe...
[Train] Epoch: 1 | Teacher lr=1.0000 | Teacher Loss: 4.046 | Teacher Train Acc: 9.426 | Student lr=0.0100 | Student Train Acc: 6.632 | Time: 137.679 |
[Eval] Epoch: 1 | Teacher Test Loss: 3.746 | Teacher Test Acc: 13.010 | Student Test Loss: 3.876 | Student Test Acc: 9.810 | Teacher Test F1: 0.094 | Student Test F1: 0.066 | Teacher Top 5 Accuracy: 0.373 | Student Top 5 Accuracy: 0.300 | Time: 2.331 | 
Running student landscape probe...
[LR policy] epoch=1 output=residual_log policy_pred=-0.243085 predicted_lr=0.782628 cosine_blend=0.750 lr_ema=0.000 cosine_after=0 next_student_lr=0.997989
[Train] Epoch: 2 | Teacher lr=0.9980 | Teacher Loss: 3.400 | Teacher Train Acc: 20.838 | Student lr=0.9980 | Student Train Acc: 19.998 | Time: 138.711 |
[Eval] Epoch: 2 | Teacher Test Loss: 3.382 | Teacher Test Acc: 18.320 | Student Test Loss: 3.100 | Student Test Acc: 24.540 | Teacher Test F1: 0.167 | Student Test F1: 0.238 | Teacher Top 5 Accuracy: 0.458 | Student Top 5 Accuracy: 0.548 | Time: 2.545 | 
Running student landscape probe...
[LR policy] epoch=2 output=residual_log policy_pred=-0.209493 predicted_lr=0.804486 cosine_blend=0.750 lr_ema=0.000 cosine_after=0 next_student_lr=0.991973
[Train] Epoch: 3 | Teacher lr=0.9920 | Teacher Loss: 2.835 | Teacher Train Acc: 32.486 | Student lr=0.9920 | Student Train Acc: 40.350 | Time: 136.193 |
[Eval] Epoch: 3 | Teacher Test Loss: 2.551 | Teacher Test Acc: 33.290 | Student Test Loss: 2.420 | Student Test Acc: 36.480 | Teacher Test F1: 0.319 | Student Test F1: 0.346 | Teacher Top 5 Accuracy: 0.670 | Student Top 5 Accuracy: 0.699 | Time: 2.434 | 
Running student landscape probe...
[LR policy] epoch=3 output=residual_log policy_pred=-0.256057 predicted_lr=0.760164 cosine_blend=0.750 lr_ema=0.000 cosine_after=0 next_student_lr=0.981999
[Train] Epoch: 4 | Teacher lr=0.9820 | Teacher Loss: 2.475 | Teacher Train Acc: 40.752 | Student lr=0.9820 | Student Train Acc: 47.372 | Time: 138.407 |
[Eval] Epoch: 4 | Teacher Test Loss: 2.544 | Teacher Test Acc: 34.890 | Student Test Loss: 2.774 | Student Test Acc: 30.480 | Teacher Test F1: 0.342 | Student Test F1: 0.288 | Teacher Top 5 Accuracy: 0.677 | Student Top 5 Accuracy: 0.638 | Time: 2.338 | 
Running student landscape probe...
[LR policy] epoch=4 output=residual_log policy_pred=-0.229204 predicted_lr=0.769840 cosine_blend=0.750 lr_ema=0.000 cosine_after=0 next_student_lr=0.968149
[Train] Epoch: 5 | Teacher lr=0.9681 | Teacher Loss: 2.259 | Teacher Train Acc: 45.722 | Student lr=0.9681 | Student Train Acc: 51.320 | Time: 138.477 |
[Eval] Epoch: 5 | Teacher Test Loss: 2.241 | Teacher Test Acc: 40.150 | Student Test Loss: 2.307 | Student Test Acc: 38.670 | Teacher Test F1: 0.395 | Student Test F1: 0.379 | Teacher Top 5 Accuracy: 0.738 | Student Top 5 Accuracy: 0.721 | Time: 2.546 | 
Running student landscape probe...
[LR policy] epoch=5 output=residual_log policy_pred=-0.258153 predicted_lr=0.734265 cosine_blend=0.750 lr_ema=0.000 cosine_after=0 next_student_lr=0.950534
[Train] Epoch: 6 | Teacher lr=0.9505 | Teacher Loss: 2.112 | Teacher Train Acc: 49.724 | Student lr=0.9505 | Student Train Acc: 54.174 | Time: 139.068 |
[Eval] Epoch: 6 | Teacher Test Loss: 2.096 | Teacher Test Acc: 43.300 | Student Test Loss: 2.550 | Student Test Acc: 36.310 | Teacher Test F1: 0.426 | Student Test F1: 0.366 | Teacher Top 5 Accuracy: 0.762 | Student Top 5 Accuracy: 0.693 | Time: 2.266 | 
Running student landscape probe...
[LR policy] epoch=6 output=residual_log policy_pred=-0.227928 predicted_lr=0.739888 cosine_blend=0.750 lr_ema=0.000 cosine_after=0 next_student_lr=0.929295
[Train] Epoch: 7 | Teacher lr=0.9292 | Teacher Loss: 2.050 | Teacher Train Acc: 51.530 | Student lr=0.9293 | Student Train Acc: 55.632 | Time: 135.595 |
[Eval] Epoch: 7 | Teacher Test Loss: 2.041 | Teacher Test Acc: 44.770 | Student Test Loss: 2.349 | Student Test Acc: 39.490 | Teacher Test F1: 0.437 | Student Test F1: 0.395 | Teacher Top 5 Accuracy: 0.769 | Student Top 5 Accuracy: 0.727 | Time: 2.646 | 
Running student landscape probe...
[LR policy] epoch=7 output=residual_log policy_pred=-0.259429 predicted_lr=0.697895 cosine_blend=0.750 lr_ema=0.000 cosine_after=0 next_student_lr=0.904604
[Train] Epoch: 8 | Teacher lr=0.9045 | Teacher Loss: 1.938 | Teacher Train Acc: 54.138 | Student lr=0.9046 | Student Train Acc: 56.980 | Time: 137.216 |
[Eval] Epoch: 8 | Teacher Test Loss: 2.091 | Teacher Test Acc: 46.250 | Student Test Loss: 2.457 | Student Test Acc: 38.060 | Teacher Test F1: 0.452 | Student Test F1: 0.372 | Teacher Top 5 Accuracy: 0.767 | Student Top 5 Accuracy: 0.713 | Time: 2.652 | 
Running student landscape probe...
[LR policy] epoch=8 output=residual_log policy_pred=-0.228925 predicted_lr=0.697284 cosine_blend=0.750 lr_ema=0.000 cosine_after=0 next_student_lr=0.876659
[Train] Epoch: 9 | Teacher lr=0.8765 | Teacher Loss: 1.841 | Teacher Train Acc: 56.680 | Student lr=0.8767 | Student Train Acc: 58.196 | Time: 139.414 |
[Eval] Epoch: 9 | Teacher Test Loss: 1.923 | Teacher Test Acc: 48.230 | Student Test Loss: 2.212 | Student Test Acc: 41.530 | Teacher Test F1: 0.477 | Student Test F1: 0.417 | Teacher Top 5 Accuracy: 0.786 | Student Top 5 Accuracy: 0.746 | Time: 2.738 | 
Running student landscape probe...
[LR policy] epoch=9 output=residual_log policy_pred=-0.260928 predicted_lr=0.651463 cosine_blend=0.750 lr_ema=0.000 cosine_after=0 next_student_lr=0.845686
[Train] Epoch: 10 | Teacher lr=0.8455 | Teacher Loss: 1.775 | Teacher Train Acc: 58.368 | Student lr=0.8457 | Student Train Acc: 59.448 | Time: 134.938 |
[Eval] Epoch: 10 | Teacher Test Loss: 1.814 | Teacher Test Acc: 49.720 | Student Test Loss: 2.714 | Student Test Acc: 33.850 | Teacher Test F1: 0.492 | Student Test F1: 0.330 | Teacher Top 5 Accuracy: 0.812 | Student Top 5 Accuracy: 0.671 | Time: 2.669 | 
Running student landscape probe...
[LR policy] epoch=10 output=residual_log policy_pred=-0.256729 predicted_lr=0.628093 cosine_blend=0.750 lr_ema=0.000 cosine_after=0 next_student_lr=0.811933
[Train] Epoch: 11 | Teacher lr=0.8117 | Teacher Loss: 1.736 | Teacher Train Acc: 59.440 | Student lr=0.8119 | Student Train Acc: 59.948 | Time: 137.811 |
[Eval] Epoch: 11 | Teacher Test Loss: 1.937 | Teacher Test Acc: 48.380 | Student Test Loss: 2.290 | Student Test Acc: 41.060 | Teacher Test F1: 0.482 | Student Test F1: 0.404 | Teacher Top 5 Accuracy: 0.788 | Student Top 5 Accuracy: 0.733 | Time: 2.761 | 
Running student landscape probe...
[LR policy] epoch=11 output=residual_log policy_pred=-0.262369 predicted_lr=0.596669 cosine_blend=0.750 lr_ema=0.000 cosine_after=0 next_student_lr=0.730922
[Train] Epoch: 12 | Teacher lr=0.7754 | Teacher Loss: 1.678 | Teacher Train Acc: 60.834 | Student lr=0.7309 | Student Train Acc: 61.284 | Time: 138.738 |
[Eval] Epoch: 12 | Teacher Test Loss: 1.732 | Teacher Test Acc: 51.560 | Student Test Loss: 1.913 | Student Test Acc: 47.640 | Teacher Test F1: 0.509 | Student Test F1: 0.471 | Teacher Top 5 Accuracy: 0.827 | Student Top 5 Accuracy: 0.799 | Time: 2.649 | 
Running student landscape probe...
[LR policy] epoch=12 output=residual_log policy_pred=-0.261679 predicted_lr=0.567464 cosine_blend=0.750 lr_ema=0.000 cosine_after=0 next_student_lr=0.694764
[Train] Epoch: 13 | Teacher lr=0.7369 | Teacher Loss: 1.630 | Teacher Train Acc: 62.244 | Student lr=0.6948 | Student Train Acc: 62.196 | Time: 137.956 |
[Eval] Epoch: 13 | Teacher Test Loss: 1.745 | Teacher Test Acc: 51.670 | Student Test Loss: 2.148 | Student Test Acc: 44.660 | Teacher Test F1: 0.513 | Student Test F1: 0.453 | Teacher Top 5 Accuracy: 0.831 | Student Top 5 Accuracy: 0.764 | Time: 2.635 | 
Running student landscape probe...
[LR policy] epoch=13 output=residual_log policy_pred=-0.263222 predicted_lr=0.535553 cosine_blend=0.750 lr_ema=0.000 cosine_after=0 next_student_lr=0.656500
[Train] Epoch: 14 | Teacher lr=0.6965 | Teacher Loss: 1.586 | Teacher Train Acc: 63.236 | Student lr=0.6565 | Student Train Acc: 62.886 | Time: 137.272 |
[Eval] Epoch: 14 | Teacher Test Loss: 1.520 | Teacher Test Acc: 57.650 | Student Test Loss: 2.287 | Student Test Acc: 41.340 | Teacher Test F1: 0.574 | Student Test F1: 0.422 | Teacher Top 5 Accuracy: 0.858 | Student Top 5 Accuracy: 0.730 | Time: 2.525 | 
Running student landscape probe...
[LR policy] epoch=14 output=residual_log policy_pred=-0.258733 predicted_lr=0.505566 cosine_blend=0.750 lr_ema=0.000 cosine_after=0 next_student_lr=0.617532
[Train] Epoch: 15 | Teacher lr=0.6545 | Teacher Loss: 1.531 | Teacher Train Acc: 65.126 | Student lr=0.6175 | Student Train Acc: 63.676 | Time: 139.477 |
[Eval] Epoch: 15 | Teacher Test Loss: 1.503 | Teacher Test Acc: 57.580 | Student Test Loss: 1.859 | Student Test Acc: 49.710 | Teacher Test F1: 0.574 | Student Test F1: 0.500 | Teacher Top 5 Accuracy: 0.862 | Student Top 5 Accuracy: 0.809 | Time: 2.648 | 
Running student landscape probe...
[LR policy] epoch=15 output=residual_log policy_pred=-0.263881 predicted_lr=0.469786 cosine_blend=0.750 lr_ema=0.000 cosine_after=0 next_student_lr=0.576183
[Train] Epoch: 16 | Teacher lr=0.6113 | Teacher Loss: 1.492 | Teacher Train Acc: 66.014 | Student lr=0.5762 | Student Train Acc: 64.290 | Time: 136.474 |
[Eval] Epoch: 16 | Teacher Test Loss: 1.493 | Teacher Test Acc: 57.320 | Student Test Loss: 2.040 | Student Test Acc: 45.610 | Teacher Test F1: 0.567 | Student Test F1: 0.453 | Teacher Top 5 Accuracy: 0.866 | Student Top 5 Accuracy: 0.778 | Time: 2.663 | 
Running student landscape probe...
[LR policy] epoch=16 output=residual_log policy_pred=-0.258759 predicted_lr=0.438153 cosine_blend=0.750 lr_ema=0.000 cosine_after=0 next_student_lr=0.535200
[Train] Epoch: 17 | Teacher lr=0.5671 | Teacher Loss: 1.444 | Teacher Train Acc: 67.174 | Student lr=0.5352 | Student Train Acc: 65.334 | Time: 135.165 |
[Eval] Epoch: 17 | Teacher Test Loss: 1.490 | Teacher Test Acc: 57.680 | Student Test Loss: 1.788 | Student Test Acc: 50.840 | Teacher Test F1: 0.577 | Student Test F1: 0.508 | Teacher Top 5 Accuracy: 0.865 | Student Top 5 Accuracy: 0.815 | Time: 2.653 | 
Running student landscape probe...
[LR policy] epoch=17 output=residual_log policy_pred=-0.263412 predicted_lr=0.401817 cosine_blend=0.750 lr_ema=0.000 cosine_after=0 next_student_lr=0.492637
[Train] Epoch: 18 | Teacher lr=0.5224 | Teacher Loss: 1.399 | Teacher Train Acc: 68.490 | Student lr=0.4926 | Student Train Acc: 66.112 | Time: 135.240 |
[Eval] Epoch: 18 | Teacher Test Loss: 1.560 | Teacher Test Acc: 56.090 | Student Test Loss: 2.233 | Student Test Acc: 42.780 | Teacher Test F1: 0.562 | Student Test F1: 0.431 | Teacher Top 5 Accuracy: 0.849 | Student Top 5 Accuracy: 0.742 | Time: 2.786 | 
Running student landscape probe...
[LR policy] epoch=18 output=residual_log policy_pred=-0.262529 predicted_lr=0.367701 cosine_blend=0.750 lr_ema=0.000 cosine_after=0 next_student_lr=0.450493
[Train] Epoch: 19 | Teacher lr=0.4776 | Teacher Loss: 1.358 | Teacher Train Acc: 69.446 | Student lr=0.4505 | Student Train Acc: 67.014 | Time: 139.149 |
[Eval] Epoch: 19 | Teacher Test Loss: 1.449 | Teacher Test Acc: 59.320 | Student Test Loss: 1.868 | Student Test Acc: 50.380 | Teacher Test F1: 0.594 | Student Test F1: 0.506 | Teacher Top 5 Accuracy: 0.872 | Student Top 5 Accuracy: 0.805 | Time: 2.750 | 
Running student landscape probe...
[LR policy] epoch=19 output=residual_log policy_pred=-0.262138 predicted_lr=0.333499 cosine_blend=0.750 lr_ema=0.000 cosine_after=0 next_student_lr=0.408463
[Train] Epoch: 20 | Teacher lr=0.4329 | Teacher Loss: 1.304 | Teacher Train Acc: 71.194 | Student lr=0.4085 | Student Train Acc: 67.734 | Time: 138.810 |
[Eval] Epoch: 20 | Teacher Test Loss: 1.252 | Teacher Test Acc: 63.370 | Student Test Loss: 1.821 | Student Test Acc: 51.600 | Teacher Test F1: 0.634 | Student Test F1: 0.512 | Teacher Top 5 Accuracy: 0.898 | Student Top 5 Accuracy: 0.815 | Time: 2.802 | 
Running student landscape probe...
[LR policy] epoch=20 output=residual_log policy_pred=-0.263315 predicted_lr=0.299216 cosine_blend=0.750 lr_ema=0.000 cosine_after=0 next_student_lr=0.366817
[Train] Epoch: 21 | Teacher lr=0.3887 | Teacher Loss: 1.255 | Teacher Train Acc: 72.470 | Student lr=0.3668 | Student Train Acc: 68.706 | Time: 134.026 |
[Eval] Epoch: 21 | Teacher Test Loss: 1.263 | Teacher Test Acc: 63.480 | Student Test Loss: 1.629 | Student Test Acc: 55.210 | Teacher Test F1: 0.633 | Student Test F1: 0.554 | Teacher Top 5 Accuracy: 0.901 | Student Top 5 Accuracy: 0.846 | Time: 2.702 | 
Running student landscape probe...
[LR policy] epoch=21 output=residual_log policy_pred=-0.261549 predicted_lr=0.266483 cosine_blend=0.750 lr_ema=0.000 cosine_after=0 next_student_lr=0.326230
[Train] Epoch: 22 | Teacher lr=0.3455 | Teacher Loss: 1.200 | Teacher Train Acc: 74.116 | Student lr=0.3262 | Student Train Acc: 69.918 | Time: 138.858 |
[Eval] Epoch: 22 | Teacher Test Loss: 1.239 | Teacher Test Acc: 64.300 | Student Test Loss: 1.574 | Student Test Acc: 56.290 | Teacher Test F1: 0.639 | Student Test F1: 0.564 | Teacher Top 5 Accuracy: 0.901 | Student Top 5 Accuracy: 0.849 | Time: 2.784 | 
Running student landscape probe...
[LR policy] epoch=22 output=residual_log policy_pred=-0.265660 predicted_lr=0.233218 cosine_blend=0.750 lr_ema=0.000 cosine_after=0 next_student_lr=0.286442
[Train] Epoch: 23 | Teacher lr=0.3035 | Teacher Loss: 1.145 | Teacher Train Acc: 75.376 | Student lr=0.2864 | Student Train Acc: 70.984 | Time: 138.971 |
[Eval] Epoch: 23 | Teacher Test Loss: 1.151 | Teacher Test Acc: 66.570 | Student Test Loss: 1.500 | Student Test Acc: 58.510 | Teacher Test F1: 0.664 | Student Test F1: 0.583 | Teacher Top 5 Accuracy: 0.908 | Student Top 5 Accuracy: 0.860 | Time: 2.767 | 
Running student landscape probe...
[LR policy] epoch=23 output=residual_log policy_pred=-0.265364 predicted_lr=0.202317 cosine_blend=0.750 lr_ema=0.000 cosine_after=0 next_student_lr=0.248431
[Train] Epoch: 24 | Teacher lr=0.2631 | Teacher Loss: 1.087 | Teacher Train Acc: 76.928 | Student lr=0.2484 | Student Train Acc: 72.372 | Time: 135.220 |
[Eval] Epoch: 24 | Teacher Test Loss: 1.076 | Teacher Test Acc: 68.770 | Student Test Loss: 1.482 | Student Test Acc: 59.050 | Teacher Test F1: 0.689 | Student Test F1: 0.591 | Teacher Top 5 Accuracy: 0.920 | Student Top 5 Accuracy: 0.864 | Time: 2.676 | 
Running student landscape probe...
[LR policy] epoch=24 output=residual_log policy_pred=-0.260684 predicted_lr=0.173620 cosine_blend=0.750 lr_ema=0.000 cosine_after=0 next_student_lr=0.212400
[Train] Epoch: 25 | Teacher lr=0.2246 | Teacher Loss: 1.026 | Teacher Train Acc: 78.882 | Student lr=0.2124 | Student Train Acc: 73.528 | Time: 137.427 |
[Eval] Epoch: 25 | Teacher Test Loss: 1.072 | Teacher Test Acc: 68.880 | Student Test Loss: 1.472 | Student Test Acc: 58.800 | Teacher Test F1: 0.686 | Student Test F1: 0.592 | Teacher Top 5 Accuracy: 0.918 | Student Top 5 Accuracy: 0.868 | Time: 2.771 | 
Running student landscape probe...
[LR policy] epoch=25 output=residual_log policy_pred=-0.264271 predicted_lr=0.145159 cosine_blend=0.750 lr_ema=0.000 cosine_after=0 next_student_lr=0.178090
[Train] Epoch: 26 | Teacher lr=0.1883 | Teacher Loss: 0.966 | Teacher Train Acc: 80.334 | Student lr=0.1781 | Student Train Acc: 74.740 | Time: 136.139 |
[Eval] Epoch: 26 | Teacher Test Loss: 1.069 | Teacher Test Acc: 69.480 | Student Test Loss: 1.441 | Student Test Acc: 60.290 | Teacher Test F1: 0.693 | Student Test F1: 0.605 | Teacher Top 5 Accuracy: 0.917 | Student Top 5 Accuracy: 0.870 | Time: 2.652 | 
Running student landscape probe...
[LR policy] epoch=26 output=residual_log policy_pred=-0.260042 predicted_lr=0.119750 cosine_blend=0.750 lr_ema=0.000 cosine_after=0 next_student_lr=0.146423
[Train] Epoch: 27 | Teacher lr=0.1545 | Teacher Loss: 0.899 | Teacher Train Acc: 82.398 | Student lr=0.1464 | Student Train Acc: 76.068 | Time: 136.528 |
[Eval] Epoch: 27 | Teacher Test Loss: 0.989 | Teacher Test Acc: 71.440 | Student Test Loss: 1.336 | Student Test Acc: 63.160 | Teacher Test F1: 0.713 | Student Test F1: 0.631 | Teacher Top 5 Accuracy: 0.928 | Student Top 5 Accuracy: 0.884 | Time: 2.641 | 
Running student landscape probe...
[LR policy] epoch=27 output=residual_log policy_pred=-0.265948 predicted_lr=0.095305 cosine_blend=0.750 lr_ema=0.000 cosine_after=0 next_student_lr=0.117082
[Train] Epoch: 28 | Teacher lr=0.1235 | Teacher Loss: 0.835 | Teacher Train Acc: 84.238 | Student lr=0.1171 | Student Train Acc: 77.622 | Time: 135.626 |
[Eval] Epoch: 28 | Teacher Test Loss: 0.980 | Teacher Test Acc: 71.720 | Student Test Loss: 1.261 | Student Test Acc: 64.250 | Teacher Test F1: 0.717 | Student Test F1: 0.640 | Teacher Top 5 Accuracy: 0.930 | Student Top 5 Accuracy: 0.895 | Time: 2.708 | 
Running student landscape probe...
[LR policy] epoch=28 output=residual_log policy_pred=-0.262264 predicted_lr=0.074158 cosine_blend=0.750 lr_ema=0.000 cosine_after=0 next_student_lr=0.090837
[Train] Epoch: 29 | Teacher lr=0.0955 | Teacher Loss: 0.764 | Teacher Train Acc: 86.080 | Student lr=0.0908 | Student Train Acc: 79.156 | Time: 136.966 |
[Eval] Epoch: 29 | Teacher Test Loss: 0.951 | Teacher Test Acc: 72.290 | Student Test Loss: 1.257 | Student Test Acc: 64.810 | Teacher Test F1: 0.723 | Student Test F1: 0.648 | Teacher Top 5 Accuracy: 0.932 | Student Top 5 Accuracy: 0.899 | Time: 2.634 | 
Running student landscape probe...
[LR policy] epoch=29 output=residual_log policy_pred=-0.264761 predicted_lr=0.055026 cosine_blend=0.750 lr_ema=0.000 cosine_after=0 next_student_lr=0.067535
[Train] Epoch: 30 | Teacher lr=0.0708 | Teacher Loss: 0.699 | Teacher Train Acc: 87.796 | Student lr=0.0675 | Student Train Acc: 80.838 | Time: 135.616 |
[Eval] Epoch: 30 | Teacher Test Loss: 0.916 | Teacher Test Acc: 73.620 | Student Test Loss: 1.233 | Student Test Acc: 66.060 | Teacher Test F1: 0.737 | Student Test F1: 0.660 | Teacher Top 5 Accuracy: 0.939 | Student Top 5 Accuracy: 0.902 | Time: 2.824 | 
Running student landscape probe...
[LR policy] epoch=30 output=residual_log policy_pred=-0.261705 predicted_lr=0.038846 cosine_blend=0.750 lr_ema=0.000 cosine_after=0 next_student_lr=0.047561
[Train] Epoch: 31 | Teacher lr=0.0495 | Teacher Loss: 0.643 | Teacher Train Acc: 89.340 | Student lr=0.0476 | Student Train Acc: 82.636 | Time: 136.940 |
[Eval] Epoch: 31 | Teacher Test Loss: 0.895 | Teacher Test Acc: 74.280 | Student Test Loss: 1.171 | Student Test Acc: 67.380 | Teacher Test F1: 0.743 | Student Test F1: 0.674 | Teacher Top 5 Accuracy: 0.938 | Student Top 5 Accuracy: 0.905 | Time: 2.649 | 
Running student landscape probe...
[LR policy] epoch=31 output=residual_log policy_pred=-0.265182 predicted_lr=0.025199 cosine_blend=0.750 lr_ema=0.000 cosine_after=0 next_student_lr=0.030938
[Train] Epoch: 32 | Teacher lr=0.0319 | Teacher Loss: 0.583 | Teacher Train Acc: 90.872 | Student lr=0.0309 | Student Train Acc: 84.408 | Time: 137.333 |
[Eval] Epoch: 32 | Teacher Test Loss: 0.868 | Teacher Test Acc: 75.180 | Student Test Loss: 1.150 | Student Test Acc: 67.930 | Teacher Test F1: 0.752 | Student Test F1: 0.680 | Teacher Top 5 Accuracy: 0.941 | Student Top 5 Accuracy: 0.913 | Time: 2.657 | 
Running student landscape probe...
[LR policy] epoch=32 output=residual_log policy_pred=-0.265717 predicted_lr=0.014567 cosine_blend=0.750 lr_ema=0.000 cosine_after=0 next_student_lr=0.017892
[Train] Epoch: 33 | Teacher lr=0.0180 | Teacher Loss: 0.537 | Teacher Train Acc: 92.158 | Student lr=0.0179 | Student Train Acc: 85.908 | Time: 135.895 |
[Eval] Epoch: 33 | Teacher Test Loss: 0.856 | Teacher Test Acc: 75.420 | Student Test Loss: 1.111 | Student Test Acc: 68.990 | Teacher Test F1: 0.755 | Student Test F1: 0.689 | Teacher Top 5 Accuracy: 0.943 | Student Top 5 Accuracy: 0.916 | Time: 2.643 | 
Running student landscape probe...
[LR policy] epoch=33 output=residual_log policy_pred=-0.266204 predicted_lr=0.006917 cosine_blend=0.750 lr_ema=0.000 cosine_after=0 next_student_lr=0.008500
[Train] Epoch: 34 | Teacher lr=0.0080 | Teacher Loss: 0.505 | Teacher Train Acc: 92.834 | Student lr=0.0085 | Student Train Acc: 87.022 | Time: 136.623 |
[Eval] Epoch: 34 | Teacher Test Loss: 0.861 | Teacher Test Acc: 75.560 | Student Test Loss: 1.099 | Student Test Acc: 69.310 | Teacher Test F1: 0.756 | Student Test F1: 0.692 | Teacher Top 5 Accuracy: 0.942 | Student Top 5 Accuracy: 0.918 | Time: 2.741 | 
Running student landscape probe...
[LR policy] epoch=34 output=residual_log policy_pred=-0.264142 predicted_lr=0.002312 cosine_blend=0.750 lr_ema=0.000 cosine_after=0 next_student_lr=0.002836
[Train] Epoch: 35 | Teacher lr=0.0020 | Teacher Loss: 0.484 | Teacher Train Acc: 93.378 | Student lr=0.0028 | Student Train Acc: 87.700 | Time: 135.635 |
[Eval] Epoch: 35 | Teacher Test Loss: 0.859 | Teacher Test Acc: 75.490 | Student Test Loss: 1.091 | Student Test Acc: 69.750 | Teacher Test F1: 0.755 | Student Test F1: 0.697 | Teacher Top 5 Accuracy: 0.942 | Student Top 5 Accuracy: 0.919 | Time: 2.705 | 
Running student landscape probe...
[LR policy] epoch=35 output=residual_log policy_pred=-0.263592 predicted_lr=0.001000 cosine_blend=0.750 lr_ema=0.000 cosine_after=0 next_student_lr=0.001000
ckpt location: ckpt/robust12h_stars/patchtst_noshock_seed5_35ep.pt
