/home/jovyan/.mlspace/envs/egy_llm/lib/python3.11/site-packages/torchvision/datasets/cifar.py:83: VisibleDeprecationWarning: dtype(): align should be passed as Python or NumPy boolean but got `align=0`. Did you mean to pass a tuple to create a subarray type? (Deprecated NumPy 2.4)
  entry = pickle.load(f, encoding="latin1")
depth_list: [110, 20]
[LR policy] loaded checkpoint=checkpoints/policies_beatcos/patchtst_seed0/policy.pt,checkpoints/policies_beatcos/patchtst_seed2/policy.pt,checkpoints/policies_beatcos/patchtst_seed5/policy.pt,checkpoints/policies_beatcos/patchtst_seed7/policy.pt,checkpoints/policies_beatcos/patchtst_seed4/policy.pt model_type=patchtst input_dim=230 n_models=5
Dataset information: cifar100	 50000 images for training 	 10000 images for testing	
teacher depth: 110
student depth: 20
Total number of teacher parameters: 1,169,972
Total number of student parameters: 278,132
Snapshots will be saved to: snapshots/robust12h_stars/patchtst_shock20_seed3_35ep
==== train and evaluate unequal restart ====
[Eval] Epoch: 0 | Teacher Test Loss: 9743.739 | Teacher Test Acc: 1.130 | Student Test Loss: 5.207 | Student Test Acc: 1.000 | Teacher Test F1: 0.001 | Student Test F1: 0.000 | Teacher Top 5 Accuracy: 0.048 | Student Top 5 Accuracy: 0.047 | Time: 2.501 | 
Running student landscape probe...
[Train] Epoch: 1 | Teacher lr=1.0000 | Teacher Loss: 4.169 | Teacher Train Acc: 7.250 | Student lr=0.0100 | Student Train Acc: 6.814 | Time: 137.640 |
[Eval] Epoch: 1 | Teacher Test Loss: 3.707 | Teacher Test Acc: 12.000 | Student Test Loss: 3.881 | Student Test Acc: 9.800 | Teacher Test F1: 0.082 | Student Test F1: 0.064 | Teacher Top 5 Accuracy: 0.356 | Student Top 5 Accuracy: 0.299 | Time: 2.507 | 
Running student landscape probe...
[LR policy] epoch=1 output=residual_log policy_pred=-0.234956 predicted_lr=0.789016 cosine_blend=0.750 lr_ema=0.000 cosine_after=0 next_student_lr=0.997989
[Train] Epoch: 2 | Teacher lr=0.9980 | Teacher Loss: 3.526 | Teacher Train Acc: 18.482 | Student lr=0.9980 | Student Train Acc: 15.984 | Time: 138.049 |
[Eval] Epoch: 2 | Teacher Test Loss: 3.562 | Teacher Test Acc: 16.120 | Student Test Loss: 3.318 | Student Test Acc: 19.520 | Teacher Test F1: 0.145 | Student Test F1: 0.174 | Teacher Top 5 Accuracy: 0.442 | Student Top 5 Accuracy: 0.498 | Time: 2.493 | 
Running student landscape probe...
[LR policy] epoch=2 output=residual_log policy_pred=-0.205448 predicted_lr=0.807746 cosine_blend=0.750 lr_ema=0.000 cosine_after=0 next_student_lr=0.991973
[Train] Epoch: 3 | Teacher lr=0.9920 | Teacher Loss: 2.970 | Teacher Train Acc: 29.514 | Student lr=0.9920 | Student Train Acc: 36.524 | Time: 137.919 |
[Eval] Epoch: 3 | Teacher Test Loss: 2.794 | Teacher Test Acc: 30.740 | Student Test Loss: 2.861 | Student Test Acc: 30.000 | Teacher Test F1: 0.293 | Student Test F1: 0.277 | Teacher Top 5 Accuracy: 0.629 | Student Top 5 Accuracy: 0.617 | Time: 2.498 | 
Running student landscape probe...
[LR policy] epoch=3 output=residual_log policy_pred=-0.251454 predicted_lr=0.763671 cosine_blend=0.750 lr_ema=0.000 cosine_after=0 next_student_lr=0.981999
[Train] Epoch: 4 | Teacher lr=0.9820 | Teacher Loss: 2.568 | Teacher Train Acc: 38.692 | Student lr=0.9820 | Student Train Acc: 45.574 | Time: 138.517 |
[Eval] Epoch: 4 | Teacher Test Loss: 2.437 | Teacher Test Acc: 35.980 | Student Test Loss: 2.975 | Student Test Acc: 28.860 | Teacher Test F1: 0.346 | Student Test F1: 0.276 | Teacher Top 5 Accuracy: 0.686 | Student Top 5 Accuracy: 0.612 | Time: 2.481 | 
Running student landscape probe...
[LR policy] epoch=4 output=residual_log policy_pred=-0.222869 predicted_lr=0.774732 cosine_blend=0.750 lr_ema=0.000 cosine_after=0 next_student_lr=0.968149
[Train] Epoch: 5 | Teacher lr=0.9681 | Teacher Loss: 2.340 | Teacher Train Acc: 43.896 | Student lr=0.9681 | Student Train Acc: 50.208 | Time: 138.119 |
[Eval] Epoch: 5 | Teacher Test Loss: 2.326 | Teacher Test Acc: 39.440 | Student Test Loss: 8.859 | Student Test Acc: 3.890 | Teacher Test F1: 0.384 | Student Test F1: 0.022 | Teacher Top 5 Accuracy: 0.719 | Student Top 5 Accuracy: 0.153 | Time: 2.495 | 
Running student landscape probe...
[LR policy] epoch=5 output=residual_log policy_pred=-0.251291 predicted_lr=0.739321 cosine_blend=0.750 lr_ema=0.000 cosine_after=0 next_student_lr=0.950534
[Train] Epoch: 6 | Teacher lr=0.9505 | Teacher Loss: 2.243 | Teacher Train Acc: 46.640 | Student lr=0.9505 | Student Train Acc: 52.642 | Time: 136.728 |
[Eval] Epoch: 6 | Teacher Test Loss: 2.377 | Teacher Test Acc: 38.720 | Student Test Loss: 2.457 | Student Test Acc: 37.890 | Teacher Test F1: 0.382 | Student Test F1: 0.376 | Teacher Top 5 Accuracy: 0.714 | Student Top 5 Accuracy: 0.704 | Time: 2.522 | 
Running student landscape probe...
[LR policy] epoch=6 output=residual_log policy_pred=-0.225037 predicted_lr=0.742030 cosine_blend=0.750 lr_ema=0.000 cosine_after=0 next_student_lr=0.929295
[Train] Epoch: 7 | Teacher lr=0.9292 | Teacher Loss: 2.092 | Teacher Train Acc: 50.368 | Student lr=0.9293 | Student Train Acc: 54.290 | Time: 135.089 |
[Eval] Epoch: 7 | Teacher Test Loss: 2.143 | Teacher Test Acc: 43.910 | Student Test Loss: 2.605 | Student Test Acc: 35.220 | Teacher Test F1: 0.427 | Student Test F1: 0.350 | Teacher Top 5 Accuracy: 0.759 | Student Top 5 Accuracy: 0.695 | Time: 2.494 | 
Running student landscape probe...
[LR policy] epoch=7 output=residual_log policy_pred=-0.258814 predicted_lr=0.698324 cosine_blend=0.750 lr_ema=0.000 cosine_after=0 next_student_lr=0.904604
[Train] Epoch: 8 | Teacher lr=0.9045 | Teacher Loss: 1.985 | Teacher Train Acc: 53.028 | Student lr=0.9046 | Student Train Acc: 55.932 | Time: 138.217 |
[Eval] Epoch: 8 | Teacher Test Loss: 2.068 | Teacher Test Acc: 43.620 | Student Test Loss: 3.056 | Student Test Acc: 28.850 | Teacher Test F1: 0.435 | Student Test F1: 0.290 | Teacher Top 5 Accuracy: 0.770 | Student Top 5 Accuracy: 0.603 | Time: 2.478 | 
Running student landscape probe...
[LR policy] epoch=8 output=residual_log policy_pred=-0.228361 predicted_lr=0.697678 cosine_blend=0.750 lr_ema=0.000 cosine_after=0 next_student_lr=0.876659
[Train] Epoch: 9 | Teacher lr=0.8765 | Teacher Loss: 2.286 | Teacher Train Acc: 47.738 | Student lr=0.8767 | Student Train Acc: 56.506 | Time: 138.000 |
[Eval] Epoch: 9 | Teacher Test Loss: 1.790 | Teacher Test Acc: 50.220 | Student Test Loss: 2.932 | Student Test Acc: 30.290 | Teacher Test F1: 0.494 | Student Test F1: 0.288 | Teacher Top 5 Accuracy: 0.818 | Student Top 5 Accuracy: 0.609 | Time: 2.485 | 
Running student landscape probe...
[LR policy] epoch=9 output=residual_log policy_pred=-0.262065 predicted_lr=0.650722 cosine_blend=0.750 lr_ema=0.000 cosine_after=0 next_student_lr=0.845686
[Train] Epoch: 10 | Teacher lr=0.8455 | Teacher Loss: 1.850 | Teacher Train Acc: 56.632 | Student lr=0.8457 | Student Train Acc: 57.638 | Time: 137.950 |
[Eval] Epoch: 10 | Teacher Test Loss: 1.654 | Teacher Test Acc: 53.960 | Student Test Loss: 2.345 | Student Test Acc: 41.050 | Teacher Test F1: 0.536 | Student Test F1: 0.400 | Teacher Top 5 Accuracy: 0.833 | Student Top 5 Accuracy: 0.726 | Time: 2.487 | 
Running student landscape probe...
[LR policy] epoch=10 output=residual_log policy_pred=-0.261540 predicted_lr=0.625079 cosine_blend=0.750 lr_ema=0.000 cosine_after=0 next_student_lr=0.811933
[Train] Epoch: 11 | Teacher lr=0.8117 | Teacher Loss: 1.787 | Teacher Train Acc: 58.346 | Student lr=0.8119 | Student Train Acc: 59.114 | Time: 138.139 |
[Eval] Epoch: 11 | Teacher Test Loss: 1.832 | Teacher Test Acc: 49.450 | Student Test Loss: 2.300 | Student Test Acc: 40.730 | Teacher Test F1: 0.483 | Student Test F1: 0.403 | Teacher Top 5 Accuracy: 0.810 | Student Top 5 Accuracy: 0.737 | Time: 2.489 | 
Running student landscape probe...
[LR policy] epoch=11 output=residual_log policy_pred=-0.262109 predicted_lr=0.596824 cosine_blend=0.750 lr_ema=0.000 cosine_after=0 next_student_lr=0.730961
[Train] Epoch: 12 | Teacher lr=0.7754 | Teacher Loss: 1.721 | Teacher Train Acc: 59.756 | Student lr=0.7310 | Student Train Acc: 60.518 | Time: 138.575 |
[Eval] Epoch: 12 | Teacher Test Loss: 1.744 | Teacher Test Acc: 51.430 | Student Test Loss: 2.233 | Student Test Acc: 42.830 | Teacher Test F1: 0.504 | Student Test F1: 0.427 | Teacher Top 5 Accuracy: 0.825 | Student Top 5 Accuracy: 0.740 | Time: 2.502 | 
Running student landscape probe...
[LR policy] epoch=12 output=residual_log policy_pred=-0.257392 predicted_lr=0.569902 cosine_blend=0.750 lr_ema=0.000 cosine_after=0 next_student_lr=0.695373
[Train] Epoch: 13 | Teacher lr=0.7369 | Teacher Loss: 1.676 | Teacher Train Acc: 61.056 | Student lr=0.6954 | Student Train Acc: 61.060 | Time: 135.147 |
[Eval] Epoch: 13 | Teacher Test Loss: 1.801 | Teacher Test Acc: 51.000 | Student Test Loss: 3.606 | Student Test Acc: 25.960 | Teacher Test F1: 0.509 | Student Test F1: 0.254 | Teacher Top 5 Accuracy: 0.813 | Student Top 5 Accuracy: 0.539 | Time: 2.503 | 
Running student landscape probe...
[LR policy] epoch=13 output=residual_log policy_pred=-0.256158 predicted_lr=0.539349 cosine_blend=0.750 lr_ema=0.000 cosine_after=0 next_student_lr=0.657449
[Train] Epoch: 14 | Teacher lr=0.6965 | Teacher Loss: 1.631 | Teacher Train Acc: 62.042 | Student lr=0.6574 | Student Train Acc: 61.578 | Time: 134.994 |
[Eval] Epoch: 14 | Teacher Test Loss: 1.613 | Teacher Test Acc: 54.190 | Student Test Loss: 2.228 | Student Test Acc: 43.040 | Teacher Test F1: 0.538 | Student Test F1: 0.430 | Teacher Top 5 Accuracy: 0.848 | Student Top 5 Accuracy: 0.740 | Time: 2.582 | 
Running student landscape probe...
[LR policy] epoch=14 output=residual_log policy_pred=-0.264916 predicted_lr=0.502450 cosine_blend=0.750 lr_ema=0.000 cosine_after=0 next_student_lr=0.616753
[Train] Epoch: 15 | Teacher lr=0.6545 | Teacher Loss: 1.575 | Teacher Train Acc: 63.912 | Student lr=0.6168 | Student Train Acc: 62.712 | Time: 135.487 |
[Eval] Epoch: 15 | Teacher Test Loss: 1.611 | Teacher Test Acc: 54.360 | Student Test Loss: 1.994 | Student Test Acc: 47.360 | Teacher Test F1: 0.544 | Student Test F1: 0.465 | Teacher Top 5 Accuracy: 0.845 | Student Top 5 Accuracy: 0.779 | Time: 2.497 | 
Running student landscape probe...
[LR policy] epoch=15 output=residual_log policy_pred=-0.261582 predicted_lr=0.470868 cosine_blend=0.750 lr_ema=0.000 cosine_after=0 next_student_lr=0.576454
[Train] Epoch: 16 | Teacher lr=0.6113 | Teacher Loss: 1.531 | Teacher Train Acc: 64.806 | Student lr=0.5765 | Student Train Acc: 63.260 | Time: 135.600 |
[Eval] Epoch: 16 | Teacher Test Loss: 1.501 | Teacher Test Acc: 57.650 | Student Test Loss: 1.972 | Student Test Acc: 47.090 | Teacher Test F1: 0.573 | Student Test F1: 0.471 | Teacher Top 5 Accuracy: 0.858 | Student Top 5 Accuracy: 0.788 | Time: 2.526 | 
Running student landscape probe...
[LR policy] epoch=16 output=residual_log policy_pred=-0.258298 predicted_lr=0.438355 cosine_blend=0.750 lr_ema=0.000 cosine_after=0 next_student_lr=0.535251
[Train] Epoch: 17 | Teacher lr=0.5671 | Teacher Loss: 1.489 | Teacher Train Acc: 66.092 | Student lr=0.5353 | Student Train Acc: 64.330 | Time: 137.041 |
[Eval] Epoch: 17 | Teacher Test Loss: 1.488 | Teacher Test Acc: 57.620 | Student Test Loss: 2.870 | Student Test Acc: 36.310 | Teacher Test F1: 0.576 | Student Test F1: 0.365 | Teacher Top 5 Accuracy: 0.863 | Student Top 5 Accuracy: 0.661 | Time: 2.508 | 
Running student landscape probe...
[LR policy] epoch=17 output=residual_log policy_pred=-0.264042 predicted_lr=0.401564 cosine_blend=0.750 lr_ema=0.000 cosine_after=0 next_student_lr=0.492574
[Train] Epoch: 18 | Teacher lr=0.5224 | Teacher Loss: 1.440 | Teacher Train Acc: 67.326 | Student lr=0.4926 | Student Train Acc: 65.192 | Time: 138.425 |
[Eval] Epoch: 18 | Teacher Test Loss: 1.419 | Teacher Test Acc: 60.260 | Student Test Loss: 1.915 | Student Test Acc: 48.700 | Teacher Test F1: 0.604 | Student Test F1: 0.486 | Teacher Top 5 Accuracy: 0.875 | Student Top 5 Accuracy: 0.792 | Time: 2.495 | 
Running student landscape probe...
[LR policy] epoch=18 output=residual_log policy_pred=-0.259995 predicted_lr=0.368634 cosine_blend=0.750 lr_ema=0.000 cosine_after=0 next_student_lr=0.450726
[Train] Epoch: 19 | Teacher lr=0.4776 | Teacher Loss: 1.387 | Teacher Train Acc: 68.778 | Student lr=0.4507 | Student Train Acc: 65.936 | Time: 135.967 |
[Eval] Epoch: 19 | Teacher Test Loss: 1.401 | Teacher Test Acc: 60.290 | Student Test Loss: 2.592 | Student Test Acc: 39.330 | Teacher Test F1: 0.600 | Student Test F1: 0.405 | Teacher Top 5 Accuracy: 0.878 | Student Top 5 Accuracy: 0.716 | Time: 2.496 | 
Running student landscape probe...
[LR policy] epoch=19 output=residual_log policy_pred=-0.259703 predicted_lr=0.334312 cosine_blend=0.750 lr_ema=0.000 cosine_after=0 next_student_lr=0.408666
[shock] epoch=20 forcing student_lr=2.000000 (window=20..21)
[Train] Epoch: 20 | Teacher lr=0.4329 | Teacher Loss: 2.084 | Teacher Train Acc: 69.728 | Student lr=2.0000 | Student Train Acc: 6.150 | Time: 138.210 |
[Eval] Epoch: 20 | Teacher Test Loss: 1.430 | Teacher Test Acc: 64.710 | Student Test Loss: 4.216 | Student Test Acc: 5.550 | Teacher Test F1: 0.647 | Student Test F1: 0.034 | Teacher Top 5 Accuracy: 0.892 | Student Top 5 Accuracy: 0.215 | Time: 2.488 | 
Running student landscape probe...
[LR policy] epoch=20 output=residual_log policy_pred=-0.271955 predicted_lr=0.296642 cosine_blend=0.750 lr_ema=0.000 cosine_after=0 next_student_lr=0.366174
[shock] epoch=21 forcing student_lr=2.000000 (window=20..21)
[Train] Epoch: 21 | Teacher lr=0.3887 | Teacher Loss: 1.885 | Teacher Train Acc: 71.348 | Student lr=2.0000 | Student Train Acc: 15.820 | Time: 138.932 |
[Eval] Epoch: 21 | Teacher Test Loss: 1.422 | Teacher Test Acc: 63.680 | Student Test Loss: 4.536 | Student Test Acc: 9.580 | Teacher Test F1: 0.636 | Student Test F1: 0.064 | Teacher Top 5 Accuracy: 0.885 | Student Top 5 Accuracy: 0.305 | Time: 2.498 | 
Running student landscape probe...
[LR policy] epoch=21 output=residual_log policy_pred=-0.281238 predicted_lr=0.261288 cosine_blend=0.750 lr_ema=0.000 cosine_after=0 next_student_lr=0.324931
[Train] Epoch: 22 | Teacher lr=0.3455 | Teacher Loss: 1.677 | Teacher Train Acc: 72.320 | Student lr=0.3249 | Student Train Acc: 29.322 | Time: 137.234 |
[Eval] Epoch: 22 | Teacher Test Loss: 1.331 | Teacher Test Acc: 63.800 | Student Test Loss: 2.763 | Student Test Acc: 28.000 | Teacher Test F1: 0.638 | Student Test F1: 0.256 | Teacher Top 5 Accuracy: 0.892 | Student Top 5 Accuracy: 0.615 | Time: 2.476 | 
Running student landscape probe...
[LR policy] epoch=22 output=residual_log policy_pred=-0.292506 predicted_lr=0.227040 cosine_blend=0.750 lr_ema=0.000 cosine_after=0 next_student_lr=0.284898
[Train] Epoch: 23 | Teacher lr=0.3035 | Teacher Loss: 1.578 | Teacher Train Acc: 73.402 | Student lr=0.2849 | Student Train Acc: 35.342 | Time: 136.856 |
[Eval] Epoch: 23 | Teacher Test Loss: 1.251 | Teacher Test Acc: 66.220 | Student Test Loss: 2.659 | Student Test Acc: 31.160 | Teacher Test F1: 0.661 | Student Test F1: 0.299 | Teacher Top 5 Accuracy: 0.903 | Student Top 5 Accuracy: 0.647 | Time: 2.498 | 
Running student landscape probe...
[LR policy] epoch=23 output=residual_log policy_pred=-0.266262 predicted_lr=0.202136 cosine_blend=0.750 lr_ema=0.000 cosine_after=0 next_student_lr=0.248386
[Train] Epoch: 24 | Teacher lr=0.2631 | Teacher Loss: 1.487 | Teacher Train Acc: 74.910 | Student lr=0.2484 | Student Train Acc: 40.102 | Time: 137.170 |
[Eval] Epoch: 24 | Teacher Test Loss: 1.234 | Teacher Test Acc: 66.340 | Student Test Loss: 2.684 | Student Test Acc: 32.010 | Teacher Test F1: 0.662 | Student Test F1: 0.304 | Teacher Top 5 Accuracy: 0.901 | Student Top 5 Accuracy: 0.659 | Time: 2.534 | 
Running student landscape probe...
[LR policy] epoch=24 output=residual_log policy_pred=-0.282332 predicted_lr=0.169902 cosine_blend=0.750 lr_ema=0.000 cosine_after=0 next_student_lr=0.211471
[Train] Epoch: 25 | Teacher lr=0.2246 | Teacher Loss: 1.411 | Teacher Train Acc: 76.312 | Student lr=0.2115 | Student Train Acc: 43.910 | Time: 135.288 |
[Eval] Epoch: 25 | Teacher Test Loss: 1.160 | Teacher Test Acc: 67.990 | Student Test Loss: 2.289 | Student Test Acc: 39.660 | Teacher Test F1: 0.678 | Student Test F1: 0.387 | Teacher Top 5 Accuracy: 0.909 | Student Top 5 Accuracy: 0.725 | Time: 2.521 | 
Running student landscape probe...
[LR policy] epoch=25 output=residual_log policy_pred=-0.260616 predicted_lr=0.145690 cosine_blend=0.750 lr_ema=0.000 cosine_after=0 next_student_lr=0.178223
[Train] Epoch: 26 | Teacher lr=0.1883 | Teacher Loss: 1.337 | Teacher Train Acc: 78.102 | Student lr=0.1782 | Student Train Acc: 47.260 | Time: 138.371 |
[Eval] Epoch: 26 | Teacher Test Loss: 1.134 | Teacher Test Acc: 68.290 | Student Test Loss: 2.287 | Student Test Acc: 39.840 | Teacher Test F1: 0.680 | Student Test F1: 0.387 | Teacher Top 5 Accuracy: 0.916 | Student Top 5 Accuracy: 0.728 | Time: 2.477 | 
Running student landscape probe...
[LR policy] epoch=26 output=residual_log policy_pred=-0.278033 predicted_lr=0.117615 cosine_blend=0.750 lr_ema=0.000 cosine_after=0 next_student_lr=0.145889
[Train] Epoch: 27 | Teacher lr=0.1545 | Teacher Loss: 1.263 | Teacher Train Acc: 79.642 | Student lr=0.1459 | Student Train Acc: 50.240 | Time: 137.059 |
[Eval] Epoch: 27 | Teacher Test Loss: 1.114 | Teacher Test Acc: 68.780 | Student Test Loss: 2.494 | Student Test Acc: 36.460 | Teacher Test F1: 0.688 | Student Test F1: 0.361 | Teacher Top 5 Accuracy: 0.917 | Student Top 5 Accuracy: 0.684 | Time: 2.621 | 
Running student landscape probe...
[LR policy] epoch=27 output=residual_log policy_pred=-0.262193 predicted_lr=0.095663 cosine_blend=0.750 lr_ema=0.000 cosine_after=0 next_student_lr=0.117171
[Train] Epoch: 28 | Teacher lr=0.1235 | Teacher Loss: 1.189 | Teacher Train Acc: 81.556 | Student lr=0.1172 | Student Train Acc: 53.170 | Time: 136.272 |
[Eval] Epoch: 28 | Teacher Test Loss: 1.071 | Teacher Test Acc: 70.010 | Student Test Loss: 2.051 | Student Test Acc: 45.350 | Teacher Test F1: 0.701 | Student Test F1: 0.443 | Teacher Top 5 Accuracy: 0.921 | Student Top 5 Accuracy: 0.774 | Time: 2.501 | 
Running student landscape probe...
[LR policy] epoch=28 output=residual_log policy_pred=-0.273914 predicted_lr=0.073299 cosine_blend=0.750 lr_ema=0.000 cosine_after=0 next_student_lr=0.090622
[Train] Epoch: 29 | Teacher lr=0.0955 | Teacher Loss: 1.115 | Teacher Train Acc: 83.426 | Student lr=0.0906 | Student Train Acc: 55.218 | Time: 137.455 |
[Eval] Epoch: 29 | Teacher Test Loss: 1.027 | Teacher Test Acc: 70.980 | Student Test Loss: 1.950 | Student Test Acc: 48.060 | Teacher Test F1: 0.709 | Student Test F1: 0.477 | Teacher Top 5 Accuracy: 0.925 | Student Top 5 Accuracy: 0.783 | Time: 2.475 | 
Running student landscape probe...
[LR policy] epoch=29 output=residual_log policy_pred=-0.260638 predicted_lr=0.055253 cosine_blend=0.750 lr_ema=0.000 cosine_after=0 next_student_lr=0.067592
[Train] Epoch: 30 | Teacher lr=0.0708 | Teacher Loss: 1.048 | Teacher Train Acc: 85.230 | Student lr=0.0676 | Student Train Acc: 57.664 | Time: 138.020 |
[Eval] Epoch: 30 | Teacher Test Loss: 0.998 | Teacher Test Acc: 72.010 | Student Test Loss: 1.831 | Student Test Acc: 50.080 | Teacher Test F1: 0.720 | Student Test F1: 0.497 | Teacher Top 5 Accuracy: 0.928 | Student Top 5 Accuracy: 0.803 | Time: 2.484 | 
Running student landscape probe...
[LR policy] epoch=30 output=residual_log policy_pred=-0.258788 predicted_lr=0.038959 cosine_blend=0.750 lr_ema=0.000 cosine_after=0 next_student_lr=0.047589
[Train] Epoch: 31 | Teacher lr=0.0495 | Teacher Loss: 0.988 | Teacher Train Acc: 86.956 | Student lr=0.0476 | Student Train Acc: 59.586 | Time: 135.483 |
[Eval] Epoch: 31 | Teacher Test Loss: 0.971 | Teacher Test Acc: 72.490 | Student Test Loss: 1.784 | Student Test Acc: 52.090 | Teacher Test F1: 0.724 | Student Test F1: 0.515 | Teacher Top 5 Accuracy: 0.933 | Student Top 5 Accuracy: 0.811 | Time: 2.537 | 
Running student landscape probe...
[LR policy] epoch=31 output=residual_log policy_pred=-0.268048 predicted_lr=0.025127 cosine_blend=0.750 lr_ema=0.000 cosine_after=0 next_student_lr=0.030920
[Train] Epoch: 32 | Teacher lr=0.0319 | Teacher Loss: 0.928 | Teacher Train Acc: 88.552 | Student lr=0.0309 | Student Train Acc: 61.700 | Time: 137.263 |
[Eval] Epoch: 32 | Teacher Test Loss: 0.951 | Teacher Test Acc: 73.410 | Student Test Loss: 1.709 | Student Test Acc: 54.030 | Teacher Test F1: 0.734 | Student Test F1: 0.534 | Teacher Top 5 Accuracy: 0.934 | Student Top 5 Accuracy: 0.822 | Time: 2.534 | 
Running student landscape probe...
[LR policy] epoch=32 output=residual_log policy_pred=-0.260878 predicted_lr=0.014638 cosine_blend=0.750 lr_ema=0.000 cosine_after=0 next_student_lr=0.017910
[Train] Epoch: 33 | Teacher lr=0.0180 | Teacher Loss: 0.882 | Teacher Train Acc: 89.612 | Student lr=0.0179 | Student Train Acc: 63.442 | Time: 138.382 |
[Eval] Epoch: 33 | Teacher Test Loss: 0.931 | Teacher Test Acc: 73.890 | Student Test Loss: 1.621 | Student Test Acc: 55.770 | Teacher Test F1: 0.739 | Student Test F1: 0.552 | Teacher Top 5 Accuracy: 0.935 | Student Top 5 Accuracy: 0.839 | Time: 2.481 | 
Running student landscape probe...
[LR policy] epoch=33 output=residual_log policy_pred=-0.268987 predicted_lr=0.006898 cosine_blend=0.750 lr_ema=0.000 cosine_after=0 next_student_lr=0.008495
[Train] Epoch: 34 | Teacher lr=0.0080 | Teacher Loss: 0.847 | Teacher Train Acc: 90.440 | Student lr=0.0085 | Student Train Acc: 64.638 | Time: 138.598 |
[Eval] Epoch: 34 | Teacher Test Loss: 0.922 | Teacher Test Acc: 74.070 | Student Test Loss: 1.593 | Student Test Acc: 56.810 | Teacher Test F1: 0.740 | Student Test F1: 0.564 | Teacher Top 5 Accuracy: 0.936 | Student Top 5 Accuracy: 0.839 | Time: 2.492 | 
Running student landscape probe...
[LR policy] epoch=34 output=residual_log policy_pred=-0.261350 predicted_lr=0.002318 cosine_blend=0.750 lr_ema=0.000 cosine_after=0 next_student_lr=0.002838
[Train] Epoch: 35 | Teacher lr=0.0020 | Teacher Loss: 0.822 | Teacher Train Acc: 90.708 | Student lr=0.0028 | Student Train Acc: 65.718 | Time: 137.555 |
[Eval] Epoch: 35 | Teacher Test Loss: 0.917 | Teacher Test Acc: 74.160 | Student Test Loss: 1.564 | Student Test Acc: 57.220 | Teacher Test F1: 0.741 | Student Test F1: 0.569 | Teacher Top 5 Accuracy: 0.936 | Student Top 5 Accuracy: 0.845 | Time: 2.546 | 
Running student landscape probe...
[LR policy] epoch=35 output=residual_log policy_pred=-0.270498 predicted_lr=0.001000 cosine_blend=0.750 lr_ema=0.000 cosine_after=0 next_student_lr=0.001000
ckpt location: ckpt/robust12h_stars/patchtst_shock20_seed3_35ep.pt
