/home/jovyan/.mlspace/envs/egy_llm/lib/python3.11/site-packages/torchvision/datasets/cifar.py:83: VisibleDeprecationWarning: dtype(): align should be passed as Python or NumPy boolean but got `align=0`. Did you mean to pass a tuple to create a subarray type? (Deprecated NumPy 2.4)
  entry = pickle.load(f, encoding="latin1")
depth_list: [110, 20]
[LR policy] loaded checkpoint=checkpoints/policies_beatcos/patchtst_seed0/policy.pt,checkpoints/policies_beatcos/patchtst_seed2/policy.pt,checkpoints/policies_beatcos/patchtst_seed5/policy.pt,checkpoints/policies_beatcos/patchtst_seed7/policy.pt,checkpoints/policies_beatcos/patchtst_seed4/policy.pt model_type=patchtst input_dim=230 n_models=5
Dataset information: cifar100	 50000 images for training 	 10000 images for testing	
teacher depth: 110
student depth: 20
Total number of teacher parameters: 1,169,972
Total number of student parameters: 278,132
Snapshots will be saved to: snapshots/robust12h_stars/patchtst_shock05_seed8_35ep
==== train and evaluate unequal restart ====
[Eval] Epoch: 0 | Teacher Test Loss: 28505.900 | Teacher Test Acc: 1.000 | Student Test Loss: 4.879 | Student Test Acc: 0.550 | Teacher Test F1: 0.000 | Student Test F1: 0.000 | Teacher Top 5 Accuracy: 0.050 | Student Top 5 Accuracy: 0.050 | Time: 2.820 | 
Running student landscape probe...
[Train] Epoch: 1 | Teacher lr=1.0000 | Teacher Loss: 4.037 | Teacher Train Acc: 9.578 | Student lr=0.0100 | Student Train Acc: 6.978 | Time: 136.624 |
[Eval] Epoch: 1 | Teacher Test Loss: 3.652 | Teacher Test Acc: 12.510 | Student Test Loss: 3.810 | Student Test Acc: 10.940 | Teacher Test F1: 0.090 | Student Test F1: 0.071 | Teacher Top 5 Accuracy: 0.390 | Student Top 5 Accuracy: 0.324 | Time: 2.446 | 
Running student landscape probe...
[LR policy] epoch=1 output=residual_log policy_pred=-0.203743 predicted_lr=0.814032 cosine_blend=0.750 lr_ema=0.000 cosine_after=0 next_student_lr=0.997989
[Train] Epoch: 2 | Teacher lr=0.9980 | Teacher Loss: 3.443 | Teacher Train Acc: 20.506 | Student lr=0.9980 | Student Train Acc: 17.870 | Time: 135.590 |
[Eval] Epoch: 2 | Teacher Test Loss: 3.153 | Teacher Test Acc: 22.600 | Student Test Loss: 3.185 | Student Test Acc: 21.760 | Teacher Test F1: 0.208 | Student Test F1: 0.199 | Teacher Top 5 Accuracy: 0.523 | Student Top 5 Accuracy: 0.540 | Time: 2.507 | 
Running student landscape probe...
[LR policy] epoch=2 output=residual_log policy_pred=-0.203039 predicted_lr=0.809695 cosine_blend=0.750 lr_ema=0.000 cosine_after=0 next_student_lr=0.991973
[Train] Epoch: 3 | Teacher lr=0.9920 | Teacher Loss: 2.865 | Teacher Train Acc: 31.696 | Student lr=0.9920 | Student Train Acc: 39.368 | Time: 135.498 |
[Eval] Epoch: 3 | Teacher Test Loss: 2.793 | Teacher Test Acc: 28.440 | Student Test Loss: 5.641 | Student Test Acc: 10.150 | Teacher Test F1: 0.272 | Student Test F1: 0.063 | Teacher Top 5 Accuracy: 0.618 | Student Top 5 Accuracy: 0.251 | Time: 2.601 | 
Running student landscape probe...
[LR policy] epoch=3 output=residual_log policy_pred=-0.242339 predicted_lr=0.770663 cosine_blend=0.750 lr_ema=0.000 cosine_after=0 next_student_lr=0.981999
[Train] Epoch: 4 | Teacher lr=0.9820 | Teacher Loss: 2.503 | Teacher Train Acc: 39.978 | Student lr=0.9820 | Student Train Acc: 46.850 | Time: 136.248 |
[Eval] Epoch: 4 | Teacher Test Loss: 2.430 | Teacher Test Acc: 36.730 | Student Test Loss: 3.948 | Student Test Acc: 19.710 | Teacher Test F1: 0.348 | Student Test F1: 0.173 | Teacher Top 5 Accuracy: 0.706 | Student Top 5 Accuracy: 0.473 | Time: 2.724 | 
Running student landscape probe...
[LR policy] epoch=4 output=residual_log policy_pred=-0.210916 predicted_lr=0.784048 cosine_blend=0.750 lr_ema=0.000 cosine_after=0 next_student_lr=0.968149
[Train] Epoch: 5 | Teacher lr=0.9681 | Teacher Loss: 2.284 | Teacher Train Acc: 45.170 | Student lr=0.9681 | Student Train Acc: 50.844 | Time: 137.682 |
[Eval] Epoch: 5 | Teacher Test Loss: 2.286 | Teacher Test Acc: 38.780 | Student Test Loss: 3.253 | Student Test Acc: 27.720 | Teacher Test F1: 0.378 | Student Test F1: 0.256 | Teacher Top 5 Accuracy: 0.724 | Student Top 5 Accuracy: 0.560 | Time: 2.652 | 
Running student landscape probe...
[LR policy] epoch=5 output=residual_log policy_pred=-0.251859 predicted_lr=0.738902 cosine_blend=0.750 lr_ema=0.000 cosine_after=0 next_student_lr=0.950534
[Train] Epoch: 6 | Teacher lr=0.9505 | Teacher Loss: 2.136 | Teacher Train Acc: 49.038 | Student lr=0.9505 | Student Train Acc: 53.466 | Time: 134.537 |
[Eval] Epoch: 6 | Teacher Test Loss: 2.271 | Teacher Test Acc: 39.770 | Student Test Loss: 2.242 | Student Test Acc: 40.410 | Teacher Test F1: 0.390 | Student Test F1: 0.392 | Teacher Top 5 Accuracy: 0.734 | Student Top 5 Accuracy: 0.745 | Time: 2.634 | 
Running student landscape probe...
[LR policy] epoch=6 output=residual_log policy_pred=-0.224915 predicted_lr=0.742120 cosine_blend=0.750 lr_ema=0.000 cosine_after=0 next_student_lr=0.929295
[Train] Epoch: 7 | Teacher lr=0.9292 | Teacher Loss: 2.026 | Teacher Train Acc: 51.664 | Student lr=0.9293 | Student Train Acc: 55.074 | Time: 134.599 |
[Eval] Epoch: 7 | Teacher Test Loss: 2.115 | Teacher Test Acc: 43.900 | Student Test Loss: 2.869 | Student Test Acc: 30.410 | Teacher Test F1: 0.442 | Student Test F1: 0.297 | Teacher Top 5 Accuracy: 0.760 | Student Top 5 Accuracy: 0.607 | Time: 2.765 | 
Running student landscape probe...
[LR policy] epoch=7 output=residual_log policy_pred=-0.258746 predicted_lr=0.698372 cosine_blend=0.750 lr_ema=0.000 cosine_after=0 next_student_lr=0.904604
[Train] Epoch: 8 | Teacher lr=0.9045 | Teacher Loss: 1.936 | Teacher Train Acc: 54.036 | Student lr=0.9046 | Student Train Acc: 56.600 | Time: 135.895 |
[Eval] Epoch: 8 | Teacher Test Loss: 2.050 | Teacher Test Acc: 45.680 | Student Test Loss: 2.460 | Student Test Acc: 38.150 | Teacher Test F1: 0.456 | Student Test F1: 0.379 | Teacher Top 5 Accuracy: 0.783 | Student Top 5 Accuracy: 0.690 | Time: 2.547 | 
Running student landscape probe...
[LR policy] epoch=8 output=residual_log policy_pred=-0.226188 predicted_lr=0.699195 cosine_blend=0.750 lr_ema=0.000 cosine_after=0 next_student_lr=0.876659
[Train] Epoch: 9 | Teacher lr=0.8765 | Teacher Loss: 1.860 | Teacher Train Acc: 56.318 | Student lr=0.8767 | Student Train Acc: 57.710 | Time: 135.473 |
[Eval] Epoch: 9 | Teacher Test Loss: 1.810 | Teacher Test Acc: 50.980 | Student Test Loss: 2.303 | Student Test Acc: 41.340 | Teacher Test F1: 0.502 | Student Test F1: 0.407 | Teacher Top 5 Accuracy: 0.815 | Student Top 5 Accuracy: 0.734 | Time: 2.678 | 
Running student landscape probe...
[LR policy] epoch=9 output=residual_log policy_pred=-0.258698 predicted_lr=0.652917 cosine_blend=0.750 lr_ema=0.000 cosine_after=0 next_student_lr=0.845686
[Train] Epoch: 10 | Teacher lr=0.8455 | Teacher Loss: 2.001 | Teacher Train Acc: 54.084 | Student lr=0.8457 | Student Train Acc: 58.404 | Time: 136.661 |
[Eval] Epoch: 10 | Teacher Test Loss: 2.045 | Teacher Test Acc: 45.150 | Student Test Loss: 2.390 | Student Test Acc: 39.410 | Teacher Test F1: 0.432 | Student Test F1: 0.389 | Teacher Top 5 Accuracy: 0.772 | Student Top 5 Accuracy: 0.716 | Time: 2.596 | 
Running student landscape probe...
[LR policy] epoch=10 output=residual_log policy_pred=-0.248181 predicted_lr=0.633485 cosine_blend=0.750 lr_ema=0.000 cosine_after=0 next_student_lr=0.811933
[Train] Epoch: 11 | Teacher lr=0.8117 | Teacher Loss: 1.792 | Teacher Train Acc: 57.986 | Student lr=0.8119 | Student Train Acc: 59.262 | Time: 133.089 |
[Eval] Epoch: 11 | Teacher Test Loss: 1.610 | Teacher Test Acc: 54.300 | Student Test Loss: 1.969 | Student Test Acc: 47.040 | Teacher Test F1: 0.530 | Student Test F1: 0.460 | Teacher Top 5 Accuracy: 0.844 | Student Top 5 Accuracy: 0.787 | Time: 2.624 | 
Running student landscape probe...
[LR policy] epoch=11 output=residual_log policy_pred=-0.270744 predicted_lr=0.591692 cosine_blend=0.750 lr_ema=0.000 cosine_after=0 next_student_lr=0.729678
[Train] Epoch: 12 | Teacher lr=0.7754 | Teacher Loss: 1.686 | Teacher Train Acc: 60.524 | Student lr=0.7297 | Student Train Acc: 60.656 | Time: 137.960 |
[Eval] Epoch: 12 | Teacher Test Loss: 1.887 | Teacher Test Acc: 48.400 | Student Test Loss: 1.972 | Student Test Acc: 47.750 | Teacher Test F1: 0.490 | Student Test F1: 0.475 | Teacher Top 5 Accuracy: 0.799 | Student Top 5 Accuracy: 0.790 | Time: 2.635 | 
Running student landscape probe...
[LR policy] epoch=12 output=residual_log policy_pred=-0.261099 predicted_lr=0.567793 cosine_blend=0.750 lr_ema=0.000 cosine_after=0 next_student_lr=0.694846
[Train] Epoch: 13 | Teacher lr=0.7369 | Teacher Loss: 1.645 | Teacher Train Acc: 61.760 | Student lr=0.6948 | Student Train Acc: 61.670 | Time: 135.321 |
[Eval] Epoch: 13 | Teacher Test Loss: 1.638 | Teacher Test Acc: 54.390 | Student Test Loss: 2.142 | Student Test Acc: 44.360 | Teacher Test F1: 0.543 | Student Test F1: 0.447 | Teacher Top 5 Accuracy: 0.847 | Student Top 5 Accuracy: 0.765 | Time: 2.666 | 
Running student landscape probe...
[LR policy] epoch=13 output=residual_log policy_pred=-0.265283 predicted_lr=0.534450 cosine_blend=0.750 lr_ema=0.000 cosine_after=0 next_student_lr=0.656225
[Train] Epoch: 14 | Teacher lr=0.6965 | Teacher Loss: 1.587 | Teacher Train Acc: 63.618 | Student lr=0.6562 | Student Train Acc: 62.458 | Time: 135.653 |
[Eval] Epoch: 14 | Teacher Test Loss: 1.577 | Teacher Test Acc: 56.050 | Student Test Loss: 2.378 | Student Test Acc: 40.610 | Teacher Test F1: 0.552 | Student Test F1: 0.409 | Teacher Top 5 Accuracy: 0.851 | Student Top 5 Accuracy: 0.732 | Time: 2.694 | 
Running student landscape probe...
[LR policy] epoch=14 output=residual_log policy_pred=-0.263868 predicted_lr=0.502977 cosine_blend=0.750 lr_ema=0.000 cosine_after=0 next_student_lr=0.616885
[Train] Epoch: 15 | Teacher lr=0.6545 | Teacher Loss: 1.542 | Teacher Train Acc: 64.740 | Student lr=0.6169 | Student Train Acc: 62.860 | Time: 134.855 |
[Eval] Epoch: 15 | Teacher Test Loss: 1.536 | Teacher Test Acc: 57.370 | Student Test Loss: 1.983 | Student Test Acc: 47.970 | Teacher Test F1: 0.575 | Student Test F1: 0.475 | Teacher Top 5 Accuracy: 0.862 | Student Top 5 Accuracy: 0.782 | Time: 2.682 | 
Running student landscape probe...
[LR policy] epoch=15 output=residual_log policy_pred=-0.261974 predicted_lr=0.470683 cosine_blend=0.750 lr_ema=0.000 cosine_after=0 next_student_lr=0.576408
[Train] Epoch: 16 | Teacher lr=0.6113 | Teacher Loss: 1.505 | Teacher Train Acc: 65.682 | Student lr=0.5764 | Student Train Acc: 63.810 | Time: 135.402 |
[Eval] Epoch: 16 | Teacher Test Loss: 1.585 | Teacher Test Acc: 56.240 | Student Test Loss: 2.337 | Student Test Acc: 40.930 | Teacher Test F1: 0.565 | Student Test F1: 0.406 | Teacher Top 5 Accuracy: 0.849 | Student Top 5 Accuracy: 0.734 | Time: 2.658 | 
Running student landscape probe...
[LR policy] epoch=16 output=residual_log policy_pred=-0.266444 predicted_lr=0.434799 cosine_blend=0.750 lr_ema=0.000 cosine_after=0 next_student_lr=0.534362
[Train] Epoch: 17 | Teacher lr=0.5671 | Teacher Loss: 1.461 | Teacher Train Acc: 66.864 | Student lr=0.5344 | Student Train Acc: 64.664 | Time: 134.456 |
[Eval] Epoch: 17 | Teacher Test Loss: 1.434 | Teacher Test Acc: 59.830 | Student Test Loss: 2.174 | Student Test Acc: 45.000 | Teacher Test F1: 0.591 | Student Test F1: 0.466 | Teacher Top 5 Accuracy: 0.873 | Student Top 5 Accuracy: 0.777 | Time: 2.620 | 
Running student landscape probe...
[LR policy] epoch=17 output=residual_log policy_pred=-0.260307 predicted_lr=0.403067 cosine_blend=0.750 lr_ema=0.000 cosine_after=0 next_student_lr=0.492949
[Train] Epoch: 18 | Teacher lr=0.5224 | Teacher Loss: 1.412 | Teacher Train Acc: 68.224 | Student lr=0.4929 | Student Train Acc: 65.506 | Time: 136.054 |
[Eval] Epoch: 18 | Teacher Test Loss: 1.495 | Teacher Test Acc: 57.010 | Student Test Loss: 1.896 | Student Test Acc: 49.150 | Teacher Test F1: 0.568 | Student Test F1: 0.484 | Teacher Top 5 Accuracy: 0.871 | Student Top 5 Accuracy: 0.805 | Time: 2.624 | 
Running student landscape probe...
[LR policy] epoch=18 output=residual_log policy_pred=-0.267202 predicted_lr=0.365987 cosine_blend=0.750 lr_ema=0.000 cosine_after=0 next_student_lr=0.450064
[Train] Epoch: 19 | Teacher lr=0.4776 | Teacher Loss: 1.369 | Teacher Train Acc: 69.232 | Student lr=0.4501 | Student Train Acc: 66.510 | Time: 136.613 |
[Eval] Epoch: 19 | Teacher Test Loss: 1.330 | Teacher Test Acc: 61.290 | Student Test Loss: 2.064 | Student Test Acc: 46.550 | Teacher Test F1: 0.614 | Student Test F1: 0.469 | Teacher Top 5 Accuracy: 0.885 | Student Top 5 Accuracy: 0.782 | Time: 2.529 | 
Running student landscape probe...
[LR policy] epoch=19 output=residual_log policy_pred=-0.260080 predicted_lr=0.334186 cosine_blend=0.750 lr_ema=0.000 cosine_after=0 next_student_lr=0.408634
[shock] epoch=20 forcing student_lr=0.500000 (window=20..21)
[Train] Epoch: 20 | Teacher lr=0.4329 | Teacher Loss: 1.332 | Teacher Train Acc: 71.018 | Student lr=0.5000 | Student Train Acc: 65.574 | Time: 137.465 |
[Eval] Epoch: 20 | Teacher Test Loss: 1.389 | Teacher Test Acc: 60.650 | Student Test Loss: 1.970 | Student Test Acc: 48.630 | Teacher Test F1: 0.604 | Student Test F1: 0.482 | Teacher Top 5 Accuracy: 0.882 | Student Top 5 Accuracy: 0.780 | Time: 2.733 | 
Running student landscape probe...
[LR policy] epoch=20 output=residual_log policy_pred=-0.261524 predicted_lr=0.299752 cosine_blend=0.750 lr_ema=0.000 cosine_after=0 next_student_lr=0.366951
[shock] epoch=21 forcing student_lr=0.500000 (window=20..21)
[Train] Epoch: 21 | Teacher lr=0.3887 | Teacher Loss: 1.285 | Teacher Train Acc: 72.260 | Student lr=0.5000 | Student Train Acc: 65.956 | Time: 135.622 |
[Eval] Epoch: 21 | Teacher Test Loss: 1.246 | Teacher Test Acc: 64.420 | Student Test Loss: 1.870 | Student Test Acc: 51.200 | Teacher Test F1: 0.642 | Student Test F1: 0.512 | Teacher Top 5 Accuracy: 0.899 | Student Top 5 Accuracy: 0.800 | Time: 2.654 | 
Running student landscape probe...
[LR policy] epoch=21 output=residual_log policy_pred=-0.267068 predicted_lr=0.265017 cosine_blend=0.750 lr_ema=0.000 cosine_after=0 next_student_lr=0.325864
[Train] Epoch: 22 | Teacher lr=0.3455 | Teacher Loss: 1.199 | Teacher Train Acc: 73.794 | Student lr=0.3259 | Student Train Acc: 69.460 | Time: 136.952 |
[Eval] Epoch: 22 | Teacher Test Loss: 1.282 | Teacher Test Acc: 63.450 | Student Test Loss: 1.788 | Student Test Acc: 51.710 | Teacher Test F1: 0.640 | Student Test F1: 0.519 | Teacher Top 5 Accuracy: 0.895 | Student Top 5 Accuracy: 0.822 | Time: 2.670 | 
Running student landscape probe...
[LR policy] epoch=22 output=residual_log policy_pred=-0.264207 predicted_lr=0.233557 cosine_blend=0.750 lr_ema=0.000 cosine_after=0 next_student_lr=0.286527
[Train] Epoch: 23 | Teacher lr=0.3035 | Teacher Loss: 1.155 | Teacher Train Acc: 74.976 | Student lr=0.2865 | Student Train Acc: 70.522 | Time: 134.860 |
[Eval] Epoch: 23 | Teacher Test Loss: 1.136 | Teacher Test Acc: 66.610 | Student Test Loss: 1.596 | Student Test Acc: 56.170 | Teacher Test F1: 0.665 | Student Test F1: 0.565 | Teacher Top 5 Accuracy: 0.914 | Student Top 5 Accuracy: 0.855 | Time: 2.680 | 
Running student landscape probe...
[LR policy] epoch=23 output=residual_log policy_pred=-0.259900 predicted_lr=0.203426 cosine_blend=0.750 lr_ema=0.000 cosine_after=0 next_student_lr=0.248708
[Train] Epoch: 24 | Teacher lr=0.2631 | Teacher Loss: 1.102 | Teacher Train Acc: 76.406 | Student lr=0.2487 | Student Train Acc: 71.380 | Time: 133.865 |
[Eval] Epoch: 24 | Teacher Test Loss: 1.212 | Teacher Test Acc: 65.750 | Student Test Loss: 1.692 | Student Test Acc: 54.090 | Teacher Test F1: 0.656 | Student Test F1: 0.545 | Teacher Top 5 Accuracy: 0.903 | Student Top 5 Accuracy: 0.835 | Time: 2.778 | 
Running student landscape probe...
[LR policy] epoch=24 output=residual_log policy_pred=-0.264529 predicted_lr=0.172954 cosine_blend=0.750 lr_ema=0.000 cosine_after=0 next_student_lr=0.212234
[Train] Epoch: 25 | Teacher lr=0.2246 | Teacher Loss: 1.042 | Teacher Train Acc: 78.312 | Student lr=0.2122 | Student Train Acc: 72.672 | Time: 134.899 |
[Eval] Epoch: 25 | Teacher Test Loss: 1.063 | Teacher Test Acc: 69.020 | Student Test Loss: 1.626 | Student Test Acc: 56.580 | Teacher Test F1: 0.689 | Student Test F1: 0.563 | Teacher Top 5 Accuracy: 0.917 | Student Top 5 Accuracy: 0.843 | Time: 2.750 | 
Running student landscape probe...
[LR policy] epoch=25 output=residual_log policy_pred=-0.263792 predicted_lr=0.145229 cosine_blend=0.750 lr_ema=0.000 cosine_after=0 next_student_lr=0.178107
[Train] Epoch: 26 | Teacher lr=0.1883 | Teacher Loss: 0.976 | Teacher Train Acc: 80.132 | Student lr=0.1781 | Student Train Acc: 74.106 | Time: 135.880 |
[Eval] Epoch: 26 | Teacher Test Loss: 1.054 | Teacher Test Acc: 69.240 | Student Test Loss: 1.396 | Student Test Acc: 61.310 | Teacher Test F1: 0.692 | Student Test F1: 0.615 | Teacher Top 5 Accuracy: 0.922 | Student Top 5 Accuracy: 0.879 | Time: 2.820 | 
Running student landscape probe...
[LR policy] epoch=26 output=residual_log policy_pred=-0.263797 predicted_lr=0.119301 cosine_blend=0.750 lr_ema=0.000 cosine_after=0 next_student_lr=0.146311
[Train] Epoch: 27 | Teacher lr=0.1545 | Teacher Loss: 0.917 | Teacher Train Acc: 81.742 | Student lr=0.1463 | Student Train Acc: 75.150 | Time: 135.513 |
[Eval] Epoch: 27 | Teacher Test Loss: 1.029 | Teacher Test Acc: 70.030 | Student Test Loss: 1.445 | Student Test Acc: 60.750 | Teacher Test F1: 0.701 | Student Test F1: 0.612 | Teacher Top 5 Accuracy: 0.925 | Student Top 5 Accuracy: 0.874 | Time: 2.659 | 
Running student landscape probe...
[LR policy] epoch=27 output=residual_log policy_pred=-0.262857 predicted_lr=0.095600 cosine_blend=0.750 lr_ema=0.000 cosine_after=0 next_student_lr=0.117156
[Train] Epoch: 28 | Teacher lr=0.1235 | Teacher Loss: 0.856 | Teacher Train Acc: 83.720 | Student lr=0.1172 | Student Train Acc: 76.872 | Time: 135.160 |
[Eval] Epoch: 28 | Teacher Test Loss: 0.970 | Teacher Test Acc: 71.720 | Student Test Loss: 1.516 | Student Test Acc: 59.370 | Teacher Test F1: 0.717 | Student Test F1: 0.596 | Teacher Top 5 Accuracy: 0.928 | Student Top 5 Accuracy: 0.865 | Time: 2.643 | 
Running student landscape probe...
[LR policy] epoch=28 output=residual_log policy_pred=-0.263550 predicted_lr=0.074063 cosine_blend=0.750 lr_ema=0.000 cosine_after=0 next_student_lr=0.090813
[Train] Epoch: 29 | Teacher lr=0.0955 | Teacher Loss: 0.786 | Teacher Train Acc: 85.680 | Student lr=0.0908 | Student Train Acc: 78.474 | Time: 135.170 |
[Eval] Epoch: 29 | Teacher Test Loss: 0.957 | Teacher Test Acc: 72.190 | Student Test Loss: 1.357 | Student Test Acc: 62.780 | Teacher Test F1: 0.721 | Student Test F1: 0.626 | Teacher Top 5 Accuracy: 0.932 | Student Top 5 Accuracy: 0.885 | Time: 2.571 | 
Running student landscape probe...
[LR policy] epoch=29 output=residual_log policy_pred=-0.265808 predicted_lr=0.054968 cosine_blend=0.750 lr_ema=0.000 cosine_after=0 next_student_lr=0.067521
[Train] Epoch: 30 | Teacher lr=0.0708 | Teacher Loss: 0.719 | Teacher Train Acc: 87.540 | Student lr=0.0675 | Student Train Acc: 80.220 | Time: 134.963 |
[Eval] Epoch: 30 | Teacher Test Loss: 0.919 | Teacher Test Acc: 73.210 | Student Test Loss: 1.261 | Student Test Acc: 65.070 | Teacher Test F1: 0.731 | Student Test F1: 0.650 | Teacher Top 5 Accuracy: 0.936 | Student Top 5 Accuracy: 0.899 | Time: 2.826 | 
Running student landscape probe...
[LR policy] epoch=30 output=residual_log policy_pred=-0.262863 predicted_lr=0.038801 cosine_blend=0.750 lr_ema=0.000 cosine_after=0 next_student_lr=0.047550
[Train] Epoch: 31 | Teacher lr=0.0495 | Teacher Loss: 0.657 | Teacher Train Acc: 89.298 | Student lr=0.0475 | Student Train Acc: 81.720 | Time: 135.638 |
[Eval] Epoch: 31 | Teacher Test Loss: 0.899 | Teacher Test Acc: 73.760 | Student Test Loss: 1.224 | Student Test Acc: 66.470 | Teacher Test F1: 0.737 | Student Test F1: 0.664 | Teacher Top 5 Accuracy: 0.937 | Student Top 5 Accuracy: 0.904 | Time: 2.597 | 
Running student landscape probe...
[LR policy] epoch=31 output=residual_log policy_pred=-0.263587 predicted_lr=0.025239 cosine_blend=0.750 lr_ema=0.000 cosine_after=0 next_student_lr=0.030948
[Train] Epoch: 32 | Teacher lr=0.0319 | Teacher Loss: 0.605 | Teacher Train Acc: 90.618 | Student lr=0.0309 | Student Train Acc: 83.640 | Time: 133.530 |
[Eval] Epoch: 32 | Teacher Test Loss: 0.891 | Teacher Test Acc: 74.450 | Student Test Loss: 1.207 | Student Test Acc: 66.970 | Teacher Test F1: 0.745 | Student Test F1: 0.670 | Teacher Top 5 Accuracy: 0.939 | Student Top 5 Accuracy: 0.908 | Time: 2.684 | 
Running student landscape probe...
[LR policy] epoch=32 output=residual_log policy_pred=-0.262096 predicted_lr=0.014620 cosine_blend=0.750 lr_ema=0.000 cosine_after=0 next_student_lr=0.017905
[Train] Epoch: 33 | Teacher lr=0.0180 | Teacher Loss: 0.557 | Teacher Train Acc: 91.708 | Student lr=0.0179 | Student Train Acc: 84.864 | Time: 136.746 |
[Eval] Epoch: 33 | Teacher Test Loss: 0.884 | Teacher Test Acc: 74.280 | Student Test Loss: 1.165 | Student Test Acc: 68.200 | Teacher Test F1: 0.743 | Student Test F1: 0.681 | Teacher Top 5 Accuracy: 0.940 | Student Top 5 Accuracy: 0.911 | Time: 2.633 | 
Running student landscape probe...
[LR policy] epoch=33 output=residual_log policy_pred=-0.262980 predicted_lr=0.006940 cosine_blend=0.750 lr_ema=0.000 cosine_after=0 next_student_lr=0.008505
[Train] Epoch: 34 | Teacher lr=0.0080 | Teacher Loss: 0.526 | Teacher Train Acc: 92.406 | Student lr=0.0085 | Student Train Acc: 86.042 | Time: 136.150 |
[Eval] Epoch: 34 | Teacher Test Loss: 0.874 | Teacher Test Acc: 74.780 | Student Test Loss: 1.134 | Student Test Acc: 69.200 | Teacher Test F1: 0.748 | Student Test F1: 0.691 | Teacher Top 5 Accuracy: 0.941 | Student Top 5 Accuracy: 0.916 | Time: 2.715 | 
Running student landscape probe...
[LR policy] epoch=34 output=residual_log policy_pred=-0.262737 predicted_lr=0.002315 cosine_blend=0.750 lr_ema=0.000 cosine_after=0 next_student_lr=0.002837
[Train] Epoch: 35 | Teacher lr=0.0020 | Teacher Loss: 0.505 | Teacher Train Acc: 92.762 | Student lr=0.0028 | Student Train Acc: 86.842 | Time: 134.524 |
[Eval] Epoch: 35 | Teacher Test Loss: 0.872 | Teacher Test Acc: 75.030 | Student Test Loss: 1.122 | Student Test Acc: 68.990 | Teacher Test F1: 0.750 | Student Test F1: 0.690 | Teacher Top 5 Accuracy: 0.942 | Student Top 5 Accuracy: 0.917 | Time: 2.514 | 
Running student landscape probe...
[LR policy] epoch=35 output=residual_log policy_pred=-0.263898 predicted_lr=0.001000 cosine_blend=0.750 lr_ema=0.000 cosine_after=0 next_student_lr=0.001000
ckpt location: ckpt/robust12h_stars/patchtst_shock05_seed8_35ep.pt
