/home/jovyan/.mlspace/envs/egy_llm/lib/python3.11/site-packages/torchvision/datasets/cifar.py:83: VisibleDeprecationWarning: dtype(): align should be passed as Python or NumPy boolean but got `align=0`. Did you mean to pass a tuple to create a subarray type? (Deprecated NumPy 2.4)
  entry = pickle.load(f, encoding="latin1")
depth_list: [110, 20]
[LR policy] loaded checkpoint=checkpoints/policies_beatcos/patchtst_seed0/policy.pt,checkpoints/policies_beatcos/patchtst_seed2/policy.pt,checkpoints/policies_beatcos/patchtst_seed5/policy.pt,checkpoints/policies_beatcos/patchtst_seed7/policy.pt,checkpoints/policies_beatcos/patchtst_seed4/policy.pt model_type=patchtst input_dim=230 n_models=5
Dataset information: cifar100	 50000 images for training 	 10000 images for testing	
teacher depth: 110
student depth: 20
Total number of teacher parameters: 1,169,972
Total number of student parameters: 278,132
Snapshots will be saved to: snapshots/robust12h_stars/patchtst_noshock_seed6_35ep
==== train and evaluate unequal restart ====
[Eval] Epoch: 0 | Teacher Test Loss: 4830.063 | Teacher Test Acc: 1.020 | Student Test Loss: 5.053 | Student Test Acc: 0.870 | Teacher Test F1: 0.000 | Student Test F1: 0.001 | Teacher Top 5 Accuracy: 0.048 | Student Top 5 Accuracy: 0.051 | Time: 2.978 | 
Running student landscape probe...
[Train] Epoch: 1 | Teacher lr=1.0000 | Teacher Loss: 4.113 | Teacher Train Acc: 8.154 | Student lr=0.0100 | Student Train Acc: 6.550 | Time: 139.651 |
[Eval] Epoch: 1 | Teacher Test Loss: 3.835 | Teacher Test Acc: 11.500 | Student Test Loss: 3.842 | Student Test Acc: 10.170 | Teacher Test F1: 0.083 | Student Test F1: 0.066 | Teacher Top 5 Accuracy: 0.317 | Student Top 5 Accuracy: 0.309 | Time: 2.384 | 
Running student landscape probe...
[LR policy] epoch=1 output=residual_log policy_pred=-0.225374 predicted_lr=0.796612 cosine_blend=0.750 lr_ema=0.000 cosine_after=0 next_student_lr=0.997989
[Train] Epoch: 2 | Teacher lr=0.9980 | Teacher Loss: 3.550 | Teacher Train Acc: 18.024 | Student lr=0.9980 | Student Train Acc: 19.240 | Time: 137.798 |
[Eval] Epoch: 2 | Teacher Test Loss: 3.463 | Teacher Test Acc: 18.500 | Student Test Loss: 3.087 | Student Test Acc: 23.540 | Teacher Test F1: 0.155 | Student Test F1: 0.218 | Teacher Top 5 Accuracy: 0.463 | Student Top 5 Accuracy: 0.541 | Time: 2.401 | 
Running student landscape probe...
[LR policy] epoch=2 output=residual_log policy_pred=-0.208490 predicted_lr=0.805293 cosine_blend=0.750 lr_ema=0.000 cosine_after=0 next_student_lr=0.991973
[Train] Epoch: 3 | Teacher lr=0.9920 | Teacher Loss: 2.967 | Teacher Train Acc: 29.750 | Student lr=0.9920 | Student Train Acc: 39.492 | Time: 139.363 |
[Eval] Epoch: 3 | Teacher Test Loss: 2.999 | Teacher Test Acc: 25.730 | Student Test Loss: 2.459 | Student Test Acc: 36.390 | Teacher Test F1: 0.242 | Student Test F1: 0.357 | Teacher Top 5 Accuracy: 0.583 | Student Top 5 Accuracy: 0.693 | Time: 2.391 | 
Running student landscape probe...
[LR policy] epoch=3 output=residual_log policy_pred=-0.260047 predicted_lr=0.757136 cosine_blend=0.750 lr_ema=0.000 cosine_after=0 next_student_lr=0.981999
[Train] Epoch: 4 | Teacher lr=0.9820 | Teacher Loss: 3.012 | Teacher Train Acc: 31.176 | Student lr=0.9820 | Student Train Acc: 46.688 | Time: 135.319 |
[Eval] Epoch: 4 | Teacher Test Loss: 2.594 | Teacher Test Acc: 33.330 | Student Test Loss: 2.565 | Student Test Acc: 36.250 | Teacher Test F1: 0.330 | Student Test F1: 0.355 | Teacher Top 5 Accuracy: 0.663 | Student Top 5 Accuracy: 0.674 | Time: 2.436 | 
Running student landscape probe...
[LR policy] epoch=4 output=residual_log policy_pred=-0.223806 predicted_lr=0.774006 cosine_blend=0.750 lr_ema=0.000 cosine_after=0 next_student_lr=0.968149
[Train] Epoch: 5 | Teacher lr=0.9681 | Teacher Loss: 2.377 | Teacher Train Acc: 42.926 | Student lr=0.9681 | Student Train Acc: 50.268 | Time: 138.604 |
[Eval] Epoch: 5 | Teacher Test Loss: 2.204 | Teacher Test Acc: 40.870 | Student Test Loss: 2.795 | Student Test Acc: 33.670 | Teacher Test F1: 0.397 | Student Test F1: 0.339 | Teacher Top 5 Accuracy: 0.744 | Student Top 5 Accuracy: 0.660 | Time: 2.431 | 
Running student landscape probe...
[LR policy] epoch=5 output=residual_log policy_pred=-0.260442 predicted_lr=0.732587 cosine_blend=0.750 lr_ema=0.000 cosine_after=0 next_student_lr=0.950534
[Train] Epoch: 6 | Teacher lr=0.9505 | Teacher Loss: 2.198 | Teacher Train Acc: 47.638 | Student lr=0.9505 | Student Train Acc: 53.122 | Time: 136.783 |
[Eval] Epoch: 6 | Teacher Test Loss: 2.542 | Teacher Test Acc: 34.900 | Student Test Loss: 4.212 | Student Test Acc: 18.850 | Teacher Test F1: 0.344 | Student Test F1: 0.187 | Teacher Top 5 Accuracy: 0.688 | Student Top 5 Accuracy: 0.448 | Time: 2.420 | 
Running student landscape probe...
[LR policy] epoch=6 output=residual_log policy_pred=-0.233048 predicted_lr=0.736109 cosine_blend=0.750 lr_ema=0.000 cosine_after=0 next_student_lr=0.929295
[Train] Epoch: 7 | Teacher lr=0.9292 | Teacher Loss: 2.101 | Teacher Train Acc: 49.992 | Student lr=0.9293 | Student Train Acc: 55.066 | Time: 137.850 |
[Eval] Epoch: 7 | Teacher Test Loss: 1.894 | Teacher Test Acc: 47.350 | Student Test Loss: 3.673 | Student Test Acc: 24.360 | Teacher Test F1: 0.466 | Student Test F1: 0.222 | Teacher Top 5 Accuracy: 0.801 | Student Top 5 Accuracy: 0.517 | Time: 2.388 | 
Running student landscape probe...
[LR policy] epoch=7 output=residual_log policy_pred=-0.268699 predicted_lr=0.691455 cosine_blend=0.750 lr_ema=0.000 cosine_after=0 next_student_lr=0.904604
[Train] Epoch: 8 | Teacher lr=0.9045 | Teacher Loss: 1.992 | Teacher Train Acc: 52.832 | Student lr=0.9046 | Student Train Acc: 56.292 | Time: 137.147 |
[Eval] Epoch: 8 | Teacher Test Loss: 2.167 | Teacher Test Acc: 43.990 | Student Test Loss: 2.968 | Student Test Acc: 31.110 | Teacher Test F1: 0.440 | Student Test F1: 0.311 | Teacher Top 5 Accuracy: 0.758 | Student Top 5 Accuracy: 0.636 | Time: 2.503 | 
Running student landscape probe...
[LR policy] epoch=8 output=residual_log policy_pred=-0.238248 predicted_lr=0.690814 cosine_blend=0.750 lr_ema=0.000 cosine_after=0 next_student_lr=0.876659
[Train] Epoch: 9 | Teacher lr=0.8765 | Teacher Loss: 1.901 | Teacher Train Acc: 55.278 | Student lr=0.8767 | Student Train Acc: 57.748 | Time: 136.844 |
[Eval] Epoch: 9 | Teacher Test Loss: 1.841 | Teacher Test Acc: 49.630 | Student Test Loss: 4.827 | Student Test Acc: 15.570 | Teacher Test F1: 0.490 | Student Test F1: 0.178 | Teacher Top 5 Accuracy: 0.816 | Student Top 5 Accuracy: 0.461 | Time: 2.366 | 
Running student landscape probe...
[LR policy] epoch=9 output=residual_log policy_pred=-0.267216 predicted_lr=0.647379 cosine_blend=0.750 lr_ema=0.000 cosine_after=0 next_student_lr=0.845686
[Train] Epoch: 10 | Teacher lr=0.8455 | Teacher Loss: 1.833 | Teacher Train Acc: 56.764 | Student lr=0.8457 | Student Train Acc: 58.434 | Time: 136.109 |
[Eval] Epoch: 10 | Teacher Test Loss: 1.854 | Teacher Test Acc: 48.920 | Student Test Loss: 3.085 | Student Test Acc: 28.480 | Teacher Test F1: 0.488 | Student Test F1: 0.306 | Teacher Top 5 Accuracy: 0.802 | Student Top 5 Accuracy: 0.637 | Time: 2.213 | 
Running student landscape probe...
[LR policy] epoch=10 output=residual_log policy_pred=-0.264829 predicted_lr=0.623026 cosine_blend=0.750 lr_ema=0.000 cosine_after=0 next_student_lr=0.811933
[Train] Epoch: 11 | Teacher lr=0.8117 | Teacher Loss: 1.771 | Teacher Train Acc: 58.412 | Student lr=0.8119 | Student Train Acc: 59.196 | Time: 137.807 |
[Eval] Epoch: 11 | Teacher Test Loss: 1.740 | Teacher Test Acc: 51.830 | Student Test Loss: 2.412 | Student Test Acc: 39.240 | Teacher Test F1: 0.512 | Student Test F1: 0.399 | Teacher Top 5 Accuracy: 0.817 | Student Top 5 Accuracy: 0.706 | Time: 2.548 | 
Running student landscape probe...
[LR policy] epoch=11 output=residual_log policy_pred=-0.264133 predicted_lr=0.595617 cosine_blend=0.750 lr_ema=0.000 cosine_after=0 next_student_lr=0.730659
[Train] Epoch: 12 | Teacher lr=0.7754 | Teacher Loss: 1.703 | Teacher Train Acc: 60.322 | Student lr=0.7307 | Student Train Acc: 60.932 | Time: 135.588 |
[Eval] Epoch: 12 | Teacher Test Loss: 1.684 | Teacher Test Acc: 53.210 | Student Test Loss: 2.333 | Student Test Acc: 41.770 | Teacher Test F1: 0.529 | Student Test F1: 0.421 | Teacher Top 5 Accuracy: 0.837 | Student Top 5 Accuracy: 0.736 | Time: 2.446 | 
Running student landscape probe...
[LR policy] epoch=12 output=residual_log policy_pred=-0.264162 predicted_lr=0.566056 cosine_blend=0.750 lr_ema=0.000 cosine_after=0 next_student_lr=0.694412
[Train] Epoch: 13 | Teacher lr=0.7369 | Teacher Loss: 1.654 | Teacher Train Acc: 61.394 | Student lr=0.6944 | Student Train Acc: 61.452 | Time: 138.613 |
[Eval] Epoch: 13 | Teacher Test Loss: 1.668 | Teacher Test Acc: 53.180 | Student Test Loss: 2.941 | Student Test Acc: 33.610 | Teacher Test F1: 0.533 | Student Test F1: 0.332 | Teacher Top 5 Accuracy: 0.833 | Student Top 5 Accuracy: 0.640 | Time: 2.261 | 
Running student landscape probe...
[LR policy] epoch=13 output=residual_log policy_pred=-0.264347 predicted_lr=0.534950 cosine_blend=0.750 lr_ema=0.000 cosine_after=0 next_student_lr=0.656350
[Train] Epoch: 14 | Teacher lr=0.6965 | Teacher Loss: 1.602 | Teacher Train Acc: 63.002 | Student lr=0.6563 | Student Train Acc: 62.558 | Time: 135.588 |
[Eval] Epoch: 14 | Teacher Test Loss: 1.623 | Teacher Test Acc: 54.510 | Student Test Loss: 2.042 | Student Test Acc: 46.310 | Teacher Test F1: 0.540 | Student Test F1: 0.459 | Teacher Top 5 Accuracy: 0.842 | Student Top 5 Accuracy: 0.776 | Time: 2.310 | 
Running student landscape probe...
[LR policy] epoch=14 output=residual_log policy_pred=-0.264749 predicted_lr=0.502534 cosine_blend=0.750 lr_ema=0.000 cosine_after=0 next_student_lr=0.616774
[Train] Epoch: 15 | Teacher lr=0.6545 | Teacher Loss: 1.554 | Teacher Train Acc: 64.112 | Student lr=0.6168 | Student Train Acc: 63.264 | Time: 137.829 |
[Eval] Epoch: 15 | Teacher Test Loss: 1.559 | Teacher Test Acc: 56.490 | Student Test Loss: 2.055 | Student Test Acc: 46.630 | Teacher Test F1: 0.568 | Student Test F1: 0.466 | Teacher Top 5 Accuracy: 0.851 | Student Top 5 Accuracy: 0.783 | Time: 2.200 | 
Running student landscape probe...
[LR policy] epoch=15 output=residual_log policy_pred=-0.260937 predicted_lr=0.471172 cosine_blend=0.750 lr_ema=0.000 cosine_after=0 next_student_lr=0.576530
[Train] Epoch: 16 | Teacher lr=0.6113 | Teacher Loss: 1.508 | Teacher Train Acc: 65.588 | Student lr=0.5765 | Student Train Acc: 64.272 | Time: 137.995 |
[Eval] Epoch: 16 | Teacher Test Loss: 1.679 | Teacher Test Acc: 54.040 | Student Test Loss: 2.081 | Student Test Acc: 46.470 | Teacher Test F1: 0.535 | Student Test F1: 0.462 | Teacher Top 5 Accuracy: 0.833 | Student Top 5 Accuracy: 0.775 | Time: 2.130 | 
Running student landscape probe...
[LR policy] epoch=16 output=residual_log policy_pred=-0.261177 predicted_lr=0.437095 cosine_blend=0.750 lr_ema=0.000 cosine_after=0 next_student_lr=0.534936
[Train] Epoch: 17 | Teacher lr=0.5671 | Teacher Loss: 1.464 | Teacher Train Acc: 66.734 | Student lr=0.5349 | Student Train Acc: 64.832 | Time: 137.393 |
[Eval] Epoch: 17 | Teacher Test Loss: 1.429 | Teacher Test Acc: 59.680 | Student Test Loss: 1.897 | Student Test Acc: 49.260 | Teacher Test F1: 0.596 | Student Test F1: 0.500 | Teacher Top 5 Accuracy: 0.870 | Student Top 5 Accuracy: 0.802 | Time: 2.244 | 
Running student landscape probe...
[LR policy] epoch=17 output=residual_log policy_pred=-0.263429 predicted_lr=0.401810 cosine_blend=0.750 lr_ema=0.000 cosine_after=0 next_student_lr=0.492635
[Train] Epoch: 18 | Teacher lr=0.5224 | Teacher Loss: 1.412 | Teacher Train Acc: 67.918 | Student lr=0.4926 | Student Train Acc: 65.578 | Time: 137.206 |
[Eval] Epoch: 18 | Teacher Test Loss: 1.393 | Teacher Test Acc: 60.860 | Student Test Loss: 1.947 | Student Test Acc: 49.980 | Teacher Test F1: 0.607 | Student Test F1: 0.502 | Teacher Top 5 Accuracy: 0.878 | Student Top 5 Accuracy: 0.799 | Time: 2.339 | 
Running student landscape probe...
[LR policy] epoch=18 output=residual_log policy_pred=-0.263716 predicted_lr=0.367265 cosine_blend=0.750 lr_ema=0.000 cosine_after=0 next_student_lr=0.450384
[Train] Epoch: 19 | Teacher lr=0.4776 | Teacher Loss: 1.359 | Teacher Train Acc: 69.530 | Student lr=0.4504 | Student Train Acc: 66.618 | Time: 136.190 |
[Eval] Epoch: 19 | Teacher Test Loss: 1.373 | Teacher Test Acc: 60.740 | Student Test Loss: 2.177 | Student Test Acc: 45.120 | Teacher Test F1: 0.603 | Student Test F1: 0.454 | Teacher Top 5 Accuracy: 0.880 | Student Top 5 Accuracy: 0.764 | Time: 2.217 | 
Running student landscape probe...
[LR policy] epoch=19 output=residual_log policy_pred=-0.264812 predicted_lr=0.332608 cosine_blend=0.750 lr_ema=0.000 cosine_after=0 next_student_lr=0.408240
[Train] Epoch: 20 | Teacher lr=0.4329 | Teacher Loss: 1.312 | Teacher Train Acc: 70.768 | Student lr=0.4082 | Student Train Acc: 67.864 | Time: 137.571 |
[Eval] Epoch: 20 | Teacher Test Loss: 1.257 | Teacher Test Acc: 64.100 | Student Test Loss: 1.621 | Student Test Acc: 55.090 | Teacher Test F1: 0.640 | Student Test F1: 0.549 | Teacher Top 5 Accuracy: 0.897 | Student Top 5 Accuracy: 0.848 | Time: 2.224 | 
Running student landscape probe...
[LR policy] epoch=20 output=residual_log policy_pred=-0.265515 predicted_lr=0.298559 cosine_blend=0.750 lr_ema=0.000 cosine_after=0 next_student_lr=0.366653
[Train] Epoch: 21 | Teacher lr=0.3887 | Teacher Loss: 1.264 | Teacher Train Acc: 72.126 | Student lr=0.3667 | Student Train Acc: 68.504 | Time: 136.277 |
[Eval] Epoch: 21 | Teacher Test Loss: 1.272 | Teacher Test Acc: 63.570 | Student Test Loss: 1.852 | Student Test Acc: 51.740 | Teacher Test F1: 0.634 | Student Test F1: 0.518 | Teacher Top 5 Accuracy: 0.890 | Student Top 5 Accuracy: 0.807 | Time: 2.389 | 
Running student landscape probe...
[LR policy] epoch=21 output=residual_log policy_pred=-0.259329 predicted_lr=0.267076 cosine_blend=0.750 lr_ema=0.000 cosine_after=0 next_student_lr=0.326378
[Train] Epoch: 22 | Teacher lr=0.3455 | Teacher Loss: 1.209 | Teacher Train Acc: 73.668 | Student lr=0.3264 | Student Train Acc: 69.574 | Time: 137.065 |
[Eval] Epoch: 22 | Teacher Test Loss: 1.200 | Teacher Test Acc: 65.290 | Student Test Loss: 1.630 | Student Test Acc: 55.930 | Teacher Test F1: 0.652 | Student Test F1: 0.559 | Teacher Top 5 Accuracy: 0.902 | Student Top 5 Accuracy: 0.851 | Time: 2.245 | 
Running student landscape probe...
[LR policy] epoch=22 output=residual_log policy_pred=-0.266267 predicted_lr=0.233076 cosine_blend=0.750 lr_ema=0.000 cosine_after=0 next_student_lr=0.286407
[Train] Epoch: 23 | Teacher lr=0.3035 | Teacher Loss: 1.155 | Teacher Train Acc: 75.232 | Student lr=0.2864 | Student Train Acc: 70.780 | Time: 139.273 |
[Eval] Epoch: 23 | Teacher Test Loss: 1.149 | Teacher Test Acc: 66.880 | Student Test Loss: 1.581 | Student Test Acc: 57.240 | Teacher Test F1: 0.669 | Student Test F1: 0.572 | Teacher Top 5 Accuracy: 0.908 | Student Top 5 Accuracy: 0.852 | Time: 2.197 | 
Running student landscape probe...
[LR policy] epoch=23 output=residual_log policy_pred=-0.259344 predicted_lr=0.203539 cosine_blend=0.750 lr_ema=0.000 cosine_after=0 next_student_lr=0.248737
[Train] Epoch: 24 | Teacher lr=0.2631 | Teacher Loss: 1.097 | Teacher Train Acc: 76.678 | Student lr=0.2487 | Student Train Acc: 71.868 | Time: 136.413 |
[Eval] Epoch: 24 | Teacher Test Loss: 1.138 | Teacher Test Acc: 67.120 | Student Test Loss: 1.628 | Student Test Acc: 55.590 | Teacher Test F1: 0.671 | Student Test F1: 0.556 | Teacher Top 5 Accuracy: 0.911 | Student Top 5 Accuracy: 0.841 | Time: 2.288 | 
Running student landscape probe...
[LR policy] epoch=24 output=residual_log policy_pred=-0.263783 predicted_lr=0.173083 cosine_blend=0.750 lr_ema=0.000 cosine_after=0 next_student_lr=0.212266
[Train] Epoch: 25 | Teacher lr=0.2246 | Teacher Loss: 1.041 | Teacher Train Acc: 78.232 | Student lr=0.2123 | Student Train Acc: 73.322 | Time: 138.055 |
[Eval] Epoch: 25 | Teacher Test Loss: 1.084 | Teacher Test Acc: 68.850 | Student Test Loss: 2.086 | Student Test Acc: 48.780 | Teacher Test F1: 0.690 | Student Test F1: 0.496 | Teacher Top 5 Accuracy: 0.918 | Student Top 5 Accuracy: 0.782 | Time: 2.126 | 
Running student landscape probe...
[LR policy] epoch=25 output=residual_log policy_pred=-0.266427 predicted_lr=0.144846 cosine_blend=0.750 lr_ema=0.000 cosine_after=0 next_student_lr=0.178012
[Train] Epoch: 26 | Teacher lr=0.1883 | Teacher Loss: 0.981 | Teacher Train Acc: 80.018 | Student lr=0.1780 | Student Train Acc: 74.586 | Time: 135.208 |
[Eval] Epoch: 26 | Teacher Test Loss: 1.065 | Teacher Test Acc: 69.080 | Student Test Loss: 1.556 | Student Test Acc: 57.370 | Teacher Test F1: 0.690 | Student Test F1: 0.572 | Teacher Top 5 Accuracy: 0.921 | Student Top 5 Accuracy: 0.855 | Time: 2.266 | 
Running student landscape probe...
[LR policy] epoch=26 output=residual_log policy_pred=-0.266538 predicted_lr=0.118975 cosine_blend=0.750 lr_ema=0.000 cosine_after=0 next_student_lr=0.146229
[Train] Epoch: 27 | Teacher lr=0.1545 | Teacher Loss: 0.912 | Teacher Train Acc: 82.002 | Student lr=0.1462 | Student Train Acc: 75.904 | Time: 138.850 |
[Eval] Epoch: 27 | Teacher Test Loss: 0.997 | Teacher Test Acc: 70.920 | Student Test Loss: 1.432 | Student Test Acc: 60.930 | Teacher Test F1: 0.709 | Student Test F1: 0.608 | Teacher Top 5 Accuracy: 0.930 | Student Top 5 Accuracy: 0.871 | Time: 2.184 | 
Running student landscape probe...
[LR policy] epoch=27 output=residual_log policy_pred=-0.268483 predicted_lr=0.095063 cosine_blend=0.750 lr_ema=0.000 cosine_after=0 next_student_lr=0.117021
[Train] Epoch: 28 | Teacher lr=0.1235 | Teacher Loss: 0.843 | Teacher Train Acc: 83.796 | Student lr=0.1170 | Student Train Acc: 77.280 | Time: 137.656 |
[Eval] Epoch: 28 | Teacher Test Loss: 0.971 | Teacher Test Acc: 71.600 | Student Test Loss: 1.642 | Student Test Acc: 57.390 | Teacher Test F1: 0.716 | Student Test F1: 0.572 | Teacher Top 5 Accuracy: 0.932 | Student Top 5 Accuracy: 0.843 | Time: 2.386 | 
Running student landscape probe...
[LR policy] epoch=28 output=residual_log policy_pred=-0.259528 predicted_lr=0.074361 cosine_blend=0.750 lr_ema=0.000 cosine_after=0 next_student_lr=0.090887
[Train] Epoch: 29 | Teacher lr=0.0955 | Teacher Loss: 0.777 | Teacher Train Acc: 85.508 | Student lr=0.0909 | Student Train Acc: 79.028 | Time: 137.130 |
[Eval] Epoch: 29 | Teacher Test Loss: 0.932 | Teacher Test Acc: 72.860 | Student Test Loss: 1.264 | Student Test Acc: 65.100 | Teacher Test F1: 0.729 | Student Test F1: 0.650 | Teacher Top 5 Accuracy: 0.937 | Student Top 5 Accuracy: 0.895 | Time: 2.418 | 
Running student landscape probe...
[LR policy] epoch=29 output=residual_log policy_pred=-0.261803 predicted_lr=0.055189 cosine_blend=0.750 lr_ema=0.000 cosine_after=0 next_student_lr=0.067576
[Train] Epoch: 30 | Teacher lr=0.0708 | Teacher Loss: 0.711 | Teacher Train Acc: 87.588 | Student lr=0.0676 | Student Train Acc: 80.708 | Time: 137.694 |
[Eval] Epoch: 30 | Teacher Test Loss: 0.927 | Teacher Test Acc: 73.070 | Student Test Loss: 1.251 | Student Test Acc: 65.370 | Teacher Test F1: 0.730 | Student Test F1: 0.654 | Teacher Top 5 Accuracy: 0.935 | Student Top 5 Accuracy: 0.901 | Time: 2.262 | 
Running student landscape probe...
[LR policy] epoch=30 output=residual_log policy_pred=-0.265059 predicted_lr=0.038716 cosine_blend=0.750 lr_ema=0.000 cosine_after=0 next_student_lr=0.047528
[Train] Epoch: 31 | Teacher lr=0.0495 | Teacher Loss: 0.649 | Teacher Train Acc: 89.058 | Student lr=0.0475 | Student Train Acc: 82.448 | Time: 138.268 |
[Eval] Epoch: 31 | Teacher Test Loss: 0.905 | Teacher Test Acc: 73.960 | Student Test Loss: 1.210 | Student Test Acc: 66.440 | Teacher Test F1: 0.740 | Student Test F1: 0.664 | Teacher Top 5 Accuracy: 0.938 | Student Top 5 Accuracy: 0.902 | Time: 2.190 | 
Running student landscape probe...
[LR policy] epoch=31 output=residual_log policy_pred=-0.262537 predicted_lr=0.025265 cosine_blend=0.750 lr_ema=0.000 cosine_after=0 next_student_lr=0.030954
[Train] Epoch: 32 | Teacher lr=0.0319 | Teacher Loss: 0.594 | Teacher Train Acc: 90.674 | Student lr=0.0310 | Student Train Acc: 84.108 | Time: 136.892 |
[Eval] Epoch: 32 | Teacher Test Loss: 0.884 | Teacher Test Acc: 74.280 | Student Test Loss: 1.174 | Student Test Acc: 68.080 | Teacher Test F1: 0.743 | Student Test F1: 0.679 | Teacher Top 5 Accuracy: 0.943 | Student Top 5 Accuracy: 0.911 | Time: 2.478 | 
Running student landscape probe...
[LR policy] epoch=32 output=residual_log policy_pred=-0.267666 predicted_lr=0.014539 cosine_blend=0.750 lr_ema=0.000 cosine_after=0 next_student_lr=0.017885
[Train] Epoch: 33 | Teacher lr=0.0180 | Teacher Loss: 0.546 | Teacher Train Acc: 91.940 | Student lr=0.0179 | Student Train Acc: 85.726 | Time: 135.549 |
[Eval] Epoch: 33 | Teacher Test Loss: 0.882 | Teacher Test Acc: 74.540 | Student Test Loss: 1.134 | Student Test Acc: 69.260 | Teacher Test F1: 0.746 | Student Test F1: 0.692 | Teacher Top 5 Accuracy: 0.943 | Student Top 5 Accuracy: 0.913 | Time: 2.297 | 
Running student landscape probe...
[LR policy] epoch=33 output=residual_log policy_pred=-0.263932 predicted_lr=0.006933 cosine_blend=0.750 lr_ema=0.000 cosine_after=0 next_student_lr=0.008504
[Train] Epoch: 34 | Teacher lr=0.0080 | Teacher Loss: 0.513 | Teacher Train Acc: 92.450 | Student lr=0.0085 | Student Train Acc: 86.866 | Time: 135.432 |
[Eval] Epoch: 34 | Teacher Test Loss: 0.873 | Teacher Test Acc: 74.780 | Student Test Loss: 1.112 | Student Test Acc: 69.500 | Teacher Test F1: 0.748 | Student Test F1: 0.694 | Teacher Top 5 Accuracy: 0.945 | Student Top 5 Accuracy: 0.919 | Time: 2.282 | 
Running student landscape probe...
[LR policy] epoch=34 output=residual_log policy_pred=-0.267155 predicted_lr=0.002305 cosine_blend=0.750 lr_ema=0.000 cosine_after=0 next_student_lr=0.002834
[Train] Epoch: 35 | Teacher lr=0.0020 | Teacher Loss: 0.495 | Teacher Train Acc: 93.170 | Student lr=0.0028 | Student Train Acc: 87.692 | Time: 137.402 |
[Eval] Epoch: 35 | Teacher Test Loss: 0.872 | Teacher Test Acc: 74.880 | Student Test Loss: 1.098 | Student Test Acc: 69.990 | Teacher Test F1: 0.749 | Student Test F1: 0.700 | Teacher Top 5 Accuracy: 0.944 | Student Top 5 Accuracy: 0.920 | Time: 2.169 | 
Running student landscape probe...
[LR policy] epoch=35 output=residual_log policy_pred=-0.263578 predicted_lr=0.001000 cosine_blend=0.750 lr_ema=0.000 cosine_after=0 next_student_lr=0.001000
ckpt location: ckpt/robust12h_stars/patchtst_noshock_seed6_35ep.pt
