/home/jovyan/.mlspace/envs/egy_llm/lib/python3.11/site-packages/torchvision/datasets/cifar.py:83: VisibleDeprecationWarning: dtype(): align should be passed as Python or NumPy boolean but got `align=0`. Did you mean to pass a tuple to create a subarray type? (Deprecated NumPy 2.4)
  entry = pickle.load(f, encoding="latin1")
depth_list: [110, 20]
[LR policy] loaded checkpoint=checkpoints/policies_beatcos/patchtst_seed0/policy.pt,checkpoints/policies_beatcos/patchtst_seed2/policy.pt,checkpoints/policies_beatcos/patchtst_seed5/policy.pt,checkpoints/policies_beatcos/patchtst_seed7/policy.pt,checkpoints/policies_beatcos/patchtst_seed4/policy.pt model_type=patchtst input_dim=230 n_models=5
Dataset information: cifar100	 50000 images for training 	 10000 images for testing	
teacher depth: 110
student depth: 20
Total number of teacher parameters: 1,169,972
Total number of student parameters: 278,132
Snapshots will be saved to: snapshots/robust12h_stars/patchtst_shock05_seed7_35ep
==== train and evaluate unequal restart ====
[Eval] Epoch: 0 | Teacher Test Loss: 3571.086 | Teacher Test Acc: 1.000 | Student Test Loss: 6.274 | Student Test Acc: 1.210 | Teacher Test F1: 0.000 | Student Test F1: 0.001 | Teacher Top 5 Accuracy: 0.050 | Student Top 5 Accuracy: 0.049 | Time: 2.892 | 
Running student landscape probe...
[Train] Epoch: 1 | Teacher lr=1.0000 | Teacher Loss: 4.013 | Teacher Train Acc: 9.636 | Student lr=0.0100 | Student Train Acc: 7.530 | Time: 140.259 |
[Eval] Epoch: 1 | Teacher Test Loss: 3.588 | Teacher Test Acc: 14.170 | Student Test Loss: 3.803 | Student Test Acc: 10.880 | Teacher Test F1: 0.108 | Student Test F1: 0.070 | Teacher Top 5 Accuracy: 0.404 | Student Top 5 Accuracy: 0.327 | Time: 2.434 | 
Running student landscape probe...
[LR policy] epoch=1 output=residual_log policy_pred=-0.267097 predicted_lr=0.764059 cosine_blend=0.750 lr_ema=0.000 cosine_after=0 next_student_lr=0.997989
[Train] Epoch: 2 | Teacher lr=0.9980 | Teacher Loss: 3.378 | Teacher Train Acc: 21.598 | Student lr=0.9980 | Student Train Acc: 17.504 | Time: 137.895 |
[Eval] Epoch: 2 | Teacher Test Loss: 3.389 | Teacher Test Acc: 20.000 | Student Test Loss: 3.279 | Student Test Acc: 21.170 | Teacher Test F1: 0.173 | Student Test F1: 0.182 | Teacher Top 5 Accuracy: 0.493 | Student Top 5 Accuracy: 0.512 | Time: 2.524 | 
Running student landscape probe...
[LR policy] epoch=2 output=residual_log policy_pred=-0.229054 predicted_lr=0.788901 cosine_blend=0.750 lr_ema=0.000 cosine_after=0 next_student_lr=0.991973
[Train] Epoch: 3 | Teacher lr=0.9920 | Teacher Loss: 2.826 | Teacher Train Acc: 32.230 | Student lr=0.9920 | Student Train Acc: 38.690 | Time: 135.954 |
[Eval] Epoch: 3 | Teacher Test Loss: 2.832 | Teacher Test Acc: 30.490 | Student Test Loss: 2.641 | Student Test Acc: 31.930 | Teacher Test F1: 0.293 | Student Test F1: 0.294 | Teacher Top 5 Accuracy: 0.652 | Student Top 5 Accuracy: 0.654 | Time: 2.410 | 
Running student landscape probe...
[LR policy] epoch=3 output=residual_log policy_pred=-0.267557 predicted_lr=0.751472 cosine_blend=0.750 lr_ema=0.000 cosine_after=0 next_student_lr=0.981999
[Train] Epoch: 4 | Teacher lr=0.9820 | Teacher Loss: 2.519 | Teacher Train Acc: 39.908 | Student lr=0.9820 | Student Train Acc: 46.494 | Time: 135.503 |
[Eval] Epoch: 4 | Teacher Test Loss: 2.476 | Teacher Test Acc: 34.810 | Student Test Loss: 2.491 | Student Test Acc: 34.860 | Teacher Test F1: 0.334 | Student Test F1: 0.326 | Teacher Top 5 Accuracy: 0.689 | Student Top 5 Accuracy: 0.689 | Time: 2.476 | 
Running student landscape probe...
[LR policy] epoch=4 output=residual_log policy_pred=-0.236500 predicted_lr=0.764243 cosine_blend=0.750 lr_ema=0.000 cosine_after=0 next_student_lr=0.968149
[Train] Epoch: 5 | Teacher lr=0.9681 | Teacher Loss: 2.256 | Teacher Train Acc: 45.960 | Student lr=0.9681 | Student Train Acc: 50.570 | Time: 140.797 |
[Eval] Epoch: 5 | Teacher Test Loss: 2.276 | Teacher Test Acc: 39.990 | Student Test Loss: 2.367 | Student Test Acc: 38.650 | Teacher Test F1: 0.392 | Student Test F1: 0.378 | Teacher Top 5 Accuracy: 0.741 | Student Top 5 Accuracy: 0.727 | Time: 2.377 | 
Running student landscape probe...
[LR policy] epoch=5 output=residual_log policy_pred=-0.268197 predicted_lr=0.726928 cosine_blend=0.750 lr_ema=0.000 cosine_after=0 next_student_lr=0.950534
[Train] Epoch: 6 | Teacher lr=0.9505 | Teacher Loss: 2.128 | Teacher Train Acc: 49.476 | Student lr=0.9505 | Student Train Acc: 52.718 | Time: 140.288 |
[Eval] Epoch: 6 | Teacher Test Loss: 2.280 | Teacher Test Acc: 39.920 | Student Test Loss: 2.375 | Student Test Acc: 39.420 | Teacher Test F1: 0.398 | Student Test F1: 0.388 | Teacher Top 5 Accuracy: 0.730 | Student Top 5 Accuracy: 0.716 | Time: 2.551 | 
Running student landscape probe...
[LR policy] epoch=6 output=residual_log policy_pred=-0.234275 predicted_lr=0.735206 cosine_blend=0.750 lr_ema=0.000 cosine_after=0 next_student_lr=0.929295
[Train] Epoch: 7 | Teacher lr=0.9292 | Teacher Loss: 2.087 | Teacher Train Acc: 50.630 | Student lr=0.9293 | Student Train Acc: 54.816 | Time: 140.019 |
[Eval] Epoch: 7 | Teacher Test Loss: 2.009 | Teacher Test Acc: 45.210 | Student Test Loss: 4.261 | Student Test Acc: 19.160 | Teacher Test F1: 0.451 | Student Test F1: 0.160 | Teacher Top 5 Accuracy: 0.783 | Student Top 5 Accuracy: 0.421 | Time: 2.203 | 
Running student landscape probe...
[LR policy] epoch=7 output=residual_log policy_pred=-0.263132 predicted_lr=0.695315 cosine_blend=0.750 lr_ema=0.000 cosine_after=0 next_student_lr=0.904604
[Train] Epoch: 8 | Teacher lr=0.9045 | Teacher Loss: 1.925 | Teacher Train Acc: 54.420 | Student lr=0.9046 | Student Train Acc: 56.470 | Time: 140.058 |
[Eval] Epoch: 8 | Teacher Test Loss: 1.991 | Teacher Test Acc: 46.180 | Student Test Loss: 2.421 | Student Test Acc: 40.220 | Teacher Test F1: 0.454 | Student Test F1: 0.393 | Teacher Top 5 Accuracy: 0.780 | Student Top 5 Accuracy: 0.720 | Time: 2.538 | 
Running student landscape probe...
[LR policy] epoch=8 output=residual_log policy_pred=-0.231251 predicted_lr=0.695664 cosine_blend=0.750 lr_ema=0.000 cosine_after=0 next_student_lr=0.876659
[Train] Epoch: 9 | Teacher lr=0.8765 | Teacher Loss: 1.858 | Teacher Train Acc: 56.486 | Student lr=0.8767 | Student Train Acc: 57.560 | Time: 135.061 |
[Eval] Epoch: 9 | Teacher Test Loss: 1.788 | Teacher Test Acc: 50.770 | Student Test Loss: 2.617 | Student Test Acc: 38.050 | Teacher Test F1: 0.501 | Student Test F1: 0.365 | Teacher Top 5 Accuracy: 0.821 | Student Top 5 Accuracy: 0.689 | Time: 2.411 | 
Running student landscape probe...
[LR policy] epoch=9 output=residual_log policy_pred=-0.264210 predicted_lr=0.649328 cosine_blend=0.750 lr_ema=0.000 cosine_after=0 next_student_lr=0.845686
[Train] Epoch: 10 | Teacher lr=0.8455 | Teacher Loss: 1.784 | Teacher Train Acc: 58.428 | Student lr=0.8457 | Student Train Acc: 58.456 | Time: 138.217 |
[Eval] Epoch: 10 | Teacher Test Loss: 2.135 | Teacher Test Acc: 44.050 | Student Test Loss: 2.433 | Student Test Acc: 39.820 | Teacher Test F1: 0.446 | Student Test F1: 0.385 | Teacher Top 5 Accuracy: 0.758 | Student Top 5 Accuracy: 0.703 | Time: 2.407 | 
Running student landscape probe...
[LR policy] epoch=10 output=residual_log policy_pred=-0.254265 predicted_lr=0.629643 cosine_blend=0.750 lr_ema=0.000 cosine_after=0 next_student_lr=0.811933
[Train] Epoch: 11 | Teacher lr=0.8117 | Teacher Loss: 1.739 | Teacher Train Acc: 59.420 | Student lr=0.8119 | Student Train Acc: 59.296 | Time: 138.441 |
[Eval] Epoch: 11 | Teacher Test Loss: 2.008 | Teacher Test Acc: 45.920 | Student Test Loss: 2.223 | Student Test Acc: 42.630 | Teacher Test F1: 0.459 | Student Test F1: 0.425 | Teacher Top 5 Accuracy: 0.777 | Student Top 5 Accuracy: 0.744 | Time: 2.355 | 
Running student landscape probe...
[LR policy] epoch=11 output=residual_log policy_pred=-0.259399 predicted_lr=0.598444 cosine_blend=0.750 lr_ema=0.000 cosine_after=0 next_student_lr=0.731366
[Train] Epoch: 12 | Teacher lr=0.7754 | Teacher Loss: 1.687 | Teacher Train Acc: 60.750 | Student lr=0.7314 | Student Train Acc: 60.720 | Time: 138.143 |
[Eval] Epoch: 12 | Teacher Test Loss: 1.841 | Teacher Test Acc: 50.110 | Student Test Loss: 2.230 | Student Test Acc: 42.740 | Teacher Test F1: 0.494 | Student Test F1: 0.420 | Teacher Top 5 Accuracy: 0.809 | Student Top 5 Accuracy: 0.746 | Time: 2.441 | 
Running student landscape probe...
[LR policy] epoch=12 output=residual_log policy_pred=-0.264300 predicted_lr=0.565978 cosine_blend=0.750 lr_ema=0.000 cosine_after=0 next_student_lr=0.694393
[Train] Epoch: 13 | Teacher lr=0.7369 | Teacher Loss: 1.641 | Teacher Train Acc: 61.958 | Student lr=0.6944 | Student Train Acc: 61.588 | Time: 140.504 |
[Eval] Epoch: 13 | Teacher Test Loss: 1.525 | Teacher Test Acc: 56.640 | Student Test Loss: 2.031 | Student Test Acc: 47.800 | Teacher Test F1: 0.565 | Student Test F1: 0.472 | Teacher Top 5 Accuracy: 0.861 | Student Top 5 Accuracy: 0.784 | Time: 2.392 | 
Running student landscape probe...
[LR policy] epoch=13 output=residual_log policy_pred=-0.264215 predicted_lr=0.535021 cosine_blend=0.750 lr_ema=0.000 cosine_after=0 next_student_lr=0.656367
[Train] Epoch: 14 | Teacher lr=0.6965 | Teacher Loss: 1.587 | Teacher Train Acc: 63.558 | Student lr=0.6564 | Student Train Acc: 62.062 | Time: 138.555 |
[Eval] Epoch: 14 | Teacher Test Loss: 1.625 | Teacher Test Acc: 55.330 | Student Test Loss: 2.176 | Student Test Acc: 44.050 | Teacher Test F1: 0.555 | Student Test F1: 0.446 | Teacher Top 5 Accuracy: 0.844 | Student Top 5 Accuracy: 0.761 | Time: 2.583 | 
Running student landscape probe...
[LR policy] epoch=14 output=residual_log policy_pred=-0.254443 predicted_lr=0.507740 cosine_blend=0.750 lr_ema=0.000 cosine_after=0 next_student_lr=0.618075
[Train] Epoch: 15 | Teacher lr=0.6545 | Teacher Loss: 1.548 | Teacher Train Acc: 64.702 | Student lr=0.6181 | Student Train Acc: 63.068 | Time: 135.804 |
[Eval] Epoch: 15 | Teacher Test Loss: 1.675 | Teacher Test Acc: 53.660 | Student Test Loss: 2.187 | Student Test Acc: 44.360 | Teacher Test F1: 0.541 | Student Test F1: 0.445 | Teacher Top 5 Accuracy: 0.836 | Student Top 5 Accuracy: 0.763 | Time: 2.611 | 
Running student landscape probe...
[LR policy] epoch=15 output=residual_log policy_pred=-0.267614 predicted_lr=0.468036 cosine_blend=0.750 lr_ema=0.000 cosine_after=0 next_student_lr=0.575746
[Train] Epoch: 16 | Teacher lr=0.6113 | Teacher Loss: 1.500 | Teacher Train Acc: 65.700 | Student lr=0.5757 | Student Train Acc: 63.846 | Time: 140.627 |
[Eval] Epoch: 16 | Teacher Test Loss: 1.644 | Teacher Test Acc: 54.500 | Student Test Loss: 2.084 | Student Test Acc: 46.290 | Teacher Test F1: 0.540 | Student Test F1: 0.449 | Teacher Top 5 Accuracy: 0.833 | Student Top 5 Accuracy: 0.769 | Time: 2.578 | 
Running student landscape probe...
[LR policy] epoch=16 output=residual_log policy_pred=-0.256832 predicted_lr=0.438999 cosine_blend=0.750 lr_ema=0.000 cosine_after=0 next_student_lr=0.535412
[Train] Epoch: 17 | Teacher lr=0.5671 | Teacher Loss: 1.458 | Teacher Train Acc: 66.860 | Student lr=0.5354 | Student Train Acc: 64.718 | Time: 139.869 |
[Eval] Epoch: 17 | Teacher Test Loss: 1.581 | Teacher Test Acc: 55.870 | Student Test Loss: 3.378 | Student Test Acc: 31.670 | Teacher Test F1: 0.554 | Student Test F1: 0.306 | Teacher Top 5 Accuracy: 0.857 | Student Top 5 Accuracy: 0.595 | Time: 2.482 | 
Running student landscape probe...
[LR policy] epoch=17 output=residual_log policy_pred=-0.267791 predicted_lr=0.400062 cosine_blend=0.750 lr_ema=0.000 cosine_after=0 next_student_lr=0.492198
[Train] Epoch: 18 | Teacher lr=0.5224 | Teacher Loss: 1.408 | Teacher Train Acc: 68.372 | Student lr=0.4922 | Student Train Acc: 65.594 | Time: 138.856 |
[Eval] Epoch: 18 | Teacher Test Loss: 1.482 | Teacher Test Acc: 58.340 | Student Test Loss: 1.880 | Student Test Acc: 48.930 | Teacher Test F1: 0.587 | Student Test F1: 0.493 | Teacher Top 5 Accuracy: 0.867 | Student Top 5 Accuracy: 0.809 | Time: 2.161 | 
Running student landscape probe...
[LR policy] epoch=18 output=residual_log policy_pred=-0.261074 predicted_lr=0.368236 cosine_blend=0.750 lr_ema=0.000 cosine_after=0 next_student_lr=0.450627
[Train] Epoch: 19 | Teacher lr=0.4776 | Teacher Loss: 1.359 | Teacher Train Acc: 69.742 | Student lr=0.4506 | Student Train Acc: 66.290 | Time: 138.417 |
[Eval] Epoch: 19 | Teacher Test Loss: 1.311 | Teacher Test Acc: 62.310 | Student Test Loss: 1.817 | Student Test Acc: 52.080 | Teacher Test F1: 0.624 | Student Test F1: 0.522 | Teacher Top 5 Accuracy: 0.890 | Student Top 5 Accuracy: 0.807 | Time: 2.177 | 
Running student landscape probe...
[LR policy] epoch=19 output=residual_log policy_pred=-0.261385 predicted_lr=0.333750 cosine_blend=0.750 lr_ema=0.000 cosine_after=0 next_student_lr=0.408525
[shock] epoch=20 forcing student_lr=0.500000 (window=20..21)
[Train] Epoch: 20 | Teacher lr=0.4329 | Teacher Loss: 1.326 | Teacher Train Acc: 71.212 | Student lr=0.5000 | Student Train Acc: 65.742 | Time: 138.082 |
[Eval] Epoch: 20 | Teacher Test Loss: 1.255 | Teacher Test Acc: 63.570 | Student Test Loss: 2.070 | Student Test Acc: 47.880 | Teacher Test F1: 0.640 | Student Test F1: 0.476 | Teacher Top 5 Accuracy: 0.899 | Student Top 5 Accuracy: 0.785 | Time: 2.106 | 
Running student landscape probe...
[LR policy] epoch=20 output=residual_log policy_pred=-0.262092 predicted_lr=0.299582 cosine_blend=0.750 lr_ema=0.000 cosine_after=0 next_student_lr=0.366909
[shock] epoch=21 forcing student_lr=0.500000 (window=20..21)
[Train] Epoch: 21 | Teacher lr=0.3887 | Teacher Loss: 1.282 | Teacher Train Acc: 72.314 | Student lr=0.5000 | Student Train Acc: 65.958 | Time: 136.104 |
[Eval] Epoch: 21 | Teacher Test Loss: 1.251 | Teacher Test Acc: 64.440 | Student Test Loss: 1.680 | Student Test Acc: 53.610 | Teacher Test F1: 0.647 | Student Test F1: 0.538 | Teacher Top 5 Accuracy: 0.897 | Student Top 5 Accuracy: 0.834 | Time: 2.166 | 
Running student landscape probe...
[LR policy] epoch=21 output=residual_log policy_pred=-0.260342 predicted_lr=0.266805 cosine_blend=0.750 lr_ema=0.000 cosine_after=0 next_student_lr=0.326311
[Train] Epoch: 22 | Teacher lr=0.3455 | Teacher Loss: 1.198 | Teacher Train Acc: 73.952 | Student lr=0.3263 | Student Train Acc: 69.564 | Time: 138.236 |
[Eval] Epoch: 22 | Teacher Test Loss: 1.225 | Teacher Test Acc: 64.790 | Student Test Loss: 1.636 | Student Test Acc: 55.520 | Teacher Test F1: 0.648 | Student Test F1: 0.559 | Teacher Top 5 Accuracy: 0.904 | Student Top 5 Accuracy: 0.846 | Time: 2.298 | 
Running student landscape probe...
[LR policy] epoch=22 output=residual_log policy_pred=-0.262942 predicted_lr=0.233852 cosine_blend=0.750 lr_ema=0.000 cosine_after=0 next_student_lr=0.286601
[Train] Epoch: 23 | Teacher lr=0.3035 | Teacher Loss: 1.152 | Teacher Train Acc: 75.236 | Student lr=0.2866 | Student Train Acc: 70.794 | Time: 140.651 |
[Eval] Epoch: 23 | Teacher Test Loss: 1.138 | Teacher Test Acc: 66.920 | Student Test Loss: 1.538 | Student Test Acc: 57.200 | Teacher Test F1: 0.667 | Student Test F1: 0.572 | Teacher Top 5 Accuracy: 0.914 | Student Top 5 Accuracy: 0.858 | Time: 2.195 | 
Running student landscape probe...
[LR policy] epoch=23 output=residual_log policy_pred=-0.261690 predicted_lr=0.203062 cosine_blend=0.750 lr_ema=0.000 cosine_after=0 next_student_lr=0.248617
[Train] Epoch: 24 | Teacher lr=0.2631 | Teacher Loss: 1.093 | Teacher Train Acc: 76.830 | Student lr=0.2486 | Student Train Acc: 71.398 | Time: 138.742 |
[Eval] Epoch: 24 | Teacher Test Loss: 1.112 | Teacher Test Acc: 67.850 | Student Test Loss: 1.667 | Student Test Acc: 56.060 | Teacher Test F1: 0.680 | Student Test F1: 0.565 | Teacher Top 5 Accuracy: 0.914 | Student Top 5 Accuracy: 0.843 | Time: 2.147 | 
Running student landscape probe...
[LR policy] epoch=24 output=residual_log policy_pred=-0.260706 predicted_lr=0.173616 cosine_blend=0.750 lr_ema=0.000 cosine_after=0 next_student_lr=0.212399
[Train] Epoch: 25 | Teacher lr=0.2246 | Teacher Loss: 1.036 | Teacher Train Acc: 78.570 | Student lr=0.2124 | Student Train Acc: 73.098 | Time: 140.520 |
[Eval] Epoch: 25 | Teacher Test Loss: 1.086 | Teacher Test Acc: 68.420 | Student Test Loss: 1.556 | Student Test Acc: 57.750 | Teacher Test F1: 0.684 | Student Test F1: 0.573 | Teacher Top 5 Accuracy: 0.918 | Student Top 5 Accuracy: 0.858 | Time: 2.186 | 
Running student landscape probe...
[LR policy] epoch=25 output=residual_log policy_pred=-0.264485 predicted_lr=0.145128 cosine_blend=0.750 lr_ema=0.000 cosine_after=0 next_student_lr=0.178082
[Train] Epoch: 26 | Teacher lr=0.1883 | Teacher Loss: 0.973 | Teacher Train Acc: 80.270 | Student lr=0.1781 | Student Train Acc: 74.120 | Time: 138.994 |
[Eval] Epoch: 26 | Teacher Test Loss: 1.022 | Teacher Test Acc: 70.100 | Student Test Loss: 1.377 | Student Test Acc: 61.290 | Teacher Test F1: 0.701 | Student Test F1: 0.619 | Teacher Top 5 Accuracy: 0.928 | Student Top 5 Accuracy: 0.887 | Time: 2.252 | 
Running student landscape probe...
[LR policy] epoch=26 output=residual_log policy_pred=-0.262250 predicted_lr=0.119486 cosine_blend=0.750 lr_ema=0.000 cosine_after=0 next_student_lr=0.146357
[Train] Epoch: 27 | Teacher lr=0.1545 | Teacher Loss: 0.912 | Teacher Train Acc: 82.104 | Student lr=0.1464 | Student Train Acc: 75.160 | Time: 139.654 |
[Eval] Epoch: 27 | Teacher Test Loss: 0.997 | Teacher Test Acc: 71.240 | Student Test Loss: 1.442 | Student Test Acc: 60.520 | Teacher Test F1: 0.712 | Student Test F1: 0.606 | Teacher Top 5 Accuracy: 0.929 | Student Top 5 Accuracy: 0.876 | Time: 2.462 | 
Running student landscape probe...
[LR policy] epoch=27 output=residual_log policy_pred=-0.266952 predicted_lr=0.095209 cosine_blend=0.750 lr_ema=0.000 cosine_after=0 next_student_lr=0.117058
[Train] Epoch: 28 | Teacher lr=0.1235 | Teacher Loss: 0.843 | Teacher Train Acc: 83.988 | Student lr=0.1171 | Student Train Acc: 77.066 | Time: 137.261 |
[Eval] Epoch: 28 | Teacher Test Loss: 0.959 | Teacher Test Acc: 71.840 | Student Test Loss: 1.416 | Student Test Acc: 60.920 | Teacher Test F1: 0.719 | Student Test F1: 0.612 | Teacher Top 5 Accuracy: 0.931 | Student Top 5 Accuracy: 0.880 | Time: 2.378 | 
Running student landscape probe...
[LR policy] epoch=28 output=residual_log policy_pred=-0.260390 predicted_lr=0.074297 cosine_blend=0.750 lr_ema=0.000 cosine_after=0 next_student_lr=0.090871
[Train] Epoch: 29 | Teacher lr=0.0955 | Teacher Loss: 0.775 | Teacher Train Acc: 86.034 | Student lr=0.0909 | Student Train Acc: 78.498 | Time: 138.339 |
[Eval] Epoch: 29 | Teacher Test Loss: 0.924 | Teacher Test Acc: 73.110 | Student Test Loss: 1.333 | Student Test Acc: 63.290 | Teacher Test F1: 0.731 | Student Test F1: 0.636 | Teacher Top 5 Accuracy: 0.938 | Student Top 5 Accuracy: 0.892 | Time: 2.217 | 
Running student landscape probe...
[LR policy] epoch=29 output=residual_log policy_pred=-0.264415 predicted_lr=0.055045 cosine_blend=0.750 lr_ema=0.000 cosine_after=0 next_student_lr=0.067540
[Train] Epoch: 30 | Teacher lr=0.0708 | Teacher Loss: 0.713 | Teacher Train Acc: 87.606 | Student lr=0.0675 | Student Train Acc: 79.854 | Time: 139.115 |
[Eval] Epoch: 30 | Teacher Test Loss: 0.905 | Teacher Test Acc: 73.530 | Student Test Loss: 1.290 | Student Test Acc: 64.860 | Teacher Test F1: 0.734 | Student Test F1: 0.649 | Teacher Top 5 Accuracy: 0.941 | Student Top 5 Accuracy: 0.893 | Time: 2.522 | 
Running student landscape probe...
[LR policy] epoch=30 output=residual_log policy_pred=-0.263483 predicted_lr=0.038777 cosine_blend=0.750 lr_ema=0.000 cosine_after=0 next_student_lr=0.047544
[Train] Epoch: 31 | Teacher lr=0.0495 | Teacher Loss: 0.646 | Teacher Train Acc: 89.520 | Student lr=0.0475 | Student Train Acc: 81.910 | Time: 139.756 |
[Eval] Epoch: 31 | Teacher Test Loss: 0.873 | Teacher Test Acc: 74.810 | Student Test Loss: 1.218 | Student Test Acc: 66.640 | Teacher Test F1: 0.748 | Student Test F1: 0.665 | Teacher Top 5 Accuracy: 0.942 | Student Top 5 Accuracy: 0.904 | Time: 2.403 | 
Running student landscape probe...
[LR policy] epoch=31 output=residual_log policy_pred=-0.262800 predicted_lr=0.025259 cosine_blend=0.750 lr_ema=0.000 cosine_after=0 next_student_lr=0.030953
[Train] Epoch: 32 | Teacher lr=0.0319 | Teacher Loss: 0.588 | Teacher Train Acc: 91.070 | Student lr=0.0310 | Student Train Acc: 83.858 | Time: 138.082 |
[Eval] Epoch: 32 | Teacher Test Loss: 0.872 | Teacher Test Acc: 75.320 | Student Test Loss: 1.161 | Student Test Acc: 68.280 | Teacher Test F1: 0.754 | Student Test F1: 0.683 | Teacher Top 5 Accuracy: 0.943 | Student Top 5 Accuracy: 0.913 | Time: 2.380 | 
Running student landscape probe...
[LR policy] epoch=32 output=residual_log policy_pred=-0.264734 predicted_lr=0.014581 cosine_blend=0.750 lr_ema=0.000 cosine_after=0 next_student_lr=0.017896
[Train] Epoch: 33 | Teacher lr=0.0180 | Teacher Loss: 0.546 | Teacher Train Acc: 91.938 | Student lr=0.0179 | Student Train Acc: 85.132 | Time: 138.242 |
[Eval] Epoch: 33 | Teacher Test Loss: 0.858 | Teacher Test Acc: 75.620 | Student Test Loss: 1.137 | Student Test Acc: 68.610 | Teacher Test F1: 0.756 | Student Test F1: 0.686 | Teacher Top 5 Accuracy: 0.944 | Student Top 5 Accuracy: 0.915 | Time: 2.431 | 
Running student landscape probe...
[LR policy] epoch=33 output=residual_log policy_pred=-0.262330 predicted_lr=0.006944 cosine_blend=0.750 lr_ema=0.000 cosine_after=0 next_student_lr=0.008506
[Train] Epoch: 34 | Teacher lr=0.0080 | Teacher Loss: 0.511 | Teacher Train Acc: 92.710 | Student lr=0.0085 | Student Train Acc: 86.320 | Time: 140.192 |
[Eval] Epoch: 34 | Teacher Test Loss: 0.850 | Teacher Test Acc: 75.740 | Student Test Loss: 1.115 | Student Test Acc: 69.350 | Teacher Test F1: 0.757 | Student Test F1: 0.694 | Teacher Top 5 Accuracy: 0.944 | Student Top 5 Accuracy: 0.921 | Time: 2.428 | 
Running student landscape probe...
[LR policy] epoch=34 output=residual_log policy_pred=-0.265427 predicted_lr=0.002309 cosine_blend=0.750 lr_ema=0.000 cosine_after=0 next_student_lr=0.002835
[Train] Epoch: 35 | Teacher lr=0.0020 | Teacher Loss: 0.494 | Teacher Train Acc: 93.208 | Student lr=0.0028 | Student Train Acc: 87.158 | Time: 140.621 |
[Eval] Epoch: 35 | Teacher Test Loss: 0.849 | Teacher Test Acc: 75.720 | Student Test Loss: 1.108 | Student Test Acc: 69.710 | Teacher Test F1: 0.757 | Student Test F1: 0.697 | Teacher Top 5 Accuracy: 0.944 | Student Top 5 Accuracy: 0.921 | Time: 2.371 | 
Running student landscape probe...
[LR policy] epoch=35 output=residual_log policy_pred=-0.264218 predicted_lr=0.001000 cosine_blend=0.750 lr_ema=0.000 cosine_after=0 next_student_lr=0.001000
ckpt location: ckpt/robust12h_stars/patchtst_shock05_seed7_35ep.pt
