/home/jovyan/.mlspace/envs/egy_llm/lib/python3.11/site-packages/torchvision/datasets/cifar.py:83: VisibleDeprecationWarning: dtype(): align should be passed as Python or NumPy boolean but got `align=0`. Did you mean to pass a tuple to create a subarray type? (Deprecated NumPy 2.4)
  entry = pickle.load(f, encoding="latin1")
depth_list: [110, 20]
[LR policy] loaded checkpoint=checkpoints/policies_beatcos/patchtst_seed0/policy.pt,checkpoints/policies_beatcos/patchtst_seed2/policy.pt,checkpoints/policies_beatcos/patchtst_seed5/policy.pt,checkpoints/policies_beatcos/patchtst_seed7/policy.pt,checkpoints/policies_beatcos/patchtst_seed4/policy.pt model_type=patchtst input_dim=230 n_models=5
Dataset information: cifar100	 50000 images for training 	 10000 images for testing	
teacher depth: 110
student depth: 20
Total number of teacher parameters: 1,169,972
Total number of student parameters: 278,132
Snapshots will be saved to: snapshots/robust12h_stars/patchtst_shock10_seed3_35ep
==== train and evaluate unequal restart ====
[Eval] Epoch: 0 | Teacher Test Loss: 9743.739 | Teacher Test Acc: 1.130 | Student Test Loss: 5.207 | Student Test Acc: 1.000 | Teacher Test F1: 0.001 | Student Test F1: 0.000 | Teacher Top 5 Accuracy: 0.048 | Student Top 5 Accuracy: 0.047 | Time: 2.407 | 
Running student landscape probe...
[Train] Epoch: 1 | Teacher lr=1.0000 | Teacher Loss: 4.125 | Teacher Train Acc: 7.894 | Student lr=0.0100 | Student Train Acc: 6.902 | Time: 137.875 |
[Eval] Epoch: 1 | Teacher Test Loss: 3.693 | Teacher Test Acc: 12.070 | Student Test Loss: 3.844 | Student Test Acc: 10.030 | Teacher Test F1: 0.083 | Student Test F1: 0.067 | Teacher Top 5 Accuracy: 0.362 | Student Top 5 Accuracy: 0.313 | Time: 2.551 | 
Running student landscape probe...
[LR policy] epoch=1 output=residual_log policy_pred=-0.234544 predicted_lr=0.789341 cosine_blend=0.750 lr_ema=0.000 cosine_after=0 next_student_lr=0.997989
[Train] Epoch: 2 | Teacher lr=0.9980 | Teacher Loss: 3.474 | Teacher Train Acc: 19.338 | Student lr=0.9980 | Student Train Acc: 21.080 | Time: 138.698 |
[Eval] Epoch: 2 | Teacher Test Loss: 3.417 | Teacher Test Acc: 17.570 | Student Test Loss: 3.069 | Student Test Acc: 23.670 | Teacher Test F1: 0.155 | Student Test F1: 0.215 | Teacher Top 5 Accuracy: 0.464 | Student Top 5 Accuracy: 0.566 | Time: 2.592 | 
Running student landscape probe...
[LR policy] epoch=2 output=residual_log policy_pred=-0.203714 predicted_lr=0.809148 cosine_blend=0.750 lr_ema=0.000 cosine_after=0 next_student_lr=0.991973
[Train] Epoch: 3 | Teacher lr=0.9920 | Teacher Loss: 2.945 | Teacher Train Acc: 30.162 | Student lr=0.9920 | Student Train Acc: 41.582 | Time: 138.275 |
[Eval] Epoch: 3 | Teacher Test Loss: 2.672 | Teacher Test Acc: 32.230 | Student Test Loss: 2.743 | Student Test Acc: 31.590 | Teacher Test F1: 0.309 | Student Test F1: 0.305 | Teacher Top 5 Accuracy: 0.651 | Student Top 5 Accuracy: 0.656 | Time: 2.445 | 
Running student landscape probe...
[LR policy] epoch=3 output=residual_log policy_pred=-0.251532 predicted_lr=0.763611 cosine_blend=0.750 lr_ema=0.000 cosine_after=0 next_student_lr=0.981999
[Train] Epoch: 4 | Teacher lr=0.9820 | Teacher Loss: 2.719 | Teacher Train Acc: 36.436 | Student lr=0.9820 | Student Train Acc: 47.960 | Time: 139.242 |
[Eval] Epoch: 4 | Teacher Test Loss: 3.371 | Teacher Test Acc: 22.280 | Student Test Loss: 2.299 | Student Test Acc: 39.110 | Teacher Test F1: 0.199 | Student Test F1: 0.377 | Teacher Top 5 Accuracy: 0.524 | Student Top 5 Accuracy: 0.718 | Time: 2.547 | 
Running student landscape probe...
[LR policy] epoch=4 output=residual_log policy_pred=-0.226068 predicted_lr=0.772258 cosine_blend=0.750 lr_ema=0.000 cosine_after=0 next_student_lr=0.968149
[Train] Epoch: 5 | Teacher lr=0.9681 | Teacher Loss: 2.414 | Teacher Train Acc: 42.490 | Student lr=0.9681 | Student Train Acc: 51.806 | Time: 138.791 |
[Eval] Epoch: 5 | Teacher Test Loss: 2.624 | Teacher Test Acc: 34.180 | Student Test Loss: 2.137 | Student Test Acc: 42.920 | Teacher Test F1: 0.337 | Student Test F1: 0.424 | Teacher Top 5 Accuracy: 0.669 | Student Top 5 Accuracy: 0.751 | Time: 2.556 | 
Running student landscape probe...
[LR policy] epoch=5 output=residual_log policy_pred=-0.261036 predicted_lr=0.732152 cosine_blend=0.750 lr_ema=0.000 cosine_after=0 next_student_lr=0.950534
[Train] Epoch: 6 | Teacher lr=0.9505 | Teacher Loss: 2.221 | Teacher Train Acc: 46.760 | Student lr=0.9505 | Student Train Acc: 54.014 | Time: 139.467 |
[Eval] Epoch: 6 | Teacher Test Loss: 2.280 | Teacher Test Acc: 40.660 | Student Test Loss: 2.215 | Student Test Acc: 40.950 | Teacher Test F1: 0.404 | Student Test F1: 0.408 | Teacher Top 5 Accuracy: 0.731 | Student Top 5 Accuracy: 0.739 | Time: 2.441 | 
Running student landscape probe...
[LR policy] epoch=6 output=residual_log policy_pred=-0.228100 predicted_lr=0.739761 cosine_blend=0.750 lr_ema=0.000 cosine_after=0 next_student_lr=0.929295
[Train] Epoch: 7 | Teacher lr=0.9292 | Teacher Loss: 2.099 | Teacher Train Acc: 49.862 | Student lr=0.9293 | Student Train Acc: 55.476 | Time: 138.973 |
[Eval] Epoch: 7 | Teacher Test Loss: 2.414 | Teacher Test Acc: 37.810 | Student Test Loss: 2.305 | Student Test Acc: 40.990 | Teacher Test F1: 0.367 | Student Test F1: 0.403 | Teacher Top 5 Accuracy: 0.707 | Student Top 5 Accuracy: 0.735 | Time: 2.545 | 
Running student landscape probe...
[LR policy] epoch=7 output=residual_log policy_pred=-0.262940 predicted_lr=0.695449 cosine_blend=0.750 lr_ema=0.000 cosine_after=0 next_student_lr=0.904604
[Train] Epoch: 8 | Teacher lr=0.9045 | Teacher Loss: 2.096 | Teacher Train Acc: 50.738 | Student lr=0.9046 | Student Train Acc: 56.710 | Time: 138.982 |
[Eval] Epoch: 8 | Teacher Test Loss: 1.930 | Teacher Test Acc: 47.020 | Student Test Loss: 2.388 | Student Test Acc: 38.210 | Teacher Test F1: 0.464 | Student Test F1: 0.385 | Teacher Top 5 Accuracy: 0.793 | Student Top 5 Accuracy: 0.714 | Time: 2.436 | 
Running student landscape probe...
[LR policy] epoch=8 output=residual_log policy_pred=-0.226198 predicted_lr=0.699188 cosine_blend=0.750 lr_ema=0.000 cosine_after=0 next_student_lr=0.876659
[Train] Epoch: 9 | Teacher lr=0.8765 | Teacher Loss: 1.923 | Teacher Train Acc: 54.276 | Student lr=0.8767 | Student Train Acc: 57.838 | Time: 139.300 |
[Eval] Epoch: 9 | Teacher Test Loss: 1.866 | Teacher Test Acc: 49.090 | Student Test Loss: 2.289 | Student Test Acc: 41.150 | Teacher Test F1: 0.482 | Student Test F1: 0.408 | Teacher Top 5 Accuracy: 0.809 | Student Top 5 Accuracy: 0.738 | Time: 2.571 | 
Running student landscape probe...
[LR policy] epoch=9 output=residual_log policy_pred=-0.264646 predicted_lr=0.649045 cosine_blend=0.750 lr_ema=0.000 cosine_after=0 next_student_lr=0.845686
[Train] Epoch: 10 | Teacher lr=0.8455 | Teacher Loss: 1.844 | Teacher Train Acc: 56.592 | Student lr=0.8457 | Student Train Acc: 58.956 | Time: 139.570 |
[Eval] Epoch: 10 | Teacher Test Loss: 1.684 | Teacher Test Acc: 53.310 | Student Test Loss: 2.146 | Student Test Acc: 43.770 | Teacher Test F1: 0.526 | Student Test F1: 0.422 | Teacher Top 5 Accuracy: 0.829 | Student Top 5 Accuracy: 0.755 | Time: 2.527 | 
Running student landscape probe...
[LR policy] epoch=10 output=residual_log policy_pred=-0.252919 predicted_lr=0.630491 cosine_blend=0.750 lr_ema=0.000 cosine_after=0 next_student_lr=0.811933
[Train] Epoch: 11 | Teacher lr=0.8117 | Teacher Loss: 1.785 | Teacher Train Acc: 58.144 | Student lr=0.8119 | Student Train Acc: 60.112 | Time: 138.423 |
[Eval] Epoch: 11 | Teacher Test Loss: 1.895 | Teacher Test Acc: 49.030 | Student Test Loss: 2.121 | Student Test Acc: 43.600 | Teacher Test F1: 0.482 | Student Test F1: 0.423 | Teacher Top 5 Accuracy: 0.794 | Student Top 5 Accuracy: 0.769 | Time: 2.480 | 
Running student landscape probe...
[LR policy] epoch=11 output=residual_log policy_pred=-0.262007 predicted_lr=0.596885 cosine_blend=0.750 lr_ema=0.000 cosine_after=0 next_student_lr=0.730976
[Train] Epoch: 12 | Teacher lr=0.7754 | Teacher Loss: 1.726 | Teacher Train Acc: 59.386 | Student lr=0.7310 | Student Train Acc: 61.110 | Time: 138.129 |
[Eval] Epoch: 12 | Teacher Test Loss: 1.781 | Teacher Test Acc: 52.010 | Student Test Loss: 1.990 | Student Test Acc: 47.460 | Teacher Test F1: 0.514 | Student Test F1: 0.464 | Teacher Top 5 Accuracy: 0.819 | Student Top 5 Accuracy: 0.783 | Time: 2.435 | 
Running student landscape probe...
[LR policy] epoch=12 output=residual_log policy_pred=-0.264487 predicted_lr=0.565873 cosine_blend=0.750 lr_ema=0.000 cosine_after=0 next_student_lr=0.694366
[Train] Epoch: 13 | Teacher lr=0.7369 | Teacher Loss: 1.681 | Teacher Train Acc: 60.756 | Student lr=0.6944 | Student Train Acc: 61.970 | Time: 140.761 |
[Eval] Epoch: 13 | Teacher Test Loss: 1.772 | Teacher Test Acc: 51.420 | Student Test Loss: 1.933 | Student Test Acc: 47.470 | Teacher Test F1: 0.519 | Student Test F1: 0.475 | Teacher Top 5 Accuracy: 0.821 | Student Top 5 Accuracy: 0.802 | Time: 2.347 | 
Running student landscape probe...
[LR policy] epoch=13 output=residual_log policy_pred=-0.260738 predicted_lr=0.536885 cosine_blend=0.750 lr_ema=0.000 cosine_after=0 next_student_lr=0.656833
[Train] Epoch: 14 | Teacher lr=0.6965 | Teacher Loss: 1.623 | Teacher Train Acc: 62.466 | Student lr=0.6568 | Student Train Acc: 62.328 | Time: 139.802 |
[Eval] Epoch: 14 | Teacher Test Loss: 1.689 | Teacher Test Acc: 52.970 | Student Test Loss: 1.891 | Student Test Acc: 48.610 | Teacher Test F1: 0.529 | Student Test F1: 0.475 | Teacher Top 5 Accuracy: 0.832 | Student Top 5 Accuracy: 0.798 | Time: 2.453 | 
Running student landscape probe...
[LR policy] epoch=14 output=residual_log policy_pred=-0.261536 predicted_lr=0.504151 cosine_blend=0.750 lr_ema=0.000 cosine_after=0 next_student_lr=0.617178
[Train] Epoch: 15 | Teacher lr=0.6545 | Teacher Loss: 1.576 | Teacher Train Acc: 63.788 | Student lr=0.6172 | Student Train Acc: 63.390 | Time: 138.201 |
[Eval] Epoch: 15 | Teacher Test Loss: 1.565 | Teacher Test Acc: 55.740 | Student Test Loss: 1.889 | Student Test Acc: 49.140 | Teacher Test F1: 0.555 | Student Test F1: 0.493 | Teacher Top 5 Accuracy: 0.850 | Student Top 5 Accuracy: 0.799 | Time: 2.512 | 
Running student landscape probe...
[LR policy] epoch=15 output=residual_log policy_pred=-0.260279 predicted_lr=0.471481 cosine_blend=0.750 lr_ema=0.000 cosine_after=0 next_student_lr=0.576607
[Train] Epoch: 16 | Teacher lr=0.6113 | Teacher Loss: 1.525 | Teacher Train Acc: 64.776 | Student lr=0.5766 | Student Train Acc: 64.138 | Time: 139.817 |
[Eval] Epoch: 16 | Teacher Test Loss: 1.483 | Teacher Test Acc: 58.250 | Student Test Loss: 1.786 | Student Test Acc: 50.660 | Teacher Test F1: 0.579 | Student Test F1: 0.510 | Teacher Top 5 Accuracy: 0.863 | Student Top 5 Accuracy: 0.816 | Time: 2.405 | 
Running student landscape probe...
[LR policy] epoch=16 output=residual_log policy_pred=-0.266328 predicted_lr=0.434850 cosine_blend=0.750 lr_ema=0.000 cosine_after=0 next_student_lr=0.534375
[Train] Epoch: 17 | Teacher lr=0.5671 | Teacher Loss: 1.486 | Teacher Train Acc: 66.284 | Student lr=0.5344 | Student Train Acc: 64.910 | Time: 138.685 |
[Eval] Epoch: 17 | Teacher Test Loss: 1.749 | Teacher Test Acc: 52.450 | Student Test Loss: 1.825 | Student Test Acc: 49.720 | Teacher Test F1: 0.526 | Student Test F1: 0.494 | Teacher Top 5 Accuracy: 0.825 | Student Top 5 Accuracy: 0.814 | Time: 2.228 | 
Running student landscape probe...
[LR policy] epoch=17 output=residual_log policy_pred=-0.262217 predicted_lr=0.402298 cosine_blend=0.750 lr_ema=0.000 cosine_after=0 next_student_lr=0.492757
[Train] Epoch: 18 | Teacher lr=0.5224 | Teacher Loss: 1.500 | Teacher Train Acc: 65.710 | Student lr=0.4928 | Student Train Acc: 65.740 | Time: 140.721 |
[Eval] Epoch: 18 | Teacher Test Loss: 1.448 | Teacher Test Acc: 59.060 | Student Test Loss: 1.757 | Student Test Acc: 52.260 | Teacher Test F1: 0.587 | Student Test F1: 0.519 | Teacher Top 5 Accuracy: 0.868 | Student Top 5 Accuracy: 0.820 | Time: 2.343 | 
Running student landscape probe...
[LR policy] epoch=18 output=residual_log policy_pred=-0.263957 predicted_lr=0.367176 cosine_blend=0.750 lr_ema=0.000 cosine_after=0 next_student_lr=0.450362
[Train] Epoch: 19 | Teacher lr=0.4776 | Teacher Loss: 1.387 | Teacher Train Acc: 68.668 | Student lr=0.4504 | Student Train Acc: 66.460 | Time: 136.269 |
[Eval] Epoch: 19 | Teacher Test Loss: 1.351 | Teacher Test Acc: 61.530 | Student Test Loss: 1.786 | Student Test Acc: 51.850 | Teacher Test F1: 0.616 | Student Test F1: 0.520 | Teacher Top 5 Accuracy: 0.882 | Student Top 5 Accuracy: 0.821 | Time: 2.414 | 
Running student landscape probe...
[LR policy] epoch=19 output=residual_log policy_pred=-0.262919 predicted_lr=0.333239 cosine_blend=0.750 lr_ema=0.000 cosine_after=0 next_student_lr=0.408398
[shock] epoch=20 forcing student_lr=1.000000 (window=20..21)
[Train] Epoch: 20 | Teacher lr=0.4329 | Teacher Loss: 1.465 | Teacher Train Acc: 70.236 | Student lr=1.0000 | Student Train Acc: 56.828 | Time: 136.258 |
[Eval] Epoch: 20 | Teacher Test Loss: 1.293 | Teacher Test Acc: 63.070 | Student Test Loss: 2.380 | Student Test Acc: 40.680 | Teacher Test F1: 0.628 | Student Test F1: 0.410 | Teacher Top 5 Accuracy: 0.892 | Student Top 5 Accuracy: 0.732 | Time: 2.249 | 
Running student landscape probe...
[LR policy] epoch=20 output=residual_log policy_pred=-0.264215 predicted_lr=0.298947 cosine_blend=0.750 lr_ema=0.000 cosine_after=0 next_student_lr=0.366750
[shock] epoch=21 forcing student_lr=1.000000 (window=20..21)
[Train] Epoch: 21 | Teacher lr=0.3887 | Teacher Loss: 1.357 | Teacher Train Acc: 71.912 | Student lr=1.0000 | Student Train Acc: 60.482 | Time: 139.521 |
[Eval] Epoch: 21 | Teacher Test Loss: 1.228 | Teacher Test Acc: 64.910 | Student Test Loss: 2.116 | Student Test Acc: 44.500 | Teacher Test F1: 0.647 | Student Test F1: 0.431 | Teacher Top 5 Accuracy: 0.901 | Student Top 5 Accuracy: 0.759 | Time: 2.361 | 
Running student landscape probe...
[LR policy] epoch=21 output=residual_log policy_pred=-0.267704 predicted_lr=0.264848 cosine_blend=0.750 lr_ema=0.000 cosine_after=0 next_student_lr=0.325822
[Train] Epoch: 22 | Teacher lr=0.3455 | Teacher Loss: 1.205 | Teacher Train Acc: 72.796 | Student lr=0.3258 | Student Train Acc: 68.768 | Time: 139.841 |
[Eval] Epoch: 22 | Teacher Test Loss: 1.176 | Teacher Test Acc: 65.840 | Student Test Loss: 1.698 | Student Test Acc: 54.540 | Teacher Test F1: 0.657 | Student Test F1: 0.544 | Teacher Top 5 Accuracy: 0.908 | Student Top 5 Accuracy: 0.836 | Time: 2.292 | 
Running student landscape probe...
[LR policy] epoch=22 output=residual_log policy_pred=-0.264199 predicted_lr=0.233559 cosine_blend=0.750 lr_ema=0.000 cosine_after=0 next_student_lr=0.286528
[Train] Epoch: 23 | Teacher lr=0.3035 | Teacher Loss: 1.169 | Teacher Train Acc: 74.294 | Student lr=0.2865 | Student Train Acc: 70.290 | Time: 138.852 |
[Eval] Epoch: 23 | Teacher Test Loss: 1.155 | Teacher Test Acc: 66.540 | Student Test Loss: 1.457 | Student Test Acc: 59.560 | Teacher Test F1: 0.664 | Student Test F1: 0.594 | Teacher Top 5 Accuracy: 0.910 | Student Top 5 Accuracy: 0.868 | Time: 2.232 | 
Running student landscape probe...
[LR policy] epoch=23 output=residual_log policy_pred=-0.266457 predicted_lr=0.202096 cosine_blend=0.750 lr_ema=0.000 cosine_after=0 next_student_lr=0.248376
[Train] Epoch: 24 | Teacher lr=0.2631 | Teacher Loss: 1.119 | Teacher Train Acc: 75.730 | Student lr=0.2484 | Student Train Acc: 71.318 | Time: 138.368 |
[Eval] Epoch: 24 | Teacher Test Loss: 1.139 | Teacher Test Acc: 67.290 | Student Test Loss: 1.544 | Student Test Acc: 57.130 | Teacher Test F1: 0.672 | Student Test F1: 0.569 | Teacher Top 5 Accuracy: 0.912 | Student Top 5 Accuracy: 0.853 | Time: 2.252 | 
Running student landscape probe...
[LR policy] epoch=24 output=residual_log policy_pred=-0.259152 predicted_lr=0.173886 cosine_blend=0.750 lr_ema=0.000 cosine_after=0 next_student_lr=0.212467
[Train] Epoch: 25 | Teacher lr=0.2246 | Teacher Loss: 1.058 | Teacher Train Acc: 77.522 | Student lr=0.2125 | Student Train Acc: 72.324 | Time: 140.729 |
[Eval] Epoch: 25 | Teacher Test Loss: 1.081 | Teacher Test Acc: 68.550 | Student Test Loss: 1.486 | Student Test Acc: 59.070 | Teacher Test F1: 0.686 | Student Test F1: 0.591 | Teacher Top 5 Accuracy: 0.918 | Student Top 5 Accuracy: 0.865 | Time: 2.352 | 
Running student landscape probe...
[LR policy] epoch=25 output=residual_log policy_pred=-0.264651 predicted_lr=0.145104 cosine_blend=0.750 lr_ema=0.000 cosine_after=0 next_student_lr=0.178076
[Train] Epoch: 26 | Teacher lr=0.1883 | Teacher Loss: 0.997 | Teacher Train Acc: 79.408 | Student lr=0.1781 | Student Train Acc: 73.590 | Time: 137.093 |
[Eval] Epoch: 26 | Teacher Test Loss: 1.059 | Teacher Test Acc: 68.710 | Student Test Loss: 1.466 | Student Test Acc: 60.160 | Teacher Test F1: 0.687 | Student Test F1: 0.602 | Teacher Top 5 Accuracy: 0.924 | Student Top 5 Accuracy: 0.867 | Time: 2.355 | 
Running student landscape probe...
[LR policy] epoch=26 output=residual_log policy_pred=-0.261679 predicted_lr=0.119554 cosine_blend=0.750 lr_ema=0.000 cosine_after=0 next_student_lr=0.146374
[Train] Epoch: 27 | Teacher lr=0.1545 | Teacher Loss: 0.930 | Teacher Train Acc: 81.352 | Student lr=0.1464 | Student Train Acc: 75.062 | Time: 140.897 |
[Eval] Epoch: 27 | Teacher Test Loss: 1.035 | Teacher Test Acc: 69.550 | Student Test Loss: 1.536 | Student Test Acc: 58.610 | Teacher Test F1: 0.697 | Student Test F1: 0.587 | Teacher Top 5 Accuracy: 0.922 | Student Top 5 Accuracy: 0.865 | Time: 2.266 | 
Running student landscape probe...
[LR policy] epoch=27 output=residual_log policy_pred=-0.264375 predicted_lr=0.095455 cosine_blend=0.750 lr_ema=0.000 cosine_after=0 next_student_lr=0.117119
[Train] Epoch: 28 | Teacher lr=0.1235 | Teacher Loss: 0.863 | Teacher Train Acc: 83.328 | Student lr=0.1171 | Student Train Acc: 76.556 | Time: 135.525 |
[Eval] Epoch: 28 | Teacher Test Loss: 0.993 | Teacher Test Acc: 71.210 | Student Test Loss: 1.402 | Student Test Acc: 61.080 | Teacher Test F1: 0.713 | Student Test F1: 0.614 | Teacher Top 5 Accuracy: 0.931 | Student Top 5 Accuracy: 0.874 | Time: 2.301 | 
Running student landscape probe...
[LR policy] epoch=28 output=residual_log policy_pred=-0.263120 predicted_lr=0.074095 cosine_blend=0.750 lr_ema=0.000 cosine_after=0 next_student_lr=0.090821
[Train] Epoch: 29 | Teacher lr=0.0955 | Teacher Loss: 0.797 | Teacher Train Acc: 85.120 | Student lr=0.0908 | Student Train Acc: 77.872 | Time: 137.022 |
[Eval] Epoch: 29 | Teacher Test Loss: 0.947 | Teacher Test Acc: 72.940 | Student Test Loss: 1.296 | Student Test Acc: 63.750 | Teacher Test F1: 0.729 | Student Test F1: 0.640 | Teacher Top 5 Accuracy: 0.933 | Student Top 5 Accuracy: 0.889 | Time: 2.567 | 
Running student landscape probe...
[LR policy] epoch=29 output=residual_log policy_pred=-0.265916 predicted_lr=0.054962 cosine_blend=0.750 lr_ema=0.000 cosine_after=0 next_student_lr=0.067519
[Train] Epoch: 30 | Teacher lr=0.0708 | Teacher Loss: 0.730 | Teacher Train Acc: 87.066 | Student lr=0.0675 | Student Train Acc: 79.796 | Time: 140.264 |
[Eval] Epoch: 30 | Teacher Test Loss: 0.924 | Teacher Test Acc: 73.300 | Student Test Loss: 1.281 | Student Test Acc: 64.480 | Teacher Test F1: 0.734 | Student Test F1: 0.647 | Teacher Top 5 Accuracy: 0.936 | Student Top 5 Accuracy: 0.897 | Time: 2.436 | 
Running student landscape probe...
[LR policy] epoch=30 output=residual_log policy_pred=-0.262906 predicted_lr=0.038799 cosine_blend=0.750 lr_ema=0.000 cosine_after=0 next_student_lr=0.047549
[Train] Epoch: 31 | Teacher lr=0.0495 | Teacher Loss: 0.670 | Teacher Train Acc: 88.786 | Student lr=0.0475 | Student Train Acc: 81.510 | Time: 139.406 |
[Eval] Epoch: 31 | Teacher Test Loss: 0.901 | Teacher Test Acc: 73.770 | Student Test Loss: 1.206 | Student Test Acc: 66.770 | Teacher Test F1: 0.738 | Student Test F1: 0.666 | Teacher Top 5 Accuracy: 0.937 | Student Top 5 Accuracy: 0.904 | Time: 2.631 | 
Running student landscape probe...
[LR policy] epoch=31 output=residual_log policy_pred=-0.264215 predicted_lr=0.025223 cosine_blend=0.750 lr_ema=0.000 cosine_after=0 next_student_lr=0.030944
[Train] Epoch: 32 | Teacher lr=0.0319 | Teacher Loss: 0.613 | Teacher Train Acc: 90.314 | Student lr=0.0309 | Student Train Acc: 83.184 | Time: 140.726 |
[Eval] Epoch: 32 | Teacher Test Loss: 0.888 | Teacher Test Acc: 74.510 | Student Test Loss: 1.181 | Student Test Acc: 67.260 | Teacher Test F1: 0.745 | Student Test F1: 0.672 | Teacher Top 5 Accuracy: 0.941 | Student Top 5 Accuracy: 0.912 | Time: 2.406 | 
Running student landscape probe...
[LR policy] epoch=32 output=residual_log policy_pred=-0.266957 predicted_lr=0.014549 cosine_blend=0.750 lr_ema=0.000 cosine_after=0 next_student_lr=0.017888
[Train] Epoch: 33 | Teacher lr=0.0180 | Teacher Loss: 0.566 | Teacher Train Acc: 91.240 | Student lr=0.0179 | Student Train Acc: 84.614 | Time: 136.223 |
[Eval] Epoch: 33 | Teacher Test Loss: 0.873 | Teacher Test Acc: 74.720 | Student Test Loss: 1.132 | Student Test Acc: 68.410 | Teacher Test F1: 0.747 | Student Test F1: 0.684 | Teacher Top 5 Accuracy: 0.943 | Student Top 5 Accuracy: 0.916 | Time: 2.668 | 
Running student landscape probe...
[LR policy] epoch=33 output=residual_log policy_pred=-0.263713 predicted_lr=0.006935 cosine_blend=0.750 lr_ema=0.000 cosine_after=0 next_student_lr=0.008504
[Train] Epoch: 34 | Teacher lr=0.0080 | Teacher Loss: 0.534 | Teacher Train Acc: 92.042 | Student lr=0.0085 | Student Train Acc: 85.664 | Time: 135.770 |
[Eval] Epoch: 34 | Teacher Test Loss: 0.868 | Teacher Test Acc: 74.940 | Student Test Loss: 1.132 | Student Test Acc: 68.970 | Teacher Test F1: 0.750 | Student Test F1: 0.690 | Teacher Top 5 Accuracy: 0.943 | Student Top 5 Accuracy: 0.916 | Time: 2.719 | 
Running student landscape probe...
[LR policy] epoch=34 output=residual_log policy_pred=-0.265863 predicted_lr=0.002308 cosine_blend=0.750 lr_ema=0.000 cosine_after=0 next_student_lr=0.002835
[Train] Epoch: 35 | Teacher lr=0.0020 | Teacher Loss: 0.513 | Teacher Train Acc: 92.672 | Student lr=0.0028 | Student Train Acc: 86.598 | Time: 135.517 |
[Eval] Epoch: 35 | Teacher Test Loss: 0.868 | Teacher Test Acc: 74.990 | Student Test Loss: 1.117 | Student Test Acc: 69.250 | Teacher Test F1: 0.750 | Student Test F1: 0.693 | Teacher Top 5 Accuracy: 0.943 | Student Top 5 Accuracy: 0.919 | Time: 1.684 | 
Running student landscape probe...
[LR policy] epoch=35 output=residual_log policy_pred=-0.263740 predicted_lr=0.001000 cosine_blend=0.750 lr_ema=0.000 cosine_after=0 next_student_lr=0.001000
ckpt location: ckpt/robust12h_stars/patchtst_shock10_seed3_35ep.pt
