/home/jovyan/.mlspace/envs/egy_llm/lib/python3.11/site-packages/torchvision/datasets/cifar.py:83: VisibleDeprecationWarning: dtype(): align should be passed as Python or NumPy boolean but got `align=0`. Did you mean to pass a tuple to create a subarray type? (Deprecated NumPy 2.4)
  entry = pickle.load(f, encoding="latin1")
depth_list: [110, 20]
[LR policy] loaded checkpoint=checkpoints/policies_beatcos/patchtst_seed0/policy.pt,checkpoints/policies_beatcos/patchtst_seed2/policy.pt,checkpoints/policies_beatcos/patchtst_seed5/policy.pt,checkpoints/policies_beatcos/patchtst_seed7/policy.pt,checkpoints/policies_beatcos/patchtst_seed4/policy.pt model_type=patchtst input_dim=230 n_models=5
Dataset information: cifar100	 50000 images for training 	 10000 images for testing	
teacher depth: 110
student depth: 20
Total number of teacher parameters: 1,169,972
Total number of student parameters: 278,132
Snapshots will be saved to: snapshots/robust12h_stars/patchtst_shock05_seed6_35ep
==== train and evaluate unequal restart ====
[Eval] Epoch: 0 | Teacher Test Loss: 4830.063 | Teacher Test Acc: 1.020 | Student Test Loss: 5.053 | Student Test Acc: 0.870 | Teacher Test F1: 0.000 | Student Test F1: 0.001 | Teacher Top 5 Accuracy: 0.048 | Student Top 5 Accuracy: 0.051 | Time: 3.023 | 
Running student landscape probe...
[Train] Epoch: 1 | Teacher lr=1.0000 | Teacher Loss: 4.115 | Teacher Train Acc: 8.112 | Student lr=0.0100 | Student Train Acc: 6.600 | Time: 139.729 |
[Eval] Epoch: 1 | Teacher Test Loss: 3.847 | Teacher Test Acc: 10.350 | Student Test Loss: 3.851 | Student Test Acc: 9.810 | Teacher Test F1: 0.075 | Student Test F1: 0.063 | Teacher Top 5 Accuracy: 0.317 | Student Top 5 Accuracy: 0.301 | Time: 2.436 | 
Running student landscape probe...
[LR policy] epoch=1 output=residual_log policy_pred=-0.232024 predicted_lr=0.791332 cosine_blend=0.750 lr_ema=0.000 cosine_after=0 next_student_lr=0.997989
[Train] Epoch: 2 | Teacher lr=0.9980 | Teacher Loss: 3.534 | Teacher Train Acc: 18.318 | Student lr=0.9980 | Student Train Acc: 17.550 | Time: 137.530 |
[Eval] Epoch: 2 | Teacher Test Loss: 3.551 | Teacher Test Acc: 17.970 | Student Test Loss: 3.713 | Student Test Acc: 18.080 | Teacher Test F1: 0.158 | Student Test F1: 0.154 | Teacher Top 5 Accuracy: 0.458 | Student Top 5 Accuracy: 0.433 | Time: 2.427 | 
Running student landscape probe...
[LR policy] epoch=2 output=residual_log policy_pred=-0.206664 predicted_lr=0.806764 cosine_blend=0.750 lr_ema=0.000 cosine_after=0 next_student_lr=0.991973
[Train] Epoch: 3 | Teacher lr=0.9920 | Teacher Loss: 2.918 | Teacher Train Acc: 30.322 | Student lr=0.9920 | Student Train Acc: 38.832 | Time: 139.331 |
[Eval] Epoch: 3 | Teacher Test Loss: 3.106 | Teacher Test Acc: 24.970 | Student Test Loss: 3.591 | Student Test Acc: 21.670 | Teacher Test F1: 0.232 | Student Test F1: 0.203 | Teacher Top 5 Accuracy: 0.567 | Student Top 5 Accuracy: 0.508 | Time: 2.244 | 
Running student landscape probe...
[LR policy] epoch=3 output=residual_log policy_pred=-0.256908 predicted_lr=0.759517 cosine_blend=0.750 lr_ema=0.000 cosine_after=0 next_student_lr=0.981999
[Train] Epoch: 4 | Teacher lr=0.9820 | Teacher Loss: 2.519 | Teacher Train Acc: 39.456 | Student lr=0.9820 | Student Train Acc: 46.816 | Time: 135.168 |
[Eval] Epoch: 4 | Teacher Test Loss: 2.441 | Teacher Test Acc: 36.260 | Student Test Loss: 3.475 | Student Test Acc: 22.960 | Teacher Test F1: 0.348 | Student Test F1: 0.205 | Teacher Top 5 Accuracy: 0.683 | Student Top 5 Accuracy: 0.495 | Time: 2.449 | 
Running student landscape probe...
[LR policy] epoch=4 output=residual_log policy_pred=-0.227509 predicted_lr=0.771146 cosine_blend=0.750 lr_ema=0.000 cosine_after=0 next_student_lr=0.968149
[Train] Epoch: 5 | Teacher lr=0.9681 | Teacher Loss: 2.298 | Teacher Train Acc: 44.734 | Student lr=0.9681 | Student Train Acc: 50.512 | Time: 138.087 |
[Eval] Epoch: 5 | Teacher Test Loss: 2.417 | Teacher Test Acc: 37.910 | Student Test Loss: 2.524 | Student Test Acc: 35.480 | Teacher Test F1: 0.365 | Student Test F1: 0.345 | Teacher Top 5 Accuracy: 0.710 | Student Top 5 Accuracy: 0.670 | Time: 2.469 | 
Running student landscape probe...
[LR policy] epoch=5 output=residual_log policy_pred=-0.260144 predicted_lr=0.732805 cosine_blend=0.750 lr_ema=0.000 cosine_after=0 next_student_lr=0.950534
[Train] Epoch: 6 | Teacher lr=0.9505 | Teacher Loss: 2.145 | Teacher Train Acc: 48.632 | Student lr=0.9505 | Student Train Acc: 53.170 | Time: 136.306 |
[Eval] Epoch: 6 | Teacher Test Loss: 2.296 | Teacher Test Acc: 41.640 | Student Test Loss: 2.612 | Student Test Acc: 36.280 | Teacher Test F1: 0.412 | Student Test F1: 0.350 | Teacher Top 5 Accuracy: 0.745 | Student Top 5 Accuracy: 0.675 | Time: 2.589 | 
Running student landscape probe...
[LR policy] epoch=6 output=residual_log policy_pred=-0.225402 predicted_lr=0.741759 cosine_blend=0.750 lr_ema=0.000 cosine_after=0 next_student_lr=0.929295
[Train] Epoch: 7 | Teacher lr=0.9292 | Teacher Loss: 2.052 | Teacher Train Acc: 51.290 | Student lr=0.9293 | Student Train Acc: 55.334 | Time: 137.747 |
[Eval] Epoch: 7 | Teacher Test Loss: 1.885 | Teacher Test Acc: 48.350 | Student Test Loss: 3.195 | Student Test Acc: 28.760 | Teacher Test F1: 0.471 | Student Test F1: 0.291 | Teacher Top 5 Accuracy: 0.801 | Student Top 5 Accuracy: 0.611 | Time: 2.641 | 
Running student landscape probe...
[LR policy] epoch=7 output=residual_log policy_pred=-0.256242 predicted_lr=0.700123 cosine_blend=0.750 lr_ema=0.000 cosine_after=0 next_student_lr=0.904604
[Train] Epoch: 8 | Teacher lr=0.9045 | Teacher Loss: 1.965 | Teacher Train Acc: 53.608 | Student lr=0.9046 | Student Train Acc: 56.450 | Time: 137.097 |
[Eval] Epoch: 8 | Teacher Test Loss: 2.224 | Teacher Test Acc: 42.690 | Student Test Loss: 2.569 | Student Test Acc: 38.500 | Teacher Test F1: 0.421 | Student Test F1: 0.369 | Teacher Top 5 Accuracy: 0.742 | Student Top 5 Accuracy: 0.683 | Time: 2.566 | 
Running student landscape probe...
[LR policy] epoch=8 output=residual_log policy_pred=-0.229251 predicted_lr=0.697057 cosine_blend=0.750 lr_ema=0.000 cosine_after=0 next_student_lr=0.876659
[Train] Epoch: 9 | Teacher lr=0.8765 | Teacher Loss: 1.893 | Teacher Train Acc: 55.444 | Student lr=0.8767 | Student Train Acc: 57.702 | Time: 136.858 |
[Eval] Epoch: 9 | Teacher Test Loss: 2.086 | Teacher Test Acc: 44.400 | Student Test Loss: 3.500 | Student Test Acc: 27.290 | Teacher Test F1: 0.438 | Student Test F1: 0.272 | Teacher Top 5 Accuracy: 0.773 | Student Top 5 Accuracy: 0.578 | Time: 2.603 | 
Running student landscape probe...
[LR policy] epoch=9 output=residual_log policy_pred=-0.265792 predicted_lr=0.648302 cosine_blend=0.750 lr_ema=0.000 cosine_after=0 next_student_lr=0.845686
[Train] Epoch: 10 | Teacher lr=0.8455 | Teacher Loss: 1.823 | Teacher Train Acc: 57.054 | Student lr=0.8457 | Student Train Acc: 58.630 | Time: 135.876 |
[Eval] Epoch: 10 | Teacher Test Loss: 1.810 | Teacher Test Acc: 49.760 | Student Test Loss: 3.340 | Student Test Acc: 30.990 | Teacher Test F1: 0.491 | Student Test F1: 0.310 | Teacher Top 5 Accuracy: 0.815 | Student Top 5 Accuracy: 0.585 | Time: 2.764 | 
Running student landscape probe...
[LR policy] epoch=10 output=residual_log policy_pred=-0.259216 predicted_lr=0.626534 cosine_blend=0.750 lr_ema=0.000 cosine_after=0 next_student_lr=0.811933
[Train] Epoch: 11 | Teacher lr=0.8117 | Teacher Loss: 1.759 | Teacher Train Acc: 58.870 | Student lr=0.8119 | Student Train Acc: 59.412 | Time: 137.859 |
[Eval] Epoch: 11 | Teacher Test Loss: 1.738 | Teacher Test Acc: 52.020 | Student Test Loss: 2.151 | Student Test Acc: 44.030 | Teacher Test F1: 0.511 | Student Test F1: 0.441 | Teacher Top 5 Accuracy: 0.821 | Student Top 5 Accuracy: 0.759 | Time: 2.606 | 
Running student landscape probe...
[LR policy] epoch=11 output=residual_log policy_pred=-0.259957 predicted_lr=0.598109 cosine_blend=0.750 lr_ema=0.000 cosine_after=0 next_student_lr=0.731282
[Train] Epoch: 12 | Teacher lr=0.7754 | Teacher Loss: 1.699 | Teacher Train Acc: 60.208 | Student lr=0.7313 | Student Train Acc: 60.932 | Time: 135.483 |
[Eval] Epoch: 12 | Teacher Test Loss: 1.820 | Teacher Test Acc: 50.070 | Student Test Loss: 2.109 | Student Test Acc: 43.560 | Teacher Test F1: 0.501 | Student Test F1: 0.437 | Teacher Top 5 Accuracy: 0.806 | Student Top 5 Accuracy: 0.772 | Time: 2.592 | 
Running student landscape probe...
[LR policy] epoch=12 output=residual_log policy_pred=-0.254222 predicted_lr=0.571711 cosine_blend=0.750 lr_ema=0.000 cosine_after=0 next_student_lr=0.695826
[Train] Epoch: 13 | Teacher lr=0.7369 | Teacher Loss: 1.650 | Teacher Train Acc: 61.808 | Student lr=0.6958 | Student Train Acc: 61.684 | Time: 138.527 |
[Eval] Epoch: 13 | Teacher Test Loss: 1.859 | Teacher Test Acc: 48.980 | Student Test Loss: 2.817 | Student Test Acc: 35.060 | Teacher Test F1: 0.493 | Student Test F1: 0.338 | Teacher Top 5 Accuracy: 0.806 | Student Top 5 Accuracy: 0.646 | Time: 2.494 | 
Running student landscape probe...
[LR policy] epoch=13 output=residual_log policy_pred=-0.267677 predicted_lr=0.533172 cosine_blend=0.750 lr_ema=0.000 cosine_after=0 next_student_lr=0.655905
[Train] Epoch: 14 | Teacher lr=0.6965 | Teacher Loss: 1.605 | Teacher Train Acc: 63.008 | Student lr=0.6559 | Student Train Acc: 62.516 | Time: 135.467 |
[Eval] Epoch: 14 | Teacher Test Loss: 1.761 | Teacher Test Acc: 52.070 | Student Test Loss: 2.314 | Student Test Acc: 42.170 | Teacher Test F1: 0.514 | Student Test F1: 0.409 | Teacher Top 5 Accuracy: 0.820 | Student Top 5 Accuracy: 0.726 | Time: 2.500 | 
Running student landscape probe...
[LR policy] epoch=14 output=residual_log policy_pred=-0.261568 predicted_lr=0.504135 cosine_blend=0.750 lr_ema=0.000 cosine_after=0 next_student_lr=0.617174
[Train] Epoch: 15 | Teacher lr=0.6545 | Teacher Loss: 1.563 | Teacher Train Acc: 64.284 | Student lr=0.6172 | Student Train Acc: 63.310 | Time: 137.810 |
[Eval] Epoch: 15 | Teacher Test Loss: 1.501 | Teacher Test Acc: 57.840 | Student Test Loss: 1.838 | Student Test Acc: 50.870 | Teacher Test F1: 0.578 | Student Test F1: 0.509 | Teacher Top 5 Accuracy: 0.863 | Student Top 5 Accuracy: 0.820 | Time: 2.416 | 
Running student landscape probe...
[LR policy] epoch=15 output=residual_log policy_pred=-0.265007 predicted_lr=0.469258 cosine_blend=0.750 lr_ema=0.000 cosine_after=0 next_student_lr=0.576051
[Train] Epoch: 16 | Teacher lr=0.6113 | Teacher Loss: 1.503 | Teacher Train Acc: 65.608 | Student lr=0.5761 | Student Train Acc: 64.262 | Time: 137.812 |
[Eval] Epoch: 16 | Teacher Test Loss: 1.468 | Teacher Test Acc: 58.310 | Student Test Loss: 1.787 | Student Test Acc: 51.440 | Teacher Test F1: 0.584 | Student Test F1: 0.513 | Teacher Top 5 Accuracy: 0.867 | Student Top 5 Accuracy: 0.813 | Time: 2.377 | 
Running student landscape probe...
[LR policy] epoch=16 output=residual_log policy_pred=-0.257744 predicted_lr=0.438598 cosine_blend=0.750 lr_ema=0.000 cosine_after=0 next_student_lr=0.535312
[Train] Epoch: 17 | Teacher lr=0.5671 | Teacher Loss: 1.463 | Teacher Train Acc: 66.620 | Student lr=0.5353 | Student Train Acc: 65.154 | Time: 137.572 |
[Eval] Epoch: 17 | Teacher Test Loss: 1.386 | Teacher Test Acc: 60.200 | Student Test Loss: 3.098 | Student Test Acc: 34.770 | Teacher Test F1: 0.599 | Student Test F1: 0.347 | Teacher Top 5 Accuracy: 0.876 | Student Top 5 Accuracy: 0.643 | Time: 2.387 | 
Running student landscape probe...
[LR policy] epoch=17 output=residual_log policy_pred=-0.263825 predicted_lr=0.401651 cosine_blend=0.750 lr_ema=0.000 cosine_after=0 next_student_lr=0.492595
[Train] Epoch: 18 | Teacher lr=0.5224 | Teacher Loss: 1.407 | Teacher Train Acc: 68.174 | Student lr=0.4926 | Student Train Acc: 65.618 | Time: 137.368 |
[Eval] Epoch: 18 | Teacher Test Loss: 1.422 | Teacher Test Acc: 59.600 | Student Test Loss: 2.069 | Student Test Acc: 46.150 | Teacher Test F1: 0.596 | Student Test F1: 0.465 | Teacher Top 5 Accuracy: 0.874 | Student Top 5 Accuracy: 0.776 | Time: 2.374 | 
Running student landscape probe...
[LR policy] epoch=18 output=residual_log policy_pred=-0.260325 predicted_lr=0.368512 cosine_blend=0.750 lr_ema=0.000 cosine_after=0 next_student_lr=0.450696
[Train] Epoch: 19 | Teacher lr=0.4776 | Teacher Loss: 1.368 | Teacher Train Acc: 69.386 | Student lr=0.4507 | Student Train Acc: 66.764 | Time: 136.097 |
[Eval] Epoch: 19 | Teacher Test Loss: 1.325 | Teacher Test Acc: 61.630 | Student Test Loss: 1.783 | Student Test Acc: 51.640 | Teacher Test F1: 0.612 | Student Test F1: 0.520 | Teacher Top 5 Accuracy: 0.887 | Student Top 5 Accuracy: 0.817 | Time: 2.400 | 
Running student landscape probe...
[LR policy] epoch=19 output=residual_log policy_pred=-0.265379 predicted_lr=0.332420 cosine_blend=0.750 lr_ema=0.000 cosine_after=0 next_student_lr=0.408193
[shock] epoch=20 forcing student_lr=0.500000 (window=20..21)
[Train] Epoch: 20 | Teacher lr=0.4329 | Teacher Loss: 1.325 | Teacher Train Acc: 70.912 | Student lr=0.5000 | Student Train Acc: 66.030 | Time: 137.501 |
[Eval] Epoch: 20 | Teacher Test Loss: 1.280 | Teacher Test Acc: 63.790 | Student Test Loss: 1.916 | Student Test Acc: 50.530 | Teacher Test F1: 0.636 | Student Test F1: 0.505 | Teacher Top 5 Accuracy: 0.890 | Student Top 5 Accuracy: 0.795 | Time: 2.494 | 
Running student landscape probe...
[LR policy] epoch=20 output=residual_log policy_pred=-0.265406 predicted_lr=0.298591 cosine_blend=0.750 lr_ema=0.000 cosine_after=0 next_student_lr=0.366661
[shock] epoch=21 forcing student_lr=0.500000 (window=20..21)
[Train] Epoch: 21 | Teacher lr=0.3887 | Teacher Loss: 1.283 | Teacher Train Acc: 72.210 | Student lr=0.5000 | Student Train Acc: 66.448 | Time: 136.441 |
[Eval] Epoch: 21 | Teacher Test Loss: 1.258 | Teacher Test Acc: 64.080 | Student Test Loss: 2.141 | Student Test Acc: 45.960 | Teacher Test F1: 0.639 | Student Test F1: 0.457 | Teacher Top 5 Accuracy: 0.892 | Student Top 5 Accuracy: 0.762 | Time: 2.461 | 
Running student landscape probe...
[LR policy] epoch=21 output=residual_log policy_pred=-0.260218 predicted_lr=0.266838 cosine_blend=0.750 lr_ema=0.000 cosine_after=0 next_student_lr=0.326319
[Train] Epoch: 22 | Teacher lr=0.3455 | Teacher Loss: 1.200 | Teacher Train Acc: 73.490 | Student lr=0.3263 | Student Train Acc: 69.966 | Time: 137.036 |
[Eval] Epoch: 22 | Teacher Test Loss: 1.208 | Teacher Test Acc: 65.140 | Student Test Loss: 1.623 | Student Test Acc: 55.280 | Teacher Test F1: 0.649 | Student Test F1: 0.554 | Teacher Top 5 Accuracy: 0.902 | Student Top 5 Accuracy: 0.846 | Time: 2.414 | 
Running student landscape probe...
[LR policy] epoch=22 output=residual_log policy_pred=-0.265898 predicted_lr=0.233162 cosine_blend=0.750 lr_ema=0.000 cosine_after=0 next_student_lr=0.286429
[Train] Epoch: 23 | Teacher lr=0.3035 | Teacher Loss: 1.148 | Teacher Train Acc: 75.206 | Student lr=0.2864 | Student Train Acc: 71.052 | Time: 139.304 |
[Eval] Epoch: 23 | Teacher Test Loss: 1.170 | Teacher Test Acc: 65.900 | Student Test Loss: 1.663 | Student Test Acc: 54.080 | Teacher Test F1: 0.659 | Student Test F1: 0.542 | Teacher Top 5 Accuracy: 0.908 | Student Top 5 Accuracy: 0.836 | Time: 2.407 | 
Running student landscape probe...
[LR policy] epoch=23 output=residual_log policy_pred=-0.257013 predicted_lr=0.204014 cosine_blend=0.750 lr_ema=0.000 cosine_after=0 next_student_lr=0.248855
[Train] Epoch: 24 | Teacher lr=0.2631 | Teacher Loss: 1.095 | Teacher Train Acc: 76.718 | Student lr=0.2489 | Student Train Acc: 71.982 | Time: 136.287 |
[Eval] Epoch: 24 | Teacher Test Loss: 1.125 | Teacher Test Acc: 67.900 | Student Test Loss: 1.583 | Student Test Acc: 56.980 | Teacher Test F1: 0.679 | Student Test F1: 0.572 | Teacher Top 5 Accuracy: 0.913 | Student Top 5 Accuracy: 0.848 | Time: 2.431 | 
Running student landscape probe...
[LR policy] epoch=24 output=residual_log policy_pred=-0.261593 predicted_lr=0.173462 cosine_blend=0.750 lr_ema=0.000 cosine_after=0 next_student_lr=0.212361
[Train] Epoch: 25 | Teacher lr=0.2246 | Teacher Loss: 1.039 | Teacher Train Acc: 78.220 | Student lr=0.2124 | Student Train Acc: 73.414 | Time: 137.676 |
[Eval] Epoch: 25 | Teacher Test Loss: 1.067 | Teacher Test Acc: 69.420 | Student Test Loss: 1.364 | Student Test Acc: 62.080 | Teacher Test F1: 0.694 | Student Test F1: 0.618 | Teacher Top 5 Accuracy: 0.921 | Student Top 5 Accuracy: 0.879 | Time: 2.393 | 
Running student landscape probe...
[LR policy] epoch=25 output=residual_log policy_pred=-0.260561 predicted_lr=0.145699 cosine_blend=0.750 lr_ema=0.000 cosine_after=0 next_student_lr=0.178225
[Train] Epoch: 26 | Teacher lr=0.1883 | Teacher Loss: 0.981 | Teacher Train Acc: 79.818 | Student lr=0.1782 | Student Train Acc: 74.532 | Time: 135.103 |
[Eval] Epoch: 26 | Teacher Test Loss: 1.024 | Teacher Test Acc: 70.210 | Student Test Loss: 1.554 | Student Test Acc: 57.650 | Teacher Test F1: 0.702 | Student Test F1: 0.576 | Teacher Top 5 Accuracy: 0.926 | Student Top 5 Accuracy: 0.853 | Time: 2.391 | 
Running student landscape probe...
[LR policy] epoch=26 output=residual_log policy_pred=-0.260589 predicted_lr=0.119685 cosine_blend=0.750 lr_ema=0.000 cosine_after=0 next_student_lr=0.146407
[Train] Epoch: 27 | Teacher lr=0.1545 | Teacher Loss: 0.911 | Teacher Train Acc: 82.110 | Student lr=0.1464 | Student Train Acc: 76.026 | Time: 138.871 |
[Eval] Epoch: 27 | Teacher Test Loss: 1.009 | Teacher Test Acc: 70.360 | Student Test Loss: 1.471 | Student Test Acc: 59.620 | Teacher Test F1: 0.703 | Student Test F1: 0.599 | Teacher Top 5 Accuracy: 0.929 | Student Top 5 Accuracy: 0.866 | Time: 2.411 | 
Running student landscape probe...
[LR policy] epoch=27 output=residual_log policy_pred=-0.262887 predicted_lr=0.095597 cosine_blend=0.750 lr_ema=0.000 cosine_after=0 next_student_lr=0.117155
[Train] Epoch: 28 | Teacher lr=0.1235 | Teacher Loss: 0.838 | Teacher Train Acc: 84.166 | Student lr=0.1172 | Student Train Acc: 77.514 | Time: 137.336 |
[Eval] Epoch: 28 | Teacher Test Loss: 0.958 | Teacher Test Acc: 72.220 | Student Test Loss: 1.332 | Student Test Acc: 63.220 | Teacher Test F1: 0.722 | Student Test F1: 0.632 | Teacher Top 5 Accuracy: 0.932 | Student Top 5 Accuracy: 0.890 | Time: 2.647 | 
Running student landscape probe...
[LR policy] epoch=28 output=residual_log policy_pred=-0.264379 predicted_lr=0.074002 cosine_blend=0.750 lr_ema=0.000 cosine_after=0 next_student_lr=0.090797
[Train] Epoch: 29 | Teacher lr=0.0955 | Teacher Loss: 0.773 | Teacher Train Acc: 85.816 | Student lr=0.0908 | Student Train Acc: 79.236 | Time: 137.265 |
[Eval] Epoch: 29 | Teacher Test Loss: 0.944 | Teacher Test Acc: 72.350 | Student Test Loss: 1.245 | Student Test Acc: 65.410 | Teacher Test F1: 0.725 | Student Test F1: 0.654 | Teacher Top 5 Accuracy: 0.934 | Student Top 5 Accuracy: 0.900 | Time: 2.616 | 
Running student landscape probe...
[LR policy] epoch=29 output=residual_log policy_pred=-0.263683 predicted_lr=0.055085 cosine_blend=0.750 lr_ema=0.000 cosine_after=0 next_student_lr=0.067550
[Train] Epoch: 30 | Teacher lr=0.0708 | Teacher Loss: 0.708 | Teacher Train Acc: 87.538 | Student lr=0.0675 | Student Train Acc: 80.786 | Time: 137.467 |
[Eval] Epoch: 30 | Teacher Test Loss: 0.912 | Teacher Test Acc: 73.680 | Student Test Loss: 1.298 | Student Test Acc: 64.760 | Teacher Test F1: 0.737 | Student Test F1: 0.649 | Teacher Top 5 Accuracy: 0.938 | Student Top 5 Accuracy: 0.892 | Time: 2.573 | 
Running student landscape probe...
[LR policy] epoch=30 output=residual_log policy_pred=-0.263179 predicted_lr=0.038788 cosine_blend=0.750 lr_ema=0.000 cosine_after=0 next_student_lr=0.047547
[Train] Epoch: 31 | Teacher lr=0.0495 | Teacher Loss: 0.649 | Teacher Train Acc: 89.346 | Student lr=0.0475 | Student Train Acc: 82.564 | Time: 138.266 |
[Eval] Epoch: 31 | Teacher Test Loss: 0.906 | Teacher Test Acc: 73.880 | Student Test Loss: 1.185 | Student Test Acc: 66.940 | Teacher Test F1: 0.739 | Student Test F1: 0.671 | Teacher Top 5 Accuracy: 0.935 | Student Top 5 Accuracy: 0.909 | Time: 2.418 | 
Running student landscape probe...
[LR policy] epoch=31 output=residual_log policy_pred=-0.267125 predicted_lr=0.025150 cosine_blend=0.750 lr_ema=0.000 cosine_after=0 next_student_lr=0.030925
[Train] Epoch: 32 | Teacher lr=0.0319 | Teacher Loss: 0.591 | Teacher Train Acc: 90.764 | Student lr=0.0309 | Student Train Acc: 84.230 | Time: 137.314 |
[Eval] Epoch: 32 | Teacher Test Loss: 0.887 | Teacher Test Acc: 74.750 | Student Test Loss: 1.180 | Student Test Acc: 67.770 | Teacher Test F1: 0.747 | Student Test F1: 0.677 | Teacher Top 5 Accuracy: 0.939 | Student Top 5 Accuracy: 0.908 | Time: 2.482 | 
Running student landscape probe...
[LR policy] epoch=32 output=residual_log policy_pred=-0.264113 predicted_lr=0.014590 cosine_blend=0.750 lr_ema=0.000 cosine_after=0 next_student_lr=0.017898
[Train] Epoch: 33 | Teacher lr=0.0180 | Teacher Loss: 0.542 | Teacher Train Acc: 92.022 | Student lr=0.0179 | Student Train Acc: 85.852 | Time: 135.364 |
[Eval] Epoch: 33 | Teacher Test Loss: 0.876 | Teacher Test Acc: 74.790 | Student Test Loss: 1.142 | Student Test Acc: 68.910 | Teacher Test F1: 0.748 | Student Test F1: 0.689 | Teacher Top 5 Accuracy: 0.941 | Student Top 5 Accuracy: 0.910 | Time: 2.392 | 
Running student landscape probe...
[LR policy] epoch=33 output=residual_log policy_pred=-0.264204 predicted_lr=0.006931 cosine_blend=0.750 lr_ema=0.000 cosine_after=0 next_student_lr=0.008503
[Train] Epoch: 34 | Teacher lr=0.0080 | Teacher Loss: 0.510 | Teacher Train Acc: 92.772 | Student lr=0.0085 | Student Train Acc: 87.004 | Time: 135.439 |
[Eval] Epoch: 34 | Teacher Test Loss: 0.869 | Teacher Test Acc: 75.220 | Student Test Loss: 1.119 | Student Test Acc: 69.410 | Teacher Test F1: 0.752 | Student Test F1: 0.694 | Teacher Top 5 Accuracy: 0.941 | Student Top 5 Accuracy: 0.914 | Time: 2.515 | 
Running student landscape probe...
[LR policy] epoch=34 output=residual_log policy_pred=-0.267387 predicted_lr=0.002304 cosine_blend=0.750 lr_ema=0.000 cosine_after=0 next_student_lr=0.002834
[Train] Epoch: 35 | Teacher lr=0.0020 | Teacher Loss: 0.492 | Teacher Train Acc: 92.972 | Student lr=0.0028 | Student Train Acc: 87.488 | Time: 137.114 |
[Eval] Epoch: 35 | Teacher Test Loss: 0.868 | Teacher Test Acc: 75.480 | Student Test Loss: 1.105 | Student Test Acc: 69.980 | Teacher Test F1: 0.755 | Student Test F1: 0.700 | Teacher Top 5 Accuracy: 0.941 | Student Top 5 Accuracy: 0.918 | Time: 2.575 | 
Running student landscape probe...
[LR policy] epoch=35 output=residual_log policy_pred=-0.266035 predicted_lr=0.001000 cosine_blend=0.750 lr_ema=0.000 cosine_after=0 next_student_lr=0.001000
ckpt location: ckpt/robust12h_stars/patchtst_shock05_seed6_35ep.pt
