/home/jovyan/.mlspace/envs/egy_llm/lib/python3.11/site-packages/torchvision/datasets/cifar.py:83: VisibleDeprecationWarning: dtype(): align should be passed as Python or NumPy boolean but got `align=0`. Did you mean to pass a tuple to create a subarray type? (Deprecated NumPy 2.4)
  entry = pickle.load(f, encoding="latin1")
depth_list: [110, 20]
[LR policy] loaded checkpoint=checkpoints/policies_beatcos/patchtst_seed0/policy.pt,checkpoints/policies_beatcos/patchtst_seed2/policy.pt,checkpoints/policies_beatcos/patchtst_seed5/policy.pt,checkpoints/policies_beatcos/patchtst_seed7/policy.pt,checkpoints/policies_beatcos/patchtst_seed4/policy.pt model_type=patchtst input_dim=230 n_models=5
Dataset information: cifar100	 50000 images for training 	 10000 images for testing	
teacher depth: 110
student depth: 20
Total number of teacher parameters: 1,169,972
Total number of student parameters: 278,132
Snapshots will be saved to: snapshots/robust12h_stars/patchtst_shock01_seed3_35ep
==== train and evaluate unequal restart ====
[Eval] Epoch: 0 | Teacher Test Loss: 9743.739 | Teacher Test Acc: 1.130 | Student Test Loss: 5.207 | Student Test Acc: 1.000 | Teacher Test F1: 0.001 | Student Test F1: 0.000 | Teacher Top 5 Accuracy: 0.048 | Student Top 5 Accuracy: 0.047 | Time: 2.481 | 
Running student landscape probe...
[Train] Epoch: 1 | Teacher lr=1.0000 | Teacher Loss: 4.157 | Teacher Train Acc: 7.410 | Student lr=0.0100 | Student Train Acc: 6.708 | Time: 135.587 |
[Eval] Epoch: 1 | Teacher Test Loss: 3.716 | Teacher Test Acc: 12.290 | Student Test Loss: 3.857 | Student Test Acc: 10.260 | Teacher Test F1: 0.084 | Student Test F1: 0.067 | Teacher Top 5 Accuracy: 0.357 | Student Top 5 Accuracy: 0.309 | Time: 2.560 | 
Running student landscape probe...
[LR policy] epoch=1 output=residual_log policy_pred=-0.235471 predicted_lr=0.788610 cosine_blend=0.750 lr_ema=0.000 cosine_after=0 next_student_lr=0.997989
[Train] Epoch: 2 | Teacher lr=0.9980 | Teacher Loss: 3.468 | Teacher Train Acc: 19.776 | Student lr=0.9980 | Student Train Acc: 18.928 | Time: 135.440 |
[Eval] Epoch: 2 | Teacher Test Loss: 3.354 | Teacher Test Acc: 18.570 | Student Test Loss: 3.105 | Student Test Acc: 22.260 | Teacher Test F1: 0.167 | Student Test F1: 0.205 | Teacher Top 5 Accuracy: 0.483 | Student Top 5 Accuracy: 0.544 | Time: 2.560 | 
Running student landscape probe...
[LR policy] epoch=2 output=residual_log policy_pred=-0.206998 predicted_lr=0.806495 cosine_blend=0.750 lr_ema=0.000 cosine_after=0 next_student_lr=0.991973
[Train] Epoch: 3 | Teacher lr=0.9920 | Teacher Loss: 3.216 | Teacher Train Acc: 26.180 | Student lr=0.9920 | Student Train Acc: 39.602 | Time: 136.761 |
[Eval] Epoch: 3 | Teacher Test Loss: 2.848 | Teacher Test Acc: 28.030 | Student Test Loss: 2.639 | Student Test Acc: 31.790 | Teacher Test F1: 0.265 | Student Test F1: 0.304 | Teacher Top 5 Accuracy: 0.601 | Student Top 5 Accuracy: 0.652 | Time: 2.492 | 
Running student landscape probe...
[LR policy] epoch=3 output=residual_log policy_pred=-0.253145 predicted_lr=0.762380 cosine_blend=0.750 lr_ema=0.000 cosine_after=0 next_student_lr=0.981999
[Train] Epoch: 4 | Teacher lr=0.9820 | Teacher Loss: 2.639 | Teacher Train Acc: 37.002 | Student lr=0.9820 | Student Train Acc: 46.732 | Time: 137.700 |
[Eval] Epoch: 4 | Teacher Test Loss: 2.576 | Teacher Test Acc: 33.760 | Student Test Loss: 2.726 | Student Test Acc: 34.480 | Teacher Test F1: 0.326 | Student Test F1: 0.336 | Teacher Top 5 Accuracy: 0.666 | Student Top 5 Accuracy: 0.659 | Time: 2.630 | 
Running student landscape probe...
[LR policy] epoch=4 output=residual_log policy_pred=-0.215217 predicted_lr=0.780683 cosine_blend=0.750 lr_ema=0.000 cosine_after=0 next_student_lr=0.968149
[Train] Epoch: 5 | Teacher lr=0.9681 | Teacher Loss: 2.369 | Teacher Train Acc: 43.060 | Student lr=0.9681 | Student Train Acc: 50.794 | Time: 137.740 |
[Eval] Epoch: 5 | Teacher Test Loss: 2.278 | Teacher Test Acc: 39.570 | Student Test Loss: 2.365 | Student Test Acc: 38.890 | Teacher Test F1: 0.384 | Student Test F1: 0.376 | Teacher Top 5 Accuracy: 0.722 | Student Top 5 Accuracy: 0.709 | Time: 2.591 | 
Running student landscape probe...
[LR policy] epoch=5 output=residual_log policy_pred=-0.253112 predicted_lr=0.737977 cosine_blend=0.750 lr_ema=0.000 cosine_after=0 next_student_lr=0.950534
[Train] Epoch: 6 | Teacher lr=0.9505 | Teacher Loss: 2.224 | Teacher Train Acc: 46.886 | Student lr=0.9505 | Student Train Acc: 52.958 | Time: 136.850 |
[Eval] Epoch: 6 | Teacher Test Loss: 2.232 | Teacher Test Acc: 41.370 | Student Test Loss: 7.408 | Student Test Acc: 5.580 | Teacher Test F1: 0.413 | Student Test F1: 0.041 | Teacher Top 5 Accuracy: 0.731 | Student Top 5 Accuracy: 0.209 | Time: 2.558 | 
Running student landscape probe...
[LR policy] epoch=6 output=residual_log policy_pred=-0.227597 predicted_lr=0.740133 cosine_blend=0.750 lr_ema=0.000 cosine_after=0 next_student_lr=0.929295
[Train] Epoch: 7 | Teacher lr=0.9292 | Teacher Loss: 2.130 | Teacher Train Acc: 49.300 | Student lr=0.9293 | Student Train Acc: 53.814 | Time: 135.231 |
[Eval] Epoch: 7 | Teacher Test Loss: 2.340 | Teacher Test Acc: 40.310 | Student Test Loss: 2.378 | Student Test Acc: 37.900 | Teacher Test F1: 0.389 | Student Test F1: 0.367 | Teacher Top 5 Accuracy: 0.725 | Student Top 5 Accuracy: 0.721 | Time: 2.572 | 
Running student landscape probe...
[LR policy] epoch=7 output=residual_log policy_pred=-0.265238 predicted_lr=0.693852 cosine_blend=0.750 lr_ema=0.000 cosine_after=0 next_student_lr=0.904604
[Train] Epoch: 8 | Teacher lr=0.9045 | Teacher Loss: 2.027 | Teacher Train Acc: 51.984 | Student lr=0.9046 | Student Train Acc: 56.086 | Time: 136.214 |
[Eval] Epoch: 8 | Teacher Test Loss: 2.085 | Teacher Test Acc: 43.640 | Student Test Loss: 3.271 | Student Test Acc: 28.060 | Teacher Test F1: 0.430 | Student Test F1: 0.265 | Teacher Top 5 Accuracy: 0.763 | Student Top 5 Accuracy: 0.581 | Time: 2.626 | 
Running student landscape probe...
[LR policy] epoch=8 output=residual_log policy_pred=-0.231796 predicted_lr=0.695285 cosine_blend=0.750 lr_ema=0.000 cosine_after=0 next_student_lr=0.876659
[Train] Epoch: 9 | Teacher lr=0.8765 | Teacher Loss: 1.923 | Teacher Train Acc: 54.392 | Student lr=0.8767 | Student Train Acc: 57.472 | Time: 136.720 |
[Eval] Epoch: 9 | Teacher Test Loss: 1.784 | Teacher Test Acc: 50.520 | Student Test Loss: 2.066 | Student Test Acc: 44.720 | Teacher Test F1: 0.497 | Student Test F1: 0.430 | Teacher Top 5 Accuracy: 0.817 | Student Top 5 Accuracy: 0.764 | Time: 2.567 | 
Running student landscape probe...
[LR policy] epoch=9 output=residual_log policy_pred=-0.263105 predicted_lr=0.650046 cosine_blend=0.750 lr_ema=0.000 cosine_after=0 next_student_lr=0.845686
[Train] Epoch: 10 | Teacher lr=0.8455 | Teacher Loss: 1.879 | Teacher Train Acc: 55.898 | Student lr=0.8457 | Student Train Acc: 58.384 | Time: 136.974 |
[Eval] Epoch: 10 | Teacher Test Loss: 1.821 | Teacher Test Acc: 50.260 | Student Test Loss: 2.352 | Student Test Acc: 38.890 | Teacher Test F1: 0.500 | Student Test F1: 0.385 | Teacher Top 5 Accuracy: 0.815 | Student Top 5 Accuracy: 0.718 | Time: 2.613 | 
Running student landscape probe...
[LR policy] epoch=10 output=residual_log policy_pred=-0.254444 predicted_lr=0.629530 cosine_blend=0.750 lr_ema=0.000 cosine_after=0 next_student_lr=0.811933
[Train] Epoch: 11 | Teacher lr=0.8117 | Teacher Loss: 1.790 | Teacher Train Acc: 57.900 | Student lr=0.8119 | Student Train Acc: 59.704 | Time: 135.116 |
[Eval] Epoch: 11 | Teacher Test Loss: 1.829 | Teacher Test Acc: 50.100 | Student Test Loss: 2.132 | Student Test Acc: 44.020 | Teacher Test F1: 0.495 | Student Test F1: 0.430 | Teacher Top 5 Accuracy: 0.803 | Student Top 5 Accuracy: 0.758 | Time: 2.605 | 
Running student landscape probe...
[LR policy] epoch=11 output=residual_log policy_pred=-0.263966 predicted_lr=0.595716 cosine_blend=0.750 lr_ema=0.000 cosine_after=0 next_student_lr=0.730684
[Train] Epoch: 12 | Teacher lr=0.7754 | Teacher Loss: 1.726 | Teacher Train Acc: 59.282 | Student lr=0.7307 | Student Train Acc: 60.796 | Time: 135.476 |
[Eval] Epoch: 12 | Teacher Test Loss: 1.710 | Teacher Test Acc: 53.230 | Student Test Loss: 2.090 | Student Test Acc: 44.680 | Teacher Test F1: 0.530 | Student Test F1: 0.443 | Teacher Top 5 Accuracy: 0.831 | Student Top 5 Accuracy: 0.768 | Time: 2.591 | 
Running student landscape probe...
[LR policy] epoch=12 output=residual_log policy_pred=-0.260463 predicted_lr=0.568154 cosine_blend=0.750 lr_ema=0.000 cosine_after=0 next_student_lr=0.694937
[Train] Epoch: 13 | Teacher lr=0.7369 | Teacher Loss: 1.674 | Teacher Train Acc: 60.702 | Student lr=0.6949 | Student Train Acc: 61.456 | Time: 134.111 |
[Eval] Epoch: 13 | Teacher Test Loss: 1.856 | Teacher Test Acc: 49.460 | Student Test Loss: 2.221 | Student Test Acc: 44.070 | Teacher Test F1: 0.493 | Student Test F1: 0.435 | Teacher Top 5 Accuracy: 0.816 | Student Top 5 Accuracy: 0.755 | Time: 2.582 | 
Running student landscape probe...
[LR policy] epoch=13 output=residual_log policy_pred=-0.259463 predicted_lr=0.537570 cosine_blend=0.750 lr_ema=0.000 cosine_after=0 next_student_lr=0.657004
[Train] Epoch: 14 | Teacher lr=0.6965 | Teacher Loss: 1.629 | Teacher Train Acc: 62.080 | Student lr=0.6570 | Student Train Acc: 62.434 | Time: 136.663 |
[Eval] Epoch: 14 | Teacher Test Loss: 1.617 | Teacher Test Acc: 53.970 | Student Test Loss: 2.618 | Student Test Acc: 36.350 | Teacher Test F1: 0.537 | Student Test F1: 0.359 | Teacher Top 5 Accuracy: 0.844 | Student Top 5 Accuracy: 0.673 | Time: 2.596 | 
Running student landscape probe...
[LR policy] epoch=14 output=residual_log policy_pred=-0.257774 predicted_lr=0.506051 cosine_blend=0.750 lr_ema=0.000 cosine_after=0 next_student_lr=0.617653
[Train] Epoch: 15 | Teacher lr=0.6545 | Teacher Loss: 1.576 | Teacher Train Acc: 63.710 | Student lr=0.6177 | Student Train Acc: 63.336 | Time: 138.107 |
[Eval] Epoch: 15 | Teacher Test Loss: 1.599 | Teacher Test Acc: 55.060 | Student Test Loss: 2.437 | Student Test Acc: 38.050 | Teacher Test F1: 0.548 | Student Test F1: 0.386 | Teacher Top 5 Accuracy: 0.849 | Student Top 5 Accuracy: 0.713 | Time: 2.664 | 
Running student landscape probe...
[LR policy] epoch=15 output=residual_log policy_pred=-0.261953 predicted_lr=0.470693 cosine_blend=0.750 lr_ema=0.000 cosine_after=0 next_student_lr=0.576410
[Train] Epoch: 16 | Teacher lr=0.6113 | Teacher Loss: 1.531 | Teacher Train Acc: 64.836 | Student lr=0.5764 | Student Train Acc: 63.872 | Time: 136.487 |
[Eval] Epoch: 16 | Teacher Test Loss: 1.568 | Teacher Test Acc: 56.430 | Student Test Loss: 1.960 | Student Test Acc: 48.190 | Teacher Test F1: 0.560 | Student Test F1: 0.483 | Teacher Top 5 Accuracy: 0.851 | Student Top 5 Accuracy: 0.780 | Time: 2.546 | 
Running student landscape probe...
[LR policy] epoch=16 output=residual_log policy_pred=-0.265130 predicted_lr=0.435371 cosine_blend=0.750 lr_ema=0.000 cosine_after=0 next_student_lr=0.534505
[Train] Epoch: 17 | Teacher lr=0.5671 | Teacher Loss: 1.494 | Teacher Train Acc: 65.776 | Student lr=0.5345 | Student Train Acc: 65.126 | Time: 134.645 |
[Eval] Epoch: 17 | Teacher Test Loss: 1.493 | Teacher Test Acc: 57.750 | Student Test Loss: 2.286 | Student Test Acc: 43.180 | Teacher Test F1: 0.577 | Student Test F1: 0.430 | Teacher Top 5 Accuracy: 0.866 | Student Top 5 Accuracy: 0.743 | Time: 2.585 | 
Running student landscape probe...
[LR policy] epoch=17 output=residual_log policy_pred=-0.265247 predicted_lr=0.401081 cosine_blend=0.750 lr_ema=0.000 cosine_after=0 next_student_lr=0.492453
[Train] Epoch: 18 | Teacher lr=0.5224 | Teacher Loss: 1.436 | Teacher Train Acc: 67.242 | Student lr=0.4925 | Student Train Acc: 65.932 | Time: 135.135 |
[Eval] Epoch: 18 | Teacher Test Loss: 1.426 | Teacher Test Acc: 59.920 | Student Test Loss: 1.787 | Student Test Acc: 51.080 | Teacher Test F1: 0.596 | Student Test F1: 0.509 | Teacher Top 5 Accuracy: 0.875 | Student Top 5 Accuracy: 0.816 | Time: 2.602 | 
Running student landscape probe...
[LR policy] epoch=18 output=residual_log policy_pred=-0.266538 predicted_lr=0.366230 cosine_blend=0.750 lr_ema=0.000 cosine_after=0 next_student_lr=0.450125
[Train] Epoch: 19 | Teacher lr=0.4776 | Teacher Loss: 1.379 | Teacher Train Acc: 68.712 | Student lr=0.4501 | Student Train Acc: 66.588 | Time: 138.492 |
[Eval] Epoch: 19 | Teacher Test Loss: 1.383 | Teacher Test Acc: 60.520 | Student Test Loss: 2.169 | Student Test Acc: 44.000 | Teacher Test F1: 0.607 | Student Test F1: 0.442 | Teacher Top 5 Accuracy: 0.880 | Student Top 5 Accuracy: 0.758 | Time: 2.616 | 
Running student landscape probe...
[LR policy] epoch=19 output=residual_log policy_pred=-0.265557 predicted_lr=0.332361 cosine_blend=0.750 lr_ema=0.000 cosine_after=0 next_student_lr=0.408178
[shock] epoch=20 forcing student_lr=0.100000 (window=20..21)
[Train] Epoch: 20 | Teacher lr=0.4329 | Teacher Loss: 1.264 | Teacher Train Acc: 69.948 | Student lr=0.1000 | Student Train Acc: 73.784 | Time: 135.063 |
[Eval] Epoch: 20 | Teacher Test Loss: 1.420 | Teacher Test Acc: 60.330 | Student Test Loss: 1.242 | Student Test Acc: 64.730 | Teacher Test F1: 0.602 | Student Test F1: 0.648 | Teacher Top 5 Accuracy: 0.878 | Student Top 5 Accuracy: 0.899 | Time: 2.597 | 
Running student landscape probe...
[LR policy] epoch=20 output=residual_log policy_pred=-0.261002 predicted_lr=0.299909 cosine_blend=0.750 lr_ema=0.000 cosine_after=0 next_student_lr=0.366990
[shock] epoch=21 forcing student_lr=0.100000 (window=20..21)
[Train] Epoch: 21 | Teacher lr=0.3887 | Teacher Loss: 1.223 | Teacher Train Acc: 71.078 | Student lr=0.1000 | Student Train Acc: 75.466 | Time: 136.049 |
[Eval] Epoch: 21 | Teacher Test Loss: 1.309 | Teacher Test Acc: 62.240 | Student Test Loss: 1.237 | Student Test Acc: 64.310 | Teacher Test F1: 0.617 | Student Test F1: 0.641 | Teacher Top 5 Accuracy: 0.894 | Student Top 5 Accuracy: 0.897 | Time: 2.612 | 
Running student landscape probe...
[LR policy] epoch=21 output=residual_log policy_pred=-0.265564 predicted_lr=0.265416 cosine_blend=0.750 lr_ema=0.000 cosine_after=0 next_student_lr=0.325963
[Train] Epoch: 22 | Teacher lr=0.3455 | Teacher Loss: 1.241 | Teacher Train Acc: 73.068 | Student lr=0.3260 | Student Train Acc: 69.012 | Time: 135.167 |
[Eval] Epoch: 22 | Teacher Test Loss: 1.186 | Teacher Test Acc: 65.830 | Student Test Loss: 2.650 | Student Test Acc: 38.750 | Teacher Test F1: 0.657 | Student Test F1: 0.379 | Teacher Top 5 Accuracy: 0.900 | Student Top 5 Accuracy: 0.689 | Time: 2.626 | 
Running student landscape probe...
[LR policy] epoch=22 output=residual_log policy_pred=-0.258431 predicted_lr=0.234910 cosine_blend=0.750 lr_ema=0.000 cosine_after=0 next_student_lr=0.286865
[Train] Epoch: 23 | Teacher lr=0.3035 | Teacher Loss: 1.167 | Teacher Train Acc: 74.962 | Student lr=0.2869 | Student Train Acc: 70.292 | Time: 136.912 |
[Eval] Epoch: 23 | Teacher Test Loss: 1.168 | Teacher Test Acc: 66.450 | Student Test Loss: 1.681 | Student Test Acc: 55.880 | Teacher Test F1: 0.664 | Student Test F1: 0.561 | Teacher Top 5 Accuracy: 0.905 | Student Top 5 Accuracy: 0.836 | Time: 2.572 | 
Running student landscape probe...
[LR policy] epoch=23 output=residual_log policy_pred=-0.269941 predicted_lr=0.201393 cosine_blend=0.750 lr_ema=0.000 cosine_after=0 next_student_lr=0.248200
[Train] Epoch: 24 | Teacher lr=0.2631 | Teacher Loss: 1.107 | Teacher Train Acc: 76.312 | Student lr=0.2482 | Student Train Acc: 71.822 | Time: 136.290 |
[Eval] Epoch: 24 | Teacher Test Loss: 1.117 | Teacher Test Acc: 67.240 | Student Test Loss: 1.508 | Student Test Acc: 58.720 | Teacher Test F1: 0.672 | Student Test F1: 0.591 | Teacher Top 5 Accuracy: 0.912 | Student Top 5 Accuracy: 0.861 | Time: 2.626 | 
Running student landscape probe...
[LR policy] epoch=24 output=residual_log policy_pred=-0.258207 predicted_lr=0.174051 cosine_blend=0.750 lr_ema=0.000 cosine_after=0 next_student_lr=0.212508
[Train] Epoch: 25 | Teacher lr=0.2246 | Teacher Loss: 1.049 | Teacher Train Acc: 77.932 | Student lr=0.2125 | Student Train Acc: 72.884 | Time: 136.466 |
[Eval] Epoch: 25 | Teacher Test Loss: 1.121 | Teacher Test Acc: 67.870 | Student Test Loss: 1.626 | Student Test Acc: 57.230 | Teacher Test F1: 0.679 | Student Test F1: 0.574 | Teacher Top 5 Accuracy: 0.912 | Student Top 5 Accuracy: 0.850 | Time: 2.623 | 
Running student landscape probe...
[LR policy] epoch=25 output=residual_log policy_pred=-0.270148 predicted_lr=0.144308 cosine_blend=0.750 lr_ema=0.000 cosine_after=0 next_student_lr=0.177877
[Train] Epoch: 26 | Teacher lr=0.1883 | Teacher Loss: 0.984 | Teacher Train Acc: 79.776 | Student lr=0.1779 | Student Train Acc: 74.266 | Time: 136.359 |
[Eval] Epoch: 26 | Teacher Test Loss: 1.058 | Teacher Test Acc: 69.450 | Student Test Loss: 1.430 | Student Test Acc: 60.170 | Teacher Test F1: 0.693 | Student Test F1: 0.600 | Teacher Top 5 Accuracy: 0.923 | Student Top 5 Accuracy: 0.870 | Time: 2.617 | 
Running student landscape probe...
[LR policy] epoch=26 output=residual_log policy_pred=-0.258806 predicted_lr=0.119898 cosine_blend=0.750 lr_ema=0.000 cosine_after=0 next_student_lr=0.146460
[Train] Epoch: 27 | Teacher lr=0.1545 | Teacher Loss: 0.917 | Teacher Train Acc: 81.766 | Student lr=0.1465 | Student Train Acc: 75.978 | Time: 138.015 |
[Eval] Epoch: 27 | Teacher Test Loss: 1.027 | Teacher Test Acc: 69.990 | Student Test Loss: 1.427 | Student Test Acc: 60.530 | Teacher Test F1: 0.701 | Student Test F1: 0.607 | Teacher Top 5 Accuracy: 0.924 | Student Top 5 Accuracy: 0.876 | Time: 2.588 | 
Running student landscape probe...
[LR policy] epoch=27 output=residual_log policy_pred=-0.268873 predicted_lr=0.095026 cosine_blend=0.750 lr_ema=0.000 cosine_after=0 next_student_lr=0.117012
[Train] Epoch: 28 | Teacher lr=0.1235 | Teacher Loss: 0.854 | Teacher Train Acc: 83.604 | Student lr=0.1170 | Student Train Acc: 77.190 | Time: 137.027 |
[Eval] Epoch: 28 | Teacher Test Loss: 1.010 | Teacher Test Acc: 71.150 | Student Test Loss: 1.574 | Student Test Acc: 57.890 | Teacher Test F1: 0.712 | Student Test F1: 0.587 | Teacher Top 5 Accuracy: 0.926 | Student Top 5 Accuracy: 0.855 | Time: 2.612 | 
Running student landscape probe...
[LR policy] epoch=28 output=residual_log policy_pred=-0.261072 predicted_lr=0.074247 cosine_blend=0.750 lr_ema=0.000 cosine_after=0 next_student_lr=0.090859
[Train] Epoch: 29 | Teacher lr=0.0955 | Teacher Loss: 0.786 | Teacher Train Acc: 85.412 | Student lr=0.0909 | Student Train Acc: 79.014 | Time: 136.899 |
[Eval] Epoch: 29 | Teacher Test Loss: 0.958 | Teacher Test Acc: 72.600 | Student Test Loss: 1.304 | Student Test Acc: 64.280 | Teacher Test F1: 0.726 | Student Test F1: 0.645 | Teacher Top 5 Accuracy: 0.932 | Student Top 5 Accuracy: 0.896 | Time: 2.574 | 
Running student landscape probe...
[LR policy] epoch=29 output=residual_log policy_pred=-0.263436 predicted_lr=0.055098 cosine_blend=0.750 lr_ema=0.000 cosine_after=0 next_student_lr=0.067553
[Train] Epoch: 30 | Teacher lr=0.0708 | Teacher Loss: 0.719 | Teacher Train Acc: 87.364 | Student lr=0.0676 | Student Train Acc: 80.606 | Time: 137.212 |
[Eval] Epoch: 30 | Teacher Test Loss: 0.922 | Teacher Test Acc: 73.590 | Student Test Loss: 1.292 | Student Test Acc: 65.120 | Teacher Test F1: 0.737 | Student Test F1: 0.653 | Teacher Top 5 Accuracy: 0.933 | Student Top 5 Accuracy: 0.897 | Time: 2.647 | 
Running student landscape probe...
[LR policy] epoch=30 output=residual_log policy_pred=-0.263730 predicted_lr=0.038767 cosine_blend=0.750 lr_ema=0.000 cosine_after=0 next_student_lr=0.047541
[Train] Epoch: 31 | Teacher lr=0.0495 | Teacher Loss: 0.659 | Teacher Train Acc: 89.026 | Student lr=0.0475 | Student Train Acc: 82.274 | Time: 136.256 |
[Eval] Epoch: 31 | Teacher Test Loss: 0.912 | Teacher Test Acc: 73.810 | Student Test Loss: 1.172 | Student Test Acc: 67.640 | Teacher Test F1: 0.739 | Student Test F1: 0.675 | Teacher Top 5 Accuracy: 0.936 | Student Top 5 Accuracy: 0.908 | Time: 2.451 | 
Running student landscape probe...
[LR policy] epoch=31 output=residual_log policy_pred=-0.262333 predicted_lr=0.025271 cosine_blend=0.750 lr_ema=0.000 cosine_after=0 next_student_lr=0.030956
[Train] Epoch: 32 | Teacher lr=0.0319 | Teacher Loss: 0.601 | Teacher Train Acc: 90.454 | Student lr=0.0310 | Student Train Acc: 84.128 | Time: 137.334 |
[Eval] Epoch: 32 | Teacher Test Loss: 0.888 | Teacher Test Acc: 74.540 | Student Test Loss: 1.149 | Student Test Acc: 68.350 | Teacher Test F1: 0.746 | Student Test F1: 0.683 | Teacher Top 5 Accuracy: 0.939 | Student Top 5 Accuracy: 0.914 | Time: 2.472 | 
Running student landscape probe...
[LR policy] epoch=32 output=residual_log policy_pred=-0.265079 predicted_lr=0.014576 cosine_blend=0.750 lr_ema=0.000 cosine_after=0 next_student_lr=0.017894
[Train] Epoch: 33 | Teacher lr=0.0180 | Teacher Loss: 0.555 | Teacher Train Acc: 91.638 | Student lr=0.0179 | Student Train Acc: 85.652 | Time: 139.161 |
[Eval] Epoch: 33 | Teacher Test Loss: 0.881 | Teacher Test Acc: 74.800 | Student Test Loss: 1.144 | Student Test Acc: 68.980 | Teacher Test F1: 0.748 | Student Test F1: 0.690 | Teacher Top 5 Accuracy: 0.939 | Student Top 5 Accuracy: 0.916 | Time: 2.531 | 
Running student landscape probe...
[LR policy] epoch=33 output=residual_log policy_pred=-0.264461 predicted_lr=0.006929 cosine_blend=0.750 lr_ema=0.000 cosine_after=0 next_student_lr=0.008503
[Train] Epoch: 34 | Teacher lr=0.0080 | Teacher Loss: 0.521 | Teacher Train Acc: 92.392 | Student lr=0.0085 | Student Train Acc: 86.630 | Time: 134.187 |
[Eval] Epoch: 34 | Teacher Test Loss: 0.875 | Teacher Test Acc: 75.010 | Student Test Loss: 1.112 | Student Test Acc: 69.760 | Teacher Test F1: 0.751 | Student Test F1: 0.697 | Teacher Top 5 Accuracy: 0.941 | Student Top 5 Accuracy: 0.917 | Time: 2.241 | 
Running student landscape probe...
[LR policy] epoch=34 output=residual_log policy_pred=-0.263720 predicted_lr=0.002313 cosine_blend=0.750 lr_ema=0.000 cosine_after=0 next_student_lr=0.002836
[Train] Epoch: 35 | Teacher lr=0.0020 | Teacher Loss: 0.503 | Teacher Train Acc: 92.784 | Student lr=0.0028 | Student Train Acc: 87.410 | Time: 134.276 |
[Eval] Epoch: 35 | Teacher Test Loss: 0.872 | Teacher Test Acc: 75.190 | Student Test Loss: 1.097 | Student Test Acc: 70.440 | Teacher Test F1: 0.752 | Student Test F1: 0.704 | Teacher Top 5 Accuracy: 0.940 | Student Top 5 Accuracy: 0.918 | Time: 2.438 | 
Running student landscape probe...
[LR policy] epoch=35 output=residual_log policy_pred=-0.265456 predicted_lr=0.001000 cosine_blend=0.750 lr_ema=0.000 cosine_after=0 next_student_lr=0.001000
ckpt location: ckpt/robust12h_stars/patchtst_shock01_seed3_35ep.pt
