/home/jovyan/.mlspace/envs/egy_llm/lib/python3.11/site-packages/torchvision/datasets/cifar.py:83: VisibleDeprecationWarning: dtype(): align should be passed as Python or NumPy boolean but got `align=0`. Did you mean to pass a tuple to create a subarray type? (Deprecated NumPy 2.4)
  entry = pickle.load(f, encoding="latin1")
depth_list: [110, 20]
[LR policy] loaded checkpoint=checkpoints/policies_beatcos/patchtst_seed0/policy.pt,checkpoints/policies_beatcos/patchtst_seed2/policy.pt,checkpoints/policies_beatcos/patchtst_seed5/policy.pt,checkpoints/policies_beatcos/patchtst_seed7/policy.pt,checkpoints/policies_beatcos/patchtst_seed4/policy.pt model_type=patchtst input_dim=230 n_models=5
Dataset information: cifar100	 50000 images for training 	 10000 images for testing	
teacher depth: 110
student depth: 20
Total number of teacher parameters: 1,169,972
Total number of student parameters: 278,132
Snapshots will be saved to: snapshots/robust12h_stars/patchtst_shock20_seed1_35ep
==== train and evaluate unequal restart ====
[Eval] Epoch: 0 | Teacher Test Loss: 12407.062 | Teacher Test Acc: 0.990 | Student Test Loss: 7.984 | Student Test Acc: 1.020 | Teacher Test F1: 0.000 | Student Test F1: 0.000 | Teacher Top 5 Accuracy: 0.050 | Student Top 5 Accuracy: 0.046 | Time: 2.500 | 
Running student landscape probe...
[Train] Epoch: 1 | Teacher lr=1.0000 | Teacher Loss: 4.004 | Teacher Train Acc: 10.114 | Student lr=0.0100 | Student Train Acc: 6.992 | Time: 135.511 |
[Eval] Epoch: 1 | Teacher Test Loss: 3.692 | Teacher Test Acc: 12.430 | Student Test Loss: 3.825 | Student Test Acc: 10.710 | Teacher Test F1: 0.093 | Student Test F1: 0.070 | Teacher Top 5 Accuracy: 0.368 | Student Top 5 Accuracy: 0.310 | Time: 2.622 | 
Running student landscape probe...
[LR policy] epoch=1 output=residual_log policy_pred=-0.255227 predicted_lr=0.773183 cosine_blend=0.750 lr_ema=0.000 cosine_after=0 next_student_lr=0.997989
[Train] Epoch: 2 | Teacher lr=0.9980 | Teacher Loss: 3.374 | Teacher Train Acc: 21.578 | Student lr=0.9980 | Student Train Acc: 21.728 | Time: 137.662 |
[Eval] Epoch: 2 | Teacher Test Loss: 3.225 | Teacher Test Acc: 22.170 | Student Test Loss: 3.186 | Student Test Acc: 23.030 | Teacher Test F1: 0.197 | Student Test F1: 0.202 | Teacher Top 5 Accuracy: 0.509 | Student Top 5 Accuracy: 0.533 | Time: 2.643 | 
Running student landscape probe...
[LR policy] epoch=2 output=residual_log policy_pred=-0.251881 predicted_lr=0.771097 cosine_blend=0.750 lr_ema=0.000 cosine_after=0 next_student_lr=0.991973
[Train] Epoch: 3 | Teacher lr=0.9920 | Teacher Loss: 2.786 | Teacher Train Acc: 33.560 | Student lr=0.9920 | Student Train Acc: 41.466 | Time: 137.326 |
[Eval] Epoch: 3 | Teacher Test Loss: 2.985 | Teacher Test Acc: 25.820 | Student Test Loss: 2.577 | Student Test Acc: 32.950 | Teacher Test F1: 0.242 | Student Test F1: 0.317 | Teacher Top 5 Accuracy: 0.591 | Student Top 5 Accuracy: 0.658 | Time: 2.688 | 
Running student landscape probe...
[LR policy] epoch=3 output=residual_log policy_pred=-0.266741 predicted_lr=0.752085 cosine_blend=0.750 lr_ema=0.000 cosine_after=0 next_student_lr=0.981999
[Train] Epoch: 4 | Teacher lr=0.9820 | Teacher Loss: 2.425 | Teacher Train Acc: 41.950 | Student lr=0.9820 | Student Train Acc: 48.618 | Time: 139.160 |
[Eval] Epoch: 4 | Teacher Test Loss: 2.450 | Teacher Test Acc: 36.720 | Student Test Loss: 2.862 | Student Test Acc: 28.200 | Teacher Test F1: 0.359 | Student Test F1: 0.281 | Teacher Top 5 Accuracy: 0.686 | Student Top 5 Accuracy: 0.618 | Time: 2.496 | 
Running student landscape probe...
[LR policy] epoch=4 output=residual_log policy_pred=-0.240472 predicted_lr=0.761214 cosine_blend=0.750 lr_ema=0.000 cosine_after=0 next_student_lr=0.968149
[Train] Epoch: 5 | Teacher lr=0.9681 | Teacher Loss: 2.232 | Teacher Train Acc: 46.602 | Student lr=0.9681 | Student Train Acc: 52.212 | Time: 136.878 |
[Eval] Epoch: 5 | Teacher Test Loss: 2.180 | Teacher Test Acc: 41.380 | Student Test Loss: 2.586 | Student Test Acc: 34.850 | Teacher Test F1: 0.407 | Student Test F1: 0.343 | Teacher Top 5 Accuracy: 0.756 | Student Top 5 Accuracy: 0.676 | Time: 2.553 | 
Running student landscape probe...
[LR policy] epoch=5 output=residual_log policy_pred=-0.265138 predicted_lr=0.729155 cosine_blend=0.750 lr_ema=0.000 cosine_after=0 next_student_lr=0.950534
[Train] Epoch: 6 | Teacher lr=0.9505 | Teacher Loss: 2.106 | Teacher Train Acc: 49.718 | Student lr=0.9505 | Student Train Acc: 54.218 | Time: 134.174 |
[Eval] Epoch: 6 | Teacher Test Loss: 2.240 | Teacher Test Acc: 41.060 | Student Test Loss: 2.328 | Student Test Acc: 41.600 | Teacher Test F1: 0.402 | Student Test F1: 0.401 | Teacher Top 5 Accuracy: 0.733 | Student Top 5 Accuracy: 0.716 | Time: 2.508 | 
Running student landscape probe...
[LR policy] epoch=6 output=residual_log policy_pred=-0.233776 predicted_lr=0.735573 cosine_blend=0.750 lr_ema=0.000 cosine_after=0 next_student_lr=0.929295
[Train] Epoch: 7 | Teacher lr=0.9292 | Teacher Loss: 2.021 | Teacher Train Acc: 52.234 | Student lr=0.9293 | Student Train Acc: 55.932 | Time: 135.753 |
[Eval] Epoch: 7 | Teacher Test Loss: 2.026 | Teacher Test Acc: 45.300 | Student Test Loss: 2.569 | Student Test Acc: 35.470 | Teacher Test F1: 0.445 | Student Test F1: 0.351 | Teacher Top 5 Accuracy: 0.781 | Student Top 5 Accuracy: 0.671 | Time: 2.487 | 
Running student landscape probe...
[LR policy] epoch=7 output=residual_log policy_pred=-0.259135 predicted_lr=0.698100 cosine_blend=0.750 lr_ema=0.000 cosine_after=0 next_student_lr=0.904604
[Train] Epoch: 8 | Teacher lr=0.9045 | Teacher Loss: 1.927 | Teacher Train Acc: 54.376 | Student lr=0.9046 | Student Train Acc: 57.466 | Time: 135.075 |
[Eval] Epoch: 8 | Teacher Test Loss: 2.248 | Teacher Test Acc: 43.340 | Student Test Loss: 2.162 | Student Test Acc: 42.440 | Teacher Test F1: 0.432 | Student Test F1: 0.425 | Teacher Top 5 Accuracy: 0.746 | Student Top 5 Accuracy: 0.755 | Time: 2.709 | 
Running student landscape probe...
[LR policy] epoch=8 output=residual_log policy_pred=-0.231703 predicted_lr=0.695350 cosine_blend=0.750 lr_ema=0.000 cosine_after=0 next_student_lr=0.876659
[Train] Epoch: 9 | Teacher lr=0.8765 | Teacher Loss: 1.854 | Teacher Train Acc: 56.436 | Student lr=0.8767 | Student Train Acc: 58.336 | Time: 136.983 |
[Eval] Epoch: 9 | Teacher Test Loss: 2.128 | Teacher Test Acc: 45.100 | Student Test Loss: 2.244 | Student Test Acc: 42.440 | Teacher Test F1: 0.446 | Student Test F1: 0.420 | Teacher Top 5 Accuracy: 0.768 | Student Top 5 Accuracy: 0.748 | Time: 2.504 | 
Running student landscape probe...
[LR policy] epoch=9 output=residual_log policy_pred=-0.259399 predicted_lr=0.652460 cosine_blend=0.750 lr_ema=0.000 cosine_after=0 next_student_lr=0.845686
[Train] Epoch: 10 | Teacher lr=0.8455 | Teacher Loss: 1.786 | Teacher Train Acc: 58.408 | Student lr=0.8457 | Student Train Acc: 59.466 | Time: 137.642 |
[Eval] Epoch: 10 | Teacher Test Loss: 1.904 | Teacher Test Acc: 48.040 | Student Test Loss: 2.488 | Student Test Acc: 37.010 | Teacher Test F1: 0.475 | Student Test F1: 0.376 | Teacher Top 5 Accuracy: 0.805 | Student Top 5 Accuracy: 0.692 | Time: 2.640 | 
Running student landscape probe...
[LR policy] epoch=10 output=residual_log policy_pred=-0.262519 predicted_lr=0.624467 cosine_blend=0.750 lr_ema=0.000 cosine_after=0 next_student_lr=0.811933
[Train] Epoch: 11 | Teacher lr=0.8117 | Teacher Loss: 1.728 | Teacher Train Acc: 59.792 | Student lr=0.8119 | Student Train Acc: 60.008 | Time: 135.162 |
[Eval] Epoch: 11 | Teacher Test Loss: 1.739 | Teacher Test Acc: 52.150 | Student Test Loss: 3.345 | Student Test Acc: 29.330 | Teacher Test F1: 0.513 | Student Test F1: 0.293 | Teacher Top 5 Accuracy: 0.827 | Student Top 5 Accuracy: 0.619 | Time: 2.697 | 
Running student landscape probe...
[LR policy] epoch=11 output=residual_log policy_pred=-0.263492 predicted_lr=0.595999 cosine_blend=0.750 lr_ema=0.000 cosine_after=0 next_student_lr=0.730755
[Train] Epoch: 12 | Teacher lr=0.7754 | Teacher Loss: 1.669 | Teacher Train Acc: 61.180 | Student lr=0.7308 | Student Train Acc: 61.448 | Time: 136.782 |
[Eval] Epoch: 12 | Teacher Test Loss: 1.661 | Teacher Test Acc: 53.340 | Student Test Loss: 2.012 | Student Test Acc: 47.500 | Teacher Test F1: 0.524 | Student Test F1: 0.472 | Teacher Top 5 Accuracy: 0.836 | Student Top 5 Accuracy: 0.790 | Time: 2.632 | 
Running student landscape probe...
[LR policy] epoch=12 output=residual_log policy_pred=-0.264068 predicted_lr=0.566109 cosine_blend=0.750 lr_ema=0.000 cosine_after=0 next_student_lr=0.694425
[Train] Epoch: 13 | Teacher lr=0.7369 | Teacher Loss: 1.627 | Teacher Train Acc: 62.190 | Student lr=0.6944 | Student Train Acc: 62.392 | Time: 138.319 |
[Eval] Epoch: 13 | Teacher Test Loss: 1.652 | Teacher Test Acc: 54.090 | Student Test Loss: 2.301 | Student Test Acc: 42.030 | Teacher Test F1: 0.531 | Student Test F1: 0.428 | Teacher Top 5 Accuracy: 0.841 | Student Top 5 Accuracy: 0.743 | Time: 2.629 | 
Running student landscape probe...
[LR policy] epoch=13 output=residual_log policy_pred=-0.258666 predicted_lr=0.537999 cosine_blend=0.750 lr_ema=0.000 cosine_after=0 next_student_lr=0.657112
[Train] Epoch: 14 | Teacher lr=0.6965 | Teacher Loss: 1.586 | Teacher Train Acc: 63.518 | Student lr=0.6571 | Student Train Acc: 63.126 | Time: 136.645 |
[Eval] Epoch: 14 | Teacher Test Loss: 1.570 | Teacher Test Acc: 55.830 | Student Test Loss: 1.866 | Student Test Acc: 49.750 | Teacher Test F1: 0.557 | Student Test F1: 0.494 | Teacher Top 5 Accuracy: 0.848 | Student Top 5 Accuracy: 0.809 | Time: 2.540 | 
Running student landscape probe...
[LR policy] epoch=14 output=residual_log policy_pred=-0.262601 predicted_lr=0.503615 cosine_blend=0.750 lr_ema=0.000 cosine_after=0 next_student_lr=0.617044
[Train] Epoch: 15 | Teacher lr=0.6545 | Teacher Loss: 1.531 | Teacher Train Acc: 64.744 | Student lr=0.6170 | Student Train Acc: 63.812 | Time: 137.935 |
[Eval] Epoch: 15 | Teacher Test Loss: 1.619 | Teacher Test Acc: 55.180 | Student Test Loss: 1.704 | Student Test Acc: 52.880 | Teacher Test F1: 0.554 | Student Test F1: 0.524 | Teacher Top 5 Accuracy: 0.841 | Student Top 5 Accuracy: 0.824 | Time: 2.565 | 
Running student landscape probe...
[LR policy] epoch=15 output=residual_log policy_pred=-0.260403 predicted_lr=0.471423 cosine_blend=0.750 lr_ema=0.000 cosine_after=0 next_student_lr=0.576593
[Train] Epoch: 16 | Teacher lr=0.6113 | Teacher Loss: 1.485 | Teacher Train Acc: 66.146 | Student lr=0.5766 | Student Train Acc: 64.740 | Time: 138.266 |
[Eval] Epoch: 16 | Teacher Test Loss: 1.435 | Teacher Test Acc: 58.680 | Student Test Loss: 1.783 | Student Test Acc: 50.150 | Teacher Test F1: 0.588 | Student Test F1: 0.500 | Teacher Top 5 Accuracy: 0.872 | Student Top 5 Accuracy: 0.816 | Time: 2.593 | 
Running student landscape probe...
[LR policy] epoch=16 output=residual_log policy_pred=-0.260535 predicted_lr=0.437376 cosine_blend=0.750 lr_ema=0.000 cosine_after=0 next_student_lr=0.535006
[Train] Epoch: 17 | Teacher lr=0.5671 | Teacher Loss: 1.442 | Teacher Train Acc: 67.352 | Student lr=0.5350 | Student Train Acc: 65.406 | Time: 137.407 |
[Eval] Epoch: 17 | Teacher Test Loss: 1.359 | Teacher Test Acc: 61.190 | Student Test Loss: 2.492 | Student Test Acc: 39.320 | Teacher Test F1: 0.607 | Student Test F1: 0.385 | Teacher Top 5 Accuracy: 0.882 | Student Top 5 Accuracy: 0.702 | Time: 2.666 | 
Running student landscape probe...
[LR policy] epoch=17 output=residual_log policy_pred=-0.262098 predicted_lr=0.402345 cosine_blend=0.750 lr_ema=0.000 cosine_after=0 next_student_lr=0.492769
[Train] Epoch: 18 | Teacher lr=0.5224 | Teacher Loss: 1.392 | Teacher Train Acc: 68.564 | Student lr=0.4928 | Student Train Acc: 66.514 | Time: 136.987 |
[Eval] Epoch: 18 | Teacher Test Loss: 1.373 | Teacher Test Acc: 60.790 | Student Test Loss: 1.769 | Student Test Acc: 52.830 | Teacher Test F1: 0.606 | Student Test F1: 0.521 | Teacher Top 5 Accuracy: 0.876 | Student Top 5 Accuracy: 0.817 | Time: 2.630 | 
Running student landscape probe...
[LR policy] epoch=18 output=residual_log policy_pred=-0.263843 predicted_lr=0.367218 cosine_blend=0.750 lr_ema=0.000 cosine_after=0 next_student_lr=0.450372
[Train] Epoch: 19 | Teacher lr=0.4776 | Teacher Loss: 1.343 | Teacher Train Acc: 69.930 | Student lr=0.4504 | Student Train Acc: 67.578 | Time: 135.610 |
[Eval] Epoch: 19 | Teacher Test Loss: 1.378 | Teacher Test Acc: 61.340 | Student Test Loss: 1.764 | Student Test Acc: 52.980 | Teacher Test F1: 0.613 | Student Test F1: 0.528 | Teacher Top 5 Accuracy: 0.882 | Student Top 5 Accuracy: 0.821 | Time: 2.602 | 
Running student landscape probe...
[LR policy] epoch=19 output=residual_log policy_pred=-0.259852 predicted_lr=0.334262 cosine_blend=0.750 lr_ema=0.000 cosine_after=0 next_student_lr=0.408653
[shock] epoch=20 forcing student_lr=2.000000 (window=20..21)
[Train] Epoch: 20 | Teacher lr=0.4329 | Teacher Loss: 2.047 | Teacher Train Acc: 70.882 | Student lr=2.0000 | Student Train Acc: 6.094 | Time: 138.801 |
[Eval] Epoch: 20 | Teacher Test Loss: 1.582 | Teacher Test Acc: 62.830 | Student Test Loss: 4.044 | Student Test Acc: 6.660 | Teacher Test F1: 0.625 | Student Test F1: 0.038 | Teacher Top 5 Accuracy: 0.879 | Student Top 5 Accuracy: 0.244 | Time: 2.647 | 
Running student landscape probe...
[LR policy] epoch=20 output=residual_log policy_pred=-0.268135 predicted_lr=0.297777 cosine_blend=0.750 lr_ema=0.000 cosine_after=0 next_student_lr=0.366457
[shock] epoch=21 forcing student_lr=2.000000 (window=20..21)
[Train] Epoch: 21 | Teacher lr=0.3887 | Teacher Loss: 1.847 | Teacher Train Acc: 72.306 | Student lr=2.0000 | Student Train Acc: 16.116 | Time: 136.740 |
[Eval] Epoch: 21 | Teacher Test Loss: 1.453 | Teacher Test Acc: 63.490 | Student Test Loss: 5.638 | Student Test Acc: 8.940 | Teacher Test F1: 0.631 | Student Test F1: 0.084 | Teacher Top 5 Accuracy: 0.885 | Student Top 5 Accuracy: 0.287 | Time: 2.595 | 
Running student landscape probe...
[LR policy] epoch=21 output=residual_log policy_pred=-0.272221 predicted_lr=0.263655 cosine_blend=0.750 lr_ema=0.000 cosine_after=0 next_student_lr=0.325523
[Train] Epoch: 22 | Teacher lr=0.3455 | Teacher Loss: 1.620 | Teacher Train Acc: 73.100 | Student lr=0.3255 | Student Train Acc: 32.524 | Time: 136.760 |
[Eval] Epoch: 22 | Teacher Test Loss: 1.290 | Teacher Test Acc: 65.300 | Student Test Loss: 2.963 | Student Test Acc: 27.030 | Teacher Test F1: 0.649 | Student Test F1: 0.238 | Teacher Top 5 Accuracy: 0.897 | Student Top 5 Accuracy: 0.582 | Time: 2.657 | 
Running student landscape probe...
[LR policy] epoch=22 output=residual_log policy_pred=-0.294670 predicted_lr=0.226549 cosine_blend=0.750 lr_ema=0.000 cosine_after=0 next_student_lr=0.284775
[Train] Epoch: 23 | Teacher lr=0.3035 | Teacher Loss: 1.500 | Teacher Train Acc: 74.716 | Student lr=0.2848 | Student Train Acc: 39.628 | Time: 134.408 |
[Eval] Epoch: 23 | Teacher Test Loss: 1.216 | Teacher Test Acc: 66.450 | Student Test Loss: 2.648 | Student Test Acc: 33.240 | Teacher Test F1: 0.665 | Student Test F1: 0.318 | Teacher Top 5 Accuracy: 0.904 | Student Top 5 Accuracy: 0.658 | Time: 2.652 | 
Running student landscape probe...
[LR policy] epoch=23 output=residual_log policy_pred=-0.271048 predicted_lr=0.201171 cosine_blend=0.750 lr_ema=0.000 cosine_after=0 next_student_lr=0.248145
[Train] Epoch: 24 | Teacher lr=0.2631 | Teacher Loss: 1.411 | Teacher Train Acc: 76.284 | Student lr=0.2481 | Student Train Acc: 44.882 | Time: 135.171 |
[Eval] Epoch: 24 | Teacher Test Loss: 1.193 | Teacher Test Acc: 67.120 | Student Test Loss: 2.360 | Student Test Acc: 38.230 | Teacher Test F1: 0.669 | Student Test F1: 0.364 | Teacher Top 5 Accuracy: 0.910 | Student Top 5 Accuracy: 0.713 | Time: 2.572 | 
Running student landscape probe...
[LR policy] epoch=24 output=residual_log policy_pred=-0.284473 predicted_lr=0.169538 cosine_blend=0.750 lr_ema=0.000 cosine_after=0 next_student_lr=0.211380
[Train] Epoch: 25 | Teacher lr=0.2246 | Teacher Loss: 1.325 | Teacher Train Acc: 77.720 | Student lr=0.2114 | Student Train Acc: 48.926 | Time: 136.994 |
[Eval] Epoch: 25 | Teacher Test Loss: 1.134 | Teacher Test Acc: 68.160 | Student Test Loss: 3.118 | Student Test Acc: 31.440 | Teacher Test F1: 0.680 | Student Test F1: 0.292 | Teacher Top 5 Accuracy: 0.912 | Student Top 5 Accuracy: 0.608 | Time: 2.625 | 
Running student landscape probe...
[LR policy] epoch=25 output=residual_log policy_pred=-0.266326 predicted_lr=0.144861 cosine_blend=0.750 lr_ema=0.000 cosine_after=0 next_student_lr=0.178015
[Train] Epoch: 26 | Teacher lr=0.1883 | Teacher Loss: 1.245 | Teacher Train Acc: 79.474 | Student lr=0.1780 | Student Train Acc: 52.028 | Time: 135.035 |
[Eval] Epoch: 26 | Teacher Test Loss: 1.092 | Teacher Test Acc: 69.370 | Student Test Loss: 2.612 | Student Test Acc: 36.870 | Teacher Test F1: 0.694 | Student Test F1: 0.349 | Teacher Top 5 Accuracy: 0.917 | Student Top 5 Accuracy: 0.671 | Time: 2.646 | 
Running student landscape probe...
[LR policy] epoch=26 output=residual_log policy_pred=-0.281618 predicted_lr=0.117194 cosine_blend=0.750 lr_ema=0.000 cosine_after=0 next_student_lr=0.145784
[Train] Epoch: 27 | Teacher lr=0.1545 | Teacher Loss: 1.170 | Teacher Train Acc: 81.100 | Student lr=0.1458 | Student Train Acc: 54.978 | Time: 134.515 |
[Eval] Epoch: 27 | Teacher Test Loss: 1.057 | Teacher Test Acc: 69.810 | Student Test Loss: 2.259 | Student Test Acc: 41.470 | Teacher Test F1: 0.697 | Student Test F1: 0.411 | Teacher Top 5 Accuracy: 0.922 | Student Top 5 Accuracy: 0.738 | Time: 2.506 | 
Running student landscape probe...
[LR policy] epoch=27 output=residual_log policy_pred=-0.260779 predicted_lr=0.095799 cosine_blend=0.750 lr_ema=0.000 cosine_after=0 next_student_lr=0.117205
[Train] Epoch: 28 | Teacher lr=0.1235 | Teacher Loss: 1.097 | Teacher Train Acc: 83.038 | Student lr=0.1172 | Student Train Acc: 57.546 | Time: 137.501 |
[Eval] Epoch: 28 | Teacher Test Loss: 1.028 | Teacher Test Acc: 70.730 | Student Test Loss: 1.890 | Student Test Acc: 48.930 | Teacher Test F1: 0.708 | Student Test F1: 0.483 | Teacher Top 5 Accuracy: 0.925 | Student Top 5 Accuracy: 0.799 | Time: 2.475 | 
Running student landscape probe...
[LR policy] epoch=28 output=residual_log policy_pred=-0.276248 predicted_lr=0.073128 cosine_blend=0.750 lr_ema=0.000 cosine_after=0 next_student_lr=0.090579
[Train] Epoch: 29 | Teacher lr=0.0955 | Teacher Loss: 1.029 | Teacher Train Acc: 84.728 | Student lr=0.0906 | Student Train Acc: 59.932 | Time: 138.255 |
[Eval] Epoch: 29 | Teacher Test Loss: 0.995 | Teacher Test Acc: 71.780 | Student Test Loss: 1.909 | Student Test Acc: 49.750 | Teacher Test F1: 0.718 | Student Test F1: 0.488 | Teacher Top 5 Accuracy: 0.927 | Student Top 5 Accuracy: 0.797 | Time: 2.498 | 
Running student landscape probe...
[LR policy] epoch=29 output=residual_log policy_pred=-0.261156 predicted_lr=0.055224 cosine_blend=0.750 lr_ema=0.000 cosine_after=0 next_student_lr=0.067585
[Train] Epoch: 30 | Teacher lr=0.0708 | Teacher Loss: 0.962 | Teacher Train Acc: 86.508 | Student lr=0.0676 | Student Train Acc: 62.110 | Time: 137.991 |
[Eval] Epoch: 30 | Teacher Test Loss: 0.978 | Teacher Test Acc: 72.420 | Student Test Loss: 1.682 | Student Test Acc: 54.030 | Teacher Test F1: 0.725 | Student Test F1: 0.536 | Teacher Top 5 Accuracy: 0.931 | Student Top 5 Accuracy: 0.833 | Time: 2.276 | 
Running student landscape probe...
[LR policy] epoch=30 output=residual_log policy_pred=-0.258789 predicted_lr=0.038959 cosine_blend=0.750 lr_ema=0.000 cosine_after=0 next_student_lr=0.047589
[Train] Epoch: 31 | Teacher lr=0.0495 | Teacher Loss: 0.898 | Teacher Train Acc: 88.080 | Student lr=0.0476 | Student Train Acc: 64.272 | Time: 137.361 |
[Eval] Epoch: 31 | Teacher Test Loss: 0.944 | Teacher Test Acc: 73.380 | Student Test Loss: 1.615 | Student Test Acc: 55.890 | Teacher Test F1: 0.733 | Student Test F1: 0.555 | Teacher Top 5 Accuracy: 0.933 | Student Top 5 Accuracy: 0.844 | Time: 2.550 | 
Running student landscape probe...
[LR policy] epoch=31 output=residual_log policy_pred=-0.264281 predicted_lr=0.025221 cosine_blend=0.750 lr_ema=0.000 cosine_after=0 next_student_lr=0.030943
[Train] Epoch: 32 | Teacher lr=0.0319 | Teacher Loss: 0.840 | Teacher Train Acc: 89.628 | Student lr=0.0309 | Student Train Acc: 66.192 | Time: 135.411 |
[Eval] Epoch: 32 | Teacher Test Loss: 0.933 | Teacher Test Acc: 73.100 | Student Test Loss: 1.560 | Student Test Acc: 57.050 | Teacher Test F1: 0.731 | Student Test F1: 0.568 | Teacher Top 5 Accuracy: 0.933 | Student Top 5 Accuracy: 0.851 | Time: 2.458 | 
Running student landscape probe...
[LR policy] epoch=32 output=residual_log policy_pred=-0.261895 predicted_lr=0.014623 cosine_blend=0.750 lr_ema=0.000 cosine_after=0 next_student_lr=0.017906
[Train] Epoch: 33 | Teacher lr=0.0180 | Teacher Loss: 0.791 | Teacher Train Acc: 90.638 | Student lr=0.0179 | Student Train Acc: 68.150 | Time: 139.282 |
[Eval] Epoch: 33 | Teacher Test Loss: 0.909 | Teacher Test Acc: 73.710 | Student Test Loss: 1.499 | Student Test Acc: 58.850 | Teacher Test F1: 0.737 | Student Test F1: 0.585 | Teacher Top 5 Accuracy: 0.937 | Student Top 5 Accuracy: 0.861 | Time: 2.318 | 
Running student landscape probe...
[LR policy] epoch=33 output=residual_log policy_pred=-0.263013 predicted_lr=0.006939 cosine_blend=0.750 lr_ema=0.000 cosine_after=0 next_student_lr=0.008505
[Train] Epoch: 34 | Teacher lr=0.0080 | Teacher Loss: 0.756 | Teacher Train Acc: 91.598 | Student lr=0.0085 | Student Train Acc: 69.296 | Time: 138.470 |
[Eval] Epoch: 34 | Teacher Test Loss: 0.906 | Teacher Test Acc: 73.990 | Student Test Loss: 1.450 | Student Test Acc: 59.990 | Teacher Test F1: 0.740 | Student Test F1: 0.597 | Teacher Top 5 Accuracy: 0.937 | Student Top 5 Accuracy: 0.864 | Time: 2.258 | 
Running student landscape probe...
[LR policy] epoch=34 output=residual_log policy_pred=-0.261332 predicted_lr=0.002318 cosine_blend=0.750 lr_ema=0.000 cosine_after=0 next_student_lr=0.002838
[Train] Epoch: 35 | Teacher lr=0.0020 | Teacher Loss: 0.734 | Teacher Train Acc: 91.872 | Student lr=0.0028 | Student Train Acc: 70.646 | Time: 139.393 |
[Eval] Epoch: 35 | Teacher Test Loss: 0.902 | Teacher Test Acc: 74.170 | Student Test Loss: 1.434 | Student Test Acc: 60.340 | Teacher Test F1: 0.741 | Student Test F1: 0.601 | Teacher Top 5 Accuracy: 0.938 | Student Top 5 Accuracy: 0.870 | Time: 2.282 | 
Running student landscape probe...
[LR policy] epoch=35 output=residual_log policy_pred=-0.264795 predicted_lr=0.001000 cosine_blend=0.750 lr_ema=0.000 cosine_after=0 next_student_lr=0.001000
ckpt location: ckpt/robust12h_stars/patchtst_shock20_seed1_35ep.pt
