/home/jovyan/.mlspace/envs/egy_llm/lib/python3.11/site-packages/torchvision/datasets/cifar.py:83: VisibleDeprecationWarning: dtype(): align should be passed as Python or NumPy boolean but got `align=0`. Did you mean to pass a tuple to create a subarray type? (Deprecated NumPy 2.4)
  entry = pickle.load(f, encoding="latin1")
depth_list: [110, 20]
[LR policy] loaded checkpoint=checkpoints/policies_beatcos/patchtst_seed0/policy.pt,checkpoints/policies_beatcos/patchtst_seed2/policy.pt,checkpoints/policies_beatcos/patchtst_seed5/policy.pt,checkpoints/policies_beatcos/patchtst_seed7/policy.pt,checkpoints/policies_beatcos/patchtst_seed4/policy.pt model_type=patchtst input_dim=230 n_models=5
Dataset information: cifar100	 50000 images for training 	 10000 images for testing	
teacher depth: 110
student depth: 20
Total number of teacher parameters: 1,169,972
Total number of student parameters: 278,132
Snapshots will be saved to: snapshots/robust12h_stars/patchtst_shock20_seed4_35ep
==== train and evaluate unequal restart ====
[Eval] Epoch: 0 | Teacher Test Loss: 8723.027 | Teacher Test Acc: 1.000 | Student Test Loss: 5.114 | Student Test Acc: 0.930 | Teacher Test F1: 0.000 | Student Test F1: 0.001 | Teacher Top 5 Accuracy: 0.050 | Student Top 5 Accuracy: 0.051 | Time: 2.487 | 
Running student landscape probe...
[Train] Epoch: 1 | Teacher lr=1.0000 | Teacher Loss: 4.034 | Teacher Train Acc: 9.488 | Student lr=0.0100 | Student Train Acc: 7.098 | Time: 134.830 |
[Eval] Epoch: 1 | Teacher Test Loss: 3.619 | Teacher Test Acc: 14.340 | Student Test Loss: 3.801 | Student Test Acc: 10.950 | Teacher Test F1: 0.109 | Student Test F1: 0.072 | Teacher Top 5 Accuracy: 0.390 | Student Top 5 Accuracy: 0.327 | Time: 2.596 | 
Running student landscape probe...
[LR policy] epoch=1 output=residual_log policy_pred=-0.218805 predicted_lr=0.801863 cosine_blend=0.750 lr_ema=0.000 cosine_after=0 next_student_lr=0.997989
[Train] Epoch: 2 | Teacher lr=0.9980 | Teacher Loss: 3.429 | Teacher Train Acc: 20.570 | Student lr=0.9980 | Student Train Acc: 18.254 | Time: 135.754 |
[Eval] Epoch: 2 | Teacher Test Loss: 3.368 | Teacher Test Acc: 19.110 | Student Test Loss: 3.195 | Student Test Acc: 22.600 | Teacher Test F1: 0.169 | Student Test F1: 0.204 | Teacher Top 5 Accuracy: 0.497 | Student Top 5 Accuracy: 0.525 | Time: 2.610 | 
Running student landscape probe...
[LR policy] epoch=2 output=residual_log policy_pred=-0.206245 predicted_lr=0.807102 cosine_blend=0.750 lr_ema=0.000 cosine_after=0 next_student_lr=0.991973
[Train] Epoch: 3 | Teacher lr=0.9920 | Teacher Loss: 2.864 | Teacher Train Acc: 32.030 | Student lr=0.9920 | Student Train Acc: 39.312 | Time: 134.168 |
[Eval] Epoch: 3 | Teacher Test Loss: 2.617 | Teacher Test Acc: 33.380 | Student Test Loss: 3.115 | Student Test Acc: 27.450 | Teacher Test F1: 0.317 | Student Test F1: 0.254 | Teacher Top 5 Accuracy: 0.668 | Student Top 5 Accuracy: 0.571 | Time: 2.539 | 
Running student landscape probe...
[LR policy] epoch=3 output=residual_log policy_pred=-0.253193 predicted_lr=0.762344 cosine_blend=0.750 lr_ema=0.000 cosine_after=0 next_student_lr=0.981999
[Train] Epoch: 4 | Teacher lr=0.9820 | Teacher Loss: 2.550 | Teacher Train Acc: 39.184 | Student lr=0.9820 | Student Train Acc: 45.978 | Time: 136.641 |
[Eval] Epoch: 4 | Teacher Test Loss: 2.392 | Teacher Test Acc: 36.180 | Student Test Loss: 2.518 | Student Test Acc: 35.270 | Teacher Test F1: 0.351 | Student Test F1: 0.343 | Teacher Top 5 Accuracy: 0.706 | Student Top 5 Accuracy: 0.682 | Time: 2.572 | 
Running student landscape probe...
[LR policy] epoch=4 output=residual_log policy_pred=-0.226193 predicted_lr=0.772161 cosine_blend=0.750 lr_ema=0.000 cosine_after=0 next_student_lr=0.968149
[Train] Epoch: 5 | Teacher lr=0.9681 | Teacher Loss: 2.282 | Teacher Train Acc: 45.432 | Student lr=0.9681 | Student Train Acc: 50.526 | Time: 134.861 |
[Eval] Epoch: 5 | Teacher Test Loss: 2.157 | Teacher Test Acc: 42.990 | Student Test Loss: 3.980 | Student Test Acc: 20.480 | Teacher Test F1: 0.422 | Student Test F1: 0.184 | Teacher Top 5 Accuracy: 0.751 | Student Top 5 Accuracy: 0.459 | Time: 2.715 | 
Running student landscape probe...
[LR policy] epoch=5 output=residual_log policy_pred=-0.253260 predicted_lr=0.737867 cosine_blend=0.750 lr_ema=0.000 cosine_after=0 next_student_lr=0.950534
[Train] Epoch: 6 | Teacher lr=0.9505 | Teacher Loss: 2.161 | Teacher Train Acc: 49.328 | Student lr=0.9505 | Student Train Acc: 50.154 | Time: 134.260 |
[Eval] Epoch: 6 | Teacher Test Loss: 2.296 | Teacher Test Acc: 39.950 | Student Test Loss: 2.293 | Student Test Acc: 39.300 | Teacher Test F1: 0.385 | Student Test F1: 0.386 | Teacher Top 5 Accuracy: 0.728 | Student Top 5 Accuracy: 0.729 | Time: 2.572 | 
Running student landscape probe...
[LR policy] epoch=6 output=residual_log policy_pred=-0.229129 predicted_lr=0.739000 cosine_blend=0.750 lr_ema=0.000 cosine_after=0 next_student_lr=0.929295
[Train] Epoch: 7 | Teacher lr=0.9292 | Teacher Loss: 2.117 | Teacher Train Acc: 50.076 | Student lr=0.9293 | Student Train Acc: 54.608 | Time: 134.216 |
[Eval] Epoch: 7 | Teacher Test Loss: 2.128 | Teacher Test Acc: 43.900 | Student Test Loss: 2.015 | Student Test Acc: 44.650 | Teacher Test F1: 0.438 | Student Test F1: 0.441 | Teacher Top 5 Accuracy: 0.763 | Student Top 5 Accuracy: 0.776 | Time: 2.655 | 
Running student landscape probe...
[LR policy] epoch=7 output=residual_log policy_pred=-0.256834 predicted_lr=0.699708 cosine_blend=0.750 lr_ema=0.000 cosine_after=0 next_student_lr=0.904604
[Train] Epoch: 8 | Teacher lr=0.9045 | Teacher Loss: 1.926 | Teacher Train Acc: 54.294 | Student lr=0.9046 | Student Train Acc: 56.616 | Time: 137.906 |
[Eval] Epoch: 8 | Teacher Test Loss: 2.034 | Teacher Test Acc: 45.940 | Student Test Loss: 2.218 | Student Test Acc: 40.660 | Teacher Test F1: 0.451 | Student Test F1: 0.402 | Teacher Top 5 Accuracy: 0.778 | Student Top 5 Accuracy: 0.741 | Time: 2.587 | 
Running student landscape probe...
[LR policy] epoch=8 output=residual_log policy_pred=-0.225444 predicted_lr=0.699716 cosine_blend=0.750 lr_ema=0.000 cosine_after=0 next_student_lr=0.876659
[Train] Epoch: 9 | Teacher lr=0.8765 | Teacher Loss: 1.853 | Teacher Train Acc: 56.358 | Student lr=0.8767 | Student Train Acc: 57.572 | Time: 136.160 |
[Eval] Epoch: 9 | Teacher Test Loss: 1.766 | Teacher Test Acc: 51.070 | Student Test Loss: 1.926 | Student Test Acc: 47.970 | Teacher Test F1: 0.510 | Student Test F1: 0.476 | Teacher Top 5 Accuracy: 0.823 | Student Top 5 Accuracy: 0.796 | Time: 2.618 | 
Running student landscape probe...
[LR policy] epoch=9 output=residual_log policy_pred=-0.261616 predicted_lr=0.651015 cosine_blend=0.750 lr_ema=0.000 cosine_after=0 next_student_lr=0.845686
[Train] Epoch: 10 | Teacher lr=0.8455 | Teacher Loss: 1.792 | Teacher Train Acc: 57.966 | Student lr=0.8457 | Student Train Acc: 58.802 | Time: 135.935 |
[Eval] Epoch: 10 | Teacher Test Loss: 1.848 | Teacher Test Acc: 49.000 | Student Test Loss: 2.540 | Student Test Acc: 38.490 | Teacher Test F1: 0.479 | Student Test F1: 0.386 | Teacher Top 5 Accuracy: 0.811 | Student Top 5 Accuracy: 0.698 | Time: 2.640 | 
Running student landscape probe...
[LR policy] epoch=10 output=residual_log policy_pred=-0.254867 predicted_lr=0.629264 cosine_blend=0.750 lr_ema=0.000 cosine_after=0 next_student_lr=0.811933
[Train] Epoch: 11 | Teacher lr=0.8117 | Teacher Loss: 1.739 | Teacher Train Acc: 59.446 | Student lr=0.8119 | Student Train Acc: 59.608 | Time: 137.820 |
[Eval] Epoch: 11 | Teacher Test Loss: 1.774 | Teacher Test Acc: 51.020 | Student Test Loss: 1.860 | Student Test Acc: 48.980 | Teacher Test F1: 0.500 | Student Test F1: 0.482 | Teacher Top 5 Accuracy: 0.821 | Student Top 5 Accuracy: 0.805 | Time: 2.626 | 
Running student landscape probe...
[LR policy] epoch=11 output=residual_log policy_pred=-0.260841 predicted_lr=0.597581 cosine_blend=0.750 lr_ema=0.000 cosine_after=0 next_student_lr=0.731150
[Train] Epoch: 12 | Teacher lr=0.7754 | Teacher Loss: 1.688 | Teacher Train Acc: 60.726 | Student lr=0.7312 | Student Train Acc: 60.900 | Time: 136.364 |
[Eval] Epoch: 12 | Teacher Test Loss: 1.694 | Teacher Test Acc: 53.030 | Student Test Loss: 2.029 | Student Test Acc: 46.060 | Teacher Test F1: 0.528 | Student Test F1: 0.458 | Teacher Top 5 Accuracy: 0.836 | Student Top 5 Accuracy: 0.778 | Time: 2.656 | 
Running student landscape probe...
[LR policy] epoch=12 output=residual_log policy_pred=-0.263362 predicted_lr=0.566509 cosine_blend=0.750 lr_ema=0.000 cosine_after=0 next_student_lr=0.694525
[Train] Epoch: 13 | Teacher lr=0.7369 | Teacher Loss: 1.632 | Teacher Train Acc: 62.376 | Student lr=0.6945 | Student Train Acc: 61.444 | Time: 135.388 |
[Eval] Epoch: 13 | Teacher Test Loss: 1.796 | Teacher Test Acc: 50.890 | Student Test Loss: 2.158 | Student Test Acc: 42.130 | Teacher Test F1: 0.510 | Student Test F1: 0.427 | Teacher Top 5 Accuracy: 0.817 | Student Top 5 Accuracy: 0.751 | Time: 2.731 | 
Running student landscape probe...
[LR policy] epoch=13 output=residual_log policy_pred=-0.256790 predicted_lr=0.539009 cosine_blend=0.750 lr_ema=0.000 cosine_after=0 next_student_lr=0.657364
[Train] Epoch: 14 | Teacher lr=0.6965 | Teacher Loss: 1.583 | Teacher Train Acc: 63.406 | Student lr=0.6574 | Student Train Acc: 62.242 | Time: 136.205 |
[Eval] Epoch: 14 | Teacher Test Loss: 1.654 | Teacher Test Acc: 53.050 | Student Test Loss: 1.916 | Student Test Acc: 48.260 | Teacher Test F1: 0.532 | Student Test F1: 0.484 | Teacher Top 5 Accuracy: 0.844 | Student Top 5 Accuracy: 0.800 | Time: 2.627 | 
Running student landscape probe...
[LR policy] epoch=14 output=residual_log policy_pred=-0.264652 predicted_lr=0.502583 cosine_blend=0.750 lr_ema=0.000 cosine_after=0 next_student_lr=0.616786
[Train] Epoch: 15 | Teacher lr=0.6545 | Teacher Loss: 1.532 | Teacher Train Acc: 65.006 | Student lr=0.6168 | Student Train Acc: 63.354 | Time: 136.771 |
[Eval] Epoch: 15 | Teacher Test Loss: 1.570 | Teacher Test Acc: 55.670 | Student Test Loss: 1.885 | Student Test Acc: 49.150 | Teacher Test F1: 0.561 | Student Test F1: 0.493 | Teacher Top 5 Accuracy: 0.844 | Student Top 5 Accuracy: 0.804 | Time: 2.558 | 
Running student landscape probe...
[LR policy] epoch=15 output=residual_log policy_pred=-0.263740 predicted_lr=0.469852 cosine_blend=0.750 lr_ema=0.000 cosine_after=0 next_student_lr=0.576200
[Train] Epoch: 16 | Teacher lr=0.6113 | Teacher Loss: 1.492 | Teacher Train Acc: 65.798 | Student lr=0.5762 | Student Train Acc: 63.562 | Time: 135.215 |
[Eval] Epoch: 16 | Teacher Test Loss: 1.503 | Teacher Test Acc: 57.870 | Student Test Loss: 1.765 | Student Test Acc: 51.230 | Teacher Test F1: 0.581 | Student Test F1: 0.511 | Teacher Top 5 Accuracy: 0.862 | Student Top 5 Accuracy: 0.828 | Time: 2.645 | 
Running student landscape probe...
[LR policy] epoch=16 output=residual_log policy_pred=-0.262563 predicted_lr=0.436490 cosine_blend=0.750 lr_ema=0.000 cosine_after=0 next_student_lr=0.534785
[Train] Epoch: 17 | Teacher lr=0.5671 | Teacher Loss: 1.447 | Teacher Train Acc: 67.178 | Student lr=0.5348 | Student Train Acc: 64.972 | Time: 136.599 |
[Eval] Epoch: 17 | Teacher Test Loss: 1.487 | Teacher Test Acc: 58.250 | Student Test Loss: 1.783 | Student Test Acc: 50.700 | Teacher Test F1: 0.583 | Student Test F1: 0.511 | Teacher Top 5 Accuracy: 0.865 | Student Top 5 Accuracy: 0.820 | Time: 2.632 | 
Running student landscape probe...
[LR policy] epoch=17 output=residual_log policy_pred=-0.262527 predicted_lr=0.402173 cosine_blend=0.750 lr_ema=0.000 cosine_after=0 next_student_lr=0.492726
[Train] Epoch: 18 | Teacher lr=0.5224 | Teacher Loss: 1.399 | Teacher Train Acc: 68.610 | Student lr=0.4927 | Student Train Acc: 65.356 | Time: 134.265 |
[Eval] Epoch: 18 | Teacher Test Loss: 1.343 | Teacher Test Acc: 61.310 | Student Test Loss: 1.855 | Student Test Acc: 50.180 | Teacher Test F1: 0.610 | Student Test F1: 0.506 | Teacher Top 5 Accuracy: 0.883 | Student Top 5 Accuracy: 0.815 | Time: 2.638 | 
Running student landscape probe...
[LR policy] epoch=18 output=residual_log policy_pred=-0.265724 predicted_lr=0.366528 cosine_blend=0.750 lr_ema=0.000 cosine_after=0 next_student_lr=0.450200
[Train] Epoch: 19 | Teacher lr=0.4776 | Teacher Loss: 1.355 | Teacher Train Acc: 69.444 | Student lr=0.4502 | Student Train Acc: 66.398 | Time: 134.992 |
[Eval] Epoch: 19 | Teacher Test Loss: 1.271 | Teacher Test Acc: 63.950 | Student Test Loss: 1.655 | Student Test Acc: 54.470 | Teacher Test F1: 0.640 | Student Test F1: 0.542 | Teacher Top 5 Accuracy: 0.893 | Student Top 5 Accuracy: 0.839 | Time: 2.690 | 
Running student landscape probe...
[LR policy] epoch=19 output=residual_log policy_pred=-0.263467 predicted_lr=0.333056 cosine_blend=0.750 lr_ema=0.000 cosine_after=0 next_student_lr=0.408352
[shock] epoch=20 forcing student_lr=2.000000 (window=20..21)
[Train] Epoch: 20 | Teacher lr=0.4329 | Teacher Loss: 2.029 | Teacher Train Acc: 70.400 | Student lr=2.0000 | Student Train Acc: 9.866 | Time: 137.051 |
[Eval] Epoch: 20 | Teacher Test Loss: 1.423 | Teacher Test Acc: 63.380 | Student Test Loss: 5.423 | Student Test Acc: 4.820 | Teacher Test F1: 0.634 | Student Test F1: 0.032 | Teacher Top 5 Accuracy: 0.892 | Student Top 5 Accuracy: 0.181 | Time: 2.557 | 
Running student landscape probe...
[LR policy] epoch=20 output=residual_log policy_pred=-0.261018 predicted_lr=0.299904 cosine_blend=0.750 lr_ema=0.000 cosine_after=0 next_student_lr=0.366989
[shock] epoch=21 forcing student_lr=2.000000 (window=20..21)
[Train] Epoch: 21 | Teacher lr=0.3887 | Teacher Loss: 1.796 | Teacher Train Acc: 72.012 | Student lr=2.0000 | Student Train Acc: 23.844 | Time: 136.378 |
[Eval] Epoch: 21 | Teacher Test Loss: 1.326 | Teacher Test Acc: 64.810 | Student Test Loss: 4.115 | Student Test Acc: 14.960 | Teacher Test F1: 0.645 | Student Test F1: 0.123 | Teacher Top 5 Accuracy: 0.893 | Student Top 5 Accuracy: 0.420 | Time: 2.574 | 
Running student landscape probe...
[LR policy] epoch=21 output=residual_log policy_pred=-0.282376 predicted_lr=0.260991 cosine_blend=0.750 lr_ema=0.000 cosine_after=0 next_student_lr=0.324857
[Train] Epoch: 22 | Teacher lr=0.3455 | Teacher Loss: 1.534 | Teacher Train Acc: 73.016 | Student lr=0.3249 | Student Train Acc: 40.378 | Time: 135.592 |
[Eval] Epoch: 22 | Teacher Test Loss: 1.273 | Teacher Test Acc: 64.930 | Student Test Loss: 2.360 | Student Test Acc: 37.630 | Teacher Test F1: 0.647 | Student Test F1: 0.362 | Teacher Top 5 Accuracy: 0.900 | Student Top 5 Accuracy: 0.716 | Time: 2.580 | 
Running student landscape probe...
[LR policy] epoch=22 output=residual_log policy_pred=-0.276824 predicted_lr=0.230629 cosine_blend=0.750 lr_ema=0.000 cosine_after=0 next_student_lr=0.285795
[Train] Epoch: 23 | Teacher lr=0.3035 | Teacher Loss: 1.435 | Teacher Train Acc: 74.634 | Student lr=0.2858 | Student Train Acc: 45.542 | Time: 137.852 |
[Eval] Epoch: 23 | Teacher Test Loss: 1.203 | Teacher Test Acc: 66.280 | Student Test Loss: 2.200 | Student Test Acc: 42.280 | Teacher Test F1: 0.661 | Student Test F1: 0.407 | Teacher Top 5 Accuracy: 0.909 | Student Top 5 Accuracy: 0.739 | Time: 2.367 | 
Running student landscape probe...
[LR policy] epoch=23 output=residual_log policy_pred=-0.265606 predicted_lr=0.202268 cosine_blend=0.750 lr_ema=0.000 cosine_after=0 next_student_lr=0.248419
[Train] Epoch: 24 | Teacher lr=0.2631 | Teacher Loss: 1.348 | Teacher Train Acc: 75.912 | Student lr=0.2484 | Student Train Acc: 49.898 | Time: 135.543 |
[Eval] Epoch: 24 | Teacher Test Loss: 1.192 | Teacher Test Acc: 66.590 | Student Test Loss: 2.445 | Student Test Acc: 39.510 | Teacher Test F1: 0.664 | Student Test F1: 0.381 | Teacher Top 5 Accuracy: 0.907 | Student Top 5 Accuracy: 0.705 | Time: 2.358 | 
Running student landscape probe...
[LR policy] epoch=24 output=residual_log policy_pred=-0.273043 predicted_lr=0.171487 cosine_blend=0.750 lr_ema=0.000 cosine_after=0 next_student_lr=0.211867
[Train] Epoch: 25 | Teacher lr=0.2246 | Teacher Loss: 1.271 | Teacher Train Acc: 77.602 | Student lr=0.2119 | Student Train Acc: 53.376 | Time: 133.850 |
[Eval] Epoch: 25 | Teacher Test Loss: 1.160 | Teacher Test Acc: 67.200 | Student Test Loss: 2.372 | Student Test Acc: 41.160 | Teacher Test F1: 0.670 | Student Test F1: 0.404 | Teacher Top 5 Accuracy: 0.910 | Student Top 5 Accuracy: 0.724 | Time: 2.346 | 
Running student landscape probe...
[LR policy] epoch=25 output=residual_log policy_pred=-0.262646 predicted_lr=0.145395 cosine_blend=0.750 lr_ema=0.000 cosine_after=0 next_student_lr=0.178149
[Train] Epoch: 26 | Teacher lr=0.1883 | Teacher Loss: 1.197 | Teacher Train Acc: 79.202 | Student lr=0.1781 | Student Train Acc: 56.072 | Time: 136.998 |
[Eval] Epoch: 26 | Teacher Test Loss: 1.106 | Teacher Test Acc: 68.980 | Student Test Loss: 1.907 | Student Test Acc: 48.120 | Teacher Test F1: 0.687 | Student Test F1: 0.475 | Teacher Top 5 Accuracy: 0.915 | Student Top 5 Accuracy: 0.795 | Time: 2.463 | 
Running student landscape probe...
[LR policy] epoch=26 output=residual_log policy_pred=-0.266904 predicted_lr=0.118931 cosine_blend=0.750 lr_ema=0.000 cosine_after=0 next_student_lr=0.146218
[Train] Epoch: 27 | Teacher lr=0.1545 | Teacher Loss: 1.126 | Teacher Train Acc: 81.056 | Student lr=0.1462 | Student Train Acc: 58.660 | Time: 137.411 |
[Eval] Epoch: 27 | Teacher Test Loss: 1.052 | Teacher Test Acc: 70.770 | Student Test Loss: 1.747 | Student Test Acc: 52.520 | Teacher Test F1: 0.707 | Student Test F1: 0.520 | Teacher Top 5 Accuracy: 0.922 | Student Top 5 Accuracy: 0.825 | Time: 2.421 | 
Running student landscape probe...
[LR policy] epoch=27 output=residual_log policy_pred=-0.258903 predicted_lr=0.095978 cosine_blend=0.750 lr_ema=0.000 cosine_after=0 next_student_lr=0.117250
[Train] Epoch: 28 | Teacher lr=0.1235 | Teacher Loss: 1.062 | Teacher Train Acc: 82.706 | Student lr=0.1173 | Student Train Acc: 60.380 | Time: 134.047 |
[Eval] Epoch: 28 | Teacher Test Loss: 0.995 | Teacher Test Acc: 71.620 | Student Test Loss: 1.783 | Student Test Acc: 51.270 | Teacher Test F1: 0.714 | Student Test F1: 0.508 | Teacher Top 5 Accuracy: 0.928 | Student Top 5 Accuracy: 0.814 | Time: 2.447 | 
Running student landscape probe...
[LR policy] epoch=28 output=residual_log policy_pred=-0.263873 predicted_lr=0.074039 cosine_blend=0.750 lr_ema=0.000 cosine_after=0 next_student_lr=0.090807
[Train] Epoch: 29 | Teacher lr=0.0955 | Teacher Loss: 0.996 | Teacher Train Acc: 84.564 | Student lr=0.0908 | Student Train Acc: 62.360 | Time: 139.023 |
[Eval] Epoch: 29 | Teacher Test Loss: 0.961 | Teacher Test Acc: 72.060 | Student Test Loss: 1.689 | Student Test Acc: 54.050 | Teacher Test F1: 0.721 | Student Test F1: 0.541 | Teacher Top 5 Accuracy: 0.932 | Student Top 5 Accuracy: 0.834 | Time: 2.444 | 
Running student landscape probe...
[LR policy] epoch=29 output=residual_log policy_pred=-0.255844 predicted_lr=0.055518 cosine_blend=0.750 lr_ema=0.000 cosine_after=0 next_student_lr=0.067658
[Train] Epoch: 30 | Teacher lr=0.0708 | Teacher Loss: 0.928 | Teacher Train Acc: 86.480 | Student lr=0.0677 | Student Train Acc: 64.570 | Time: 134.763 |
[Eval] Epoch: 30 | Teacher Test Loss: 0.963 | Teacher Test Acc: 72.630 | Student Test Loss: 1.679 | Student Test Acc: 54.590 | Teacher Test F1: 0.726 | Student Test F1: 0.544 | Teacher Top 5 Accuracy: 0.930 | Student Top 5 Accuracy: 0.839 | Time: 2.600 | 
Running student landscape probe...
[LR policy] epoch=30 output=residual_log policy_pred=-0.259020 predicted_lr=0.038950 cosine_blend=0.750 lr_ema=0.000 cosine_after=0 next_student_lr=0.047587
[Train] Epoch: 31 | Teacher lr=0.0495 | Teacher Loss: 0.866 | Teacher Train Acc: 88.152 | Student lr=0.0476 | Student Train Acc: 66.532 | Time: 138.620 |
[Eval] Epoch: 31 | Teacher Test Loss: 0.933 | Teacher Test Acc: 73.230 | Student Test Loss: 1.558 | Student Test Acc: 57.170 | Teacher Test F1: 0.733 | Student Test F1: 0.571 | Teacher Top 5 Accuracy: 0.936 | Student Top 5 Accuracy: 0.853 | Time: 2.519 | 
Running student landscape probe...
[LR policy] epoch=31 output=residual_log policy_pred=-0.259156 predicted_lr=0.025351 cosine_blend=0.750 lr_ema=0.000 cosine_after=0 next_student_lr=0.030976
[Train] Epoch: 32 | Teacher lr=0.0319 | Teacher Loss: 0.812 | Teacher Train Acc: 89.818 | Student lr=0.0310 | Student Train Acc: 68.218 | Time: 137.670 |
[Eval] Epoch: 32 | Teacher Test Loss: 0.909 | Teacher Test Acc: 73.730 | Student Test Loss: 1.468 | Student Test Acc: 58.980 | Teacher Test F1: 0.737 | Student Test F1: 0.589 | Teacher Top 5 Accuracy: 0.936 | Student Top 5 Accuracy: 0.866 | Time: 2.585 | 
Running student landscape probe...
[LR policy] epoch=32 output=residual_log policy_pred=-0.258525 predicted_lr=0.014672 cosine_blend=0.750 lr_ema=0.000 cosine_after=0 next_student_lr=0.017918
[Train] Epoch: 33 | Teacher lr=0.0180 | Teacher Loss: 0.769 | Teacher Train Acc: 90.652 | Student lr=0.0179 | Student Train Acc: 69.728 | Time: 135.774 |
[Eval] Epoch: 33 | Teacher Test Loss: 0.894 | Teacher Test Acc: 74.210 | Student Test Loss: 1.453 | Student Test Acc: 59.750 | Teacher Test F1: 0.742 | Student Test F1: 0.598 | Teacher Top 5 Accuracy: 0.936 | Student Top 5 Accuracy: 0.867 | Time: 2.439 | 
Running student landscape probe...
[LR policy] epoch=33 output=residual_log policy_pred=-0.258562 predicted_lr=0.006970 cosine_blend=0.750 lr_ema=0.000 cosine_after=0 next_student_lr=0.008513
[Train] Epoch: 34 | Teacher lr=0.0080 | Teacher Loss: 0.734 | Teacher Train Acc: 91.544 | Student lr=0.0085 | Student Train Acc: 70.870 | Time: 138.053 |
[Eval] Epoch: 34 | Teacher Test Loss: 0.884 | Teacher Test Acc: 74.410 | Student Test Loss: 1.399 | Student Test Acc: 61.260 | Teacher Test F1: 0.744 | Student Test F1: 0.612 | Teacher Top 5 Accuracy: 0.939 | Student Top 5 Accuracy: 0.875 | Time: 2.447 | 
Running student landscape probe...
[LR policy] epoch=34 output=residual_log policy_pred=-0.261569 predicted_lr=0.002318 cosine_blend=0.750 lr_ema=0.000 cosine_after=0 next_student_lr=0.002838
[Train] Epoch: 35 | Teacher lr=0.0020 | Teacher Loss: 0.714 | Teacher Train Acc: 91.880 | Student lr=0.0028 | Student Train Acc: 71.528 | Time: 136.007 |
[Eval] Epoch: 35 | Teacher Test Loss: 0.884 | Teacher Test Acc: 74.600 | Student Test Loss: 1.389 | Student Test Acc: 61.390 | Teacher Test F1: 0.746 | Student Test F1: 0.613 | Teacher Top 5 Accuracy: 0.940 | Student Top 5 Accuracy: 0.876 | Time: 2.442 | 
Running student landscape probe...
[LR policy] epoch=35 output=residual_log policy_pred=-0.264435 predicted_lr=0.001000 cosine_blend=0.750 lr_ema=0.000 cosine_after=0 next_student_lr=0.001000
ckpt location: ckpt/robust12h_stars/patchtst_shock20_seed4_35ep.pt
