/home/jovyan/.mlspace/envs/egy_llm/lib/python3.11/site-packages/torchvision/datasets/cifar.py:83: VisibleDeprecationWarning: dtype(): align should be passed as Python or NumPy boolean but got `align=0`. Did you mean to pass a tuple to create a subarray type? (Deprecated NumPy 2.4)
  entry = pickle.load(f, encoding="latin1")
depth_list: [110, 20]
[LR policy] loaded checkpoint=checkpoints/policies_beatcos/patchtst_seed0/policy.pt,checkpoints/policies_beatcos/patchtst_seed2/policy.pt,checkpoints/policies_beatcos/patchtst_seed5/policy.pt,checkpoints/policies_beatcos/patchtst_seed7/policy.pt,checkpoints/policies_beatcos/patchtst_seed4/policy.pt model_type=patchtst input_dim=230 n_models=5
Dataset information: cifar100	 50000 images for training 	 10000 images for testing	
teacher depth: 110
student depth: 20
Total number of teacher parameters: 1,169,972
Total number of student parameters: 278,132
Snapshots will be saved to: snapshots/robust12h_stars/patchtst_shock10_seed1_35ep
==== train and evaluate unequal restart ====
[Eval] Epoch: 0 | Teacher Test Loss: 12407.062 | Teacher Test Acc: 0.990 | Student Test Loss: 7.984 | Student Test Acc: 1.020 | Teacher Test F1: 0.000 | Student Test F1: 0.000 | Teacher Top 5 Accuracy: 0.050 | Student Top 5 Accuracy: 0.046 | Time: 2.513 | 
Running student landscape probe...
[Train] Epoch: 1 | Teacher lr=1.0000 | Teacher Loss: 4.014 | Teacher Train Acc: 9.830 | Student lr=0.0100 | Student Train Acc: 6.950 | Time: 135.183 |
[Eval] Epoch: 1 | Teacher Test Loss: 3.571 | Teacher Test Acc: 14.120 | Student Test Loss: 3.815 | Student Test Acc: 11.030 | Teacher Test F1: 0.114 | Student Test F1: 0.073 | Teacher Top 5 Accuracy: 0.399 | Student Top 5 Accuracy: 0.315 | Time: 2.616 | 
Running student landscape probe...
[LR policy] epoch=1 output=residual_log policy_pred=-0.255142 predicted_lr=0.773249 cosine_blend=0.750 lr_ema=0.000 cosine_after=0 next_student_lr=0.997989
[Train] Epoch: 2 | Teacher lr=0.9980 | Teacher Loss: 3.371 | Teacher Train Acc: 21.756 | Student lr=0.9980 | Student Train Acc: 20.728 | Time: 137.389 |
[Eval] Epoch: 2 | Teacher Test Loss: 3.022 | Teacher Test Acc: 24.090 | Student Test Loss: 3.056 | Student Test Acc: 24.630 | Teacher Test F1: 0.215 | Student Test F1: 0.231 | Teacher Top 5 Accuracy: 0.557 | Student Top 5 Accuracy: 0.564 | Time: 2.641 | 
Running student landscape probe...
[LR policy] epoch=2 output=residual_log policy_pred=-0.245470 predicted_lr=0.776056 cosine_blend=0.750 lr_ema=0.000 cosine_after=0 next_student_lr=0.991973
[Train] Epoch: 3 | Teacher lr=0.9920 | Teacher Loss: 2.816 | Teacher Train Acc: 32.934 | Student lr=0.9920 | Student Train Acc: 41.242 | Time: 137.444 |
[Eval] Epoch: 3 | Teacher Test Loss: 2.552 | Teacher Test Acc: 33.190 | Student Test Loss: 2.723 | Student Test Acc: 31.910 | Teacher Test F1: 0.317 | Student Test F1: 0.312 | Teacher Top 5 Accuracy: 0.665 | Student Top 5 Accuracy: 0.646 | Time: 2.527 | 
Running student landscape probe...
[LR policy] epoch=3 output=residual_log policy_pred=-0.263757 predicted_lr=0.754333 cosine_blend=0.750 lr_ema=0.000 cosine_after=0 next_student_lr=0.981999
[Train] Epoch: 4 | Teacher lr=0.9820 | Teacher Loss: 2.430 | Teacher Train Acc: 41.508 | Student lr=0.9820 | Student Train Acc: 48.654 | Time: 136.426 |
[Eval] Epoch: 4 | Teacher Test Loss: 2.503 | Teacher Test Acc: 33.730 | Student Test Loss: 2.747 | Student Test Acc: 32.540 | Teacher Test F1: 0.326 | Student Test F1: 0.319 | Teacher Top 5 Accuracy: 0.673 | Student Top 5 Accuracy: 0.668 | Time: 2.726 | 
Running student landscape probe...
[LR policy] epoch=4 output=residual_log policy_pred=-0.233430 predicted_lr=0.766593 cosine_blend=0.750 lr_ema=0.000 cosine_after=0 next_student_lr=0.968149
[Train] Epoch: 5 | Teacher lr=0.9681 | Teacher Loss: 2.236 | Teacher Train Acc: 46.664 | Student lr=0.9681 | Student Train Acc: 52.220 | Time: 137.698 |
[Eval] Epoch: 5 | Teacher Test Loss: 2.180 | Teacher Test Acc: 41.650 | Student Test Loss: 2.551 | Student Test Acc: 35.320 | Teacher Test F1: 0.404 | Student Test F1: 0.345 | Teacher Top 5 Accuracy: 0.754 | Student Top 5 Accuracy: 0.669 | Time: 2.667 | 
Running student landscape probe...
[LR policy] epoch=5 output=residual_log policy_pred=-0.257666 predicted_lr=0.734623 cosine_blend=0.750 lr_ema=0.000 cosine_after=0 next_student_lr=0.950534
[Train] Epoch: 6 | Teacher lr=0.9505 | Teacher Loss: 2.106 | Teacher Train Acc: 49.848 | Student lr=0.9505 | Student Train Acc: 54.330 | Time: 135.479 |
[Eval] Epoch: 6 | Teacher Test Loss: 2.135 | Teacher Test Acc: 43.420 | Student Test Loss: 2.637 | Student Test Acc: 36.050 | Teacher Test F1: 0.429 | Student Test F1: 0.341 | Teacher Top 5 Accuracy: 0.759 | Student Top 5 Accuracy: 0.671 | Time: 2.630 | 
Running student landscape probe...
[LR policy] epoch=6 output=residual_log policy_pred=-0.237423 predicted_lr=0.732896 cosine_blend=0.750 lr_ema=0.000 cosine_after=0 next_student_lr=0.929295
[Train] Epoch: 7 | Teacher lr=0.9292 | Teacher Loss: 1.988 | Teacher Train Acc: 52.584 | Student lr=0.9293 | Student Train Acc: 56.060 | Time: 137.510 |
[Eval] Epoch: 7 | Teacher Test Loss: 2.021 | Teacher Test Acc: 45.390 | Student Test Loss: 2.373 | Student Test Acc: 39.470 | Teacher Test F1: 0.441 | Student Test F1: 0.380 | Teacher Top 5 Accuracy: 0.776 | Student Top 5 Accuracy: 0.708 | Time: 2.624 | 
Running student landscape probe...
[LR policy] epoch=7 output=residual_log policy_pred=-0.262078 predicted_lr=0.696048 cosine_blend=0.750 lr_ema=0.000 cosine_after=0 next_student_lr=0.904604
[Train] Epoch: 8 | Teacher lr=0.9045 | Teacher Loss: 1.904 | Teacher Train Acc: 55.012 | Student lr=0.9046 | Student Train Acc: 57.220 | Time: 134.126 |
[Eval] Epoch: 8 | Teacher Test Loss: 2.063 | Teacher Test Acc: 45.880 | Student Test Loss: 2.323 | Student Test Acc: 42.300 | Teacher Test F1: 0.451 | Student Test F1: 0.424 | Teacher Top 5 Accuracy: 0.767 | Student Top 5 Accuracy: 0.743 | Time: 2.610 | 
Running student landscape probe...
[LR policy] epoch=8 output=residual_log policy_pred=-0.235900 predicted_lr=0.692438 cosine_blend=0.750 lr_ema=0.000 cosine_after=0 next_student_lr=0.876659
[Train] Epoch: 9 | Teacher lr=0.8765 | Teacher Loss: 1.833 | Teacher Train Acc: 56.958 | Student lr=0.8767 | Student Train Acc: 58.588 | Time: 136.965 |
[Eval] Epoch: 9 | Teacher Test Loss: 1.998 | Teacher Test Acc: 46.000 | Student Test Loss: 3.621 | Student Test Acc: 24.530 | Teacher Test F1: 0.458 | Student Test F1: 0.229 | Teacher Top 5 Accuracy: 0.784 | Student Top 5 Accuracy: 0.507 | Time: 2.579 | 
Running student landscape probe...
[LR policy] epoch=9 output=residual_log policy_pred=-0.267376 predicted_lr=0.647275 cosine_blend=0.750 lr_ema=0.000 cosine_after=0 next_student_lr=0.845686
[Train] Epoch: 10 | Teacher lr=0.8455 | Teacher Loss: 1.761 | Teacher Train Acc: 58.736 | Student lr=0.8457 | Student Train Acc: 59.428 | Time: 135.728 |
[Eval] Epoch: 10 | Teacher Test Loss: 1.719 | Teacher Test Acc: 51.250 | Student Test Loss: 2.203 | Student Test Acc: 42.550 | Teacher Test F1: 0.509 | Student Test F1: 0.413 | Teacher Top 5 Accuracy: 0.838 | Student Top 5 Accuracy: 0.739 | Time: 2.741 | 
Running student landscape probe...
[LR policy] epoch=10 output=residual_log policy_pred=-0.264816 predicted_lr=0.623035 cosine_blend=0.750 lr_ema=0.000 cosine_after=0 next_student_lr=0.811933
[Train] Epoch: 11 | Teacher lr=0.8117 | Teacher Loss: 1.716 | Teacher Train Acc: 60.336 | Student lr=0.8119 | Student Train Acc: 60.282 | Time: 136.556 |
[Eval] Epoch: 11 | Teacher Test Loss: 1.978 | Teacher Test Acc: 47.750 | Student Test Loss: 2.561 | Student Test Acc: 34.740 | Teacher Test F1: 0.479 | Student Test F1: 0.342 | Teacher Top 5 Accuracy: 0.802 | Student Top 5 Accuracy: 0.689 | Time: 2.709 | 
Running student landscape probe...
[LR policy] epoch=11 output=residual_log policy_pred=-0.267278 predicted_lr=0.593747 cosine_blend=0.750 lr_ema=0.000 cosine_after=0 next_student_lr=0.730192
[Train] Epoch: 12 | Teacher lr=0.7754 | Teacher Loss: 1.661 | Teacher Train Acc: 61.300 | Student lr=0.7302 | Student Train Acc: 61.626 | Time: 136.837 |
[Eval] Epoch: 12 | Teacher Test Loss: 1.665 | Teacher Test Acc: 54.250 | Student Test Loss: 1.916 | Student Test Acc: 48.200 | Teacher Test F1: 0.538 | Student Test F1: 0.477 | Teacher Top 5 Accuracy: 0.848 | Student Top 5 Accuracy: 0.801 | Time: 2.691 | 
Running student landscape probe...
[LR policy] epoch=12 output=residual_log policy_pred=-0.258261 predicted_lr=0.569407 cosine_blend=0.750 lr_ema=0.000 cosine_after=0 next_student_lr=0.695250
[Train] Epoch: 13 | Teacher lr=0.7369 | Teacher Loss: 1.613 | Teacher Train Acc: 62.546 | Student lr=0.6952 | Student Train Acc: 62.476 | Time: 135.024 |
[Eval] Epoch: 13 | Teacher Test Loss: 1.616 | Teacher Test Acc: 54.930 | Student Test Loss: 2.705 | Student Test Acc: 35.990 | Teacher Test F1: 0.539 | Student Test F1: 0.356 | Teacher Top 5 Accuracy: 0.847 | Student Top 5 Accuracy: 0.666 | Time: 2.634 | 
Running student landscape probe...
[LR policy] epoch=13 output=residual_log policy_pred=-0.266925 predicted_lr=0.533573 cosine_blend=0.750 lr_ema=0.000 cosine_after=0 next_student_lr=0.656005
[Train] Epoch: 14 | Teacher lr=0.6965 | Teacher Loss: 1.574 | Teacher Train Acc: 63.714 | Student lr=0.6560 | Student Train Acc: 62.932 | Time: 133.857 |
[Eval] Epoch: 14 | Teacher Test Loss: 1.549 | Teacher Test Acc: 56.410 | Student Test Loss: 2.328 | Student Test Acc: 40.670 | Teacher Test F1: 0.564 | Student Test F1: 0.400 | Teacher Top 5 Accuracy: 0.853 | Student Top 5 Accuracy: 0.738 | Time: 2.609 | 
Running student landscape probe...
[LR policy] epoch=14 output=residual_log policy_pred=-0.259966 predicted_lr=0.504944 cosine_blend=0.750 lr_ema=0.000 cosine_after=0 next_student_lr=0.617376
[Train] Epoch: 15 | Teacher lr=0.6545 | Teacher Loss: 1.517 | Teacher Train Acc: 65.276 | Student lr=0.6174 | Student Train Acc: 63.832 | Time: 135.880 |
[Eval] Epoch: 15 | Teacher Test Loss: 1.637 | Teacher Test Acc: 54.710 | Student Test Loss: 2.519 | Student Test Acc: 38.990 | Teacher Test F1: 0.549 | Student Test F1: 0.394 | Teacher Top 5 Accuracy: 0.840 | Student Top 5 Accuracy: 0.703 | Time: 2.574 | 
Running student landscape probe...
[LR policy] epoch=15 output=residual_log policy_pred=-0.267530 predicted_lr=0.468075 cosine_blend=0.750 lr_ema=0.000 cosine_after=0 next_student_lr=0.575756
[Train] Epoch: 16 | Teacher lr=0.6113 | Teacher Loss: 1.469 | Teacher Train Acc: 66.552 | Student lr=0.5758 | Student Train Acc: 64.732 | Time: 136.403 |
[Eval] Epoch: 16 | Teacher Test Loss: 1.529 | Teacher Test Acc: 56.660 | Student Test Loss: 1.822 | Student Test Acc: 49.770 | Teacher Test F1: 0.569 | Student Test F1: 0.501 | Teacher Top 5 Accuracy: 0.856 | Student Top 5 Accuracy: 0.815 | Time: 2.692 | 
Running student landscape probe...
[LR policy] epoch=16 output=residual_log policy_pred=-0.260332 predicted_lr=0.437465 cosine_blend=0.750 lr_ema=0.000 cosine_after=0 next_student_lr=0.535028
[Train] Epoch: 17 | Teacher lr=0.5671 | Teacher Loss: 1.432 | Teacher Train Acc: 67.694 | Student lr=0.5350 | Student Train Acc: 65.680 | Time: 137.136 |
[Eval] Epoch: 17 | Teacher Test Loss: 1.427 | Teacher Test Acc: 58.850 | Student Test Loss: 1.778 | Student Test Acc: 50.730 | Teacher Test F1: 0.588 | Student Test F1: 0.504 | Teacher Top 5 Accuracy: 0.872 | Student Top 5 Accuracy: 0.816 | Time: 2.619 | 
Running student landscape probe...
[LR policy] epoch=17 output=residual_log policy_pred=-0.262830 predicted_lr=0.402051 cosine_blend=0.750 lr_ema=0.000 cosine_after=0 next_student_lr=0.492695
[Train] Epoch: 18 | Teacher lr=0.5224 | Teacher Loss: 1.382 | Teacher Train Acc: 68.868 | Student lr=0.4927 | Student Train Acc: 66.820 | Time: 137.406 |
[Eval] Epoch: 18 | Teacher Test Loss: 1.351 | Teacher Test Acc: 61.640 | Student Test Loss: 2.055 | Student Test Acc: 48.010 | Teacher Test F1: 0.615 | Student Test F1: 0.480 | Teacher Top 5 Accuracy: 0.878 | Student Top 5 Accuracy: 0.767 | Time: 2.571 | 
Running student landscape probe...
[LR policy] epoch=18 output=residual_log policy_pred=-0.264877 predicted_lr=0.366839 cosine_blend=0.750 lr_ema=0.000 cosine_after=0 next_student_lr=0.450277
[Train] Epoch: 19 | Teacher lr=0.4776 | Teacher Loss: 1.332 | Teacher Train Acc: 70.152 | Student lr=0.4503 | Student Train Acc: 67.514 | Time: 137.894 |
[Eval] Epoch: 19 | Teacher Test Loss: 1.329 | Teacher Test Acc: 62.080 | Student Test Loss: 2.011 | Student Test Acc: 47.990 | Teacher Test F1: 0.621 | Student Test F1: 0.477 | Teacher Top 5 Accuracy: 0.891 | Student Top 5 Accuracy: 0.778 | Time: 2.561 | 
Running student landscape probe...
[LR policy] epoch=19 output=residual_log policy_pred=-0.264717 predicted_lr=0.332640 cosine_blend=0.750 lr_ema=0.000 cosine_after=0 next_student_lr=0.408248
[shock] epoch=20 forcing student_lr=1.000000 (window=20..21)
[Train] Epoch: 20 | Teacher lr=0.4329 | Teacher Loss: 1.474 | Teacher Train Acc: 71.504 | Student lr=1.0000 | Student Train Acc: 54.124 | Time: 137.924 |
[Eval] Epoch: 20 | Teacher Test Loss: 1.240 | Teacher Test Acc: 64.590 | Student Test Loss: 2.602 | Student Test Acc: 37.780 | Teacher Test F1: 0.641 | Student Test F1: 0.366 | Teacher Top 5 Accuracy: 0.901 | Student Top 5 Accuracy: 0.697 | Time: 2.619 | 
Running student landscape probe...
[LR policy] epoch=20 output=residual_log policy_pred=-0.261382 predicted_lr=0.299795 cosine_blend=0.750 lr_ema=0.000 cosine_after=0 next_student_lr=0.366962
[shock] epoch=21 forcing student_lr=1.000000 (window=20..21)
[Train] Epoch: 21 | Teacher lr=0.3887 | Teacher Loss: 1.327 | Teacher Train Acc: 73.516 | Student lr=1.0000 | Student Train Acc: 59.896 | Time: 135.330 |
[Eval] Epoch: 21 | Teacher Test Loss: 1.213 | Teacher Test Acc: 64.750 | Student Test Loss: 2.575 | Student Test Acc: 37.290 | Teacher Test F1: 0.648 | Student Test F1: 0.366 | Teacher Top 5 Accuracy: 0.901 | Student Top 5 Accuracy: 0.682 | Time: 2.636 | 
Running student landscape probe...
[LR policy] epoch=21 output=residual_log policy_pred=-0.265649 predicted_lr=0.265393 cosine_blend=0.750 lr_ema=0.000 cosine_after=0 next_student_lr=0.325958
[Train] Epoch: 22 | Teacher lr=0.3455 | Teacher Loss: 1.171 | Teacher Train Acc: 74.006 | Student lr=0.3260 | Student Train Acc: 68.490 | Time: 137.048 |
[Eval] Epoch: 22 | Teacher Test Loss: 1.237 | Teacher Test Acc: 64.700 | Student Test Loss: 1.597 | Student Test Acc: 56.260 | Teacher Test F1: 0.646 | Student Test F1: 0.562 | Teacher Top 5 Accuracy: 0.900 | Student Top 5 Accuracy: 0.844 | Time: 2.747 | 
Running student landscape probe...
[LR policy] epoch=22 output=residual_log policy_pred=-0.263572 predicted_lr=0.233705 cosine_blend=0.750 lr_ema=0.000 cosine_after=0 next_student_lr=0.286564
[Train] Epoch: 23 | Teacher lr=0.3035 | Teacher Loss: 1.131 | Teacher Train Acc: 75.306 | Student lr=0.2866 | Student Train Acc: 70.368 | Time: 136.558 |
[Eval] Epoch: 23 | Teacher Test Loss: 1.164 | Teacher Test Acc: 66.200 | Student Test Loss: 1.551 | Student Test Acc: 57.860 | Teacher Test F1: 0.664 | Student Test F1: 0.574 | Teacher Top 5 Accuracy: 0.908 | Student Top 5 Accuracy: 0.854 | Time: 2.607 | 
Running student landscape probe...
[LR policy] epoch=23 output=residual_log policy_pred=-0.265596 predicted_lr=0.202270 cosine_blend=0.750 lr_ema=0.000 cosine_after=0 next_student_lr=0.248420
[Train] Epoch: 24 | Teacher lr=0.2631 | Teacher Loss: 1.080 | Teacher Train Acc: 77.010 | Student lr=0.2484 | Student Train Acc: 71.370 | Time: 134.731 |
[Eval] Epoch: 24 | Teacher Test Loss: 1.109 | Teacher Test Acc: 67.970 | Student Test Loss: 1.512 | Student Test Acc: 58.880 | Teacher Test F1: 0.679 | Student Test F1: 0.583 | Teacher Top 5 Accuracy: 0.914 | Student Top 5 Accuracy: 0.858 | Time: 2.713 | 
Running student landscape probe...
[LR policy] epoch=24 output=residual_log policy_pred=-0.256310 predicted_lr=0.174381 cosine_blend=0.750 lr_ema=0.000 cosine_after=0 next_student_lr=0.212590
[Train] Epoch: 25 | Teacher lr=0.2246 | Teacher Loss: 1.024 | Teacher Train Acc: 78.696 | Student lr=0.2126 | Student Train Acc: 72.346 | Time: 135.787 |
[Eval] Epoch: 25 | Teacher Test Loss: 1.064 | Teacher Test Acc: 68.820 | Student Test Loss: 1.512 | Student Test Acc: 58.270 | Teacher Test F1: 0.687 | Student Test F1: 0.585 | Teacher Top 5 Accuracy: 0.919 | Student Top 5 Accuracy: 0.859 | Time: 2.716 | 
Running student landscape probe...
[LR policy] epoch=25 output=residual_log policy_pred=-0.266481 predicted_lr=0.144839 cosine_blend=0.750 lr_ema=0.000 cosine_after=0 next_student_lr=0.178010
[Train] Epoch: 26 | Teacher lr=0.1883 | Teacher Loss: 0.963 | Teacher Train Acc: 80.582 | Student lr=0.1780 | Student Train Acc: 73.848 | Time: 135.986 |
[Eval] Epoch: 26 | Teacher Test Loss: 1.053 | Teacher Test Acc: 69.390 | Student Test Loss: 1.448 | Student Test Acc: 60.130 | Teacher Test F1: 0.693 | Student Test F1: 0.598 | Teacher Top 5 Accuracy: 0.923 | Student Top 5 Accuracy: 0.866 | Time: 2.803 | 
Running student landscape probe...
[LR policy] epoch=26 output=residual_log policy_pred=-0.256474 predicted_lr=0.120178 cosine_blend=0.750 lr_ema=0.000 cosine_after=0 next_student_lr=0.146530
[Train] Epoch: 27 | Teacher lr=0.1545 | Teacher Loss: 0.898 | Teacher Train Acc: 82.414 | Student lr=0.1465 | Student Train Acc: 74.786 | Time: 134.808 |
[Eval] Epoch: 27 | Teacher Test Loss: 0.992 | Teacher Test Acc: 70.850 | Student Test Loss: 1.355 | Student Test Acc: 61.790 | Teacher Test F1: 0.708 | Student Test F1: 0.617 | Teacher Top 5 Accuracy: 0.929 | Student Top 5 Accuracy: 0.883 | Time: 2.745 | 
Running student landscape probe...
[LR policy] epoch=27 output=residual_log policy_pred=-0.265599 predicted_lr=0.095338 cosine_blend=0.750 lr_ema=0.000 cosine_after=0 next_student_lr=0.117090
[Train] Epoch: 28 | Teacher lr=0.1235 | Teacher Loss: 0.829 | Teacher Train Acc: 84.482 | Student lr=0.1171 | Student Train Acc: 76.684 | Time: 134.655 |
[Eval] Epoch: 28 | Teacher Test Loss: 0.954 | Teacher Test Acc: 71.920 | Student Test Loss: 1.293 | Student Test Acc: 64.330 | Teacher Test F1: 0.722 | Student Test F1: 0.649 | Teacher Top 5 Accuracy: 0.931 | Student Top 5 Accuracy: 0.896 | Time: 2.597 | 
Running student landscape probe...
[LR policy] epoch=28 output=residual_log policy_pred=-0.260514 predicted_lr=0.074288 cosine_blend=0.750 lr_ema=0.000 cosine_after=0 next_student_lr=0.090869
[Train] Epoch: 29 | Teacher lr=0.0955 | Teacher Loss: 0.769 | Teacher Train Acc: 86.238 | Student lr=0.0909 | Student Train Acc: 78.384 | Time: 137.592 |
[Eval] Epoch: 29 | Teacher Test Loss: 0.933 | Teacher Test Acc: 72.910 | Student Test Loss: 1.284 | Student Test Acc: 64.440 | Teacher Test F1: 0.730 | Student Test F1: 0.649 | Teacher Top 5 Accuracy: 0.933 | Student Top 5 Accuracy: 0.892 | Time: 2.703 | 
Running student landscape probe...
[LR policy] epoch=29 output=residual_log policy_pred=-0.266721 predicted_lr=0.054918 cosine_blend=0.750 lr_ema=0.000 cosine_after=0 next_student_lr=0.067508
[Train] Epoch: 30 | Teacher lr=0.0708 | Teacher Loss: 0.704 | Teacher Train Acc: 88.020 | Student lr=0.0675 | Student Train Acc: 80.114 | Time: 136.566 |
[Eval] Epoch: 30 | Teacher Test Loss: 0.909 | Teacher Test Acc: 73.430 | Student Test Loss: 1.228 | Student Test Acc: 66.030 | Teacher Test F1: 0.735 | Student Test F1: 0.661 | Teacher Top 5 Accuracy: 0.938 | Student Top 5 Accuracy: 0.903 | Time: 2.779 | 
Running student landscape probe...
[LR policy] epoch=30 output=residual_log policy_pred=-0.258930 predicted_lr=0.038954 cosine_blend=0.750 lr_ema=0.000 cosine_after=0 next_student_lr=0.047588
[Train] Epoch: 31 | Teacher lr=0.0495 | Teacher Loss: 0.643 | Teacher Train Acc: 89.508 | Student lr=0.0476 | Student Train Acc: 81.686 | Time: 137.502 |
[Eval] Epoch: 31 | Teacher Test Loss: 0.880 | Teacher Test Acc: 74.250 | Student Test Loss: 1.188 | Student Test Acc: 67.840 | Teacher Test F1: 0.742 | Student Test F1: 0.677 | Teacher Top 5 Accuracy: 0.942 | Student Top 5 Accuracy: 0.902 | Time: 2.726 | 
Running student landscape probe...
[LR policy] epoch=31 output=residual_log policy_pred=-0.264575 predicted_lr=0.025214 cosine_blend=0.750 lr_ema=0.000 cosine_after=0 next_student_lr=0.030941
[Train] Epoch: 32 | Teacher lr=0.0319 | Teacher Loss: 0.587 | Teacher Train Acc: 91.172 | Student lr=0.0309 | Student Train Acc: 83.516 | Time: 132.934 |
[Eval] Epoch: 32 | Teacher Test Loss: 0.867 | Teacher Test Acc: 74.560 | Student Test Loss: 1.167 | Student Test Acc: 68.030 | Teacher Test F1: 0.746 | Student Test F1: 0.683 | Teacher Top 5 Accuracy: 0.943 | Student Top 5 Accuracy: 0.908 | Time: 2.744 | 
Running student landscape probe...
[LR policy] epoch=32 output=residual_log policy_pred=-0.264209 predicted_lr=0.014589 cosine_blend=0.750 lr_ema=0.000 cosine_after=0 next_student_lr=0.017898
[Train] Epoch: 33 | Teacher lr=0.0180 | Teacher Loss: 0.542 | Teacher Train Acc: 92.090 | Student lr=0.0179 | Student Train Acc: 84.808 | Time: 135.125 |
[Eval] Epoch: 33 | Teacher Test Loss: 0.854 | Teacher Test Acc: 74.920 | Student Test Loss: 1.133 | Student Test Acc: 69.050 | Teacher Test F1: 0.749 | Student Test F1: 0.690 | Teacher Top 5 Accuracy: 0.945 | Student Top 5 Accuracy: 0.915 | Time: 2.800 | 
Running student landscape probe...
[LR policy] epoch=33 output=residual_log policy_pred=-0.266523 predicted_lr=0.006915 cosine_blend=0.750 lr_ema=0.000 cosine_after=0 next_student_lr=0.008499
[Train] Epoch: 34 | Teacher lr=0.0080 | Teacher Loss: 0.509 | Teacher Train Acc: 92.908 | Student lr=0.0085 | Student Train Acc: 85.952 | Time: 135.296 |
[Eval] Epoch: 34 | Teacher Test Loss: 0.849 | Teacher Test Acc: 75.260 | Student Test Loss: 1.115 | Student Test Acc: 69.690 | Teacher Test F1: 0.753 | Student Test F1: 0.697 | Teacher Top 5 Accuracy: 0.946 | Student Top 5 Accuracy: 0.916 | Time: 2.648 | 
Running student landscape probe...
[LR policy] epoch=34 output=residual_log policy_pred=-0.265309 predicted_lr=0.002309 cosine_blend=0.750 lr_ema=0.000 cosine_after=0 next_student_lr=0.002835
[Train] Epoch: 35 | Teacher lr=0.0020 | Teacher Loss: 0.489 | Teacher Train Acc: 93.416 | Student lr=0.0028 | Student Train Acc: 86.756 | Time: 135.421 |
[Eval] Epoch: 35 | Teacher Test Loss: 0.848 | Teacher Test Acc: 75.340 | Student Test Loss: 1.108 | Student Test Acc: 69.990 | Teacher Test F1: 0.754 | Student Test F1: 0.700 | Teacher Top 5 Accuracy: 0.947 | Student Top 5 Accuracy: 0.917 | Time: 2.594 | 
Running student landscape probe...
[LR policy] epoch=35 output=residual_log policy_pred=-0.265113 predicted_lr=0.001000 cosine_blend=0.750 lr_ema=0.000 cosine_after=0 next_student_lr=0.001000
ckpt location: ckpt/robust12h_stars/patchtst_shock10_seed1_35ep.pt
