/home/jovyan/.mlspace/envs/egy_llm/lib/python3.11/site-packages/torchvision/datasets/cifar.py:83: VisibleDeprecationWarning: dtype(): align should be passed as Python or NumPy boolean but got `align=0`. Did you mean to pass a tuple to create a subarray type? (Deprecated NumPy 2.4)
  entry = pickle.load(f, encoding="latin1")
depth_list: [110, 20]
[LR policy] loaded checkpoint=checkpoints/policies_beatcos/patchtst_seed0/policy.pt,checkpoints/policies_beatcos/patchtst_seed2/policy.pt,checkpoints/policies_beatcos/patchtst_seed5/policy.pt,checkpoints/policies_beatcos/patchtst_seed7/policy.pt,checkpoints/policies_beatcos/patchtst_seed4/policy.pt model_type=patchtst input_dim=230 n_models=5
Dataset information: cifar100	 50000 images for training 	 10000 images for testing	
teacher depth: 110
student depth: 20
Total number of teacher parameters: 1,169,972
Total number of student parameters: 278,132
Snapshots will be saved to: snapshots/robust12h_stars/patchtst_shock05_seed2_35ep
==== train and evaluate unequal restart ====
[Eval] Epoch: 0 | Teacher Test Loss: 11623.433 | Teacher Test Acc: 1.000 | Student Test Loss: 6.044 | Student Test Acc: 1.110 | Teacher Test F1: 0.000 | Student Test F1: 0.000 | Teacher Top 5 Accuracy: 0.049 | Student Top 5 Accuracy: 0.052 | Time: 2.490 | 
Running student landscape probe...
[Train] Epoch: 1 | Teacher lr=1.0000 | Teacher Loss: 4.050 | Teacher Train Acc: 9.322 | Student lr=0.0100 | Student Train Acc: 7.158 | Time: 136.217 |
[Eval] Epoch: 1 | Teacher Test Loss: 3.741 | Teacher Test Acc: 10.850 | Student Test Loss: 3.880 | Student Test Acc: 9.450 | Teacher Test F1: 0.079 | Student Test F1: 0.058 | Teacher Top 5 Accuracy: 0.360 | Student Top 5 Accuracy: 0.301 | Time: 2.422 | 
Running student landscape probe...
[LR policy] epoch=1 output=residual_log policy_pred=-0.247440 predicted_lr=0.779227 cosine_blend=0.750 lr_ema=0.000 cosine_after=0 next_student_lr=0.997989
[Train] Epoch: 2 | Teacher lr=0.9980 | Teacher Loss: 3.459 | Teacher Train Acc: 19.836 | Student lr=0.9980 | Student Train Acc: 18.470 | Time: 137.446 |
[Eval] Epoch: 2 | Teacher Test Loss: 3.293 | Teacher Test Acc: 19.450 | Student Test Loss: 3.601 | Student Test Acc: 16.720 | Teacher Test F1: 0.170 | Student Test F1: 0.147 | Teacher Top 5 Accuracy: 0.489 | Student Top 5 Accuracy: 0.438 | Time: 2.652 | 
Running student landscape probe...
[LR policy] epoch=2 output=residual_log policy_pred=-0.204289 predicted_lr=0.808683 cosine_blend=0.750 lr_ema=0.000 cosine_after=0 next_student_lr=0.991973
[Train] Epoch: 3 | Teacher lr=0.9920 | Teacher Loss: 2.929 | Teacher Train Acc: 30.484 | Student lr=0.9920 | Student Train Acc: 38.052 | Time: 135.383 |
[Eval] Epoch: 3 | Teacher Test Loss: 2.948 | Teacher Test Acc: 25.710 | Student Test Loss: 4.254 | Student Test Acc: 15.940 | Teacher Test F1: 0.240 | Student Test F1: 0.155 | Teacher Top 5 Accuracy: 0.578 | Student Top 5 Accuracy: 0.406 | Time: 2.670 | 
Running student landscape probe...
[LR policy] epoch=3 output=residual_log policy_pred=-0.253790 predicted_lr=0.761889 cosine_blend=0.750 lr_ema=0.000 cosine_after=0 next_student_lr=0.981999
[Train] Epoch: 4 | Teacher lr=0.9820 | Teacher Loss: 2.568 | Teacher Train Acc: 38.580 | Student lr=0.9820 | Student Train Acc: 46.064 | Time: 137.648 |
[Eval] Epoch: 4 | Teacher Test Loss: 2.411 | Teacher Test Acc: 36.450 | Student Test Loss: 2.448 | Student Test Acc: 37.290 | Teacher Test F1: 0.345 | Student Test F1: 0.366 | Teacher Top 5 Accuracy: 0.703 | Student Top 5 Accuracy: 0.696 | Time: 2.635 | 
Running student landscape probe...
[LR policy] epoch=4 output=residual_log policy_pred=-0.221223 predicted_lr=0.776009 cosine_blend=0.750 lr_ema=0.000 cosine_after=0 next_student_lr=0.968149
[Train] Epoch: 5 | Teacher lr=0.9681 | Teacher Loss: 2.365 | Teacher Train Acc: 43.604 | Student lr=0.9681 | Student Train Acc: 50.220 | Time: 135.101 |
[Eval] Epoch: 5 | Teacher Test Loss: 2.331 | Teacher Test Acc: 39.320 | Student Test Loss: 2.580 | Student Test Acc: 35.730 | Teacher Test F1: 0.385 | Student Test F1: 0.347 | Teacher Top 5 Accuracy: 0.730 | Student Top 5 Accuracy: 0.683 | Time: 2.664 | 
Running student landscape probe...
[LR policy] epoch=5 output=residual_log policy_pred=-0.256720 predicted_lr=0.735318 cosine_blend=0.750 lr_ema=0.000 cosine_after=0 next_student_lr=0.950534
[Train] Epoch: 6 | Teacher lr=0.9505 | Teacher Loss: 2.165 | Teacher Train Acc: 48.360 | Student lr=0.9505 | Student Train Acc: 53.100 | Time: 137.702 |
[Eval] Epoch: 6 | Teacher Test Loss: 2.378 | Teacher Test Acc: 37.890 | Student Test Loss: 2.249 | Student Test Acc: 40.010 | Teacher Test F1: 0.366 | Student Test F1: 0.396 | Teacher Top 5 Accuracy: 0.709 | Student Top 5 Accuracy: 0.730 | Time: 2.629 | 
Running student landscape probe...
[LR policy] epoch=6 output=residual_log policy_pred=-0.226046 predicted_lr=0.741281 cosine_blend=0.750 lr_ema=0.000 cosine_after=0 next_student_lr=0.929295
[Train] Epoch: 7 | Teacher lr=0.9292 | Teacher Loss: 2.431 | Teacher Train Acc: 44.096 | Student lr=0.9293 | Student Train Acc: 54.302 | Time: 138.439 |
[Eval] Epoch: 7 | Teacher Test Loss: 2.049 | Teacher Test Acc: 44.310 | Student Test Loss: 2.604 | Student Test Acc: 37.470 | Teacher Test F1: 0.434 | Student Test F1: 0.367 | Teacher Top 5 Accuracy: 0.764 | Student Top 5 Accuracy: 0.677 | Time: 2.638 | 
Running student landscape probe...
[LR policy] epoch=7 output=residual_log policy_pred=-0.262558 predicted_lr=0.695714 cosine_blend=0.750 lr_ema=0.000 cosine_after=0 next_student_lr=0.904604
[Train] Epoch: 8 | Teacher lr=0.9045 | Teacher Loss: 1.975 | Teacher Train Acc: 53.300 | Student lr=0.9046 | Student Train Acc: 56.078 | Time: 138.890 |
[Eval] Epoch: 8 | Teacher Test Loss: 1.904 | Teacher Test Acc: 47.970 | Student Test Loss: 2.932 | Student Test Acc: 33.100 | Teacher Test F1: 0.473 | Student Test F1: 0.331 | Teacher Top 5 Accuracy: 0.796 | Student Top 5 Accuracy: 0.623 | Time: 2.655 | 
Running student landscape probe...
[LR policy] epoch=8 output=residual_log policy_pred=-0.227659 predicted_lr=0.698168 cosine_blend=0.750 lr_ema=0.000 cosine_after=0 next_student_lr=0.876659
[Train] Epoch: 9 | Teacher lr=0.8765 | Teacher Loss: 1.896 | Teacher Train Acc: 55.610 | Student lr=0.8767 | Student Train Acc: 57.296 | Time: 138.115 |
[Eval] Epoch: 9 | Teacher Test Loss: 2.024 | Teacher Test Acc: 45.080 | Student Test Loss: 3.659 | Student Test Acc: 25.770 | Teacher Test F1: 0.447 | Student Test F1: 0.269 | Teacher Top 5 Accuracy: 0.778 | Student Top 5 Accuracy: 0.571 | Time: 2.631 | 
Running student landscape probe...
[LR policy] epoch=9 output=residual_log policy_pred=-0.260229 predicted_lr=0.651918 cosine_blend=0.750 lr_ema=0.000 cosine_after=0 next_student_lr=0.845686
[Train] Epoch: 10 | Teacher lr=0.8455 | Teacher Loss: 1.831 | Teacher Train Acc: 56.964 | Student lr=0.8457 | Student Train Acc: 58.416 | Time: 137.676 |
[Eval] Epoch: 10 | Teacher Test Loss: 1.827 | Teacher Test Acc: 50.190 | Student Test Loss: 2.270 | Student Test Acc: 40.970 | Teacher Test F1: 0.494 | Student Test F1: 0.409 | Teacher Top 5 Accuracy: 0.807 | Student Top 5 Accuracy: 0.739 | Time: 2.635 | 
Running student landscape probe...
[LR policy] epoch=10 output=residual_log policy_pred=-0.255636 predicted_lr=0.628780 cosine_blend=0.750 lr_ema=0.000 cosine_after=0 next_student_lr=0.811933
[Train] Epoch: 11 | Teacher lr=0.8117 | Teacher Loss: 1.780 | Teacher Train Acc: 58.582 | Student lr=0.8119 | Student Train Acc: 59.524 | Time: 138.346 |
[Eval] Epoch: 11 | Teacher Test Loss: 1.731 | Teacher Test Acc: 52.000 | Student Test Loss: 2.189 | Student Test Acc: 42.830 | Teacher Test F1: 0.508 | Student Test F1: 0.417 | Teacher Top 5 Accuracy: 0.827 | Student Top 5 Accuracy: 0.751 | Time: 2.669 | 
Running student landscape probe...
[LR policy] epoch=11 output=residual_log policy_pred=-0.260876 predicted_lr=0.597560 cosine_blend=0.750 lr_ema=0.000 cosine_after=0 next_student_lr=0.731145
[Train] Epoch: 12 | Teacher lr=0.7754 | Teacher Loss: 1.713 | Teacher Train Acc: 59.958 | Student lr=0.7311 | Student Train Acc: 60.368 | Time: 137.334 |
[Eval] Epoch: 12 | Teacher Test Loss: 1.547 | Teacher Test Acc: 56.610 | Student Test Loss: 2.160 | Student Test Acc: 44.580 | Teacher Test F1: 0.561 | Student Test F1: 0.438 | Teacher Top 5 Accuracy: 0.858 | Student Top 5 Accuracy: 0.754 | Time: 2.583 | 
Running student landscape probe...
[LR policy] epoch=12 output=residual_log policy_pred=-0.265839 predicted_lr=0.565108 cosine_blend=0.750 lr_ema=0.000 cosine_after=0 next_student_lr=0.694175
[Train] Epoch: 13 | Teacher lr=0.7369 | Teacher Loss: 1.654 | Teacher Train Acc: 61.840 | Student lr=0.6942 | Student Train Acc: 61.246 | Time: 137.868 |
[Eval] Epoch: 13 | Teacher Test Loss: 1.672 | Teacher Test Acc: 53.710 | Student Test Loss: 2.270 | Student Test Acc: 41.450 | Teacher Test F1: 0.538 | Student Test F1: 0.415 | Teacher Top 5 Accuracy: 0.841 | Student Top 5 Accuracy: 0.734 | Time: 2.654 | 
Running student landscape probe...
[LR policy] epoch=13 output=residual_log policy_pred=-0.258569 predicted_lr=0.538050 cosine_blend=0.750 lr_ema=0.000 cosine_after=0 next_student_lr=0.657125
[Train] Epoch: 14 | Teacher lr=0.6965 | Teacher Loss: 1.608 | Teacher Train Acc: 62.948 | Student lr=0.6571 | Student Train Acc: 62.064 | Time: 139.144 |
[Eval] Epoch: 14 | Teacher Test Loss: 1.693 | Teacher Test Acc: 53.160 | Student Test Loss: 2.605 | Student Test Acc: 35.710 | Teacher Test F1: 0.534 | Student Test F1: 0.352 | Teacher Top 5 Accuracy: 0.825 | Student Top 5 Accuracy: 0.684 | Time: 2.547 | 
Running student landscape probe...
[LR policy] epoch=14 output=residual_log policy_pred=-0.265204 predicted_lr=0.502306 cosine_blend=0.750 lr_ema=0.000 cosine_after=0 next_student_lr=0.616717
[Train] Epoch: 15 | Teacher lr=0.6545 | Teacher Loss: 1.571 | Teacher Train Acc: 63.778 | Student lr=0.6167 | Student Train Acc: 62.782 | Time: 137.393 |
[Eval] Epoch: 15 | Teacher Test Loss: 1.686 | Teacher Test Acc: 53.430 | Student Test Loss: 2.304 | Student Test Acc: 41.090 | Teacher Test F1: 0.535 | Student Test F1: 0.404 | Teacher Top 5 Accuracy: 0.837 | Student Top 5 Accuracy: 0.731 | Time: 2.606 | 
Running student landscape probe...
[LR policy] epoch=15 output=residual_log policy_pred=-0.264779 predicted_lr=0.469365 cosine_blend=0.750 lr_ema=0.000 cosine_after=0 next_student_lr=0.576078
[Train] Epoch: 16 | Teacher lr=0.6113 | Teacher Loss: 1.513 | Teacher Train Acc: 65.514 | Student lr=0.5761 | Student Train Acc: 63.782 | Time: 138.770 |
[Eval] Epoch: 16 | Teacher Test Loss: 1.535 | Teacher Test Acc: 56.630 | Student Test Loss: 1.973 | Student Test Acc: 48.280 | Teacher Test F1: 0.564 | Student Test F1: 0.486 | Teacher Top 5 Accuracy: 0.860 | Student Top 5 Accuracy: 0.801 | Time: 2.722 | 
Running student landscape probe...
[LR policy] epoch=16 output=residual_log policy_pred=-0.268869 predicted_lr=0.433746 cosine_blend=0.750 lr_ema=0.000 cosine_after=0 next_student_lr=0.534099
[Train] Epoch: 17 | Teacher lr=0.5671 | Teacher Loss: 1.474 | Teacher Train Acc: 66.464 | Student lr=0.5341 | Student Train Acc: 64.464 | Time: 137.757 |
[Eval] Epoch: 17 | Teacher Test Loss: 1.505 | Teacher Test Acc: 57.470 | Student Test Loss: 1.963 | Student Test Acc: 47.200 | Teacher Test F1: 0.576 | Student Test F1: 0.479 | Teacher Top 5 Accuracy: 0.860 | Student Top 5 Accuracy: 0.797 | Time: 2.698 | 
Running student landscape probe...
[LR policy] epoch=17 output=residual_log policy_pred=-0.263957 predicted_lr=0.401598 cosine_blend=0.750 lr_ema=0.000 cosine_after=0 next_student_lr=0.492582
[Train] Epoch: 18 | Teacher lr=0.5224 | Teacher Loss: 1.420 | Teacher Train Acc: 68.132 | Student lr=0.4926 | Student Train Acc: 65.528 | Time: 133.511 |
[Eval] Epoch: 18 | Teacher Test Loss: 1.422 | Teacher Test Acc: 60.060 | Student Test Loss: 2.087 | Student Test Acc: 45.730 | Teacher Test F1: 0.599 | Student Test F1: 0.456 | Teacher Top 5 Accuracy: 0.872 | Student Top 5 Accuracy: 0.760 | Time: 2.724 | 
Running student landscape probe...
[LR policy] epoch=18 output=residual_log policy_pred=-0.266069 predicted_lr=0.366402 cosine_blend=0.750 lr_ema=0.000 cosine_after=0 next_student_lr=0.450168
[Train] Epoch: 19 | Teacher lr=0.4776 | Teacher Loss: 1.372 | Teacher Train Acc: 69.240 | Student lr=0.4502 | Student Train Acc: 66.200 | Time: 138.903 |
[Eval] Epoch: 19 | Teacher Test Loss: 1.361 | Teacher Test Acc: 60.670 | Student Test Loss: 1.697 | Student Test Acc: 54.100 | Teacher Test F1: 0.602 | Student Test F1: 0.537 | Teacher Top 5 Accuracy: 0.883 | Student Top 5 Accuracy: 0.828 | Time: 2.746 | 
Running student landscape probe...
[LR policy] epoch=19 output=residual_log policy_pred=-0.268815 predicted_lr=0.331279 cosine_blend=0.750 lr_ema=0.000 cosine_after=0 next_student_lr=0.407908
[shock] epoch=20 forcing student_lr=0.500000 (window=20..21)
[Train] Epoch: 20 | Teacher lr=0.4329 | Teacher Loss: 1.341 | Teacher Train Acc: 70.602 | Student lr=0.5000 | Student Train Acc: 65.724 | Time: 136.956 |
[Eval] Epoch: 20 | Teacher Test Loss: 1.349 | Teacher Test Acc: 61.480 | Student Test Loss: 2.216 | Student Test Acc: 42.490 | Teacher Test F1: 0.615 | Student Test F1: 0.434 | Teacher Top 5 Accuracy: 0.882 | Student Top 5 Accuracy: 0.754 | Time: 2.799 | 
Running student landscape probe...
[LR policy] epoch=20 output=residual_log policy_pred=-0.263325 predicted_lr=0.299213 cosine_blend=0.750 lr_ema=0.000 cosine_after=0 next_student_lr=0.366816
[shock] epoch=21 forcing student_lr=0.500000 (window=20..21)
[Train] Epoch: 21 | Teacher lr=0.3887 | Teacher Loss: 1.299 | Teacher Train Acc: 71.834 | Student lr=0.5000 | Student Train Acc: 65.874 | Time: 136.542 |
[Eval] Epoch: 21 | Teacher Test Loss: 1.250 | Teacher Test Acc: 63.910 | Student Test Loss: 1.907 | Student Test Acc: 49.460 | Teacher Test F1: 0.635 | Student Test F1: 0.495 | Teacher Top 5 Accuracy: 0.899 | Student Top 5 Accuracy: 0.806 | Time: 2.734 | 
Running student landscape probe...
[LR policy] epoch=21 output=residual_log policy_pred=-0.267258 predicted_lr=0.264966 cosine_blend=0.750 lr_ema=0.000 cosine_after=0 next_student_lr=0.325851
[Train] Epoch: 22 | Teacher lr=0.3455 | Teacher Loss: 1.212 | Teacher Train Acc: 73.312 | Student lr=0.3259 | Student Train Acc: 69.792 | Time: 138.655 |
[Eval] Epoch: 22 | Teacher Test Loss: 1.227 | Teacher Test Acc: 64.960 | Student Test Loss: 1.485 | Student Test Acc: 58.720 | Teacher Test F1: 0.652 | Student Test F1: 0.587 | Teacher Top 5 Accuracy: 0.897 | Student Top 5 Accuracy: 0.862 | Time: 2.787 | 
Running student landscape probe...
[LR policy] epoch=22 output=residual_log policy_pred=-0.268923 predicted_lr=0.232458 cosine_blend=0.750 lr_ema=0.000 cosine_after=0 next_student_lr=0.286253
[Train] Epoch: 23 | Teacher lr=0.3035 | Teacher Loss: 1.163 | Teacher Train Acc: 75.000 | Student lr=0.2863 | Student Train Acc: 70.594 | Time: 138.683 |
[Eval] Epoch: 23 | Teacher Test Loss: 1.176 | Teacher Test Acc: 65.760 | Student Test Loss: 1.888 | Student Test Acc: 50.220 | Teacher Test F1: 0.657 | Student Test F1: 0.509 | Teacher Top 5 Accuracy: 0.908 | Student Top 5 Accuracy: 0.812 | Time: 2.647 | 
Running student landscape probe...
[LR policy] epoch=23 output=residual_log policy_pred=-0.264408 predicted_lr=0.202511 cosine_blend=0.750 lr_ema=0.000 cosine_after=0 next_student_lr=0.248480
[Train] Epoch: 24 | Teacher lr=0.2631 | Teacher Loss: 1.109 | Teacher Train Acc: 76.392 | Student lr=0.2485 | Student Train Acc: 71.670 | Time: 136.137 |
[Eval] Epoch: 24 | Teacher Test Loss: 1.160 | Teacher Test Acc: 67.180 | Student Test Loss: 1.556 | Student Test Acc: 57.810 | Teacher Test F1: 0.667 | Student Test F1: 0.571 | Teacher Top 5 Accuracy: 0.908 | Student Top 5 Accuracy: 0.856 | Time: 2.694 | 
Running student landscape probe...
[LR policy] epoch=24 output=residual_log policy_pred=-0.264863 predicted_lr=0.172896 cosine_blend=0.750 lr_ema=0.000 cosine_after=0 next_student_lr=0.212219
[Train] Epoch: 25 | Teacher lr=0.2246 | Teacher Loss: 1.047 | Teacher Train Acc: 78.058 | Student lr=0.2122 | Student Train Acc: 72.818 | Time: 137.249 |
[Eval] Epoch: 25 | Teacher Test Loss: 1.130 | Teacher Test Acc: 67.780 | Student Test Loss: 1.572 | Student Test Acc: 57.020 | Teacher Test F1: 0.679 | Student Test F1: 0.574 | Teacher Top 5 Accuracy: 0.914 | Student Top 5 Accuracy: 0.852 | Time: 2.500 | 
Running student landscape probe...
[LR policy] epoch=25 output=residual_log policy_pred=-0.263361 predicted_lr=0.145291 cosine_blend=0.750 lr_ema=0.000 cosine_after=0 next_student_lr=0.178123
[Train] Epoch: 26 | Teacher lr=0.1883 | Teacher Loss: 0.988 | Teacher Train Acc: 80.054 | Student lr=0.1781 | Student Train Acc: 74.038 | Time: 137.340 |
[Eval] Epoch: 26 | Teacher Test Loss: 1.062 | Teacher Test Acc: 69.720 | Student Test Loss: 1.541 | Student Test Acc: 58.030 | Teacher Test F1: 0.700 | Student Test F1: 0.587 | Teacher Top 5 Accuracy: 0.925 | Student Top 5 Accuracy: 0.860 | Time: 2.581 | 
Running student landscape probe...
[LR policy] epoch=26 output=residual_log policy_pred=-0.266617 predicted_lr=0.118965 cosine_blend=0.750 lr_ema=0.000 cosine_after=0 next_student_lr=0.146227
[Train] Epoch: 27 | Teacher lr=0.1545 | Teacher Loss: 0.924 | Teacher Train Acc: 81.768 | Student lr=0.1462 | Student Train Acc: 75.252 | Time: 137.661 |
[Eval] Epoch: 27 | Teacher Test Loss: 1.030 | Teacher Test Acc: 70.050 | Student Test Loss: 1.447 | Student Test Acc: 59.880 | Teacher Test F1: 0.699 | Student Test F1: 0.598 | Teacher Top 5 Accuracy: 0.924 | Student Top 5 Accuracy: 0.870 | Time: 2.655 | 
Running student landscape probe...
[LR policy] epoch=27 output=residual_log policy_pred=-0.262898 predicted_lr=0.095596 cosine_blend=0.750 lr_ema=0.000 cosine_after=0 next_student_lr=0.117155
[Train] Epoch: 28 | Teacher lr=0.1235 | Teacher Loss: 0.859 | Teacher Train Acc: 83.478 | Student lr=0.1172 | Student Train Acc: 76.804 | Time: 138.343 |
[Eval] Epoch: 28 | Teacher Test Loss: 1.017 | Teacher Test Acc: 70.470 | Student Test Loss: 1.344 | Student Test Acc: 63.120 | Teacher Test F1: 0.704 | Student Test F1: 0.628 | Teacher Top 5 Accuracy: 0.926 | Student Top 5 Accuracy: 0.886 | Time: 2.584 | 
Running student landscape probe...
[LR policy] epoch=28 output=residual_log policy_pred=-0.268262 predicted_lr=0.073715 cosine_blend=0.750 lr_ema=0.000 cosine_after=0 next_student_lr=0.090726
[Train] Epoch: 29 | Teacher lr=0.0955 | Teacher Loss: 0.786 | Teacher Train Acc: 85.582 | Student lr=0.0907 | Student Train Acc: 78.384 | Time: 139.380 |
[Eval] Epoch: 29 | Teacher Test Loss: 0.936 | Teacher Test Acc: 72.990 | Student Test Loss: 1.369 | Student Test Acc: 63.050 | Teacher Test F1: 0.730 | Student Test F1: 0.627 | Teacher Top 5 Accuracy: 0.935 | Student Top 5 Accuracy: 0.885 | Time: 2.741 | 
Running student landscape probe...
[LR policy] epoch=29 output=residual_log policy_pred=-0.261428 predicted_lr=0.055209 cosine_blend=0.750 lr_ema=0.000 cosine_after=0 next_student_lr=0.067581
[Train] Epoch: 30 | Teacher lr=0.0708 | Teacher Loss: 0.722 | Teacher Train Acc: 87.436 | Student lr=0.0676 | Student Train Acc: 80.128 | Time: 136.772 |
[Eval] Epoch: 30 | Teacher Test Loss: 0.940 | Teacher Test Acc: 72.640 | Student Test Loss: 1.303 | Student Test Acc: 63.840 | Teacher Test F1: 0.726 | Student Test F1: 0.639 | Teacher Top 5 Accuracy: 0.936 | Student Top 5 Accuracy: 0.892 | Time: 2.646 | 
Running student landscape probe...
[LR policy] epoch=30 output=residual_log policy_pred=-0.265866 predicted_lr=0.038684 cosine_blend=0.750 lr_ema=0.000 cosine_after=0 next_student_lr=0.047521
[Train] Epoch: 31 | Teacher lr=0.0495 | Teacher Loss: 0.660 | Teacher Train Acc: 89.028 | Student lr=0.0475 | Student Train Acc: 81.856 | Time: 139.274 |
[Eval] Epoch: 31 | Teacher Test Loss: 0.920 | Teacher Test Acc: 73.360 | Student Test Loss: 1.200 | Student Test Acc: 66.190 | Teacher Test F1: 0.734 | Student Test F1: 0.662 | Teacher Top 5 Accuracy: 0.940 | Student Top 5 Accuracy: 0.906 | Time: 2.538 | 
Running student landscape probe...
[LR policy] epoch=31 output=residual_log policy_pred=-0.261098 predicted_lr=0.025302 cosine_blend=0.750 lr_ema=0.000 cosine_after=0 next_student_lr=0.030963
[Train] Epoch: 32 | Teacher lr=0.0319 | Teacher Loss: 0.603 | Teacher Train Acc: 90.454 | Student lr=0.0310 | Student Train Acc: 83.566 | Time: 136.521 |
[Eval] Epoch: 32 | Teacher Test Loss: 0.889 | Teacher Test Acc: 74.430 | Student Test Loss: 1.184 | Student Test Acc: 67.080 | Teacher Test F1: 0.744 | Student Test F1: 0.671 | Teacher Top 5 Accuracy: 0.942 | Student Top 5 Accuracy: 0.909 | Time: 2.586 | 
Running student landscape probe...
[LR policy] epoch=32 output=residual_log policy_pred=-0.266261 predicted_lr=0.014559 cosine_blend=0.750 lr_ema=0.000 cosine_after=0 next_student_lr=0.017890
[Train] Epoch: 33 | Teacher lr=0.0180 | Teacher Loss: 0.556 | Teacher Train Acc: 91.750 | Student lr=0.0179 | Student Train Acc: 85.090 | Time: 138.794 |
[Eval] Epoch: 33 | Teacher Test Loss: 0.879 | Teacher Test Acc: 74.900 | Student Test Loss: 1.122 | Student Test Acc: 69.120 | Teacher Test F1: 0.749 | Student Test F1: 0.691 | Teacher Top 5 Accuracy: 0.943 | Student Top 5 Accuracy: 0.915 | Time: 2.607 | 
Running student landscape probe...
[LR policy] epoch=33 output=residual_log policy_pred=-0.260950 predicted_lr=0.006954 cosine_blend=0.750 lr_ema=0.000 cosine_after=0 next_student_lr=0.008509
[Train] Epoch: 34 | Teacher lr=0.0080 | Teacher Loss: 0.523 | Teacher Train Acc: 92.382 | Student lr=0.0085 | Student Train Acc: 86.258 | Time: 137.069 |
[Eval] Epoch: 34 | Teacher Test Loss: 0.879 | Teacher Test Acc: 75.120 | Student Test Loss: 1.110 | Student Test Acc: 69.130 | Teacher Test F1: 0.751 | Student Test F1: 0.691 | Teacher Top 5 Accuracy: 0.942 | Student Top 5 Accuracy: 0.917 | Time: 2.643 | 
Running student landscape probe...
[LR policy] epoch=34 output=residual_log policy_pred=-0.266630 predicted_lr=0.002306 cosine_blend=0.750 lr_ema=0.000 cosine_after=0 next_student_lr=0.002835
[Train] Epoch: 35 | Teacher lr=0.0020 | Teacher Loss: 0.505 | Teacher Train Acc: 92.888 | Student lr=0.0028 | Student Train Acc: 86.880 | Time: 136.658 |
[Eval] Epoch: 35 | Teacher Test Loss: 0.878 | Teacher Test Acc: 75.030 | Student Test Loss: 1.097 | Student Test Acc: 69.560 | Teacher Test F1: 0.751 | Student Test F1: 0.696 | Teacher Top 5 Accuracy: 0.942 | Student Top 5 Accuracy: 0.918 | Time: 2.603 | 
Running student landscape probe...
[LR policy] epoch=35 output=residual_log policy_pred=-0.262074 predicted_lr=0.001000 cosine_blend=0.750 lr_ema=0.000 cosine_after=0 next_student_lr=0.001000
ckpt location: ckpt/robust12h_stars/patchtst_shock05_seed2_35ep.pt
