/home/jovyan/.mlspace/envs/egy_llm/lib/python3.11/site-packages/torchvision/datasets/cifar.py:83: VisibleDeprecationWarning: dtype(): align should be passed as Python or NumPy boolean but got `align=0`. Did you mean to pass a tuple to create a subarray type? (Deprecated NumPy 2.4)
  entry = pickle.load(f, encoding="latin1")
depth_list: [110, 20]
[LR policy] loaded checkpoint=checkpoints/policies_beatcos/patchtst_seed0/policy.pt,checkpoints/policies_beatcos/patchtst_seed2/policy.pt,checkpoints/policies_beatcos/patchtst_seed5/policy.pt,checkpoints/policies_beatcos/patchtst_seed7/policy.pt,checkpoints/policies_beatcos/patchtst_seed4/policy.pt model_type=patchtst input_dim=230 n_models=5
Dataset information: cifar100	 50000 images for training 	 10000 images for testing	
teacher depth: 110
student depth: 20
Total number of teacher parameters: 1,169,972
Total number of student parameters: 278,132
Snapshots will be saved to: snapshots/robust12h_stars/patchtst_shock05_seed1_35ep
==== train and evaluate unequal restart ====
[Eval] Epoch: 0 | Teacher Test Loss: 12407.062 | Teacher Test Acc: 0.990 | Student Test Loss: 7.984 | Student Test Acc: 1.020 | Teacher Test F1: 0.000 | Student Test F1: 0.000 | Teacher Top 5 Accuracy: 0.050 | Student Top 5 Accuracy: 0.046 | Time: 2.515 | 
Running student landscape probe...
[Train] Epoch: 1 | Teacher lr=1.0000 | Teacher Loss: 4.023 | Teacher Train Acc: 9.680 | Student lr=0.0100 | Student Train Acc: 6.970 | Time: 137.417 |
[Eval] Epoch: 1 | Teacher Test Loss: 3.633 | Teacher Test Acc: 13.200 | Student Test Loss: 3.817 | Student Test Acc: 10.920 | Teacher Test F1: 0.104 | Student Test F1: 0.072 | Teacher Top 5 Accuracy: 0.380 | Student Top 5 Accuracy: 0.313 | Time: 2.653 | 
Running student landscape probe...
[LR policy] epoch=1 output=residual_log policy_pred=-0.255298 predicted_lr=0.773128 cosine_blend=0.750 lr_ema=0.000 cosine_after=0 next_student_lr=0.997989
[Train] Epoch: 2 | Teacher lr=0.9980 | Teacher Loss: 3.409 | Teacher Train Acc: 21.028 | Student lr=0.9980 | Student Train Acc: 18.982 | Time: 139.548 |
[Eval] Epoch: 2 | Teacher Test Loss: 3.150 | Teacher Test Acc: 22.430 | Student Test Loss: 3.291 | Student Test Acc: 21.160 | Teacher Test F1: 0.202 | Student Test F1: 0.194 | Teacher Top 5 Accuracy: 0.531 | Student Top 5 Accuracy: 0.535 | Time: 2.768 | 
Running student landscape probe...
[LR policy] epoch=2 output=residual_log policy_pred=-0.249010 predicted_lr=0.773314 cosine_blend=0.750 lr_ema=0.000 cosine_after=0 next_student_lr=0.991973
[Train] Epoch: 3 | Teacher lr=0.9920 | Teacher Loss: 2.867 | Teacher Train Acc: 31.774 | Student lr=0.9920 | Student Train Acc: 40.474 | Time: 138.633 |
[Eval] Epoch: 3 | Teacher Test Loss: 2.618 | Teacher Test Acc: 31.140 | Student Test Loss: 3.388 | Student Test Acc: 25.400 | Teacher Test F1: 0.294 | Student Test F1: 0.237 | Teacher Top 5 Accuracy: 0.657 | Student Top 5 Accuracy: 0.543 | Time: 2.471 | 
Running student landscape probe...
[LR policy] epoch=3 output=residual_log policy_pred=-0.266361 predicted_lr=0.752371 cosine_blend=0.750 lr_ema=0.000 cosine_after=0 next_student_lr=0.981999
[Train] Epoch: 4 | Teacher lr=0.9820 | Teacher Loss: 2.516 | Teacher Train Acc: 39.642 | Student lr=0.9820 | Student Train Acc: 47.508 | Time: 138.890 |
[Eval] Epoch: 4 | Teacher Test Loss: 2.371 | Teacher Test Acc: 37.390 | Student Test Loss: 5.897 | Student Test Acc: 12.230 | Teacher Test F1: 0.366 | Student Test F1: 0.108 | Teacher Top 5 Accuracy: 0.702 | Student Top 5 Accuracy: 0.329 | Time: 2.491 | 
Running student landscape probe...
[LR policy] epoch=4 output=residual_log policy_pred=-0.231823 predicted_lr=0.767826 cosine_blend=0.750 lr_ema=0.000 cosine_after=0 next_student_lr=0.968149
[Train] Epoch: 5 | Teacher lr=0.9681 | Teacher Loss: 2.257 | Teacher Train Acc: 45.990 | Student lr=0.9681 | Student Train Acc: 51.104 | Time: 138.731 |
[Eval] Epoch: 5 | Teacher Test Loss: 2.597 | Teacher Test Acc: 34.330 | Student Test Loss: 3.395 | Student Test Acc: 25.300 | Teacher Test F1: 0.327 | Student Test F1: 0.243 | Teacher Top 5 Accuracy: 0.680 | Student Top 5 Accuracy: 0.568 | Time: 2.766 | 
Running student landscape probe...
[LR policy] epoch=5 output=residual_log policy_pred=-0.268956 predicted_lr=0.726376 cosine_blend=0.750 lr_ema=0.000 cosine_after=0 next_student_lr=0.950534
[Train] Epoch: 6 | Teacher lr=0.9505 | Teacher Loss: 2.137 | Teacher Train Acc: 48.978 | Student lr=0.9505 | Student Train Acc: 53.564 | Time: 133.970 |
[Eval] Epoch: 6 | Teacher Test Loss: 2.157 | Teacher Test Acc: 42.250 | Student Test Loss: 2.985 | Student Test Acc: 31.110 | Teacher Test F1: 0.420 | Student Test F1: 0.319 | Teacher Top 5 Accuracy: 0.754 | Student Top 5 Accuracy: 0.641 | Time: 2.686 | 
Running student landscape probe...
[LR policy] epoch=6 output=residual_log policy_pred=-0.239826 predicted_lr=0.731136 cosine_blend=0.750 lr_ema=0.000 cosine_after=0 next_student_lr=0.929295
[Train] Epoch: 7 | Teacher lr=0.9292 | Teacher Loss: 2.021 | Teacher Train Acc: 51.968 | Student lr=0.9293 | Student Train Acc: 55.486 | Time: 139.413 |
[Eval] Epoch: 7 | Teacher Test Loss: 2.072 | Teacher Test Acc: 43.890 | Student Test Loss: 2.496 | Student Test Acc: 37.260 | Teacher Test F1: 0.428 | Student Test F1: 0.363 | Teacher Top 5 Accuracy: 0.773 | Student Top 5 Accuracy: 0.689 | Time: 2.699 | 
Running student landscape probe...
[LR policy] epoch=7 output=residual_log policy_pred=-0.262766 predicted_lr=0.695570 cosine_blend=0.750 lr_ema=0.000 cosine_after=0 next_student_lr=0.904604
[Train] Epoch: 8 | Teacher lr=0.9045 | Teacher Loss: 1.945 | Teacher Train Acc: 54.132 | Student lr=0.9046 | Student Train Acc: 56.584 | Time: 135.456 |
[Eval] Epoch: 8 | Teacher Test Loss: 2.156 | Teacher Test Acc: 45.040 | Student Test Loss: 2.851 | Student Test Acc: 33.280 | Teacher Test F1: 0.447 | Student Test F1: 0.333 | Teacher Top 5 Accuracy: 0.763 | Student Top 5 Accuracy: 0.660 | Time: 2.720 | 
Running student landscape probe...
[LR policy] epoch=8 output=residual_log policy_pred=-0.239233 predicted_lr=0.690134 cosine_blend=0.750 lr_ema=0.000 cosine_after=0 next_student_lr=0.876659
[Train] Epoch: 9 | Teacher lr=0.8765 | Teacher Loss: 1.863 | Teacher Train Acc: 56.350 | Student lr=0.8767 | Student Train Acc: 58.174 | Time: 139.462 |
[Eval] Epoch: 9 | Teacher Test Loss: 2.040 | Teacher Test Acc: 45.340 | Student Test Loss: 2.302 | Student Test Acc: 41.380 | Teacher Test F1: 0.444 | Student Test F1: 0.413 | Teacher Top 5 Accuracy: 0.772 | Student Top 5 Accuracy: 0.743 | Time: 2.770 | 
Running student landscape probe...
[LR policy] epoch=9 output=residual_log policy_pred=-0.266033 predicted_lr=0.648145 cosine_blend=0.750 lr_ema=0.000 cosine_after=0 next_student_lr=0.845686
[Train] Epoch: 10 | Teacher lr=0.8455 | Teacher Loss: 1.796 | Teacher Train Acc: 58.022 | Student lr=0.8457 | Student Train Acc: 59.186 | Time: 138.833 |
[Eval] Epoch: 10 | Teacher Test Loss: 1.726 | Teacher Test Acc: 51.330 | Student Test Loss: 3.643 | Student Test Acc: 24.840 | Teacher Test F1: 0.508 | Student Test F1: 0.249 | Teacher Top 5 Accuracy: 0.828 | Student Top 5 Accuracy: 0.598 | Time: 2.471 | 
Running student landscape probe...
[LR policy] epoch=10 output=residual_log policy_pred=-0.254639 predicted_lr=0.629407 cosine_blend=0.750 lr_ema=0.000 cosine_after=0 next_student_lr=0.811933
[Train] Epoch: 11 | Teacher lr=0.8117 | Teacher Loss: 1.735 | Teacher Train Acc: 59.624 | Student lr=0.8119 | Student Train Acc: 59.788 | Time: 137.631 |
[Eval] Epoch: 11 | Teacher Test Loss: 1.783 | Teacher Test Acc: 52.410 | Student Test Loss: 2.147 | Student Test Acc: 43.280 | Teacher Test F1: 0.521 | Student Test F1: 0.430 | Teacher Top 5 Accuracy: 0.822 | Student Top 5 Accuracy: 0.760 | Time: 2.436 | 
Running student landscape probe...
[LR policy] epoch=11 output=residual_log policy_pred=-0.260310 predicted_lr=0.597898 cosine_blend=0.750 lr_ema=0.000 cosine_after=0 next_student_lr=0.731229
[Train] Epoch: 12 | Teacher lr=0.7754 | Teacher Loss: 1.681 | Teacher Train Acc: 60.786 | Student lr=0.7312 | Student Train Acc: 61.120 | Time: 134.297 |
[Eval] Epoch: 12 | Teacher Test Loss: 1.773 | Teacher Test Acc: 52.060 | Student Test Loss: 2.566 | Student Test Acc: 37.340 | Teacher Test F1: 0.514 | Student Test F1: 0.366 | Teacher Top 5 Accuracy: 0.820 | Student Top 5 Accuracy: 0.689 | Time: 2.556 | 
Running student landscape probe...
[LR policy] epoch=12 output=residual_log policy_pred=-0.261493 predicted_lr=0.567569 cosine_blend=0.750 lr_ema=0.000 cosine_after=0 next_student_lr=0.694790
[Train] Epoch: 13 | Teacher lr=0.7369 | Teacher Loss: 1.635 | Teacher Train Acc: 62.278 | Student lr=0.6948 | Student Train Acc: 61.868 | Time: 137.207 |
[Eval] Epoch: 13 | Teacher Test Loss: 1.660 | Teacher Test Acc: 53.830 | Student Test Loss: 2.256 | Student Test Acc: 42.820 | Teacher Test F1: 0.526 | Student Test F1: 0.427 | Teacher Top 5 Accuracy: 0.840 | Student Top 5 Accuracy: 0.753 | Time: 2.727 | 
Running student landscape probe...
[LR policy] epoch=13 output=residual_log policy_pred=-0.268111 predicted_lr=0.532941 cosine_blend=0.750 lr_ema=0.000 cosine_after=0 next_student_lr=0.655847
[Train] Epoch: 14 | Teacher lr=0.6965 | Teacher Loss: 1.586 | Teacher Train Acc: 63.230 | Student lr=0.6558 | Student Train Acc: 62.642 | Time: 138.137 |
[Eval] Epoch: 14 | Teacher Test Loss: 1.543 | Teacher Test Acc: 56.940 | Student Test Loss: 2.482 | Student Test Acc: 40.250 | Teacher Test F1: 0.564 | Student Test F1: 0.388 | Teacher Top 5 Accuracy: 0.857 | Student Top 5 Accuracy: 0.710 | Time: 2.720 | 
Running student landscape probe...
[LR policy] epoch=14 output=residual_log policy_pred=-0.264670 predicted_lr=0.502574 cosine_blend=0.750 lr_ema=0.000 cosine_after=0 next_student_lr=0.616784
[Train] Epoch: 15 | Teacher lr=0.6545 | Teacher Loss: 1.546 | Teacher Train Acc: 64.462 | Student lr=0.6168 | Student Train Acc: 63.512 | Time: 138.795 |
[Eval] Epoch: 15 | Teacher Test Loss: 1.580 | Teacher Test Acc: 55.940 | Student Test Loss: 2.052 | Student Test Acc: 45.510 | Teacher Test F1: 0.552 | Student Test F1: 0.448 | Teacher Top 5 Accuracy: 0.849 | Student Top 5 Accuracy: 0.768 | Time: 2.608 | 
Running student landscape probe...
[LR policy] epoch=15 output=residual_log policy_pred=-0.263990 predicted_lr=0.469735 cosine_blend=0.750 lr_ema=0.000 cosine_after=0 next_student_lr=0.576171
[Train] Epoch: 16 | Teacher lr=0.6113 | Teacher Loss: 1.488 | Teacher Train Acc: 66.090 | Student lr=0.5762 | Student Train Acc: 64.594 | Time: 138.511 |
[Eval] Epoch: 16 | Teacher Test Loss: 1.506 | Teacher Test Acc: 57.350 | Student Test Loss: 2.229 | Student Test Acc: 43.090 | Teacher Test F1: 0.574 | Student Test F1: 0.434 | Teacher Top 5 Accuracy: 0.859 | Student Top 5 Accuracy: 0.749 | Time: 2.583 | 
Running student landscape probe...
[LR policy] epoch=16 output=residual_log policy_pred=-0.264846 predicted_lr=0.435494 cosine_blend=0.750 lr_ema=0.000 cosine_after=0 next_student_lr=0.534536
[Train] Epoch: 17 | Teacher lr=0.5671 | Teacher Loss: 1.448 | Teacher Train Acc: 67.198 | Student lr=0.5345 | Student Train Acc: 65.104 | Time: 137.324 |
[Eval] Epoch: 17 | Teacher Test Loss: 1.424 | Teacher Test Acc: 59.790 | Student Test Loss: 1.876 | Student Test Acc: 48.970 | Teacher Test F1: 0.594 | Student Test F1: 0.479 | Teacher Top 5 Accuracy: 0.869 | Student Top 5 Accuracy: 0.798 | Time: 2.626 | 
Running student landscape probe...
[LR policy] epoch=17 output=residual_log policy_pred=-0.262118 predicted_lr=0.402337 cosine_blend=0.750 lr_ema=0.000 cosine_after=0 next_student_lr=0.492767
[Train] Epoch: 18 | Teacher lr=0.5224 | Teacher Loss: 1.407 | Teacher Train Acc: 68.286 | Student lr=0.4928 | Student Train Acc: 66.198 | Time: 136.379 |
[Eval] Epoch: 18 | Teacher Test Loss: 1.440 | Teacher Test Acc: 59.480 | Student Test Loss: 2.034 | Student Test Acc: 48.070 | Teacher Test F1: 0.594 | Student Test F1: 0.473 | Teacher Top 5 Accuracy: 0.866 | Student Top 5 Accuracy: 0.774 | Time: 2.717 | 
Running student landscape probe...
[LR policy] epoch=18 output=residual_log policy_pred=-0.264434 predicted_lr=0.367001 cosine_blend=0.750 lr_ema=0.000 cosine_after=0 next_student_lr=0.450318
[Train] Epoch: 19 | Teacher lr=0.4776 | Teacher Loss: 1.350 | Teacher Train Acc: 69.774 | Student lr=0.4503 | Student Train Acc: 67.082 | Time: 138.534 |
[Eval] Epoch: 19 | Teacher Test Loss: 1.353 | Teacher Test Acc: 60.930 | Student Test Loss: 1.795 | Student Test Acc: 51.730 | Teacher Test F1: 0.606 | Student Test F1: 0.519 | Teacher Top 5 Accuracy: 0.884 | Student Top 5 Accuracy: 0.820 | Time: 2.519 | 
Running student landscape probe...
[LR policy] epoch=19 output=residual_log policy_pred=-0.261654 predicted_lr=0.333660 cosine_blend=0.750 lr_ema=0.000 cosine_after=0 next_student_lr=0.408503
[shock] epoch=20 forcing student_lr=0.500000 (window=20..21)
[Train] Epoch: 20 | Teacher lr=0.4329 | Teacher Loss: 1.325 | Teacher Train Acc: 71.176 | Student lr=0.5000 | Student Train Acc: 66.182 | Time: 139.464 |
[Eval] Epoch: 20 | Teacher Test Loss: 1.261 | Teacher Test Acc: 63.610 | Student Test Loss: 2.117 | Student Test Acc: 46.200 | Teacher Test F1: 0.637 | Student Test F1: 0.458 | Teacher Top 5 Accuracy: 0.898 | Student Top 5 Accuracy: 0.770 | Time: 2.497 | 
Running student landscape probe...
[LR policy] epoch=20 output=residual_log policy_pred=-0.262027 predicted_lr=0.299602 cosine_blend=0.750 lr_ema=0.000 cosine_after=0 next_student_lr=0.366913
[shock] epoch=21 forcing student_lr=0.500000 (window=20..21)
[Train] Epoch: 21 | Teacher lr=0.3887 | Teacher Loss: 1.278 | Teacher Train Acc: 72.610 | Student lr=0.5000 | Student Train Acc: 66.538 | Time: 135.212 |
[Eval] Epoch: 21 | Teacher Test Loss: 1.252 | Teacher Test Acc: 63.850 | Student Test Loss: 1.842 | Student Test Acc: 51.260 | Teacher Test F1: 0.637 | Student Test F1: 0.511 | Teacher Top 5 Accuracy: 0.897 | Student Top 5 Accuracy: 0.805 | Time: 2.690 | 
Running student landscape probe...
[LR policy] epoch=21 output=residual_log policy_pred=-0.263567 predicted_lr=0.265946 cosine_blend=0.750 lr_ema=0.000 cosine_after=0 next_student_lr=0.326096
[Train] Epoch: 22 | Teacher lr=0.3455 | Teacher Loss: 1.198 | Teacher Train Acc: 73.484 | Student lr=0.3261 | Student Train Acc: 69.748 | Time: 139.240 |
[Eval] Epoch: 22 | Teacher Test Loss: 1.271 | Teacher Test Acc: 63.590 | Student Test Loss: 1.720 | Student Test Acc: 54.580 | Teacher Test F1: 0.637 | Student Test F1: 0.551 | Teacher Top 5 Accuracy: 0.894 | Student Top 5 Accuracy: 0.829 | Time: 2.504 | 
Running student landscape probe...
[LR policy] epoch=22 output=residual_log policy_pred=-0.260972 predicted_lr=0.234314 cosine_blend=0.750 lr_ema=0.000 cosine_after=0 next_student_lr=0.286716
[Train] Epoch: 23 | Teacher lr=0.3035 | Teacher Loss: 1.147 | Teacher Train Acc: 75.330 | Student lr=0.2867 | Student Train Acc: 70.790 | Time: 135.034 |
[Eval] Epoch: 23 | Teacher Test Loss: 1.195 | Teacher Test Acc: 65.700 | Student Test Loss: 1.527 | Student Test Acc: 58.270 | Teacher Test F1: 0.657 | Student Test F1: 0.582 | Teacher Top 5 Accuracy: 0.904 | Student Top 5 Accuracy: 0.857 | Time: 2.693 | 
Running student landscape probe...
[LR policy] epoch=23 output=residual_log policy_pred=-0.263739 predicted_lr=0.202646 cosine_blend=0.750 lr_ema=0.000 cosine_after=0 next_student_lr=0.248514
[Train] Epoch: 24 | Teacher lr=0.2631 | Teacher Loss: 1.088 | Teacher Train Acc: 76.892 | Student lr=0.2485 | Student Train Acc: 72.172 | Time: 136.298 |
[Eval] Epoch: 24 | Teacher Test Loss: 1.146 | Teacher Test Acc: 66.920 | Student Test Loss: 1.778 | Student Test Acc: 53.630 | Teacher Test F1: 0.666 | Student Test F1: 0.538 | Teacher Top 5 Accuracy: 0.910 | Student Top 5 Accuracy: 0.815 | Time: 2.611 | 
Running student landscape probe...
[LR policy] epoch=24 output=residual_log policy_pred=-0.259328 predicted_lr=0.173855 cosine_blend=0.750 lr_ema=0.000 cosine_after=0 next_student_lr=0.212459
[Train] Epoch: 25 | Teacher lr=0.2246 | Teacher Loss: 1.028 | Teacher Train Acc: 78.660 | Student lr=0.2125 | Student Train Acc: 73.240 | Time: 139.184 |
[Eval] Epoch: 25 | Teacher Test Loss: 1.067 | Teacher Test Acc: 68.970 | Student Test Loss: 1.427 | Student Test Acc: 60.660 | Teacher Test F1: 0.687 | Student Test F1: 0.609 | Teacher Top 5 Accuracy: 0.918 | Student Top 5 Accuracy: 0.873 | Time: 2.626 | 
Running student landscape probe...
[LR policy] epoch=25 output=residual_log policy_pred=-0.263895 predicted_lr=0.145214 cosine_blend=0.750 lr_ema=0.000 cosine_after=0 next_student_lr=0.178104
[Train] Epoch: 26 | Teacher lr=0.1883 | Teacher Loss: 0.965 | Teacher Train Acc: 80.302 | Student lr=0.1781 | Student Train Acc: 74.714 | Time: 136.501 |
[Eval] Epoch: 26 | Teacher Test Loss: 1.078 | Teacher Test Acc: 68.500 | Student Test Loss: 1.433 | Student Test Acc: 60.820 | Teacher Test F1: 0.684 | Student Test F1: 0.606 | Teacher Top 5 Accuracy: 0.918 | Student Top 5 Accuracy: 0.873 | Time: 2.608 | 
Running student landscape probe...
[LR policy] epoch=26 output=residual_log policy_pred=-0.261521 predicted_lr=0.119573 cosine_blend=0.750 lr_ema=0.000 cosine_after=0 next_student_lr=0.146379
[Train] Epoch: 27 | Teacher lr=0.1545 | Teacher Loss: 0.905 | Teacher Train Acc: 81.966 | Student lr=0.1464 | Student Train Acc: 76.164 | Time: 139.245 |
[Eval] Epoch: 27 | Teacher Test Loss: 1.003 | Teacher Test Acc: 70.950 | Student Test Loss: 1.443 | Student Test Acc: 60.490 | Teacher Test F1: 0.709 | Student Test F1: 0.608 | Teacher Top 5 Accuracy: 0.930 | Student Top 5 Accuracy: 0.874 | Time: 2.656 | 
Running student landscape probe...
[LR policy] epoch=27 output=residual_log policy_pred=-0.261124 predicted_lr=0.095766 cosine_blend=0.750 lr_ema=0.000 cosine_after=0 next_student_lr=0.117197
[Train] Epoch: 28 | Teacher lr=0.1235 | Teacher Loss: 0.833 | Teacher Train Acc: 84.264 | Student lr=0.1172 | Student Train Acc: 77.658 | Time: 134.087 |
[Eval] Epoch: 28 | Teacher Test Loss: 0.979 | Teacher Test Acc: 71.410 | Student Test Loss: 1.344 | Student Test Acc: 62.920 | Teacher Test F1: 0.716 | Student Test F1: 0.633 | Teacher Top 5 Accuracy: 0.934 | Student Top 5 Accuracy: 0.889 | Time: 2.728 | 
Running student landscape probe...
[LR policy] epoch=28 output=residual_log policy_pred=-0.264216 predicted_lr=0.074014 cosine_blend=0.750 lr_ema=0.000 cosine_after=0 next_student_lr=0.090800
[Train] Epoch: 29 | Teacher lr=0.0955 | Teacher Loss: 0.770 | Teacher Train Acc: 86.052 | Student lr=0.0908 | Student Train Acc: 79.154 | Time: 138.054 |
[Eval] Epoch: 29 | Teacher Test Loss: 0.950 | Teacher Test Acc: 72.540 | Student Test Loss: 1.307 | Student Test Acc: 64.170 | Teacher Test F1: 0.726 | Student Test F1: 0.640 | Teacher Top 5 Accuracy: 0.933 | Student Top 5 Accuracy: 0.894 | Time: 2.332 | 
Running student landscape probe...
[LR policy] epoch=29 output=residual_log policy_pred=-0.262801 predicted_lr=0.055133 cosine_blend=0.750 lr_ema=0.000 cosine_after=0 next_student_lr=0.067562
[Train] Epoch: 30 | Teacher lr=0.0708 | Teacher Loss: 0.705 | Teacher Train Acc: 87.902 | Student lr=0.0676 | Student Train Acc: 80.676 | Time: 138.824 |
[Eval] Epoch: 30 | Teacher Test Loss: 0.925 | Teacher Test Acc: 72.990 | Student Test Loss: 1.211 | Student Test Acc: 66.880 | Teacher Test F1: 0.731 | Student Test F1: 0.668 | Teacher Top 5 Accuracy: 0.938 | Student Top 5 Accuracy: 0.903 | Time: 2.400 | 
Running student landscape probe...
[LR policy] epoch=30 output=residual_log policy_pred=-0.265658 predicted_lr=0.038692 cosine_blend=0.750 lr_ema=0.000 cosine_after=0 next_student_lr=0.047523
[Train] Epoch: 31 | Teacher lr=0.0495 | Teacher Loss: 0.641 | Teacher Train Acc: 89.534 | Student lr=0.0475 | Student Train Acc: 82.596 | Time: 137.703 |
[Eval] Epoch: 31 | Teacher Test Loss: 0.891 | Teacher Test Acc: 74.380 | Student Test Loss: 1.186 | Student Test Acc: 66.980 | Teacher Test F1: 0.743 | Student Test F1: 0.670 | Teacher Top 5 Accuracy: 0.939 | Student Top 5 Accuracy: 0.907 | Time: 2.393 | 
Running student landscape probe...
[LR policy] epoch=31 output=residual_log policy_pred=-0.261436 predicted_lr=0.025293 cosine_blend=0.750 lr_ema=0.000 cosine_after=0 next_student_lr=0.030961
[Train] Epoch: 32 | Teacher lr=0.0319 | Teacher Loss: 0.586 | Teacher Train Acc: 90.952 | Student lr=0.0310 | Student Train Acc: 84.240 | Time: 137.273 |
[Eval] Epoch: 32 | Teacher Test Loss: 0.880 | Teacher Test Acc: 74.640 | Student Test Loss: 1.167 | Student Test Acc: 67.930 | Teacher Test F1: 0.747 | Student Test F1: 0.679 | Teacher Top 5 Accuracy: 0.942 | Student Top 5 Accuracy: 0.912 | Time: 2.349 | 
Running student landscape probe...
[LR policy] epoch=32 output=residual_log policy_pred=-0.267877 predicted_lr=0.014535 cosine_blend=0.750 lr_ema=0.000 cosine_after=0 next_student_lr=0.017884
[Train] Epoch: 33 | Teacher lr=0.0180 | Teacher Loss: 0.539 | Teacher Train Acc: 91.892 | Student lr=0.0179 | Student Train Acc: 85.866 | Time: 139.548 |
[Eval] Epoch: 33 | Teacher Test Loss: 0.873 | Teacher Test Acc: 74.850 | Student Test Loss: 1.133 | Student Test Acc: 68.700 | Teacher Test F1: 0.749 | Student Test F1: 0.686 | Teacher Top 5 Accuracy: 0.942 | Student Top 5 Accuracy: 0.915 | Time: 2.431 | 
Running student landscape probe...
[LR policy] epoch=33 output=residual_log policy_pred=-0.263556 predicted_lr=0.006936 cosine_blend=0.750 lr_ema=0.000 cosine_after=0 next_student_lr=0.008504
[Train] Epoch: 34 | Teacher lr=0.0080 | Teacher Loss: 0.505 | Teacher Train Acc: 92.942 | Student lr=0.0085 | Student Train Acc: 87.008 | Time: 136.932 |
[Eval] Epoch: 34 | Teacher Test Loss: 0.870 | Teacher Test Acc: 75.040 | Student Test Loss: 1.107 | Student Test Acc: 69.500 | Teacher Test F1: 0.751 | Student Test F1: 0.695 | Teacher Top 5 Accuracy: 0.943 | Student Top 5 Accuracy: 0.917 | Time: 2.597 | 
Running student landscape probe...
[LR policy] epoch=34 output=residual_log policy_pred=-0.266792 predicted_lr=0.002306 cosine_blend=0.750 lr_ema=0.000 cosine_after=0 next_student_lr=0.002835
[Train] Epoch: 35 | Teacher lr=0.0020 | Teacher Loss: 0.484 | Teacher Train Acc: 93.288 | Student lr=0.0028 | Student Train Acc: 87.784 | Time: 139.783 |
[Eval] Epoch: 35 | Teacher Test Loss: 0.867 | Teacher Test Acc: 75.040 | Student Test Loss: 1.098 | Student Test Acc: 69.840 | Teacher Test F1: 0.751 | Student Test F1: 0.698 | Teacher Top 5 Accuracy: 0.943 | Student Top 5 Accuracy: 0.920 | Time: 2.415 | 
Running student landscape probe...
[LR policy] epoch=35 output=residual_log policy_pred=-0.263941 predicted_lr=0.001000 cosine_blend=0.750 lr_ema=0.000 cosine_after=0 next_student_lr=0.001000
ckpt location: ckpt/robust12h_stars/patchtst_shock05_seed1_35ep.pt
