/home/jovyan/.mlspace/envs/egy_llm/lib/python3.11/site-packages/torchvision/datasets/cifar.py:83: VisibleDeprecationWarning: dtype(): align should be passed as Python or NumPy boolean but got `align=0`. Did you mean to pass a tuple to create a subarray type? (Deprecated NumPy 2.4)
  entry = pickle.load(f, encoding="latin1")
depth_list: [110, 20]
[LR policy] loaded checkpoint=checkpoints/policies_beatcos/patchtst_seed0/policy.pt,checkpoints/policies_beatcos/patchtst_seed2/policy.pt,checkpoints/policies_beatcos/patchtst_seed5/policy.pt,checkpoints/policies_beatcos/patchtst_seed7/policy.pt,checkpoints/policies_beatcos/patchtst_seed4/policy.pt model_type=patchtst input_dim=230 n_models=5
Dataset information: cifar100	 50000 images for training 	 10000 images for testing	
teacher depth: 110
student depth: 20
Total number of teacher parameters: 1,169,972
Total number of student parameters: 278,132
Snapshots will be saved to: snapshots/robust12h_stars/patchtst_shock05_seed4_35ep
==== train and evaluate unequal restart ====
[Eval] Epoch: 0 | Teacher Test Loss: 8723.027 | Teacher Test Acc: 1.000 | Student Test Loss: 5.114 | Student Test Acc: 0.930 | Teacher Test F1: 0.000 | Student Test F1: 0.001 | Teacher Top 5 Accuracy: 0.050 | Student Top 5 Accuracy: 0.051 | Time: 2.446 | 
Running student landscape probe...
[Train] Epoch: 1 | Teacher lr=1.0000 | Teacher Loss: 4.025 | Teacher Train Acc: 9.732 | Student lr=0.0100 | Student Train Acc: 7.168 | Time: 137.345 |
[Eval] Epoch: 1 | Teacher Test Loss: 3.611 | Teacher Test Acc: 14.150 | Student Test Loss: 3.827 | Student Test Acc: 11.010 | Teacher Test F1: 0.108 | Student Test F1: 0.075 | Teacher Top 5 Accuracy: 0.392 | Student Top 5 Accuracy: 0.318 | Time: 2.692 | 
Running student landscape probe...
[LR policy] epoch=1 output=residual_log policy_pred=-0.217598 predicted_lr=0.802831 cosine_blend=0.750 lr_ema=0.000 cosine_after=0 next_student_lr=0.997989
[Train] Epoch: 2 | Teacher lr=0.9980 | Teacher Loss: 3.457 | Teacher Train Acc: 20.358 | Student lr=0.9980 | Student Train Acc: 16.442 | Time: 136.964 |
[Eval] Epoch: 2 | Teacher Test Loss: 3.282 | Teacher Test Acc: 20.360 | Student Test Loss: 3.702 | Student Test Acc: 19.110 | Teacher Test F1: 0.175 | Student Test F1: 0.164 | Teacher Top 5 Accuracy: 0.516 | Student Top 5 Accuracy: 0.466 | Time: 2.675 | 
Running student landscape probe...
[LR policy] epoch=2 output=residual_log policy_pred=-0.204431 predicted_lr=0.808568 cosine_blend=0.750 lr_ema=0.000 cosine_after=0 next_student_lr=0.991973
[Train] Epoch: 3 | Teacher lr=0.9920 | Teacher Loss: 2.864 | Teacher Train Acc: 31.880 | Student lr=0.9920 | Student Train Acc: 39.234 | Time: 137.231 |
[Eval] Epoch: 3 | Teacher Test Loss: 3.012 | Teacher Test Acc: 25.740 | Student Test Loss: 3.101 | Student Test Acc: 26.620 | Teacher Test F1: 0.233 | Student Test F1: 0.237 | Teacher Top 5 Accuracy: 0.577 | Student Top 5 Accuracy: 0.565 | Time: 2.649 | 
Running student landscape probe...
[LR policy] epoch=3 output=residual_log policy_pred=-0.252387 predicted_lr=0.762958 cosine_blend=0.750 lr_ema=0.000 cosine_after=0 next_student_lr=0.981999
[Train] Epoch: 4 | Teacher lr=0.9820 | Teacher Loss: 2.565 | Teacher Train Acc: 38.788 | Student lr=0.9820 | Student Train Acc: 47.288 | Time: 137.169 |
[Eval] Epoch: 4 | Teacher Test Loss: 2.486 | Teacher Test Acc: 34.810 | Student Test Loss: 2.351 | Student Test Acc: 36.630 | Teacher Test F1: 0.338 | Student Test F1: 0.357 | Teacher Top 5 Accuracy: 0.691 | Student Top 5 Accuracy: 0.709 | Time: 2.586 | 
Running student landscape probe...
[LR policy] epoch=4 output=residual_log policy_pred=-0.224389 predicted_lr=0.773555 cosine_blend=0.750 lr_ema=0.000 cosine_after=0 next_student_lr=0.968149
[Train] Epoch: 5 | Teacher lr=0.9681 | Teacher Loss: 2.263 | Teacher Train Acc: 45.626 | Student lr=0.9681 | Student Train Acc: 51.256 | Time: 133.873 |
[Eval] Epoch: 5 | Teacher Test Loss: 2.170 | Teacher Test Acc: 41.390 | Student Test Loss: 2.193 | Student Test Acc: 40.450 | Teacher Test F1: 0.411 | Student Test F1: 0.407 | Teacher Top 5 Accuracy: 0.756 | Student Top 5 Accuracy: 0.749 | Time: 2.671 | 
Running student landscape probe...
[LR policy] epoch=5 output=residual_log policy_pred=-0.255677 predicted_lr=0.736086 cosine_blend=0.750 lr_ema=0.000 cosine_after=0 next_student_lr=0.950534
[Train] Epoch: 6 | Teacher lr=0.9505 | Teacher Loss: 2.106 | Teacher Train Acc: 49.672 | Student lr=0.9505 | Student Train Acc: 54.064 | Time: 136.585 |
[Eval] Epoch: 6 | Teacher Test Loss: 2.233 | Teacher Test Acc: 41.280 | Student Test Loss: 2.305 | Student Test Acc: 40.810 | Teacher Test F1: 0.406 | Student Test F1: 0.401 | Teacher Top 5 Accuracy: 0.736 | Student Top 5 Accuracy: 0.732 | Time: 2.697 | 
Running student landscape probe...
[LR policy] epoch=6 output=residual_log policy_pred=-0.222077 predicted_lr=0.744229 cosine_blend=0.750 lr_ema=0.000 cosine_after=0 next_student_lr=0.929295
[Train] Epoch: 7 | Teacher lr=0.9292 | Teacher Loss: 1.999 | Teacher Train Acc: 52.544 | Student lr=0.9293 | Student Train Acc: 55.648 | Time: 137.705 |
[Eval] Epoch: 7 | Teacher Test Loss: 2.147 | Teacher Test Acc: 42.140 | Student Test Loss: 2.215 | Student Test Acc: 40.360 | Teacher Test F1: 0.416 | Student Test F1: 0.392 | Teacher Top 5 Accuracy: 0.750 | Student Top 5 Accuracy: 0.732 | Time: 2.698 | 
Running student landscape probe...
[LR policy] epoch=7 output=residual_log policy_pred=-0.256574 predicted_lr=0.699890 cosine_blend=0.750 lr_ema=0.000 cosine_after=0 next_student_lr=0.904604
[Train] Epoch: 8 | Teacher lr=0.9045 | Teacher Loss: 1.909 | Teacher Train Acc: 55.002 | Student lr=0.9046 | Student Train Acc: 57.254 | Time: 136.227 |
[Eval] Epoch: 8 | Teacher Test Loss: 2.047 | Teacher Test Acc: 45.060 | Student Test Loss: 2.875 | Student Test Acc: 33.640 | Teacher Test F1: 0.448 | Student Test F1: 0.323 | Teacher Top 5 Accuracy: 0.784 | Student Top 5 Accuracy: 0.643 | Time: 2.624 | 
Running student landscape probe...
[LR policy] epoch=8 output=residual_log policy_pred=-0.231208 predicted_lr=0.695694 cosine_blend=0.750 lr_ema=0.000 cosine_after=0 next_student_lr=0.876659
[Train] Epoch: 9 | Teacher lr=0.8765 | Teacher Loss: 1.933 | Teacher Train Acc: 54.514 | Student lr=0.8767 | Student Train Acc: 57.920 | Time: 137.147 |
[Eval] Epoch: 9 | Teacher Test Loss: 1.750 | Teacher Test Acc: 51.380 | Student Test Loss: 2.421 | Student Test Acc: 39.360 | Teacher Test F1: 0.509 | Student Test F1: 0.395 | Teacher Top 5 Accuracy: 0.822 | Student Top 5 Accuracy: 0.717 | Time: 2.481 | 
Running student landscape probe...
[LR policy] epoch=9 output=residual_log policy_pred=-0.263771 predicted_lr=0.649613 cosine_blend=0.750 lr_ema=0.000 cosine_after=0 next_student_lr=0.845686
[Train] Epoch: 10 | Teacher lr=0.8455 | Teacher Loss: 1.771 | Teacher Train Acc: 58.258 | Student lr=0.8457 | Student Train Acc: 59.088 | Time: 135.140 |
[Eval] Epoch: 10 | Teacher Test Loss: 1.728 | Teacher Test Acc: 51.600 | Student Test Loss: 2.236 | Student Test Acc: 42.230 | Teacher Test F1: 0.508 | Student Test F1: 0.409 | Teacher Top 5 Accuracy: 0.830 | Student Top 5 Accuracy: 0.741 | Time: 2.453 | 
Running student landscape probe...
[LR policy] epoch=10 output=residual_log policy_pred=-0.253336 predicted_lr=0.630229 cosine_blend=0.750 lr_ema=0.000 cosine_after=0 next_student_lr=0.811933
[Train] Epoch: 11 | Teacher lr=0.8117 | Teacher Loss: 1.719 | Teacher Train Acc: 59.962 | Student lr=0.8119 | Student Train Acc: 60.016 | Time: 136.488 |
[Eval] Epoch: 11 | Teacher Test Loss: 1.831 | Teacher Test Acc: 49.380 | Student Test Loss: 2.176 | Student Test Acc: 42.340 | Teacher Test F1: 0.490 | Student Test F1: 0.419 | Teacher Top 5 Accuracy: 0.805 | Student Top 5 Accuracy: 0.748 | Time: 2.508 | 
Running student landscape probe...
[LR policy] epoch=11 output=residual_log policy_pred=-0.261034 predicted_lr=0.597466 cosine_blend=0.750 lr_ema=0.000 cosine_after=0 next_student_lr=0.731121
[Train] Epoch: 12 | Teacher lr=0.7754 | Teacher Loss: 1.668 | Teacher Train Acc: 61.098 | Student lr=0.7311 | Student Train Acc: 61.174 | Time: 136.295 |
[Eval] Epoch: 12 | Teacher Test Loss: 1.569 | Teacher Test Acc: 55.660 | Student Test Loss: 2.066 | Student Test Acc: 45.820 | Teacher Test F1: 0.549 | Student Test F1: 0.453 | Teacher Top 5 Accuracy: 0.852 | Student Top 5 Accuracy: 0.777 | Time: 2.438 | 
Running student landscape probe...
[LR policy] epoch=12 output=residual_log policy_pred=-0.262625 predicted_lr=0.566927 cosine_blend=0.750 lr_ema=0.000 cosine_after=0 next_student_lr=0.694630
[Train] Epoch: 13 | Teacher lr=0.7369 | Teacher Loss: 1.620 | Teacher Train Acc: 62.582 | Student lr=0.6946 | Student Train Acc: 61.904 | Time: 133.684 |
[Eval] Epoch: 13 | Teacher Test Loss: 1.678 | Teacher Test Acc: 53.320 | Student Test Loss: 2.440 | Student Test Acc: 38.300 | Teacher Test F1: 0.532 | Student Test F1: 0.376 | Teacher Top 5 Accuracy: 0.834 | Student Top 5 Accuracy: 0.713 | Time: 2.645 | 
Running student landscape probe...
[LR policy] epoch=13 output=residual_log policy_pred=-0.261456 predicted_lr=0.536500 cosine_blend=0.750 lr_ema=0.000 cosine_after=0 next_student_lr=0.656737
[Train] Epoch: 14 | Teacher lr=0.6965 | Teacher Loss: 1.573 | Teacher Train Acc: 63.526 | Student lr=0.6567 | Student Train Acc: 62.744 | Time: 135.934 |
[Eval] Epoch: 14 | Teacher Test Loss: 1.744 | Teacher Test Acc: 51.340 | Student Test Loss: 1.992 | Student Test Acc: 46.910 | Teacher Test F1: 0.513 | Student Test F1: 0.468 | Teacher Top 5 Accuracy: 0.824 | Student Top 5 Accuracy: 0.789 | Time: 2.477 | 
Running student landscape probe...
[LR policy] epoch=14 output=residual_log policy_pred=-0.260727 predicted_lr=0.504559 cosine_blend=0.750 lr_ema=0.000 cosine_after=0 next_student_lr=0.617280
[Train] Epoch: 15 | Teacher lr=0.6545 | Teacher Loss: 1.533 | Teacher Train Acc: 64.900 | Student lr=0.6173 | Student Train Acc: 63.694 | Time: 136.982 |
[Eval] Epoch: 15 | Teacher Test Loss: 1.495 | Teacher Test Acc: 57.750 | Student Test Loss: 1.769 | Student Test Acc: 51.930 | Teacher Test F1: 0.578 | Student Test F1: 0.512 | Teacher Top 5 Accuracy: 0.862 | Student Top 5 Accuracy: 0.813 | Time: 2.679 | 
Running student landscape probe...
[LR policy] epoch=15 output=residual_log policy_pred=-0.261457 predicted_lr=0.470926 cosine_blend=0.750 lr_ema=0.000 cosine_after=0 next_student_lr=0.576469
[Train] Epoch: 16 | Teacher lr=0.6113 | Teacher Loss: 1.485 | Teacher Train Acc: 66.176 | Student lr=0.5765 | Student Train Acc: 64.320 | Time: 134.804 |
[Eval] Epoch: 16 | Teacher Test Loss: 1.418 | Teacher Test Acc: 59.720 | Student Test Loss: 1.969 | Student Test Acc: 47.050 | Teacher Test F1: 0.599 | Student Test F1: 0.480 | Teacher Top 5 Accuracy: 0.874 | Student Top 5 Accuracy: 0.785 | Time: 2.614 | 
Running student landscape probe...
[LR policy] epoch=16 output=residual_log policy_pred=-0.259304 predicted_lr=0.437915 cosine_blend=0.750 lr_ema=0.000 cosine_after=0 next_student_lr=0.535141
[Train] Epoch: 17 | Teacher lr=0.5671 | Teacher Loss: 1.441 | Teacher Train Acc: 67.242 | Student lr=0.5351 | Student Train Acc: 65.532 | Time: 136.645 |
[Eval] Epoch: 17 | Teacher Test Loss: 1.475 | Teacher Test Acc: 57.810 | Student Test Loss: 1.930 | Student Test Acc: 49.500 | Teacher Test F1: 0.578 | Student Test F1: 0.486 | Teacher Top 5 Accuracy: 0.869 | Student Top 5 Accuracy: 0.804 | Time: 2.689 | 
Running student landscape probe...
[LR policy] epoch=17 output=residual_log policy_pred=-0.267706 predicted_lr=0.400096 cosine_blend=0.750 lr_ema=0.000 cosine_after=0 next_student_lr=0.492206
[Train] Epoch: 18 | Teacher lr=0.5224 | Teacher Loss: 1.389 | Teacher Train Acc: 68.912 | Student lr=0.4922 | Student Train Acc: 66.402 | Time: 137.011 |
[Eval] Epoch: 18 | Teacher Test Loss: 1.321 | Teacher Test Acc: 61.790 | Student Test Loss: 1.808 | Student Test Acc: 50.360 | Teacher Test F1: 0.615 | Student Test F1: 0.502 | Teacher Top 5 Accuracy: 0.885 | Student Top 5 Accuracy: 0.817 | Time: 2.586 | 
Running student landscape probe...
[LR policy] epoch=18 output=residual_log policy_pred=-0.264072 predicted_lr=0.367134 cosine_blend=0.750 lr_ema=0.000 cosine_after=0 next_student_lr=0.450351
[Train] Epoch: 19 | Teacher lr=0.4776 | Teacher Loss: 1.349 | Teacher Train Acc: 69.812 | Student lr=0.4504 | Student Train Acc: 67.242 | Time: 137.470 |
[Eval] Epoch: 19 | Teacher Test Loss: 1.303 | Teacher Test Acc: 62.680 | Student Test Loss: 1.979 | Student Test Acc: 47.420 | Teacher Test F1: 0.623 | Student Test F1: 0.470 | Teacher Top 5 Accuracy: 0.891 | Student Top 5 Accuracy: 0.787 | Time: 2.586 | 
Running student landscape probe...
[LR policy] epoch=19 output=residual_log policy_pred=-0.262767 predicted_lr=0.333289 cosine_blend=0.750 lr_ema=0.000 cosine_after=0 next_student_lr=0.408410
[shock] epoch=20 forcing student_lr=0.500000 (window=20..21)
[Train] Epoch: 20 | Teacher lr=0.4329 | Teacher Loss: 1.313 | Teacher Train Acc: 71.490 | Student lr=0.5000 | Student Train Acc: 66.318 | Time: 137.768 |
[Eval] Epoch: 20 | Teacher Test Loss: 1.324 | Teacher Test Acc: 62.070 | Student Test Loss: 1.961 | Student Test Acc: 48.220 | Teacher Test F1: 0.618 | Student Test F1: 0.482 | Teacher Top 5 Accuracy: 0.887 | Student Top 5 Accuracy: 0.800 | Time: 2.564 | 
Running student landscape probe...
[LR policy] epoch=20 output=residual_log policy_pred=-0.265115 predicted_lr=0.298678 cosine_blend=0.750 lr_ema=0.000 cosine_after=0 next_student_lr=0.366683
[shock] epoch=21 forcing student_lr=0.500000 (window=20..21)
[Train] Epoch: 21 | Teacher lr=0.3887 | Teacher Loss: 1.270 | Teacher Train Acc: 72.660 | Student lr=0.5000 | Student Train Acc: 66.404 | Time: 137.201 |
[Eval] Epoch: 21 | Teacher Test Loss: 1.245 | Teacher Test Acc: 64.470 | Student Test Loss: 2.412 | Student Test Acc: 40.860 | Teacher Test F1: 0.642 | Student Test F1: 0.409 | Teacher Top 5 Accuracy: 0.896 | Student Top 5 Accuracy: 0.730 | Time: 2.582 | 
Running student landscape probe...
[LR policy] epoch=21 output=residual_log policy_pred=-0.259807 predicted_lr=0.266948 cosine_blend=0.750 lr_ema=0.000 cosine_after=0 next_student_lr=0.326347
[Train] Epoch: 22 | Teacher lr=0.3455 | Teacher Loss: 1.187 | Teacher Train Acc: 73.828 | Student lr=0.3263 | Student Train Acc: 70.234 | Time: 137.404 |
[Eval] Epoch: 22 | Teacher Test Loss: 1.190 | Teacher Test Acc: 65.730 | Student Test Loss: 1.758 | Student Test Acc: 52.720 | Teacher Test F1: 0.657 | Student Test F1: 0.538 | Teacher Top 5 Accuracy: 0.907 | Student Top 5 Accuracy: 0.826 | Time: 2.583 | 
Running student landscape probe...
[LR policy] epoch=22 output=residual_log policy_pred=-0.264993 predicted_lr=0.233373 cosine_blend=0.750 lr_ema=0.000 cosine_after=0 next_student_lr=0.286481
[Train] Epoch: 23 | Teacher lr=0.3035 | Teacher Loss: 1.141 | Teacher Train Acc: 75.344 | Student lr=0.2865 | Student Train Acc: 71.324 | Time: 137.522 |
[Eval] Epoch: 23 | Teacher Test Loss: 1.261 | Teacher Test Acc: 64.160 | Student Test Loss: 1.759 | Student Test Acc: 53.950 | Teacher Test F1: 0.639 | Student Test F1: 0.546 | Teacher Top 5 Accuracy: 0.897 | Student Top 5 Accuracy: 0.822 | Time: 2.614 | 
Running student landscape probe...
[LR policy] epoch=23 output=residual_log policy_pred=-0.258927 predicted_lr=0.203624 cosine_blend=0.750 lr_ema=0.000 cosine_after=0 next_student_lr=0.248758
[Train] Epoch: 24 | Teacher lr=0.2631 | Teacher Loss: 1.086 | Teacher Train Acc: 76.940 | Student lr=0.2488 | Student Train Acc: 72.430 | Time: 135.101 |
[Eval] Epoch: 24 | Teacher Test Loss: 1.142 | Teacher Test Acc: 66.570 | Student Test Loss: 1.840 | Student Test Acc: 52.100 | Teacher Test F1: 0.665 | Student Test F1: 0.522 | Teacher Top 5 Accuracy: 0.913 | Student Top 5 Accuracy: 0.816 | Time: 2.541 | 
Running student landscape probe...
[LR policy] epoch=24 output=residual_log policy_pred=-0.261860 predicted_lr=0.173416 cosine_blend=0.750 lr_ema=0.000 cosine_after=0 next_student_lr=0.212349
[Train] Epoch: 25 | Teacher lr=0.2246 | Teacher Loss: 1.033 | Teacher Train Acc: 78.370 | Student lr=0.2123 | Student Train Acc: 73.148 | Time: 137.466 |
[Eval] Epoch: 25 | Teacher Test Loss: 1.132 | Teacher Test Acc: 66.740 | Student Test Loss: 1.511 | Student Test Acc: 58.100 | Teacher Test F1: 0.669 | Student Test F1: 0.579 | Teacher Top 5 Accuracy: 0.918 | Student Top 5 Accuracy: 0.864 | Time: 2.640 | 
Running student landscape probe...
[LR policy] epoch=25 output=residual_log policy_pred=-0.264200 predicted_lr=0.145169 cosine_blend=0.750 lr_ema=0.000 cosine_after=0 next_student_lr=0.178092
[Train] Epoch: 26 | Teacher lr=0.1883 | Teacher Loss: 0.967 | Teacher Train Acc: 80.238 | Student lr=0.1781 | Student Train Acc: 74.614 | Time: 137.246 |
[Eval] Epoch: 26 | Teacher Test Loss: 1.048 | Teacher Test Acc: 69.780 | Student Test Loss: 1.434 | Student Test Acc: 60.520 | Teacher Test F1: 0.696 | Student Test F1: 0.606 | Teacher Top 5 Accuracy: 0.923 | Student Top 5 Accuracy: 0.874 | Time: 2.647 | 
Running student landscape probe...
[LR policy] epoch=26 output=residual_log policy_pred=-0.261177 predicted_lr=0.119614 cosine_blend=0.750 lr_ema=0.000 cosine_after=0 next_student_lr=0.146389
[Train] Epoch: 27 | Teacher lr=0.1545 | Teacher Loss: 0.902 | Teacher Train Acc: 82.142 | Student lr=0.1464 | Student Train Acc: 76.302 | Time: 137.374 |
[Eval] Epoch: 27 | Teacher Test Loss: 0.994 | Teacher Test Acc: 71.690 | Student Test Loss: 1.527 | Student Test Acc: 58.250 | Teacher Test F1: 0.715 | Student Test F1: 0.592 | Teacher Top 5 Accuracy: 0.930 | Student Top 5 Accuracy: 0.870 | Time: 2.596 | 
Running student landscape probe...
[LR policy] epoch=27 output=residual_log policy_pred=-0.266872 predicted_lr=0.095217 cosine_blend=0.750 lr_ema=0.000 cosine_after=0 next_student_lr=0.117060
[Train] Epoch: 28 | Teacher lr=0.1235 | Teacher Loss: 0.837 | Teacher Train Acc: 84.216 | Student lr=0.1171 | Student Train Acc: 77.526 | Time: 137.301 |
[Eval] Epoch: 28 | Teacher Test Loss: 0.959 | Teacher Test Acc: 72.060 | Student Test Loss: 1.281 | Student Test Acc: 64.240 | Teacher Test F1: 0.720 | Student Test F1: 0.644 | Teacher Top 5 Accuracy: 0.933 | Student Top 5 Accuracy: 0.894 | Time: 2.602 | 
Running student landscape probe...
[LR policy] epoch=28 output=residual_log policy_pred=-0.264126 predicted_lr=0.074020 cosine_blend=0.750 lr_ema=0.000 cosine_after=0 next_student_lr=0.090802
[Train] Epoch: 29 | Teacher lr=0.0955 | Teacher Loss: 0.770 | Teacher Train Acc: 85.970 | Student lr=0.0908 | Student Train Acc: 79.066 | Time: 137.526 |
[Eval] Epoch: 29 | Teacher Test Loss: 0.930 | Teacher Test Acc: 73.080 | Student Test Loss: 1.377 | Student Test Acc: 63.320 | Teacher Test F1: 0.731 | Student Test F1: 0.633 | Teacher Top 5 Accuracy: 0.938 | Student Top 5 Accuracy: 0.886 | Time: 2.577 | 
Running student landscape probe...
[LR policy] epoch=29 output=residual_log policy_pred=-0.267261 predicted_lr=0.054888 cosine_blend=0.750 lr_ema=0.000 cosine_after=0 next_student_lr=0.067501
[Train] Epoch: 30 | Teacher lr=0.0708 | Teacher Loss: 0.705 | Teacher Train Acc: 87.824 | Student lr=0.0675 | Student Train Acc: 80.828 | Time: 134.751 |
[Eval] Epoch: 30 | Teacher Test Loss: 0.901 | Teacher Test Acc: 73.390 | Student Test Loss: 1.227 | Student Test Acc: 66.220 | Teacher Test F1: 0.734 | Student Test F1: 0.660 | Teacher Top 5 Accuracy: 0.941 | Student Top 5 Accuracy: 0.903 | Time: 2.711 | 
Running student landscape probe...
[LR policy] epoch=30 output=residual_log policy_pred=-0.265324 predicted_lr=0.038705 cosine_blend=0.750 lr_ema=0.000 cosine_after=0 next_student_lr=0.047526
[Train] Epoch: 31 | Teacher lr=0.0495 | Teacher Loss: 0.639 | Teacher Train Acc: 89.568 | Student lr=0.0475 | Student Train Acc: 82.976 | Time: 137.255 |
[Eval] Epoch: 31 | Teacher Test Loss: 0.886 | Teacher Test Acc: 74.380 | Student Test Loss: 1.185 | Student Test Acc: 67.430 | Teacher Test F1: 0.744 | Student Test F1: 0.674 | Teacher Top 5 Accuracy: 0.941 | Student Top 5 Accuracy: 0.911 | Time: 2.576 | 
Running student landscape probe...
[LR policy] epoch=31 output=residual_log policy_pred=-0.263052 predicted_lr=0.025252 cosine_blend=0.750 lr_ema=0.000 cosine_after=0 next_student_lr=0.030951
[Train] Epoch: 32 | Teacher lr=0.0319 | Teacher Loss: 0.584 | Teacher Train Acc: 91.000 | Student lr=0.0310 | Student Train Acc: 84.270 | Time: 136.367 |
[Eval] Epoch: 32 | Teacher Test Loss: 0.875 | Teacher Test Acc: 74.750 | Student Test Loss: 1.182 | Student Test Acc: 67.800 | Teacher Test F1: 0.747 | Student Test F1: 0.677 | Teacher Top 5 Accuracy: 0.942 | Student Top 5 Accuracy: 0.910 | Time: 2.625 | 
Running student landscape probe...
[LR policy] epoch=32 output=residual_log policy_pred=-0.263888 predicted_lr=0.014594 cosine_blend=0.750 lr_ema=0.000 cosine_after=0 next_student_lr=0.017899
[Train] Epoch: 33 | Teacher lr=0.0180 | Teacher Loss: 0.538 | Teacher Train Acc: 92.064 | Student lr=0.0179 | Student Train Acc: 85.744 | Time: 135.814 |
[Eval] Epoch: 33 | Teacher Test Loss: 0.867 | Teacher Test Acc: 75.110 | Student Test Loss: 1.131 | Student Test Acc: 69.270 | Teacher Test F1: 0.751 | Student Test F1: 0.692 | Teacher Top 5 Accuracy: 0.941 | Student Top 5 Accuracy: 0.916 | Time: 2.395 | 
Running student landscape probe...
[LR policy] epoch=33 output=residual_log policy_pred=-0.264528 predicted_lr=0.006929 cosine_blend=0.750 lr_ema=0.000 cosine_after=0 next_student_lr=0.008503
[Train] Epoch: 34 | Teacher lr=0.0080 | Teacher Loss: 0.503 | Teacher Train Acc: 92.870 | Student lr=0.0085 | Student Train Acc: 87.050 | Time: 137.397 |
[Eval] Epoch: 34 | Teacher Test Loss: 0.861 | Teacher Test Acc: 75.240 | Student Test Loss: 1.116 | Student Test Acc: 69.410 | Teacher Test F1: 0.752 | Student Test F1: 0.694 | Teacher Top 5 Accuracy: 0.942 | Student Top 5 Accuracy: 0.919 | Time: 2.455 | 
Running student landscape probe...
[LR policy] epoch=34 output=residual_log policy_pred=-0.262746 predicted_lr=0.002315 cosine_blend=0.750 lr_ema=0.000 cosine_after=0 next_student_lr=0.002837
[Train] Epoch: 35 | Teacher lr=0.0020 | Teacher Loss: 0.486 | Teacher Train Acc: 93.148 | Student lr=0.0028 | Student Train Acc: 87.774 | Time: 136.595 |
[Eval] Epoch: 35 | Teacher Test Loss: 0.859 | Teacher Test Acc: 75.400 | Student Test Loss: 1.106 | Student Test Acc: 69.510 | Teacher Test F1: 0.754 | Student Test F1: 0.695 | Teacher Top 5 Accuracy: 0.943 | Student Top 5 Accuracy: 0.920 | Time: 2.462 | 
Running student landscape probe...
[LR policy] epoch=35 output=residual_log policy_pred=-0.265528 predicted_lr=0.001000 cosine_blend=0.750 lr_ema=0.000 cosine_after=0 next_student_lr=0.001000
ckpt location: ckpt/robust12h_stars/patchtst_shock05_seed4_35ep.pt
