/home/jovyan/.mlspace/envs/egy_llm/lib/python3.11/site-packages/torchvision/datasets/cifar.py:83: VisibleDeprecationWarning: dtype(): align should be passed as Python or NumPy boolean but got `align=0`. Did you mean to pass a tuple to create a subarray type? (Deprecated NumPy 2.4)
  entry = pickle.load(f, encoding="latin1")
depth_list: [110, 20]
[LR policy] output=residual_log train_windows=1020 test_windows=170 test_mse=0.663452 test_mae=0.699139
Dataset information: cifar100	 50000 images for training 	 10000 images for testing	
teacher depth: 110
student depth: 20
Total number of teacher parameters: 1,169,972
Total number of student parameters: 278,132
Snapshots will be saved to: snapshots/robust12h_stars/residgru_shock05_seed3_35ep
==== train and evaluate unequal restart ====
[Eval] Epoch: 0 | Teacher Test Loss: 9743.739 | Teacher Test Acc: 1.130 | Student Test Loss: 5.207 | Student Test Acc: 1.000 | Teacher Test F1: 0.001 | Student Test F1: 0.000 | Teacher Top 5 Accuracy: 0.048 | Student Top 5 Accuracy: 0.047 | Time: 3.022 | 
Running student landscape probe...
[Train] Epoch: 1 | Teacher lr=1.0000 | Teacher Loss: 4.165 | Teacher Train Acc: 7.426 | Student lr=0.0100 | Student Train Acc: 6.740 | Time: 136.243 |
[Eval] Epoch: 1 | Teacher Test Loss: 3.766 | Teacher Test Acc: 10.990 | Student Test Loss: 3.884 | Student Test Acc: 9.610 | Teacher Test F1: 0.072 | Student Test F1: 0.060 | Teacher Top 5 Accuracy: 0.341 | Student Top 5 Accuracy: 0.297 | Time: 2.688 | 
Running student landscape probe...
[LR policy] epoch=1 output=residual_log policy_pred=-0.510487 predicted_lr=0.598996 cosine_blend=0.000 lr_ema=0.000 cosine_after=0 next_student_lr=0.997989
[Train] Epoch: 2 | Teacher lr=0.9980 | Teacher Loss: 3.521 | Teacher Train Acc: 18.534 | Student lr=0.9980 | Student Train Acc: 19.398 | Time: 137.318 |
[Eval] Epoch: 2 | Teacher Test Loss: 3.219 | Teacher Test Acc: 20.070 | Student Test Loss: 3.216 | Student Test Acc: 22.080 | Teacher Test F1: 0.175 | Student Test F1: 0.199 | Teacher Top 5 Accuracy: 0.513 | Student Top 5 Accuracy: 0.520 | Time: 2.699 | 
Running student landscape probe...
[LR policy] epoch=2 output=residual_log policy_pred=-0.692995 predicted_lr=0.496062 cosine_blend=0.000 lr_ema=0.000 cosine_after=0 next_student_lr=0.991973
[Train] Epoch: 3 | Teacher lr=0.9920 | Teacher Loss: 2.945 | Teacher Train Acc: 30.024 | Student lr=0.9920 | Student Train Acc: 38.052 | Time: 135.899 |
[Eval] Epoch: 3 | Teacher Test Loss: 2.872 | Teacher Test Acc: 28.790 | Student Test Loss: 3.719 | Student Test Acc: 21.560 | Teacher Test F1: 0.272 | Student Test F1: 0.187 | Teacher Top 5 Accuracy: 0.624 | Student Top 5 Accuracy: 0.474 | Time: 2.546 | 
Running student landscape probe...
[LR policy] epoch=3 output=residual_log policy_pred=-0.843987 predicted_lr=0.422253 cosine_blend=0.000 lr_ema=0.000 cosine_after=0 next_student_lr=0.981999
[Train] Epoch: 4 | Teacher lr=0.9820 | Teacher Loss: 2.544 | Teacher Train Acc: 39.122 | Student lr=0.9820 | Student Train Acc: 45.080 | Time: 136.309 |
[Eval] Epoch: 4 | Teacher Test Loss: 2.418 | Teacher Test Acc: 35.440 | Student Test Loss: 2.691 | Student Test Acc: 31.610 | Teacher Test F1: 0.343 | Student Test F1: 0.306 | Teacher Top 5 Accuracy: 0.694 | Student Top 5 Accuracy: 0.653 | Time: 2.646 | 
Running student landscape probe...
[LR policy] epoch=4 output=residual_log policy_pred=-0.900132 predicted_lr=0.393568 cosine_blend=0.000 lr_ema=0.000 cosine_after=0 next_student_lr=0.968149
[Train] Epoch: 5 | Teacher lr=0.9681 | Teacher Loss: 2.345 | Teacher Train Acc: 43.832 | Student lr=0.9681 | Student Train Acc: 49.110 | Time: 137.425 |
[Eval] Epoch: 5 | Teacher Test Loss: 2.418 | Teacher Test Acc: 36.460 | Student Test Loss: 2.612 | Student Test Acc: 34.410 | Teacher Test F1: 0.352 | Student Test F1: 0.338 | Teacher Top 5 Accuracy: 0.704 | Student Top 5 Accuracy: 0.672 | Time: 2.389 | 
Running student landscape probe...
[LR policy] epoch=5 output=residual_log policy_pred=-0.916565 predicted_lr=0.380109 cosine_blend=0.000 lr_ema=0.000 cosine_after=0 next_student_lr=0.950534
[Train] Epoch: 6 | Teacher lr=0.9505 | Teacher Loss: 2.197 | Teacher Train Acc: 47.590 | Student lr=0.9505 | Student Train Acc: 51.672 | Time: 136.358 |
[Eval] Epoch: 6 | Teacher Test Loss: 2.529 | Teacher Test Acc: 36.700 | Student Test Loss: 2.291 | Student Test Acc: 38.600 | Teacher Test F1: 0.367 | Student Test F1: 0.385 | Teacher Top 5 Accuracy: 0.683 | Student Top 5 Accuracy: 0.734 | Time: 2.316 | 
Running student landscape probe...
[LR policy] epoch=6 output=residual_log policy_pred=-0.890592 predicted_lr=0.381394 cosine_blend=0.000 lr_ema=0.000 cosine_after=0 next_student_lr=0.381394
[Train] Epoch: 7 | Teacher lr=0.9292 | Teacher Loss: 2.054 | Teacher Train Acc: 50.086 | Student lr=0.3814 | Student Train Acc: 58.730 | Time: 136.217 |
[Eval] Epoch: 7 | Teacher Test Loss: 2.166 | Teacher Test Acc: 43.380 | Student Test Loss: 2.066 | Student Test Acc: 45.300 | Teacher Test F1: 0.417 | Student Test F1: 0.449 | Teacher Top 5 Accuracy: 0.756 | Student Top 5 Accuracy: 0.771 | Time: 2.261 | 
Running student landscape probe...
[LR policy] epoch=7 output=residual_log policy_pred=-0.833366 predicted_lr=0.393126 cosine_blend=0.000 lr_ema=0.000 cosine_after=0 next_student_lr=0.393126
[Train] Epoch: 8 | Teacher lr=0.9045 | Teacher Loss: 3.057 | Teacher Train Acc: 33.660 | Student lr=0.3931 | Student Train Acc: 59.294 | Time: 135.775 |
[Eval] Epoch: 8 | Teacher Test Loss: 2.084 | Teacher Test Acc: 42.980 | Student Test Loss: 1.946 | Student Test Acc: 47.310 | Teacher Test F1: 0.421 | Student Test F1: 0.467 | Teacher Top 5 Accuracy: 0.760 | Student Top 5 Accuracy: 0.788 | Time: 2.433 | 
Running student landscape probe...
[LR policy] epoch=8 output=residual_log policy_pred=-0.748049 predicted_lr=0.414913 cosine_blend=0.000 lr_ema=0.000 cosine_after=0 next_student_lr=0.414913
[Train] Epoch: 9 | Teacher lr=0.8765 | Teacher Loss: 1.965 | Teacher Train Acc: 52.654 | Student lr=0.4149 | Student Train Acc: 60.020 | Time: 137.221 |
[Eval] Epoch: 9 | Teacher Test Loss: 1.836 | Teacher Test Acc: 49.540 | Student Test Loss: 2.000 | Student Test Acc: 46.580 | Teacher Test F1: 0.489 | Student Test F1: 0.456 | Teacher Top 5 Accuracy: 0.810 | Student Top 5 Accuracy: 0.778 | Time: 2.568 | 
Running student landscape probe...
[LR policy] epoch=9 output=residual_log policy_pred=-0.683778 predicted_lr=0.426823 cosine_blend=0.000 lr_ema=0.000 cosine_after=0 next_student_lr=0.426823
[Train] Epoch: 10 | Teacher lr=0.8455 | Teacher Loss: 1.855 | Teacher Train Acc: 55.890 | Student lr=0.4268 | Student Train Acc: 60.984 | Time: 136.870 |
[Eval] Epoch: 10 | Teacher Test Loss: 1.713 | Teacher Test Acc: 53.120 | Student Test Loss: 1.978 | Student Test Acc: 46.930 | Teacher Test F1: 0.523 | Student Test F1: 0.465 | Teacher Top 5 Accuracy: 0.828 | Student Top 5 Accuracy: 0.784 | Time: 2.636 | 
Running student landscape probe...
[LR policy] epoch=10 output=residual_log policy_pred=-0.581282 predicted_lr=0.454018 cosine_blend=0.000 lr_ema=0.000 cosine_after=0 next_student_lr=0.454018
[Train] Epoch: 11 | Teacher lr=0.8117 | Teacher Loss: 1.787 | Teacher Train Acc: 57.644 | Student lr=0.4540 | Student Train Acc: 61.352 | Time: 139.527 |
[Eval] Epoch: 11 | Teacher Test Loss: 1.839 | Teacher Test Acc: 49.830 | Student Test Loss: 2.115 | Student Test Acc: 44.580 | Teacher Test F1: 0.490 | Student Test F1: 0.434 | Teacher Top 5 Accuracy: 0.805 | Student Top 5 Accuracy: 0.758 | Time: 2.664 | 
Running student landscape probe...
[LR policy] epoch=11 output=residual_log policy_pred=-0.188661 predicted_lr=0.642309 cosine_blend=0.000 lr_ema=0.000 cosine_after=0 next_student_lr=0.642309
[Train] Epoch: 12 | Teacher lr=0.7754 | Teacher Loss: 1.743 | Teacher Train Acc: 59.520 | Student lr=0.6423 | Student Train Acc: 59.304 | Time: 137.458 |
[Eval] Epoch: 12 | Teacher Test Loss: 1.629 | Teacher Test Acc: 54.560 | Student Test Loss: 2.036 | Student Test Acc: 46.140 | Teacher Test F1: 0.537 | Student Test F1: 0.455 | Teacher Top 5 Accuracy: 0.839 | Student Top 5 Accuracy: 0.774 | Time: 2.565 | 
Running student landscape probe...
[LR policy] epoch=12 output=residual_log policy_pred=0.004976 predicted_lr=0.740875 cosine_blend=0.000 lr_ema=0.000 cosine_after=0 next_student_lr=0.740875
[Train] Epoch: 13 | Teacher lr=0.7369 | Teacher Loss: 1.694 | Teacher Train Acc: 60.790 | Student lr=0.7409 | Student Train Acc: 59.302 | Time: 138.919 |
[Eval] Epoch: 13 | Teacher Test Loss: 1.639 | Teacher Test Acc: 54.310 | Student Test Loss: 2.467 | Student Test Acc: 38.310 | Teacher Test F1: 0.543 | Student Test F1: 0.388 | Teacher Top 5 Accuracy: 0.840 | Student Top 5 Accuracy: 0.721 | Time: 2.655 | 
Running student landscape probe...
[LR policy] epoch=13 output=residual_log policy_pred=0.062381 predicted_lr=0.741668 cosine_blend=0.000 lr_ema=0.000 cosine_after=0 next_student_lr=0.741668
[Train] Epoch: 14 | Teacher lr=0.6965 | Teacher Loss: 1.653 | Teacher Train Acc: 62.104 | Student lr=0.7417 | Student Train Acc: 59.574 | Time: 135.838 |
[Eval] Epoch: 14 | Teacher Test Loss: 1.567 | Teacher Test Acc: 55.630 | Student Test Loss: 2.324 | Student Test Acc: 40.720 | Teacher Test F1: 0.553 | Student Test F1: 0.398 | Teacher Top 5 Accuracy: 0.854 | Student Top 5 Accuracy: 0.737 | Time: 2.618 | 
Running student landscape probe...
[LR policy] epoch=14 output=residual_log policy_pred=-0.051702 predicted_lr=0.621857 cosine_blend=0.000 lr_ema=0.000 cosine_after=0 next_student_lr=0.621857
[Train] Epoch: 15 | Teacher lr=0.6545 | Teacher Loss: 1.597 | Teacher Train Acc: 63.424 | Student lr=0.6219 | Student Train Acc: 61.768 | Time: 137.059 |
[Eval] Epoch: 15 | Teacher Test Loss: 1.648 | Teacher Test Acc: 53.910 | Student Test Loss: 2.342 | Student Test Acc: 41.050 | Teacher Test F1: 0.538 | Student Test F1: 0.412 | Teacher Top 5 Accuracy: 0.841 | Student Top 5 Accuracy: 0.736 | Time: 2.629 | 
Running student landscape probe...
[LR policy] epoch=15 output=residual_log policy_pred=0.015404 predicted_lr=0.621144 cosine_blend=0.000 lr_ema=0.000 cosine_after=0 next_student_lr=0.621144
[Train] Epoch: 16 | Teacher lr=0.6113 | Teacher Loss: 1.557 | Teacher Train Acc: 64.276 | Student lr=0.6211 | Student Train Acc: 62.088 | Time: 136.095 |
[Eval] Epoch: 16 | Teacher Test Loss: 1.492 | Teacher Test Acc: 57.870 | Student Test Loss: 2.018 | Student Test Acc: 46.190 | Teacher Test F1: 0.580 | Student Test F1: 0.463 | Teacher Top 5 Accuracy: 0.860 | Student Top 5 Accuracy: 0.792 | Time: 2.674 | 
Running student landscape probe...
[LR policy] epoch=16 output=residual_log policy_pred=0.009727 predicted_lr=0.573097 cosine_blend=0.000 lr_ema=0.000 cosine_after=0 next_student_lr=0.573097
[Train] Epoch: 17 | Teacher lr=0.5671 | Teacher Loss: 1.509 | Teacher Train Acc: 65.780 | Student lr=0.5731 | Student Train Acc: 63.218 | Time: 135.289 |
[Eval] Epoch: 17 | Teacher Test Loss: 1.575 | Teacher Test Acc: 55.560 | Student Test Loss: 1.858 | Student Test Acc: 49.250 | Teacher Test F1: 0.557 | Student Test F1: 0.494 | Teacher Top 5 Accuracy: 0.850 | Student Top 5 Accuracy: 0.805 | Time: 2.669 | 
Running student landscape probe...
[LR policy] epoch=17 output=residual_log policy_pred=0.054639 predicted_lr=0.552276 cosine_blend=0.000 lr_ema=0.000 cosine_after=0 next_student_lr=0.552276
[Train] Epoch: 18 | Teacher lr=0.5224 | Teacher Loss: 1.460 | Teacher Train Acc: 67.118 | Student lr=0.5523 | Student Train Acc: 63.668 | Time: 136.138 |
[Eval] Epoch: 18 | Teacher Test Loss: 1.352 | Teacher Test Acc: 61.660 | Student Test Loss: 2.039 | Student Test Acc: 46.520 | Teacher Test F1: 0.614 | Student Test F1: 0.454 | Teacher Top 5 Accuracy: 0.884 | Student Top 5 Accuracy: 0.775 | Time: 2.712 | 
Running student landscape probe...
[LR policy] epoch=18 output=residual_log policy_pred=0.189336 predicted_lr=0.577747 cosine_blend=0.000 lr_ema=0.000 cosine_after=0 next_student_lr=0.577747
[Train] Epoch: 19 | Teacher lr=0.4776 | Teacher Loss: 1.416 | Teacher Train Acc: 68.618 | Student lr=0.5777 | Student Train Acc: 63.156 | Time: 135.948 |
[Eval] Epoch: 19 | Teacher Test Loss: 1.347 | Teacher Test Acc: 61.520 | Student Test Loss: 1.926 | Student Test Acc: 48.680 | Teacher Test F1: 0.615 | Student Test F1: 0.487 | Teacher Top 5 Accuracy: 0.884 | Student Top 5 Accuracy: 0.800 | Time: 2.795 | 
Running student landscape probe...
[LR policy] epoch=19 output=residual_log policy_pred=0.213569 predicted_lr=0.536650 cosine_blend=0.000 lr_ema=0.000 cosine_after=0 next_student_lr=0.536650
[shock] epoch=20 forcing student_lr=0.500000 (window=20..21)
[Train] Epoch: 20 | Teacher lr=0.4329 | Teacher Loss: 1.363 | Teacher Train Acc: 69.984 | Student lr=0.5000 | Student Train Acc: 64.744 | Time: 139.906 |
[Eval] Epoch: 20 | Teacher Test Loss: 1.363 | Teacher Test Acc: 61.030 | Student Test Loss: 1.759 | Student Test Acc: 52.130 | Teacher Test F1: 0.610 | Student Test F1: 0.517 | Teacher Top 5 Accuracy: 0.887 | Student Top 5 Accuracy: 0.823 | Time: 2.684 | 
Running student landscape probe...
[LR policy] epoch=20 output=residual_log policy_pred=0.289381 predicted_lr=0.520017 cosine_blend=0.000 lr_ema=0.000 cosine_after=0 next_student_lr=0.520017
[shock] epoch=21 forcing student_lr=0.500000 (window=20..21)
[Train] Epoch: 21 | Teacher lr=0.3887 | Teacher Loss: 1.325 | Teacher Train Acc: 71.344 | Student lr=0.5000 | Student Train Acc: 65.018 | Time: 137.124 |
[Eval] Epoch: 21 | Teacher Test Loss: 1.271 | Teacher Test Acc: 63.470 | Student Test Loss: 2.376 | Student Test Acc: 40.280 | Teacher Test F1: 0.629 | Student Test F1: 0.408 | Teacher Top 5 Accuracy: 0.892 | Student Top 5 Accuracy: 0.724 | Time: 2.570 | 
Running student landscape probe...
[LR policy] epoch=21 output=residual_log policy_pred=0.337666 predicted_lr=0.485183 cosine_blend=0.000 lr_ema=0.000 cosine_after=0 next_student_lr=0.485183
[Train] Epoch: 22 | Teacher lr=0.3455 | Teacher Loss: 1.272 | Teacher Train Acc: 72.882 | Student lr=0.4852 | Student Train Acc: 66.092 | Time: 138.500 |
[Eval] Epoch: 22 | Teacher Test Loss: 1.221 | Teacher Test Acc: 64.600 | Student Test Loss: 2.081 | Student Test Acc: 46.520 | Teacher Test F1: 0.644 | Student Test F1: 0.467 | Teacher Top 5 Accuracy: 0.899 | Student Top 5 Accuracy: 0.778 | Time: 2.728 | 
Running student landscape probe...
[LR policy] epoch=22 output=residual_log policy_pred=0.358759 predicted_lr=0.435455 cosine_blend=0.000 lr_ema=0.000 cosine_after=0 next_student_lr=0.435455
[Train] Epoch: 23 | Teacher lr=0.3035 | Teacher Loss: 1.218 | Teacher Train Acc: 74.218 | Student lr=0.4355 | Student Train Acc: 66.710 | Time: 138.757 |
[Eval] Epoch: 23 | Teacher Test Loss: 1.162 | Teacher Test Acc: 66.610 | Student Test Loss: 2.198 | Student Test Acc: 44.650 | Teacher Test F1: 0.666 | Student Test F1: 0.451 | Teacher Top 5 Accuracy: 0.908 | Student Top 5 Accuracy: 0.763 | Time: 2.639 | 
Running student landscape probe...
[LR policy] epoch=23 output=residual_log policy_pred=0.383613 predicted_lr=0.387151 cosine_blend=0.000 lr_ema=0.000 cosine_after=0 next_student_lr=0.387151
[Train] Epoch: 24 | Teacher lr=0.2631 | Teacher Loss: 1.164 | Teacher Train Acc: 76.036 | Student lr=0.3872 | Student Train Acc: 68.000 | Time: 135.592 |
[Eval] Epoch: 24 | Teacher Test Loss: 1.131 | Teacher Test Acc: 67.470 | Student Test Loss: 2.125 | Student Test Acc: 46.700 | Teacher Test F1: 0.674 | Student Test F1: 0.471 | Teacher Top 5 Accuracy: 0.911 | Student Top 5 Accuracy: 0.767 | Time: 2.800 | 
Running student landscape probe...
[LR policy] epoch=24 output=residual_log policy_pred=0.457513 predicted_lr=0.356048 cosine_blend=0.000 lr_ema=0.000 cosine_after=0 next_student_lr=0.356048
[Train] Epoch: 25 | Teacher lr=0.2246 | Teacher Loss: 1.110 | Teacher Train Acc: 77.350 | Student lr=0.3560 | Student Train Acc: 68.684 | Time: 137.380 |
[Eval] Epoch: 25 | Teacher Test Loss: 1.095 | Teacher Test Acc: 68.570 | Student Test Loss: 1.605 | Student Test Acc: 56.480 | Teacher Test F1: 0.686 | Student Test F1: 0.563 | Teacher Top 5 Accuracy: 0.915 | Student Top 5 Accuracy: 0.841 | Time: 2.612 | 
Running student landscape probe...
[LR policy] epoch=25 output=residual_log policy_pred=0.435163 predicted_lr=0.292149 cosine_blend=0.000 lr_ema=0.000 cosine_after=0 next_student_lr=0.292149
[Train] Epoch: 26 | Teacher lr=0.1883 | Teacher Loss: 1.042 | Teacher Train Acc: 79.422 | Student lr=0.2921 | Student Train Acc: 70.140 | Time: 135.214 |
[Eval] Epoch: 26 | Teacher Test Loss: 1.069 | Teacher Test Acc: 69.150 | Student Test Loss: 1.489 | Student Test Acc: 59.010 | Teacher Test F1: 0.691 | Student Test F1: 0.587 | Teacher Top 5 Accuracy: 0.921 | Student Top 5 Accuracy: 0.859 | Time: 2.564 | 
Running student landscape probe...
[LR policy] epoch=26 output=residual_log policy_pred=0.446392 predicted_lr=0.242704 cosine_blend=0.000 lr_ema=0.000 cosine_after=0 next_student_lr=0.242704
[Train] Epoch: 27 | Teacher lr=0.1545 | Teacher Loss: 0.976 | Teacher Train Acc: 81.224 | Student lr=0.2427 | Student Train Acc: 71.550 | Time: 138.292 |
[Eval] Epoch: 27 | Teacher Test Loss: 1.018 | Teacher Test Acc: 70.470 | Student Test Loss: 1.831 | Student Test Acc: 52.030 | Teacher Test F1: 0.704 | Student Test F1: 0.520 | Teacher Top 5 Accuracy: 0.928 | Student Top 5 Accuracy: 0.811 | Time: 2.756 | 
Running student landscape probe...
[LR policy] epoch=27 output=residual_log policy_pred=0.448041 predicted_lr=0.194624 cosine_blend=0.000 lr_ema=0.000 cosine_after=0 next_student_lr=0.194624
[Train] Epoch: 28 | Teacher lr=0.1235 | Teacher Loss: 0.913 | Teacher Train Acc: 82.934 | Student lr=0.1946 | Student Train Acc: 73.588 | Time: 135.686 |
[Eval] Epoch: 28 | Teacher Test Loss: 0.985 | Teacher Test Acc: 71.410 | Student Test Loss: 1.444 | Student Test Acc: 59.820 | Teacher Test F1: 0.715 | Student Test F1: 0.599 | Teacher Top 5 Accuracy: 0.931 | Student Top 5 Accuracy: 0.870 | Time: 2.609 | 
Running student landscape probe...
[LR policy] epoch=28 output=residual_log policy_pred=0.398276 predicted_lr=0.143558 cosine_blend=0.000 lr_ema=0.000 cosine_after=0 next_student_lr=0.143558
[Train] Epoch: 29 | Teacher lr=0.0955 | Teacher Loss: 0.838 | Teacher Train Acc: 84.842 | Student lr=0.1436 | Student Train Acc: 75.380 | Time: 136.844 |
[Eval] Epoch: 29 | Teacher Test Loss: 0.943 | Teacher Test Acc: 72.320 | Student Test Loss: 1.441 | Student Test Acc: 60.690 | Teacher Test F1: 0.723 | Student Test F1: 0.609 | Teacher Top 5 Accuracy: 0.935 | Student Top 5 Accuracy: 0.873 | Time: 2.658 | 
Running student landscape probe...
[LR policy] epoch=29 output=residual_log policy_pred=0.371227 predicted_lr=0.103937 cosine_blend=0.000 lr_ema=0.000 cosine_after=0 next_student_lr=0.103937
[Train] Epoch: 30 | Teacher lr=0.0708 | Teacher Loss: 0.765 | Teacher Train Acc: 86.786 | Student lr=0.1039 | Student Train Acc: 77.366 | Time: 136.627 |
[Eval] Epoch: 30 | Teacher Test Loss: 0.927 | Teacher Test Acc: 73.170 | Student Test Loss: 1.313 | Student Test Acc: 63.290 | Teacher Test F1: 0.733 | Student Test F1: 0.636 | Teacher Top 5 Accuracy: 0.937 | Student Top 5 Accuracy: 0.887 | Time: 2.774 | 
Running student landscape probe...
[LR policy] epoch=30 output=residual_log policy_pred=0.377987 predicted_lr=0.073647 cosine_blend=0.000 lr_ema=0.000 cosine_after=0 next_student_lr=0.073647
[Train] Epoch: 31 | Teacher lr=0.0495 | Teacher Loss: 0.703 | Teacher Train Acc: 88.224 | Student lr=0.0736 | Student Train Acc: 79.408 | Time: 136.552 |
[Eval] Epoch: 31 | Teacher Test Loss: 0.898 | Teacher Test Acc: 73.830 | Student Test Loss: 1.222 | Student Test Acc: 65.570 | Teacher Test F1: 0.738 | Student Test F1: 0.657 | Teacher Top 5 Accuracy: 0.939 | Student Top 5 Accuracy: 0.901 | Time: 2.674 | 
Running student landscape probe...
[LR policy] epoch=31 output=residual_log policy_pred=0.343359 predicted_lr=0.046309 cosine_blend=0.000 lr_ema=0.000 cosine_after=0 next_student_lr=0.046309
[Train] Epoch: 32 | Teacher lr=0.0319 | Teacher Loss: 0.639 | Teacher Train Acc: 89.980 | Student lr=0.0463 | Student Train Acc: 81.670 | Time: 137.211 |
[Eval] Epoch: 32 | Teacher Test Loss: 0.878 | Teacher Test Acc: 74.460 | Student Test Loss: 1.209 | Student Test Acc: 67.080 | Teacher Test F1: 0.745 | Student Test F1: 0.670 | Teacher Top 5 Accuracy: 0.941 | Student Top 5 Accuracy: 0.906 | Time: 2.735 | 
Running student landscape probe...
[LR policy] epoch=32 output=residual_log policy_pred=0.355725 predicted_lr=0.027118 cosine_blend=0.000 lr_ema=0.000 cosine_after=0 next_student_lr=0.027118
[Train] Epoch: 33 | Teacher lr=0.0180 | Teacher Loss: 0.589 | Teacher Train Acc: 91.002 | Student lr=0.0271 | Student Train Acc: 83.480 | Time: 137.673 |
[Eval] Epoch: 33 | Teacher Test Loss: 0.863 | Teacher Test Acc: 75.520 | Student Test Loss: 1.145 | Student Test Acc: 68.520 | Teacher Test F1: 0.755 | Student Test F1: 0.685 | Teacher Top 5 Accuracy: 0.943 | Student Top 5 Accuracy: 0.912 | Time: 2.684 | 
Running student landscape probe...
[LR policy] epoch=33 output=residual_log policy_pred=0.360230 predicted_lr=0.012942 cosine_blend=0.000 lr_ema=0.000 cosine_after=0 next_student_lr=0.012942
[Train] Epoch: 34 | Teacher lr=0.0080 | Teacher Loss: 0.553 | Teacher Train Acc: 91.828 | Student lr=0.0129 | Student Train Acc: 84.758 | Time: 136.333 |
[Eval] Epoch: 34 | Teacher Test Loss: 0.858 | Teacher Test Acc: 75.380 | Student Test Loss: 1.123 | Student Test Acc: 68.970 | Teacher Test F1: 0.754 | Student Test F1: 0.690 | Teacher Top 5 Accuracy: 0.942 | Student Top 5 Accuracy: 0.918 | Time: 2.622 | 
Running student landscape probe...
[LR policy] epoch=34 output=residual_log policy_pred=0.372443 predicted_lr=0.004370 cosine_blend=0.000 lr_ema=0.000 cosine_after=0 next_student_lr=0.004370
[Train] Epoch: 35 | Teacher lr=0.0020 | Teacher Loss: 0.527 | Teacher Train Acc: 92.336 | Student lr=0.0044 | Student Train Acc: 85.906 | Time: 137.851 |
[Eval] Epoch: 35 | Teacher Test Loss: 0.856 | Teacher Test Acc: 75.350 | Student Test Loss: 1.102 | Student Test Acc: 69.670 | Teacher Test F1: 0.754 | Student Test F1: 0.697 | Teacher Top 5 Accuracy: 0.943 | Student Top 5 Accuracy: 0.920 | Time: 2.687 | 
Running student landscape probe...
[LR policy] epoch=35 output=residual_log policy_pred=0.392709 predicted_lr=0.001481 cosine_blend=0.000 lr_ema=0.000 cosine_after=0 next_student_lr=0.001481
ckpt location: ckpt/robust12h_stars/residgru_shock05_seed3_35ep.pt
