/home/jovyan/.mlspace/envs/egy_llm/lib/python3.11/site-packages/torchvision/datasets/cifar.py:83: VisibleDeprecationWarning: dtype(): align should be passed as Python or NumPy boolean but got `align=0`. Did you mean to pass a tuple to create a subarray type? (Deprecated NumPy 2.4)
  entry = pickle.load(f, encoding="latin1")
depth_list: [110, 20]
[LR policy] output=residual_log train_windows=1020 test_windows=170 test_mse=0.699799 test_mae=0.653848
Dataset information: cifar100	 50000 images for training 	 10000 images for testing	
teacher depth: 110
student depth: 20
Total number of teacher parameters: 1,169,972
Total number of student parameters: 278,132
Snapshots will be saved to: snapshots/robust12h_stars/residgru_shock01_seed3_35ep
==== train and evaluate unequal restart ====
[Eval] Epoch: 0 | Teacher Test Loss: 9743.739 | Teacher Test Acc: 1.130 | Student Test Loss: 5.207 | Student Test Acc: 1.000 | Teacher Test F1: 0.001 | Student Test F1: 0.000 | Teacher Top 5 Accuracy: 0.048 | Student Top 5 Accuracy: 0.047 | Time: 2.864 | 
Running student landscape probe...
[Train] Epoch: 1 | Teacher lr=1.0000 | Teacher Loss: 4.154 | Teacher Train Acc: 7.330 | Student lr=0.0100 | Student Train Acc: 6.828 | Time: 136.193 |
[Eval] Epoch: 1 | Teacher Test Loss: 3.753 | Teacher Test Acc: 11.210 | Student Test Loss: 3.859 | Student Test Acc: 10.110 | Teacher Test F1: 0.077 | Student Test F1: 0.065 | Teacher Top 5 Accuracy: 0.346 | Student Top 5 Accuracy: 0.306 | Time: 2.864 | 
Running student landscape probe...
[LR policy] epoch=1 output=residual_log policy_pred=-0.029782 predicted_lr=0.968705 cosine_blend=0.000 lr_ema=0.000 cosine_after=0 next_student_lr=0.997989
[Train] Epoch: 2 | Teacher lr=0.9980 | Teacher Loss: 3.517 | Teacher Train Acc: 18.592 | Student lr=0.9980 | Student Train Acc: 18.222 | Time: 134.778 |
[Eval] Epoch: 2 | Teacher Test Loss: 3.624 | Teacher Test Acc: 15.990 | Student Test Loss: 3.231 | Student Test Acc: 22.350 | Teacher Test F1: 0.140 | Student Test F1: 0.196 | Teacher Top 5 Accuracy: 0.429 | Student Top 5 Accuracy: 0.527 | Time: 2.528 | 
Running student landscape probe...
[LR policy] epoch=2 output=residual_log policy_pred=-0.191442 predicted_lr=0.819139 cosine_blend=0.000 lr_ema=0.000 cosine_after=0 next_student_lr=0.991973
[Train] Epoch: 3 | Teacher lr=0.9920 | Teacher Loss: 2.949 | Teacher Train Acc: 30.192 | Student lr=0.9920 | Student Train Acc: 38.554 | Time: 135.595 |
[Eval] Epoch: 3 | Teacher Test Loss: 2.638 | Teacher Test Acc: 32.820 | Student Test Loss: 2.620 | Student Test Acc: 33.570 | Teacher Test F1: 0.311 | Student Test F1: 0.318 | Teacher Top 5 Accuracy: 0.660 | Student Top 5 Accuracy: 0.657 | Time: 2.827 | 
Running student landscape probe...
[LR policy] epoch=3 output=residual_log policy_pred=-0.381336 predicted_lr=0.670655 cosine_blend=0.000 lr_ema=0.000 cosine_after=0 next_student_lr=0.981999
[Train] Epoch: 4 | Teacher lr=0.9820 | Teacher Loss: 2.699 | Teacher Train Acc: 36.384 | Student lr=0.9820 | Student Train Acc: 46.012 | Time: 136.993 |
[Eval] Epoch: 4 | Teacher Test Loss: 2.823 | Teacher Test Acc: 27.650 | Student Test Loss: 4.240 | Student Test Acc: 16.690 | Teacher Test F1: 0.257 | Student Test F1: 0.147 | Teacher Top 5 Accuracy: 0.611 | Student Top 5 Accuracy: 0.398 | Time: 2.736 | 
Running student landscape probe...
[LR policy] epoch=4 output=residual_log policy_pred=-0.600962 predicted_lr=0.530821 cosine_blend=0.000 lr_ema=0.000 cosine_after=0 next_student_lr=0.968149
[Train] Epoch: 5 | Teacher lr=0.9681 | Teacher Loss: 2.403 | Teacher Train Acc: 42.544 | Student lr=0.9681 | Student Train Acc: 49.464 | Time: 136.329 |
[Eval] Epoch: 5 | Teacher Test Loss: 2.404 | Teacher Test Acc: 37.570 | Student Test Loss: 2.611 | Student Test Acc: 36.220 | Teacher Test F1: 0.369 | Student Test F1: 0.351 | Teacher Top 5 Accuracy: 0.709 | Student Top 5 Accuracy: 0.680 | Time: 2.701 | 
Running student landscape probe...
[LR policy] epoch=5 output=residual_log policy_pred=-0.765973 predicted_lr=0.441886 cosine_blend=0.000 lr_ema=0.000 cosine_after=0 next_student_lr=0.950534
[Train] Epoch: 6 | Teacher lr=0.9505 | Teacher Loss: 2.215 | Teacher Train Acc: 46.998 | Student lr=0.9505 | Student Train Acc: 52.694 | Time: 135.739 |
[Eval] Epoch: 6 | Teacher Test Loss: 2.199 | Teacher Test Acc: 41.300 | Student Test Loss: 2.915 | Student Test Acc: 32.550 | Teacher Test F1: 0.415 | Student Test F1: 0.306 | Teacher Top 5 Accuracy: 0.737 | Student Top 5 Accuracy: 0.622 | Time: 2.707 | 
Running student landscape probe...
[LR policy] epoch=6 output=residual_log policy_pred=-0.886808 predicted_lr=0.382840 cosine_blend=0.000 lr_ema=0.000 cosine_after=0 next_student_lr=0.382840
[Train] Epoch: 7 | Teacher lr=0.9292 | Teacher Loss: 2.067 | Teacher Train Acc: 49.718 | Student lr=0.3828 | Student Train Acc: 60.008 | Time: 135.099 |
[Eval] Epoch: 7 | Teacher Test Loss: 2.244 | Teacher Test Acc: 40.660 | Student Test Loss: 1.921 | Student Test Acc: 48.500 | Teacher Test F1: 0.394 | Student Test F1: 0.479 | Teacher Top 5 Accuracy: 0.750 | Student Top 5 Accuracy: 0.794 | Time: 2.802 | 
Running student landscape probe...
[LR policy] epoch=7 output=residual_log policy_pred=-0.972411 predicted_lr=0.342094 cosine_blend=0.000 lr_ema=0.000 cosine_after=0 next_student_lr=0.342094
[Train] Epoch: 8 | Teacher lr=0.9045 | Teacher Loss: 1.960 | Teacher Train Acc: 52.590 | Student lr=0.3421 | Student Train Acc: 61.972 | Time: 135.315 |
[Eval] Epoch: 8 | Teacher Test Loss: 1.943 | Teacher Test Acc: 46.950 | Student Test Loss: 1.785 | Student Test Acc: 51.040 | Teacher Test F1: 0.462 | Student Test F1: 0.508 | Teacher Top 5 Accuracy: 0.792 | Student Top 5 Accuracy: 0.807 | Time: 2.834 | 
Running student landscape probe...
[LR policy] epoch=8 output=residual_log policy_pred=-1.021492 predicted_lr=0.322505 cosine_blend=0.000 lr_ema=0.000 cosine_after=0 next_student_lr=0.322505
[Train] Epoch: 9 | Teacher lr=0.8765 | Teacher Loss: 1.878 | Teacher Train Acc: 54.830 | Student lr=0.3225 | Student Train Acc: 63.184 | Time: 136.497 |
[Eval] Epoch: 9 | Teacher Test Loss: 1.934 | Teacher Test Acc: 47.430 | Student Test Loss: 1.750 | Student Test Acc: 51.840 | Teacher Test F1: 0.467 | Student Test F1: 0.517 | Teacher Top 5 Accuracy: 0.792 | Student Top 5 Accuracy: 0.820 | Time: 2.632 | 
Running student landscape probe...
[LR policy] epoch=9 output=residual_log policy_pred=-1.047569 predicted_lr=0.311110 cosine_blend=0.000 lr_ema=0.000 cosine_after=0 next_student_lr=0.311110
[Train] Epoch: 10 | Teacher lr=0.8455 | Teacher Loss: 1.816 | Teacher Train Acc: 56.594 | Student lr=0.3111 | Student Train Acc: 64.194 | Time: 136.049 |
[Eval] Epoch: 10 | Teacher Test Loss: 1.695 | Teacher Test Acc: 52.750 | Student Test Loss: 1.778 | Student Test Acc: 51.830 | Teacher Test F1: 0.518 | Student Test F1: 0.508 | Teacher Top 5 Accuracy: 0.829 | Student Top 5 Accuracy: 0.812 | Time: 2.863 | 
Running student landscape probe...
[LR policy] epoch=10 output=residual_log policy_pred=-1.060932 predicted_lr=0.298694 cosine_blend=0.000 lr_ema=0.000 cosine_after=0 next_student_lr=0.298694
[Train] Epoch: 11 | Teacher lr=0.8117 | Teacher Loss: 1.732 | Teacher Train Acc: 58.826 | Student lr=0.2987 | Student Train Acc: 65.210 | Time: 134.476 |
[Eval] Epoch: 11 | Teacher Test Loss: 1.902 | Teacher Test Acc: 48.510 | Student Test Loss: 1.988 | Student Test Acc: 47.540 | Teacher Test F1: 0.478 | Student Test F1: 0.477 | Teacher Top 5 Accuracy: 0.797 | Student Top 5 Accuracy: 0.787 | Time: 2.711 | 
Running student landscape probe...
[LR policy] epoch=11 output=residual_log policy_pred=-1.114997 predicted_lr=0.285354 cosine_blend=0.000 lr_ema=0.000 cosine_after=0 next_student_lr=0.285354
[Train] Epoch: 12 | Teacher lr=0.7754 | Teacher Loss: 1.686 | Teacher Train Acc: 59.954 | Student lr=0.2854 | Student Train Acc: 66.318 | Time: 135.112 |
[Eval] Epoch: 12 | Teacher Test Loss: 1.625 | Teacher Test Acc: 54.830 | Student Test Loss: 1.664 | Student Test Acc: 54.550 | Teacher Test F1: 0.543 | Student Test F1: 0.543 | Teacher Top 5 Accuracy: 0.840 | Student Top 5 Accuracy: 0.833 | Time: 2.679 | 
Running student landscape probe...
[LR policy] epoch=12 output=residual_log policy_pred=-1.115050 predicted_lr=0.271200 cosine_blend=0.000 lr_ema=0.000 cosine_after=0 next_student_lr=0.271200
[Train] Epoch: 13 | Teacher lr=0.7369 | Teacher Loss: 1.633 | Teacher Train Acc: 61.384 | Student lr=0.2712 | Student Train Acc: 66.952 | Time: 133.550 |
[Eval] Epoch: 13 | Teacher Test Loss: 1.780 | Teacher Test Acc: 51.460 | Student Test Loss: 1.937 | Student Test Acc: 48.220 | Teacher Test F1: 0.514 | Student Test F1: 0.493 | Teacher Top 5 Accuracy: 0.823 | Student Top 5 Accuracy: 0.799 | Time: 2.726 | 
Running student landscape probe...
[LR policy] epoch=13 output=residual_log policy_pred=-1.095637 predicted_lr=0.256344 cosine_blend=0.000 lr_ema=0.000 cosine_after=0 next_student_lr=0.256344
[Train] Epoch: 14 | Teacher lr=0.6965 | Teacher Loss: 1.583 | Teacher Train Acc: 62.608 | Student lr=0.2563 | Student Train Acc: 67.610 | Time: 136.440 |
[Eval] Epoch: 14 | Teacher Test Loss: 1.603 | Teacher Test Acc: 55.620 | Student Test Loss: 1.754 | Student Test Acc: 51.650 | Teacher Test F1: 0.550 | Student Test F1: 0.519 | Teacher Top 5 Accuracy: 0.847 | Student Top 5 Accuracy: 0.823 | Time: 2.624 | 
Running student landscape probe...
[LR policy] epoch=14 output=residual_log policy_pred=-1.018950 predicted_lr=0.240907 cosine_blend=0.000 lr_ema=0.000 cosine_after=0 next_student_lr=0.240907
[Train] Epoch: 15 | Teacher lr=0.6545 | Teacher Loss: 1.530 | Teacher Train Acc: 64.110 | Student lr=0.2409 | Student Train Acc: 68.892 | Time: 137.990 |
[Eval] Epoch: 15 | Teacher Test Loss: 1.615 | Teacher Test Acc: 55.350 | Student Test Loss: 1.788 | Student Test Acc: 51.490 | Teacher Test F1: 0.554 | Student Test F1: 0.518 | Teacher Top 5 Accuracy: 0.846 | Student Top 5 Accuracy: 0.809 | Time: 2.625 | 
Running student landscape probe...
[LR policy] epoch=15 output=residual_log policy_pred=-0.998631 predicted_lr=0.225322 cosine_blend=0.000 lr_ema=0.000 cosine_after=0 next_student_lr=0.225322
[Train] Epoch: 16 | Teacher lr=0.6113 | Teacher Loss: 1.487 | Teacher Train Acc: 65.150 | Student lr=0.2253 | Student Train Acc: 69.264 | Time: 136.355 |
[Eval] Epoch: 16 | Teacher Test Loss: 1.475 | Teacher Test Acc: 58.350 | Student Test Loss: 1.483 | Student Test Acc: 58.130 | Teacher Test F1: 0.580 | Student Test F1: 0.576 | Teacher Top 5 Accuracy: 0.866 | Student Top 5 Accuracy: 0.858 | Time: 2.669 | 
Running student landscape probe...
[LR policy] epoch=16 output=residual_log policy_pred=-0.959106 predicted_lr=0.217505 cosine_blend=0.000 lr_ema=0.000 cosine_after=0 next_student_lr=0.217505
[Train] Epoch: 17 | Teacher lr=0.5671 | Teacher Loss: 1.437 | Teacher Train Acc: 66.604 | Student lr=0.2175 | Student Train Acc: 70.246 | Time: 133.956 |
[Eval] Epoch: 17 | Teacher Test Loss: 1.683 | Teacher Test Acc: 54.080 | Student Test Loss: 1.670 | Student Test Acc: 54.560 | Teacher Test F1: 0.540 | Student Test F1: 0.544 | Teacher Top 5 Accuracy: 0.828 | Student Top 5 Accuracy: 0.833 | Time: 2.576 | 
Running student landscape probe...
[LR policy] epoch=17 output=residual_log policy_pred=-0.961312 predicted_lr=0.199956 cosine_blend=0.000 lr_ema=0.000 cosine_after=0 next_student_lr=0.199956
[Train] Epoch: 18 | Teacher lr=0.5224 | Teacher Loss: 1.399 | Teacher Train Acc: 67.578 | Student lr=0.2000 | Student Train Acc: 70.772 | Time: 134.532 |
[Eval] Epoch: 18 | Teacher Test Loss: 1.431 | Teacher Test Acc: 59.940 | Student Test Loss: 1.534 | Student Test Acc: 58.430 | Teacher Test F1: 0.597 | Student Test F1: 0.584 | Teacher Top 5 Accuracy: 0.874 | Student Top 5 Accuracy: 0.855 | Time: 2.426 | 
Running student landscape probe...
[LR policy] epoch=18 output=residual_log policy_pred=-0.959367 predicted_lr=0.183173 cosine_blend=0.000 lr_ema=0.000 cosine_after=0 next_student_lr=0.183173
[Train] Epoch: 19 | Teacher lr=0.4776 | Teacher Loss: 1.335 | Teacher Train Acc: 69.280 | Student lr=0.1832 | Student Train Acc: 71.716 | Time: 138.591 |
[Eval] Epoch: 19 | Teacher Test Loss: 1.398 | Teacher Test Acc: 60.220 | Student Test Loss: 1.537 | Student Test Acc: 57.000 | Teacher Test F1: 0.601 | Student Test F1: 0.573 | Teacher Top 5 Accuracy: 0.876 | Student Top 5 Accuracy: 0.855 | Time: 2.316 | 
Running student landscape probe...
[LR policy] epoch=19 output=residual_log policy_pred=-0.942014 predicted_lr=0.168977 cosine_blend=0.000 lr_ema=0.000 cosine_after=0 next_student_lr=0.168977
[shock] epoch=20 forcing student_lr=0.100000 (window=20..21)
[Train] Epoch: 20 | Teacher lr=0.4329 | Teacher Loss: 1.271 | Teacher Train Acc: 70.348 | Student lr=0.1000 | Student Train Acc: 75.224 | Time: 135.205 |
[Eval] Epoch: 20 | Teacher Test Loss: 1.369 | Teacher Test Acc: 61.660 | Student Test Loss: 1.377 | Student Test Acc: 62.130 | Teacher Test F1: 0.618 | Student Test F1: 0.623 | Teacher Top 5 Accuracy: 0.885 | Student Top 5 Accuracy: 0.878 | Time: 2.220 | 
Running student landscape probe...
[LR policy] epoch=20 output=residual_log policy_pred=-0.922701 predicted_lr=0.154745 cosine_blend=0.000 lr_ema=0.000 cosine_after=0 next_student_lr=0.154745
[shock] epoch=21 forcing student_lr=0.100000 (window=20..21)
[Train] Epoch: 21 | Teacher lr=0.3887 | Teacher Loss: 1.229 | Teacher Train Acc: 71.912 | Student lr=0.1000 | Student Train Acc: 76.026 | Time: 136.161 |
[Eval] Epoch: 21 | Teacher Test Loss: 1.245 | Teacher Test Acc: 64.370 | Student Test Loss: 1.293 | Student Test Acc: 63.430 | Teacher Test F1: 0.642 | Student Test F1: 0.631 | Teacher Top 5 Accuracy: 0.898 | Student Top 5 Accuracy: 0.890 | Time: 2.415 | 
Running student landscape probe...
[LR policy] epoch=21 output=residual_log policy_pred=-0.921391 predicted_lr=0.137754 cosine_blend=0.000 lr_ema=0.000 cosine_after=0 next_student_lr=0.137754
[Train] Epoch: 22 | Teacher lr=0.3455 | Teacher Loss: 1.194 | Teacher Train Acc: 73.186 | Student lr=0.1378 | Student Train Acc: 74.396 | Time: 134.758 |
[Eval] Epoch: 22 | Teacher Test Loss: 1.181 | Teacher Test Acc: 65.480 | Student Test Loss: 1.669 | Student Test Acc: 55.380 | Teacher Test F1: 0.653 | Student Test F1: 0.553 | Teacher Top 5 Accuracy: 0.901 | Student Top 5 Accuracy: 0.841 | Time: 2.511 | 
Running student landscape probe...
[LR policy] epoch=22 output=residual_log policy_pred=-0.930134 predicted_lr=0.120001 cosine_blend=0.000 lr_ema=0.000 cosine_after=0 next_student_lr=0.120001
[Train] Epoch: 23 | Teacher lr=0.3035 | Teacher Loss: 1.132 | Teacher Train Acc: 74.996 | Student lr=0.1200 | Student Train Acc: 75.198 | Time: 136.379 |
[Eval] Epoch: 23 | Teacher Test Loss: 1.137 | Teacher Test Acc: 67.320 | Student Test Loss: 1.476 | Student Test Acc: 59.490 | Teacher Test F1: 0.672 | Student Test F1: 0.601 | Teacher Top 5 Accuracy: 0.908 | Student Top 5 Accuracy: 0.865 | Time: 2.263 | 
Running student landscape probe...
[LR policy] epoch=23 output=residual_log policy_pred=-0.938376 predicted_lr=0.103216 cosine_blend=0.000 lr_ema=0.000 cosine_after=0 next_student_lr=0.103216
[Train] Epoch: 24 | Teacher lr=0.2631 | Teacher Loss: 1.072 | Teacher Train Acc: 76.646 | Student lr=0.1032 | Student Train Acc: 76.420 | Time: 136.512 |
[Eval] Epoch: 24 | Teacher Test Loss: 1.120 | Teacher Test Acc: 67.890 | Student Test Loss: 1.323 | Student Test Acc: 62.960 | Teacher Test F1: 0.679 | Student Test F1: 0.632 | Teacher Top 5 Accuracy: 0.913 | Student Top 5 Accuracy: 0.887 | Time: 2.369 | 
Running student landscape probe...
[LR policy] epoch=24 output=residual_log policy_pred=-0.921162 predicted_lr=0.089693 cosine_blend=0.000 lr_ema=0.000 cosine_after=0 next_student_lr=0.089693
[Train] Epoch: 25 | Teacher lr=0.2246 | Teacher Loss: 1.013 | Teacher Train Acc: 78.412 | Student lr=0.0897 | Student Train Acc: 77.448 | Time: 136.750 |
[Eval] Epoch: 25 | Teacher Test Loss: 1.087 | Teacher Test Acc: 68.650 | Student Test Loss: 1.331 | Student Test Acc: 63.250 | Teacher Test F1: 0.687 | Student Test F1: 0.631 | Teacher Top 5 Accuracy: 0.918 | Student Top 5 Accuracy: 0.888 | Time: 2.356 | 
Running student landscape probe...
[LR policy] epoch=25 output=residual_log policy_pred=-0.883063 predicted_lr=0.078182 cosine_blend=0.000 lr_ema=0.000 cosine_after=0 next_student_lr=0.078182
[Train] Epoch: 26 | Teacher lr=0.1883 | Teacher Loss: 0.952 | Teacher Train Acc: 80.236 | Student lr=0.0782 | Student Train Acc: 78.542 | Time: 136.489 |
[Eval] Epoch: 26 | Teacher Test Loss: 1.054 | Teacher Test Acc: 69.600 | Student Test Loss: 1.270 | Student Test Acc: 64.270 | Teacher Test F1: 0.695 | Student Test F1: 0.645 | Teacher Top 5 Accuracy: 0.921 | Student Top 5 Accuracy: 0.895 | Time: 2.390 | 
Running student landscape probe...
[LR policy] epoch=26 output=residual_log policy_pred=-0.843567 predicted_lr=0.066812 cosine_blend=0.000 lr_ema=0.000 cosine_after=0 next_student_lr=0.066812
[Train] Epoch: 27 | Teacher lr=0.1545 | Teacher Loss: 0.886 | Teacher Train Acc: 82.140 | Student lr=0.0668 | Student Train Acc: 79.518 | Time: 138.093 |
[Eval] Epoch: 27 | Teacher Test Loss: 1.014 | Teacher Test Acc: 70.500 | Student Test Loss: 1.282 | Student Test Acc: 64.130 | Teacher Test F1: 0.705 | Student Test F1: 0.643 | Teacher Top 5 Accuracy: 0.929 | Student Top 5 Accuracy: 0.893 | Time: 2.204 | 
Running student landscape probe...
[LR policy] epoch=27 output=residual_log policy_pred=-0.829068 predicted_lr=0.054269 cosine_blend=0.000 lr_ema=0.000 cosine_after=0 next_student_lr=0.054269
[Train] Epoch: 28 | Teacher lr=0.1235 | Teacher Loss: 0.822 | Teacher Train Acc: 84.050 | Student lr=0.0543 | Student Train Acc: 80.470 | Time: 137.218 |
[Eval] Epoch: 28 | Teacher Test Loss: 0.982 | Teacher Test Acc: 71.820 | Student Test Loss: 1.255 | Student Test Acc: 64.700 | Teacher Test F1: 0.719 | Student Test F1: 0.648 | Teacher Top 5 Accuracy: 0.928 | Student Top 5 Accuracy: 0.900 | Time: 2.300 | 
Running student landscape probe...
[LR policy] epoch=28 output=residual_log policy_pred=-0.802775 predicted_lr=0.043193 cosine_blend=0.000 lr_ema=0.000 cosine_after=0 next_student_lr=0.043193
[Train] Epoch: 29 | Teacher lr=0.0955 | Teacher Loss: 0.755 | Teacher Train Acc: 86.014 | Student lr=0.0432 | Student Train Acc: 82.072 | Time: 136.965 |
[Eval] Epoch: 29 | Teacher Test Loss: 0.948 | Teacher Test Acc: 72.340 | Student Test Loss: 1.225 | Student Test Acc: 66.100 | Teacher Test F1: 0.724 | Student Test F1: 0.662 | Teacher Top 5 Accuracy: 0.933 | Student Top 5 Accuracy: 0.902 | Time: 2.287 | 
Running student landscape probe...
[LR policy] epoch=29 output=residual_log policy_pred=-0.775661 predicted_lr=0.033013 cosine_blend=0.000 lr_ema=0.000 cosine_after=0 next_student_lr=0.033013
[Train] Epoch: 30 | Teacher lr=0.0708 | Teacher Loss: 0.694 | Teacher Train Acc: 87.724 | Student lr=0.0330 | Student Train Acc: 83.260 | Time: 137.191 |
[Eval] Epoch: 30 | Teacher Test Loss: 0.918 | Teacher Test Acc: 73.400 | Student Test Loss: 1.189 | Student Test Acc: 67.110 | Teacher Test F1: 0.735 | Student Test F1: 0.673 | Teacher Top 5 Accuracy: 0.935 | Student Top 5 Accuracy: 0.908 | Time: 2.107 | 
Running student landscape probe...
[LR policy] epoch=30 output=residual_log policy_pred=-0.756536 predicted_lr=0.023683 cosine_blend=0.000 lr_ema=0.000 cosine_after=0 next_student_lr=0.023683
[Train] Epoch: 31 | Teacher lr=0.0495 | Teacher Loss: 0.636 | Teacher Train Acc: 89.338 | Student lr=0.0237 | Student Train Acc: 84.444 | Time: 136.050 |
[Eval] Epoch: 31 | Teacher Test Loss: 0.915 | Teacher Test Acc: 73.240 | Student Test Loss: 1.167 | Student Test Acc: 67.480 | Teacher Test F1: 0.733 | Student Test F1: 0.675 | Teacher Top 5 Accuracy: 0.938 | Student Top 5 Accuracy: 0.911 | Time: 2.116 | 
Running student landscape probe...
[LR policy] epoch=31 output=residual_log policy_pred=-0.733285 predicted_lr=0.015779 cosine_blend=0.000 lr_ema=0.000 cosine_after=0 next_student_lr=0.015779
[Train] Epoch: 32 | Teacher lr=0.0319 | Teacher Loss: 0.583 | Teacher Train Acc: 90.910 | Student lr=0.0158 | Student Train Acc: 85.968 | Time: 137.561 |
[Eval] Epoch: 32 | Teacher Test Loss: 0.893 | Teacher Test Acc: 74.150 | Student Test Loss: 1.150 | Student Test Acc: 68.080 | Teacher Test F1: 0.741 | Student Test F1: 0.680 | Teacher Top 5 Accuracy: 0.940 | Student Top 5 Accuracy: 0.914 | Time: 2.178 | 
Running student landscape probe...
[LR policy] epoch=32 output=residual_log policy_pred=-0.679296 predicted_lr=0.009633 cosine_blend=0.000 lr_ema=0.000 cosine_after=0 next_student_lr=0.009633
[Train] Epoch: 33 | Teacher lr=0.0180 | Teacher Loss: 0.544 | Teacher Train Acc: 91.928 | Student lr=0.0096 | Student Train Acc: 86.902 | Time: 139.084 |
[Eval] Epoch: 33 | Teacher Test Loss: 0.886 | Teacher Test Acc: 74.270 | Student Test Loss: 1.140 | Student Test Acc: 68.350 | Teacher Test F1: 0.743 | Student Test F1: 0.683 | Teacher Top 5 Accuracy: 0.941 | Student Top 5 Accuracy: 0.916 | Time: 2.198 | 
Running student landscape probe...
[LR policy] epoch=33 output=residual_log policy_pred=-0.646634 predicted_lr=0.004728 cosine_blend=0.000 lr_ema=0.000 cosine_after=0 next_student_lr=0.004728
[Train] Epoch: 34 | Teacher lr=0.0080 | Teacher Loss: 0.515 | Teacher Train Acc: 92.726 | Student lr=0.0047 | Student Train Acc: 87.834 | Time: 133.958 |
[Eval] Epoch: 34 | Teacher Test Loss: 0.877 | Teacher Test Acc: 74.700 | Student Test Loss: 1.138 | Student Test Acc: 68.730 | Teacher Test F1: 0.747 | Student Test F1: 0.687 | Teacher Top 5 Accuracy: 0.942 | Student Top 5 Accuracy: 0.914 | Time: 2.603 | 
Running student landscape probe...
[LR policy] epoch=34 output=residual_log policy_pred=-0.620045 predicted_lr=0.001620 cosine_blend=0.000 lr_ema=0.000 cosine_after=0 next_student_lr=0.001620
[Train] Epoch: 35 | Teacher lr=0.0020 | Teacher Loss: 0.500 | Teacher Train Acc: 93.120 | Student lr=0.0016 | Student Train Acc: 88.132 | Time: 133.990 |
[Eval] Epoch: 35 | Teacher Test Loss: 0.877 | Teacher Test Acc: 74.540 | Student Test Loss: 1.129 | Student Test Acc: 68.720 | Teacher Test F1: 0.745 | Student Test F1: 0.687 | Teacher Top 5 Accuracy: 0.942 | Student Top 5 Accuracy: 0.915 | Time: 2.451 | 
Running student landscape probe...
[LR policy] epoch=35 output=residual_log policy_pred=-0.586317 predicted_lr=0.001000 cosine_blend=0.000 lr_ema=0.000 cosine_after=0 next_student_lr=0.001000
ckpt location: ckpt/robust12h_stars/residgru_shock01_seed3_35ep.pt
