/home/jovyan/.mlspace/envs/egy_llm/lib/python3.11/site-packages/torchvision/datasets/cifar.py:83: VisibleDeprecationWarning: dtype(): align should be passed as Python or NumPy boolean but got `align=0`. Did you mean to pass a tuple to create a subarray type? (Deprecated NumPy 2.4)
  entry = pickle.load(f, encoding="latin1")
depth_list: [110, 20]
[LR policy] output=residual_log train_windows=1020 test_windows=170 test_mse=0.633629 test_mae=0.650802
Dataset information: cifar100	 50000 images for training 	 10000 images for testing	
teacher depth: 110
student depth: 20
Total number of teacher parameters: 1,169,972
Total number of student parameters: 278,132
Snapshots will be saved to: snapshots/robust12h_stars/residgru_shock01_seed2_35ep
==== train and evaluate unequal restart ====
[Eval] Epoch: 0 | Teacher Test Loss: 11623.433 | Teacher Test Acc: 1.000 | Student Test Loss: 6.044 | Student Test Acc: 1.110 | Teacher Test F1: 0.000 | Student Test F1: 0.000 | Teacher Top 5 Accuracy: 0.049 | Student Top 5 Accuracy: 0.052 | Time: 3.091 | 
Running student landscape probe...
[Train] Epoch: 1 | Teacher lr=1.0000 | Teacher Loss: 4.062 | Teacher Train Acc: 9.164 | Student lr=0.0100 | Student Train Acc: 7.084 | Time: 137.601 |
[Eval] Epoch: 1 | Teacher Test Loss: 3.771 | Teacher Test Acc: 10.530 | Student Test Loss: 3.847 | Student Test Acc: 9.760 | Teacher Test F1: 0.071 | Student Test F1: 0.062 | Teacher Top 5 Accuracy: 0.341 | Student Top 5 Accuracy: 0.309 | Time: 2.613 | 
Running student landscape probe...
[LR policy] epoch=1 output=residual_log policy_pred=-0.206078 predicted_lr=0.812133 cosine_blend=0.000 lr_ema=0.000 cosine_after=0 next_student_lr=0.997989
[Train] Epoch: 2 | Teacher lr=0.9980 | Teacher Loss: 3.463 | Teacher Train Acc: 19.620 | Student lr=0.9980 | Student Train Acc: 18.310 | Time: 137.609 |
[Eval] Epoch: 2 | Teacher Test Loss: 3.338 | Teacher Test Acc: 19.060 | Student Test Loss: 3.698 | Student Test Acc: 17.990 | Teacher Test F1: 0.161 | Student Test F1: 0.156 | Teacher Top 5 Accuracy: 0.493 | Student Top 5 Accuracy: 0.443 | Time: 2.649 | 
Running student landscape probe...
[LR policy] epoch=2 output=residual_log policy_pred=-0.288991 predicted_lr=0.743007 cosine_blend=0.000 lr_ema=0.000 cosine_after=0 next_student_lr=0.991973
[Train] Epoch: 3 | Teacher lr=0.9920 | Teacher Loss: 2.880 | Teacher Train Acc: 31.282 | Student lr=0.9920 | Student Train Acc: 38.330 | Time: 136.788 |
[Eval] Epoch: 3 | Teacher Test Loss: 2.654 | Teacher Test Acc: 30.530 | Student Test Loss: 3.111 | Student Test Acc: 25.970 | Teacher Test F1: 0.290 | Student Test F1: 0.237 | Teacher Top 5 Accuracy: 0.647 | Student Top 5 Accuracy: 0.560 | Time: 2.833 | 
Running student landscape probe...
[LR policy] epoch=3 output=residual_log policy_pred=-0.294665 predicted_lr=0.731375 cosine_blend=0.000 lr_ema=0.000 cosine_after=0 next_student_lr=0.981999
[Train] Epoch: 4 | Teacher lr=0.9820 | Teacher Loss: 2.520 | Teacher Train Acc: 39.638 | Student lr=0.9820 | Student Train Acc: 45.508 | Time: 137.532 |
[Eval] Epoch: 4 | Teacher Test Loss: 2.477 | Teacher Test Acc: 35.370 | Student Test Loss: 3.326 | Student Test Acc: 25.490 | Teacher Test F1: 0.341 | Student Test F1: 0.240 | Teacher Top 5 Accuracy: 0.695 | Student Top 5 Accuracy: 0.554 | Time: 2.794 | 
Running student landscape probe...
[LR policy] epoch=4 output=residual_log policy_pred=-0.322960 predicted_lr=0.700943 cosine_blend=0.000 lr_ema=0.000 cosine_after=0 next_student_lr=0.968149
[Train] Epoch: 5 | Teacher lr=0.9681 | Teacher Loss: 2.286 | Teacher Train Acc: 45.258 | Student lr=0.9681 | Student Train Acc: 49.452 | Time: 139.787 |
[Eval] Epoch: 5 | Teacher Test Loss: 2.323 | Teacher Test Acc: 39.490 | Student Test Loss: 2.490 | Student Test Acc: 37.790 | Teacher Test F1: 0.389 | Student Test F1: 0.371 | Teacher Top 5 Accuracy: 0.733 | Student Top 5 Accuracy: 0.692 | Time: 2.733 | 
Running student landscape probe...
[LR policy] epoch=5 output=residual_log policy_pred=-0.368962 predicted_lr=0.657248 cosine_blend=0.000 lr_ema=0.000 cosine_after=0 next_student_lr=0.950534
[Train] Epoch: 6 | Teacher lr=0.9505 | Teacher Loss: 2.156 | Teacher Train Acc: 48.544 | Student lr=0.9505 | Student Train Acc: 52.106 | Time: 138.623 |
[Eval] Epoch: 6 | Teacher Test Loss: 2.163 | Teacher Test Acc: 42.030 | Student Test Loss: 2.250 | Student Test Acc: 41.420 | Teacher Test F1: 0.410 | Student Test F1: 0.398 | Teacher Top 5 Accuracy: 0.752 | Student Top 5 Accuracy: 0.734 | Time: 2.795 | 
Running student landscape probe...
[LR policy] epoch=6 output=residual_log policy_pred=-0.409683 predicted_lr=0.616923 cosine_blend=0.000 lr_ema=0.000 cosine_after=0 next_student_lr=0.616923
[Train] Epoch: 7 | Teacher lr=0.9292 | Teacher Loss: 2.241 | Teacher Train Acc: 47.140 | Student lr=0.6169 | Student Train Acc: 57.048 | Time: 136.612 |
[Eval] Epoch: 7 | Teacher Test Loss: 2.253 | Teacher Test Acc: 39.750 | Student Test Loss: 1.985 | Student Test Acc: 46.120 | Teacher Test F1: 0.390 | Student Test F1: 0.456 | Teacher Top 5 Accuracy: 0.732 | Student Top 5 Accuracy: 0.778 | Time: 2.702 | 
Running student landscape probe...
[LR policy] epoch=7 output=residual_log policy_pred=-0.456697 predicted_lr=0.572951 cosine_blend=0.000 lr_ema=0.000 cosine_after=0 next_student_lr=0.572951
[Train] Epoch: 8 | Teacher lr=0.9045 | Teacher Loss: 1.982 | Teacher Train Acc: 52.436 | Student lr=0.5730 | Student Train Acc: 58.136 | Time: 134.844 |
[Eval] Epoch: 8 | Teacher Test Loss: 1.956 | Teacher Test Acc: 46.690 | Student Test Loss: 2.063 | Student Test Acc: 45.940 | Teacher Test F1: 0.461 | Student Test F1: 0.452 | Teacher Top 5 Accuracy: 0.789 | Student Top 5 Accuracy: 0.769 | Time: 2.841 | 
Running student landscape probe...
[LR policy] epoch=8 output=residual_log policy_pred=-0.472829 predicted_lr=0.546366 cosine_blend=0.000 lr_ema=0.000 cosine_after=0 next_student_lr=0.546366
[Train] Epoch: 9 | Teacher lr=0.8765 | Teacher Loss: 1.877 | Teacher Train Acc: 55.438 | Student lr=0.5464 | Student Train Acc: 59.804 | Time: 137.412 |
[Eval] Epoch: 9 | Teacher Test Loss: 1.875 | Teacher Test Acc: 48.730 | Student Test Loss: 2.032 | Student Test Acc: 47.720 | Teacher Test F1: 0.484 | Student Test F1: 0.460 | Teacher Top 5 Accuracy: 0.812 | Student Top 5 Accuracy: 0.770 | Time: 2.472 | 
Running student landscape probe...
[LR policy] epoch=9 output=residual_log policy_pred=-0.464176 predicted_lr=0.531643 cosine_blend=0.000 lr_ema=0.000 cosine_after=0 next_student_lr=0.531643
[Train] Epoch: 10 | Teacher lr=0.8455 | Teacher Loss: 1.796 | Teacher Train Acc: 57.396 | Student lr=0.5316 | Student Train Acc: 61.202 | Time: 138.649 |
[Eval] Epoch: 10 | Teacher Test Loss: 1.781 | Teacher Test Acc: 51.620 | Student Test Loss: 2.618 | Student Test Acc: 39.900 | Teacher Test F1: 0.512 | Student Test F1: 0.385 | Teacher Top 5 Accuracy: 0.818 | Student Top 5 Accuracy: 0.684 | Time: 2.804 | 
Running student landscape probe...
[LR policy] epoch=10 output=residual_log policy_pred=-0.353462 predicted_lr=0.570182 cosine_blend=0.000 lr_ema=0.000 cosine_after=0 next_student_lr=0.570182
[Train] Epoch: 11 | Teacher lr=0.8117 | Teacher Loss: 1.752 | Teacher Train Acc: 58.882 | Student lr=0.5702 | Student Train Acc: 61.396 | Time: 137.784 |
[Eval] Epoch: 11 | Teacher Test Loss: 1.824 | Teacher Test Acc: 50.350 | Student Test Loss: 2.352 | Student Test Acc: 42.110 | Teacher Test F1: 0.497 | Student Test F1: 0.419 | Teacher Top 5 Accuracy: 0.817 | Student Top 5 Accuracy: 0.740 | Time: 2.620 | 
Running student landscape probe...
[LR policy] epoch=11 output=residual_log policy_pred=-0.242723 predicted_lr=0.608507 cosine_blend=0.000 lr_ema=0.000 cosine_after=0 next_student_lr=0.608507
[Train] Epoch: 12 | Teacher lr=0.7754 | Teacher Loss: 1.695 | Teacher Train Acc: 60.482 | Student lr=0.6085 | Student Train Acc: 61.310 | Time: 139.264 |
[Eval] Epoch: 12 | Teacher Test Loss: 1.703 | Teacher Test Acc: 53.540 | Student Test Loss: 2.840 | Student Test Acc: 32.090 | Teacher Test F1: 0.531 | Student Test F1: 0.317 | Teacher Top 5 Accuracy: 0.833 | Student Top 5 Accuracy: 0.641 | Time: 2.835 | 
Running student landscape probe...
[LR policy] epoch=12 output=residual_log policy_pred=-0.259074 predicted_lr=0.568944 cosine_blend=0.000 lr_ema=0.000 cosine_after=0 next_student_lr=0.568944
[Train] Epoch: 13 | Teacher lr=0.7369 | Teacher Loss: 1.639 | Teacher Train Acc: 61.874 | Student lr=0.5689 | Student Train Acc: 62.662 | Time: 136.517 |
[Eval] Epoch: 13 | Teacher Test Loss: 1.574 | Teacher Test Acc: 55.060 | Student Test Loss: 2.122 | Student Test Acc: 45.030 | Teacher Test F1: 0.543 | Student Test F1: 0.443 | Teacher Top 5 Accuracy: 0.854 | Student Top 5 Accuracy: 0.771 | Time: 2.773 | 
Running student landscape probe...
[LR policy] epoch=13 output=residual_log policy_pred=-0.263785 predicted_lr=0.535251 cosine_blend=0.000 lr_ema=0.000 cosine_after=0 next_student_lr=0.535251
[Train] Epoch: 14 | Teacher lr=0.6965 | Teacher Loss: 1.590 | Teacher Train Acc: 62.952 | Student lr=0.5353 | Student Train Acc: 63.572 | Time: 138.251 |
[Eval] Epoch: 14 | Teacher Test Loss: 1.726 | Teacher Test Acc: 52.710 | Student Test Loss: 1.957 | Student Test Acc: 47.820 | Teacher Test F1: 0.529 | Student Test F1: 0.477 | Teacher Top 5 Accuracy: 0.823 | Student Top 5 Accuracy: 0.801 | Time: 2.594 | 
Running student landscape probe...
[LR policy] epoch=14 output=residual_log policy_pred=-0.254382 predicted_lr=0.507771 cosine_blend=0.000 lr_ema=0.000 cosine_after=0 next_student_lr=0.507771
[Train] Epoch: 15 | Teacher lr=0.6545 | Teacher Loss: 1.552 | Teacher Train Acc: 64.360 | Student lr=0.5078 | Student Train Acc: 64.274 | Time: 138.228 |
[Eval] Epoch: 15 | Teacher Test Loss: 1.715 | Teacher Test Acc: 53.080 | Student Test Loss: 3.186 | Student Test Acc: 28.110 | Teacher Test F1: 0.532 | Student Test F1: 0.279 | Teacher Top 5 Accuracy: 0.835 | Student Top 5 Accuracy: 0.598 | Time: 2.610 | 
Running student landscape probe...
[LR policy] epoch=15 output=residual_log policy_pred=-0.221749 predicted_lr=0.490002 cosine_blend=0.000 lr_ema=0.000 cosine_after=0 next_student_lr=0.490002
[Train] Epoch: 16 | Teacher lr=0.6113 | Teacher Loss: 1.495 | Teacher Train Acc: 65.480 | Student lr=0.4900 | Student Train Acc: 64.892 | Time: 135.426 |
[Eval] Epoch: 16 | Teacher Test Loss: 1.489 | Teacher Test Acc: 58.520 | Student Test Loss: 1.991 | Student Test Acc: 47.650 | Teacher Test F1: 0.583 | Student Test F1: 0.480 | Teacher Top 5 Accuracy: 0.864 | Student Top 5 Accuracy: 0.788 | Time: 2.838 | 
Running student landscape probe...
[LR policy] epoch=16 output=residual_log policy_pred=-0.117647 predicted_lr=0.504557 cosine_blend=0.000 lr_ema=0.000 cosine_after=0 next_student_lr=0.504557
[Train] Epoch: 17 | Teacher lr=0.5671 | Teacher Loss: 1.461 | Teacher Train Acc: 66.754 | Student lr=0.5046 | Student Train Acc: 64.840 | Time: 139.101 |
[Eval] Epoch: 17 | Teacher Test Loss: 1.564 | Teacher Test Acc: 55.300 | Student Test Loss: 2.895 | Student Test Acc: 31.200 | Teacher Test F1: 0.556 | Student Test F1: 0.319 | Teacher Top 5 Accuracy: 0.848 | Student Top 5 Accuracy: 0.640 | Time: 2.734 | 
Running student landscape probe...
[LR policy] epoch=17 output=residual_log policy_pred=0.016140 predicted_lr=0.531418 cosine_blend=0.000 lr_ema=0.000 cosine_after=0 next_student_lr=0.531418
[Train] Epoch: 18 | Teacher lr=0.5224 | Teacher Loss: 1.415 | Teacher Train Acc: 68.378 | Student lr=0.5314 | Student Train Acc: 64.886 | Time: 138.235 |
[Eval] Epoch: 18 | Teacher Test Loss: 1.429 | Teacher Test Acc: 59.270 | Student Test Loss: 2.030 | Student Test Acc: 46.830 | Teacher Test F1: 0.591 | Student Test F1: 0.465 | Teacher Top 5 Accuracy: 0.873 | Student Top 5 Accuracy: 0.776 | Time: 2.784 | 
Running student landscape probe...
[LR policy] epoch=18 output=residual_log policy_pred=0.094123 predicted_lr=0.525275 cosine_blend=0.000 lr_ema=0.000 cosine_after=0 next_student_lr=0.525275
[Train] Epoch: 19 | Teacher lr=0.4776 | Teacher Loss: 1.373 | Teacher Train Acc: 69.548 | Student lr=0.5253 | Student Train Acc: 65.172 | Time: 138.414 |
[Eval] Epoch: 19 | Teacher Test Loss: 1.408 | Teacher Test Acc: 59.910 | Student Test Loss: 2.106 | Student Test Acc: 46.820 | Teacher Test F1: 0.593 | Student Test F1: 0.479 | Teacher Top 5 Accuracy: 0.875 | Student Top 5 Accuracy: 0.775 | Time: 2.708 | 
Running student landscape probe...
[LR policy] epoch=19 output=residual_log policy_pred=0.005880 predicted_lr=0.436007 cosine_blend=0.000 lr_ema=0.000 cosine_after=0 next_student_lr=0.436007
[shock] epoch=20 forcing student_lr=0.100000 (window=20..21)
[Train] Epoch: 20 | Teacher lr=0.4329 | Teacher Loss: 1.237 | Teacher Train Acc: 70.522 | Student lr=0.1000 | Student Train Acc: 73.148 | Time: 134.517 |
[Eval] Epoch: 20 | Teacher Test Loss: 1.392 | Teacher Test Acc: 60.500 | Student Test Loss: 1.302 | Student Test Acc: 63.060 | Teacher Test F1: 0.604 | Student Test F1: 0.633 | Teacher Top 5 Accuracy: 0.878 | Student Top 5 Accuracy: 0.888 | Time: 2.636 | 
Running student landscape probe...
[LR policy] epoch=20 output=residual_log policy_pred=-0.172645 predicted_lr=0.327614 cosine_blend=0.000 lr_ema=0.000 cosine_after=0 next_student_lr=0.327614
[shock] epoch=21 forcing student_lr=0.100000 (window=20..21)
[Train] Epoch: 21 | Teacher lr=0.3887 | Teacher Loss: 1.207 | Teacher Train Acc: 71.794 | Student lr=0.1000 | Student Train Acc: 75.212 | Time: 135.985 |
[Eval] Epoch: 21 | Teacher Test Loss: 1.315 | Teacher Test Acc: 62.680 | Student Test Loss: 1.234 | Student Test Acc: 65.200 | Teacher Test F1: 0.624 | Student Test F1: 0.650 | Teacher Top 5 Accuracy: 0.889 | Student Top 5 Accuracy: 0.895 | Time: 2.842 | 
Running student landscape probe...
[LR policy] epoch=21 output=residual_log policy_pred=-0.243389 predicted_lr=0.271367 cosine_blend=0.000 lr_ema=0.000 cosine_after=0 next_student_lr=0.271367
[Train] Epoch: 22 | Teacher lr=0.3455 | Teacher Loss: 1.207 | Teacher Train Acc: 73.600 | Student lr=0.2714 | Student Train Acc: 70.514 | Time: 135.059 |
[Eval] Epoch: 22 | Teacher Test Loss: 1.221 | Teacher Test Acc: 64.860 | Student Test Loss: 1.764 | Student Test Acc: 52.970 | Teacher Test F1: 0.650 | Student Test F1: 0.541 | Teacher Top 5 Accuracy: 0.901 | Student Top 5 Accuracy: 0.826 | Time: 2.763 | 
Running student landscape probe...
[LR policy] epoch=22 output=residual_log policy_pred=-0.271729 predicted_lr=0.231807 cosine_blend=0.000 lr_ema=0.000 cosine_after=0 next_student_lr=0.231807
[Train] Epoch: 23 | Teacher lr=0.3035 | Teacher Loss: 1.139 | Teacher Train Acc: 75.444 | Student lr=0.2318 | Student Train Acc: 71.606 | Time: 137.913 |
[Eval] Epoch: 23 | Teacher Test Loss: 1.175 | Teacher Test Acc: 65.950 | Student Test Loss: 2.419 | Student Test Acc: 42.380 | Teacher Test F1: 0.660 | Student Test F1: 0.426 | Teacher Top 5 Accuracy: 0.906 | Student Top 5 Accuracy: 0.728 | Time: 2.851 | 
Running student landscape probe...
[LR policy] epoch=23 output=residual_log policy_pred=-0.293684 predicted_lr=0.196668 cosine_blend=0.000 lr_ema=0.000 cosine_after=0 next_student_lr=0.196668
[Train] Epoch: 24 | Teacher lr=0.2631 | Teacher Loss: 1.073 | Teacher Train Acc: 77.102 | Student lr=0.1967 | Student Train Acc: 72.794 | Time: 136.910 |
[Eval] Epoch: 24 | Teacher Test Loss: 1.111 | Teacher Test Acc: 67.720 | Student Test Loss: 1.543 | Student Test Acc: 58.680 | Teacher Test F1: 0.676 | Student Test F1: 0.587 | Teacher Top 5 Accuracy: 0.914 | Student Top 5 Accuracy: 0.862 | Time: 2.682 | 
Running student landscape probe...
[LR policy] epoch=24 output=residual_log policy_pred=-0.331236 predicted_lr=0.161793 cosine_blend=0.000 lr_ema=0.000 cosine_after=0 next_student_lr=0.161793
[Train] Epoch: 25 | Teacher lr=0.2246 | Teacher Loss: 1.010 | Teacher Train Acc: 78.936 | Student lr=0.1618 | Student Train Acc: 74.340 | Time: 134.890 |
[Eval] Epoch: 25 | Teacher Test Loss: 1.097 | Teacher Test Acc: 68.560 | Student Test Loss: 1.593 | Student Test Acc: 57.710 | Teacher Test F1: 0.686 | Student Test F1: 0.576 | Teacher Top 5 Accuracy: 0.915 | Student Top 5 Accuracy: 0.851 | Time: 2.577 | 
Running student landscape probe...
[LR policy] epoch=25 output=residual_log policy_pred=-0.315761 predicted_lr=0.137874 cosine_blend=0.000 lr_ema=0.000 cosine_after=0 next_student_lr=0.137874
[Train] Epoch: 26 | Teacher lr=0.1883 | Teacher Loss: 0.958 | Teacher Train Acc: 80.508 | Student lr=0.1379 | Student Train Acc: 75.516 | Time: 137.426 |
[Eval] Epoch: 26 | Teacher Test Loss: 1.037 | Teacher Test Acc: 69.540 | Student Test Loss: 1.298 | Student Test Acc: 64.000 | Teacher Test F1: 0.697 | Student Test F1: 0.638 | Teacher Top 5 Accuracy: 0.922 | Student Top 5 Accuracy: 0.889 | Time: 2.818 | 
Running student landscape probe...
[LR policy] epoch=26 output=residual_log policy_pred=-0.288987 predicted_lr=0.116334 cosine_blend=0.000 lr_ema=0.000 cosine_after=0 next_student_lr=0.116334
[Train] Epoch: 27 | Teacher lr=0.1545 | Teacher Loss: 0.896 | Teacher Train Acc: 82.306 | Student lr=0.1163 | Student Train Acc: 76.796 | Time: 136.510 |
[Eval] Epoch: 27 | Teacher Test Loss: 1.009 | Teacher Test Acc: 70.860 | Student Test Loss: 1.383 | Student Test Acc: 62.270 | Teacher Test F1: 0.709 | Student Test F1: 0.622 | Teacher Top 5 Accuracy: 0.927 | Student Top 5 Accuracy: 0.880 | Time: 2.817 | 
Running student landscape probe...
[LR policy] epoch=27 output=residual_log policy_pred=-0.251292 predicted_lr=0.096712 cosine_blend=0.000 lr_ema=0.000 cosine_after=0 next_student_lr=0.096712
[Train] Epoch: 28 | Teacher lr=0.1235 | Teacher Loss: 0.833 | Teacher Train Acc: 84.302 | Student lr=0.0967 | Student Train Acc: 78.022 | Time: 136.302 |
[Eval] Epoch: 28 | Teacher Test Loss: 1.017 | Teacher Test Acc: 71.100 | Student Test Loss: 1.274 | Student Test Acc: 64.650 | Teacher Test F1: 0.711 | Student Test F1: 0.644 | Teacher Top 5 Accuracy: 0.924 | Student Top 5 Accuracy: 0.895 | Time: 2.689 | 
Running student landscape probe...
[LR policy] epoch=28 output=residual_log policy_pred=-0.198140 predicted_lr=0.079069 cosine_blend=0.000 lr_ema=0.000 cosine_after=0 next_student_lr=0.079069
[Train] Epoch: 29 | Teacher lr=0.0955 | Teacher Loss: 0.769 | Teacher Train Acc: 86.090 | Student lr=0.0791 | Student Train Acc: 79.270 | Time: 135.296 |
[Eval] Epoch: 29 | Teacher Test Loss: 0.940 | Teacher Test Acc: 72.850 | Student Test Loss: 1.303 | Student Test Acc: 64.050 | Teacher Test F1: 0.728 | Student Test F1: 0.640 | Teacher Top 5 Accuracy: 0.934 | Student Top 5 Accuracy: 0.890 | Time: 2.641 | 
Running student landscape probe...
[LR policy] epoch=29 output=residual_log policy_pred=-0.136657 predicted_lr=0.062546 cosine_blend=0.000 lr_ema=0.000 cosine_after=0 next_student_lr=0.062546
[Train] Epoch: 30 | Teacher lr=0.0708 | Teacher Loss: 0.710 | Teacher Train Acc: 87.928 | Student lr=0.0625 | Student Train Acc: 80.674 | Time: 138.488 |
[Eval] Epoch: 30 | Teacher Test Loss: 0.926 | Teacher Test Acc: 73.350 | Student Test Loss: 1.259 | Student Test Acc: 65.390 | Teacher Test F1: 0.733 | Student Test F1: 0.653 | Teacher Top 5 Accuracy: 0.935 | Student Top 5 Accuracy: 0.897 | Time: 2.811 | 
Running student landscape probe...
[LR policy] epoch=30 output=residual_log policy_pred=-0.140089 predicted_lr=0.043869 cosine_blend=0.000 lr_ema=0.000 cosine_after=0 next_student_lr=0.043869
[Train] Epoch: 31 | Teacher lr=0.0495 | Teacher Loss: 0.649 | Teacher Train Acc: 89.512 | Student lr=0.0439 | Student Train Acc: 82.410 | Time: 136.119 |
[Eval] Epoch: 31 | Teacher Test Loss: 0.913 | Teacher Test Acc: 73.790 | Student Test Loss: 1.190 | Student Test Acc: 67.220 | Teacher Test F1: 0.739 | Student Test F1: 0.672 | Teacher Top 5 Accuracy: 0.937 | Student Top 5 Accuracy: 0.906 | Time: 2.594 | 
Running student landscape probe...
[LR policy] epoch=31 output=residual_log policy_pred=-0.149762 predicted_lr=0.028282 cosine_blend=0.000 lr_ema=0.000 cosine_after=0 next_student_lr=0.028282
[Train] Epoch: 32 | Teacher lr=0.0319 | Teacher Loss: 0.591 | Teacher Train Acc: 90.874 | Student lr=0.0283 | Student Train Acc: 84.110 | Time: 139.132 |
[Eval] Epoch: 32 | Teacher Test Loss: 0.888 | Teacher Test Acc: 74.350 | Student Test Loss: 1.176 | Student Test Acc: 67.460 | Teacher Test F1: 0.743 | Student Test F1: 0.676 | Teacher Top 5 Accuracy: 0.937 | Student Top 5 Accuracy: 0.909 | Time: 2.797 | 
Running student landscape probe...
[LR policy] epoch=32 output=residual_log policy_pred=-0.197854 predicted_lr=0.015590 cosine_blend=0.000 lr_ema=0.000 cosine_after=0 next_student_lr=0.015590
[Train] Epoch: 33 | Teacher lr=0.0180 | Teacher Loss: 0.544 | Teacher Train Acc: 91.994 | Student lr=0.0156 | Student Train Acc: 85.750 | Time: 137.954 |
[Eval] Epoch: 33 | Teacher Test Loss: 0.885 | Teacher Test Acc: 74.790 | Student Test Loss: 1.113 | Student Test Acc: 69.300 | Teacher Test F1: 0.748 | Student Test F1: 0.692 | Teacher Top 5 Accuracy: 0.939 | Student Top 5 Accuracy: 0.916 | Time: 2.819 | 
Running student landscape probe...
[LR policy] epoch=33 output=residual_log policy_pred=-0.168384 predicted_lr=0.007628 cosine_blend=0.000 lr_ema=0.000 cosine_after=0 next_student_lr=0.007628
[Train] Epoch: 34 | Teacher lr=0.0080 | Teacher Loss: 0.514 | Teacher Train Acc: 92.702 | Student lr=0.0076 | Student Train Acc: 86.646 | Time: 137.029 |
[Eval] Epoch: 34 | Teacher Test Loss: 0.882 | Teacher Test Acc: 74.890 | Student Test Loss: 1.101 | Student Test Acc: 69.740 | Teacher Test F1: 0.749 | Student Test F1: 0.697 | Teacher Top 5 Accuracy: 0.939 | Student Top 5 Accuracy: 0.918 | Time: 2.837 | 
Running student landscape probe...
[LR policy] epoch=34 output=residual_log policy_pred=-0.140094 predicted_lr=0.002617 cosine_blend=0.000 lr_ema=0.000 cosine_after=0 next_student_lr=0.002617
[Train] Epoch: 35 | Teacher lr=0.0020 | Teacher Loss: 0.496 | Teacher Train Acc: 93.086 | Student lr=0.0026 | Student Train Acc: 87.244 | Time: 123.556 |
[Eval] Epoch: 35 | Teacher Test Loss: 0.880 | Teacher Test Acc: 74.870 | Student Test Loss: 1.095 | Student Test Acc: 69.870 | Teacher Test F1: 0.749 | Student Test F1: 0.699 | Teacher Top 5 Accuracy: 0.939 | Student Top 5 Accuracy: 0.919 | Time: 0.959 | 
Running student landscape probe...
[LR policy] epoch=35 output=residual_log policy_pred=-0.109669 predicted_lr=0.001000 cosine_blend=0.000 lr_ema=0.000 cosine_after=0 next_student_lr=0.001000
ckpt location: ckpt/robust12h_stars/residgru_shock01_seed2_35ep.pt
