/home/jovyan/.mlspace/envs/egy_llm/lib/python3.11/site-packages/torchvision/datasets/cifar.py:83: VisibleDeprecationWarning: dtype(): align should be passed as Python or NumPy boolean but got `align=0`. Did you mean to pass a tuple to create a subarray type? (Deprecated NumPy 2.4)
  entry = pickle.load(f, encoding="latin1")
depth_list: [110, 20]
[LR policy] output=residual_log train_windows=1020 test_windows=170 test_mse=0.620641 test_mae=0.658654
Dataset information: cifar100	 50000 images for training 	 10000 images for testing	
teacher depth: 110
student depth: 20
Total number of teacher parameters: 1,169,972
Total number of student parameters: 278,132
Snapshots will be saved to: snapshots/robust12h_stars/residgru_shock05_seed2_35ep
==== train and evaluate unequal restart ====
[Eval] Epoch: 0 | Teacher Test Loss: 11623.433 | Teacher Test Acc: 1.000 | Student Test Loss: 6.044 | Student Test Acc: 1.110 | Teacher Test F1: 0.000 | Student Test F1: 0.000 | Teacher Top 5 Accuracy: 0.049 | Student Top 5 Accuracy: 0.052 | Time: 3.107 | 
Running student landscape probe...
[Train] Epoch: 1 | Teacher lr=1.0000 | Teacher Loss: 4.044 | Teacher Train Acc: 9.432 | Student lr=0.0100 | Student Train Acc: 7.142 | Time: 136.680 |
[Eval] Epoch: 1 | Teacher Test Loss: 3.704 | Teacher Test Acc: 11.400 | Student Test Loss: 3.851 | Student Test Acc: 9.600 | Teacher Test F1: 0.086 | Student Test F1: 0.061 | Teacher Top 5 Accuracy: 0.367 | Student Top 5 Accuracy: 0.310 | Time: 2.544 | 
Running student landscape probe...
[LR policy] epoch=1 output=residual_log policy_pred=0.355887 predicted_lr=1.424576 cosine_blend=0.000 lr_ema=0.000 cosine_after=0 next_student_lr=0.997989
[Train] Epoch: 2 | Teacher lr=0.9980 | Teacher Loss: 3.431 | Teacher Train Acc: 20.366 | Student lr=0.9980 | Student Train Acc: 19.696 | Time: 136.721 |
[Eval] Epoch: 2 | Teacher Test Loss: 3.527 | Teacher Test Acc: 16.870 | Student Test Loss: 3.945 | Student Test Acc: 13.430 | Teacher Test F1: 0.144 | Student Test F1: 0.126 | Teacher Top 5 Accuracy: 0.441 | Student Top 5 Accuracy: 0.403 | Time: 2.817 | 
Running student landscape probe...
[LR policy] epoch=2 output=residual_log policy_pred=0.383153 predicted_lr=1.455127 cosine_blend=0.000 lr_ema=0.000 cosine_after=0 next_student_lr=0.991973
[Train] Epoch: 3 | Teacher lr=0.9920 | Teacher Loss: 2.890 | Teacher Train Acc: 31.568 | Student lr=0.9920 | Student Train Acc: 38.364 | Time: 134.590 |
[Eval] Epoch: 3 | Teacher Test Loss: 2.690 | Teacher Test Acc: 30.100 | Student Test Loss: 3.579 | Student Test Acc: 21.470 | Teacher Test F1: 0.284 | Student Test F1: 0.200 | Teacher Top 5 Accuracy: 0.632 | Student Top 5 Accuracy: 0.496 | Time: 2.610 | 
Running student landscape probe...
[LR policy] epoch=3 output=residual_log policy_pred=0.372449 predicted_lr=1.425160 cosine_blend=0.000 lr_ema=0.000 cosine_after=0 next_student_lr=0.981999
[Train] Epoch: 4 | Teacher lr=0.9820 | Teacher Loss: 2.502 | Teacher Train Acc: 39.988 | Student lr=0.9820 | Student Train Acc: 46.136 | Time: 136.194 |
[Eval] Epoch: 4 | Teacher Test Loss: 2.526 | Teacher Test Acc: 35.170 | Student Test Loss: 3.275 | Student Test Acc: 26.080 | Teacher Test F1: 0.332 | Student Test F1: 0.250 | Teacher Top 5 Accuracy: 0.685 | Student Top 5 Accuracy: 0.554 | Time: 2.832 | 
Running student landscape probe...
[LR policy] epoch=4 output=residual_log policy_pred=0.376038 predicted_lr=1.410112 cosine_blend=0.000 lr_ema=0.000 cosine_after=0 next_student_lr=0.968149
[Train] Epoch: 5 | Teacher lr=0.9681 | Teacher Loss: 2.292 | Teacher Train Acc: 45.302 | Student lr=0.9681 | Student Train Acc: 50.052 | Time: 134.461 |
[Eval] Epoch: 5 | Teacher Test Loss: 2.300 | Teacher Test Acc: 39.740 | Student Test Loss: 3.669 | Student Test Acc: 22.910 | Teacher Test F1: 0.387 | Student Test F1: 0.210 | Teacher Top 5 Accuracy: 0.740 | Student Top 5 Accuracy: 0.525 | Time: 2.826 | 
Running student landscape probe...
[LR policy] epoch=5 output=residual_log policy_pred=0.400851 predicted_lr=1.419237 cosine_blend=0.000 lr_ema=0.000 cosine_after=0 next_student_lr=0.950534
[Train] Epoch: 6 | Teacher lr=0.9505 | Teacher Loss: 2.152 | Teacher Train Acc: 48.788 | Student lr=0.9505 | Student Train Acc: 52.696 | Time: 137.356 |
[Eval] Epoch: 6 | Teacher Test Loss: 2.170 | Teacher Test Acc: 42.230 | Student Test Loss: 2.303 | Student Test Acc: 39.540 | Teacher Test F1: 0.419 | Student Test F1: 0.391 | Teacher Top 5 Accuracy: 0.749 | Student Top 5 Accuracy: 0.731 | Time: 2.706 | 
Running student landscape probe...
[LR policy] epoch=6 output=residual_log policy_pred=0.423771 predicted_lr=1.419695 cosine_blend=0.000 lr_ema=0.000 cosine_after=0 next_student_lr=1.419695
[Train] Epoch: 7 | Teacher lr=0.9292 | Teacher Loss: 2.066 | Teacher Train Acc: 51.786 | Student lr=1.4197 | Student Train Acc: 50.836 | Time: 138.084 |
[Eval] Epoch: 7 | Teacher Test Loss: 2.079 | Teacher Test Acc: 43.150 | Student Test Loss: 3.410 | Student Test Acc: 23.790 | Teacher Test F1: 0.430 | Student Test F1: 0.217 | Teacher Top 5 Accuracy: 0.772 | Student Top 5 Accuracy: 0.532 | Time: 2.805 | 
Running student landscape probe...
[LR policy] epoch=7 output=residual_log policy_pred=0.513812 predicted_lr=1.500000 cosine_blend=0.000 lr_ema=0.000 cosine_after=0 next_student_lr=1.500000
[Train] Epoch: 8 | Teacher lr=0.9045 | Teacher Loss: 1.974 | Teacher Train Acc: 54.180 | Student lr=1.5000 | Student Train Acc: 51.812 | Time: 138.194 |
[Eval] Epoch: 8 | Teacher Test Loss: 1.884 | Teacher Test Acc: 48.770 | Student Test Loss: 2.424 | Student Test Acc: 36.910 | Teacher Test F1: 0.474 | Student Test F1: 0.365 | Teacher Top 5 Accuracy: 0.791 | Student Top 5 Accuracy: 0.703 | Time: 2.723 | 
Running student landscape probe...
[LR policy] epoch=8 output=residual_log policy_pred=0.560041 predicted_lr=1.500000 cosine_blend=0.000 lr_ema=0.000 cosine_after=0 next_student_lr=1.500000
[Train] Epoch: 9 | Teacher lr=0.8765 | Teacher Loss: 1.930 | Teacher Train Acc: 56.062 | Student lr=1.5000 | Student Train Acc: 50.912 | Time: 137.315 |
[Eval] Epoch: 9 | Teacher Test Loss: 1.813 | Teacher Test Acc: 49.350 | Student Test Loss: 2.600 | Student Test Acc: 34.870 | Teacher Test F1: 0.493 | Student Test F1: 0.343 | Teacher Top 5 Accuracy: 0.812 | Student Top 5 Accuracy: 0.682 | Time: 2.747 | 
Running student landscape probe...
[LR policy] epoch=9 output=residual_log policy_pred=0.593818 predicted_lr=1.500000 cosine_blend=0.000 lr_ema=0.000 cosine_after=0 next_student_lr=1.500000
[Train] Epoch: 10 | Teacher lr=0.8455 | Teacher Loss: 1.854 | Teacher Train Acc: 57.500 | Student lr=1.5000 | Student Train Acc: 53.128 | Time: 137.511 |
[Eval] Epoch: 10 | Teacher Test Loss: 1.744 | Teacher Test Acc: 52.300 | Student Test Loss: 2.475 | Student Test Acc: 36.080 | Teacher Test F1: 0.516 | Student Test F1: 0.356 | Teacher Top 5 Accuracy: 0.820 | Student Top 5 Accuracy: 0.684 | Time: 2.748 | 
Running student landscape probe...
[LR policy] epoch=10 output=residual_log policy_pred=0.655816 predicted_lr=1.500000 cosine_blend=0.000 lr_ema=0.000 cosine_after=0 next_student_lr=1.500000
[Train] Epoch: 11 | Teacher lr=0.8117 | Teacher Loss: 1.818 | Teacher Train Acc: 58.712 | Student lr=1.5000 | Student Train Acc: 53.450 | Time: 137.745 |
[Eval] Epoch: 11 | Teacher Test Loss: 1.845 | Teacher Test Acc: 49.070 | Student Test Loss: 2.579 | Student Test Acc: 36.720 | Teacher Test F1: 0.483 | Student Test F1: 0.348 | Teacher Top 5 Accuracy: 0.813 | Student Top 5 Accuracy: 0.687 | Time: 2.496 | 
Running student landscape probe...
[LR policy] epoch=11 output=residual_log policy_pred=0.766173 predicted_lr=1.500000 cosine_blend=0.000 lr_ema=0.000 cosine_after=0 next_student_lr=1.500000
[Train] Epoch: 12 | Teacher lr=0.7754 | Teacher Loss: 1.756 | Teacher Train Acc: 60.558 | Student lr=1.5000 | Student Train Acc: 53.896 | Time: 136.717 |
[Eval] Epoch: 12 | Teacher Test Loss: 1.764 | Teacher Test Acc: 51.300 | Student Test Loss: 2.546 | Student Test Acc: 35.730 | Teacher Test F1: 0.513 | Student Test F1: 0.363 | Teacher Top 5 Accuracy: 0.815 | Student Top 5 Accuracy: 0.710 | Time: 2.678 | 
Running student landscape probe...
[LR policy] epoch=12 output=residual_log policy_pred=0.815852 predicted_lr=1.500000 cosine_blend=0.000 lr_ema=0.000 cosine_after=0 next_student_lr=1.500000
[Train] Epoch: 13 | Teacher lr=0.7369 | Teacher Loss: 1.722 | Teacher Train Acc: 61.740 | Student lr=1.5000 | Student Train Acc: 54.186 | Time: 137.710 |
[Eval] Epoch: 13 | Teacher Test Loss: 1.616 | Teacher Test Acc: 54.410 | Student Test Loss: 2.435 | Student Test Acc: 39.740 | Teacher Test F1: 0.543 | Student Test F1: 0.385 | Teacher Top 5 Accuracy: 0.848 | Student Top 5 Accuracy: 0.715 | Time: 2.626 | 
Running student landscape probe...
[LR policy] epoch=13 output=residual_log policy_pred=0.850726 predicted_lr=1.500000 cosine_blend=0.000 lr_ema=0.000 cosine_after=0 next_student_lr=1.500000
[Train] Epoch: 14 | Teacher lr=0.6965 | Teacher Loss: 1.676 | Teacher Train Acc: 63.060 | Student lr=1.5000 | Student Train Acc: 54.686 | Time: 138.754 |
[Eval] Epoch: 14 | Teacher Test Loss: 1.635 | Teacher Test Acc: 54.050 | Student Test Loss: 2.743 | Student Test Acc: 34.020 | Teacher Test F1: 0.537 | Student Test F1: 0.324 | Teacher Top 5 Accuracy: 0.840 | Student Top 5 Accuracy: 0.669 | Time: 2.591 | 
Running student landscape probe...
[LR policy] epoch=14 output=residual_log policy_pred=0.866098 predicted_lr=1.500000 cosine_blend=0.000 lr_ema=0.000 cosine_after=0 next_student_lr=1.500000
[Train] Epoch: 15 | Teacher lr=0.6545 | Teacher Loss: 1.637 | Teacher Train Acc: 64.248 | Student lr=1.5000 | Student Train Acc: 55.184 | Time: 137.578 |
[Eval] Epoch: 15 | Teacher Test Loss: 1.589 | Teacher Test Acc: 55.090 | Student Test Loss: 2.579 | Student Test Acc: 37.160 | Teacher Test F1: 0.554 | Student Test F1: 0.370 | Teacher Top 5 Accuracy: 0.854 | Student Top 5 Accuracy: 0.681 | Time: 2.617 | 
Running student landscape probe...
[LR policy] epoch=15 output=residual_log policy_pred=0.839559 predicted_lr=1.416180 cosine_blend=0.000 lr_ema=0.000 cosine_after=0 next_student_lr=1.416180
[Train] Epoch: 16 | Teacher lr=0.6113 | Teacher Loss: 1.590 | Teacher Train Acc: 65.534 | Student lr=1.4162 | Student Train Acc: 55.504 | Time: 138.643 |
[Eval] Epoch: 16 | Teacher Test Loss: 1.504 | Teacher Test Acc: 57.080 | Student Test Loss: 2.839 | Student Test Acc: 33.700 | Teacher Test F1: 0.569 | Student Test F1: 0.326 | Teacher Top 5 Accuracy: 0.866 | Student Top 5 Accuracy: 0.659 | Time: 2.603 | 
Running student landscape probe...
[LR policy] epoch=16 output=residual_log policy_pred=0.758053 predicted_lr=1.211217 cosine_blend=0.000 lr_ema=0.000 cosine_after=0 next_student_lr=1.211217
[Train] Epoch: 17 | Teacher lr=0.5671 | Teacher Loss: 1.546 | Teacher Train Acc: 66.238 | Student lr=1.2112 | Student Train Acc: 57.184 | Time: 137.128 |
[Eval] Epoch: 17 | Teacher Test Loss: 1.466 | Teacher Test Acc: 58.500 | Student Test Loss: 2.339 | Student Test Acc: 40.400 | Teacher Test F1: 0.588 | Student Test F1: 0.403 | Teacher Top 5 Accuracy: 0.869 | Student Top 5 Accuracy: 0.727 | Time: 2.386 | 
Running student landscape probe...
[LR policy] epoch=17 output=residual_log policy_pred=0.717711 predicted_lr=1.071827 cosine_blend=0.000 lr_ema=0.000 cosine_after=0 next_student_lr=1.071827
[Train] Epoch: 18 | Teacher lr=0.5224 | Teacher Loss: 1.492 | Teacher Train Acc: 67.536 | Student lr=1.0718 | Student Train Acc: 58.554 | Time: 133.209 |
[Eval] Epoch: 18 | Teacher Test Loss: 1.432 | Teacher Test Acc: 60.020 | Student Test Loss: 2.482 | Student Test Acc: 38.030 | Teacher Test F1: 0.597 | Student Test F1: 0.385 | Teacher Top 5 Accuracy: 0.871 | Student Top 5 Accuracy: 0.712 | Time: 2.428 | 
Running student landscape probe...
[LR policy] epoch=18 output=residual_log policy_pred=0.693636 predicted_lr=0.956647 cosine_blend=0.000 lr_ema=0.000 cosine_after=0 next_student_lr=0.956647
[Train] Epoch: 19 | Teacher lr=0.4776 | Teacher Loss: 1.442 | Teacher Train Acc: 68.700 | Student lr=0.9566 | Student Train Acc: 59.788 | Time: 138.567 |
[Eval] Epoch: 19 | Teacher Test Loss: 1.379 | Teacher Test Acc: 60.300 | Student Test Loss: 2.486 | Student Test Acc: 38.390 | Teacher Test F1: 0.597 | Student Test F1: 0.387 | Teacher Top 5 Accuracy: 0.879 | Student Top 5 Accuracy: 0.704 | Time: 2.425 | 
Running student landscape probe...
[LR policy] epoch=19 output=residual_log policy_pred=0.697103 predicted_lr=0.870337 cosine_blend=0.000 lr_ema=0.000 cosine_after=0 next_student_lr=0.870337
[shock] epoch=20 forcing student_lr=0.500000 (window=20..21)
[Train] Epoch: 20 | Teacher lr=0.4329 | Teacher Loss: 1.345 | Teacher Train Acc: 69.828 | Student lr=0.5000 | Student Train Acc: 64.720 | Time: 137.050 |
[Eval] Epoch: 20 | Teacher Test Loss: 1.338 | Teacher Test Acc: 61.820 | Student Test Loss: 1.925 | Student Test Acc: 48.460 | Teacher Test F1: 0.619 | Student Test F1: 0.488 | Teacher Top 5 Accuracy: 0.887 | Student Top 5 Accuracy: 0.793 | Time: 2.432 | 
Running student landscape probe...
[LR policy] epoch=20 output=residual_log policy_pred=0.704785 predicted_lr=0.787817 cosine_blend=0.000 lr_ema=0.000 cosine_after=0 next_student_lr=0.787817
[shock] epoch=21 forcing student_lr=0.500000 (window=20..21)
[Train] Epoch: 21 | Teacher lr=0.3887 | Teacher Loss: 1.310 | Teacher Train Acc: 71.422 | Student lr=0.5000 | Student Train Acc: 64.822 | Time: 136.812 |
[Eval] Epoch: 21 | Teacher Test Loss: 1.265 | Teacher Test Acc: 63.930 | Student Test Loss: 2.155 | Student Test Acc: 45.910 | Teacher Test F1: 0.638 | Student Test F1: 0.463 | Teacher Top 5 Accuracy: 0.897 | Student Top 5 Accuracy: 0.756 | Time: 2.301 | 
Running student landscape probe...
[LR policy] epoch=21 output=residual_log policy_pred=0.722323 predicted_lr=0.712788 cosine_blend=0.000 lr_ema=0.000 cosine_after=0 next_student_lr=0.712788
[Train] Epoch: 22 | Teacher lr=0.3455 | Teacher Loss: 1.300 | Teacher Train Acc: 73.296 | Student lr=0.7128 | Student Train Acc: 62.012 | Time: 138.878 |
[Eval] Epoch: 22 | Teacher Test Loss: 1.262 | Teacher Test Acc: 63.660 | Student Test Loss: 2.082 | Student Test Acc: 44.800 | Teacher Test F1: 0.638 | Student Test F1: 0.453 | Teacher Top 5 Accuracy: 0.898 | Student Top 5 Accuracy: 0.776 | Time: 2.471 | 
Running student landscape probe...
[LR policy] epoch=22 output=residual_log policy_pred=0.750739 predicted_lr=0.644434 cosine_blend=0.000 lr_ema=0.000 cosine_after=0 next_student_lr=0.644434
[Train] Epoch: 23 | Teacher lr=0.3035 | Teacher Loss: 1.229 | Teacher Train Acc: 74.868 | Student lr=0.6444 | Student Train Acc: 63.728 | Time: 139.218 |
[Eval] Epoch: 23 | Teacher Test Loss: 1.175 | Teacher Test Acc: 65.840 | Student Test Loss: 1.761 | Student Test Acc: 51.910 | Teacher Test F1: 0.656 | Student Test F1: 0.512 | Teacher Top 5 Accuracy: 0.909 | Student Top 5 Accuracy: 0.824 | Time: 2.497 | 
Running student landscape probe...
[LR policy] epoch=23 output=residual_log policy_pred=0.769755 predicted_lr=0.569612 cosine_blend=0.000 lr_ema=0.000 cosine_after=0 next_student_lr=0.569612
[Train] Epoch: 24 | Teacher lr=0.2631 | Teacher Loss: 1.176 | Teacher Train Acc: 76.586 | Student lr=0.5696 | Student Train Acc: 64.826 | Time: 135.811 |
[Eval] Epoch: 24 | Teacher Test Loss: 1.143 | Teacher Test Acc: 67.400 | Student Test Loss: 1.882 | Student Test Acc: 50.200 | Teacher Test F1: 0.671 | Student Test F1: 0.498 | Teacher Top 5 Accuracy: 0.911 | Student Top 5 Accuracy: 0.802 | Time: 2.449 | 
Running student landscape probe...
[LR policy] epoch=24 output=residual_log policy_pred=0.766361 predicted_lr=0.484886 cosine_blend=0.000 lr_ema=0.000 cosine_after=0 next_student_lr=0.484886
[Train] Epoch: 25 | Teacher lr=0.2246 | Teacher Loss: 1.113 | Teacher Train Acc: 78.180 | Student lr=0.4849 | Student Train Acc: 65.936 | Time: 136.470 |
[Eval] Epoch: 25 | Teacher Test Loss: 1.114 | Teacher Test Acc: 68.200 | Student Test Loss: 1.609 | Student Test Acc: 55.380 | Teacher Test F1: 0.681 | Student Test F1: 0.552 | Teacher Top 5 Accuracy: 0.914 | Student Top 5 Accuracy: 0.848 | Time: 2.576 | 
Running student landscape probe...
[LR policy] epoch=25 output=residual_log policy_pred=0.765066 predicted_lr=0.406330 cosine_blend=0.000 lr_ema=0.000 cosine_after=0 next_student_lr=0.406330
[Train] Epoch: 26 | Teacher lr=0.1883 | Teacher Loss: 1.052 | Teacher Train Acc: 79.850 | Student lr=0.4063 | Student Train Acc: 67.932 | Time: 137.419 |
[Eval] Epoch: 26 | Teacher Test Loss: 1.080 | Teacher Test Acc: 68.410 | Student Test Loss: 1.871 | Student Test Acc: 51.080 | Teacher Test F1: 0.687 | Student Test F1: 0.511 | Teacher Top 5 Accuracy: 0.923 | Student Top 5 Accuracy: 0.804 | Time: 2.499 | 
Running student landscape probe...
[LR policy] epoch=26 output=residual_log policy_pred=0.774858 predicted_lr=0.337076 cosine_blend=0.000 lr_ema=0.000 cosine_after=0 next_student_lr=0.337076
[Train] Epoch: 27 | Teacher lr=0.1545 | Teacher Loss: 0.993 | Teacher Train Acc: 81.478 | Student lr=0.3371 | Student Train Acc: 68.884 | Time: 137.942 |
[Eval] Epoch: 27 | Teacher Test Loss: 1.032 | Teacher Test Acc: 69.960 | Student Test Loss: 1.583 | Student Test Acc: 57.360 | Teacher Test F1: 0.698 | Student Test F1: 0.568 | Teacher Top 5 Accuracy: 0.925 | Student Top 5 Accuracy: 0.846 | Time: 2.365 | 
Running student landscape probe...
[LR policy] epoch=27 output=residual_log policy_pred=0.765474 predicted_lr=0.267334 cosine_blend=0.000 lr_ema=0.000 cosine_after=0 next_student_lr=0.267334
[Train] Epoch: 28 | Teacher lr=0.1235 | Teacher Loss: 0.923 | Teacher Train Acc: 83.534 | Student lr=0.2673 | Student Train Acc: 70.904 | Time: 138.152 |
[Eval] Epoch: 28 | Teacher Test Loss: 1.017 | Teacher Test Acc: 70.730 | Student Test Loss: 1.416 | Student Test Acc: 60.170 | Teacher Test F1: 0.707 | Student Test F1: 0.601 | Teacher Top 5 Accuracy: 0.928 | Student Top 5 Accuracy: 0.875 | Time: 2.509 | 
Running student landscape probe...
[LR policy] epoch=28 output=residual_log policy_pred=0.750294 predicted_lr=0.204130 cosine_blend=0.000 lr_ema=0.000 cosine_after=0 next_student_lr=0.204130
[Train] Epoch: 29 | Teacher lr=0.0955 | Teacher Loss: 0.851 | Teacher Train Acc: 85.382 | Student lr=0.2041 | Student Train Acc: 72.546 | Time: 139.684 |
[Eval] Epoch: 29 | Teacher Test Loss: 0.938 | Teacher Test Acc: 72.520 | Student Test Loss: 1.566 | Student Test Acc: 57.100 | Teacher Test F1: 0.725 | Student Test F1: 0.572 | Teacher Top 5 Accuracy: 0.937 | Student Top 5 Accuracy: 0.857 | Time: 2.468 | 
Running student landscape probe...
[LR policy] epoch=29 output=residual_log policy_pred=0.736120 predicted_lr=0.149707 cosine_blend=0.000 lr_ema=0.000 cosine_after=0 next_student_lr=0.149707
[Train] Epoch: 30 | Teacher lr=0.0708 | Teacher Loss: 0.787 | Teacher Train Acc: 86.916 | Student lr=0.1497 | Student Train Acc: 74.462 | Time: 136.425 |
[Eval] Epoch: 30 | Teacher Test Loss: 0.935 | Teacher Test Acc: 73.150 | Student Test Loss: 1.333 | Student Test Acc: 62.600 | Teacher Test F1: 0.731 | Student Test F1: 0.624 | Teacher Top 5 Accuracy: 0.937 | Student Top 5 Accuracy: 0.888 | Time: 2.482 | 
Running student landscape probe...
[LR policy] epoch=30 output=residual_log policy_pred=0.704885 predicted_lr=0.102124 cosine_blend=0.000 lr_ema=0.000 cosine_after=0 next_student_lr=0.102124
[Train] Epoch: 31 | Teacher lr=0.0495 | Teacher Loss: 0.719 | Teacher Train Acc: 88.780 | Student lr=0.1021 | Student Train Acc: 76.766 | Time: 139.664 |
[Eval] Epoch: 31 | Teacher Test Loss: 0.913 | Teacher Test Acc: 73.470 | Student Test Loss: 1.288 | Student Test Acc: 64.060 | Teacher Test F1: 0.736 | Student Test F1: 0.641 | Teacher Top 5 Accuracy: 0.939 | Student Top 5 Accuracy: 0.895 | Time: 2.332 | 
Running student landscape probe...
[LR policy] epoch=31 output=residual_log policy_pred=0.724736 predicted_lr=0.067810 cosine_blend=0.000 lr_ema=0.000 cosine_after=0 next_student_lr=0.067810
[Train] Epoch: 32 | Teacher lr=0.0319 | Teacher Loss: 0.659 | Teacher Train Acc: 90.122 | Student lr=0.0678 | Student Train Acc: 78.968 | Time: 136.933 |
[Eval] Epoch: 32 | Teacher Test Loss: 0.889 | Teacher Test Acc: 74.080 | Student Test Loss: 1.227 | Student Test Acc: 65.290 | Teacher Test F1: 0.741 | Student Test F1: 0.655 | Teacher Top 5 Accuracy: 0.942 | Student Top 5 Accuracy: 0.903 | Time: 2.453 | 
Running student landscape probe...
[LR policy] epoch=32 output=residual_log policy_pred=0.685939 predicted_lr=0.037728 cosine_blend=0.000 lr_ema=0.000 cosine_after=0 next_student_lr=0.037728
[Train] Epoch: 33 | Teacher lr=0.0180 | Teacher Loss: 0.601 | Teacher Train Acc: 91.408 | Student lr=0.0377 | Student Train Acc: 81.256 | Time: 139.017 |
[Eval] Epoch: 33 | Teacher Test Loss: 0.884 | Teacher Test Acc: 74.480 | Student Test Loss: 1.182 | Student Test Acc: 66.480 | Teacher Test F1: 0.745 | Student Test F1: 0.665 | Teacher Top 5 Accuracy: 0.942 | Student Top 5 Accuracy: 0.911 | Time: 2.473 | 
Running student landscape probe...
[LR policy] epoch=33 output=residual_log policy_pred=0.667041 predicted_lr=0.017589 cosine_blend=0.000 lr_ema=0.000 cosine_after=0 next_student_lr=0.017589
[Train] Epoch: 34 | Teacher lr=0.0080 | Teacher Loss: 0.561 | Teacher Train Acc: 92.022 | Student lr=0.0176 | Student Train Acc: 83.038 | Time: 136.873 |
[Eval] Epoch: 34 | Teacher Test Loss: 0.881 | Teacher Test Acc: 74.630 | Student Test Loss: 1.136 | Student Test Acc: 67.950 | Teacher Test F1: 0.747 | Student Test F1: 0.679 | Teacher Top 5 Accuracy: 0.942 | Student Top 5 Accuracy: 0.916 | Time: 2.404 | 
Running student landscape probe...
[LR policy] epoch=34 output=residual_log policy_pred=0.659879 predicted_lr=0.005825 cosine_blend=0.000 lr_ema=0.000 cosine_after=0 next_student_lr=0.005825
[Train] Epoch: 35 | Teacher lr=0.0020 | Teacher Loss: 0.538 | Teacher Train Acc: 92.458 | Student lr=0.0058 | Student Train Acc: 84.056 | Time: 136.068 |
[Eval] Epoch: 35 | Teacher Test Loss: 0.878 | Teacher Test Acc: 74.900 | Student Test Loss: 1.124 | Student Test Acc: 68.440 | Teacher Test F1: 0.749 | Student Test F1: 0.685 | Teacher Top 5 Accuracy: 0.944 | Student Top 5 Accuracy: 0.916 | Time: 2.482 | 
Running student landscape probe...
[LR policy] epoch=35 output=residual_log policy_pred=0.628435 predicted_lr=0.001875 cosine_blend=0.000 lr_ema=0.000 cosine_after=0 next_student_lr=0.001875
ckpt location: ckpt/robust12h_stars/residgru_shock05_seed2_35ep.pt
