/home/jovyan/.mlspace/envs/egy_llm/lib/python3.11/site-packages/torchvision/datasets/cifar.py:83: VisibleDeprecationWarning: dtype(): align should be passed as Python or NumPy boolean but got `align=0`. Did you mean to pass a tuple to create a subarray type? (Deprecated NumPy 2.4)
  entry = pickle.load(f, encoding="latin1")
depth_list: [110, 20]
[LR policy] output=residual_log train_windows=1020 test_windows=170 test_mse=0.565181 test_mae=0.577870
Dataset information: cifar100	 50000 images for training 	 10000 images for testing	
teacher depth: 110
student depth: 20
Total number of teacher parameters: 1,169,972
Total number of student parameters: 278,132
Snapshots will be saved to: snapshots/robust12h_stars/residgru_shock10_seed4_35ep
==== train and evaluate unequal restart ====
[Eval] Epoch: 0 | Teacher Test Loss: 8723.027 | Teacher Test Acc: 1.000 | Student Test Loss: 5.114 | Student Test Acc: 0.930 | Teacher Test F1: 0.000 | Student Test F1: 0.001 | Teacher Top 5 Accuracy: 0.050 | Student Top 5 Accuracy: 0.051 | Time: 2.910 | 
Running student landscape probe...
[Train] Epoch: 1 | Teacher lr=1.0000 | Teacher Loss: 4.016 | Teacher Train Acc: 9.960 | Student lr=0.0100 | Student Train Acc: 7.086 | Time: 136.745 |
[Eval] Epoch: 1 | Teacher Test Loss: 3.620 | Teacher Test Acc: 14.300 | Student Test Loss: 3.792 | Student Test Acc: 10.910 | Teacher Test F1: 0.108 | Student Test F1: 0.070 | Teacher Top 5 Accuracy: 0.386 | Student Top 5 Accuracy: 0.327 | Time: 2.809 | 
Running student landscape probe...
[LR policy] epoch=1 output=residual_log policy_pred=-0.327076 predicted_lr=0.719579 cosine_blend=0.000 lr_ema=0.000 cosine_after=0 next_student_lr=0.997989
[Train] Epoch: 2 | Teacher lr=0.9980 | Teacher Loss: 3.441 | Teacher Train Acc: 20.478 | Student lr=0.9980 | Student Train Acc: 17.156 | Time: 137.987 |
[Eval] Epoch: 2 | Teacher Test Loss: 3.410 | Teacher Test Acc: 19.260 | Student Test Loss: 3.460 | Student Test Acc: 19.110 | Teacher Test F1: 0.161 | Student Test F1: 0.169 | Teacher Top 5 Accuracy: 0.472 | Student Top 5 Accuracy: 0.496 | Time: 2.731 | 
Running student landscape probe...
[LR policy] epoch=2 output=residual_log policy_pred=-0.546201 predicted_lr=0.574497 cosine_blend=0.000 lr_ema=0.000 cosine_after=0 next_student_lr=0.991973
[Train] Epoch: 3 | Teacher lr=0.9920 | Teacher Loss: 2.910 | Teacher Train Acc: 31.024 | Student lr=0.9920 | Student Train Acc: 39.240 | Time: 135.593 |
[Eval] Epoch: 3 | Teacher Test Loss: 2.749 | Teacher Test Acc: 31.080 | Student Test Loss: 2.828 | Student Test Acc: 29.390 | Teacher Test F1: 0.287 | Student Test F1: 0.284 | Teacher Top 5 Accuracy: 0.635 | Student Top 5 Accuracy: 0.615 | Time: 2.601 | 
Running student landscape probe...
[LR policy] epoch=3 output=residual_log policy_pred=-0.740371 predicted_lr=0.468352 cosine_blend=0.000 lr_ema=0.000 cosine_after=0 next_student_lr=0.981999
[Train] Epoch: 4 | Teacher lr=0.9820 | Teacher Loss: 2.525 | Teacher Train Acc: 39.548 | Student lr=0.9820 | Student Train Acc: 47.358 | Time: 135.568 |
[Eval] Epoch: 4 | Teacher Test Loss: 2.638 | Teacher Test Acc: 32.340 | Student Test Loss: 2.903 | Student Test Acc: 29.850 | Teacher Test F1: 0.318 | Student Test F1: 0.280 | Teacher Top 5 Accuracy: 0.668 | Student Top 5 Accuracy: 0.601 | Time: 2.611 | 
Running student landscape probe...
[LR policy] epoch=4 output=residual_log policy_pred=-0.867125 predicted_lr=0.406776 cosine_blend=0.000 lr_ema=0.000 cosine_after=0 next_student_lr=0.968149
[Train] Epoch: 5 | Teacher lr=0.9681 | Teacher Loss: 2.278 | Teacher Train Acc: 45.264 | Student lr=0.9681 | Student Train Acc: 51.432 | Time: 137.555 |
[Eval] Epoch: 5 | Teacher Test Loss: 2.147 | Teacher Test Acc: 42.550 | Student Test Loss: 2.206 | Student Test Acc: 40.070 | Teacher Test F1: 0.421 | Student Test F1: 0.401 | Teacher Top 5 Accuracy: 0.748 | Student Top 5 Accuracy: 0.748 | Time: 2.649 | 
Running student landscape probe...
[LR policy] epoch=5 output=residual_log policy_pred=-0.954727 predicted_lr=0.365877 cosine_blend=0.000 lr_ema=0.000 cosine_after=0 next_student_lr=0.950534
[Train] Epoch: 6 | Teacher lr=0.9505 | Teacher Loss: 2.144 | Teacher Train Acc: 48.802 | Student lr=0.9505 | Student Train Acc: 53.736 | Time: 135.628 |
[Eval] Epoch: 6 | Teacher Test Loss: 2.068 | Teacher Test Acc: 43.250 | Student Test Loss: 2.145 | Student Test Acc: 43.020 | Teacher Test F1: 0.426 | Student Test F1: 0.422 | Teacher Top 5 Accuracy: 0.774 | Student Top 5 Accuracy: 0.757 | Time: 2.810 | 
Running student landscape probe...
[LR policy] epoch=6 output=residual_log policy_pred=-1.012337 predicted_lr=0.341869 cosine_blend=0.000 lr_ema=0.000 cosine_after=0 next_student_lr=0.341869
[Train] Epoch: 7 | Teacher lr=0.9292 | Teacher Loss: 2.007 | Teacher Train Acc: 51.168 | Student lr=0.3419 | Student Train Acc: 61.244 | Time: 136.967 |
[Eval] Epoch: 7 | Teacher Test Loss: 2.177 | Teacher Test Acc: 42.170 | Student Test Loss: 1.902 | Student Test Acc: 48.090 | Teacher Test F1: 0.412 | Student Test F1: 0.489 | Teacher Top 5 Accuracy: 0.748 | Student Top 5 Accuracy: 0.797 | Time: 2.665 | 
Running student landscape probe...
[LR policy] epoch=7 output=residual_log policy_pred=-1.032000 predicted_lr=0.332785 cosine_blend=0.000 lr_ema=0.000 cosine_after=0 next_student_lr=0.332785
[Train] Epoch: 8 | Teacher lr=0.9045 | Teacher Loss: 1.908 | Teacher Train Acc: 53.964 | Student lr=0.3328 | Student Train Acc: 63.084 | Time: 136.194 |
[Eval] Epoch: 8 | Teacher Test Loss: 2.037 | Teacher Test Acc: 45.380 | Student Test Loss: 1.749 | Student Test Acc: 51.860 | Teacher Test F1: 0.442 | Student Test F1: 0.518 | Teacher Top 5 Accuracy: 0.780 | Student Top 5 Accuracy: 0.825 | Time: 2.689 | 
Running student landscape probe...
[LR policy] epoch=8 output=residual_log policy_pred=-1.010628 predicted_lr=0.322505 cosine_blend=0.000 lr_ema=0.000 cosine_after=0 next_student_lr=0.322505
[Train] Epoch: 9 | Teacher lr=0.8765 | Teacher Loss: 1.833 | Teacher Train Acc: 55.898 | Student lr=0.3225 | Student Train Acc: 63.928 | Time: 136.806 |
[Eval] Epoch: 9 | Teacher Test Loss: 1.897 | Teacher Test Acc: 49.010 | Student Test Loss: 1.685 | Student Test Acc: 53.820 | Teacher Test F1: 0.481 | Student Test F1: 0.539 | Teacher Top 5 Accuracy: 0.804 | Student Top 5 Accuracy: 0.833 | Time: 2.773 | 
Running student landscape probe...
[LR policy] epoch=9 output=residual_log policy_pred=-0.957959 predicted_lr=0.324469 cosine_blend=0.000 lr_ema=0.000 cosine_after=0 next_student_lr=0.324469
[Train] Epoch: 10 | Teacher lr=0.8455 | Teacher Loss: 1.765 | Teacher Train Acc: 57.734 | Student lr=0.3245 | Student Train Acc: 64.764 | Time: 135.702 |
[Eval] Epoch: 10 | Teacher Test Loss: 1.816 | Teacher Test Acc: 50.010 | Student Test Loss: 2.011 | Student Test Acc: 45.790 | Teacher Test F1: 0.488 | Student Test F1: 0.454 | Teacher Top 5 Accuracy: 0.810 | Student Top 5 Accuracy: 0.774 | Time: 2.673 | 
Running student landscape probe...
[LR policy] epoch=10 output=residual_log policy_pred=-0.887391 predicted_lr=0.334296 cosine_blend=0.000 lr_ema=0.000 cosine_after=0 next_student_lr=0.334296
[Train] Epoch: 11 | Teacher lr=0.8117 | Teacher Loss: 1.700 | Teacher Train Acc: 59.568 | Student lr=0.3343 | Student Train Acc: 65.196 | Time: 136.077 |
[Eval] Epoch: 11 | Teacher Test Loss: 1.675 | Teacher Test Acc: 53.700 | Student Test Loss: 1.731 | Student Test Acc: 52.460 | Teacher Test F1: 0.532 | Student Test F1: 0.516 | Teacher Top 5 Accuracy: 0.835 | Student Top 5 Accuracy: 0.822 | Time: 2.783 | 
Running student landscape probe...
[LR policy] epoch=11 output=residual_log policy_pred=-0.852210 predicted_lr=0.330802 cosine_blend=0.000 lr_ema=0.000 cosine_after=0 next_student_lr=0.330802
[Train] Epoch: 12 | Teacher lr=0.7754 | Teacher Loss: 1.811 | Teacher Train Acc: 57.618 | Student lr=0.3308 | Student Train Acc: 65.672 | Time: 134.733 |
[Eval] Epoch: 12 | Teacher Test Loss: 1.938 | Teacher Test Acc: 49.100 | Student Test Loss: 1.743 | Student Test Acc: 53.110 | Teacher Test F1: 0.483 | Student Test F1: 0.524 | Teacher Top 5 Accuracy: 0.799 | Student Top 5 Accuracy: 0.830 | Time: 2.773 | 
Running student landscape probe...
[LR policy] epoch=12 output=residual_log policy_pred=-0.868260 predicted_lr=0.309388 cosine_blend=0.000 lr_ema=0.000 cosine_after=0 next_student_lr=0.309388
[Train] Epoch: 13 | Teacher lr=0.7369 | Teacher Loss: 1.625 | Teacher Train Acc: 61.452 | Student lr=0.3094 | Student Train Acc: 66.878 | Time: 135.014 |
[Eval] Epoch: 13 | Teacher Test Loss: 1.561 | Teacher Test Acc: 55.910 | Student Test Loss: 1.950 | Student Test Acc: 48.030 | Teacher Test F1: 0.557 | Student Test F1: 0.484 | Teacher Top 5 Accuracy: 0.851 | Student Top 5 Accuracy: 0.789 | Time: 2.619 | 
Running student landscape probe...
[LR policy] epoch=13 output=residual_log policy_pred=-0.902374 predicted_lr=0.282633 cosine_blend=0.000 lr_ema=0.000 cosine_after=0 next_student_lr=0.282633
[Train] Epoch: 14 | Teacher lr=0.6965 | Teacher Loss: 1.551 | Teacher Train Acc: 63.430 | Student lr=0.2826 | Student Train Acc: 67.636 | Time: 136.052 |
[Eval] Epoch: 14 | Teacher Test Loss: 1.694 | Teacher Test Acc: 52.490 | Student Test Loss: 1.670 | Student Test Acc: 54.230 | Teacher Test F1: 0.524 | Student Test F1: 0.544 | Teacher Top 5 Accuracy: 0.831 | Student Top 5 Accuracy: 0.830 | Time: 2.836 | 
Running student landscape probe...
[LR policy] epoch=14 output=residual_log policy_pred=-0.907468 predicted_lr=0.264263 cosine_blend=0.000 lr_ema=0.000 cosine_after=0 next_student_lr=0.264263
[Train] Epoch: 15 | Teacher lr=0.6545 | Teacher Loss: 1.501 | Teacher Train Acc: 65.096 | Student lr=0.2643 | Student Train Acc: 69.008 | Time: 137.018 |
[Eval] Epoch: 15 | Teacher Test Loss: 1.668 | Teacher Test Acc: 53.780 | Student Test Loss: 1.497 | Student Test Acc: 57.950 | Teacher Test F1: 0.540 | Student Test F1: 0.580 | Teacher Top 5 Accuracy: 0.835 | Student Top 5 Accuracy: 0.856 | Time: 2.824 | 
Running student landscape probe...
[LR policy] epoch=15 output=residual_log policy_pred=-0.881818 predicted_lr=0.253241 cosine_blend=0.000 lr_ema=0.000 cosine_after=0 next_student_lr=0.253241
[Train] Epoch: 16 | Teacher lr=0.6113 | Teacher Loss: 1.454 | Teacher Train Acc: 66.356 | Student lr=0.2532 | Student Train Acc: 69.170 | Time: 136.288 |
[Eval] Epoch: 16 | Teacher Test Loss: 1.709 | Teacher Test Acc: 54.010 | Student Test Loss: 1.631 | Student Test Acc: 55.590 | Teacher Test F1: 0.541 | Student Test F1: 0.560 | Teacher Top 5 Accuracy: 0.832 | Student Top 5 Accuracy: 0.843 | Time: 2.647 | 
Running student landscape probe...
[LR policy] epoch=16 output=residual_log policy_pred=-0.878952 predicted_lr=0.235657 cosine_blend=0.000 lr_ema=0.000 cosine_after=0 next_student_lr=0.235657
[Train] Epoch: 17 | Teacher lr=0.5671 | Teacher Loss: 1.415 | Teacher Train Acc: 67.276 | Student lr=0.2357 | Student Train Acc: 70.380 | Time: 136.390 |
[Eval] Epoch: 17 | Teacher Test Loss: 1.622 | Teacher Test Acc: 55.480 | Student Test Loss: 1.678 | Student Test Acc: 54.390 | Teacher Test F1: 0.555 | Student Test F1: 0.549 | Teacher Top 5 Accuracy: 0.841 | Student Top 5 Accuracy: 0.840 | Time: 2.825 | 
Running student landscape probe...
[LR policy] epoch=17 output=residual_log policy_pred=-0.892452 predicted_lr=0.214210 cosine_blend=0.000 lr_ema=0.000 cosine_after=0 next_student_lr=0.214210
[Train] Epoch: 18 | Teacher lr=0.5224 | Teacher Loss: 1.366 | Teacher Train Acc: 68.512 | Student lr=0.2142 | Student Train Acc: 71.214 | Time: 137.654 |
[Eval] Epoch: 18 | Teacher Test Loss: 1.341 | Teacher Test Acc: 62.270 | Student Test Loss: 1.452 | Student Test Acc: 59.400 | Teacher Test F1: 0.622 | Student Test F1: 0.597 | Teacher Top 5 Accuracy: 0.885 | Student Top 5 Accuracy: 0.865 | Time: 2.665 | 
Running student landscape probe...
[LR policy] epoch=18 output=residual_log policy_pred=-0.893652 predicted_lr=0.195615 cosine_blend=0.000 lr_ema=0.000 cosine_after=0 next_student_lr=0.195615
[Train] Epoch: 19 | Teacher lr=0.4776 | Teacher Loss: 1.320 | Teacher Train Acc: 69.780 | Student lr=0.1956 | Student Train Acc: 72.116 | Time: 134.357 |
[Eval] Epoch: 19 | Teacher Test Loss: 1.337 | Teacher Test Acc: 61.840 | Student Test Loss: 1.415 | Student Test Acc: 60.110 | Teacher Test F1: 0.618 | Student Test F1: 0.601 | Teacher Top 5 Accuracy: 0.882 | Student Top 5 Accuracy: 0.873 | Time: 2.825 | 
Running student landscape probe...
[LR policy] epoch=19 output=residual_log policy_pred=-0.887145 predicted_lr=0.178508 cosine_blend=0.000 lr_ema=0.000 cosine_after=0 next_student_lr=0.178508
[shock] epoch=20 forcing student_lr=1.000000 (window=20..21)
[Train] Epoch: 20 | Teacher lr=0.4329 | Teacher Loss: 2.018 | Teacher Train Acc: 70.324 | Student lr=1.0000 | Student Train Acc: 11.336 | Time: 136.564 |
[Eval] Epoch: 20 | Teacher Test Loss: 1.442 | Teacher Test Acc: 63.270 | Student Test Loss: 4.534 | Student Test Acc: 8.690 | Teacher Test F1: 0.632 | Student Test F1: 0.069 | Teacher Top 5 Accuracy: 0.891 | Student Top 5 Accuracy: 0.280 | Time: 2.602 | 
Running student landscape probe...
[LR policy] epoch=20 output=residual_log policy_pred=-0.892498 predicted_lr=0.159490 cosine_blend=0.000 lr_ema=0.000 cosine_after=0 next_student_lr=0.159490
[shock] epoch=21 forcing student_lr=1.000000 (window=20..21)
[Train] Epoch: 21 | Teacher lr=0.3887 | Teacher Loss: 1.716 | Teacher Train Acc: 72.726 | Student lr=1.0000 | Student Train Acc: 29.454 | Time: 134.781 |
[Eval] Epoch: 21 | Teacher Test Loss: 1.281 | Teacher Test Acc: 65.770 | Student Test Loss: 3.382 | Student Test Acc: 21.180 | Teacher Test F1: 0.654 | Student Test F1: 0.187 | Teacher Top 5 Accuracy: 0.899 | Student Top 5 Accuracy: 0.509 | Time: 2.820 | 
Running student landscape probe...
[LR policy] epoch=21 output=residual_log policy_pred=-0.893894 predicted_lr=0.141594 cosine_blend=0.000 lr_ema=0.000 cosine_after=0 next_student_lr=0.141594
[Train] Epoch: 22 | Teacher lr=0.3455 | Teacher Loss: 1.442 | Teacher Train Acc: 73.518 | Student lr=0.1416 | Student Train Acc: 45.704 | Time: 136.747 |
[Eval] Epoch: 22 | Teacher Test Loss: 1.251 | Teacher Test Acc: 65.190 | Student Test Loss: 2.116 | Student Test Acc: 43.440 | Teacher Test F1: 0.649 | Student Test F1: 0.424 | Teacher Top 5 Accuracy: 0.901 | Student Top 5 Accuracy: 0.762 | Time: 2.798 | 
Running student landscape probe...
[LR policy] epoch=22 output=residual_log policy_pred=-0.890567 predicted_lr=0.124844 cosine_blend=0.000 lr_ema=0.000 cosine_after=0 next_student_lr=0.124844
[Train] Epoch: 23 | Teacher lr=0.3035 | Teacher Loss: 1.359 | Teacher Train Acc: 74.918 | Student lr=0.1248 | Student Train Acc: 50.284 | Time: 133.311 |
[Eval] Epoch: 23 | Teacher Test Loss: 1.219 | Teacher Test Acc: 65.840 | Student Test Loss: 1.972 | Student Test Acc: 46.390 | Teacher Test F1: 0.656 | Student Test F1: 0.455 | Teacher Top 5 Accuracy: 0.906 | Student Top 5 Accuracy: 0.783 | Time: 2.602 | 
Running student landscape probe...
[LR policy] epoch=23 output=residual_log policy_pred=-0.891158 predicted_lr=0.108207 cosine_blend=0.000 lr_ema=0.000 cosine_after=0 next_student_lr=0.108207
[Train] Epoch: 24 | Teacher lr=0.2631 | Teacher Loss: 1.289 | Teacher Train Acc: 76.094 | Student lr=0.1082 | Student Train Acc: 53.522 | Time: 136.639 |
[Eval] Epoch: 24 | Teacher Test Loss: 1.156 | Teacher Test Acc: 67.350 | Student Test Loss: 1.902 | Student Test Acc: 47.710 | Teacher Test F1: 0.671 | Student Test F1: 0.467 | Teacher Top 5 Accuracy: 0.911 | Student Top 5 Accuracy: 0.797 | Time: 2.825 | 
Running student landscape probe...
[LR policy] epoch=24 output=residual_log policy_pred=-0.878040 predicted_lr=0.093645 cosine_blend=0.000 lr_ema=0.000 cosine_after=0 next_student_lr=0.093645
[Train] Epoch: 25 | Teacher lr=0.2246 | Teacher Loss: 1.228 | Teacher Train Acc: 77.630 | Student lr=0.0936 | Student Train Acc: 56.292 | Time: 135.312 |
[Eval] Epoch: 25 | Teacher Test Loss: 1.116 | Teacher Test Acc: 68.270 | Student Test Loss: 1.945 | Student Test Acc: 47.680 | Teacher Test F1: 0.681 | Student Test F1: 0.464 | Teacher Top 5 Accuracy: 0.915 | Student Top 5 Accuracy: 0.785 | Time: 2.812 | 
Running student landscape probe...
[LR policy] epoch=25 output=residual_log policy_pred=-0.851640 predicted_lr=0.080678 cosine_blend=0.000 lr_ema=0.000 cosine_after=0 next_student_lr=0.080678
[Train] Epoch: 26 | Teacher lr=0.1883 | Teacher Loss: 1.164 | Teacher Train Acc: 79.000 | Student lr=0.0807 | Student Train Acc: 58.426 | Time: 136.715 |
[Eval] Epoch: 26 | Teacher Test Loss: 1.086 | Teacher Test Acc: 68.950 | Student Test Loss: 1.758 | Student Test Acc: 51.180 | Teacher Test F1: 0.688 | Student Test F1: 0.507 | Teacher Top 5 Accuracy: 0.918 | Student Top 5 Accuracy: 0.817 | Time: 2.730 | 
Running student landscape probe...
[LR policy] epoch=26 output=residual_log policy_pred=-0.829328 predicted_lr=0.067770 cosine_blend=0.000 lr_ema=0.000 cosine_after=0 next_student_lr=0.067770
[Train] Epoch: 27 | Teacher lr=0.1545 | Teacher Loss: 1.099 | Teacher Train Acc: 81.060 | Student lr=0.0678 | Student Train Acc: 60.456 | Time: 135.825 |
[Eval] Epoch: 27 | Teacher Test Loss: 1.055 | Teacher Test Acc: 70.150 | Student Test Loss: 1.728 | Student Test Acc: 52.370 | Teacher Test F1: 0.700 | Student Test F1: 0.515 | Teacher Top 5 Accuracy: 0.922 | Student Top 5 Accuracy: 0.825 | Time: 2.600 | 
Running student landscape probe...
[LR policy] epoch=27 output=residual_log policy_pred=-0.805485 predicted_lr=0.055564 cosine_blend=0.000 lr_ema=0.000 cosine_after=0 next_student_lr=0.055564
[Train] Epoch: 28 | Teacher lr=0.1235 | Teacher Loss: 1.043 | Teacher Train Acc: 82.562 | Student lr=0.0556 | Student Train Acc: 62.278 | Time: 137.862 |
[Eval] Epoch: 28 | Teacher Test Loss: 0.993 | Teacher Test Acc: 71.690 | Student Test Loss: 1.650 | Student Test Acc: 53.700 | Teacher Test F1: 0.716 | Student Test F1: 0.536 | Teacher Top 5 Accuracy: 0.930 | Student Top 5 Accuracy: 0.835 | Time: 2.804 | 
Running student landscape probe...
[LR policy] epoch=28 output=residual_log policy_pred=-0.788681 predicted_lr=0.043807 cosine_blend=0.000 lr_ema=0.000 cosine_after=0 next_student_lr=0.043807
[Train] Epoch: 29 | Teacher lr=0.0955 | Teacher Loss: 0.979 | Teacher Train Acc: 84.358 | Student lr=0.0438 | Student Train Acc: 63.974 | Time: 133.226 |
[Eval] Epoch: 29 | Teacher Test Loss: 0.986 | Teacher Test Acc: 72.100 | Student Test Loss: 1.656 | Student Test Acc: 54.550 | Teacher Test F1: 0.722 | Student Test F1: 0.538 | Teacher Top 5 Accuracy: 0.929 | Student Top 5 Accuracy: 0.837 | Time: 2.798 | 
Running student landscape probe...
[LR policy] epoch=29 output=residual_log policy_pred=-0.769239 predicted_lr=0.033226 cosine_blend=0.000 lr_ema=0.000 cosine_after=0 next_student_lr=0.033226
[Train] Epoch: 30 | Teacher lr=0.0708 | Teacher Loss: 0.921 | Teacher Train Acc: 86.290 | Student lr=0.0332 | Student Train Acc: 65.646 | Time: 137.851 |
[Eval] Epoch: 30 | Teacher Test Loss: 0.953 | Teacher Test Acc: 72.580 | Student Test Loss: 1.518 | Student Test Acc: 57.510 | Teacher Test F1: 0.726 | Student Test F1: 0.573 | Teacher Top 5 Accuracy: 0.935 | Student Top 5 Accuracy: 0.856 | Time: 2.654 | 
Running student landscape probe...
[LR policy] epoch=30 output=residual_log policy_pred=-0.799150 predicted_lr=0.022695 cosine_blend=0.000 lr_ema=0.000 cosine_after=0 next_student_lr=0.022695
[Train] Epoch: 31 | Teacher lr=0.0495 | Teacher Loss: 0.861 | Teacher Train Acc: 87.914 | Student lr=0.0227 | Student Train Acc: 67.196 | Time: 133.859 |
[Eval] Epoch: 31 | Teacher Test Loss: 0.928 | Teacher Test Acc: 73.380 | Student Test Loss: 1.515 | Student Test Acc: 57.880 | Teacher Test F1: 0.734 | Student Test F1: 0.575 | Teacher Top 5 Accuracy: 0.937 | Student Top 5 Accuracy: 0.857 | Time: 2.720 | 
Running student landscape probe...
[LR policy] epoch=31 output=residual_log policy_pred=-0.810960 predicted_lr=0.014600 cosine_blend=0.000 lr_ema=0.000 cosine_after=0 next_student_lr=0.014600
[Train] Epoch: 32 | Teacher lr=0.0319 | Teacher Loss: 0.818 | Teacher Train Acc: 89.264 | Student lr=0.0146 | Student Train Acc: 68.228 | Time: 133.988 |
[Eval] Epoch: 32 | Teacher Test Loss: 0.917 | Teacher Test Acc: 73.810 | Student Test Loss: 1.461 | Student Test Acc: 59.320 | Teacher Test F1: 0.738 | Student Test F1: 0.591 | Teacher Top 5 Accuracy: 0.937 | Student Top 5 Accuracy: 0.865 | Time: 2.722 | 
Running student landscape probe...
[LR policy] epoch=32 output=residual_log policy_pred=-0.817626 predicted_lr=0.008388 cosine_blend=0.000 lr_ema=0.000 cosine_after=0 next_student_lr=0.008388
[Train] Epoch: 33 | Teacher lr=0.0180 | Teacher Loss: 0.777 | Teacher Train Acc: 90.384 | Student lr=0.0084 | Student Train Acc: 69.536 | Time: 134.437 |
[Eval] Epoch: 33 | Teacher Test Loss: 0.904 | Teacher Test Acc: 74.110 | Student Test Loss: 1.444 | Student Test Acc: 59.670 | Teacher Test F1: 0.741 | Student Test F1: 0.594 | Teacher Top 5 Accuracy: 0.938 | Student Top 5 Accuracy: 0.869 | Time: 2.785 | 
Running student landscape probe...
[LR policy] epoch=33 output=residual_log policy_pred=-0.818304 predicted_lr=0.003983 cosine_blend=0.000 lr_ema=0.000 cosine_after=0 next_student_lr=0.003983
[Train] Epoch: 34 | Teacher lr=0.0080 | Teacher Loss: 0.748 | Teacher Train Acc: 91.284 | Student lr=0.0040 | Student Train Acc: 70.448 | Time: 136.532 |
[Eval] Epoch: 34 | Teacher Test Loss: 0.892 | Teacher Test Acc: 74.550 | Student Test Loss: 1.425 | Student Test Acc: 60.390 | Teacher Test F1: 0.745 | Student Test F1: 0.602 | Teacher Top 5 Accuracy: 0.940 | Student Top 5 Accuracy: 0.872 | Time: 2.673 | 
Running student landscape probe...
[LR policy] epoch=34 output=residual_log policy_pred=-0.833405 predicted_lr=0.001308 cosine_blend=0.000 lr_ema=0.000 cosine_after=0 next_student_lr=0.001308
[Train] Epoch: 35 | Teacher lr=0.0020 | Teacher Loss: 0.732 | Teacher Train Acc: 91.522 | Student lr=0.0013 | Student Train Acc: 71.178 | Time: 126.172 |
[Eval] Epoch: 35 | Teacher Test Loss: 0.892 | Teacher Test Acc: 74.480 | Student Test Loss: 1.416 | Student Test Acc: 60.710 | Teacher Test F1: 0.745 | Student Test F1: 0.605 | Teacher Top 5 Accuracy: 0.940 | Student Top 5 Accuracy: 0.872 | Time: 0.996 | 
Running student landscape probe...
[LR policy] epoch=35 output=residual_log policy_pred=-0.834165 predicted_lr=0.001000 cosine_blend=0.000 lr_ema=0.000 cosine_after=0 next_student_lr=0.001000
ckpt location: ckpt/robust12h_stars/residgru_shock10_seed4_35ep.pt
