/home/jovyan/.mlspace/envs/egy_llm/lib/python3.11/site-packages/torchvision/datasets/cifar.py:83: VisibleDeprecationWarning: dtype(): align should be passed as Python or NumPy boolean but got `align=0`. Did you mean to pass a tuple to create a subarray type? (Deprecated NumPy 2.4)
  entry = pickle.load(f, encoding="latin1")
depth_list: [110, 20]
[LR policy] output=residual_log train_windows=1020 test_windows=170 test_mse=0.655431 test_mae=0.656326
Dataset information: cifar100	 50000 images for training 	 10000 images for testing	
teacher depth: 110
student depth: 20
Total number of teacher parameters: 1,169,972
Total number of student parameters: 278,132
Snapshots will be saved to: snapshots/robust12h_stars/residgru_shock20_seed2_35ep
==== train and evaluate unequal restart ====
[Eval] Epoch: 0 | Teacher Test Loss: 11623.433 | Teacher Test Acc: 1.000 | Student Test Loss: 6.044 | Student Test Acc: 1.110 | Teacher Test F1: 0.000 | Student Test F1: 0.000 | Teacher Top 5 Accuracy: 0.049 | Student Top 5 Accuracy: 0.052 | Time: 3.096 | 
Running student landscape probe...
[Train] Epoch: 1 | Teacher lr=1.0000 | Teacher Loss: 4.026 | Teacher Train Acc: 9.832 | Student lr=0.0100 | Student Train Acc: 7.068 | Time: 134.995 |
[Eval] Epoch: 1 | Teacher Test Loss: 3.663 | Teacher Test Acc: 11.670 | Student Test Loss: 3.835 | Student Test Acc: 10.320 | Teacher Test F1: 0.086 | Student Test F1: 0.066 | Teacher Top 5 Accuracy: 0.375 | Student Top 5 Accuracy: 0.316 | Time: 2.780 | 
Running student landscape probe...
[LR policy] epoch=1 output=residual_log policy_pred=-0.100505 predicted_lr=0.902562 cosine_blend=0.000 lr_ema=0.000 cosine_after=0 next_student_lr=0.997989
[Train] Epoch: 2 | Teacher lr=0.9980 | Teacher Loss: 3.355 | Teacher Train Acc: 21.758 | Student lr=0.9980 | Student Train Acc: 20.870 | Time: 134.870 |
[Eval] Epoch: 2 | Teacher Test Loss: 3.102 | Teacher Test Acc: 22.670 | Student Test Loss: 2.795 | Student Test Acc: 28.680 | Teacher Test F1: 0.204 | Student Test F1: 0.265 | Teacher Top 5 Accuracy: 0.524 | Student Top 5 Accuracy: 0.610 | Time: 2.638 | 
Running student landscape probe...
[LR policy] epoch=2 output=residual_log policy_pred=-0.201508 predicted_lr=0.810935 cosine_blend=0.000 lr_ema=0.000 cosine_after=0 next_student_lr=0.991973
[Train] Epoch: 3 | Teacher lr=0.9920 | Teacher Loss: 2.769 | Teacher Train Acc: 33.684 | Student lr=0.9920 | Student Train Acc: 41.236 | Time: 135.625 |
[Eval] Epoch: 3 | Teacher Test Loss: 2.666 | Teacher Test Acc: 30.820 | Student Test Loss: 3.356 | Student Test Acc: 22.440 | Teacher Test F1: 0.289 | Student Test F1: 0.209 | Teacher Top 5 Accuracy: 0.638 | Student Top 5 Accuracy: 0.528 | Time: 2.674 | 
Running student landscape probe...
[LR policy] epoch=3 output=residual_log policy_pred=-0.381179 predicted_lr=0.670760 cosine_blend=0.000 lr_ema=0.000 cosine_after=0 next_student_lr=0.981999
[Train] Epoch: 4 | Teacher lr=0.9820 | Teacher Loss: 2.452 | Teacher Train Acc: 41.140 | Student lr=0.9820 | Student Train Acc: 47.540 | Time: 137.065 |
[Eval] Epoch: 4 | Teacher Test Loss: 2.287 | Teacher Test Acc: 39.100 | Student Test Loss: 3.144 | Student Test Acc: 27.500 | Teacher Test F1: 0.374 | Student Test F1: 0.275 | Teacher Top 5 Accuracy: 0.730 | Student Top 5 Accuracy: 0.571 | Time: 2.752 | 
Running student landscape probe...
[LR policy] epoch=4 output=residual_log policy_pred=-0.477099 predicted_lr=0.600815 cosine_blend=0.000 lr_ema=0.000 cosine_after=0 next_student_lr=0.968149
[Train] Epoch: 5 | Teacher lr=0.9681 | Teacher Loss: 2.293 | Teacher Train Acc: 45.238 | Student lr=0.9681 | Student Train Acc: 50.742 | Time: 136.879 |
[Eval] Epoch: 5 | Teacher Test Loss: 2.515 | Teacher Test Acc: 37.420 | Student Test Loss: 2.825 | Student Test Acc: 31.190 | Teacher Test F1: 0.365 | Student Test F1: 0.317 | Teacher Top 5 Accuracy: 0.705 | Student Top 5 Accuracy: 0.664 | Time: 2.751 | 
Running student landscape probe...
[LR policy] epoch=5 output=residual_log policy_pred=-0.510394 predicted_lr=0.570567 cosine_blend=0.000 lr_ema=0.000 cosine_after=0 next_student_lr=0.950534
[Train] Epoch: 6 | Teacher lr=0.9505 | Teacher Loss: 2.134 | Teacher Train Acc: 49.074 | Student lr=0.9505 | Student Train Acc: 53.340 | Time: 137.715 |
[Eval] Epoch: 6 | Teacher Test Loss: 2.403 | Teacher Test Acc: 37.930 | Student Test Loss: 3.186 | Student Test Acc: 28.800 | Teacher Test F1: 0.370 | Student Test F1: 0.279 | Teacher Top 5 Accuracy: 0.701 | Student Top 5 Accuracy: 0.577 | Time: 2.634 | 
Running student landscape probe...
[LR policy] epoch=6 output=residual_log policy_pred=-0.543744 predicted_lr=0.539521 cosine_blend=0.000 lr_ema=0.000 cosine_after=0 next_student_lr=0.539521
[Train] Epoch: 7 | Teacher lr=0.9292 | Teacher Loss: 2.333 | Teacher Train Acc: 45.542 | Student lr=0.5395 | Student Train Acc: 57.870 | Time: 134.574 |
[Eval] Epoch: 7 | Teacher Test Loss: 2.146 | Teacher Test Acc: 42.550 | Student Test Loss: 2.296 | Student Test Acc: 42.020 | Teacher Test F1: 0.420 | Student Test F1: 0.424 | Teacher Top 5 Accuracy: 0.761 | Student Top 5 Accuracy: 0.734 | Time: 2.637 | 
Running student landscape probe...
[LR policy] epoch=7 output=residual_log policy_pred=-0.558449 predicted_lr=0.517520 cosine_blend=0.000 lr_ema=0.000 cosine_after=0 next_student_lr=0.517520
[Train] Epoch: 8 | Teacher lr=0.9045 | Teacher Loss: 1.932 | Teacher Train Acc: 53.794 | Student lr=0.5175 | Student Train Acc: 59.786 | Time: 136.328 |
[Eval] Epoch: 8 | Teacher Test Loss: 1.961 | Teacher Test Acc: 47.690 | Student Test Loss: 2.185 | Student Test Acc: 42.040 | Teacher Test F1: 0.464 | Student Test F1: 0.417 | Teacher Top 5 Accuracy: 0.778 | Student Top 5 Accuracy: 0.740 | Time: 2.571 | 
Running student landscape probe...
[LR policy] epoch=8 output=residual_log policy_pred=-0.524359 predicted_lr=0.518925 cosine_blend=0.000 lr_ema=0.000 cosine_after=0 next_student_lr=0.518925
[Train] Epoch: 9 | Teacher lr=0.8765 | Teacher Loss: 1.862 | Teacher Train Acc: 55.740 | Student lr=0.5189 | Student Train Acc: 60.822 | Time: 134.517 |
[Eval] Epoch: 9 | Teacher Test Loss: 2.067 | Teacher Test Acc: 44.750 | Student Test Loss: 2.507 | Student Test Acc: 35.670 | Teacher Test F1: 0.447 | Student Test F1: 0.364 | Teacher Top 5 Accuracy: 0.778 | Student Top 5 Accuracy: 0.703 | Time: 2.808 | 
Running student landscape probe...
[LR policy] epoch=9 output=residual_log policy_pred=-0.457152 predicted_lr=0.535390 cosine_blend=0.000 lr_ema=0.000 cosine_after=0 next_student_lr=0.535390
[Train] Epoch: 10 | Teacher lr=0.8455 | Teacher Loss: 1.795 | Teacher Train Acc: 57.280 | Student lr=0.5354 | Student Train Acc: 61.202 | Time: 137.201 |
[Eval] Epoch: 10 | Teacher Test Loss: 1.805 | Teacher Test Acc: 50.470 | Student Test Loss: 2.032 | Student Test Acc: 46.870 | Teacher Test F1: 0.496 | Student Test F1: 0.465 | Teacher Top 5 Accuracy: 0.814 | Student Top 5 Accuracy: 0.781 | Time: 2.589 | 
Running student landscape probe...
[LR policy] epoch=10 output=residual_log policy_pred=-0.495984 predicted_lr=0.494444 cosine_blend=0.000 lr_ema=0.000 cosine_after=0 next_student_lr=0.494444
[Train] Epoch: 11 | Teacher lr=0.8117 | Teacher Loss: 1.741 | Teacher Train Acc: 58.976 | Student lr=0.4944 | Student Train Acc: 62.718 | Time: 138.947 |
[Eval] Epoch: 11 | Teacher Test Loss: 1.665 | Teacher Test Acc: 53.460 | Student Test Loss: 1.791 | Student Test Acc: 50.900 | Teacher Test F1: 0.530 | Student Test F1: 0.508 | Teacher Top 5 Accuracy: 0.840 | Student Top 5 Accuracy: 0.820 | Time: 2.604 | 
Running student landscape probe...
[LR policy] epoch=11 output=residual_log policy_pred=-0.623134 predicted_lr=0.415964 cosine_blend=0.000 lr_ema=0.000 cosine_after=0 next_student_lr=0.415964
[Train] Epoch: 12 | Teacher lr=0.7754 | Teacher Loss: 1.671 | Teacher Train Acc: 60.436 | Student lr=0.4160 | Student Train Acc: 64.334 | Time: 135.349 |
[Eval] Epoch: 12 | Teacher Test Loss: 1.680 | Teacher Test Acc: 53.400 | Student Test Loss: 1.834 | Student Test Acc: 50.340 | Teacher Test F1: 0.529 | Student Test F1: 0.497 | Teacher Top 5 Accuracy: 0.833 | Student Top 5 Accuracy: 0.801 | Time: 2.530 | 
Running student landscape probe...
[LR policy] epoch=12 output=residual_log policy_pred=-0.689577 predicted_lr=0.369917 cosine_blend=0.000 lr_ema=0.000 cosine_after=0 next_student_lr=0.369917
[Train] Epoch: 13 | Teacher lr=0.7369 | Teacher Loss: 1.615 | Teacher Train Acc: 62.076 | Student lr=0.3699 | Student Train Acc: 65.672 | Time: 138.224 |
[Eval] Epoch: 13 | Teacher Test Loss: 1.592 | Teacher Test Acc: 55.180 | Student Test Loss: 1.875 | Student Test Acc: 48.960 | Teacher Test F1: 0.553 | Student Test F1: 0.493 | Teacher Top 5 Accuracy: 0.849 | Student Top 5 Accuracy: 0.808 | Time: 2.637 | 
Running student landscape probe...
[LR policy] epoch=13 output=residual_log policy_pred=-0.678163 predicted_lr=0.353668 cosine_blend=0.000 lr_ema=0.000 cosine_after=0 next_student_lr=0.353668
[Train] Epoch: 14 | Teacher lr=0.6965 | Teacher Loss: 1.569 | Teacher Train Acc: 63.176 | Student lr=0.3537 | Student Train Acc: 66.120 | Time: 135.185 |
[Eval] Epoch: 14 | Teacher Test Loss: 1.603 | Teacher Test Acc: 55.350 | Student Test Loss: 1.914 | Student Test Acc: 48.750 | Teacher Test F1: 0.558 | Student Test F1: 0.489 | Teacher Top 5 Accuracy: 0.850 | Student Top 5 Accuracy: 0.797 | Time: 2.606 | 
Running student landscape probe...
[LR policy] epoch=14 output=residual_log policy_pred=-0.650514 predicted_lr=0.341688 cosine_blend=0.000 lr_ema=0.000 cosine_after=0 next_student_lr=0.341688
[Train] Epoch: 15 | Teacher lr=0.6545 | Teacher Loss: 1.528 | Teacher Train Acc: 64.300 | Student lr=0.3417 | Student Train Acc: 67.156 | Time: 137.487 |
[Eval] Epoch: 15 | Teacher Test Loss: 1.684 | Teacher Test Acc: 53.350 | Student Test Loss: 1.794 | Student Test Acc: 52.020 | Teacher Test F1: 0.532 | Student Test F1: 0.514 | Teacher Top 5 Accuracy: 0.835 | Student Top 5 Accuracy: 0.811 | Time: 2.631 | 
Running student landscape probe...
[LR policy] epoch=15 output=residual_log policy_pred=-0.629178 predicted_lr=0.326027 cosine_blend=0.000 lr_ema=0.000 cosine_after=0 next_student_lr=0.326027
[Train] Epoch: 16 | Teacher lr=0.6113 | Teacher Loss: 1.478 | Teacher Train Acc: 65.920 | Student lr=0.3260 | Student Train Acc: 67.696 | Time: 137.151 |
[Eval] Epoch: 16 | Teacher Test Loss: 1.447 | Teacher Test Acc: 58.990 | Student Test Loss: 1.779 | Student Test Acc: 51.750 | Teacher Test F1: 0.590 | Student Test F1: 0.519 | Teacher Top 5 Accuracy: 0.870 | Student Top 5 Accuracy: 0.821 | Time: 2.539 | 
Running student landscape probe...
[LR policy] epoch=16 output=residual_log policy_pred=-0.714282 predicted_lr=0.277840 cosine_blend=0.000 lr_ema=0.000 cosine_after=0 next_student_lr=0.277840
[Train] Epoch: 17 | Teacher lr=0.5671 | Teacher Loss: 1.428 | Teacher Train Acc: 66.666 | Student lr=0.2778 | Student Train Acc: 69.026 | Time: 137.289 |
[Eval] Epoch: 17 | Teacher Test Loss: 1.822 | Teacher Test Acc: 50.700 | Student Test Loss: 1.804 | Student Test Acc: 51.550 | Teacher Test F1: 0.510 | Student Test F1: 0.520 | Teacher Top 5 Accuracy: 0.812 | Student Top 5 Accuracy: 0.816 | Time: 2.525 | 
Running student landscape probe...
[LR policy] epoch=17 output=residual_log policy_pred=-0.750356 predicted_lr=0.246917 cosine_blend=0.000 lr_ema=0.000 cosine_after=0 next_student_lr=0.246917
[Train] Epoch: 18 | Teacher lr=0.5224 | Teacher Loss: 1.385 | Teacher Train Acc: 68.152 | Student lr=0.2469 | Student Train Acc: 69.946 | Time: 137.616 |
[Eval] Epoch: 18 | Teacher Test Loss: 1.394 | Teacher Test Acc: 60.680 | Student Test Loss: 1.653 | Student Test Acc: 54.680 | Teacher Test F1: 0.606 | Student Test F1: 0.547 | Teacher Top 5 Accuracy: 0.879 | Student Top 5 Accuracy: 0.841 | Time: 2.508 | 
Running student landscape probe...
[LR policy] epoch=18 output=residual_log policy_pred=-0.775511 predicted_lr=0.220145 cosine_blend=0.000 lr_ema=0.000 cosine_after=0 next_student_lr=0.220145
[Train] Epoch: 19 | Teacher lr=0.4776 | Teacher Loss: 1.333 | Teacher Train Acc: 69.518 | Student lr=0.2201 | Student Train Acc: 71.128 | Time: 137.238 |
[Eval] Epoch: 19 | Teacher Test Loss: 1.379 | Teacher Test Acc: 60.620 | Student Test Loss: 1.720 | Student Test Acc: 53.930 | Teacher Test F1: 0.605 | Student Test F1: 0.537 | Teacher Top 5 Accuracy: 0.880 | Student Top 5 Accuracy: 0.828 | Time: 2.441 | 
Running student landscape probe...
[LR policy] epoch=19 output=residual_log policy_pred=-0.746555 predicted_lr=0.205454 cosine_blend=0.000 lr_ema=0.000 cosine_after=0 next_student_lr=0.205454
[shock] epoch=20 forcing student_lr=2.000000 (window=20..21)
[Train] Epoch: 20 | Teacher lr=0.4329 | Teacher Loss: 2.077 | Teacher Train Acc: 70.736 | Student lr=2.0000 | Student Train Acc: 3.812 | Time: 136.922 |
[Eval] Epoch: 20 | Teacher Test Loss: 1.471 | Teacher Test Acc: 64.360 | Student Test Loss: 4.618 | Student Test Acc: 3.160 | Teacher Test F1: 0.643 | Student Test F1: 0.011 | Teacher Top 5 Accuracy: 0.892 | Student Top 5 Accuracy: 0.151 | Time: 2.521 | 
Running student landscape probe...
[LR policy] epoch=20 output=residual_log policy_pred=-0.751099 predicted_lr=0.183714 cosine_blend=0.000 lr_ema=0.000 cosine_after=0 next_student_lr=0.183714
[shock] epoch=21 forcing student_lr=2.000000 (window=20..21)
[Train] Epoch: 21 | Teacher lr=0.3887 | Teacher Loss: 1.881 | Teacher Train Acc: 72.364 | Student lr=2.0000 | Student Train Acc: 11.274 | Time: 137.244 |
[Eval] Epoch: 21 | Teacher Test Loss: 1.449 | Teacher Test Acc: 63.840 | Student Test Loss: 4.996 | Student Test Acc: 6.610 | Teacher Test F1: 0.636 | Student Test F1: 0.043 | Teacher Top 5 Accuracy: 0.890 | Student Top 5 Accuracy: 0.229 | Time: 2.532 | 
Running student landscape probe...
[LR policy] epoch=21 output=residual_log policy_pred=-0.753798 predicted_lr=0.162888 cosine_blend=0.000 lr_ema=0.000 cosine_after=0 next_student_lr=0.162888
[Train] Epoch: 22 | Teacher lr=0.3455 | Teacher Loss: 1.686 | Teacher Train Acc: 73.042 | Student lr=0.1629 | Student Train Acc: 26.394 | Time: 135.580 |
[Eval] Epoch: 22 | Teacher Test Loss: 1.310 | Teacher Test Acc: 65.010 | Student Test Loss: 2.882 | Student Test Acc: 26.860 | Teacher Test F1: 0.649 | Student Test F1: 0.251 | Teacher Top 5 Accuracy: 0.898 | Student Top 5 Accuracy: 0.576 | Time: 2.736 | 
Running student landscape probe...
[LR policy] epoch=22 output=residual_log policy_pred=-0.790555 predicted_lr=0.137976 cosine_blend=0.000 lr_ema=0.000 cosine_after=0 next_student_lr=0.137976
[Train] Epoch: 23 | Teacher lr=0.3035 | Teacher Loss: 1.575 | Teacher Train Acc: 74.332 | Student lr=0.1380 | Student Train Acc: 33.476 | Time: 137.024 |
[Eval] Epoch: 23 | Teacher Test Loss: 1.277 | Teacher Test Acc: 65.830 | Student Test Loss: 2.755 | Student Test Acc: 29.390 | Teacher Test F1: 0.657 | Student Test F1: 0.276 | Teacher Top 5 Accuracy: 0.901 | Student Top 5 Accuracy: 0.617 | Time: 2.714 | 
Running student landscape probe...
[LR policy] epoch=23 output=residual_log policy_pred=-0.802388 predicted_lr=0.118251 cosine_blend=0.000 lr_ema=0.000 cosine_after=0 next_student_lr=0.118251
[Train] Epoch: 24 | Teacher lr=0.2631 | Teacher Loss: 1.476 | Teacher Train Acc: 75.770 | Student lr=0.1183 | Student Train Acc: 39.226 | Time: 138.510 |
[Eval] Epoch: 24 | Teacher Test Loss: 1.260 | Teacher Test Acc: 65.800 | Student Test Loss: 2.663 | Student Test Acc: 33.410 | Teacher Test F1: 0.655 | Student Test F1: 0.309 | Teacher Top 5 Accuracy: 0.897 | Student Top 5 Accuracy: 0.650 | Time: 2.769 | 
Running student landscape probe...
[LR policy] epoch=24 output=residual_log policy_pred=-0.840313 predicted_lr=0.097246 cosine_blend=0.000 lr_ema=0.000 cosine_after=0 next_student_lr=0.097246
[Train] Epoch: 25 | Teacher lr=0.2246 | Teacher Loss: 1.376 | Teacher Train Acc: 77.368 | Student lr=0.0972 | Student Train Acc: 44.666 | Time: 137.793 |
[Eval] Epoch: 25 | Teacher Test Loss: 1.187 | Teacher Test Acc: 67.190 | Student Test Loss: 2.327 | Student Test Acc: 39.100 | Teacher Test F1: 0.672 | Student Test F1: 0.381 | Teacher Top 5 Accuracy: 0.911 | Student Top 5 Accuracy: 0.725 | Time: 2.629 | 
Running student landscape probe...
[LR policy] epoch=25 output=residual_log policy_pred=-0.811640 predicted_lr=0.083970 cosine_blend=0.000 lr_ema=0.000 cosine_after=0 next_student_lr=0.083970
[Train] Epoch: 26 | Teacher lr=0.1883 | Teacher Loss: 1.292 | Teacher Train Acc: 79.062 | Student lr=0.0840 | Student Train Acc: 48.594 | Time: 135.849 |
[Eval] Epoch: 26 | Teacher Test Loss: 1.106 | Teacher Test Acc: 69.350 | Student Test Loss: 2.169 | Student Test Acc: 43.030 | Teacher Test F1: 0.694 | Student Test F1: 0.427 | Teacher Top 5 Accuracy: 0.918 | Student Top 5 Accuracy: 0.745 | Time: 2.571 | 
Running student landscape probe...
[LR policy] epoch=26 output=residual_log policy_pred=-0.845631 predicted_lr=0.066674 cosine_blend=0.000 lr_ema=0.000 cosine_after=0 next_student_lr=0.066674
[Train] Epoch: 27 | Teacher lr=0.1545 | Teacher Loss: 1.212 | Teacher Train Acc: 80.706 | Student lr=0.0667 | Student Train Acc: 52.094 | Time: 138.246 |
[Eval] Epoch: 27 | Teacher Test Loss: 1.108 | Teacher Test Acc: 69.490 | Student Test Loss: 2.010 | Student Test Acc: 45.550 | Teacher Test F1: 0.693 | Student Test F1: 0.447 | Teacher Top 5 Accuracy: 0.917 | Student Top 5 Accuracy: 0.774 | Time: 2.632 | 
Running student landscape probe...
[LR policy] epoch=27 output=residual_log policy_pred=-0.847803 predicted_lr=0.053262 cosine_blend=0.000 lr_ema=0.000 cosine_after=0 next_student_lr=0.053262
[Train] Epoch: 28 | Teacher lr=0.1235 | Teacher Loss: 1.137 | Teacher Train Acc: 82.522 | Student lr=0.0533 | Student Train Acc: 54.258 | Time: 138.051 |
[Eval] Epoch: 28 | Teacher Test Loss: 1.074 | Teacher Test Acc: 70.150 | Student Test Loss: 1.920 | Student Test Acc: 48.070 | Teacher Test F1: 0.701 | Student Test F1: 0.472 | Teacher Top 5 Accuracy: 0.917 | Student Top 5 Accuracy: 0.790 | Time: 2.638 | 
Running student landscape probe...
[LR policy] epoch=28 output=residual_log policy_pred=-0.859265 predicted_lr=0.040821 cosine_blend=0.000 lr_ema=0.000 cosine_after=0 next_student_lr=0.040821
[Train] Epoch: 29 | Teacher lr=0.0955 | Teacher Loss: 1.063 | Teacher Train Acc: 84.500 | Student lr=0.0408 | Student Train Acc: 56.872 | Time: 138.484 |
[Eval] Epoch: 29 | Teacher Test Loss: 1.003 | Teacher Test Acc: 71.730 | Student Test Loss: 1.811 | Student Test Acc: 50.790 | Teacher Test F1: 0.717 | Student Test F1: 0.498 | Teacher Top 5 Accuracy: 0.928 | Student Top 5 Accuracy: 0.809 | Time: 2.664 | 
Running student landscape probe...
[LR policy] epoch=29 output=residual_log policy_pred=-0.839965 predicted_lr=0.030957 cosine_blend=0.000 lr_ema=0.000 cosine_after=0 next_student_lr=0.030957
[Train] Epoch: 30 | Teacher lr=0.0708 | Teacher Loss: 1.004 | Teacher Train Acc: 86.192 | Student lr=0.0310 | Student Train Acc: 58.726 | Time: 137.258 |
[Eval] Epoch: 30 | Teacher Test Loss: 0.984 | Teacher Test Acc: 72.200 | Student Test Loss: 1.821 | Student Test Acc: 50.680 | Teacher Test F1: 0.721 | Student Test F1: 0.505 | Teacher Top 5 Accuracy: 0.930 | Student Top 5 Accuracy: 0.808 | Time: 2.462 | 
Running student landscape probe...
[LR policy] epoch=30 output=residual_log policy_pred=-0.853106 predicted_lr=0.021503 cosine_blend=0.000 lr_ema=0.000 cosine_after=0 next_student_lr=0.021503
[Train] Epoch: 31 | Teacher lr=0.0495 | Teacher Loss: 0.944 | Teacher Train Acc: 87.942 | Student lr=0.0215 | Student Train Acc: 61.008 | Time: 137.885 |
[Eval] Epoch: 31 | Teacher Test Loss: 0.969 | Teacher Test Acc: 72.550 | Student Test Loss: 1.736 | Student Test Acc: 52.760 | Teacher Test F1: 0.726 | Student Test F1: 0.522 | Teacher Top 5 Accuracy: 0.931 | Student Top 5 Accuracy: 0.819 | Time: 2.612 | 
Running student landscape probe...
[LR policy] epoch=31 output=residual_log policy_pred=-0.895435 predicted_lr=0.013417 cosine_blend=0.000 lr_ema=0.000 cosine_after=0 next_student_lr=0.013417
[Train] Epoch: 32 | Teacher lr=0.0319 | Teacher Loss: 0.891 | Teacher Train Acc: 89.170 | Student lr=0.0134 | Student Train Acc: 62.550 | Time: 136.376 |
[Eval] Epoch: 32 | Teacher Test Loss: 0.956 | Teacher Test Acc: 73.170 | Student Test Loss: 1.634 | Student Test Acc: 55.270 | Teacher Test F1: 0.731 | Student Test F1: 0.550 | Teacher Top 5 Accuracy: 0.929 | Student Top 5 Accuracy: 0.834 | Time: 2.520 | 
Running student landscape probe...
[LR policy] epoch=32 output=residual_log policy_pred=-0.939376 predicted_lr=0.007427 cosine_blend=0.000 lr_ema=0.000 cosine_after=0 next_student_lr=0.007427
[Train] Epoch: 33 | Teacher lr=0.0180 | Teacher Loss: 0.849 | Teacher Train Acc: 90.346 | Student lr=0.0074 | Student Train Acc: 63.854 | Time: 136.476 |
[Eval] Epoch: 33 | Teacher Test Loss: 0.943 | Teacher Test Acc: 73.380 | Student Test Loss: 1.590 | Student Test Acc: 56.400 | Teacher Test F1: 0.734 | Student Test F1: 0.560 | Teacher Top 5 Accuracy: 0.932 | Student Top 5 Accuracy: 0.842 | Time: 2.630 | 
Running student landscape probe...
[LR policy] epoch=33 output=residual_log policy_pred=-0.968560 predicted_lr=0.003427 cosine_blend=0.000 lr_ema=0.000 cosine_after=0 next_student_lr=0.003427
[Train] Epoch: 34 | Teacher lr=0.0080 | Teacher Loss: 0.819 | Teacher Train Acc: 91.242 | Student lr=0.0034 | Student Train Acc: 64.946 | Time: 138.585 |
[Eval] Epoch: 34 | Teacher Test Loss: 0.939 | Teacher Test Acc: 73.670 | Student Test Loss: 1.574 | Student Test Acc: 56.800 | Teacher Test F1: 0.737 | Student Test F1: 0.566 | Teacher Top 5 Accuracy: 0.932 | Student Top 5 Accuracy: 0.846 | Time: 2.581 | 
Running student landscape probe...
[LR policy] epoch=34 output=residual_log policy_pred=-0.992585 predicted_lr=0.001116 cosine_blend=0.000 lr_ema=0.000 cosine_after=0 next_student_lr=0.001116
[Train] Epoch: 35 | Teacher lr=0.0020 | Teacher Loss: 0.805 | Teacher Train Acc: 91.506 | Student lr=0.0011 | Student Train Acc: 65.472 | Time: 130.919 |
[Eval] Epoch: 35 | Teacher Test Loss: 0.935 | Teacher Test Acc: 73.770 | Student Test Loss: 1.563 | Student Test Acc: 57.430 | Teacher Test F1: 0.737 | Student Test F1: 0.572 | Teacher Top 5 Accuracy: 0.933 | Student Top 5 Accuracy: 0.845 | Time: 1.547 | 
Running student landscape probe...
[LR policy] epoch=35 output=residual_log policy_pred=-1.014582 predicted_lr=0.001000 cosine_blend=0.000 lr_ema=0.000 cosine_after=0 next_student_lr=0.001000
ckpt location: ckpt/robust12h_stars/residgru_shock20_seed2_35ep.pt
