/home/jovyan/.mlspace/envs/egy_llm/lib/python3.11/site-packages/torchvision/datasets/cifar.py:83: VisibleDeprecationWarning: dtype(): align should be passed as Python or NumPy boolean but got `align=0`. Did you mean to pass a tuple to create a subarray type? (Deprecated NumPy 2.4)
  entry = pickle.load(f, encoding="latin1")
depth_list: [110, 20]
[LR policy] output=residual_log train_windows=1020 test_windows=170 test_mse=0.764704 test_mae=0.713192
Dataset information: cifar100	 50000 images for training 	 10000 images for testing	
teacher depth: 110
student depth: 20
Total number of teacher parameters: 1,169,972
Total number of student parameters: 278,132
Snapshots will be saved to: snapshots/robust12h_stars/residgru_shock10_seed3_35ep
==== train and evaluate unequal restart ====
[Eval] Epoch: 0 | Teacher Test Loss: 9743.739 | Teacher Test Acc: 1.130 | Student Test Loss: 5.207 | Student Test Acc: 1.000 | Teacher Test F1: 0.001 | Student Test F1: 0.000 | Teacher Top 5 Accuracy: 0.048 | Student Top 5 Accuracy: 0.047 | Time: 2.773 | 
Running student landscape probe...
[Train] Epoch: 1 | Teacher lr=1.0000 | Teacher Loss: 4.166 | Teacher Train Acc: 7.306 | Student lr=0.0100 | Student Train Acc: 6.968 | Time: 139.042 |
[Eval] Epoch: 1 | Teacher Test Loss: 3.707 | Teacher Test Acc: 12.070 | Student Test Loss: 3.871 | Student Test Acc: 10.270 | Teacher Test F1: 0.082 | Student Test F1: 0.069 | Teacher Top 5 Accuracy: 0.358 | Student Top 5 Accuracy: 0.306 | Time: 2.609 | 
Running student landscape probe...
[LR policy] epoch=1 output=residual_log policy_pred=-0.067825 predicted_lr=0.932545 cosine_blend=0.000 lr_ema=0.000 cosine_after=0 next_student_lr=0.997989
[Train] Epoch: 2 | Teacher lr=0.9980 | Teacher Loss: 3.524 | Teacher Train Acc: 18.644 | Student lr=0.9980 | Student Train Acc: 17.808 | Time: 137.683 |
[Eval] Epoch: 2 | Teacher Test Loss: 3.563 | Teacher Test Acc: 16.060 | Student Test Loss: 3.484 | Student Test Acc: 17.600 | Teacher Test F1: 0.143 | Student Test F1: 0.160 | Teacher Top 5 Accuracy: 0.451 | Student Top 5 Accuracy: 0.466 | Time: 2.551 | 
Running student landscape probe...
[LR policy] epoch=2 output=residual_log policy_pred=0.030634 predicted_lr=1.022831 cosine_blend=0.000 lr_ema=0.000 cosine_after=0 next_student_lr=0.991973
[Train] Epoch: 3 | Teacher lr=0.9920 | Teacher Loss: 2.989 | Teacher Train Acc: 29.184 | Student lr=0.9920 | Student Train Acc: 39.498 | Time: 137.331 |
[Eval] Epoch: 3 | Teacher Test Loss: 2.878 | Teacher Test Acc: 29.320 | Student Test Loss: 3.049 | Student Test Acc: 27.410 | Teacher Test F1: 0.274 | Student Test F1: 0.255 | Teacher Top 5 Accuracy: 0.611 | Student Top 5 Accuracy: 0.588 | Time: 2.782 | 
Running student landscape probe...
[LR policy] epoch=3 output=residual_log policy_pred=0.132915 predicted_lr=1.121593 cosine_blend=0.000 lr_ema=0.000 cosine_after=0 next_student_lr=0.981999
[Train] Epoch: 4 | Teacher lr=0.9820 | Teacher Loss: 2.596 | Teacher Train Acc: 37.952 | Student lr=0.9820 | Student Train Acc: 46.958 | Time: 138.191 |
[Eval] Epoch: 4 | Teacher Test Loss: 2.494 | Teacher Test Acc: 34.770 | Student Test Loss: 3.110 | Student Test Acc: 29.690 | Teacher Test F1: 0.334 | Student Test F1: 0.287 | Teacher Top 5 Accuracy: 0.683 | Student Top 5 Accuracy: 0.590 | Time: 2.580 | 
Running student landscape probe...
[LR policy] epoch=4 output=residual_log policy_pred=0.272134 predicted_lr=1.270951 cosine_blend=0.000 lr_ema=0.000 cosine_after=0 next_student_lr=0.968149
[Train] Epoch: 5 | Teacher lr=0.9681 | Teacher Loss: 2.340 | Teacher Train Acc: 43.496 | Student lr=0.9681 | Student Train Acc: 50.460 | Time: 137.857 |
[Eval] Epoch: 5 | Teacher Test Loss: 2.244 | Teacher Test Acc: 40.770 | Student Test Loss: 2.913 | Student Test Acc: 33.210 | Teacher Test F1: 0.395 | Student Test F1: 0.333 | Teacher Top 5 Accuracy: 0.730 | Student Top 5 Accuracy: 0.651 | Time: 2.587 | 
Running student landscape probe...
[LR policy] epoch=5 output=residual_log policy_pred=0.553296 predicted_lr=1.500000 cosine_blend=0.000 lr_ema=0.000 cosine_after=0 next_student_lr=0.950534
[Train] Epoch: 6 | Teacher lr=0.9505 | Teacher Loss: 2.198 | Teacher Train Acc: 47.258 | Student lr=0.9505 | Student Train Acc: 52.816 | Time: 137.802 |
[Eval] Epoch: 6 | Teacher Test Loss: 2.167 | Teacher Test Acc: 42.450 | Student Test Loss: 2.737 | Student Test Acc: 32.890 | Teacher Test F1: 0.423 | Student Test F1: 0.330 | Teacher Top 5 Accuracy: 0.749 | Student Top 5 Accuracy: 0.652 | Time: 2.650 | 
Running student landscape probe...
[LR policy] epoch=6 output=residual_log policy_pred=0.778791 predicted_lr=1.500000 cosine_blend=0.000 lr_ema=0.000 cosine_after=0 next_student_lr=1.500000
[Train] Epoch: 7 | Teacher lr=0.9292 | Teacher Loss: 2.832 | Teacher Train Acc: 36.840 | Student lr=1.5000 | Student Train Acc: 49.566 | Time: 137.924 |
[Eval] Epoch: 7 | Teacher Test Loss: 2.095 | Teacher Test Acc: 43.960 | Student Test Loss: 2.484 | Student Test Acc: 36.010 | Teacher Test F1: 0.423 | Student Test F1: 0.343 | Teacher Top 5 Accuracy: 0.761 | Student Top 5 Accuracy: 0.697 | Time: 2.553 | 
Running student landscape probe...
[LR policy] epoch=7 output=residual_log policy_pred=0.966492 predicted_lr=1.500000 cosine_blend=0.000 lr_ema=0.000 cosine_after=0 next_student_lr=1.500000
[Train] Epoch: 8 | Teacher lr=0.9045 | Teacher Loss: 2.072 | Teacher Train Acc: 51.408 | Student lr=1.5000 | Student Train Acc: 51.900 | Time: 138.163 |
[Eval] Epoch: 8 | Teacher Test Loss: 2.090 | Teacher Test Acc: 42.960 | Student Test Loss: 3.844 | Student Test Acc: 21.780 | Teacher Test F1: 0.426 | Student Test F1: 0.211 | Teacher Top 5 Accuracy: 0.761 | Student Top 5 Accuracy: 0.496 | Time: 2.727 | 
Running student landscape probe...
[LR policy] epoch=8 output=residual_log policy_pred=1.145136 predicted_lr=1.500000 cosine_blend=0.000 lr_ema=0.000 cosine_after=0 next_student_lr=1.500000
[Train] Epoch: 9 | Teacher lr=0.8765 | Teacher Loss: 1.972 | Teacher Train Acc: 54.002 | Student lr=1.5000 | Student Train Acc: 52.880 | Time: 138.487 |
[Eval] Epoch: 9 | Teacher Test Loss: 2.261 | Teacher Test Acc: 41.000 | Student Test Loss: 3.295 | Student Test Acc: 26.220 | Teacher Test F1: 0.401 | Student Test F1: 0.249 | Teacher Top 5 Accuracy: 0.733 | Student Top 5 Accuracy: 0.559 | Time: 2.525 | 
Running student landscape probe...
[LR policy] epoch=9 output=residual_log policy_pred=1.200960 predicted_lr=1.500000 cosine_blend=0.000 lr_ema=0.000 cosine_after=0 next_student_lr=1.500000
[Train] Epoch: 10 | Teacher lr=0.8455 | Teacher Loss: 1.907 | Teacher Train Acc: 55.906 | Student lr=1.5000 | Student Train Acc: 54.016 | Time: 138.704 |
[Eval] Epoch: 10 | Teacher Test Loss: 1.711 | Teacher Test Acc: 52.290 | Student Test Loss: 3.939 | Student Test Acc: 19.690 | Teacher Test F1: 0.515 | Student Test F1: 0.197 | Teacher Top 5 Accuracy: 0.828 | Student Top 5 Accuracy: 0.476 | Time: 2.803 | 
Running student landscape probe...
[LR policy] epoch=10 output=residual_log policy_pred=1.267535 predicted_lr=1.500000 cosine_blend=0.000 lr_ema=0.000 cosine_after=0 next_student_lr=1.500000
[Train] Epoch: 11 | Teacher lr=0.8117 | Teacher Loss: 1.841 | Teacher Train Acc: 57.972 | Student lr=1.5000 | Student Train Acc: 54.434 | Time: 137.596 |
[Eval] Epoch: 11 | Teacher Test Loss: 1.795 | Teacher Test Acc: 50.790 | Student Test Loss: 2.788 | Student Test Acc: 33.200 | Teacher Test F1: 0.498 | Student Test F1: 0.314 | Teacher Top 5 Accuracy: 0.812 | Student Top 5 Accuracy: 0.651 | Time: 2.657 | 
Running student landscape probe...
[LR policy] epoch=11 output=residual_log policy_pred=1.277449 predicted_lr=1.500000 cosine_blend=0.000 lr_ema=0.000 cosine_after=0 next_student_lr=1.500000
[Train] Epoch: 12 | Teacher lr=0.7754 | Teacher Loss: 1.797 | Teacher Train Acc: 59.004 | Student lr=1.5000 | Student Train Acc: 54.732 | Time: 137.337 |
[Eval] Epoch: 12 | Teacher Test Loss: 1.633 | Teacher Test Acc: 54.990 | Student Test Loss: 3.240 | Student Test Acc: 27.550 | Teacher Test F1: 0.543 | Student Test F1: 0.274 | Teacher Top 5 Accuracy: 0.841 | Student Top 5 Accuracy: 0.591 | Time: 2.554 | 
Running student landscape probe...
[LR policy] epoch=12 output=residual_log policy_pred=1.261469 predicted_lr=1.500000 cosine_blend=0.000 lr_ema=0.000 cosine_after=0 next_student_lr=1.500000
[Train] Epoch: 13 | Teacher lr=0.7369 | Teacher Loss: 1.747 | Teacher Train Acc: 60.414 | Student lr=1.5000 | Student Train Acc: 55.084 | Time: 139.864 |
[Eval] Epoch: 13 | Teacher Test Loss: 1.797 | Teacher Test Acc: 50.790 | Student Test Loss: 3.455 | Student Test Acc: 24.870 | Teacher Test F1: 0.506 | Student Test F1: 0.238 | Teacher Top 5 Accuracy: 0.814 | Student Top 5 Accuracy: 0.567 | Time: 2.468 | 
Running student landscape probe...
[LR policy] epoch=13 output=residual_log policy_pred=1.238499 predicted_lr=1.500000 cosine_blend=0.000 lr_ema=0.000 cosine_after=0 next_student_lr=1.500000
[Train] Epoch: 14 | Teacher lr=0.6965 | Teacher Loss: 1.709 | Teacher Train Acc: 61.414 | Student lr=1.5000 | Student Train Acc: 55.126 | Time: 139.658 |
[Eval] Epoch: 14 | Teacher Test Loss: 1.583 | Teacher Test Acc: 55.490 | Student Test Loss: 3.047 | Student Test Acc: 31.540 | Teacher Test F1: 0.551 | Student Test F1: 0.308 | Teacher Top 5 Accuracy: 0.855 | Student Top 5 Accuracy: 0.653 | Time: 2.539 | 
Running student landscape probe...
[LR policy] epoch=14 output=residual_log policy_pred=1.153808 predicted_lr=1.500000 cosine_blend=0.000 lr_ema=0.000 cosine_after=0 next_student_lr=1.500000
[Train] Epoch: 15 | Teacher lr=0.6545 | Teacher Loss: 1.664 | Teacher Train Acc: 63.112 | Student lr=1.5000 | Student Train Acc: 55.582 | Time: 137.919 |
[Eval] Epoch: 15 | Teacher Test Loss: 1.552 | Teacher Test Acc: 56.090 | Student Test Loss: 2.998 | Student Test Acc: 29.590 | Teacher Test F1: 0.555 | Student Test F1: 0.292 | Teacher Top 5 Accuracy: 0.853 | Student Top 5 Accuracy: 0.620 | Time: 2.575 | 
Running student landscape probe...
[LR policy] epoch=15 output=residual_log policy_pred=1.069544 predicted_lr=1.500000 cosine_blend=0.000 lr_ema=0.000 cosine_after=0 next_student_lr=1.500000
[Train] Epoch: 16 | Teacher lr=0.6113 | Teacher Loss: 1.627 | Teacher Train Acc: 64.252 | Student lr=1.5000 | Student Train Acc: 56.034 | Time: 138.437 |
[Eval] Epoch: 16 | Teacher Test Loss: 1.532 | Teacher Test Acc: 56.550 | Student Test Loss: 3.158 | Student Test Acc: 28.430 | Teacher Test F1: 0.566 | Student Test F1: 0.281 | Teacher Top 5 Accuracy: 0.859 | Student Top 5 Accuracy: 0.619 | Time: 2.395 | 
Running student landscape probe...
[LR policy] epoch=16 output=residual_log policy_pred=1.045818 predicted_lr=1.500000 cosine_blend=0.000 lr_ema=0.000 cosine_after=0 next_student_lr=1.500000
[Train] Epoch: 17 | Teacher lr=0.5671 | Teacher Loss: 1.588 | Teacher Train Acc: 65.386 | Student lr=1.5000 | Student Train Acc: 56.258 | Time: 138.171 |
[Eval] Epoch: 17 | Teacher Test Loss: 1.443 | Teacher Test Acc: 58.570 | Student Test Loss: 2.820 | Student Test Acc: 33.310 | Teacher Test F1: 0.583 | Student Test F1: 0.328 | Teacher Top 5 Accuracy: 0.872 | Student Top 5 Accuracy: 0.682 | Time: 2.315 | 
Running student landscape probe...
[LR policy] epoch=17 output=residual_log policy_pred=1.047800 predicted_lr=1.421417 cosine_blend=0.000 lr_ema=0.000 cosine_after=0 next_student_lr=1.421417
[Train] Epoch: 18 | Teacher lr=0.5224 | Teacher Loss: 1.542 | Teacher Train Acc: 66.788 | Student lr=1.4214 | Student Train Acc: 56.854 | Time: 140.126 |
[Eval] Epoch: 18 | Teacher Test Loss: 1.414 | Teacher Test Acc: 59.880 | Student Test Loss: 3.155 | Student Test Acc: 29.190 | Teacher Test F1: 0.594 | Student Test F1: 0.293 | Teacher Top 5 Accuracy: 0.872 | Student Top 5 Accuracy: 0.626 | Time: 2.370 | 
Running student landscape probe...
[LR policy] epoch=18 output=residual_log policy_pred=1.052349 predicted_lr=1.299583 cosine_blend=0.000 lr_ema=0.000 cosine_after=0 next_student_lr=1.299583
[Train] Epoch: 19 | Teacher lr=0.4776 | Teacher Loss: 1.487 | Teacher Train Acc: 68.190 | Student lr=1.2996 | Student Train Acc: 57.768 | Time: 136.176 |
[Eval] Epoch: 19 | Teacher Test Loss: 1.406 | Teacher Test Acc: 59.540 | Student Test Loss: 2.853 | Student Test Acc: 30.820 | Teacher Test F1: 0.597 | Student Test F1: 0.304 | Teacher Top 5 Accuracy: 0.877 | Student Top 5 Accuracy: 0.619 | Time: 2.341 | 
Running student landscape probe...
[LR policy] epoch=19 output=residual_log policy_pred=0.988466 predicted_lr=1.164729 cosine_blend=0.000 lr_ema=0.000 cosine_after=0 next_student_lr=1.164729
[shock] epoch=20 forcing student_lr=1.000000 (window=20..21)
[Train] Epoch: 20 | Teacher lr=0.4329 | Teacher Loss: 1.415 | Teacher Train Acc: 69.258 | Student lr=1.0000 | Student Train Acc: 60.278 | Time: 136.419 |
[Eval] Epoch: 20 | Teacher Test Loss: 1.360 | Teacher Test Acc: 60.900 | Student Test Loss: 2.458 | Student Test Acc: 38.830 | Teacher Test F1: 0.608 | Student Test F1: 0.391 | Teacher Top 5 Accuracy: 0.887 | Student Top 5 Accuracy: 0.710 | Time: 2.199 | 
Running student landscape probe...
[LR policy] epoch=20 output=residual_log policy_pred=0.981835 predicted_lr=1.039313 cosine_blend=0.000 lr_ema=0.000 cosine_after=0 next_student_lr=1.039313
[shock] epoch=21 forcing student_lr=1.000000 (window=20..21)
[Train] Epoch: 21 | Teacher lr=0.3887 | Teacher Loss: 1.379 | Teacher Train Acc: 70.742 | Student lr=1.0000 | Student Train Acc: 60.684 | Time: 139.576 |
[Eval] Epoch: 21 | Teacher Test Loss: 1.257 | Teacher Test Acc: 64.020 | Student Test Loss: 5.035 | Student Test Acc: 14.200 | Teacher Test F1: 0.638 | Student Test F1: 0.135 | Teacher Top 5 Accuracy: 0.900 | Student Top 5 Accuracy: 0.366 | Time: 2.369 | 
Running student landscape probe...
[LR policy] epoch=21 output=residual_log policy_pred=1.074838 predicted_lr=0.940922 cosine_blend=0.000 lr_ema=0.000 cosine_after=0 next_student_lr=0.940922
[Train] Epoch: 22 | Teacher lr=0.3455 | Teacher Loss: 1.331 | Teacher Train Acc: 72.348 | Student lr=0.9409 | Student Train Acc: 61.230 | Time: 139.981 |
[Eval] Epoch: 22 | Teacher Test Loss: 1.276 | Teacher Test Acc: 63.380 | Student Test Loss: 2.468 | Student Test Acc: 39.430 | Teacher Test F1: 0.632 | Student Test F1: 0.392 | Teacher Top 5 Accuracy: 0.893 | Student Top 5 Accuracy: 0.712 | Time: 2.313 | 
Running student landscape probe...
[LR policy] epoch=22 output=residual_log policy_pred=1.174285 predicted_lr=0.826858 cosine_blend=0.000 lr_ema=0.000 cosine_after=0 next_student_lr=0.826858
[Train] Epoch: 23 | Teacher lr=0.3035 | Teacher Loss: 1.267 | Teacher Train Acc: 73.816 | Student lr=0.8269 | Student Train Acc: 62.826 | Time: 138.866 |
[Eval] Epoch: 23 | Teacher Test Loss: 1.163 | Teacher Test Acc: 66.070 | Student Test Loss: 5.672 | Student Test Acc: 14.440 | Teacher Test F1: 0.660 | Student Test F1: 0.142 | Teacher Top 5 Accuracy: 0.911 | Student Top 5 Accuracy: 0.389 | Time: 2.325 | 
Running student landscape probe...
[LR policy] epoch=23 output=residual_log policy_pred=1.245022 predicted_lr=0.717090 cosine_blend=0.000 lr_ema=0.000 cosine_after=0 next_student_lr=0.717090
[Train] Epoch: 24 | Teacher lr=0.2631 | Teacher Loss: 1.209 | Teacher Train Acc: 75.402 | Student lr=0.7171 | Student Train Acc: 63.756 | Time: 138.203 |
[Eval] Epoch: 24 | Teacher Test Loss: 1.130 | Teacher Test Acc: 67.270 | Student Test Loss: 2.020 | Student Test Acc: 46.560 | Teacher Test F1: 0.672 | Student Test F1: 0.461 | Teacher Top 5 Accuracy: 0.914 | Student Top 5 Accuracy: 0.791 | Time: 2.276 | 
Running student landscape probe...
[LR policy] epoch=24 output=residual_log policy_pred=1.297610 predicted_lr=0.612502 cosine_blend=0.000 lr_ema=0.000 cosine_after=0 next_student_lr=0.612502
[Train] Epoch: 25 | Teacher lr=0.2246 | Teacher Loss: 1.150 | Teacher Train Acc: 76.874 | Student lr=0.6125 | Student Train Acc: 65.298 | Time: 140.614 |
[Eval] Epoch: 25 | Teacher Test Loss: 1.114 | Teacher Test Acc: 67.750 | Student Test Loss: 2.894 | Student Test Acc: 35.940 | Teacher Test F1: 0.678 | Student Test F1: 0.378 | Teacher Top 5 Accuracy: 0.913 | Student Top 5 Accuracy: 0.667 | Time: 2.388 | 
Running student landscape probe...
[LR policy] epoch=25 output=residual_log policy_pred=1.291329 predicted_lr=0.513937 cosine_blend=0.000 lr_ema=0.000 cosine_after=0 next_student_lr=0.513937
[Train] Epoch: 26 | Teacher lr=0.1883 | Teacher Loss: 1.082 | Teacher Train Acc: 78.814 | Student lr=0.5139 | Student Train Acc: 66.844 | Time: 136.734 |
[Eval] Epoch: 26 | Teacher Test Loss: 1.063 | Teacher Test Acc: 68.890 | Student Test Loss: 1.573 | Student Test Acc: 55.720 | Teacher Test F1: 0.688 | Student Test F1: 0.556 | Teacher Top 5 Accuracy: 0.922 | Student Top 5 Accuracy: 0.851 | Time: 2.358 | 
Running student landscape probe...
[LR policy] epoch=26 output=residual_log policy_pred=1.366988 predicted_lr=0.422188 cosine_blend=0.000 lr_ema=0.000 cosine_after=0 next_student_lr=0.422188
[Train] Epoch: 27 | Teacher lr=0.1545 | Teacher Loss: 1.018 | Teacher Train Acc: 80.652 | Student lr=0.4222 | Student Train Acc: 68.586 | Time: 140.567 |
[Eval] Epoch: 27 | Teacher Test Loss: 1.007 | Teacher Test Acc: 70.470 | Student Test Loss: 1.742 | Student Test Acc: 52.380 | Teacher Test F1: 0.705 | Student Test F1: 0.526 | Teacher Top 5 Accuracy: 0.931 | Student Top 5 Accuracy: 0.826 | Time: 2.177 | 
Running student landscape probe...
[LR policy] epoch=27 output=residual_log policy_pred=1.420147 predicted_lr=0.337993 cosine_blend=0.000 lr_ema=0.000 cosine_after=0 next_student_lr=0.337993
[Train] Epoch: 28 | Teacher lr=0.1235 | Teacher Loss: 0.949 | Teacher Train Acc: 82.390 | Student lr=0.3380 | Student Train Acc: 69.972 | Time: 135.747 |
[Eval] Epoch: 28 | Teacher Test Loss: 0.995 | Teacher Test Acc: 71.300 | Student Test Loss: 1.695 | Student Test Acc: 53.840 | Teacher Test F1: 0.714 | Student Test F1: 0.537 | Teacher Top 5 Accuracy: 0.928 | Student Top 5 Accuracy: 0.832 | Time: 2.261 | 
Running student landscape probe...
[LR policy] epoch=28 output=residual_log policy_pred=1.452183 predicted_lr=0.262032 cosine_blend=0.000 lr_ema=0.000 cosine_after=0 next_student_lr=0.262032
[Train] Epoch: 29 | Teacher lr=0.0955 | Teacher Loss: 0.879 | Teacher Train Acc: 84.396 | Student lr=0.2620 | Student Train Acc: 71.554 | Time: 136.482 |
[Eval] Epoch: 29 | Teacher Test Loss: 0.958 | Teacher Test Acc: 72.090 | Student Test Loss: 1.721 | Student Test Acc: 53.880 | Teacher Test F1: 0.721 | Student Test F1: 0.539 | Teacher Top 5 Accuracy: 0.932 | Student Top 5 Accuracy: 0.825 | Time: 2.558 | 
Running student landscape probe...
[LR policy] epoch=29 output=residual_log policy_pred=1.543044 predicted_lr=0.194914 cosine_blend=0.000 lr_ema=0.000 cosine_after=0 next_student_lr=0.194914
[Train] Epoch: 30 | Teacher lr=0.0708 | Teacher Loss: 0.807 | Teacher Train Acc: 86.280 | Student lr=0.1949 | Student Train Acc: 74.282 | Time: 140.171 |
[Eval] Epoch: 30 | Teacher Test Loss: 0.923 | Teacher Test Acc: 73.240 | Student Test Loss: 1.455 | Student Test Acc: 59.230 | Teacher Test F1: 0.734 | Student Test F1: 0.595 | Teacher Top 5 Accuracy: 0.936 | Student Top 5 Accuracy: 0.870 | Time: 2.487 | 
Running student landscape probe...
[LR policy] epoch=30 output=residual_log policy_pred=1.609215 predicted_lr=0.137181 cosine_blend=0.000 lr_ema=0.000 cosine_after=0 next_student_lr=0.137181
[Train] Epoch: 31 | Teacher lr=0.0495 | Teacher Loss: 0.743 | Teacher Train Acc: 87.846 | Student lr=0.1372 | Student Train Acc: 76.344 | Time: 139.864 |
[Eval] Epoch: 31 | Teacher Test Loss: 0.902 | Teacher Test Acc: 73.600 | Student Test Loss: 1.534 | Student Test Acc: 58.350 | Teacher Test F1: 0.736 | Student Test F1: 0.583 | Teacher Top 5 Accuracy: 0.939 | Student Top 5 Accuracy: 0.861 | Time: 2.610 | 
Running student landscape probe...
[LR policy] epoch=31 output=residual_log policy_pred=1.628350 predicted_lr=0.089297 cosine_blend=0.000 lr_ema=0.000 cosine_after=0 next_student_lr=0.089297
[Train] Epoch: 32 | Teacher lr=0.0319 | Teacher Loss: 0.672 | Teacher Train Acc: 89.360 | Student lr=0.0893 | Student Train Acc: 78.780 | Time: 140.892 |
[Eval] Epoch: 32 | Teacher Test Loss: 0.883 | Teacher Test Acc: 74.330 | Student Test Loss: 1.306 | Student Test Acc: 64.390 | Teacher Test F1: 0.743 | Student Test F1: 0.643 | Teacher Top 5 Accuracy: 0.942 | Student Top 5 Accuracy: 0.894 | Time: 2.365 | 
Running student landscape probe...
[LR policy] epoch=32 output=residual_log policy_pred=1.699308 predicted_lr=0.051649 cosine_blend=0.000 lr_ema=0.000 cosine_after=0 next_student_lr=0.051649
[Train] Epoch: 33 | Teacher lr=0.0180 | Teacher Loss: 0.614 | Teacher Train Acc: 90.530 | Student lr=0.0516 | Student Train Acc: 81.256 | Time: 136.687 |
[Eval] Epoch: 33 | Teacher Test Loss: 0.871 | Teacher Test Acc: 74.940 | Student Test Loss: 1.151 | Student Test Acc: 67.860 | Teacher Test F1: 0.749 | Student Test F1: 0.677 | Teacher Top 5 Accuracy: 0.943 | Student Top 5 Accuracy: 0.913 | Time: 2.684 | 
Running student landscape probe...
[LR policy] epoch=33 output=residual_log policy_pred=1.719951 predicted_lr=0.024538 cosine_blend=0.000 lr_ema=0.000 cosine_after=0 next_student_lr=0.024538
[Train] Epoch: 34 | Teacher lr=0.0080 | Teacher Loss: 0.571 | Teacher Train Acc: 91.358 | Student lr=0.0245 | Student Train Acc: 83.128 | Time: 135.996 |
[Eval] Epoch: 34 | Teacher Test Loss: 0.867 | Teacher Test Acc: 74.810 | Student Test Loss: 1.098 | Student Test Acc: 69.140 | Teacher Test F1: 0.748 | Student Test F1: 0.691 | Teacher Top 5 Accuracy: 0.945 | Student Top 5 Accuracy: 0.922 | Time: 2.686 | 
Running student landscape probe...
[LR policy] epoch=34 output=residual_log policy_pred=1.763616 predicted_lr=0.008184 cosine_blend=0.000 lr_ema=0.000 cosine_after=0 next_student_lr=0.008184
[Train] Epoch: 35 | Teacher lr=0.0020 | Teacher Loss: 0.541 | Teacher Train Acc: 91.782 | Student lr=0.0082 | Student Train Acc: 84.560 | Time: 135.365 |
[Eval] Epoch: 35 | Teacher Test Loss: 0.864 | Teacher Test Acc: 74.840 | Student Test Loss: 1.070 | Student Test Acc: 69.670 | Teacher Test F1: 0.748 | Student Test F1: 0.697 | Teacher Top 5 Accuracy: 0.945 | Student Top 5 Accuracy: 0.925 | Time: 1.641 | 
Running student landscape probe...
[LR policy] epoch=35 output=residual_log policy_pred=1.767584 predicted_lr=0.002718 cosine_blend=0.000 lr_ema=0.000 cosine_after=0 next_student_lr=0.002718
ckpt location: ckpt/robust12h_stars/residgru_shock10_seed3_35ep.pt
