/home/jovyan/.mlspace/envs/egy_llm/lib/python3.11/site-packages/torchvision/datasets/cifar.py:83: VisibleDeprecationWarning: dtype(): align should be passed as Python or NumPy boolean but got `align=0`. Did you mean to pass a tuple to create a subarray type? (Deprecated NumPy 2.4)
  entry = pickle.load(f, encoding="latin1")
depth_list: [110, 20]
[LR policy] output=residual_log train_windows=1020 test_windows=170 test_mse=0.722952 test_mae=0.721158
Dataset information: cifar100	 50000 images for training 	 10000 images for testing	
teacher depth: 110
student depth: 20
Total number of teacher parameters: 1,169,972
Total number of student parameters: 278,132
Snapshots will be saved to: snapshots/robust12h_stars/residgru_shock20_seed3_35ep
==== train and evaluate unequal restart ====
[Eval] Epoch: 0 | Teacher Test Loss: 9743.739 | Teacher Test Acc: 1.130 | Student Test Loss: 5.207 | Student Test Acc: 1.000 | Teacher Test F1: 0.001 | Student Test F1: 0.000 | Teacher Top 5 Accuracy: 0.048 | Student Top 5 Accuracy: 0.047 | Time: 2.987 | 
Running student landscape probe...
[Train] Epoch: 1 | Teacher lr=1.0000 | Teacher Loss: 4.180 | Teacher Train Acc: 7.100 | Student lr=0.0100 | Student Train Acc: 6.654 | Time: 138.546 |
[Eval] Epoch: 1 | Teacher Test Loss: 3.717 | Teacher Test Acc: 12.100 | Student Test Loss: 3.857 | Student Test Acc: 10.620 | Teacher Test F1: 0.084 | Student Test F1: 0.069 | Teacher Top 5 Accuracy: 0.362 | Student Top 5 Accuracy: 0.312 | Time: 2.518 | 
Running student landscape probe...
[LR policy] epoch=1 output=residual_log policy_pred=-0.495724 predicted_lr=0.607905 cosine_blend=0.000 lr_ema=0.000 cosine_after=0 next_student_lr=0.997989
[Train] Epoch: 2 | Teacher lr=0.9980 | Teacher Loss: 3.552 | Teacher Train Acc: 17.894 | Student lr=0.9980 | Student Train Acc: 20.840 | Time: 137.377 |
[Eval] Epoch: 2 | Teacher Test Loss: 3.612 | Teacher Test Acc: 16.760 | Student Test Loss: 3.186 | Student Test Acc: 21.680 | Teacher Test F1: 0.148 | Student Test F1: 0.191 | Teacher Top 5 Accuracy: 0.447 | Student Top 5 Accuracy: 0.526 | Time: 2.827 | 
Running student landscape probe...
[LR policy] epoch=2 output=residual_log policy_pred=-0.635077 predicted_lr=0.525641 cosine_blend=0.000 lr_ema=0.000 cosine_after=0 next_student_lr=0.991973
[Train] Epoch: 3 | Teacher lr=0.9920 | Teacher Loss: 2.959 | Teacher Train Acc: 29.864 | Student lr=0.9920 | Student Train Acc: 40.964 | Time: 137.499 |
[Eval] Epoch: 3 | Teacher Test Loss: 2.719 | Teacher Test Acc: 30.850 | Student Test Loss: 3.237 | Student Test Acc: 24.410 | Teacher Test F1: 0.292 | Student Test F1: 0.237 | Teacher Top 5 Accuracy: 0.640 | Student Top 5 Accuracy: 0.555 | Time: 2.672 | 
Running student landscape probe...
[LR policy] epoch=3 output=residual_log policy_pred=-0.704733 predicted_lr=0.485344 cosine_blend=0.000 lr_ema=0.000 cosine_after=0 next_student_lr=0.981999
[Train] Epoch: 4 | Teacher lr=0.9820 | Teacher Loss: 2.604 | Teacher Train Acc: 38.204 | Student lr=0.9820 | Student Train Acc: 47.306 | Time: 137.729 |
[Eval] Epoch: 4 | Teacher Test Loss: 2.423 | Teacher Test Acc: 36.290 | Student Test Loss: 2.730 | Student Test Acc: 31.440 | Teacher Test F1: 0.347 | Student Test F1: 0.305 | Teacher Top 5 Accuracy: 0.700 | Student Top 5 Accuracy: 0.652 | Time: 2.754 | 
Running student landscape probe...
[LR policy] epoch=4 output=residual_log policy_pred=-0.767484 predicted_lr=0.449395 cosine_blend=0.000 lr_ema=0.000 cosine_after=0 next_student_lr=0.968149
[Train] Epoch: 5 | Teacher lr=0.9681 | Teacher Loss: 2.346 | Teacher Train Acc: 43.788 | Student lr=0.9681 | Student Train Acc: 51.478 | Time: 137.443 |
[Eval] Epoch: 5 | Teacher Test Loss: 2.361 | Teacher Test Acc: 37.820 | Student Test Loss: 2.385 | Student Test Acc: 37.390 | Teacher Test F1: 0.368 | Student Test F1: 0.364 | Teacher Top 5 Accuracy: 0.715 | Student Top 5 Accuracy: 0.706 | Time: 2.723 | 
Running student landscape probe...
[LR policy] epoch=5 output=residual_log policy_pred=-0.846292 predicted_lr=0.407782 cosine_blend=0.000 lr_ema=0.000 cosine_after=0 next_student_lr=0.950534
[Train] Epoch: 6 | Teacher lr=0.9505 | Teacher Loss: 2.179 | Teacher Train Acc: 48.004 | Student lr=0.9505 | Student Train Acc: 53.958 | Time: 136.539 |
[Eval] Epoch: 6 | Teacher Test Loss: 2.243 | Teacher Test Acc: 41.470 | Student Test Loss: 2.738 | Student Test Acc: 34.690 | Teacher Test F1: 0.410 | Student Test F1: 0.351 | Teacher Top 5 Accuracy: 0.731 | Student Top 5 Accuracy: 0.658 | Time: 2.675 | 
Running student landscape probe...
[LR policy] epoch=6 output=residual_log policy_pred=-0.946755 predicted_lr=0.360565 cosine_blend=0.000 lr_ema=0.000 cosine_after=0 next_student_lr=0.360565
[Train] Epoch: 7 | Teacher lr=0.9292 | Teacher Loss: 2.153 | Teacher Train Acc: 48.396 | Student lr=0.3606 | Student Train Acc: 60.582 | Time: 134.633 |
[Eval] Epoch: 7 | Teacher Test Loss: 2.353 | Teacher Test Acc: 39.850 | Student Test Loss: 1.909 | Student Test Acc: 48.570 | Teacher Test F1: 0.385 | Student Test F1: 0.485 | Teacher Top 5 Accuracy: 0.719 | Student Top 5 Accuracy: 0.798 | Time: 3.208 | 
Running student landscape probe...
[LR policy] epoch=7 output=residual_log policy_pred=-1.027817 predicted_lr=0.332785 cosine_blend=0.000 lr_ema=0.000 cosine_after=0 next_student_lr=0.332785
[Train] Epoch: 8 | Teacher lr=0.9045 | Teacher Loss: 1.934 | Teacher Train Acc: 53.372 | Student lr=0.3328 | Student Train Acc: 62.572 | Time: 138.340 |
[Eval] Epoch: 8 | Teacher Test Loss: 2.022 | Teacher Test Acc: 44.770 | Student Test Loss: 2.044 | Student Test Acc: 45.500 | Teacher Test F1: 0.444 | Student Test F1: 0.458 | Teacher Top 5 Accuracy: 0.785 | Student Top 5 Accuracy: 0.768 | Time: 2.819 | 
Running student landscape probe...
[LR policy] epoch=8 output=residual_log policy_pred=-1.089373 predicted_lr=0.322505 cosine_blend=0.000 lr_ema=0.000 cosine_after=0 next_student_lr=0.322505
[Train] Epoch: 9 | Teacher lr=0.8765 | Teacher Loss: 1.853 | Teacher Train Acc: 55.390 | Student lr=0.3225 | Student Train Acc: 63.290 | Time: 137.547 |
[Eval] Epoch: 9 | Teacher Test Loss: 1.897 | Teacher Test Acc: 48.200 | Student Test Loss: 1.803 | Student Test Acc: 50.790 | Teacher Test F1: 0.474 | Student Test F1: 0.501 | Teacher Top 5 Accuracy: 0.803 | Student Top 5 Accuracy: 0.815 | Time: 2.736 | 
Running student landscape probe...
[LR policy] epoch=9 output=residual_log policy_pred=-1.147483 predicted_lr=0.311110 cosine_blend=0.000 lr_ema=0.000 cosine_after=0 next_student_lr=0.311110
[Train] Epoch: 10 | Teacher lr=0.8455 | Teacher Loss: 1.781 | Teacher Train Acc: 57.202 | Student lr=0.3111 | Student Train Acc: 64.360 | Time: 137.537 |
[Eval] Epoch: 10 | Teacher Test Loss: 1.919 | Teacher Test Acc: 48.110 | Student Test Loss: 1.899 | Student Test Acc: 48.890 | Teacher Test F1: 0.473 | Student Test F1: 0.487 | Teacher Top 5 Accuracy: 0.798 | Student Top 5 Accuracy: 0.794 | Time: 2.748 | 
Running student landscape probe...
[LR policy] epoch=10 output=residual_log policy_pred=-1.093690 predicted_lr=0.298694 cosine_blend=0.000 lr_ema=0.000 cosine_after=0 next_student_lr=0.298694
[Train] Epoch: 11 | Teacher lr=0.8117 | Teacher Loss: 1.721 | Teacher Train Acc: 59.100 | Student lr=0.2987 | Student Train Acc: 65.518 | Time: 137.611 |
[Eval] Epoch: 11 | Teacher Test Loss: 1.851 | Teacher Test Acc: 50.160 | Student Test Loss: 1.769 | Student Test Acc: 50.620 | Teacher Test F1: 0.494 | Student Test F1: 0.503 | Teacher Top 5 Accuracy: 0.805 | Student Top 5 Accuracy: 0.820 | Time: 2.776 | 
Running student landscape probe...
[LR policy] epoch=11 output=residual_log policy_pred=-1.022189 predicted_lr=0.285354 cosine_blend=0.000 lr_ema=0.000 cosine_after=0 next_student_lr=0.285354
[Train] Epoch: 12 | Teacher lr=0.7754 | Teacher Loss: 1.671 | Teacher Train Acc: 60.360 | Student lr=0.2854 | Student Train Acc: 66.384 | Time: 137.988 |
[Eval] Epoch: 12 | Teacher Test Loss: 1.738 | Teacher Test Acc: 52.140 | Student Test Loss: 1.622 | Student Test Acc: 54.940 | Teacher Test F1: 0.518 | Student Test F1: 0.546 | Teacher Top 5 Accuracy: 0.829 | Student Top 5 Accuracy: 0.841 | Time: 2.838 | 
Running student landscape probe...
[LR policy] epoch=12 output=residual_log policy_pred=-1.037025 predicted_lr=0.271200 cosine_blend=0.000 lr_ema=0.000 cosine_after=0 next_student_lr=0.271200
[Train] Epoch: 13 | Teacher lr=0.7369 | Teacher Loss: 1.618 | Teacher Train Acc: 61.690 | Student lr=0.2712 | Student Train Acc: 66.940 | Time: 134.843 |
[Eval] Epoch: 13 | Teacher Test Loss: 1.912 | Teacher Test Acc: 49.990 | Student Test Loss: 1.883 | Student Test Acc: 49.770 | Teacher Test F1: 0.497 | Student Test F1: 0.494 | Teacher Top 5 Accuracy: 0.807 | Student Top 5 Accuracy: 0.804 | Time: 2.791 | 
Running student landscape probe...
[LR policy] epoch=13 output=residual_log policy_pred=-1.038664 predicted_lr=0.256344 cosine_blend=0.000 lr_ema=0.000 cosine_after=0 next_student_lr=0.256344
[Train] Epoch: 14 | Teacher lr=0.6965 | Teacher Loss: 1.578 | Teacher Train Acc: 62.670 | Student lr=0.2563 | Student Train Acc: 67.958 | Time: 134.908 |
[Eval] Epoch: 14 | Teacher Test Loss: 1.576 | Teacher Test Acc: 55.520 | Student Test Loss: 1.622 | Student Test Acc: 54.700 | Teacher Test F1: 0.550 | Student Test F1: 0.548 | Teacher Top 5 Accuracy: 0.856 | Student Top 5 Accuracy: 0.843 | Time: 2.826 | 
Running student landscape probe...
[LR policy] epoch=14 output=residual_log policy_pred=-1.022599 predicted_lr=0.240907 cosine_blend=0.000 lr_ema=0.000 cosine_after=0 next_student_lr=0.240907
[Train] Epoch: 15 | Teacher lr=0.6545 | Teacher Loss: 1.521 | Teacher Train Acc: 64.496 | Student lr=0.2409 | Student Train Acc: 68.776 | Time: 135.135 |
[Eval] Epoch: 15 | Teacher Test Loss: 1.549 | Teacher Test Acc: 56.100 | Student Test Loss: 1.631 | Student Test Acc: 55.050 | Teacher Test F1: 0.558 | Student Test F1: 0.552 | Teacher Top 5 Accuracy: 0.855 | Student Top 5 Accuracy: 0.840 | Time: 2.829 | 
Running student landscape probe...
[LR policy] epoch=15 output=residual_log policy_pred=-1.024387 predicted_lr=0.225013 cosine_blend=0.000 lr_ema=0.000 cosine_after=0 next_student_lr=0.225013
[Train] Epoch: 16 | Teacher lr=0.6113 | Teacher Loss: 1.481 | Teacher Train Acc: 65.260 | Student lr=0.2250 | Student Train Acc: 69.644 | Time: 135.304 |
[Eval] Epoch: 16 | Teacher Test Loss: 1.478 | Teacher Test Acc: 58.180 | Student Test Loss: 1.683 | Student Test Acc: 53.990 | Teacher Test F1: 0.578 | Student Test F1: 0.542 | Teacher Top 5 Accuracy: 0.866 | Student Top 5 Accuracy: 0.830 | Time: 2.698 | 
Running student landscape probe...
[LR policy] epoch=16 output=residual_log policy_pred=-1.028838 predicted_lr=0.208790 cosine_blend=0.000 lr_ema=0.000 cosine_after=0 next_student_lr=0.208790
[Train] Epoch: 17 | Teacher lr=0.5671 | Teacher Loss: 1.439 | Teacher Train Acc: 66.796 | Student lr=0.2088 | Student Train Acc: 70.388 | Time: 136.392 |
[Eval] Epoch: 17 | Teacher Test Loss: 1.453 | Teacher Test Acc: 58.190 | Student Test Loss: 1.497 | Student Test Acc: 57.500 | Teacher Test F1: 0.579 | Student Test F1: 0.572 | Teacher Top 5 Accuracy: 0.870 | Student Top 5 Accuracy: 0.861 | Time: 2.690 | 
Running student landscape probe...
[LR policy] epoch=17 output=residual_log policy_pred=-1.032950 predicted_lr=0.192368 cosine_blend=0.000 lr_ema=0.000 cosine_after=0 next_student_lr=0.192368
[Train] Epoch: 18 | Teacher lr=0.5224 | Teacher Loss: 1.390 | Teacher Train Acc: 67.860 | Student lr=0.1924 | Student Train Acc: 71.170 | Time: 137.627 |
[Eval] Epoch: 18 | Teacher Test Loss: 1.446 | Teacher Test Acc: 59.710 | Student Test Loss: 1.571 | Student Test Acc: 56.280 | Teacher Test F1: 0.594 | Student Test F1: 0.566 | Teacher Top 5 Accuracy: 0.869 | Student Top 5 Accuracy: 0.856 | Time: 2.820 | 
Running student landscape probe...
[LR policy] epoch=18 output=residual_log policy_pred=-1.055993 predicted_lr=0.175879 cosine_blend=0.000 lr_ema=0.000 cosine_after=0 next_student_lr=0.175879
[Train] Epoch: 19 | Teacher lr=0.4776 | Teacher Loss: 1.333 | Teacher Train Acc: 69.390 | Student lr=0.1759 | Student Train Acc: 72.146 | Time: 135.624 |
[Eval] Epoch: 19 | Teacher Test Loss: 1.337 | Teacher Test Acc: 60.850 | Student Test Loss: 1.513 | Student Test Acc: 57.930 | Teacher Test F1: 0.606 | Student Test F1: 0.582 | Teacher Top 5 Accuracy: 0.883 | Student Top 5 Accuracy: 0.857 | Time: 2.824 | 
Running student landscape probe...
[LR policy] epoch=19 output=residual_log policy_pred=-1.063932 predicted_lr=0.159458 cosine_blend=0.000 lr_ema=0.000 cosine_after=0 next_student_lr=0.159458
[shock] epoch=20 forcing student_lr=2.000000 (window=20..21)
[Train] Epoch: 20 | Teacher lr=0.4329 | Teacher Loss: 2.093 | Teacher Train Acc: 70.334 | Student lr=2.0000 | Student Train Acc: 4.108 | Time: 137.303 |
[Eval] Epoch: 20 | Teacher Test Loss: 1.436 | Teacher Test Acc: 64.780 | Student Test Loss: 4.907 | Student Test Acc: 3.650 | Teacher Test F1: 0.648 | Student Test F1: 0.020 | Teacher Top 5 Accuracy: 0.897 | Student Top 5 Accuracy: 0.154 | Time: 2.707 | 
Running student landscape probe...
[LR policy] epoch=20 output=residual_log policy_pred=-1.056239 predicted_lr=0.143234 cosine_blend=0.000 lr_ema=0.000 cosine_after=0 next_student_lr=0.143234
[shock] epoch=21 forcing student_lr=2.000000 (window=20..21)
[Train] Epoch: 21 | Teacher lr=0.3887 | Teacher Loss: 1.878 | Teacher Train Acc: 71.962 | Student lr=2.0000 | Student Train Acc: 14.150 | Time: 138.764 |
[Eval] Epoch: 21 | Teacher Test Loss: 1.349 | Teacher Test Acc: 65.390 | Student Test Loss: 4.484 | Student Test Acc: 9.600 | Teacher Test F1: 0.652 | Student Test F1: 0.070 | Teacher Top 5 Accuracy: 0.898 | Student Top 5 Accuracy: 0.300 | Time: 2.835 | 
Running student landscape probe...
[LR policy] epoch=21 output=residual_log policy_pred=-1.075652 predicted_lr=0.127340 cosine_blend=0.000 lr_ema=0.000 cosine_after=0 next_student_lr=0.127340
[Train] Epoch: 22 | Teacher lr=0.3455 | Teacher Loss: 1.651 | Teacher Train Acc: 72.900 | Student lr=0.1273 | Student Train Acc: 29.826 | Time: 136.853 |
[Eval] Epoch: 22 | Teacher Test Loss: 1.284 | Teacher Test Acc: 65.540 | Student Test Loss: 2.862 | Student Test Acc: 27.400 | Teacher Test F1: 0.654 | Student Test F1: 0.247 | Teacher Top 5 Accuracy: 0.898 | Student Top 5 Accuracy: 0.602 | Time: 2.812 | 
Running student landscape probe...
[LR policy] epoch=22 output=residual_log policy_pred=-1.085051 predicted_lr=0.111903 cosine_blend=0.000 lr_ema=0.000 cosine_after=0 next_student_lr=0.111903
[Train] Epoch: 23 | Teacher lr=0.3035 | Teacher Loss: 1.556 | Teacher Train Acc: 74.158 | Student lr=0.1119 | Student Train Acc: 34.702 | Time: 136.566 |
[Eval] Epoch: 23 | Teacher Test Loss: 1.334 | Teacher Test Acc: 64.470 | Student Test Loss: 2.598 | Student Test Acc: 32.960 | Teacher Test F1: 0.644 | Student Test F1: 0.310 | Teacher Top 5 Accuracy: 0.889 | Student Top 5 Accuracy: 0.655 | Time: 2.537 | 
Running student landscape probe...
[LR policy] epoch=23 output=residual_log policy_pred=-1.090828 predicted_lr=0.097048 cosine_blend=0.000 lr_ema=0.000 cosine_after=0 next_student_lr=0.097048
[Train] Epoch: 24 | Teacher lr=0.2631 | Teacher Loss: 1.475 | Teacher Train Acc: 75.408 | Student lr=0.0970 | Student Train Acc: 38.896 | Time: 137.034 |
[Eval] Epoch: 24 | Teacher Test Loss: 1.231 | Teacher Test Acc: 66.190 | Student Test Loss: 2.399 | Student Test Acc: 36.010 | Teacher Test F1: 0.662 | Student Test F1: 0.347 | Teacher Top 5 Accuracy: 0.902 | Student Top 5 Accuracy: 0.703 | Time: 2.805 | 
Running student landscape probe...
[LR policy] epoch=24 output=residual_log policy_pred=-1.081398 predicted_lr=0.082893 cosine_blend=0.000 lr_ema=0.000 cosine_after=0 next_student_lr=0.082893
[Train] Epoch: 25 | Teacher lr=0.2246 | Teacher Loss: 1.394 | Teacher Train Acc: 77.012 | Student lr=0.0829 | Student Train Acc: 42.946 | Time: 134.952 |
[Eval] Epoch: 25 | Teacher Test Loss: 1.192 | Teacher Test Acc: 66.910 | Student Test Loss: 2.207 | Student Test Acc: 41.550 | Teacher Test F1: 0.671 | Student Test F1: 0.404 | Teacher Top 5 Accuracy: 0.910 | Student Top 5 Accuracy: 0.741 | Time: 2.824 | 
Running student landscape probe...
[LR policy] epoch=25 output=residual_log policy_pred=-1.063938 predicted_lr=0.069554 cosine_blend=0.000 lr_ema=0.000 cosine_after=0 next_student_lr=0.069554
[Train] Epoch: 26 | Teacher lr=0.1883 | Teacher Loss: 1.321 | Teacher Train Acc: 79.014 | Student lr=0.0696 | Student Train Acc: 46.242 | Time: 137.575 |
[Eval] Epoch: 26 | Teacher Test Loss: 1.114 | Teacher Test Acc: 69.300 | Student Test Loss: 2.170 | Student Test Acc: 42.150 | Teacher Test F1: 0.692 | Student Test F1: 0.409 | Teacher Top 5 Accuracy: 0.918 | Student Top 5 Accuracy: 0.751 | Time: 2.775 | 
Running student landscape probe...
[LR policy] epoch=26 output=residual_log policy_pred=-1.061129 predicted_lr=0.057137 cosine_blend=0.000 lr_ema=0.000 cosine_after=0 next_student_lr=0.057137
[Train] Epoch: 27 | Teacher lr=0.1545 | Teacher Loss: 1.252 | Teacher Train Acc: 80.538 | Student lr=0.0571 | Student Train Acc: 48.736 | Time: 136.383 |
[Eval] Epoch: 27 | Teacher Test Loss: 1.097 | Teacher Test Acc: 69.310 | Student Test Loss: 1.992 | Student Test Acc: 44.480 | Teacher Test F1: 0.694 | Student Test F1: 0.433 | Teacher Top 5 Accuracy: 0.922 | Student Top 5 Accuracy: 0.780 | Time: 2.577 | 
Running student landscape probe...
[LR policy] epoch=27 output=residual_log policy_pred=-1.055177 predicted_lr=0.045742 cosine_blend=0.000 lr_ema=0.000 cosine_after=0 next_student_lr=0.045742
[Train] Epoch: 28 | Teacher lr=0.1235 | Teacher Loss: 1.181 | Teacher Train Acc: 82.242 | Student lr=0.0457 | Student Train Acc: 51.084 | Time: 135.618 |
[Eval] Epoch: 28 | Teacher Test Loss: 1.083 | Teacher Test Acc: 69.700 | Student Test Loss: 1.980 | Student Test Acc: 46.040 | Teacher Test F1: 0.698 | Student Test F1: 0.450 | Teacher Top 5 Accuracy: 0.924 | Student Top 5 Accuracy: 0.782 | Time: 2.697 | 
Running student landscape probe...
[LR policy] epoch=28 output=residual_log policy_pred=-1.050737 predicted_lr=0.035462 cosine_blend=0.000 lr_ema=0.000 cosine_after=0 next_student_lr=0.035462
[Train] Epoch: 29 | Teacher lr=0.0955 | Teacher Loss: 1.115 | Teacher Train Acc: 84.156 | Student lr=0.0355 | Student Train Acc: 53.094 | Time: 136.865 |
[Eval] Epoch: 29 | Teacher Test Loss: 1.053 | Teacher Test Acc: 70.610 | Student Test Loss: 1.878 | Student Test Acc: 47.820 | Teacher Test F1: 0.705 | Student Test F1: 0.471 | Teacher Top 5 Accuracy: 0.922 | Student Top 5 Accuracy: 0.794 | Time: 2.794 | 
Running student landscape probe...
[LR policy] epoch=29 output=residual_log policy_pred=-1.039506 predicted_lr=0.026379 cosine_blend=0.000 lr_ema=0.000 cosine_after=0 next_student_lr=0.026379
[Train] Epoch: 30 | Teacher lr=0.0708 | Teacher Loss: 1.054 | Teacher Train Acc: 85.968 | Student lr=0.0264 | Student Train Acc: 55.048 | Time: 138.142 |
[Eval] Epoch: 30 | Teacher Test Loss: 1.002 | Teacher Test Acc: 71.970 | Student Test Loss: 1.861 | Student Test Acc: 48.520 | Teacher Test F1: 0.720 | Student Test F1: 0.476 | Teacher Top 5 Accuracy: 0.931 | Student Top 5 Accuracy: 0.805 | Time: 2.528 | 
Running student landscape probe...
[LR policy] epoch=30 output=residual_log policy_pred=-1.016139 predicted_lr=0.018565 cosine_blend=0.000 lr_ema=0.000 cosine_after=0 next_student_lr=0.018565
[Train] Epoch: 31 | Teacher lr=0.0495 | Teacher Loss: 1.000 | Teacher Train Acc: 87.710 | Student lr=0.0186 | Student Train Acc: 56.680 | Time: 135.240 |
[Eval] Epoch: 31 | Teacher Test Loss: 0.978 | Teacher Test Acc: 72.620 | Student Test Loss: 1.774 | Student Test Acc: 50.930 | Teacher Test F1: 0.726 | Student Test F1: 0.501 | Teacher Top 5 Accuracy: 0.931 | Student Top 5 Accuracy: 0.816 | Time: 2.573 | 
Running student landscape probe...
[LR policy] epoch=31 output=residual_log policy_pred=-1.012107 predicted_lr=0.012085 cosine_blend=0.000 lr_ema=0.000 cosine_after=0 next_student_lr=0.012085
[Train] Epoch: 32 | Teacher lr=0.0319 | Teacher Loss: 0.949 | Teacher Train Acc: 89.048 | Student lr=0.0121 | Student Train Acc: 58.038 | Time: 136.472 |
[Eval] Epoch: 32 | Teacher Test Loss: 0.961 | Teacher Test Acc: 73.290 | Student Test Loss: 1.741 | Student Test Acc: 51.880 | Teacher Test F1: 0.732 | Student Test F1: 0.513 | Teacher Top 5 Accuracy: 0.934 | Student Top 5 Accuracy: 0.824 | Time: 2.511 | 
Running student landscape probe...
[LR policy] epoch=32 output=residual_log policy_pred=-1.015941 predicted_lr=0.006990 cosine_blend=0.000 lr_ema=0.000 cosine_after=0 next_student_lr=0.006990
[Train] Epoch: 33 | Teacher lr=0.0180 | Teacher Loss: 0.910 | Teacher Train Acc: 90.048 | Student lr=0.0070 | Student Train Acc: 59.270 | Time: 137.754 |
[Eval] Epoch: 33 | Teacher Test Loss: 0.950 | Teacher Test Acc: 73.460 | Student Test Loss: 1.712 | Student Test Acc: 52.770 | Teacher Test F1: 0.734 | Student Test F1: 0.523 | Teacher Top 5 Accuracy: 0.935 | Student Top 5 Accuracy: 0.832 | Time: 2.751 | 
Running student landscape probe...
[LR policy] epoch=33 output=residual_log policy_pred=-1.021044 predicted_lr=0.003321 cosine_blend=0.000 lr_ema=0.000 cosine_after=0 next_student_lr=0.003321
[Train] Epoch: 34 | Teacher lr=0.0080 | Teacher Loss: 0.884 | Teacher Train Acc: 90.756 | Student lr=0.0033 | Student Train Acc: 60.338 | Time: 138.067 |
[Eval] Epoch: 34 | Teacher Test Loss: 0.942 | Teacher Test Acc: 73.760 | Student Test Loss: 1.694 | Student Test Acc: 53.510 | Teacher Test F1: 0.737 | Student Test F1: 0.531 | Teacher Top 5 Accuracy: 0.935 | Student Top 5 Accuracy: 0.830 | Time: 2.767 | 
Running student landscape probe...
[LR policy] epoch=34 output=residual_log policy_pred=-1.027492 predicted_lr=0.001108 cosine_blend=0.000 lr_ema=0.000 cosine_after=0 next_student_lr=0.001108
[Train] Epoch: 35 | Teacher lr=0.0020 | Teacher Loss: 0.868 | Teacher Train Acc: 91.386 | Student lr=0.0011 | Student Train Acc: 60.522 | Time: 136.195 |
[Eval] Epoch: 35 | Teacher Test Loss: 0.938 | Teacher Test Acc: 73.770 | Student Test Loss: 1.677 | Student Test Acc: 53.750 | Teacher Test F1: 0.737 | Student Test F1: 0.534 | Teacher Top 5 Accuracy: 0.935 | Student Top 5 Accuracy: 0.833 | Time: 0.953 | 
Running student landscape probe...
[LR policy] epoch=35 output=residual_log policy_pred=-1.029880 predicted_lr=0.001000 cosine_blend=0.000 lr_ema=0.000 cosine_after=0 next_student_lr=0.001000
ckpt location: ckpt/robust12h_stars/residgru_shock20_seed3_35ep.pt
