/home/jovyan/.mlspace/envs/egy_llm/lib/python3.11/site-packages/torchvision/datasets/cifar.py:83: VisibleDeprecationWarning: dtype(): align should be passed as Python or NumPy boolean but got `align=0`. Did you mean to pass a tuple to create a subarray type? (Deprecated NumPy 2.4)
  entry = pickle.load(f, encoding="latin1")
depth_list: [110, 20]
[LR policy] output=residual_log train_windows=1020 test_windows=170 test_mse=0.605566 test_mae=0.634351
Dataset information: cifar100	 50000 images for training 	 10000 images for testing	
teacher depth: 110
student depth: 20
Total number of teacher parameters: 1,169,972
Total number of student parameters: 278,132
Snapshots will be saved to: snapshots/robust12h_stars/residgru_shock05_seed4_35ep
==== train and evaluate unequal restart ====
[Eval] Epoch: 0 | Teacher Test Loss: 8723.027 | Teacher Test Acc: 1.000 | Student Test Loss: 5.114 | Student Test Acc: 0.930 | Teacher Test F1: 0.000 | Student Test F1: 0.001 | Teacher Top 5 Accuracy: 0.050 | Student Top 5 Accuracy: 0.051 | Time: 2.779 | 
Running student landscape probe...
[Train] Epoch: 1 | Teacher lr=1.0000 | Teacher Loss: 4.021 | Teacher Train Acc: 9.828 | Student lr=0.0100 | Student Train Acc: 7.158 | Time: 138.783 |
[Eval] Epoch: 1 | Teacher Test Loss: 3.624 | Teacher Test Acc: 14.310 | Student Test Loss: 3.811 | Student Test Acc: 11.040 | Teacher Test F1: 0.106 | Student Test F1: 0.074 | Teacher Top 5 Accuracy: 0.387 | Student Top 5 Accuracy: 0.324 | Time: 2.666 | 
Running student landscape probe...
[LR policy] epoch=1 output=residual_log policy_pred=0.144738 predicted_lr=1.153412 cosine_blend=0.000 lr_ema=0.000 cosine_after=0 next_student_lr=0.997989
[Train] Epoch: 2 | Teacher lr=0.9980 | Teacher Loss: 3.428 | Teacher Train Acc: 20.486 | Student lr=0.9980 | Student Train Acc: 20.150 | Time: 136.167 |
[Eval] Epoch: 2 | Teacher Test Loss: 3.163 | Teacher Test Acc: 21.590 | Student Test Loss: 3.958 | Student Test Acc: 16.280 | Teacher Test F1: 0.192 | Student Test F1: 0.127 | Teacher Top 5 Accuracy: 0.529 | Student Top 5 Accuracy: 0.401 | Time: 2.731 | 
Running student landscape probe...
[LR policy] epoch=2 output=residual_log policy_pred=0.244348 predicted_lr=1.266539 cosine_blend=0.000 lr_ema=0.000 cosine_after=0 next_student_lr=0.991973
[Train] Epoch: 3 | Teacher lr=0.9920 | Teacher Loss: 2.956 | Teacher Train Acc: 30.458 | Student lr=0.9920 | Student Train Acc: 38.912 | Time: 137.225 |
[Eval] Epoch: 3 | Teacher Test Loss: 2.610 | Teacher Test Acc: 33.110 | Student Test Loss: 2.789 | Student Test Acc: 32.400 | Teacher Test F1: 0.312 | Student Test F1: 0.311 | Teacher Top 5 Accuracy: 0.660 | Student Top 5 Accuracy: 0.635 | Time: 2.814 | 
Running student landscape probe...
[LR policy] epoch=3 output=residual_log policy_pred=0.385588 predicted_lr=1.444010 cosine_blend=0.000 lr_ema=0.000 cosine_after=0 next_student_lr=0.981999
[Train] Epoch: 4 | Teacher lr=0.9820 | Teacher Loss: 2.491 | Teacher Train Acc: 39.996 | Student lr=0.9820 | Student Train Acc: 47.260 | Time: 137.158 |
[Eval] Epoch: 4 | Teacher Test Loss: 2.573 | Teacher Test Acc: 32.990 | Student Test Loss: 3.716 | Student Test Acc: 19.330 | Teacher Test F1: 0.320 | Student Test F1: 0.176 | Teacher Top 5 Accuracy: 0.679 | Student Top 5 Accuracy: 0.473 | Time: 2.792 | 
Running student landscape probe...
[LR policy] epoch=4 output=residual_log policy_pred=0.582872 predicted_lr=1.500000 cosine_blend=0.000 lr_ema=0.000 cosine_after=0 next_student_lr=0.968149
[Train] Epoch: 5 | Teacher lr=0.9681 | Teacher Loss: 2.300 | Teacher Train Acc: 44.918 | Student lr=0.9681 | Student Train Acc: 51.126 | Time: 134.291 |
[Eval] Epoch: 5 | Teacher Test Loss: 2.174 | Teacher Test Acc: 41.860 | Student Test Loss: 2.475 | Student Test Acc: 35.730 | Teacher Test F1: 0.414 | Student Test F1: 0.356 | Teacher Top 5 Accuracy: 0.753 | Student Top 5 Accuracy: 0.703 | Time: 2.589 | 
Running student landscape probe...
[LR policy] epoch=5 output=residual_log policy_pred=0.764465 predicted_lr=1.500000 cosine_blend=0.000 lr_ema=0.000 cosine_after=0 next_student_lr=0.950534
[Train] Epoch: 6 | Teacher lr=0.9505 | Teacher Loss: 2.165 | Teacher Train Acc: 48.400 | Student lr=0.9505 | Student Train Acc: 53.928 | Time: 135.454 |
[Eval] Epoch: 6 | Teacher Test Loss: 2.281 | Teacher Test Acc: 39.930 | Student Test Loss: 2.606 | Student Test Acc: 36.580 | Teacher Test F1: 0.390 | Student Test F1: 0.356 | Teacher Top 5 Accuracy: 0.727 | Student Top 5 Accuracy: 0.678 | Time: 2.819 | 
Running student landscape probe...
[LR policy] epoch=6 output=residual_log policy_pred=0.938864 predicted_lr=1.500000 cosine_blend=0.000 lr_ema=0.000 cosine_after=0 next_student_lr=1.500000
[Train] Epoch: 7 | Teacher lr=0.9292 | Teacher Loss: 2.082 | Teacher Train Acc: 51.368 | Student lr=1.5000 | Student Train Acc: 51.446 | Time: 137.161 |
[Eval] Epoch: 7 | Teacher Test Loss: 2.150 | Teacher Test Acc: 41.980 | Student Test Loss: 2.434 | Student Test Acc: 37.370 | Teacher Test F1: 0.411 | Student Test F1: 0.371 | Teacher Top 5 Accuracy: 0.751 | Student Top 5 Accuracy: 0.715 | Time: 2.635 | 
Running student landscape probe...
[LR policy] epoch=7 output=residual_log policy_pred=1.111829 predicted_lr=1.500000 cosine_blend=0.000 lr_ema=0.000 cosine_after=0 next_student_lr=1.500000
[Train] Epoch: 8 | Teacher lr=0.9045 | Teacher Loss: 1.992 | Teacher Train Acc: 53.560 | Student lr=1.5000 | Student Train Acc: 52.954 | Time: 135.742 |
[Eval] Epoch: 8 | Teacher Test Loss: 1.924 | Teacher Test Acc: 46.870 | Student Test Loss: 12.756 | Student Test Acc: 2.340 | Teacher Test F1: 0.459 | Student Test F1: 0.003 | Teacher Top 5 Accuracy: 0.794 | Student Top 5 Accuracy: 0.071 | Time: 2.790 | 
Running student landscape probe...
[LR policy] epoch=8 output=residual_log policy_pred=1.236069 predicted_lr=1.500000 cosine_blend=0.000 lr_ema=0.000 cosine_after=0 next_student_lr=1.500000
[Train] Epoch: 9 | Teacher lr=0.8765 | Teacher Loss: 1.925 | Teacher Train Acc: 55.414 | Student lr=1.5000 | Student Train Acc: 53.506 | Time: 136.759 |
[Eval] Epoch: 9 | Teacher Test Loss: 1.766 | Teacher Test Acc: 50.920 | Student Test Loss: 2.670 | Student Test Acc: 34.610 | Teacher Test F1: 0.502 | Student Test F1: 0.326 | Teacher Top 5 Accuracy: 0.822 | Student Top 5 Accuracy: 0.658 | Time: 2.818 | 
Running student landscape probe...
[LR policy] epoch=9 output=residual_log policy_pred=1.318631 predicted_lr=1.500000 cosine_blend=0.000 lr_ema=0.000 cosine_after=0 next_student_lr=1.500000
[Train] Epoch: 10 | Teacher lr=0.8455 | Teacher Loss: 1.866 | Teacher Train Acc: 56.974 | Student lr=1.5000 | Student Train Acc: 53.850 | Time: 134.324 |
[Eval] Epoch: 10 | Teacher Test Loss: 1.848 | Teacher Test Acc: 49.800 | Student Test Loss: 2.330 | Student Test Acc: 39.860 | Teacher Test F1: 0.487 | Student Test F1: 0.395 | Teacher Top 5 Accuracy: 0.805 | Student Top 5 Accuracy: 0.722 | Time: 2.778 | 
Running student landscape probe...
[LR policy] epoch=10 output=residual_log policy_pred=1.416743 predicted_lr=1.500000 cosine_blend=0.000 lr_ema=0.000 cosine_after=0 next_student_lr=1.500000
[Train] Epoch: 11 | Teacher lr=0.8117 | Teacher Loss: 1.806 | Teacher Train Acc: 58.768 | Student lr=1.5000 | Student Train Acc: 54.342 | Time: 136.472 |
[Eval] Epoch: 11 | Teacher Test Loss: 1.714 | Teacher Test Acc: 52.550 | Student Test Loss: 4.401 | Student Test Acc: 23.080 | Teacher Test F1: 0.519 | Student Test F1: 0.222 | Teacher Top 5 Accuracy: 0.824 | Student Top 5 Accuracy: 0.491 | Time: 2.742 | 
Running student landscape probe...
[LR policy] epoch=11 output=residual_log policy_pred=1.558054 predicted_lr=1.500000 cosine_blend=0.000 lr_ema=0.000 cosine_after=0 next_student_lr=1.500000
[Train] Epoch: 12 | Teacher lr=0.7754 | Teacher Loss: 1.762 | Teacher Train Acc: 60.002 | Student lr=1.5000 | Student Train Acc: 54.906 | Time: 135.906 |
[Eval] Epoch: 12 | Teacher Test Loss: 1.609 | Teacher Test Acc: 54.620 | Student Test Loss: 2.465 | Student Test Acc: 39.140 | Teacher Test F1: 0.541 | Student Test F1: 0.388 | Teacher Top 5 Accuracy: 0.844 | Student Top 5 Accuracy: 0.712 | Time: 2.794 | 
Running student landscape probe...
[LR policy] epoch=12 output=residual_log policy_pred=1.571894 predicted_lr=1.500000 cosine_blend=0.000 lr_ema=0.000 cosine_after=0 next_student_lr=1.500000
[Train] Epoch: 13 | Teacher lr=0.7369 | Teacher Loss: 1.702 | Teacher Train Acc: 61.708 | Student lr=1.5000 | Student Train Acc: 55.420 | Time: 133.740 |
[Eval] Epoch: 13 | Teacher Test Loss: 1.599 | Teacher Test Acc: 55.240 | Student Test Loss: 2.609 | Student Test Acc: 33.800 | Teacher Test F1: 0.546 | Student Test F1: 0.331 | Teacher Top 5 Accuracy: 0.847 | Student Top 5 Accuracy: 0.663 | Time: 2.820 | 
Running student landscape probe...
[LR policy] epoch=13 output=residual_log policy_pred=1.580218 predicted_lr=1.500000 cosine_blend=0.000 lr_ema=0.000 cosine_after=0 next_student_lr=1.500000
[Train] Epoch: 14 | Teacher lr=0.6965 | Teacher Loss: 1.665 | Teacher Train Acc: 62.950 | Student lr=1.5000 | Student Train Acc: 55.712 | Time: 136.050 |
[Eval] Epoch: 14 | Teacher Test Loss: 1.576 | Teacher Test Acc: 55.200 | Student Test Loss: 2.821 | Student Test Acc: 32.250 | Teacher Test F1: 0.555 | Student Test F1: 0.314 | Teacher Top 5 Accuracy: 0.854 | Student Top 5 Accuracy: 0.656 | Time: 2.826 | 
Running student landscape probe...
[LR policy] epoch=14 output=residual_log policy_pred=1.589600 predicted_lr=1.500000 cosine_blend=0.000 lr_ema=0.000 cosine_after=0 next_student_lr=1.500000
[Train] Epoch: 15 | Teacher lr=0.6545 | Teacher Loss: 1.627 | Teacher Train Acc: 64.354 | Student lr=1.5000 | Student Train Acc: 55.856 | Time: 136.907 |
[Eval] Epoch: 15 | Teacher Test Loss: 1.628 | Teacher Test Acc: 54.330 | Student Test Loss: 2.664 | Student Test Acc: 35.430 | Teacher Test F1: 0.547 | Student Test F1: 0.340 | Teacher Top 5 Accuracy: 0.840 | Student Top 5 Accuracy: 0.656 | Time: 2.771 | 
Running student landscape probe...
[LR policy] epoch=15 output=residual_log policy_pred=1.592609 predicted_lr=1.500000 cosine_blend=0.000 lr_ema=0.000 cosine_after=0 next_student_lr=1.500000
[Train] Epoch: 16 | Teacher lr=0.6113 | Teacher Loss: 1.592 | Teacher Train Acc: 65.214 | Student lr=1.5000 | Student Train Acc: 55.764 | Time: 134.868 |
[Eval] Epoch: 16 | Teacher Test Loss: 1.461 | Teacher Test Acc: 58.820 | Student Test Loss: 3.535 | Student Test Acc: 24.040 | Teacher Test F1: 0.590 | Student Test F1: 0.248 | Teacher Top 5 Accuracy: 0.869 | Student Top 5 Accuracy: 0.566 | Time: 2.780 | 
Running student landscape probe...
[LR policy] epoch=16 output=residual_log policy_pred=1.589435 predicted_lr=1.500000 cosine_blend=0.000 lr_ema=0.000 cosine_after=0 next_student_lr=1.500000
[Train] Epoch: 17 | Teacher lr=0.5671 | Teacher Loss: 1.556 | Teacher Train Acc: 66.590 | Student lr=1.5000 | Student Train Acc: 55.826 | Time: 135.614 |
[Eval] Epoch: 17 | Teacher Test Loss: 1.453 | Teacher Test Acc: 58.530 | Student Test Loss: 2.758 | Student Test Acc: 33.540 | Teacher Test F1: 0.585 | Student Test F1: 0.334 | Teacher Top 5 Accuracy: 0.873 | Student Top 5 Accuracy: 0.657 | Time: 2.846 | 
Running student landscape probe...
[LR policy] epoch=17 output=residual_log policy_pred=1.584661 predicted_lr=1.421417 cosine_blend=0.000 lr_ema=0.000 cosine_after=0 next_student_lr=1.421417
[Train] Epoch: 18 | Teacher lr=0.5224 | Teacher Loss: 1.510 | Teacher Train Acc: 67.728 | Student lr=1.4214 | Student Train Acc: 56.774 | Time: 137.028 |
[Eval] Epoch: 18 | Teacher Test Loss: 1.373 | Teacher Test Acc: 60.750 | Student Test Loss: 2.603 | Student Test Acc: 38.100 | Teacher Test F1: 0.605 | Student Test F1: 0.386 | Teacher Top 5 Accuracy: 0.880 | Student Top 5 Accuracy: 0.695 | Time: 2.593 | 
Running student landscape probe...
[LR policy] epoch=18 output=residual_log policy_pred=1.592282 predicted_lr=1.299583 cosine_blend=0.000 lr_ema=0.000 cosine_after=0 next_student_lr=1.299583
[Train] Epoch: 19 | Teacher lr=0.4776 | Teacher Loss: 1.464 | Teacher Train Acc: 68.952 | Student lr=1.2996 | Student Train Acc: 57.938 | Time: 136.809 |
[Eval] Epoch: 19 | Teacher Test Loss: 1.327 | Teacher Test Acc: 62.470 | Student Test Loss: 2.448 | Student Test Acc: 38.590 | Teacher Test F1: 0.624 | Student Test F1: 0.372 | Teacher Top 5 Accuracy: 0.887 | Student Top 5 Accuracy: 0.707 | Time: 2.739 | 
Running student landscape probe...
[LR policy] epoch=19 output=residual_log policy_pred=1.615048 predicted_lr=1.178241 cosine_blend=0.000 lr_ema=0.000 cosine_after=0 next_student_lr=1.178241
[shock] epoch=20 forcing student_lr=0.500000 (window=20..21)
[Train] Epoch: 20 | Teacher lr=0.4329 | Teacher Loss: 1.329 | Teacher Train Acc: 69.696 | Student lr=0.5000 | Student Train Acc: 65.294 | Time: 136.853 |
[Eval] Epoch: 20 | Teacher Test Loss: 1.393 | Teacher Test Acc: 60.720 | Student Test Loss: 1.684 | Student Test Acc: 53.490 | Teacher Test F1: 0.607 | Student Test F1: 0.535 | Teacher Top 5 Accuracy: 0.881 | Student Top 5 Accuracy: 0.833 | Time: 2.812 | 
Running student landscape probe...
[LR policy] epoch=20 output=residual_log policy_pred=1.618277 predicted_lr=1.058365 cosine_blend=0.000 lr_ema=0.000 cosine_after=0 next_student_lr=1.058365
[shock] epoch=21 forcing student_lr=0.500000 (window=20..21)
[Train] Epoch: 21 | Teacher lr=0.3887 | Teacher Loss: 1.298 | Teacher Train Acc: 71.504 | Student lr=0.5000 | Student Train Acc: 65.820 | Time: 137.119 |
[Eval] Epoch: 21 | Teacher Test Loss: 1.272 | Teacher Test Acc: 63.910 | Student Test Loss: 1.741 | Student Test Acc: 52.820 | Teacher Test F1: 0.634 | Student Test F1: 0.525 | Teacher Top 5 Accuracy: 0.893 | Student Top 5 Accuracy: 0.833 | Time: 2.749 | 
Running student landscape probe...
[LR policy] epoch=21 output=residual_log policy_pred=1.610467 predicted_lr=0.940922 cosine_blend=0.000 lr_ema=0.000 cosine_after=0 next_student_lr=0.940922
[Train] Epoch: 22 | Teacher lr=0.3455 | Teacher Loss: 1.323 | Teacher Train Acc: 73.118 | Student lr=0.9409 | Student Train Acc: 60.282 | Time: 136.901 |
[Eval] Epoch: 22 | Teacher Test Loss: 1.207 | Teacher Test Acc: 65.190 | Student Test Loss: 2.041 | Student Test Acc: 47.060 | Teacher Test F1: 0.652 | Student Test F1: 0.463 | Teacher Top 5 Accuracy: 0.903 | Student Top 5 Accuracy: 0.776 | Time: 2.597 | 
Running student landscape probe...
[LR policy] epoch=22 output=residual_log policy_pred=1.613988 predicted_lr=0.826858 cosine_blend=0.000 lr_ema=0.000 cosine_after=0 next_student_lr=0.826858
[Train] Epoch: 23 | Teacher lr=0.3035 | Teacher Loss: 1.245 | Teacher Train Acc: 74.834 | Student lr=0.8269 | Student Train Acc: 62.494 | Time: 136.879 |
[Eval] Epoch: 23 | Teacher Test Loss: 1.214 | Teacher Test Acc: 65.200 | Student Test Loss: 2.197 | Student Test Acc: 44.030 | Teacher Test F1: 0.650 | Student Test F1: 0.428 | Teacher Top 5 Accuracy: 0.902 | Student Top 5 Accuracy: 0.753 | Time: 2.765 | 
Running student landscape probe...
[LR policy] epoch=23 output=residual_log policy_pred=1.612670 predicted_lr=0.717090 cosine_blend=0.000 lr_ema=0.000 cosine_after=0 next_student_lr=0.717090
[Train] Epoch: 24 | Teacher lr=0.2631 | Teacher Loss: 1.187 | Teacher Train Acc: 76.382 | Student lr=0.7171 | Student Train Acc: 63.614 | Time: 134.353 |
[Eval] Epoch: 24 | Teacher Test Loss: 1.137 | Teacher Test Acc: 67.420 | Student Test Loss: 2.072 | Student Test Acc: 47.550 | Teacher Test F1: 0.673 | Student Test F1: 0.475 | Teacher Top 5 Accuracy: 0.912 | Student Top 5 Accuracy: 0.774 | Time: 2.713 | 
Running student landscape probe...
[LR policy] epoch=24 output=residual_log policy_pred=1.621054 predicted_lr=0.612502 cosine_blend=0.000 lr_ema=0.000 cosine_after=0 next_student_lr=0.612502
[Train] Epoch: 25 | Teacher lr=0.2246 | Teacher Loss: 1.133 | Teacher Train Acc: 77.644 | Student lr=0.6125 | Student Train Acc: 65.064 | Time: 137.328 |
[Eval] Epoch: 25 | Teacher Test Loss: 1.103 | Teacher Test Acc: 68.070 | Student Test Loss: 1.977 | Student Test Acc: 48.460 | Teacher Test F1: 0.678 | Student Test F1: 0.487 | Teacher Top 5 Accuracy: 0.916 | Student Top 5 Accuracy: 0.791 | Time: 2.812 | 
Running student landscape probe...
[LR policy] epoch=25 output=residual_log policy_pred=1.628839 predicted_lr=0.513937 cosine_blend=0.000 lr_ema=0.000 cosine_after=0 next_student_lr=0.513937
[Train] Epoch: 26 | Teacher lr=0.1883 | Teacher Loss: 1.067 | Teacher Train Acc: 79.526 | Student lr=0.5139 | Student Train Acc: 66.432 | Time: 137.097 |
[Eval] Epoch: 26 | Teacher Test Loss: 1.057 | Teacher Test Acc: 69.330 | Student Test Loss: 1.758 | Student Test Acc: 52.780 | Teacher Test F1: 0.691 | Student Test F1: 0.523 | Teacher Top 5 Accuracy: 0.921 | Student Top 5 Accuracy: 0.826 | Time: 2.819 | 
Running student landscape probe...
[LR policy] epoch=26 output=residual_log policy_pred=1.601081 predicted_lr=0.422188 cosine_blend=0.000 lr_ema=0.000 cosine_after=0 next_student_lr=0.422188
[Train] Epoch: 27 | Teacher lr=0.1545 | Teacher Loss: 0.999 | Teacher Train Acc: 81.410 | Student lr=0.4222 | Student Train Acc: 68.062 | Time: 136.839 |
[Eval] Epoch: 27 | Teacher Test Loss: 1.032 | Teacher Test Acc: 70.510 | Student Test Loss: 1.632 | Student Test Acc: 55.840 | Teacher Test F1: 0.707 | Student Test F1: 0.566 | Teacher Top 5 Accuracy: 0.924 | Student Top 5 Accuracy: 0.842 | Time: 2.651 | 
Running student landscape probe...
[LR policy] epoch=27 output=residual_log policy_pred=1.603416 predicted_lr=0.337993 cosine_blend=0.000 lr_ema=0.000 cosine_after=0 next_student_lr=0.337993
[Train] Epoch: 28 | Teacher lr=0.1235 | Teacher Loss: 0.936 | Teacher Train Acc: 83.344 | Student lr=0.3380 | Student Train Acc: 69.680 | Time: 137.249 |
[Eval] Epoch: 28 | Teacher Test Loss: 0.968 | Teacher Test Acc: 71.720 | Student Test Loss: 1.706 | Student Test Acc: 54.640 | Teacher Test F1: 0.717 | Student Test F1: 0.546 | Teacher Top 5 Accuracy: 0.931 | Student Top 5 Accuracy: 0.827 | Time: 2.776 | 
Running student landscape probe...
[LR policy] epoch=28 output=residual_log policy_pred=1.579076 predicted_lr=0.262032 cosine_blend=0.000 lr_ema=0.000 cosine_after=0 next_student_lr=0.262032
[Train] Epoch: 29 | Teacher lr=0.0955 | Teacher Loss: 0.863 | Teacher Train Acc: 85.236 | Student lr=0.2620 | Student Train Acc: 71.436 | Time: 137.775 |
[Eval] Epoch: 29 | Teacher Test Loss: 0.952 | Teacher Test Acc: 72.340 | Student Test Loss: 1.591 | Student Test Acc: 57.930 | Teacher Test F1: 0.724 | Student Test F1: 0.582 | Teacher Top 5 Accuracy: 0.935 | Student Top 5 Accuracy: 0.849 | Time: 2.823 | 
Running student landscape probe...
[LR policy] epoch=29 output=residual_log policy_pred=1.554737 predicted_lr=0.194914 cosine_blend=0.000 lr_ema=0.000 cosine_after=0 next_student_lr=0.194914
[Train] Epoch: 30 | Teacher lr=0.0708 | Teacher Loss: 0.795 | Teacher Train Acc: 86.980 | Student lr=0.1949 | Student Train Acc: 73.698 | Time: 134.345 |
[Eval] Epoch: 30 | Teacher Test Loss: 0.923 | Teacher Test Acc: 73.100 | Student Test Loss: 1.403 | Student Test Acc: 61.180 | Teacher Test F1: 0.731 | Student Test F1: 0.611 | Teacher Top 5 Accuracy: 0.935 | Student Top 5 Accuracy: 0.879 | Time: 2.828 | 
Running student landscape probe...
[LR policy] epoch=30 output=residual_log policy_pred=1.548431 predicted_lr=0.137181 cosine_blend=0.000 lr_ema=0.000 cosine_after=0 next_student_lr=0.137181
[Train] Epoch: 31 | Teacher lr=0.0495 | Teacher Loss: 0.726 | Teacher Train Acc: 88.608 | Student lr=0.1372 | Student Train Acc: 76.118 | Time: 137.368 |
[Eval] Epoch: 31 | Teacher Test Loss: 0.909 | Teacher Test Acc: 73.790 | Student Test Loss: 1.412 | Student Test Acc: 61.490 | Teacher Test F1: 0.738 | Student Test F1: 0.614 | Teacher Top 5 Accuracy: 0.938 | Student Top 5 Accuracy: 0.879 | Time: 2.673 | 
Running student landscape probe...
[LR policy] epoch=31 output=residual_log policy_pred=1.560112 predicted_lr=0.089297 cosine_blend=0.000 lr_ema=0.000 cosine_after=0 next_student_lr=0.089297
[Train] Epoch: 32 | Teacher lr=0.0319 | Teacher Loss: 0.662 | Teacher Train Acc: 89.990 | Student lr=0.0893 | Student Train Acc: 78.432 | Time: 135.910 |
[Eval] Epoch: 32 | Teacher Test Loss: 0.888 | Teacher Test Acc: 74.150 | Student Test Loss: 1.274 | Student Test Acc: 64.690 | Teacher Test F1: 0.742 | Student Test F1: 0.647 | Teacher Top 5 Accuracy: 0.939 | Student Top 5 Accuracy: 0.897 | Time: 2.831 | 
Running student landscape probe...
[LR policy] epoch=32 output=residual_log policy_pred=1.529266 predicted_lr=0.051649 cosine_blend=0.000 lr_ema=0.000 cosine_after=0 next_student_lr=0.051649
[Train] Epoch: 33 | Teacher lr=0.0180 | Teacher Loss: 0.606 | Teacher Train Acc: 91.142 | Student lr=0.0516 | Student Train Acc: 80.696 | Time: 135.283 |
[Eval] Epoch: 33 | Teacher Test Loss: 0.877 | Teacher Test Acc: 74.360 | Student Test Loss: 1.213 | Student Test Acc: 66.630 | Teacher Test F1: 0.743 | Student Test F1: 0.667 | Teacher Top 5 Accuracy: 0.941 | Student Top 5 Accuracy: 0.907 | Time: 2.736 | 
Running student landscape probe...
[LR policy] epoch=33 output=residual_log policy_pred=1.528627 predicted_lr=0.024538 cosine_blend=0.000 lr_ema=0.000 cosine_after=0 next_student_lr=0.024538
[Train] Epoch: 34 | Teacher lr=0.0080 | Teacher Loss: 0.559 | Teacher Train Acc: 91.960 | Student lr=0.0245 | Student Train Acc: 83.032 | Time: 136.749 |
[Eval] Epoch: 34 | Teacher Test Loss: 0.871 | Teacher Test Acc: 74.690 | Student Test Loss: 1.132 | Student Test Acc: 68.320 | Teacher Test F1: 0.747 | Student Test F1: 0.683 | Teacher Top 5 Accuracy: 0.941 | Student Top 5 Accuracy: 0.915 | Time: 2.803 | 
Running student landscape probe...
[LR policy] epoch=34 output=residual_log policy_pred=1.508044 predicted_lr=0.008184 cosine_blend=0.000 lr_ema=0.000 cosine_after=0 next_student_lr=0.008184
[Train] Epoch: 35 | Teacher lr=0.0020 | Teacher Loss: 0.532 | Teacher Train Acc: 92.482 | Student lr=0.0082 | Student Train Acc: 84.194 | Time: 132.691 |
[Eval] Epoch: 35 | Teacher Test Loss: 0.867 | Teacher Test Acc: 74.880 | Student Test Loss: 1.099 | Student Test Acc: 69.200 | Teacher Test F1: 0.749 | Student Test F1: 0.692 | Teacher Top 5 Accuracy: 0.941 | Student Top 5 Accuracy: 0.918 | Time: 0.961 | 
Running student landscape probe...
[LR policy] epoch=35 output=residual_log policy_pred=1.508372 predicted_lr=0.002718 cosine_blend=0.000 lr_ema=0.000 cosine_after=0 next_student_lr=0.002718
ckpt location: ckpt/robust12h_stars/residgru_shock05_seed4_35ep.pt
