/home/jovyan/.mlspace/envs/egy_llm/lib/python3.11/site-packages/torchvision/datasets/cifar.py:83: VisibleDeprecationWarning: dtype(): align should be passed as Python or NumPy boolean but got `align=0`. Did you mean to pass a tuple to create a subarray type? (Deprecated NumPy 2.4)
  entry = pickle.load(f, encoding="latin1")
depth_list: [110, 20]
[LR policy] output=residual_log train_windows=1020 test_windows=170 test_mse=0.555223 test_mae=0.583531
Dataset information: cifar100	 50000 images for training 	 10000 images for testing	
teacher depth: 110
student depth: 20
Total number of teacher parameters: 1,169,972
Total number of student parameters: 278,132
Snapshots will be saved to: snapshots/robust12h_stars/residgru_shock10_seed1_35ep
==== train and evaluate unequal restart ====
[Eval] Epoch: 0 | Teacher Test Loss: 12407.062 | Teacher Test Acc: 0.990 | Student Test Loss: 7.984 | Student Test Acc: 1.020 | Teacher Test F1: 0.000 | Student Test F1: 0.000 | Teacher Top 5 Accuracy: 0.050 | Student Top 5 Accuracy: 0.046 | Time: 2.792 | 
Running student landscape probe...
[Train] Epoch: 1 | Teacher lr=1.0000 | Teacher Loss: 4.005 | Teacher Train Acc: 10.216 | Student lr=0.0100 | Student Train Acc: 7.016 | Time: 136.725 |
[Eval] Epoch: 1 | Teacher Test Loss: 3.597 | Teacher Test Acc: 14.250 | Student Test Loss: 3.827 | Student Test Acc: 10.710 | Teacher Test F1: 0.117 | Student Test F1: 0.070 | Teacher Top 5 Accuracy: 0.395 | Student Top 5 Accuracy: 0.311 | Time: 2.709 | 
Running student landscape probe...
[LR policy] epoch=1 output=residual_log policy_pred=-0.420974 predicted_lr=0.655087 cosine_blend=0.000 lr_ema=0.000 cosine_after=0 next_student_lr=0.997989
[Train] Epoch: 2 | Teacher lr=0.9980 | Teacher Loss: 3.354 | Teacher Train Acc: 21.906 | Student lr=0.9980 | Student Train Acc: 21.118 | Time: 137.003 |
[Eval] Epoch: 2 | Teacher Test Loss: 2.980 | Teacher Test Acc: 24.750 | Student Test Loss: 3.090 | Student Test Acc: 23.720 | Teacher Test F1: 0.226 | Student Test F1: 0.223 | Teacher Top 5 Accuracy: 0.560 | Student Top 5 Accuracy: 0.546 | Time: 2.775 | 
Running student landscape probe...
[LR policy] epoch=2 output=residual_log policy_pred=-0.693894 predicted_lr=0.495616 cosine_blend=0.000 lr_ema=0.000 cosine_after=0 next_student_lr=0.991973
[Train] Epoch: 3 | Teacher lr=0.9920 | Teacher Loss: 2.839 | Teacher Train Acc: 32.370 | Student lr=0.9920 | Student Train Acc: 40.504 | Time: 136.549 |
[Eval] Epoch: 3 | Teacher Test Loss: 2.912 | Teacher Test Acc: 28.150 | Student Test Loss: 2.985 | Student Test Acc: 26.720 | Teacher Test F1: 0.270 | Student Test F1: 0.259 | Teacher Top 5 Accuracy: 0.617 | Student Top 5 Accuracy: 0.568 | Time: 2.734 | 
Running student landscape probe...
[LR policy] epoch=3 output=residual_log policy_pred=-0.928397 predicted_lr=0.388073 cosine_blend=0.000 lr_ema=0.000 cosine_after=0 next_student_lr=0.981999
[Train] Epoch: 4 | Teacher lr=0.9820 | Teacher Loss: 2.467 | Teacher Train Acc: 40.962 | Student lr=0.9820 | Student Train Acc: 47.988 | Time: 135.473 |
[Eval] Epoch: 4 | Teacher Test Loss: 2.389 | Teacher Test Acc: 37.480 | Student Test Loss: 2.793 | Student Test Acc: 32.890 | Teacher Test F1: 0.362 | Student Test F1: 0.307 | Teacher Top 5 Accuracy: 0.701 | Student Top 5 Accuracy: 0.627 | Time: 2.598 | 
Running student landscape probe...
[LR policy] epoch=4 output=residual_log policy_pred=-1.117518 predicted_lr=0.356162 cosine_blend=0.000 lr_ema=0.000 cosine_after=0 next_student_lr=0.968149
[Train] Epoch: 5 | Teacher lr=0.9681 | Teacher Loss: 2.259 | Teacher Train Acc: 45.934 | Student lr=0.9681 | Student Train Acc: 51.678 | Time: 136.723 |
[Eval] Epoch: 5 | Teacher Test Loss: 2.296 | Teacher Test Acc: 39.810 | Student Test Loss: 4.640 | Student Test Acc: 14.310 | Teacher Test F1: 0.387 | Student Test F1: 0.129 | Teacher Top 5 Accuracy: 0.730 | Student Top 5 Accuracy: 0.368 | Time: 2.757 | 
Running student landscape probe...
[LR policy] epoch=5 output=residual_log policy_pred=-1.212659 predicted_lr=0.349682 cosine_blend=0.000 lr_ema=0.000 cosine_after=0 next_student_lr=0.950534
[Train] Epoch: 6 | Teacher lr=0.9505 | Teacher Loss: 2.223 | Teacher Train Acc: 47.426 | Student lr=0.9505 | Student Train Acc: 53.726 | Time: 136.324 |
[Eval] Epoch: 6 | Teacher Test Loss: 2.938 | Teacher Test Acc: 29.280 | Student Test Loss: 2.683 | Student Test Acc: 32.800 | Teacher Test F1: 0.279 | Student Test F1: 0.330 | Teacher Top 5 Accuracy: 0.605 | Student Top 5 Accuracy: 0.645 | Time: 2.810 | 
Running student landscape probe...
[LR policy] epoch=6 output=residual_log policy_pred=-1.273164 predicted_lr=0.341869 cosine_blend=0.000 lr_ema=0.000 cosine_after=0 next_student_lr=0.341869
[Train] Epoch: 7 | Teacher lr=0.9292 | Teacher Loss: 2.032 | Teacher Train Acc: 50.576 | Student lr=0.3419 | Student Train Acc: 61.140 | Time: 137.448 |
[Eval] Epoch: 7 | Teacher Test Loss: 2.025 | Teacher Test Acc: 44.380 | Student Test Loss: 1.773 | Student Test Acc: 51.630 | Teacher Test F1: 0.428 | Student Test F1: 0.511 | Teacher Top 5 Accuracy: 0.787 | Student Top 5 Accuracy: 0.821 | Time: 2.618 | 
Running student landscape probe...
[LR policy] epoch=7 output=residual_log policy_pred=-1.329205 predicted_lr=0.332785 cosine_blend=0.000 lr_ema=0.000 cosine_after=0 next_student_lr=0.332785
[Train] Epoch: 8 | Teacher lr=0.9045 | Teacher Loss: 1.905 | Teacher Train Acc: 53.954 | Student lr=0.3328 | Student Train Acc: 62.684 | Time: 134.365 |
[Eval] Epoch: 8 | Teacher Test Loss: 2.042 | Teacher Test Acc: 47.480 | Student Test Loss: 1.751 | Student Test Acc: 52.010 | Teacher Test F1: 0.470 | Student Test F1: 0.516 | Teacher Top 5 Accuracy: 0.784 | Student Top 5 Accuracy: 0.819 | Time: 2.848 | 
Running student landscape probe...
[LR policy] epoch=8 output=residual_log policy_pred=-1.365201 predicted_lr=0.322505 cosine_blend=0.000 lr_ema=0.000 cosine_after=0 next_student_lr=0.322505
[Train] Epoch: 9 | Teacher lr=0.8765 | Teacher Loss: 1.827 | Teacher Train Acc: 56.148 | Student lr=0.3225 | Student Train Acc: 63.872 | Time: 137.988 |
[Eval] Epoch: 9 | Teacher Test Loss: 1.952 | Teacher Test Acc: 46.770 | Student Test Loss: 1.964 | Student Test Acc: 47.710 | Teacher Test F1: 0.463 | Student Test F1: 0.479 | Teacher Top 5 Accuracy: 0.795 | Student Top 5 Accuracy: 0.779 | Time: 2.846 | 
Running student landscape probe...
[LR policy] epoch=9 output=residual_log policy_pred=-1.382771 predicted_lr=0.311110 cosine_blend=0.000 lr_ema=0.000 cosine_after=0 next_student_lr=0.311110
[Train] Epoch: 10 | Teacher lr=0.8455 | Teacher Loss: 1.761 | Teacher Train Acc: 58.212 | Student lr=0.3111 | Student Train Acc: 64.646 | Time: 135.975 |
[Eval] Epoch: 10 | Teacher Test Loss: 1.831 | Teacher Test Acc: 49.140 | Student Test Loss: 1.612 | Student Test Acc: 54.880 | Teacher Test F1: 0.484 | Student Test F1: 0.547 | Teacher Top 5 Accuracy: 0.813 | Student Top 5 Accuracy: 0.839 | Time: 2.672 | 
Running student landscape probe...
[LR policy] epoch=10 output=residual_log policy_pred=-1.333513 predicted_lr=0.298694 cosine_blend=0.000 lr_ema=0.000 cosine_after=0 next_student_lr=0.298694
[Train] Epoch: 11 | Teacher lr=0.8117 | Teacher Loss: 1.697 | Teacher Train Acc: 59.676 | Student lr=0.2987 | Student Train Acc: 65.296 | Time: 135.557 |
[Eval] Epoch: 11 | Teacher Test Loss: 2.173 | Teacher Test Acc: 44.330 | Student Test Loss: 1.789 | Student Test Acc: 50.730 | Teacher Test F1: 0.445 | Student Test F1: 0.510 | Teacher Top 5 Accuracy: 0.778 | Student Top 5 Accuracy: 0.821 | Time: 2.674 | 
Running student landscape probe...
[LR policy] epoch=11 output=residual_log policy_pred=-1.221969 predicted_lr=0.285354 cosine_blend=0.000 lr_ema=0.000 cosine_after=0 next_student_lr=0.285354
[Train] Epoch: 12 | Teacher lr=0.7754 | Teacher Loss: 1.648 | Teacher Train Acc: 60.956 | Student lr=0.2854 | Student Train Acc: 66.456 | Time: 136.346 |
[Eval] Epoch: 12 | Teacher Test Loss: 1.643 | Teacher Test Acc: 54.210 | Student Test Loss: 1.778 | Student Test Acc: 52.140 | Teacher Test F1: 0.535 | Student Test F1: 0.523 | Teacher Top 5 Accuracy: 0.847 | Student Top 5 Accuracy: 0.821 | Time: 2.755 | 
Running student landscape probe...
[LR policy] epoch=12 output=residual_log policy_pred=-1.219058 predicted_lr=0.271200 cosine_blend=0.000 lr_ema=0.000 cosine_after=0 next_student_lr=0.271200
[Train] Epoch: 13 | Teacher lr=0.7369 | Teacher Loss: 1.605 | Teacher Train Acc: 62.270 | Student lr=0.2712 | Student Train Acc: 67.276 | Time: 134.501 |
[Eval] Epoch: 13 | Teacher Test Loss: 1.598 | Teacher Test Acc: 55.260 | Student Test Loss: 1.499 | Student Test Acc: 58.140 | Teacher Test F1: 0.549 | Student Test F1: 0.577 | Teacher Top 5 Accuracy: 0.852 | Student Top 5 Accuracy: 0.858 | Time: 2.772 | 
Running student landscape probe...
[LR policy] epoch=13 output=residual_log policy_pred=-1.213980 predicted_lr=0.256344 cosine_blend=0.000 lr_ema=0.000 cosine_after=0 next_student_lr=0.256344
[Train] Epoch: 14 | Teacher lr=0.6965 | Teacher Loss: 1.553 | Teacher Train Acc: 63.616 | Student lr=0.2563 | Student Train Acc: 67.908 | Time: 133.311 |
[Eval] Epoch: 14 | Teacher Test Loss: 1.524 | Teacher Test Acc: 57.480 | Student Test Loss: 1.563 | Student Test Acc: 56.390 | Teacher Test F1: 0.572 | Student Test F1: 0.561 | Teacher Top 5 Accuracy: 0.854 | Student Top 5 Accuracy: 0.849 | Time: 2.700 | 
Running student landscape probe...
[LR policy] epoch=14 output=residual_log policy_pred=-1.220101 predicted_lr=0.240907 cosine_blend=0.000 lr_ema=0.000 cosine_after=0 next_student_lr=0.240907
[Train] Epoch: 15 | Teacher lr=0.6545 | Teacher Loss: 1.501 | Teacher Train Acc: 64.944 | Student lr=0.2409 | Student Train Acc: 69.204 | Time: 135.968 |
[Eval] Epoch: 15 | Teacher Test Loss: 1.612 | Teacher Test Acc: 55.160 | Student Test Loss: 1.592 | Student Test Acc: 55.830 | Teacher Test F1: 0.549 | Student Test F1: 0.561 | Teacher Top 5 Accuracy: 0.846 | Student Top 5 Accuracy: 0.851 | Time: 2.601 | 
Running student landscape probe...
[LR policy] epoch=15 output=residual_log policy_pred=-1.159736 predicted_lr=0.225013 cosine_blend=0.000 lr_ema=0.000 cosine_after=0 next_student_lr=0.225013
[Train] Epoch: 16 | Teacher lr=0.6113 | Teacher Loss: 1.457 | Teacher Train Acc: 65.944 | Student lr=0.2250 | Student Train Acc: 70.078 | Time: 135.498 |
[Eval] Epoch: 16 | Teacher Test Loss: 1.408 | Teacher Test Acc: 59.730 | Student Test Loss: 1.522 | Student Test Acc: 57.860 | Teacher Test F1: 0.596 | Student Test F1: 0.579 | Teacher Top 5 Accuracy: 0.874 | Student Top 5 Accuracy: 0.856 | Time: 2.793 | 
Running student landscape probe...
[LR policy] epoch=16 output=residual_log policy_pred=-1.154011 predicted_lr=0.208790 cosine_blend=0.000 lr_ema=0.000 cosine_after=0 next_student_lr=0.208790
[Train] Epoch: 17 | Teacher lr=0.5671 | Teacher Loss: 1.411 | Teacher Train Acc: 67.372 | Student lr=0.2088 | Student Train Acc: 70.698 | Time: 136.604 |
[Eval] Epoch: 17 | Teacher Test Loss: 1.581 | Teacher Test Acc: 56.100 | Student Test Loss: 1.554 | Student Test Acc: 56.910 | Teacher Test F1: 0.555 | Student Test F1: 0.570 | Teacher Top 5 Accuracy: 0.848 | Student Top 5 Accuracy: 0.854 | Time: 2.449 | 
Running student landscape probe...
[LR policy] epoch=17 output=residual_log policy_pred=-1.148225 predicted_lr=0.192368 cosine_blend=0.000 lr_ema=0.000 cosine_after=0 next_student_lr=0.192368
[Train] Epoch: 18 | Teacher lr=0.5224 | Teacher Loss: 1.369 | Teacher Train Acc: 68.528 | Student lr=0.1924 | Student Train Acc: 71.306 | Time: 137.006 |
[Eval] Epoch: 18 | Teacher Test Loss: 1.369 | Teacher Test Acc: 60.970 | Student Test Loss: 1.552 | Student Test Acc: 57.330 | Teacher Test F1: 0.609 | Student Test F1: 0.572 | Teacher Top 5 Accuracy: 0.883 | Student Top 5 Accuracy: 0.850 | Time: 2.829 | 
Running student landscape probe...
[LR policy] epoch=18 output=residual_log policy_pred=-1.128479 predicted_lr=0.175879 cosine_blend=0.000 lr_ema=0.000 cosine_after=0 next_student_lr=0.175879
[Train] Epoch: 19 | Teacher lr=0.4776 | Teacher Loss: 1.317 | Teacher Train Acc: 69.788 | Student lr=0.1759 | Student Train Acc: 72.358 | Time: 137.499 |
[Eval] Epoch: 19 | Teacher Test Loss: 1.412 | Teacher Test Acc: 59.980 | Student Test Loss: 1.441 | Student Test Acc: 59.570 | Teacher Test F1: 0.597 | Student Test F1: 0.598 | Teacher Top 5 Accuracy: 0.876 | Student Top 5 Accuracy: 0.869 | Time: 2.648 | 
Running student landscape probe...
[LR policy] epoch=19 output=residual_log policy_pred=-1.082630 predicted_lr=0.159458 cosine_blend=0.000 lr_ema=0.000 cosine_after=0 next_student_lr=0.159458
[shock] epoch=20 forcing student_lr=1.000000 (window=20..21)
[Train] Epoch: 20 | Teacher lr=0.4329 | Teacher Loss: 2.069 | Teacher Train Acc: 71.026 | Student lr=1.0000 | Student Train Acc: 3.982 | Time: 137.225 |
[Eval] Epoch: 20 | Teacher Test Loss: 1.444 | Teacher Test Acc: 65.570 | Student Test Loss: 4.168 | Student Test Acc: 4.670 | Teacher Test F1: 0.652 | Student Test F1: 0.015 | Teacher Top 5 Accuracy: 0.895 | Student Top 5 Accuracy: 0.193 | Time: 2.589 | 
Running student landscape probe...
[LR policy] epoch=20 output=residual_log policy_pred=-1.048569 predicted_lr=0.143234 cosine_blend=0.000 lr_ema=0.000 cosine_after=0 next_student_lr=0.143234
[shock] epoch=21 forcing student_lr=1.000000 (window=20..21)
[Train] Epoch: 21 | Teacher lr=0.3887 | Teacher Loss: 1.867 | Teacher Train Acc: 72.844 | Student lr=1.0000 | Student Train Acc: 8.396 | Time: 135.903 |
[Eval] Epoch: 21 | Teacher Test Loss: 1.463 | Teacher Test Acc: 64.000 | Student Test Loss: 5.486 | Student Test Acc: 4.980 | Teacher Test F1: 0.636 | Student Test F1: 0.026 | Teacher Top 5 Accuracy: 0.888 | Student Top 5 Accuracy: 0.186 | Time: 2.548 | 
Running student landscape probe...
[LR policy] epoch=21 output=residual_log policy_pred=-1.047745 predicted_lr=0.127340 cosine_blend=0.000 lr_ema=0.000 cosine_after=0 next_student_lr=0.127340
[Train] Epoch: 22 | Teacher lr=0.3455 | Teacher Loss: 1.745 | Teacher Train Acc: 73.332 | Student lr=0.1273 | Student Train Acc: 17.836 | Time: 136.459 |
[Eval] Epoch: 22 | Teacher Test Loss: 1.440 | Teacher Test Acc: 63.860 | Student Test Loss: 3.563 | Student Test Acc: 15.050 | Teacher Test F1: 0.637 | Student Test F1: 0.118 | Teacher Top 5 Accuracy: 0.887 | Student Top 5 Accuracy: 0.409 | Time: 2.814 | 
Running student landscape probe...
[LR policy] epoch=22 output=residual_log policy_pred=-1.026909 predicted_lr=0.111903 cosine_blend=0.000 lr_ema=0.000 cosine_after=0 next_student_lr=0.111903
[Train] Epoch: 23 | Teacher lr=0.3035 | Teacher Loss: 1.661 | Teacher Train Acc: 74.872 | Student lr=0.1119 | Student Train Acc: 22.166 | Time: 136.515 |
[Eval] Epoch: 23 | Teacher Test Loss: 1.332 | Teacher Test Acc: 65.800 | Student Test Loss: 3.276 | Student Test Acc: 19.090 | Teacher Test F1: 0.660 | Student Test F1: 0.157 | Teacher Top 5 Accuracy: 0.894 | Student Top 5 Accuracy: 0.487 | Time: 2.812 | 
Running student landscape probe...
[LR policy] epoch=23 output=residual_log policy_pred=-1.070128 predicted_lr=0.097048 cosine_blend=0.000 lr_ema=0.000 cosine_after=0 next_student_lr=0.097048
[Train] Epoch: 24 | Teacher lr=0.2631 | Teacher Loss: 1.587 | Teacher Train Acc: 76.312 | Student lr=0.0970 | Student Train Acc: 26.268 | Time: 135.207 |
[Eval] Epoch: 24 | Teacher Test Loss: 1.324 | Teacher Test Acc: 66.380 | Student Test Loss: 3.118 | Student Test Acc: 22.570 | Teacher Test F1: 0.661 | Student Test F1: 0.193 | Teacher Top 5 Accuracy: 0.899 | Student Top 5 Accuracy: 0.537 | Time: 2.650 | 
Running student landscape probe...
[LR policy] epoch=24 output=residual_log policy_pred=-1.032471 predicted_lr=0.082893 cosine_blend=0.000 lr_ema=0.000 cosine_after=0 next_student_lr=0.082893
[Train] Epoch: 25 | Teacher lr=0.2246 | Teacher Loss: 1.499 | Teacher Train Acc: 77.596 | Student lr=0.0829 | Student Train Acc: 30.918 | Time: 135.613 |
[Eval] Epoch: 25 | Teacher Test Loss: 1.259 | Teacher Test Acc: 66.450 | Student Test Loss: 2.937 | Student Test Acc: 26.410 | Teacher Test F1: 0.663 | Student Test F1: 0.249 | Teacher Top 5 Accuracy: 0.904 | Student Top 5 Accuracy: 0.587 | Time: 2.827 | 
Running student landscape probe...
[LR policy] epoch=25 output=residual_log policy_pred=-1.020381 predicted_lr=0.069554 cosine_blend=0.000 lr_ema=0.000 cosine_after=0 next_student_lr=0.069554
[Train] Epoch: 26 | Teacher lr=0.1883 | Teacher Loss: 1.419 | Teacher Train Acc: 79.296 | Student lr=0.0696 | Student Train Acc: 35.430 | Time: 135.864 |
[Eval] Epoch: 26 | Teacher Test Loss: 1.207 | Teacher Test Acc: 68.350 | Student Test Loss: 3.193 | Student Test Acc: 24.250 | Teacher Test F1: 0.683 | Student Test F1: 0.222 | Teacher Top 5 Accuracy: 0.912 | Student Top 5 Accuracy: 0.526 | Time: 2.839 | 
Running student landscape probe...
[LR policy] epoch=26 output=residual_log policy_pred=-0.964741 predicted_lr=0.059187 cosine_blend=0.000 lr_ema=0.000 cosine_after=0 next_student_lr=0.059187
[Train] Epoch: 27 | Teacher lr=0.1545 | Teacher Loss: 1.344 | Teacher Train Acc: 81.022 | Student lr=0.0592 | Student Train Acc: 38.790 | Time: 134.165 |
[Eval] Epoch: 27 | Teacher Test Loss: 1.129 | Teacher Test Acc: 69.600 | Student Test Loss: 2.525 | Student Test Acc: 33.420 | Teacher Test F1: 0.694 | Student Test F1: 0.319 | Teacher Top 5 Accuracy: 0.919 | Student Top 5 Accuracy: 0.669 | Time: 2.657 | 
Running student landscape probe...
[LR policy] epoch=27 output=residual_log policy_pred=-0.870508 predicted_lr=0.052066 cosine_blend=0.000 lr_ema=0.000 cosine_after=0 next_student_lr=0.052066
[Train] Epoch: 28 | Teacher lr=0.1235 | Teacher Loss: 1.276 | Teacher Train Acc: 82.924 | Student lr=0.0521 | Student Train Acc: 41.838 | Time: 135.033 |
[Eval] Epoch: 28 | Teacher Test Loss: 1.096 | Teacher Test Acc: 70.630 | Student Test Loss: 2.418 | Student Test Acc: 36.030 | Teacher Test F1: 0.707 | Student Test F1: 0.341 | Teacher Top 5 Accuracy: 0.920 | Student Top 5 Accuracy: 0.692 | Time: 2.721 | 
Running student landscape probe...
[LR policy] epoch=28 output=residual_log policy_pred=-0.737465 predicted_lr=0.046109 cosine_blend=0.000 lr_ema=0.000 cosine_after=0 next_student_lr=0.046109
[Train] Epoch: 29 | Teacher lr=0.0955 | Teacher Loss: 1.207 | Teacher Train Acc: 84.730 | Student lr=0.0461 | Student Train Acc: 44.244 | Time: 137.651 |
[Eval] Epoch: 29 | Teacher Test Loss: 1.067 | Teacher Test Acc: 71.420 | Student Test Loss: 2.327 | Student Test Acc: 38.510 | Teacher Test F1: 0.714 | Student Test F1: 0.372 | Teacher Top 5 Accuracy: 0.923 | Student Top 5 Accuracy: 0.710 | Time: 2.798 | 
Running student landscape probe...
[LR policy] epoch=29 output=residual_log policy_pred=-0.756780 predicted_lr=0.033642 cosine_blend=0.000 lr_ema=0.000 cosine_after=0 next_student_lr=0.033642
[Train] Epoch: 30 | Teacher lr=0.0708 | Teacher Loss: 1.133 | Teacher Train Acc: 86.328 | Student lr=0.0336 | Student Train Acc: 47.808 | Time: 136.974 |
[Eval] Epoch: 30 | Teacher Test Loss: 1.038 | Teacher Test Acc: 71.390 | Student Test Loss: 2.235 | Student Test Acc: 41.350 | Teacher Test F1: 0.714 | Student Test F1: 0.404 | Teacher Top 5 Accuracy: 0.925 | Student Top 5 Accuracy: 0.734 | Time: 2.592 | 
Running student landscape probe...
[LR policy] epoch=30 output=residual_log policy_pred=-0.528607 predicted_lr=0.029746 cosine_blend=0.000 lr_ema=0.000 cosine_after=0 next_student_lr=0.029746
[Train] Epoch: 31 | Teacher lr=0.0495 | Teacher Loss: 1.075 | Teacher Train Acc: 88.064 | Student lr=0.0297 | Student Train Acc: 49.672 | Time: 137.675 |
[Eval] Epoch: 31 | Teacher Test Loss: 1.004 | Teacher Test Acc: 72.620 | Student Test Loss: 2.086 | Student Test Acc: 44.190 | Teacher Test F1: 0.725 | Student Test F1: 0.434 | Teacher Top 5 Accuracy: 0.928 | Student Top 5 Accuracy: 0.757 | Time: 2.808 | 
Running student landscape probe...
[LR policy] epoch=31 output=residual_log policy_pred=-0.547446 predicted_lr=0.019002 cosine_blend=0.000 lr_ema=0.000 cosine_after=0 next_student_lr=0.019002
[Train] Epoch: 32 | Teacher lr=0.0319 | Teacher Loss: 1.012 | Teacher Train Acc: 89.616 | Student lr=0.0190 | Student Train Acc: 52.362 | Time: 133.091 |
[Eval] Epoch: 32 | Teacher Test Loss: 0.989 | Teacher Test Acc: 73.080 | Student Test Loss: 2.056 | Student Test Acc: 45.050 | Teacher Test F1: 0.730 | Student Test F1: 0.445 | Teacher Top 5 Accuracy: 0.929 | Student Top 5 Accuracy: 0.758 | Time: 2.827 | 
Running student landscape probe...
[LR policy] epoch=32 output=residual_log policy_pred=-0.565973 predicted_lr=0.010789 cosine_blend=0.000 lr_ema=0.000 cosine_after=0 next_student_lr=0.010789
[Train] Epoch: 33 | Teacher lr=0.0180 | Teacher Loss: 0.963 | Teacher Train Acc: 90.692 | Student lr=0.0108 | Student Train Acc: 54.766 | Time: 135.035 |
[Eval] Epoch: 33 | Teacher Test Loss: 0.974 | Teacher Test Acc: 73.390 | Student Test Loss: 1.872 | Student Test Acc: 49.530 | Teacher Test F1: 0.734 | Student Test F1: 0.490 | Teacher Top 5 Accuracy: 0.929 | Student Top 5 Accuracy: 0.794 | Time: 2.701 | 
Running student landscape probe...
[LR policy] epoch=33 output=residual_log policy_pred=-0.545806 predicted_lr=0.005230 cosine_blend=0.000 lr_ema=0.000 cosine_after=0 next_student_lr=0.005230
[Train] Epoch: 34 | Teacher lr=0.0080 | Teacher Loss: 0.928 | Teacher Train Acc: 91.434 | Student lr=0.0052 | Student Train Acc: 56.316 | Time: 135.949 |
[Eval] Epoch: 34 | Teacher Test Loss: 0.965 | Teacher Test Acc: 73.530 | Student Test Loss: 1.842 | Student Test Acc: 50.340 | Teacher Test F1: 0.735 | Student Test F1: 0.497 | Teacher Top 5 Accuracy: 0.932 | Student Top 5 Accuracy: 0.798 | Time: 2.792 | 
Running student landscape probe...
[LR policy] epoch=34 output=residual_log policy_pred=-0.582358 predicted_lr=0.001682 cosine_blend=0.000 lr_ema=0.000 cosine_after=0 next_student_lr=0.001682
[Train] Epoch: 35 | Teacher lr=0.0020 | Teacher Loss: 0.904 | Teacher Train Acc: 91.932 | Student lr=0.0017 | Student Train Acc: 57.468 | Time: 134.193 |
[Eval] Epoch: 35 | Teacher Test Loss: 0.961 | Teacher Test Acc: 73.870 | Student Test Loss: 1.796 | Student Test Acc: 51.390 | Teacher Test F1: 0.738 | Student Test F1: 0.507 | Teacher Top 5 Accuracy: 0.933 | Student Top 5 Accuracy: 0.807 | Time: 0.994 | 
Running student landscape probe...
[LR policy] epoch=35 output=residual_log policy_pred=-0.583974 predicted_lr=0.001000 cosine_blend=0.000 lr_ema=0.000 cosine_after=0 next_student_lr=0.001000
ckpt location: ckpt/robust12h_stars/residgru_shock10_seed1_35ep.pt
