/home/jovyan/.mlspace/envs/egy_llm/lib/python3.11/site-packages/torchvision/datasets/cifar.py:83: VisibleDeprecationWarning: dtype(): align should be passed as Python or NumPy boolean but got `align=0`. Did you mean to pass a tuple to create a subarray type? (Deprecated NumPy 2.4)
  entry = pickle.load(f, encoding="latin1")
depth_list: [110, 20]
[LR policy] output=residual_log train_windows=1020 test_windows=170 test_mse=0.678316 test_mae=0.633022
Dataset information: cifar100	 50000 images for training 	 10000 images for testing	
teacher depth: 110
student depth: 20
Total number of teacher parameters: 1,169,972
Total number of student parameters: 278,132
Snapshots will be saved to: snapshots/robust12h_stars/residgru_shock05_seed1_35ep
==== train and evaluate unequal restart ====
[Eval] Epoch: 0 | Teacher Test Loss: 12407.062 | Teacher Test Acc: 0.990 | Student Test Loss: 7.984 | Student Test Acc: 1.020 | Teacher Test F1: 0.000 | Student Test F1: 0.000 | Teacher Top 5 Accuracy: 0.050 | Student Top 5 Accuracy: 0.046 | Time: 2.818 | 
Running student landscape probe...
[Train] Epoch: 1 | Teacher lr=1.0000 | Teacher Loss: 4.014 | Teacher Train Acc: 9.838 | Student lr=0.0100 | Student Train Acc: 6.938 | Time: 138.412 |
[Eval] Epoch: 1 | Teacher Test Loss: 3.736 | Teacher Test Acc: 12.120 | Student Test Loss: 3.821 | Student Test Acc: 10.760 | Teacher Test F1: 0.095 | Student Test F1: 0.071 | Teacher Top 5 Accuracy: 0.351 | Student Top 5 Accuracy: 0.310 | Time: 2.628 | 
Running student landscape probe...
[LR policy] epoch=1 output=residual_log policy_pred=0.003376 predicted_lr=1.001364 cosine_blend=0.000 lr_ema=0.000 cosine_after=0 next_student_lr=0.997989
[Train] Epoch: 2 | Teacher lr=0.9980 | Teacher Loss: 3.381 | Teacher Train Acc: 21.406 | Student lr=0.9980 | Student Train Acc: 20.796 | Time: 138.421 |
[Eval] Epoch: 2 | Teacher Test Loss: 3.254 | Teacher Test Acc: 20.430 | Student Test Loss: 3.431 | Student Test Acc: 19.200 | Teacher Test F1: 0.183 | Student Test F1: 0.165 | Teacher Top 5 Accuracy: 0.502 | Student Top 5 Accuracy: 0.491 | Time: 2.835 | 
Running student landscape probe...
[LR policy] epoch=2 output=residual_log policy_pred=-0.004484 predicted_lr=0.987535 cosine_blend=0.000 lr_ema=0.000 cosine_after=0 next_student_lr=0.991973
[Train] Epoch: 3 | Teacher lr=0.9920 | Teacher Loss: 2.856 | Teacher Train Acc: 32.044 | Student lr=0.9920 | Student Train Acc: 40.940 | Time: 137.724 |
[Eval] Epoch: 3 | Teacher Test Loss: 2.629 | Teacher Test Acc: 32.100 | Student Test Loss: 3.313 | Student Test Acc: 27.740 | Teacher Test F1: 0.312 | Student Test F1: 0.253 | Teacher Top 5 Accuracy: 0.664 | Student Top 5 Accuracy: 0.557 | Time: 2.825 | 
Running student landscape probe...
[LR policy] epoch=3 output=residual_log policy_pred=0.050871 predicted_lr=1.033247 cosine_blend=0.000 lr_ema=0.000 cosine_after=0 next_student_lr=0.981999
[Train] Epoch: 4 | Teacher lr=0.9820 | Teacher Loss: 2.447 | Teacher Train Acc: 40.968 | Student lr=0.9820 | Student Train Acc: 48.362 | Time: 138.327 |
[Eval] Epoch: 4 | Teacher Test Loss: 2.344 | Teacher Test Acc: 37.730 | Student Test Loss: 2.767 | Student Test Acc: 31.410 | Teacher Test F1: 0.364 | Student Test F1: 0.311 | Teacher Top 5 Accuracy: 0.718 | Student Top 5 Accuracy: 0.640 | Time: 2.620 | 
Running student landscape probe...
[LR policy] epoch=4 output=residual_log policy_pred=0.117405 predicted_lr=1.088757 cosine_blend=0.000 lr_ema=0.000 cosine_after=0 next_student_lr=0.968149
[Train] Epoch: 5 | Teacher lr=0.9681 | Teacher Loss: 2.254 | Teacher Train Acc: 46.060 | Student lr=0.9681 | Student Train Acc: 51.316 | Time: 138.171 |
[Eval] Epoch: 5 | Teacher Test Loss: 2.473 | Teacher Test Acc: 36.190 | Student Test Loss: 2.090 | Student Test Acc: 43.520 | Teacher Test F1: 0.352 | Student Test F1: 0.425 | Teacher Top 5 Accuracy: 0.694 | Student Top 5 Accuracy: 0.758 | Time: 2.816 | 
Running student landscape probe...
[LR policy] epoch=5 output=residual_log policy_pred=0.233680 predicted_lr=1.200753 cosine_blend=0.000 lr_ema=0.000 cosine_after=0 next_student_lr=0.950534
[Train] Epoch: 6 | Teacher lr=0.9505 | Teacher Loss: 2.123 | Teacher Train Acc: 49.132 | Student lr=0.9505 | Student Train Acc: 53.644 | Time: 133.345 |
[Eval] Epoch: 6 | Teacher Test Loss: 2.149 | Teacher Test Acc: 43.030 | Student Test Loss: 2.358 | Student Test Acc: 39.020 | Teacher Test F1: 0.426 | Student Test F1: 0.378 | Teacher Top 5 Accuracy: 0.749 | Student Top 5 Accuracy: 0.707 | Time: 2.603 | 
Running student landscape probe...
[LR policy] epoch=6 output=residual_log policy_pred=0.368093 predicted_lr=1.342809 cosine_blend=0.000 lr_ema=0.000 cosine_after=0 next_student_lr=1.342809
[Train] Epoch: 7 | Teacher lr=0.9292 | Teacher Loss: 2.040 | Teacher Train Acc: 52.454 | Student lr=1.3428 | Student Train Acc: 51.572 | Time: 138.503 |
[Eval] Epoch: 7 | Teacher Test Loss: 2.093 | Teacher Test Acc: 43.780 | Student Test Loss: 2.535 | Student Test Acc: 35.170 | Teacher Test F1: 0.430 | Student Test F1: 0.343 | Teacher Top 5 Accuracy: 0.772 | Student Top 5 Accuracy: 0.680 | Time: 2.822 | 
Running student landscape probe...
[LR policy] epoch=7 output=residual_log policy_pred=0.493648 predicted_lr=1.481996 cosine_blend=0.000 lr_ema=0.000 cosine_after=0 next_student_lr=1.481996
[Train] Epoch: 8 | Teacher lr=0.9045 | Teacher Loss: 1.975 | Teacher Train Acc: 54.198 | Student lr=1.4820 | Student Train Acc: 52.230 | Time: 134.994 |
[Eval] Epoch: 8 | Teacher Test Loss: 1.939 | Teacher Test Acc: 48.210 | Student Test Loss: 2.674 | Student Test Acc: 34.720 | Teacher Test F1: 0.480 | Student Test F1: 0.356 | Teacher Top 5 Accuracy: 0.794 | Student Top 5 Accuracy: 0.678 | Time: 2.589 | 
Running student landscape probe...
[LR policy] epoch=8 output=residual_log policy_pred=0.597682 predicted_lr=1.500000 cosine_blend=0.000 lr_ema=0.000 cosine_after=0 next_student_lr=1.500000
[Train] Epoch: 9 | Teacher lr=0.8765 | Teacher Loss: 1.905 | Teacher Train Acc: 56.100 | Student lr=1.5000 | Student Train Acc: 53.424 | Time: 138.684 |
[Eval] Epoch: 9 | Teacher Test Loss: 2.024 | Teacher Test Acc: 45.810 | Student Test Loss: 2.571 | Student Test Acc: 34.540 | Teacher Test F1: 0.452 | Student Test F1: 0.339 | Teacher Top 5 Accuracy: 0.777 | Student Top 5 Accuracy: 0.689 | Time: 2.792 | 
Running student landscape probe...
[LR policy] epoch=9 output=residual_log policy_pred=0.669634 predicted_lr=1.500000 cosine_blend=0.000 lr_ema=0.000 cosine_after=0 next_student_lr=1.500000
[Train] Epoch: 10 | Teacher lr=0.8455 | Teacher Loss: 1.841 | Teacher Train Acc: 57.772 | Student lr=1.5000 | Student Train Acc: 54.032 | Time: 137.848 |
[Eval] Epoch: 10 | Teacher Test Loss: 1.813 | Teacher Test Acc: 48.840 | Student Test Loss: 2.661 | Student Test Acc: 35.900 | Teacher Test F1: 0.479 | Student Test F1: 0.341 | Teacher Top 5 Accuracy: 0.810 | Student Top 5 Accuracy: 0.675 | Time: 2.710 | 
Running student landscape probe...
[LR policy] epoch=10 output=residual_log policy_pred=0.692427 predicted_lr=1.500000 cosine_blend=0.000 lr_ema=0.000 cosine_after=0 next_student_lr=1.500000
[Train] Epoch: 11 | Teacher lr=0.8117 | Teacher Loss: 1.791 | Teacher Train Acc: 59.372 | Student lr=1.5000 | Student Train Acc: 54.606 | Time: 136.668 |
[Eval] Epoch: 11 | Teacher Test Loss: 1.817 | Teacher Test Acc: 50.310 | Student Test Loss: 2.613 | Student Test Acc: 34.240 | Teacher Test F1: 0.502 | Student Test F1: 0.337 | Teacher Top 5 Accuracy: 0.818 | Student Top 5 Accuracy: 0.688 | Time: 2.547 | 
Running student landscape probe...
[LR policy] epoch=11 output=residual_log policy_pred=0.819593 predicted_lr=1.500000 cosine_blend=0.000 lr_ema=0.000 cosine_after=0 next_student_lr=1.500000
[Train] Epoch: 12 | Teacher lr=0.7754 | Teacher Loss: 1.743 | Teacher Train Acc: 60.718 | Student lr=1.5000 | Student Train Acc: 54.894 | Time: 133.602 |
[Eval] Epoch: 12 | Teacher Test Loss: 1.741 | Teacher Test Acc: 52.020 | Student Test Loss: 3.418 | Student Test Acc: 25.420 | Teacher Test F1: 0.519 | Student Test F1: 0.254 | Teacher Top 5 Accuracy: 0.832 | Student Top 5 Accuracy: 0.563 | Time: 2.797 | 
Running student landscape probe...
[LR policy] epoch=12 output=residual_log policy_pred=0.828950 predicted_lr=1.500000 cosine_blend=0.000 lr_ema=0.000 cosine_after=0 next_student_lr=1.500000
[Train] Epoch: 13 | Teacher lr=0.7369 | Teacher Loss: 1.694 | Teacher Train Acc: 62.174 | Student lr=1.5000 | Student Train Acc: 55.078 | Time: 136.659 |
[Eval] Epoch: 13 | Teacher Test Loss: 1.663 | Teacher Test Acc: 53.610 | Student Test Loss: 3.363 | Student Test Acc: 25.230 | Teacher Test F1: 0.526 | Student Test F1: 0.235 | Teacher Top 5 Accuracy: 0.835 | Student Top 5 Accuracy: 0.579 | Time: 2.815 | 
Running student landscape probe...
[LR policy] epoch=13 output=residual_log policy_pred=0.827391 predicted_lr=1.500000 cosine_blend=0.000 lr_ema=0.000 cosine_after=0 next_student_lr=1.500000
[Train] Epoch: 14 | Teacher lr=0.6965 | Teacher Loss: 1.660 | Teacher Train Acc: 62.916 | Student lr=1.5000 | Student Train Acc: 55.534 | Time: 137.781 |
[Eval] Epoch: 14 | Teacher Test Loss: 1.584 | Teacher Test Acc: 55.870 | Student Test Loss: 3.332 | Student Test Acc: 25.250 | Teacher Test F1: 0.556 | Student Test F1: 0.247 | Teacher Top 5 Accuracy: 0.851 | Student Top 5 Accuracy: 0.576 | Time: 2.805 | 
Running student landscape probe...
[LR policy] epoch=14 output=residual_log policy_pred=0.766473 predicted_lr=1.409352 cosine_blend=0.000 lr_ema=0.000 cosine_after=0 next_student_lr=1.409352
[Train] Epoch: 15 | Teacher lr=0.6545 | Teacher Loss: 1.613 | Teacher Train Acc: 64.466 | Student lr=1.4094 | Student Train Acc: 56.512 | Time: 138.731 |
[Eval] Epoch: 15 | Teacher Test Loss: 1.498 | Teacher Test Acc: 57.720 | Student Test Loss: 3.015 | Student Test Acc: 30.820 | Teacher Test F1: 0.576 | Student Test F1: 0.302 | Teacher Top 5 Accuracy: 0.861 | Student Top 5 Accuracy: 0.644 | Time: 2.874 | 
Running student landscape probe...
[LR policy] epoch=15 output=residual_log policy_pred=0.797505 predicted_lr=1.357859 cosine_blend=0.000 lr_ema=0.000 cosine_after=0 next_student_lr=1.357859
[Train] Epoch: 16 | Teacher lr=0.6113 | Teacher Loss: 1.569 | Teacher Train Acc: 65.508 | Student lr=1.3579 | Student Train Acc: 56.924 | Time: 138.177 |
[Eval] Epoch: 16 | Teacher Test Loss: 1.435 | Teacher Test Acc: 59.400 | Student Test Loss: 3.195 | Student Test Acc: 28.130 | Teacher Test F1: 0.595 | Student Test F1: 0.282 | Teacher Top 5 Accuracy: 0.872 | Student Top 5 Accuracy: 0.605 | Time: 2.820 | 
Running student landscape probe...
[LR policy] epoch=16 output=residual_log policy_pred=0.806471 predicted_lr=1.271305 cosine_blend=0.000 lr_ema=0.000 cosine_after=0 next_student_lr=1.271305
[Train] Epoch: 17 | Teacher lr=0.5671 | Teacher Loss: 1.525 | Teacher Train Acc: 66.770 | Student lr=1.2713 | Student Train Acc: 57.992 | Time: 136.619 |
[Eval] Epoch: 17 | Teacher Test Loss: 1.506 | Teacher Test Acc: 57.510 | Student Test Loss: 2.380 | Student Test Acc: 40.610 | Teacher Test F1: 0.574 | Student Test F1: 0.391 | Teacher Top 5 Accuracy: 0.862 | Student Top 5 Accuracy: 0.714 | Time: 2.799 | 
Running student landscape probe...
[LR policy] epoch=17 output=residual_log policy_pred=0.865912 predicted_lr=1.243047 cosine_blend=0.000 lr_ema=0.000 cosine_after=0 next_student_lr=1.243047
[Train] Epoch: 18 | Teacher lr=0.5224 | Teacher Loss: 1.488 | Teacher Train Acc: 67.810 | Student lr=1.2430 | Student Train Acc: 58.604 | Time: 135.660 |
[Eval] Epoch: 18 | Teacher Test Loss: 1.373 | Teacher Test Acc: 60.710 | Student Test Loss: 2.711 | Student Test Acc: 35.590 | Teacher Test F1: 0.606 | Student Test F1: 0.348 | Teacher Top 5 Accuracy: 0.879 | Student Top 5 Accuracy: 0.672 | Time: 2.766 | 
Running student landscape probe...
[LR policy] epoch=18 output=residual_log policy_pred=0.892130 predicted_lr=1.166694 cosine_blend=0.000 lr_ema=0.000 cosine_after=0 next_student_lr=1.166694
[Train] Epoch: 19 | Teacher lr=0.4776 | Teacher Loss: 1.441 | Teacher Train Acc: 69.216 | Student lr=1.1667 | Student Train Acc: 59.240 | Time: 138.111 |
[Eval] Epoch: 19 | Teacher Test Loss: 1.390 | Teacher Test Acc: 60.510 | Student Test Loss: 2.316 | Student Test Acc: 41.970 | Teacher Test F1: 0.603 | Student Test F1: 0.426 | Teacher Top 5 Accuracy: 0.878 | Student Top 5 Accuracy: 0.756 | Time: 2.824 | 
Running student landscape probe...
[LR policy] epoch=19 output=residual_log policy_pred=0.908155 predicted_lr=1.074846 cosine_blend=0.000 lr_ema=0.000 cosine_after=0 next_student_lr=1.074846
[shock] epoch=20 forcing student_lr=0.500000 (window=20..21)
[Train] Epoch: 20 | Teacher lr=0.4329 | Teacher Loss: 1.318 | Teacher Train Acc: 70.164 | Student lr=0.5000 | Student Train Acc: 65.788 | Time: 138.412 |
[Eval] Epoch: 20 | Teacher Test Loss: 1.383 | Teacher Test Acc: 60.280 | Student Test Loss: 1.744 | Student Test Acc: 52.910 | Teacher Test F1: 0.600 | Student Test F1: 0.528 | Teacher Top 5 Accuracy: 0.879 | Student Top 5 Accuracy: 0.828 | Time: 2.479 | 
Running student landscape probe...
[LR policy] epoch=20 output=residual_log policy_pred=0.903061 predicted_lr=0.960584 cosine_blend=0.000 lr_ema=0.000 cosine_after=0 next_student_lr=0.960584
[shock] epoch=21 forcing student_lr=0.500000 (window=20..21)
[Train] Epoch: 21 | Teacher lr=0.3887 | Teacher Loss: 1.288 | Teacher Train Acc: 71.582 | Student lr=0.5000 | Student Train Acc: 65.756 | Time: 135.235 |
[Eval] Epoch: 21 | Teacher Test Loss: 1.271 | Teacher Test Acc: 63.320 | Student Test Loss: 1.677 | Student Test Acc: 54.030 | Teacher Test F1: 0.631 | Student Test F1: 0.538 | Teacher Top 5 Accuracy: 0.891 | Student Top 5 Accuracy: 0.833 | Time: 2.552 | 
Running student landscape probe...
[LR policy] epoch=21 output=residual_log policy_pred=0.904302 predicted_lr=0.855052 cosine_blend=0.000 lr_ema=0.000 cosine_after=0 next_student_lr=0.855052
[Train] Epoch: 22 | Teacher lr=0.3455 | Teacher Loss: 1.306 | Teacher Train Acc: 73.312 | Student lr=0.8551 | Student Train Acc: 61.406 | Time: 138.784 |
[Eval] Epoch: 22 | Teacher Test Loss: 1.213 | Teacher Test Acc: 64.770 | Student Test Loss: 2.652 | Student Test Acc: 37.190 | Teacher Test F1: 0.646 | Student Test F1: 0.376 | Teacher Top 5 Accuracy: 0.902 | Student Top 5 Accuracy: 0.682 | Time: 2.458 | 
Running student landscape probe...
[LR policy] epoch=22 output=residual_log policy_pred=0.895417 predicted_lr=0.744751 cosine_blend=0.000 lr_ema=0.000 cosine_after=0 next_student_lr=0.744751
[Train] Epoch: 23 | Teacher lr=0.3035 | Teacher Loss: 1.225 | Teacher Train Acc: 75.046 | Student lr=0.7448 | Student Train Acc: 63.596 | Time: 134.731 |
[Eval] Epoch: 23 | Teacher Test Loss: 1.152 | Teacher Test Acc: 66.270 | Student Test Loss: 1.764 | Student Test Acc: 51.870 | Teacher Test F1: 0.663 | Student Test F1: 0.516 | Teacher Top 5 Accuracy: 0.911 | Student Top 5 Accuracy: 0.821 | Time: 2.361 | 
Running student landscape probe...
[LR policy] epoch=23 output=residual_log policy_pred=0.845225 predicted_lr=0.614265 cosine_blend=0.000 lr_ema=0.000 cosine_after=0 next_student_lr=0.614265
[Train] Epoch: 24 | Teacher lr=0.2631 | Teacher Loss: 1.161 | Teacher Train Acc: 76.544 | Student lr=0.6143 | Student Train Acc: 65.230 | Time: 136.201 |
[Eval] Epoch: 24 | Teacher Test Loss: 1.114 | Teacher Test Acc: 68.200 | Student Test Loss: 2.046 | Student Test Acc: 47.540 | Teacher Test F1: 0.680 | Student Test F1: 0.477 | Teacher Top 5 Accuracy: 0.915 | Student Top 5 Accuracy: 0.784 | Time: 2.367 | 
Running student landscape probe...
[LR policy] epoch=24 output=residual_log policy_pred=0.833737 predicted_lr=0.518681 cosine_blend=0.000 lr_ema=0.000 cosine_after=0 next_student_lr=0.518681
[Train] Epoch: 25 | Teacher lr=0.2246 | Teacher Loss: 1.102 | Teacher Train Acc: 78.188 | Student lr=0.5187 | Student Train Acc: 66.372 | Time: 139.422 |
[Eval] Epoch: 25 | Teacher Test Loss: 1.086 | Teacher Test Acc: 68.230 | Student Test Loss: 1.796 | Student Test Acc: 53.220 | Teacher Test F1: 0.681 | Student Test F1: 0.530 | Teacher Top 5 Accuracy: 0.919 | Student Top 5 Accuracy: 0.819 | Time: 2.373 | 
Running student landscape probe...
[LR policy] epoch=25 output=residual_log policy_pred=0.833488 predicted_lr=0.435105 cosine_blend=0.000 lr_ema=0.000 cosine_after=0 next_student_lr=0.435105
[Train] Epoch: 26 | Teacher lr=0.1883 | Teacher Loss: 1.039 | Teacher Train Acc: 79.954 | Student lr=0.4351 | Student Train Acc: 68.170 | Time: 136.722 |
[Eval] Epoch: 26 | Teacher Test Loss: 1.043 | Teacher Test Acc: 69.400 | Student Test Loss: 1.768 | Student Test Acc: 53.540 | Teacher Test F1: 0.694 | Student Test F1: 0.537 | Teacher Top 5 Accuracy: 0.925 | Student Top 5 Accuracy: 0.827 | Time: 2.306 | 
Running student landscape probe...
[LR policy] epoch=26 output=residual_log policy_pred=0.802986 predicted_lr=0.346692 cosine_blend=0.000 lr_ema=0.000 cosine_after=0 next_student_lr=0.346692
[Train] Epoch: 27 | Teacher lr=0.1545 | Teacher Loss: 0.970 | Teacher Train Acc: 81.690 | Student lr=0.3467 | Student Train Acc: 69.720 | Time: 139.203 |
[Eval] Epoch: 27 | Teacher Test Loss: 0.983 | Teacher Test Acc: 71.400 | Student Test Loss: 1.718 | Student Test Acc: 54.280 | Teacher Test F1: 0.713 | Student Test F1: 0.545 | Teacher Top 5 Accuracy: 0.931 | Student Top 5 Accuracy: 0.831 | Time: 2.161 | 
Running student landscape probe...
[LR policy] epoch=27 output=residual_log policy_pred=0.825693 predicted_lr=0.283927 cosine_blend=0.000 lr_ema=0.000 cosine_after=0 next_student_lr=0.283927
[Train] Epoch: 28 | Teacher lr=0.1235 | Teacher Loss: 0.907 | Teacher Train Acc: 83.706 | Student lr=0.2839 | Student Train Acc: 71.528 | Time: 134.299 |
[Eval] Epoch: 28 | Teacher Test Loss: 0.958 | Teacher Test Acc: 71.830 | Student Test Loss: 1.525 | Student Test Acc: 58.170 | Teacher Test F1: 0.719 | Student Test F1: 0.581 | Teacher Top 5 Accuracy: 0.934 | Student Top 5 Accuracy: 0.861 | Time: 2.354 | 
Running student landscape probe...
[LR policy] epoch=28 output=residual_log policy_pred=0.844736 predicted_lr=0.224349 cosine_blend=0.000 lr_ema=0.000 cosine_after=0 next_student_lr=0.224349
[Train] Epoch: 29 | Teacher lr=0.0955 | Teacher Loss: 0.842 | Teacher Train Acc: 85.580 | Student lr=0.2243 | Student Train Acc: 73.010 | Time: 136.962 |
[Eval] Epoch: 29 | Teacher Test Loss: 0.943 | Teacher Test Acc: 72.550 | Student Test Loss: 1.452 | Student Test Acc: 60.480 | Teacher Test F1: 0.726 | Student Test F1: 0.604 | Teacher Top 5 Accuracy: 0.935 | Student Top 5 Accuracy: 0.871 | Time: 2.158 | 
Running student landscape probe...
[LR policy] epoch=29 output=residual_log policy_pred=0.842598 predicted_lr=0.166527 cosine_blend=0.000 lr_ema=0.000 cosine_after=0 next_student_lr=0.166527
[Train] Epoch: 30 | Teacher lr=0.0708 | Teacher Loss: 0.776 | Teacher Train Acc: 87.294 | Student lr=0.1665 | Student Train Acc: 75.148 | Time: 138.461 |
[Eval] Epoch: 30 | Teacher Test Loss: 0.914 | Teacher Test Acc: 73.120 | Student Test Loss: 1.324 | Student Test Acc: 63.550 | Teacher Test F1: 0.731 | Student Test F1: 0.636 | Teacher Top 5 Accuracy: 0.938 | Student Top 5 Accuracy: 0.888 | Time: 2.141 | 
Running student landscape probe...
[LR policy] epoch=30 output=residual_log policy_pred=0.848463 predicted_lr=0.117891 cosine_blend=0.000 lr_ema=0.000 cosine_after=0 next_student_lr=0.117891
[Train] Epoch: 31 | Teacher lr=0.0495 | Teacher Loss: 0.708 | Teacher Train Acc: 88.770 | Student lr=0.1179 | Student Train Acc: 77.012 | Time: 137.700 |
[Eval] Epoch: 31 | Teacher Test Loss: 0.890 | Teacher Test Acc: 73.950 | Student Test Loss: 1.273 | Student Test Acc: 64.210 | Teacher Test F1: 0.738 | Student Test F1: 0.640 | Teacher Top 5 Accuracy: 0.940 | Student Top 5 Accuracy: 0.891 | Time: 2.124 | 
Running student landscape probe...
[LR policy] epoch=31 output=residual_log policy_pred=0.861164 predicted_lr=0.077722 cosine_blend=0.000 lr_ema=0.000 cosine_after=0 next_student_lr=0.077722
[Train] Epoch: 32 | Teacher lr=0.0319 | Teacher Loss: 0.644 | Teacher Train Acc: 90.278 | Student lr=0.0777 | Student Train Acc: 79.278 | Time: 137.677 |
[Eval] Epoch: 32 | Teacher Test Loss: 0.865 | Teacher Test Acc: 74.880 | Student Test Loss: 1.221 | Student Test Acc: 66.170 | Teacher Test F1: 0.749 | Student Test F1: 0.663 | Teacher Top 5 Accuracy: 0.943 | Student Top 5 Accuracy: 0.904 | Time: 2.196 | 
Running student landscape probe...
[LR policy] epoch=32 output=residual_log policy_pred=0.926277 predicted_lr=0.047978 cosine_blend=0.000 lr_ema=0.000 cosine_after=0 next_student_lr=0.047978
[Train] Epoch: 33 | Teacher lr=0.0180 | Teacher Loss: 0.591 | Teacher Train Acc: 91.544 | Student lr=0.0480 | Student Train Acc: 81.420 | Time: 139.112 |
[Eval] Epoch: 33 | Teacher Test Loss: 0.857 | Teacher Test Acc: 75.120 | Student Test Loss: 1.152 | Student Test Acc: 67.610 | Teacher Test F1: 0.751 | Student Test F1: 0.676 | Teacher Top 5 Accuracy: 0.942 | Student Top 5 Accuracy: 0.910 | Time: 2.459 | 
Running student landscape probe...
[LR policy] epoch=33 output=residual_log policy_pred=0.956366 predicted_lr=0.023491 cosine_blend=0.000 lr_ema=0.000 cosine_after=0 next_student_lr=0.023491
[Train] Epoch: 34 | Teacher lr=0.0080 | Teacher Loss: 0.549 | Teacher Train Acc: 92.266 | Student lr=0.0235 | Student Train Acc: 83.384 | Time: 137.049 |
[Eval] Epoch: 34 | Teacher Test Loss: 0.855 | Teacher Test Acc: 75.200 | Student Test Loss: 1.120 | Student Test Acc: 68.950 | Teacher Test F1: 0.752 | Student Test F1: 0.690 | Teacher Top 5 Accuracy: 0.942 | Student Top 5 Accuracy: 0.916 | Time: 2.653 | 
Running student landscape probe...
[LR policy] epoch=34 output=residual_log policy_pred=0.978766 predicted_lr=0.008012 cosine_blend=0.000 lr_ema=0.000 cosine_after=0 next_student_lr=0.008012
[Train] Epoch: 35 | Teacher lr=0.0020 | Teacher Loss: 0.520 | Teacher Train Acc: 92.800 | Student lr=0.0080 | Student Train Acc: 84.866 | Time: 139.547 |
[Eval] Epoch: 35 | Teacher Test Loss: 0.852 | Teacher Test Acc: 75.150 | Student Test Loss: 1.086 | Student Test Acc: 69.770 | Teacher Test F1: 0.751 | Student Test F1: 0.697 | Teacher Top 5 Accuracy: 0.943 | Student Top 5 Accuracy: 0.920 | Time: 2.425 | 
Running student landscape probe...
[LR policy] epoch=35 output=residual_log policy_pred=1.004472 predicted_lr=0.002718 cosine_blend=0.000 lr_ema=0.000 cosine_after=0 next_student_lr=0.002718
ckpt location: ckpt/robust12h_stars/residgru_shock05_seed1_35ep.pt
