/home/jovyan/.mlspace/envs/egy_llm/lib/python3.11/site-packages/torchvision/datasets/cifar.py:83: VisibleDeprecationWarning: dtype(): align should be passed as Python or NumPy boolean but got `align=0`. Did you mean to pass a tuple to create a subarray type? (Deprecated NumPy 2.4)
  entry = pickle.load(f, encoding="latin1")
depth_list: [110, 20]
[LR policy] output=residual_log train_windows=1020 test_windows=170 test_mse=0.648151 test_mae=0.667511
Dataset information: cifar100	 50000 images for training 	 10000 images for testing	
teacher depth: 110
student depth: 20
Total number of teacher parameters: 1,169,972
Total number of student parameters: 278,132
Snapshots will be saved to: snapshots/robust12h_stars/residgru_shock01_seed1_35ep
==== train and evaluate unequal restart ====
[Eval] Epoch: 0 | Teacher Test Loss: 12407.062 | Teacher Test Acc: 0.990 | Student Test Loss: 7.984 | Student Test Acc: 1.020 | Teacher Test F1: 0.000 | Student Test F1: 0.000 | Teacher Top 5 Accuracy: 0.050 | Student Top 5 Accuracy: 0.046 | Time: 3.083 | 
Running student landscape probe...
[Train] Epoch: 1 | Teacher lr=1.0000 | Teacher Loss: 4.004 | Teacher Train Acc: 10.126 | Student lr=0.0100 | Student Train Acc: 7.016 | Time: 138.622 |
[Eval] Epoch: 1 | Teacher Test Loss: 3.692 | Teacher Test Acc: 12.780 | Student Test Loss: 3.824 | Student Test Acc: 10.550 | Teacher Test F1: 0.098 | Student Test F1: 0.067 | Teacher Top 5 Accuracy: 0.365 | Student Top 5 Accuracy: 0.313 | Time: 2.854 | 
Running student landscape probe...
[LR policy] epoch=1 output=residual_log policy_pred=0.200216 predicted_lr=1.219210 cosine_blend=0.000 lr_ema=0.000 cosine_after=0 next_student_lr=0.997989
[Train] Epoch: 2 | Teacher lr=0.9980 | Teacher Loss: 3.388 | Teacher Train Acc: 21.454 | Student lr=0.9980 | Student Train Acc: 19.042 | Time: 138.866 |
[Eval] Epoch: 2 | Teacher Test Loss: 3.249 | Teacher Test Acc: 21.410 | Student Test Loss: 3.274 | Student Test Acc: 20.960 | Teacher Test F1: 0.196 | Student Test F1: 0.183 | Teacher Top 5 Accuracy: 0.506 | Student Top 5 Accuracy: 0.517 | Time: 2.624 | 
Running student landscape probe...
[LR policy] epoch=2 output=residual_log policy_pred=0.325222 predicted_lr=1.373226 cosine_blend=0.000 lr_ema=0.000 cosine_after=0 next_student_lr=0.991973
[Train] Epoch: 3 | Teacher lr=0.9920 | Teacher Loss: 2.873 | Teacher Train Acc: 31.632 | Student lr=0.9920 | Student Train Acc: 40.538 | Time: 133.907 |
[Eval] Epoch: 3 | Teacher Test Loss: 2.975 | Teacher Test Acc: 27.920 | Student Test Loss: 2.887 | Student Test Acc: 28.560 | Teacher Test F1: 0.262 | Student Test F1: 0.274 | Teacher Top 5 Accuracy: 0.613 | Student Top 5 Accuracy: 0.618 | Time: 2.839 | 
Running student landscape probe...
[LR policy] epoch=3 output=residual_log policy_pred=0.457730 predicted_lr=1.500000 cosine_blend=0.000 lr_ema=0.000 cosine_after=0 next_student_lr=0.981999
[Train] Epoch: 4 | Teacher lr=0.9820 | Teacher Loss: 2.479 | Teacher Train Acc: 40.494 | Student lr=0.9820 | Student Train Acc: 47.964 | Time: 138.785 |
[Eval] Epoch: 4 | Teacher Test Loss: 2.419 | Teacher Test Acc: 36.660 | Student Test Loss: 2.465 | Student Test Acc: 37.130 | Teacher Test F1: 0.357 | Student Test F1: 0.363 | Teacher Top 5 Accuracy: 0.695 | Student Top 5 Accuracy: 0.700 | Time: 2.830 | 
Running student landscape probe...
[LR policy] epoch=4 output=residual_log policy_pred=0.567446 predicted_lr=1.500000 cosine_blend=0.000 lr_ema=0.000 cosine_after=0 next_student_lr=0.968149
[Train] Epoch: 5 | Teacher lr=0.9681 | Teacher Loss: 2.268 | Teacher Train Acc: 45.740 | Student lr=0.9681 | Student Train Acc: 51.772 | Time: 136.317 |
[Eval] Epoch: 5 | Teacher Test Loss: 2.404 | Teacher Test Acc: 38.230 | Student Test Loss: 2.435 | Student Test Acc: 37.900 | Teacher Test F1: 0.372 | Student Test F1: 0.369 | Teacher Top 5 Accuracy: 0.716 | Student Top 5 Accuracy: 0.694 | Time: 2.796 | 
Running student landscape probe...
[LR policy] epoch=5 output=residual_log policy_pred=0.656881 predicted_lr=1.500000 cosine_blend=0.000 lr_ema=0.000 cosine_after=0 next_student_lr=0.950534
[Train] Epoch: 6 | Teacher lr=0.9505 | Teacher Loss: 2.137 | Teacher Train Acc: 48.966 | Student lr=0.9505 | Student Train Acc: 54.262 | Time: 134.123 |
[Eval] Epoch: 6 | Teacher Test Loss: 2.078 | Teacher Test Acc: 44.470 | Student Test Loss: 2.780 | Student Test Acc: 31.800 | Teacher Test F1: 0.436 | Student Test F1: 0.308 | Teacher Top 5 Accuracy: 0.765 | Student Top 5 Accuracy: 0.635 | Time: 2.610 | 
Running student landscape probe...
[LR policy] epoch=6 output=residual_log policy_pred=0.742526 predicted_lr=1.500000 cosine_blend=0.000 lr_ema=0.000 cosine_after=0 next_student_lr=1.500000
[Train] Epoch: 7 | Teacher lr=0.9292 | Teacher Loss: 2.061 | Teacher Train Acc: 51.832 | Student lr=1.5000 | Student Train Acc: 52.064 | Time: 135.212 |
[Eval] Epoch: 7 | Teacher Test Loss: 1.983 | Teacher Test Acc: 46.390 | Student Test Loss: 2.748 | Student Test Acc: 33.140 | Teacher Test F1: 0.450 | Student Test F1: 0.314 | Teacher Top 5 Accuracy: 0.791 | Student Top 5 Accuracy: 0.644 | Time: 2.822 | 
Running student landscape probe...
[LR policy] epoch=7 output=residual_log policy_pred=0.797073 predicted_lr=1.500000 cosine_blend=0.000 lr_ema=0.000 cosine_after=0 next_student_lr=1.500000
[Train] Epoch: 8 | Teacher lr=0.9045 | Teacher Loss: 2.359 | Teacher Train Acc: 47.214 | Student lr=1.5000 | Student Train Acc: 53.036 | Time: 135.871 |
[Eval] Epoch: 8 | Teacher Test Loss: 3.490 | Teacher Test Acc: 16.600 | Student Test Loss: 2.663 | Student Test Acc: 33.680 | Teacher Test F1: 0.141 | Student Test F1: 0.325 | Teacher Top 5 Accuracy: 0.421 | Student Top 5 Accuracy: 0.643 | Time: 2.792 | 
Running student landscape probe...
[LR policy] epoch=8 output=residual_log policy_pred=0.838130 predicted_lr=1.500000 cosine_blend=0.000 lr_ema=0.000 cosine_after=0 next_student_lr=1.500000
[Train] Epoch: 9 | Teacher lr=0.8765 | Teacher Loss: 2.161 | Teacher Train Acc: 49.932 | Student lr=1.5000 | Student Train Acc: 53.470 | Time: 136.515 |
[Eval] Epoch: 9 | Teacher Test Loss: 1.918 | Teacher Test Acc: 47.730 | Student Test Loss: 2.607 | Student Test Acc: 36.350 | Teacher Test F1: 0.469 | Student Test F1: 0.361 | Teacher Top 5 Accuracy: 0.791 | Student Top 5 Accuracy: 0.692 | Time: 2.558 | 
Running student landscape probe...
[LR policy] epoch=9 output=residual_log policy_pred=0.895708 predicted_lr=1.500000 cosine_blend=0.000 lr_ema=0.000 cosine_after=0 next_student_lr=1.500000
[Train] Epoch: 10 | Teacher lr=0.8455 | Teacher Loss: 1.874 | Teacher Train Acc: 56.724 | Student lr=1.5000 | Student Train Acc: 54.732 | Time: 137.672 |
[Eval] Epoch: 10 | Teacher Test Loss: 1.773 | Teacher Test Acc: 49.660 | Student Test Loss: 4.207 | Student Test Acc: 19.530 | Teacher Test F1: 0.493 | Student Test F1: 0.203 | Teacher Top 5 Accuracy: 0.822 | Student Top 5 Accuracy: 0.549 | Time: 2.816 | 
Running student landscape probe...
[LR policy] epoch=10 output=residual_log policy_pred=0.881414 predicted_lr=1.500000 cosine_blend=0.000 lr_ema=0.000 cosine_after=0 next_student_lr=1.500000
[Train] Epoch: 11 | Teacher lr=0.8117 | Teacher Loss: 1.801 | Teacher Train Acc: 58.714 | Student lr=1.5000 | Student Train Acc: 54.852 | Time: 135.321 |
[Eval] Epoch: 11 | Teacher Test Loss: 1.938 | Teacher Test Acc: 47.980 | Student Test Loss: 3.447 | Student Test Acc: 24.600 | Teacher Test F1: 0.475 | Student Test F1: 0.228 | Teacher Top 5 Accuracy: 0.799 | Student Top 5 Accuracy: 0.570 | Time: 2.680 | 
Running student landscape probe...
[LR policy] epoch=11 output=residual_log policy_pred=0.832922 predicted_lr=1.500000 cosine_blend=0.000 lr_ema=0.000 cosine_after=0 next_student_lr=1.500000
[Train] Epoch: 12 | Teacher lr=0.7754 | Teacher Loss: 1.756 | Teacher Train Acc: 60.220 | Student lr=1.5000 | Student Train Acc: 55.346 | Time: 134.819 |
[Eval] Epoch: 12 | Teacher Test Loss: 1.753 | Teacher Test Acc: 51.530 | Student Test Loss: 3.454 | Student Test Acc: 26.400 | Teacher Test F1: 0.513 | Student Test F1: 0.261 | Teacher Top 5 Accuracy: 0.825 | Student Top 5 Accuracy: 0.575 | Time: 2.691 | 
Running student landscape probe...
[LR policy] epoch=12 output=residual_log policy_pred=0.776532 predicted_lr=1.500000 cosine_blend=0.000 lr_ema=0.000 cosine_after=0 next_student_lr=1.500000
[Train] Epoch: 13 | Teacher lr=0.7369 | Teacher Loss: 1.726 | Teacher Train Acc: 61.270 | Student lr=1.5000 | Student Train Acc: 55.248 | Time: 134.838 |
[Eval] Epoch: 13 | Teacher Test Loss: 1.562 | Teacher Test Acc: 55.460 | Student Test Loss: 3.383 | Student Test Acc: 27.350 | Teacher Test F1: 0.542 | Student Test F1: 0.264 | Teacher Top 5 Accuracy: 0.856 | Student Top 5 Accuracy: 0.569 | Time: 2.633 | 
Running student landscape probe...
[LR policy] epoch=13 output=residual_log policy_pred=0.754698 predicted_lr=1.482106 cosine_blend=0.000 lr_ema=0.000 cosine_after=0 next_student_lr=1.482106
[Train] Epoch: 14 | Teacher lr=0.6965 | Teacher Loss: 1.682 | Teacher Train Acc: 62.330 | Student lr=1.4821 | Student Train Acc: 55.542 | Time: 136.618 |
[Eval] Epoch: 14 | Teacher Test Loss: 1.629 | Teacher Test Acc: 54.450 | Student Test Loss: 4.746 | Student Test Acc: 14.010 | Teacher Test F1: 0.539 | Student Test F1: 0.121 | Teacher Top 5 Accuracy: 0.841 | Student Top 5 Accuracy: 0.381 | Time: 2.811 | 
Running student landscape probe...
[LR policy] epoch=14 output=residual_log policy_pred=0.772554 predicted_lr=1.417948 cosine_blend=0.000 lr_ema=0.000 cosine_after=0 next_student_lr=1.417948
[Train] Epoch: 15 | Teacher lr=0.6545 | Teacher Loss: 1.629 | Teacher Train Acc: 63.828 | Student lr=1.4179 | Student Train Acc: 56.490 | Time: 136.732 |
[Eval] Epoch: 15 | Teacher Test Loss: 1.637 | Teacher Test Acc: 54.900 | Student Test Loss: 3.694 | Student Test Acc: 24.090 | Teacher Test F1: 0.553 | Student Test F1: 0.232 | Teacher Top 5 Accuracy: 0.840 | Student Top 5 Accuracy: 0.523 | Time: 2.692 | 
Running student landscape probe...
[LR policy] epoch=15 output=residual_log policy_pred=0.767857 predicted_lr=1.318192 cosine_blend=0.000 lr_ema=0.000 cosine_after=0 next_student_lr=1.318192
[Train] Epoch: 16 | Teacher lr=0.6113 | Teacher Loss: 1.580 | Teacher Train Acc: 65.226 | Student lr=1.3182 | Student Train Acc: 57.546 | Time: 135.909 |
[Eval] Epoch: 16 | Teacher Test Loss: 1.440 | Teacher Test Acc: 59.380 | Student Test Loss: 3.042 | Student Test Acc: 29.150 | Teacher Test F1: 0.593 | Student Test F1: 0.283 | Teacher Top 5 Accuracy: 0.870 | Student Top 5 Accuracy: 0.600 | Time: 2.814 | 
Running student landscape probe...
[LR policy] epoch=16 output=residual_log policy_pred=0.759895 predicted_lr=1.213450 cosine_blend=0.000 lr_ema=0.000 cosine_after=0 next_student_lr=1.213450
[Train] Epoch: 17 | Teacher lr=0.5671 | Teacher Loss: 1.530 | Teacher Train Acc: 66.556 | Student lr=1.2135 | Student Train Acc: 58.490 | Time: 135.767 |
[Eval] Epoch: 17 | Teacher Test Loss: 1.424 | Teacher Test Acc: 59.460 | Student Test Loss: 2.727 | Student Test Acc: 34.360 | Teacher Test F1: 0.593 | Student Test F1: 0.339 | Teacher Top 5 Accuracy: 0.874 | Student Top 5 Accuracy: 0.672 | Time: 2.644 | 
Running student landscape probe...
[LR policy] epoch=17 output=residual_log policy_pred=0.737059 predicted_lr=1.092767 cosine_blend=0.000 lr_ema=0.000 cosine_after=0 next_student_lr=1.092767
[Train] Epoch: 18 | Teacher lr=0.5224 | Teacher Loss: 1.486 | Teacher Train Acc: 67.500 | Student lr=1.0928 | Student Train Acc: 59.746 | Time: 135.905 |
[Eval] Epoch: 18 | Teacher Test Loss: 1.439 | Teacher Test Acc: 59.560 | Student Test Loss: 2.728 | Student Test Acc: 35.460 | Teacher Test F1: 0.596 | Student Test F1: 0.346 | Teacher Top 5 Accuracy: 0.867 | Student Top 5 Accuracy: 0.675 | Time: 2.665 | 
Running student landscape probe...
[LR policy] epoch=18 output=residual_log policy_pred=0.691884 predicted_lr=0.954973 cosine_blend=0.000 lr_ema=0.000 cosine_after=0 next_student_lr=0.954973
[Train] Epoch: 19 | Teacher lr=0.4776 | Teacher Loss: 1.436 | Teacher Train Acc: 68.762 | Student lr=0.9550 | Student Train Acc: 61.010 | Time: 135.998 |
[Eval] Epoch: 19 | Teacher Test Loss: 1.362 | Teacher Test Acc: 61.180 | Student Test Loss: 2.340 | Student Test Acc: 41.650 | Teacher Test F1: 0.609 | Student Test F1: 0.419 | Teacher Top 5 Accuracy: 0.882 | Student Top 5 Accuracy: 0.740 | Time: 2.707 | 
Running student landscape probe...
[LR policy] epoch=19 output=residual_log policy_pred=0.665707 predicted_lr=0.843437 cosine_blend=0.000 lr_ema=0.000 cosine_after=0 next_student_lr=0.843437
[shock] epoch=20 forcing student_lr=0.100000 (window=20..21)
[Train] Epoch: 20 | Teacher lr=0.4329 | Teacher Loss: 1.259 | Teacher Train Acc: 69.890 | Student lr=0.1000 | Student Train Acc: 70.234 | Time: 136.892 |
[Eval] Epoch: 20 | Teacher Test Loss: 1.483 | Teacher Test Acc: 58.780 | Student Test Loss: 1.234 | Student Test Acc: 64.340 | Teacher Test F1: 0.589 | Student Test F1: 0.643 | Teacher Top 5 Accuracy: 0.869 | Student Top 5 Accuracy: 0.898 | Time: 2.526 | 
Running student landscape probe...
[LR policy] epoch=20 output=residual_log policy_pred=0.662896 predicted_lr=0.755498 cosine_blend=0.000 lr_ema=0.000 cosine_after=0 next_student_lr=0.755498
[shock] epoch=21 forcing student_lr=0.100000 (window=20..21)
[Train] Epoch: 21 | Teacher lr=0.3887 | Teacher Loss: 1.217 | Teacher Train Acc: 71.080 | Student lr=0.1000 | Student Train Acc: 72.878 | Time: 137.622 |
[Eval] Epoch: 21 | Teacher Test Loss: 1.313 | Teacher Test Acc: 62.700 | Student Test Loss: 1.232 | Student Test Acc: 64.150 | Teacher Test F1: 0.623 | Student Test F1: 0.641 | Teacher Top 5 Accuracy: 0.886 | Student Top 5 Accuracy: 0.896 | Time: 2.719 | 
Running student landscape probe...
[LR policy] epoch=21 output=residual_log policy_pred=0.654142 predicted_lr=0.665809 cosine_blend=0.000 lr_ema=0.000 cosine_after=0 next_student_lr=0.665809
[Train] Epoch: 22 | Teacher lr=0.3455 | Teacher Loss: 1.295 | Teacher Train Acc: 72.748 | Student lr=0.6658 | Student Train Acc: 63.422 | Time: 138.133 |
[Eval] Epoch: 22 | Teacher Test Loss: 1.212 | Teacher Test Acc: 65.280 | Student Test Loss: 2.291 | Student Test Acc: 43.620 | Teacher Test F1: 0.651 | Student Test F1: 0.435 | Teacher Top 5 Accuracy: 0.900 | Student Top 5 Accuracy: 0.736 | Time: 2.792 | 
Running student landscape probe...
[LR policy] epoch=22 output=residual_log policy_pred=0.667105 predicted_lr=0.592729 cosine_blend=0.000 lr_ema=0.000 cosine_after=0 next_student_lr=0.592729
[Train] Epoch: 23 | Teacher lr=0.3035 | Teacher Loss: 1.206 | Teacher Train Acc: 74.874 | Student lr=0.5927 | Student Train Acc: 65.318 | Time: 134.419 |
[Eval] Epoch: 23 | Teacher Test Loss: 1.215 | Teacher Test Acc: 65.360 | Student Test Loss: 2.247 | Student Test Acc: 44.530 | Teacher Test F1: 0.657 | Student Test F1: 0.442 | Teacher Top 5 Accuracy: 0.899 | Student Top 5 Accuracy: 0.745 | Time: 2.644 | 
Running student landscape probe...
[LR policy] epoch=23 output=residual_log policy_pred=0.685621 predicted_lr=0.523649 cosine_blend=0.000 lr_ema=0.000 cosine_after=0 next_student_lr=0.523649
[Train] Epoch: 24 | Teacher lr=0.2631 | Teacher Loss: 1.152 | Teacher Train Acc: 76.448 | Student lr=0.5236 | Student Train Acc: 66.182 | Time: 135.562 |
[Eval] Epoch: 24 | Teacher Test Loss: 1.133 | Teacher Test Acc: 67.400 | Student Test Loss: 1.895 | Student Test Acc: 49.860 | Teacher Test F1: 0.673 | Student Test F1: 0.498 | Teacher Top 5 Accuracy: 0.910 | Student Top 5 Accuracy: 0.797 | Time: 2.695 | 
Running student landscape probe...
[LR policy] epoch=24 output=residual_log policy_pred=0.621754 predicted_lr=0.419602 cosine_blend=0.000 lr_ema=0.000 cosine_after=0 next_student_lr=0.419602
[Train] Epoch: 25 | Teacher lr=0.2246 | Teacher Loss: 1.083 | Teacher Train Acc: 78.092 | Student lr=0.4196 | Student Train Acc: 68.206 | Time: 134.654 |
[Eval] Epoch: 25 | Teacher Test Loss: 1.099 | Teacher Test Acc: 67.940 | Student Test Loss: 1.535 | Student Test Acc: 57.450 | Teacher Test F1: 0.678 | Student Test F1: 0.576 | Teacher Top 5 Accuracy: 0.920 | Student Top 5 Accuracy: 0.855 | Time: 2.635 | 
Running student landscape probe...
[LR policy] epoch=25 output=residual_log policy_pred=0.607007 predicted_lr=0.346925 cosine_blend=0.000 lr_ema=0.000 cosine_after=0 next_student_lr=0.346925
[Train] Epoch: 26 | Teacher lr=0.1883 | Teacher Loss: 1.021 | Teacher Train Acc: 79.762 | Student lr=0.3469 | Student Train Acc: 69.848 | Time: 134.621 |
[Eval] Epoch: 26 | Teacher Test Loss: 1.043 | Teacher Test Acc: 69.640 | Student Test Loss: 1.608 | Student Test Acc: 56.480 | Teacher Test F1: 0.695 | Student Test F1: 0.563 | Teacher Top 5 Accuracy: 0.924 | Student Top 5 Accuracy: 0.848 | Time: 2.536 | 
Running student landscape probe...
[LR policy] epoch=26 output=residual_log policy_pred=0.572988 predicted_lr=0.275459 cosine_blend=0.000 lr_ema=0.000 cosine_after=0 next_student_lr=0.275459
[Train] Epoch: 27 | Teacher lr=0.1545 | Teacher Loss: 0.957 | Teacher Train Acc: 81.458 | Student lr=0.2755 | Student Train Acc: 71.476 | Time: 136.651 |
[Eval] Epoch: 27 | Teacher Test Loss: 1.001 | Teacher Test Acc: 70.730 | Student Test Loss: 1.978 | Student Test Acc: 48.260 | Teacher Test F1: 0.706 | Student Test F1: 0.483 | Teacher Top 5 Accuracy: 0.927 | Student Top 5 Accuracy: 0.792 | Time: 2.451 | 
Running student landscape probe...
[LR policy] epoch=27 output=residual_log policy_pred=0.614757 predicted_lr=0.229932 cosine_blend=0.000 lr_ema=0.000 cosine_after=0 next_student_lr=0.229932
[Train] Epoch: 28 | Teacher lr=0.1235 | Teacher Loss: 0.891 | Teacher Train Acc: 83.660 | Student lr=0.2299 | Student Train Acc: 72.984 | Time: 139.101 |
[Eval] Epoch: 28 | Teacher Test Loss: 0.976 | Teacher Test Acc: 71.750 | Student Test Loss: 1.408 | Student Test Acc: 60.210 | Teacher Test F1: 0.719 | Student Test F1: 0.605 | Teacher Top 5 Accuracy: 0.930 | Student Top 5 Accuracy: 0.878 | Time: 2.544 | 
Running student landscape probe...
[LR policy] epoch=28 output=residual_log policy_pred=0.583811 predicted_lr=0.172824 cosine_blend=0.000 lr_ema=0.000 cosine_after=0 next_student_lr=0.172824
[Train] Epoch: 29 | Teacher lr=0.0955 | Teacher Loss: 0.822 | Teacher Train Acc: 85.186 | Student lr=0.1728 | Student Train Acc: 74.768 | Time: 139.176 |
[Eval] Epoch: 29 | Teacher Test Loss: 0.953 | Teacher Test Acc: 72.680 | Student Test Loss: 1.568 | Student Test Acc: 58.040 | Teacher Test F1: 0.727 | Student Test F1: 0.585 | Teacher Top 5 Accuracy: 0.931 | Student Top 5 Accuracy: 0.862 | Time: 2.618 | 
Running student landscape probe...
[LR policy] epoch=29 output=residual_log policy_pred=0.558867 predicted_lr=0.125390 cosine_blend=0.000 lr_ema=0.000 cosine_after=0 next_student_lr=0.125390
[Train] Epoch: 30 | Teacher lr=0.0708 | Teacher Loss: 0.756 | Teacher Train Acc: 87.004 | Student lr=0.1254 | Student Train Acc: 76.964 | Time: 137.926 |
[Eval] Epoch: 30 | Teacher Test Loss: 0.921 | Teacher Test Acc: 72.980 | Student Test Loss: 1.372 | Student Test Acc: 62.090 | Teacher Test F1: 0.730 | Student Test F1: 0.622 | Teacher Top 5 Accuracy: 0.933 | Student Top 5 Accuracy: 0.884 | Time: 2.538 | 
Running student landscape probe...
[LR policy] epoch=30 output=residual_log policy_pred=0.533765 predicted_lr=0.086062 cosine_blend=0.000 lr_ema=0.000 cosine_after=0 next_student_lr=0.086062
[Train] Epoch: 31 | Teacher lr=0.0495 | Teacher Loss: 0.687 | Teacher Train Acc: 88.594 | Student lr=0.0861 | Student Train Acc: 79.034 | Time: 137.825 |
[Eval] Epoch: 31 | Teacher Test Loss: 0.891 | Teacher Test Acc: 74.300 | Student Test Loss: 1.363 | Student Test Acc: 62.810 | Teacher Test F1: 0.743 | Student Test F1: 0.629 | Teacher Top 5 Accuracy: 0.939 | Student Top 5 Accuracy: 0.886 | Time: 2.521 | 
Running student landscape probe...
[LR policy] epoch=31 output=residual_log policy_pred=0.521646 predicted_lr=0.055347 cosine_blend=0.000 lr_ema=0.000 cosine_after=0 next_student_lr=0.055347
[Train] Epoch: 32 | Teacher lr=0.0319 | Teacher Loss: 0.625 | Teacher Train Acc: 90.232 | Student lr=0.0553 | Student Train Acc: 81.256 | Time: 139.820 |
[Eval] Epoch: 32 | Teacher Test Loss: 0.886 | Teacher Test Acc: 74.590 | Student Test Loss: 1.188 | Student Test Acc: 66.990 | Teacher Test F1: 0.746 | Student Test F1: 0.671 | Teacher Top 5 Accuracy: 0.941 | Student Top 5 Accuracy: 0.907 | Time: 2.523 | 
Running student landscape probe...
[LR policy] epoch=32 output=residual_log policy_pred=0.527872 predicted_lr=0.032212 cosine_blend=0.000 lr_ema=0.000 cosine_after=0 next_student_lr=0.032212
[Train] Epoch: 33 | Teacher lr=0.0180 | Teacher Loss: 0.575 | Teacher Train Acc: 91.274 | Student lr=0.0322 | Student Train Acc: 83.172 | Time: 139.829 |
[Eval] Epoch: 33 | Teacher Test Loss: 0.867 | Teacher Test Acc: 75.090 | Student Test Loss: 1.122 | Student Test Acc: 68.540 | Teacher Test F1: 0.751 | Student Test F1: 0.686 | Teacher Top 5 Accuracy: 0.942 | Student Top 5 Accuracy: 0.915 | Time: 2.535 | 
Running student landscape probe...
[LR policy] epoch=33 output=residual_log policy_pred=0.574327 predicted_lr=0.016032 cosine_blend=0.000 lr_ema=0.000 cosine_after=0 next_student_lr=0.016032
[Train] Epoch: 34 | Teacher lr=0.0080 | Teacher Loss: 0.536 | Teacher Train Acc: 92.152 | Student lr=0.0160 | Student Train Acc: 84.768 | Time: 139.904 |
[Eval] Epoch: 34 | Teacher Test Loss: 0.866 | Teacher Test Acc: 75.290 | Student Test Loss: 1.100 | Student Test Acc: 69.110 | Teacher Test F1: 0.753 | Student Test F1: 0.691 | Teacher Top 5 Accuracy: 0.942 | Student Top 5 Accuracy: 0.918 | Time: 2.593 | 
Running student landscape probe...
[LR policy] epoch=34 output=residual_log policy_pred=0.581183 predicted_lr=0.005384 cosine_blend=0.000 lr_ema=0.000 cosine_after=0 next_student_lr=0.005384
[Train] Epoch: 35 | Teacher lr=0.0020 | Teacher Loss: 0.511 | Teacher Train Acc: 92.654 | Student lr=0.0054 | Student Train Acc: 86.034 | Time: 133.510 |
[Eval] Epoch: 35 | Teacher Test Loss: 0.863 | Teacher Test Acc: 75.380 | Student Test Loss: 1.082 | Student Test Acc: 69.700 | Teacher Test F1: 0.754 | Student Test F1: 0.697 | Teacher Top 5 Accuracy: 0.942 | Student Top 5 Accuracy: 0.920 | Time: 0.974 | 
Running student landscape probe...
[LR policy] epoch=35 output=residual_log policy_pred=0.591181 predicted_lr=0.001806 cosine_blend=0.000 lr_ema=0.000 cosine_after=0 next_student_lr=0.001806
ckpt location: ckpt/robust12h_stars/residgru_shock01_seed1_35ep.pt
