/home/jovyan/.mlspace/envs/egy_llm/lib/python3.11/site-packages/torchvision/datasets/cifar.py:83: VisibleDeprecationWarning: dtype(): align should be passed as Python or NumPy boolean but got `align=0`. Did you mean to pass a tuple to create a subarray type? (Deprecated NumPy 2.4)
  entry = pickle.load(f, encoding="latin1")
depth_list: [110, 20]
[LR policy] output=residual_log train_windows=1020 test_windows=170 test_mse=0.788444 test_mae=0.726693
Dataset information: cifar100	 50000 images for training 	 10000 images for testing	
teacher depth: 110
student depth: 20
Total number of teacher parameters: 1,169,972
Total number of student parameters: 278,132
Snapshots will be saved to: snapshots/robust12h_stars/residgru_shock10_seed2_35ep
==== train and evaluate unequal restart ====
[Eval] Epoch: 0 | Teacher Test Loss: 11623.433 | Teacher Test Acc: 1.000 | Student Test Loss: 6.044 | Student Test Acc: 1.110 | Teacher Test F1: 0.000 | Student Test F1: 0.000 | Teacher Top 5 Accuracy: 0.049 | Student Top 5 Accuracy: 0.052 | Time: 3.114 | 
Running student landscape probe...
[Train] Epoch: 1 | Teacher lr=1.0000 | Teacher Loss: 4.064 | Teacher Train Acc: 9.114 | Student lr=0.0100 | Student Train Acc: 7.150 | Time: 138.542 |
[Eval] Epoch: 1 | Teacher Test Loss: 3.725 | Teacher Test Acc: 11.710 | Student Test Loss: 3.845 | Student Test Acc: 9.890 | Teacher Test F1: 0.085 | Student Test F1: 0.062 | Teacher Top 5 Accuracy: 0.358 | Student Top 5 Accuracy: 0.308 | Time: 2.669 | 
Running student landscape probe...
[LR policy] epoch=1 output=residual_log policy_pred=0.055891 predicted_lr=1.055356 cosine_blend=0.000 lr_ema=0.000 cosine_after=0 next_student_lr=0.997989
[Train] Epoch: 2 | Teacher lr=0.9980 | Teacher Loss: 3.470 | Teacher Train Acc: 19.568 | Student lr=0.9980 | Student Train Acc: 19.042 | Time: 137.050 |
[Eval] Epoch: 2 | Teacher Test Loss: 3.353 | Teacher Test Acc: 18.250 | Student Test Loss: 2.917 | Student Test Acc: 26.240 | Teacher Test F1: 0.156 | Student Test F1: 0.243 | Teacher Top 5 Accuracy: 0.469 | Student Top 5 Accuracy: 0.573 | Time: 2.801 | 
Running student landscape probe...
[LR policy] epoch=2 output=residual_log policy_pred=0.087350 predicted_lr=1.082518 cosine_blend=0.000 lr_ema=0.000 cosine_after=0 next_student_lr=0.991973
[Train] Epoch: 3 | Teacher lr=0.9920 | Teacher Loss: 2.900 | Teacher Train Acc: 31.176 | Student lr=0.9920 | Student Train Acc: 39.514 | Time: 136.334 |
[Eval] Epoch: 3 | Teacher Test Loss: 2.980 | Teacher Test Acc: 25.820 | Student Test Loss: 2.943 | Student Test Acc: 28.140 | Teacher Test F1: 0.243 | Student Test F1: 0.264 | Teacher Top 5 Accuracy: 0.569 | Student Top 5 Accuracy: 0.600 | Time: 2.550 | 
Running student landscape probe...
[LR policy] epoch=3 output=residual_log policy_pred=0.108806 predicted_lr=1.094877 cosine_blend=0.000 lr_ema=0.000 cosine_after=0 next_student_lr=0.981999
[Train] Epoch: 4 | Teacher lr=0.9820 | Teacher Loss: 2.572 | Teacher Train Acc: 38.950 | Student lr=0.9820 | Student Train Acc: 47.068 | Time: 136.913 |
[Eval] Epoch: 4 | Teacher Test Loss: 2.358 | Teacher Test Acc: 37.390 | Student Test Loss: 2.354 | Student Test Acc: 37.920 | Teacher Test F1: 0.358 | Student Test F1: 0.370 | Teacher Top 5 Accuracy: 0.708 | Student Top 5 Accuracy: 0.714 | Time: 2.789 | 
Running student landscape probe...
[LR policy] epoch=4 output=residual_log policy_pred=0.115466 predicted_lr=1.086648 cosine_blend=0.000 lr_ema=0.000 cosine_after=0 next_student_lr=0.968149
[Train] Epoch: 5 | Teacher lr=0.9681 | Teacher Loss: 2.311 | Teacher Train Acc: 44.586 | Student lr=0.9681 | Student Train Acc: 51.080 | Time: 139.435 |
[Eval] Epoch: 5 | Teacher Test Loss: 2.399 | Teacher Test Acc: 39.200 | Student Test Loss: 2.920 | Student Test Acc: 30.930 | Teacher Test F1: 0.379 | Student Test F1: 0.291 | Teacher Top 5 Accuracy: 0.718 | Student Top 5 Accuracy: 0.619 | Time: 2.760 | 
Running student landscape probe...
[LR policy] epoch=5 output=residual_log policy_pred=0.140533 predicted_lr=1.093957 cosine_blend=0.000 lr_ema=0.000 cosine_after=0 next_student_lr=0.950534
[Train] Epoch: 6 | Teacher lr=0.9505 | Teacher Loss: 2.148 | Teacher Train Acc: 48.762 | Student lr=0.9505 | Student Train Acc: 53.986 | Time: 138.066 |
[Eval] Epoch: 6 | Teacher Test Loss: 2.683 | Teacher Test Acc: 34.220 | Student Test Loss: 2.933 | Student Test Acc: 32.290 | Teacher Test F1: 0.332 | Student Test F1: 0.314 | Teacher Top 5 Accuracy: 0.656 | Student Top 5 Accuracy: 0.627 | Time: 2.706 | 
Running student landscape probe...
[LR policy] epoch=6 output=residual_log policy_pred=0.188885 predicted_lr=1.122498 cosine_blend=0.000 lr_ema=0.000 cosine_after=0 next_student_lr=1.122498
[Train] Epoch: 7 | Teacher lr=0.9292 | Teacher Loss: 2.229 | Teacher Train Acc: 48.060 | Student lr=1.1225 | Student Train Acc: 53.868 | Time: 137.067 |
[Eval] Epoch: 7 | Teacher Test Loss: 2.009 | Teacher Test Acc: 45.010 | Student Test Loss: 3.575 | Student Test Acc: 26.300 | Teacher Test F1: 0.443 | Student Test F1: 0.263 | Teacher Top 5 Accuracy: 0.777 | Student Top 5 Accuracy: 0.552 | Time: 2.665 | 
Running student landscape probe...
[LR policy] epoch=7 output=residual_log policy_pred=0.210326 predicted_lr=1.116354 cosine_blend=0.000 lr_ema=0.000 cosine_after=0 next_student_lr=1.116354
[Train] Epoch: 8 | Teacher lr=0.9045 | Teacher Loss: 1.959 | Teacher Train Acc: 53.848 | Student lr=1.1164 | Student Train Acc: 55.690 | Time: 139.346 |
[Eval] Epoch: 8 | Teacher Test Loss: 1.992 | Teacher Test Acc: 46.150 | Student Test Loss: 2.575 | Student Test Acc: 35.000 | Teacher Test F1: 0.451 | Student Test F1: 0.340 | Teacher Top 5 Accuracy: 0.779 | Student Top 5 Accuracy: 0.682 | Time: 2.822 | 
Running student landscape probe...
[LR policy] epoch=8 output=residual_log policy_pred=0.216222 predicted_lr=1.088265 cosine_blend=0.000 lr_ema=0.000 cosine_after=0 next_student_lr=1.088265
[Train] Epoch: 9 | Teacher lr=0.8765 | Teacher Loss: 1.884 | Teacher Train Acc: 55.958 | Student lr=1.0883 | Student Train Acc: 56.498 | Time: 137.721 |
[Eval] Epoch: 9 | Teacher Test Loss: 2.081 | Teacher Test Acc: 43.750 | Student Test Loss: 2.626 | Student Test Acc: 33.300 | Teacher Test F1: 0.438 | Student Test F1: 0.327 | Teacher Top 5 Accuracy: 0.772 | Student Top 5 Accuracy: 0.662 | Time: 2.567 | 
Running student landscape probe...
[LR policy] epoch=9 output=residual_log policy_pred=0.166640 predicted_lr=0.999033 cosine_blend=0.000 lr_ema=0.000 cosine_after=0 next_student_lr=0.999033
[Train] Epoch: 10 | Teacher lr=0.8455 | Teacher Loss: 1.823 | Teacher Train Acc: 57.382 | Student lr=0.9990 | Student Train Acc: 57.898 | Time: 137.042 |
[Eval] Epoch: 10 | Teacher Test Loss: 1.695 | Teacher Test Acc: 52.770 | Student Test Loss: 2.655 | Student Test Acc: 36.920 | Teacher Test F1: 0.523 | Student Test F1: 0.368 | Teacher Top 5 Accuracy: 0.831 | Student Top 5 Accuracy: 0.680 | Time: 2.694 | 
Running student landscape probe...
[LR policy] epoch=10 output=residual_log policy_pred=-0.021410 predicted_lr=0.794734 cosine_blend=0.000 lr_ema=0.000 cosine_after=0 next_student_lr=0.794734
[Train] Epoch: 11 | Teacher lr=0.8117 | Teacher Loss: 1.759 | Teacher Train Acc: 58.546 | Student lr=0.7947 | Student Train Acc: 60.258 | Time: 138.248 |
[Eval] Epoch: 11 | Teacher Test Loss: 1.742 | Teacher Test Acc: 51.390 | Student Test Loss: 3.067 | Student Test Acc: 31.430 | Teacher Test F1: 0.501 | Student Test F1: 0.318 | Teacher Top 5 Accuracy: 0.828 | Student Top 5 Accuracy: 0.649 | Time: 2.816 | 
Running student landscape probe...
[LR policy] epoch=11 output=residual_log policy_pred=-0.202322 predicted_lr=0.633595 cosine_blend=0.000 lr_ema=0.000 cosine_after=0 next_student_lr=0.633595
[Train] Epoch: 12 | Teacher lr=0.7754 | Teacher Loss: 1.688 | Teacher Train Acc: 60.020 | Student lr=0.6336 | Student Train Acc: 62.036 | Time: 136.910 |
[Eval] Epoch: 12 | Teacher Test Loss: 1.672 | Teacher Test Acc: 53.670 | Student Test Loss: 1.898 | Student Test Acc: 49.580 | Teacher Test F1: 0.537 | Student Test F1: 0.491 | Teacher Top 5 Accuracy: 0.837 | Student Top 5 Accuracy: 0.795 | Time: 2.828 | 
Running student landscape probe...
[LR policy] epoch=12 output=residual_log policy_pred=-0.340809 predicted_lr=0.524291 cosine_blend=0.000 lr_ema=0.000 cosine_after=0 next_student_lr=0.524291
[Train] Epoch: 13 | Teacher lr=0.7369 | Teacher Loss: 1.624 | Teacher Train Acc: 61.822 | Student lr=0.5243 | Student Train Acc: 63.882 | Time: 139.365 |
[Eval] Epoch: 13 | Teacher Test Loss: 1.623 | Teacher Test Acc: 54.900 | Student Test Loss: 2.421 | Student Test Acc: 40.160 | Teacher Test F1: 0.551 | Student Test F1: 0.394 | Teacher Top 5 Accuracy: 0.845 | Student Top 5 Accuracy: 0.719 | Time: 2.722 | 
Running student landscape probe...
[LR policy] epoch=13 output=residual_log policy_pred=-0.378479 predicted_lr=0.477251 cosine_blend=0.000 lr_ema=0.000 cosine_after=0 next_student_lr=0.477251
[Train] Epoch: 14 | Teacher lr=0.6965 | Teacher Loss: 1.574 | Teacher Train Acc: 63.106 | Student lr=0.4773 | Student Train Acc: 65.010 | Time: 136.582 |
[Eval] Epoch: 14 | Teacher Test Loss: 1.707 | Teacher Test Acc: 52.240 | Student Test Loss: 1.858 | Student Test Acc: 49.870 | Teacher Test F1: 0.527 | Student Test F1: 0.503 | Teacher Top 5 Accuracy: 0.835 | Student Top 5 Accuracy: 0.810 | Time: 2.827 | 
Running student landscape probe...
[LR policy] epoch=14 output=residual_log policy_pred=-0.401677 predicted_lr=0.438226 cosine_blend=0.000 lr_ema=0.000 cosine_after=0 next_student_lr=0.438226
[Train] Epoch: 15 | Teacher lr=0.6545 | Teacher Loss: 1.530 | Teacher Train Acc: 64.598 | Student lr=0.4382 | Student Train Acc: 65.810 | Time: 136.043 |
[Eval] Epoch: 15 | Teacher Test Loss: 1.663 | Teacher Test Acc: 54.300 | Student Test Loss: 1.729 | Student Test Acc: 52.760 | Teacher Test F1: 0.546 | Student Test F1: 0.523 | Teacher Top 5 Accuracy: 0.839 | Student Top 5 Accuracy: 0.825 | Time: 2.518 | 
Running student landscape probe...
[LR policy] epoch=15 output=residual_log policy_pred=-0.392202 predicted_lr=0.413210 cosine_blend=0.000 lr_ema=0.000 cosine_after=0 next_student_lr=0.413210
[Train] Epoch: 16 | Teacher lr=0.6113 | Teacher Loss: 1.479 | Teacher Train Acc: 65.720 | Student lr=0.4132 | Student Train Acc: 66.400 | Time: 138.608 |
[Eval] Epoch: 16 | Teacher Test Loss: 1.509 | Teacher Test Acc: 57.540 | Student Test Loss: 2.251 | Student Test Acc: 44.140 | Teacher Test F1: 0.575 | Student Test F1: 0.450 | Teacher Top 5 Accuracy: 0.867 | Student Top 5 Accuracy: 0.768 | Time: 2.605 | 
Running student landscape probe...
[LR policy] epoch=16 output=residual_log policy_pred=-0.367643 predicted_lr=0.392951 cosine_blend=0.000 lr_ema=0.000 cosine_after=0 next_student_lr=0.392951
[Train] Epoch: 17 | Teacher lr=0.5671 | Teacher Loss: 1.439 | Teacher Train Acc: 66.912 | Student lr=0.3930 | Student Train Acc: 67.030 | Time: 137.656 |
[Eval] Epoch: 17 | Teacher Test Loss: 1.582 | Teacher Test Acc: 56.190 | Student Test Loss: 1.750 | Student Test Acc: 52.540 | Teacher Test F1: 0.561 | Student Test F1: 0.531 | Teacher Top 5 Accuracy: 0.845 | Student Top 5 Accuracy: 0.827 | Time: 2.821 | 
Running student landscape probe...
[LR policy] epoch=17 output=residual_log policy_pred=-0.339826 predicted_lr=0.372256 cosine_blend=0.000 lr_ema=0.000 cosine_after=0 next_student_lr=0.372256
[Train] Epoch: 18 | Teacher lr=0.5224 | Teacher Loss: 1.385 | Teacher Train Acc: 68.660 | Student lr=0.3723 | Student Train Acc: 67.768 | Time: 137.806 |
[Eval] Epoch: 18 | Teacher Test Loss: 1.392 | Teacher Test Acc: 60.340 | Student Test Loss: 1.613 | Student Test Acc: 55.290 | Teacher Test F1: 0.602 | Student Test F1: 0.557 | Teacher Top 5 Accuracy: 0.877 | Student Top 5 Accuracy: 0.850 | Time: 2.764 | 
Running student landscape probe...
[LR policy] epoch=18 output=residual_log policy_pred=-0.358745 predicted_lr=0.333971 cosine_blend=0.000 lr_ema=0.000 cosine_after=0 next_student_lr=0.333971
[Train] Epoch: 19 | Teacher lr=0.4776 | Teacher Loss: 1.345 | Teacher Train Acc: 69.414 | Student lr=0.3340 | Student Train Acc: 68.704 | Time: 135.373 |
[Eval] Epoch: 19 | Teacher Test Loss: 1.373 | Teacher Test Acc: 60.170 | Student Test Loss: 1.989 | Student Test Acc: 48.900 | Teacher Test F1: 0.598 | Student Test F1: 0.496 | Teacher Top 5 Accuracy: 0.882 | Student Top 5 Accuracy: 0.786 | Time: 2.635 | 
Running student landscape probe...
[LR policy] epoch=19 output=residual_log policy_pred=-0.369303 predicted_lr=0.299608 cosine_blend=0.000 lr_ema=0.000 cosine_after=0 next_student_lr=0.299608
[shock] epoch=20 forcing student_lr=1.000000 (window=20..21)
[Train] Epoch: 20 | Teacher lr=0.4329 | Teacher Loss: 1.510 | Teacher Train Acc: 70.604 | Student lr=1.0000 | Student Train Acc: 52.664 | Time: 137.662 |
[Eval] Epoch: 20 | Teacher Test Loss: 1.249 | Teacher Test Acc: 64.440 | Student Test Loss: 2.761 | Student Test Acc: 34.680 | Teacher Test F1: 0.643 | Student Test F1: 0.350 | Teacher Top 5 Accuracy: 0.898 | Student Top 5 Accuracy: 0.669 | Time: 2.766 | 
Running student landscape probe...
[LR policy] epoch=20 output=residual_log policy_pred=-0.342780 predicted_lr=0.276359 cosine_blend=0.000 lr_ema=0.000 cosine_after=0 next_student_lr=0.276359
[shock] epoch=21 forcing student_lr=1.000000 (window=20..21)
[Train] Epoch: 21 | Teacher lr=0.3887 | Teacher Loss: 1.343 | Teacher Train Acc: 73.176 | Student lr=1.0000 | Student Train Acc: 59.298 | Time: 136.010 |
[Eval] Epoch: 21 | Teacher Test Loss: 1.295 | Teacher Test Acc: 63.290 | Student Test Loss: 2.348 | Student Test Acc: 40.830 | Teacher Test F1: 0.631 | Student Test F1: 0.407 | Teacher Top 5 Accuracy: 0.892 | Student Top 5 Accuracy: 0.743 | Time: 2.822 | 
Running student landscape probe...
[LR policy] epoch=21 output=residual_log policy_pred=-0.355653 predicted_lr=0.242550 cosine_blend=0.000 lr_ema=0.000 cosine_after=0 next_student_lr=0.242550
[Train] Epoch: 22 | Teacher lr=0.3455 | Teacher Loss: 1.162 | Teacher Train Acc: 74.072 | Student lr=0.2425 | Student Train Acc: 68.684 | Time: 137.940 |
[Eval] Epoch: 22 | Teacher Test Loss: 1.214 | Teacher Test Acc: 64.700 | Student Test Loss: 1.405 | Student Test Acc: 60.900 | Teacher Test F1: 0.646 | Student Test F1: 0.609 | Teacher Top 5 Accuracy: 0.902 | Student Top 5 Accuracy: 0.877 | Time: 2.625 | 
Running student landscape probe...
[LR policy] epoch=22 output=residual_log policy_pred=-0.360737 predicted_lr=0.212066 cosine_blend=0.000 lr_ema=0.000 cosine_after=0 next_student_lr=0.212066
[Train] Epoch: 23 | Teacher lr=0.3035 | Teacher Loss: 1.124 | Teacher Train Acc: 74.920 | Student lr=0.2121 | Student Train Acc: 71.220 | Time: 137.961 |
[Eval] Epoch: 23 | Teacher Test Loss: 1.217 | Teacher Test Acc: 65.220 | Student Test Loss: 1.376 | Student Test Acc: 61.380 | Teacher Test F1: 0.648 | Student Test F1: 0.611 | Teacher Top 5 Accuracy: 0.899 | Student Top 5 Accuracy: 0.879 | Time: 2.515 | 
Running student landscape probe...
[LR policy] epoch=23 output=residual_log policy_pred=-0.354217 predicted_lr=0.185116 cosine_blend=0.000 lr_ema=0.000 cosine_after=0 next_student_lr=0.185116
[Train] Epoch: 24 | Teacher lr=0.2631 | Teacher Loss: 1.075 | Teacher Train Acc: 76.684 | Student lr=0.1851 | Student Train Acc: 71.974 | Time: 139.091 |
[Eval] Epoch: 24 | Teacher Test Loss: 1.168 | Teacher Test Acc: 66.380 | Student Test Loss: 1.484 | Student Test Acc: 59.180 | Teacher Test F1: 0.660 | Student Test F1: 0.586 | Teacher Top 5 Accuracy: 0.909 | Student Top 5 Accuracy: 0.866 | Time: 2.672 | 
Running student landscape probe...
[LR policy] epoch=24 output=residual_log policy_pred=-0.348591 predicted_lr=0.159009 cosine_blend=0.000 lr_ema=0.000 cosine_after=0 next_student_lr=0.159009
[Train] Epoch: 25 | Teacher lr=0.2246 | Teacher Loss: 1.023 | Teacher Train Acc: 78.326 | Student lr=0.1590 | Student Train Acc: 73.196 | Time: 137.761 |
[Eval] Epoch: 25 | Teacher Test Loss: 1.109 | Teacher Test Acc: 68.430 | Student Test Loss: 1.406 | Student Test Acc: 60.600 | Teacher Test F1: 0.686 | Student Test F1: 0.608 | Teacher Top 5 Accuracy: 0.918 | Student Top 5 Accuracy: 0.882 | Time: 2.597 | 
Running student landscape probe...
[LR policy] epoch=25 output=residual_log policy_pred=-0.391340 predicted_lr=0.127838 cosine_blend=0.000 lr_ema=0.000 cosine_after=0 next_student_lr=0.127838
[Train] Epoch: 26 | Teacher lr=0.1883 | Teacher Loss: 0.961 | Teacher Train Acc: 80.208 | Student lr=0.1278 | Student Train Acc: 74.802 | Time: 139.303 |
[Eval] Epoch: 26 | Teacher Test Loss: 1.032 | Teacher Test Acc: 69.420 | Student Test Loss: 1.368 | Student Test Acc: 61.980 | Teacher Test F1: 0.697 | Student Test F1: 0.620 | Teacher Top 5 Accuracy: 0.925 | Student Top 5 Accuracy: 0.885 | Time: 2.549 | 
Running student landscape probe...
[LR policy] epoch=26 output=residual_log policy_pred=-0.407630 predicted_lr=0.103319 cosine_blend=0.000 lr_ema=0.000 cosine_after=0 next_student_lr=0.103319
[Train] Epoch: 27 | Teacher lr=0.1545 | Teacher Loss: 0.900 | Teacher Train Acc: 81.970 | Student lr=0.1033 | Student Train Acc: 75.944 | Time: 138.163 |
[Eval] Epoch: 27 | Teacher Test Loss: 1.022 | Teacher Test Acc: 70.000 | Student Test Loss: 1.312 | Student Test Acc: 63.630 | Teacher Test F1: 0.698 | Student Test F1: 0.637 | Teacher Top 5 Accuracy: 0.928 | Student Top 5 Accuracy: 0.890 | Time: 2.663 | 
Running student landscape probe...
[LR policy] epoch=27 output=residual_log policy_pred=-0.410888 predicted_lr=0.082446 cosine_blend=0.000 lr_ema=0.000 cosine_after=0 next_student_lr=0.082446
[Train] Epoch: 28 | Teacher lr=0.1235 | Teacher Loss: 0.835 | Teacher Train Acc: 83.896 | Student lr=0.0824 | Student Train Acc: 77.440 | Time: 138.108 |
[Eval] Epoch: 28 | Teacher Test Loss: 1.009 | Teacher Test Acc: 71.030 | Student Test Loss: 1.271 | Student Test Acc: 64.690 | Teacher Test F1: 0.710 | Student Test F1: 0.646 | Teacher Top 5 Accuracy: 0.926 | Student Top 5 Accuracy: 0.899 | Time: 2.562 | 
Running student landscape probe...
[LR policy] epoch=28 output=residual_log policy_pred=-0.413971 predicted_lr=0.063720 cosine_blend=0.000 lr_ema=0.000 cosine_after=0 next_student_lr=0.063720
[Train] Epoch: 29 | Teacher lr=0.0955 | Teacher Loss: 0.767 | Teacher Train Acc: 85.916 | Student lr=0.0637 | Student Train Acc: 78.720 | Time: 139.715 |
[Eval] Epoch: 29 | Teacher Test Loss: 0.939 | Teacher Test Acc: 72.630 | Student Test Loss: 1.240 | Student Test Acc: 65.750 | Teacher Test F1: 0.727 | Student Test F1: 0.659 | Teacher Top 5 Accuracy: 0.934 | Student Top 5 Accuracy: 0.901 | Time: 2.619 | 
Running student landscape probe...
[LR policy] epoch=29 output=residual_log policy_pred=-0.437172 predicted_lr=0.046311 cosine_blend=0.000 lr_ema=0.000 cosine_after=0 next_student_lr=0.046311
[Train] Epoch: 30 | Teacher lr=0.0708 | Teacher Loss: 0.708 | Teacher Train Acc: 87.666 | Student lr=0.0463 | Student Train Acc: 79.924 | Time: 137.692 |
[Eval] Epoch: 30 | Teacher Test Loss: 0.917 | Teacher Test Acc: 73.080 | Student Test Loss: 1.182 | Student Test Acc: 67.280 | Teacher Test F1: 0.730 | Student Test F1: 0.673 | Teacher Top 5 Accuracy: 0.937 | Student Top 5 Accuracy: 0.909 | Time: 2.617 | 
Running student landscape probe...
[LR policy] epoch=30 output=residual_log policy_pred=-0.450756 predicted_lr=0.032154 cosine_blend=0.000 lr_ema=0.000 cosine_after=0 next_student_lr=0.032154
[Train] Epoch: 31 | Teacher lr=0.0495 | Teacher Loss: 0.647 | Teacher Train Acc: 89.324 | Student lr=0.0322 | Student Train Acc: 81.466 | Time: 137.955 |
[Eval] Epoch: 31 | Teacher Test Loss: 0.906 | Teacher Test Acc: 73.610 | Student Test Loss: 1.177 | Student Test Acc: 67.440 | Teacher Test F1: 0.737 | Student Test F1: 0.677 | Teacher Top 5 Accuracy: 0.938 | Student Top 5 Accuracy: 0.909 | Time: 2.636 | 
Running student landscape probe...
[LR policy] epoch=31 output=residual_log policy_pred=-0.477011 predicted_lr=0.020388 cosine_blend=0.000 lr_ema=0.000 cosine_after=0 next_student_lr=0.020388
[Train] Epoch: 32 | Teacher lr=0.0319 | Teacher Loss: 0.595 | Teacher Train Acc: 90.872 | Student lr=0.0204 | Student Train Acc: 83.128 | Time: 138.844 |
[Eval] Epoch: 32 | Teacher Test Loss: 0.880 | Teacher Test Acc: 74.100 | Student Test Loss: 1.141 | Student Test Acc: 68.390 | Teacher Test F1: 0.741 | Student Test F1: 0.684 | Teacher Top 5 Accuracy: 0.941 | Student Top 5 Accuracy: 0.915 | Time: 2.649 | 
Running student landscape probe...
[LR policy] epoch=32 output=residual_log policy_pred=-0.479952 predicted_lr=0.011758 cosine_blend=0.000 lr_ema=0.000 cosine_after=0 next_student_lr=0.011758
[Train] Epoch: 33 | Teacher lr=0.0180 | Teacher Loss: 0.551 | Teacher Train Acc: 91.962 | Student lr=0.0118 | Student Train Acc: 84.130 | Time: 137.677 |
[Eval] Epoch: 33 | Teacher Test Loss: 0.873 | Teacher Test Acc: 74.330 | Student Test Loss: 1.133 | Student Test Acc: 68.860 | Teacher Test F1: 0.743 | Student Test F1: 0.688 | Teacher Top 5 Accuracy: 0.942 | Student Top 5 Accuracy: 0.915 | Time: 2.478 | 
Running student landscape probe...
[LR policy] epoch=33 output=residual_log policy_pred=-0.485899 predicted_lr=0.005553 cosine_blend=0.000 lr_ema=0.000 cosine_after=0 next_student_lr=0.005553
[Train] Epoch: 34 | Teacher lr=0.0080 | Teacher Loss: 0.524 | Teacher Train Acc: 92.692 | Student lr=0.0056 | Student Train Acc: 85.330 | Time: 137.078 |
[Eval] Epoch: 34 | Teacher Test Loss: 0.874 | Teacher Test Acc: 74.580 | Student Test Loss: 1.123 | Student Test Acc: 69.200 | Teacher Test F1: 0.746 | Student Test F1: 0.692 | Teacher Top 5 Accuracy: 0.942 | Student Top 5 Accuracy: 0.916 | Time: 2.471 | 
Running student landscape probe...
[LR policy] epoch=34 output=residual_log policy_pred=-0.487424 predicted_lr=0.001849 cosine_blend=0.000 lr_ema=0.000 cosine_after=0 next_student_lr=0.001849
[Train] Epoch: 35 | Teacher lr=0.0020 | Teacher Loss: 0.510 | Teacher Train Acc: 93.118 | Student lr=0.0018 | Student Train Acc: 85.780 | Time: 134.844 |
[Eval] Epoch: 35 | Teacher Test Loss: 0.870 | Teacher Test Acc: 74.640 | Student Test Loss: 1.114 | Student Test Acc: 69.540 | Teacher Test F1: 0.747 | Student Test F1: 0.696 | Teacher Top 5 Accuracy: 0.942 | Student Top 5 Accuracy: 0.919 | Time: 1.658 | 
Running student landscape probe...
[LR policy] epoch=35 output=residual_log policy_pred=-0.480318 predicted_lr=0.001000 cosine_blend=0.000 lr_ema=0.000 cosine_after=0 next_student_lr=0.001000
ckpt location: ckpt/robust12h_stars/residgru_shock10_seed2_35ep.pt
