/home/jovyan/.mlspace/envs/egy_llm/lib/python3.11/site-packages/torchvision/datasets/cifar.py:83: VisibleDeprecationWarning: dtype(): align should be passed as Python or NumPy boolean but got `align=0`. Did you mean to pass a tuple to create a subarray type? (Deprecated NumPy 2.4)
  entry = pickle.load(f, encoding="latin1")
depth_list: [110, 20]
[NoisyClassificationDataset] num_classes=100 label_noise_rate=0.000 input_noise_std=0.1500 flipped=0/50000
Dataset information: cifar100	 50000 images for training 	 10000 images for testing	
teacher depth: 110
student depth: 20
Total number of teacher parameters: 1,169,972
Total number of student parameters: 278,132
Snapshots will be saved to: snapshots/robust12h_industry/cosine_innoise015_seed3_35ep
==== train and evaluate unequal restart ====
[Eval] Epoch: 0 | Teacher Test Loss: 9743.739 | Teacher Test Acc: 1.130 | Student Test Loss: 5.207 | Student Test Acc: 1.000 | Teacher Test F1: 0.001 | Student Test F1: 0.000 | Teacher Top 5 Accuracy: 0.048 | Student Top 5 Accuracy: 0.047 | Time: 2.927 | 
Running student landscape probe...
[Train] Epoch: 1 | Teacher lr=1.0000 | Teacher Loss: 4.145 | Teacher Train Acc: 9.376 | Student lr=1.0000 | Student Train Acc: 21.518 | Time: 143.863 |
[Eval] Epoch: 1 | Teacher Test Loss: 3.810 | Teacher Test Acc: 12.140 | Student Test Loss: 3.195 | Student Test Acc: 23.290 | Teacher Test F1: 0.088 | Student Test F1: 0.206 | Teacher Top 5 Accuracy: 0.356 | Student Top 5 Accuracy: 0.527 | Time: 2.463 | 
Running student landscape probe...
[Train] Epoch: 2 | Teacher lr=0.9980 | Teacher Loss: 3.424 | Teacher Train Acc: 21.820 | Student lr=0.9980 | Student Train Acc: 37.212 | Time: 142.139 |
[Eval] Epoch: 2 | Teacher Test Loss: 3.362 | Teacher Test Acc: 19.560 | Student Test Loss: 3.973 | Student Test Acc: 18.530 | Teacher Test F1: 0.170 | Student Test F1: 0.176 | Teacher Top 5 Accuracy: 0.488 | Student Top 5 Accuracy: 0.467 | Time: 2.269 | 
Running student landscape probe...
[Train] Epoch: 3 | Teacher lr=0.9920 | Teacher Loss: 2.978 | Teacher Train Acc: 30.088 | Student lr=0.9920 | Student Train Acc: 42.032 | Time: 142.840 |
[Eval] Epoch: 3 | Teacher Test Loss: 3.840 | Teacher Test Acc: 19.000 | Student Test Loss: 2.924 | Student Test Acc: 29.190 | Teacher Test F1: 0.188 | Student Test F1: 0.285 | Teacher Top 5 Accuracy: 0.465 | Student Top 5 Accuracy: 0.604 | Time: 2.166 | 
Running student landscape probe...
[Train] Epoch: 4 | Teacher lr=0.9820 | Teacher Loss: 2.731 | Teacher Train Acc: 35.618 | Student lr=0.9820 | Student Train Acc: 45.300 | Time: 144.001 |
[Eval] Epoch: 4 | Teacher Test Loss: 3.002 | Teacher Test Acc: 28.400 | Student Test Loss: 3.171 | Student Test Acc: 28.790 | Teacher Test F1: 0.269 | Student Test F1: 0.276 | Teacher Top 5 Accuracy: 0.588 | Student Top 5 Accuracy: 0.583 | Time: 2.140 | 
Running student landscape probe...
[Train] Epoch: 5 | Teacher lr=0.9681 | Teacher Loss: 2.565 | Teacher Train Acc: 39.286 | Student lr=0.9681 | Student Train Acc: 47.548 | Time: 143.256 |
[Eval] Epoch: 5 | Teacher Test Loss: 2.685 | Teacher Test Acc: 32.630 | Student Test Loss: 2.398 | Student Test Acc: 38.590 | Teacher Test F1: 0.316 | Student Test F1: 0.369 | Teacher Top 5 Accuracy: 0.644 | Student Top 5 Accuracy: 0.705 | Time: 2.132 | 
Running student landscape probe...
[Train] Epoch: 6 | Teacher lr=0.9505 | Teacher Loss: 2.509 | Teacher Train Acc: 40.962 | Student lr=0.9505 | Student Train Acc: 48.488 | Time: 143.170 |
[Eval] Epoch: 6 | Teacher Test Loss: 2.769 | Teacher Test Acc: 31.610 | Student Test Loss: 2.580 | Student Test Acc: 34.500 | Teacher Test F1: 0.306 | Student Test F1: 0.334 | Teacher Top 5 Accuracy: 0.632 | Student Top 5 Accuracy: 0.679 | Time: 2.134 | 
Running student landscape probe...
[Train] Epoch: 7 | Teacher lr=0.9292 | Teacher Loss: 2.312 | Teacher Train Acc: 44.926 | Student lr=0.9292 | Student Train Acc: 49.776 | Time: 142.635 |
[Eval] Epoch: 7 | Teacher Test Loss: 2.878 | Teacher Test Acc: 32.240 | Student Test Loss: 2.857 | Student Test Acc: 31.930 | Teacher Test F1: 0.318 | Student Test F1: 0.318 | Teacher Top 5 Accuracy: 0.649 | Student Top 5 Accuracy: 0.640 | Time: 2.309 | 
Running student landscape probe...
[Train] Epoch: 8 | Teacher lr=0.9045 | Teacher Loss: 2.232 | Teacher Train Acc: 46.962 | Student lr=0.9045 | Student Train Acc: 50.794 | Time: 141.575 |
[Eval] Epoch: 8 | Teacher Test Loss: 2.581 | Teacher Test Acc: 36.310 | Student Test Loss: 2.621 | Student Test Acc: 35.710 | Teacher Test F1: 0.350 | Student Test F1: 0.348 | Teacher Top 5 Accuracy: 0.677 | Student Top 5 Accuracy: 0.687 | Time: 2.272 | 
Running student landscape probe...
[Train] Epoch: 9 | Teacher lr=0.8765 | Teacher Loss: 2.169 | Teacher Train Acc: 48.656 | Student lr=0.8765 | Student Train Acc: 51.372 | Time: 140.190 |
[Eval] Epoch: 9 | Teacher Test Loss: 2.637 | Teacher Test Acc: 35.400 | Student Test Loss: 2.471 | Student Test Acc: 37.810 | Teacher Test F1: 0.337 | Student Test F1: 0.371 | Teacher Top 5 Accuracy: 0.659 | Student Top 5 Accuracy: 0.697 | Time: 2.424 | 
Running student landscape probe...
[Train] Epoch: 10 | Teacher lr=0.8455 | Teacher Loss: 2.110 | Teacher Train Acc: 49.768 | Student lr=0.8455 | Student Train Acc: 52.318 | Time: 142.260 |
[Eval] Epoch: 10 | Teacher Test Loss: 2.376 | Teacher Test Acc: 38.860 | Student Test Loss: 2.440 | Student Test Acc: 37.830 | Teacher Test F1: 0.376 | Student Test F1: 0.367 | Teacher Top 5 Accuracy: 0.721 | Student Top 5 Accuracy: 0.697 | Time: 2.316 | 
Running student landscape probe...
[Train] Epoch: 11 | Teacher lr=0.8117 | Teacher Loss: 2.161 | Teacher Train Acc: 49.348 | Student lr=0.8117 | Student Train Acc: 52.644 | Time: 142.655 |
[Eval] Epoch: 11 | Teacher Test Loss: 2.196 | Teacher Test Acc: 43.700 | Student Test Loss: 2.265 | Student Test Acc: 42.200 | Teacher Test F1: 0.425 | Student Test F1: 0.416 | Teacher Top 5 Accuracy: 0.746 | Student Top 5 Accuracy: 0.735 | Time: 2.212 | 
Running student landscape probe...
[Train] Epoch: 12 | Teacher lr=0.7754 | Teacher Loss: 1.998 | Teacher Train Acc: 52.840 | Student lr=0.7754 | Student Train Acc: 53.484 | Time: 142.410 |
[Eval] Epoch: 12 | Teacher Test Loss: 2.202 | Teacher Test Acc: 43.640 | Student Test Loss: 2.508 | Student Test Acc: 38.460 | Teacher Test F1: 0.433 | Student Test F1: 0.384 | Teacher Top 5 Accuracy: 0.739 | Student Top 5 Accuracy: 0.700 | Time: 2.351 | 
Running student landscape probe...
[Train] Epoch: 13 | Teacher lr=0.7369 | Teacher Loss: 1.974 | Teacher Train Acc: 53.282 | Student lr=0.7369 | Student Train Acc: 54.222 | Time: 142.559 |
[Eval] Epoch: 13 | Teacher Test Loss: 2.121 | Teacher Test Acc: 44.940 | Student Test Loss: 2.274 | Student Test Acc: 42.190 | Teacher Test F1: 0.443 | Student Test F1: 0.419 | Teacher Top 5 Accuracy: 0.753 | Student Top 5 Accuracy: 0.733 | Time: 2.376 | 
Running student landscape probe...
[Train] Epoch: 14 | Teacher lr=0.6965 | Teacher Loss: 1.927 | Teacher Train Acc: 54.660 | Student lr=0.6965 | Student Train Acc: 54.864 | Time: 142.578 |
[Eval] Epoch: 14 | Teacher Test Loss: 2.013 | Teacher Test Acc: 47.040 | Student Test Loss: 2.284 | Student Test Acc: 42.160 | Teacher Test F1: 0.464 | Student Test F1: 0.416 | Teacher Top 5 Accuracy: 0.775 | Student Top 5 Accuracy: 0.737 | Time: 2.335 | 
Running student landscape probe...
[Train] Epoch: 15 | Teacher lr=0.6545 | Teacher Loss: 1.890 | Teacher Train Acc: 55.350 | Student lr=0.6545 | Student Train Acc: 55.264 | Time: 143.718 |
[Eval] Epoch: 15 | Teacher Test Loss: 2.066 | Teacher Test Acc: 45.380 | Student Test Loss: 2.632 | Student Test Acc: 37.300 | Teacher Test F1: 0.445 | Student Test F1: 0.371 | Teacher Top 5 Accuracy: 0.759 | Student Top 5 Accuracy: 0.688 | Time: 2.612 | 
Running student landscape probe...
[Train] Epoch: 16 | Teacher lr=0.6113 | Teacher Loss: 1.845 | Teacher Train Acc: 56.352 | Student lr=0.6113 | Student Train Acc: 56.274 | Time: 139.991 |
[Eval] Epoch: 16 | Teacher Test Loss: 2.216 | Teacher Test Acc: 44.520 | Student Test Loss: 2.546 | Student Test Acc: 41.270 | Teacher Test F1: 0.436 | Student Test F1: 0.409 | Teacher Top 5 Accuracy: 0.740 | Student Top 5 Accuracy: 0.717 | Time: 2.427 | 
Running student landscape probe...
[Train] Epoch: 17 | Teacher lr=0.5671 | Teacher Loss: 1.804 | Teacher Train Acc: 57.436 | Student lr=0.5671 | Student Train Acc: 56.914 | Time: 142.071 |
[Eval] Epoch: 17 | Teacher Test Loss: 2.061 | Teacher Test Acc: 46.620 | Student Test Loss: 2.117 | Student Test Acc: 45.170 | Teacher Test F1: 0.462 | Student Test F1: 0.447 | Teacher Top 5 Accuracy: 0.762 | Student Top 5 Accuracy: 0.762 | Time: 2.503 | 
Running student landscape probe...
[Train] Epoch: 18 | Teacher lr=0.5224 | Teacher Loss: 1.754 | Teacher Train Acc: 58.790 | Student lr=0.5224 | Student Train Acc: 57.250 | Time: 140.788 |
[Eval] Epoch: 18 | Teacher Test Loss: 1.945 | Teacher Test Acc: 49.110 | Student Test Loss: 2.164 | Student Test Acc: 45.410 | Teacher Test F1: 0.488 | Student Test F1: 0.450 | Teacher Top 5 Accuracy: 0.786 | Student Top 5 Accuracy: 0.754 | Time: 2.360 | 
Running student landscape probe...
[Train] Epoch: 19 | Teacher lr=0.4776 | Teacher Loss: 1.709 | Teacher Train Acc: 59.858 | Student lr=0.4776 | Student Train Acc: 58.308 | Time: 141.125 |
[Eval] Epoch: 19 | Teacher Test Loss: 2.011 | Teacher Test Acc: 48.840 | Student Test Loss: 3.024 | Student Test Acc: 32.350 | Teacher Test F1: 0.481 | Student Test F1: 0.327 | Teacher Top 5 Accuracy: 0.781 | Student Top 5 Accuracy: 0.634 | Time: 2.431 | 
Running student landscape probe...
[Train] Epoch: 20 | Teacher lr=0.4329 | Teacher Loss: 1.667 | Teacher Train Acc: 60.686 | Student lr=0.4329 | Student Train Acc: 59.250 | Time: 141.992 |
[Eval] Epoch: 20 | Teacher Test Loss: 1.783 | Teacher Test Acc: 51.430 | Student Test Loss: 2.231 | Student Test Acc: 44.440 | Teacher Test F1: 0.510 | Student Test F1: 0.446 | Teacher Top 5 Accuracy: 0.810 | Student Top 5 Accuracy: 0.751 | Time: 2.258 | 
Running student landscape probe...
[Train] Epoch: 21 | Teacher lr=0.3887 | Teacher Loss: 1.611 | Teacher Train Acc: 62.430 | Student lr=0.3887 | Student Train Acc: 60.048 | Time: 141.742 |
[Eval] Epoch: 21 | Teacher Test Loss: 2.004 | Teacher Test Acc: 48.240 | Student Test Loss: 2.038 | Student Test Acc: 46.460 | Teacher Test F1: 0.482 | Student Test F1: 0.465 | Teacher Top 5 Accuracy: 0.774 | Student Top 5 Accuracy: 0.771 | Time: 2.436 | 
Running student landscape probe...
[Train] Epoch: 22 | Teacher lr=0.3455 | Teacher Loss: 1.563 | Teacher Train Acc: 63.446 | Student lr=0.3455 | Student Train Acc: 60.752 | Time: 142.281 |
[Eval] Epoch: 22 | Teacher Test Loss: 2.000 | Teacher Test Acc: 48.840 | Student Test Loss: 2.095 | Student Test Acc: 46.500 | Teacher Test F1: 0.485 | Student Test F1: 0.459 | Teacher Top 5 Accuracy: 0.779 | Student Top 5 Accuracy: 0.758 | Time: 2.557 | 
Running student landscape probe...
[Train] Epoch: 23 | Teacher lr=0.3035 | Teacher Loss: 1.503 | Teacher Train Acc: 65.016 | Student lr=0.3035 | Student Train Acc: 62.324 | Time: 142.951 |
[Eval] Epoch: 23 | Teacher Test Loss: 1.856 | Teacher Test Acc: 52.170 | Student Test Loss: 1.835 | Student Test Acc: 51.720 | Teacher Test F1: 0.522 | Student Test F1: 0.516 | Teacher Top 5 Accuracy: 0.798 | Student Top 5 Accuracy: 0.808 | Time: 2.478 | 
Running student landscape probe...
[Train] Epoch: 24 | Teacher lr=0.2631 | Teacher Loss: 1.455 | Teacher Train Acc: 66.164 | Student lr=0.2631 | Student Train Acc: 62.994 | Time: 140.335 |
[Eval] Epoch: 24 | Teacher Test Loss: 1.867 | Teacher Test Acc: 51.300 | Student Test Loss: 1.962 | Student Test Acc: 49.680 | Teacher Test F1: 0.512 | Student Test F1: 0.494 | Teacher Top 5 Accuracy: 0.802 | Student Top 5 Accuracy: 0.792 | Time: 2.528 | 
Running student landscape probe...
[Train] Epoch: 25 | Teacher lr=0.2246 | Teacher Loss: 1.397 | Teacher Train Acc: 67.810 | Student lr=0.2246 | Student Train Acc: 64.242 | Time: 141.614 |
[Eval] Epoch: 25 | Teacher Test Loss: 1.689 | Teacher Test Acc: 55.700 | Student Test Loss: 1.977 | Student Test Acc: 50.240 | Teacher Test F1: 0.554 | Student Test F1: 0.498 | Teacher Top 5 Accuracy: 0.831 | Student Top 5 Accuracy: 0.795 | Time: 2.435 | 
Running student landscape probe...
[Train] Epoch: 26 | Teacher lr=0.1883 | Teacher Loss: 1.341 | Teacher Train Acc: 69.248 | Student lr=0.1883 | Student Train Acc: 65.186 | Time: 142.583 |
[Eval] Epoch: 26 | Teacher Test Loss: 1.627 | Teacher Test Acc: 55.900 | Student Test Loss: 2.001 | Student Test Acc: 49.210 | Teacher Test F1: 0.559 | Student Test F1: 0.495 | Teacher Top 5 Accuracy: 0.839 | Student Top 5 Accuracy: 0.789 | Time: 2.459 | 
Running student landscape probe...
[Train] Epoch: 27 | Teacher lr=0.1545 | Teacher Loss: 1.271 | Teacher Train Acc: 71.016 | Student lr=0.1545 | Student Train Acc: 66.554 | Time: 141.250 |
[Eval] Epoch: 27 | Teacher Test Loss: 1.643 | Teacher Test Acc: 56.180 | Student Test Loss: 1.927 | Student Test Acc: 51.150 | Teacher Test F1: 0.559 | Student Test F1: 0.507 | Teacher Top 5 Accuracy: 0.837 | Student Top 5 Accuracy: 0.798 | Time: 2.509 | 
Running student landscape probe...
[Train] Epoch: 28 | Teacher lr=0.1235 | Teacher Loss: 1.207 | Teacher Train Acc: 72.716 | Student lr=0.1235 | Student Train Acc: 67.730 | Time: 142.827 |
[Eval] Epoch: 28 | Teacher Test Loss: 1.608 | Teacher Test Acc: 57.520 | Student Test Loss: 2.001 | Student Test Acc: 49.800 | Teacher Test F1: 0.577 | Student Test F1: 0.493 | Teacher Top 5 Accuracy: 0.841 | Student Top 5 Accuracy: 0.788 | Time: 2.465 | 
Running student landscape probe...
[Train] Epoch: 29 | Teacher lr=0.0955 | Teacher Loss: 1.142 | Teacher Train Acc: 74.378 | Student lr=0.0955 | Student Train Acc: 69.336 | Time: 142.744 |
[Eval] Epoch: 29 | Teacher Test Loss: 1.544 | Teacher Test Acc: 59.040 | Student Test Loss: 1.873 | Student Test Acc: 51.920 | Teacher Test F1: 0.590 | Student Test F1: 0.521 | Teacher Top 5 Accuracy: 0.852 | Student Top 5 Accuracy: 0.808 | Time: 2.492 | 
Running student landscape probe...
[Train] Epoch: 30 | Teacher lr=0.0708 | Teacher Loss: 1.078 | Teacher Train Acc: 76.134 | Student lr=0.0708 | Student Train Acc: 70.602 | Time: 140.249 |
[Eval] Epoch: 30 | Teacher Test Loss: 1.536 | Teacher Test Acc: 59.700 | Student Test Loss: 2.143 | Student Test Acc: 48.890 | Teacher Test F1: 0.595 | Student Test F1: 0.488 | Teacher Top 5 Accuracy: 0.852 | Student Top 5 Accuracy: 0.774 | Time: 2.525 | 
Running student landscape probe...
[Train] Epoch: 31 | Teacher lr=0.0495 | Teacher Loss: 1.018 | Teacher Train Acc: 77.670 | Student lr=0.0495 | Student Train Acc: 71.764 | Time: 141.372 |
[Eval] Epoch: 31 | Teacher Test Loss: 1.465 | Teacher Test Acc: 61.090 | Student Test Loss: 2.073 | Student Test Acc: 50.260 | Teacher Test F1: 0.611 | Student Test F1: 0.503 | Teacher Top 5 Accuracy: 0.863 | Student Top 5 Accuracy: 0.788 | Time: 2.578 | 
Running student landscape probe...
[Train] Epoch: 32 | Teacher lr=0.0319 | Teacher Loss: 0.957 | Teacher Train Acc: 79.100 | Student lr=0.0319 | Student Train Acc: 73.378 | Time: 141.475 |
[Eval] Epoch: 32 | Teacher Test Loss: 1.437 | Teacher Test Acc: 62.100 | Student Test Loss: 1.824 | Student Test Acc: 54.820 | Teacher Test F1: 0.619 | Student Test F1: 0.548 | Teacher Top 5 Accuracy: 0.868 | Student Top 5 Accuracy: 0.822 | Time: 2.521 | 
Running student landscape probe...
[Train] Epoch: 33 | Teacher lr=0.0180 | Teacher Loss: 0.906 | Teacher Train Acc: 80.566 | Student lr=0.0180 | Student Train Acc: 74.872 | Time: 141.472 |
[Eval] Epoch: 33 | Teacher Test Loss: 1.409 | Teacher Test Acc: 62.490 | Student Test Loss: 1.773 | Student Test Acc: 55.830 | Teacher Test F1: 0.624 | Student Test F1: 0.558 | Teacher Top 5 Accuracy: 0.872 | Student Top 5 Accuracy: 0.830 | Time: 2.599 | 
Running student landscape probe...
[Train] Epoch: 34 | Teacher lr=0.0080 | Teacher Loss: 0.866 | Teacher Train Acc: 81.318 | Student lr=0.0080 | Student Train Acc: 75.828 | Time: 142.069 |
[Eval] Epoch: 34 | Teacher Test Loss: 1.422 | Teacher Test Acc: 62.520 | Student Test Loss: 1.744 | Student Test Acc: 56.600 | Teacher Test F1: 0.623 | Student Test F1: 0.564 | Teacher Top 5 Accuracy: 0.870 | Student Top 5 Accuracy: 0.832 | Time: 2.603 | 
Running student landscape probe...
[Train] Epoch: 35 | Teacher lr=0.0020 | Teacher Loss: 0.846 | Teacher Train Acc: 82.078 | Student lr=0.0020 | Student Train Acc: 76.580 | Time: 138.346 |
[Eval] Epoch: 35 | Teacher Test Loss: 1.422 | Teacher Test Acc: 62.500 | Student Test Loss: 1.739 | Student Test Acc: 56.800 | Teacher Test F1: 0.624 | Student Test F1: 0.566 | Teacher Top 5 Accuracy: 0.871 | Student Top 5 Accuracy: 0.834 | Time: 0.955 | 
Running student landscape probe...
ckpt location: ckpt/robust12h_industry/cosine_innoise015_seed3_35ep.pt
