/home/jovyan/.mlspace/envs/egy_llm/lib/python3.11/site-packages/torchvision/datasets/cifar.py:83: VisibleDeprecationWarning: dtype(): align should be passed as Python or NumPy boolean but got `align=0`. Did you mean to pass a tuple to create a subarray type? (Deprecated NumPy 2.4)
  entry = pickle.load(f, encoding="latin1")
depth_list: [110, 20]
[NoisyClassificationDataset] num_classes=100 label_noise_rate=0.200 input_noise_std=0.0000 flipped=9964/50000
Dataset information: cifar100	 50000 images for training 	 10000 images for testing	
teacher depth: 110
student depth: 20
Total number of teacher parameters: 1,169,972
Total number of student parameters: 278,132
Snapshots will be saved to: snapshots/robust12h_industry/cosine_compound_seed3_35ep
==== train and evaluate unequal restart ====
[Eval] Epoch: 0 | Teacher Test Loss: 9743.739 | Teacher Test Acc: 1.130 | Student Test Loss: 5.207 | Student Test Acc: 1.000 | Teacher Test F1: 0.001 | Student Test F1: 0.000 | Teacher Top 5 Accuracy: 0.048 | Student Top 5 Accuracy: 0.047 | Time: 2.783 | 
Running student landscape probe...
[Train] Epoch: 1 | Teacher lr=1.0000 | Teacher Loss: 4.295 | Teacher Train Acc: 7.526 | Student lr=1.0000 | Student Train Acc: 13.712 | Time: 138.867 |
[Eval] Epoch: 1 | Teacher Test Loss: 3.730 | Teacher Test Acc: 11.880 | Student Test Loss: 3.299 | Student Test Acc: 19.760 | Teacher Test F1: 0.084 | Student Test F1: 0.175 | Teacher Top 5 Accuracy: 0.348 | Student Top 5 Accuracy: 0.483 | Time: 2.466 | 
Running student landscape probe...
[Train] Epoch: 2 | Teacher lr=0.9980 | Teacher Loss: 3.894 | Teacher Train Acc: 16.956 | Student lr=0.9980 | Student Train Acc: 27.872 | Time: 137.508 |
[Eval] Epoch: 2 | Teacher Test Loss: 3.169 | Teacher Test Acc: 21.620 | Student Test Loss: 2.910 | Student Test Acc: 27.090 | Teacher Test F1: 0.194 | Student Test F1: 0.243 | Teacher Top 5 Accuracy: 0.535 | Student Top 5 Accuracy: 0.601 | Time: 2.493 | 
Running student landscape probe...
[Train] Epoch: 3 | Teacher lr=0.9920 | Teacher Loss: 3.568 | Teacher Train Acc: 24.550 | Student lr=0.9920 | Student Train Acc: 33.704 | Time: 136.788 |
[Eval] Epoch: 3 | Teacher Test Loss: 3.088 | Teacher Test Acc: 24.560 | Student Test Loss: 3.103 | Student Test Acc: 23.960 | Teacher Test F1: 0.227 | Student Test F1: 0.222 | Teacher Top 5 Accuracy: 0.550 | Student Top 5 Accuracy: 0.538 | Time: 2.537 | 
Running student landscape probe...
[Train] Epoch: 4 | Teacher lr=0.9820 | Teacher Loss: 3.382 | Teacher Train Acc: 29.078 | Student lr=0.9820 | Student Train Acc: 36.612 | Time: 138.892 |
[Eval] Epoch: 4 | Teacher Test Loss: 2.700 | Teacher Test Acc: 31.600 | Student Test Loss: 2.915 | Student Test Acc: 28.660 | Teacher Test F1: 0.299 | Student Test F1: 0.288 | Teacher Top 5 Accuracy: 0.640 | Student Top 5 Accuracy: 0.593 | Time: 2.561 | 
Running student landscape probe...
[Train] Epoch: 5 | Teacher lr=0.9681 | Teacher Loss: 3.256 | Teacher Train Acc: 32.506 | Student lr=0.9681 | Student Train Acc: 38.706 | Time: 137.890 |
[Eval] Epoch: 5 | Teacher Test Loss: 2.493 | Teacher Test Acc: 35.720 | Student Test Loss: 2.563 | Student Test Acc: 35.030 | Teacher Test F1: 0.342 | Student Test F1: 0.334 | Teacher Top 5 Accuracy: 0.695 | Student Top 5 Accuracy: 0.667 | Time: 2.592 | 
Running student landscape probe...
[Train] Epoch: 6 | Teacher lr=0.9505 | Teacher Loss: 3.175 | Teacher Train Acc: 34.604 | Student lr=0.9505 | Student Train Acc: 39.752 | Time: 138.521 |
[Eval] Epoch: 6 | Teacher Test Loss: 2.694 | Teacher Test Acc: 32.690 | Student Test Loss: 3.008 | Student Test Acc: 26.790 | Teacher Test F1: 0.320 | Student Test F1: 0.254 | Teacher Top 5 Accuracy: 0.634 | Student Top 5 Accuracy: 0.572 | Time: 2.589 | 
Running student landscape probe...
[Train] Epoch: 7 | Teacher lr=0.9292 | Teacher Loss: 3.115 | Teacher Train Acc: 36.344 | Student lr=0.9292 | Student Train Acc: 40.726 | Time: 138.065 |
[Eval] Epoch: 7 | Teacher Test Loss: 2.492 | Teacher Test Acc: 36.720 | Student Test Loss: 2.549 | Student Test Acc: 35.410 | Teacher Test F1: 0.350 | Student Test F1: 0.345 | Teacher Top 5 Accuracy: 0.691 | Student Top 5 Accuracy: 0.677 | Time: 2.672 | 
Running student landscape probe...
[Train] Epoch: 8 | Teacher lr=0.9045 | Teacher Loss: 3.055 | Teacher Train Acc: 38.092 | Student lr=0.9045 | Student Train Acc: 41.608 | Time: 137.912 |
[Eval] Epoch: 8 | Teacher Test Loss: 2.309 | Teacher Test Acc: 41.140 | Student Test Loss: 2.784 | Student Test Acc: 31.590 | Teacher Test F1: 0.399 | Student Test F1: 0.304 | Teacher Top 5 Accuracy: 0.735 | Student Top 5 Accuracy: 0.632 | Time: 2.681 | 
Running student landscape probe...
[Train] Epoch: 9 | Teacher lr=0.8765 | Teacher Loss: 3.000 | Teacher Train Acc: 39.622 | Student lr=0.8765 | Student Train Acc: 42.170 | Time: 137.575 |
[Eval] Epoch: 9 | Teacher Test Loss: 2.196 | Teacher Test Acc: 43.200 | Student Test Loss: 2.399 | Student Test Acc: 38.560 | Teacher Test F1: 0.422 | Student Test F1: 0.381 | Teacher Top 5 Accuracy: 0.756 | Student Top 5 Accuracy: 0.713 | Time: 2.706 | 
Running student landscape probe...
[Train] Epoch: 10 | Teacher lr=0.8455 | Teacher Loss: 2.938 | Teacher Train Acc: 41.294 | Student lr=0.8455 | Student Train Acc: 43.284 | Time: 137.298 |
[Eval] Epoch: 10 | Teacher Test Loss: 2.361 | Teacher Test Acc: 41.060 | Student Test Loss: 2.479 | Student Test Acc: 38.750 | Teacher Test F1: 0.399 | Student Test F1: 0.381 | Teacher Top 5 Accuracy: 0.731 | Student Top 5 Accuracy: 0.703 | Time: 2.707 | 
Running student landscape probe...
[Train] Epoch: 11 | Teacher lr=0.8117 | Teacher Loss: 2.906 | Teacher Train Acc: 42.016 | Student lr=0.8117 | Student Train Acc: 43.782 | Time: 139.424 |
[Eval] Epoch: 11 | Teacher Test Loss: 2.319 | Teacher Test Acc: 42.540 | Student Test Loss: 2.684 | Student Test Acc: 32.410 | Teacher Test F1: 0.409 | Student Test F1: 0.329 | Teacher Top 5 Accuracy: 0.725 | Student Top 5 Accuracy: 0.649 | Time: 2.711 | 
Running student landscape probe...
[Train] Epoch: 12 | Teacher lr=0.7754 | Teacher Loss: 2.855 | Teacher Train Acc: 43.848 | Student lr=0.7754 | Student Train Acc: 44.620 | Time: 136.321 |
[Eval] Epoch: 12 | Teacher Test Loss: 1.931 | Teacher Test Acc: 49.320 | Student Test Loss: 2.310 | Student Test Acc: 41.460 | Teacher Test F1: 0.488 | Student Test F1: 0.408 | Teacher Top 5 Accuracy: 0.809 | Student Top 5 Accuracy: 0.730 | Time: 2.677 | 
Running student landscape probe...
[Train] Epoch: 13 | Teacher lr=0.7369 | Teacher Loss: 2.814 | Teacher Train Acc: 44.668 | Student lr=0.7369 | Student Train Acc: 45.398 | Time: 139.183 |
[Eval] Epoch: 13 | Teacher Test Loss: 2.076 | Teacher Test Acc: 46.670 | Student Test Loss: 2.312 | Student Test Acc: 42.340 | Teacher Test F1: 0.463 | Student Test F1: 0.422 | Teacher Top 5 Accuracy: 0.785 | Student Top 5 Accuracy: 0.735 | Time: 2.690 | 
Running student landscape probe...
[Train] Epoch: 14 | Teacher lr=0.6965 | Teacher Loss: 2.781 | Teacher Train Acc: 45.450 | Student lr=0.6965 | Student Train Acc: 45.720 | Time: 137.242 |
[Eval] Epoch: 14 | Teacher Test Loss: 2.156 | Teacher Test Acc: 44.560 | Student Test Loss: 2.591 | Student Test Acc: 35.490 | Teacher Test F1: 0.442 | Student Test F1: 0.360 | Teacher Top 5 Accuracy: 0.760 | Student Top 5 Accuracy: 0.679 | Time: 2.714 | 
Running student landscape probe...
[shock] epoch=15 forcing student_lr=1.000000 (window=15..16)
[Train] Epoch: 15 | Teacher lr=0.6545 | Teacher Loss: 2.758 | Teacher Train Acc: 46.568 | Student lr=1.0000 | Student Train Acc: 43.418 | Time: 139.274 |
[Eval] Epoch: 15 | Teacher Test Loss: 2.029 | Teacher Test Acc: 49.710 | Student Test Loss: 2.349 | Student Test Acc: 41.740 | Teacher Test F1: 0.488 | Student Test F1: 0.411 | Teacher Top 5 Accuracy: 0.808 | Student Top 5 Accuracy: 0.734 | Time: 2.701 | 
Running student landscape probe...
[shock] epoch=16 forcing student_lr=1.000000 (window=15..16)
[Train] Epoch: 16 | Teacher lr=0.6113 | Teacher Loss: 2.716 | Teacher Train Acc: 47.850 | Student lr=1.0000 | Student Train Acc: 43.954 | Time: 139.203 |
[Eval] Epoch: 16 | Teacher Test Loss: 1.851 | Teacher Test Acc: 52.390 | Student Test Loss: 2.581 | Student Test Acc: 35.730 | Teacher Test F1: 0.517 | Student Test F1: 0.344 | Teacher Top 5 Accuracy: 0.823 | Student Top 5 Accuracy: 0.676 | Time: 2.691 | 
Running student landscape probe...
[Train] Epoch: 17 | Teacher lr=0.5671 | Teacher Loss: 2.676 | Teacher Train Acc: 48.740 | Student lr=0.9278 | Student Train Acc: 44.562 | Time: 137.441 |
[Eval] Epoch: 17 | Teacher Test Loss: 1.846 | Teacher Test Acc: 52.520 | Student Test Loss: 2.535 | Student Test Acc: 36.830 | Teacher Test F1: 0.521 | Student Test F1: 0.366 | Teacher Top 5 Accuracy: 0.821 | Student Top 5 Accuracy: 0.686 | Time: 2.410 | 
Running student landscape probe...
[Train] Epoch: 18 | Teacher lr=0.5224 | Teacher Loss: 2.632 | Teacher Train Acc: 49.726 | Student lr=0.8547 | Student Train Acc: 45.324 | Time: 138.552 |
[Eval] Epoch: 18 | Teacher Test Loss: 1.835 | Teacher Test Acc: 52.500 | Student Test Loss: 2.300 | Student Test Acc: 40.210 | Teacher Test F1: 0.521 | Student Test F1: 0.403 | Teacher Top 5 Accuracy: 0.824 | Student Top 5 Accuracy: 0.730 | Time: 2.349 | 
Running student landscape probe...
[Train] Epoch: 19 | Teacher lr=0.4776 | Teacher Loss: 2.599 | Teacher Train Acc: 50.604 | Student lr=0.7813 | Student Train Acc: 46.114 | Time: 138.275 |
[Eval] Epoch: 19 | Teacher Test Loss: 1.784 | Teacher Test Acc: 54.470 | Student Test Loss: 2.331 | Student Test Acc: 41.300 | Teacher Test F1: 0.539 | Student Test F1: 0.414 | Teacher Top 5 Accuracy: 0.834 | Student Top 5 Accuracy: 0.726 | Time: 2.343 | 
Running student landscape probe...
[Train] Epoch: 20 | Teacher lr=0.4329 | Teacher Loss: 2.553 | Teacher Train Acc: 51.718 | Student lr=0.7082 | Student Train Acc: 46.720 | Time: 138.603 |
[Eval] Epoch: 20 | Teacher Test Loss: 1.693 | Teacher Test Acc: 55.350 | Student Test Loss: 2.211 | Student Test Acc: 45.900 | Teacher Test F1: 0.554 | Student Test F1: 0.450 | Teacher Top 5 Accuracy: 0.848 | Student Top 5 Accuracy: 0.751 | Time: 2.360 | 
Running student landscape probe...
[Train] Epoch: 21 | Teacher lr=0.3887 | Teacher Loss: 2.506 | Teacher Train Acc: 52.798 | Student lr=0.6360 | Student Train Acc: 47.638 | Time: 137.479 |
[Eval] Epoch: 21 | Teacher Test Loss: 1.666 | Teacher Test Acc: 58.310 | Student Test Loss: 2.161 | Student Test Acc: 45.980 | Teacher Test F1: 0.579 | Student Test F1: 0.458 | Teacher Top 5 Accuracy: 0.856 | Student Top 5 Accuracy: 0.761 | Time: 2.359 | 
Running student landscape probe...
[Train] Epoch: 22 | Teacher lr=0.3455 | Teacher Loss: 2.457 | Teacher Train Acc: 54.178 | Student lr=0.5652 | Student Train Acc: 48.478 | Time: 139.917 |
[Eval] Epoch: 22 | Teacher Test Loss: 1.621 | Teacher Test Acc: 58.450 | Student Test Loss: 2.585 | Student Test Acc: 37.380 | Teacher Test F1: 0.586 | Student Test F1: 0.365 | Teacher Top 5 Accuracy: 0.865 | Student Top 5 Accuracy: 0.657 | Time: 2.409 | 
Running student landscape probe...
[Train] Epoch: 23 | Teacher lr=0.3035 | Teacher Loss: 2.412 | Teacher Train Acc: 55.306 | Student lr=0.4965 | Student Train Acc: 49.632 | Time: 139.553 |
[Eval] Epoch: 23 | Teacher Test Loss: 1.570 | Teacher Test Acc: 60.720 | Student Test Loss: 2.086 | Student Test Acc: 47.670 | Teacher Test F1: 0.605 | Student Test F1: 0.482 | Teacher Top 5 Accuracy: 0.871 | Student Top 5 Accuracy: 0.774 | Time: 2.423 | 
Running student landscape probe...
[Train] Epoch: 24 | Teacher lr=0.2631 | Teacher Loss: 2.355 | Teacher Train Acc: 56.768 | Student lr=0.4304 | Student Train Acc: 50.444 | Time: 137.207 |
[Eval] Epoch: 24 | Teacher Test Loss: 1.458 | Teacher Test Acc: 62.840 | Student Test Loss: 2.093 | Student Test Acc: 47.000 | Teacher Test F1: 0.626 | Student Test F1: 0.471 | Teacher Top 5 Accuracy: 0.882 | Student Top 5 Accuracy: 0.771 | Time: 2.470 | 
Running student landscape probe...
[Train] Epoch: 25 | Teacher lr=0.2246 | Teacher Loss: 2.291 | Teacher Train Acc: 58.242 | Student lr=0.3674 | Student Train Acc: 51.776 | Time: 138.398 |
[Eval] Epoch: 25 | Teacher Test Loss: 1.452 | Teacher Test Acc: 62.910 | Student Test Loss: 2.023 | Student Test Acc: 48.250 | Teacher Test F1: 0.627 | Student Test F1: 0.484 | Teacher Top 5 Accuracy: 0.884 | Student Top 5 Accuracy: 0.782 | Time: 2.379 | 
Running student landscape probe...
[Train] Epoch: 26 | Teacher lr=0.1883 | Teacher Loss: 2.238 | Teacher Train Acc: 59.272 | Student lr=0.3080 | Student Train Acc: 52.746 | Time: 137.154 |
[Eval] Epoch: 26 | Teacher Test Loss: 1.434 | Teacher Test Acc: 64.460 | Student Test Loss: 1.992 | Student Test Acc: 49.730 | Teacher Test F1: 0.641 | Student Test F1: 0.495 | Teacher Top 5 Accuracy: 0.889 | Student Top 5 Accuracy: 0.789 | Time: 2.540 | 
Running student landscape probe...
[Train] Epoch: 27 | Teacher lr=0.1545 | Teacher Loss: 2.173 | Teacher Train Acc: 61.050 | Student lr=0.2527 | Student Train Acc: 53.642 | Time: 136.456 |
[Eval] Epoch: 27 | Teacher Test Loss: 1.340 | Teacher Test Acc: 66.640 | Student Test Loss: 1.888 | Student Test Acc: 52.370 | Teacher Test F1: 0.668 | Student Test F1: 0.524 | Teacher Top 5 Accuracy: 0.900 | Student Top 5 Accuracy: 0.810 | Time: 2.532 | 
Running student landscape probe...
[Train] Epoch: 28 | Teacher lr=0.1235 | Teacher Loss: 2.103 | Teacher Train Acc: 62.432 | Student lr=0.2020 | Student Train Acc: 55.064 | Time: 138.369 |
[Eval] Epoch: 28 | Teacher Test Loss: 1.347 | Teacher Test Acc: 66.230 | Student Test Loss: 1.879 | Student Test Acc: 52.850 | Teacher Test F1: 0.662 | Student Test F1: 0.530 | Teacher Top 5 Accuracy: 0.900 | Student Top 5 Accuracy: 0.811 | Time: 2.341 | 
Running student landscape probe...
[Train] Epoch: 29 | Teacher lr=0.0955 | Teacher Loss: 2.034 | Teacher Train Acc: 64.040 | Student lr=0.1562 | Student Train Acc: 56.556 | Time: 136.843 |
[Eval] Epoch: 29 | Teacher Test Loss: 1.304 | Teacher Test Acc: 68.170 | Student Test Loss: 1.774 | Student Test Acc: 54.870 | Teacher Test F1: 0.681 | Student Test F1: 0.554 | Teacher Top 5 Accuracy: 0.904 | Student Top 5 Accuracy: 0.826 | Time: 2.343 | 
Running student landscape probe...
[Train] Epoch: 30 | Teacher lr=0.0708 | Teacher Loss: 1.957 | Teacher Train Acc: 65.832 | Student lr=0.1158 | Student Train Acc: 57.786 | Time: 137.262 |
[Eval] Epoch: 30 | Teacher Test Loss: 1.275 | Teacher Test Acc: 68.490 | Student Test Loss: 1.752 | Student Test Acc: 55.100 | Teacher Test F1: 0.683 | Student Test F1: 0.550 | Teacher Top 5 Accuracy: 0.904 | Student Top 5 Accuracy: 0.829 | Time: 2.414 | 
Running student landscape probe...
[Train] Epoch: 31 | Teacher lr=0.0495 | Teacher Loss: 1.881 | Teacher Train Acc: 67.626 | Student lr=0.0810 | Student Train Acc: 59.570 | Time: 136.770 |
[Eval] Epoch: 31 | Teacher Test Loss: 1.237 | Teacher Test Acc: 68.990 | Student Test Loss: 1.602 | Student Test Acc: 59.450 | Teacher Test F1: 0.689 | Student Test F1: 0.591 | Teacher Top 5 Accuracy: 0.911 | Student Top 5 Accuracy: 0.855 | Time: 2.319 | 
Running student landscape probe...
[Train] Epoch: 32 | Teacher lr=0.0319 | Teacher Loss: 1.809 | Teacher Train Acc: 68.928 | Student lr=0.0522 | Student Train Acc: 61.340 | Time: 136.493 |
[Eval] Epoch: 32 | Teacher Test Loss: 1.236 | Teacher Test Acc: 69.330 | Student Test Loss: 1.536 | Student Test Acc: 61.430 | Teacher Test F1: 0.692 | Student Test F1: 0.612 | Teacher Top 5 Accuracy: 0.911 | Student Top 5 Accuracy: 0.867 | Time: 2.419 | 
Running student landscape probe...
[Train] Epoch: 33 | Teacher lr=0.0180 | Teacher Loss: 1.741 | Teacher Train Acc: 70.222 | Student lr=0.0295 | Student Train Acc: 62.690 | Time: 136.524 |
[Eval] Epoch: 33 | Teacher Test Loss: 1.209 | Teacher Test Acc: 69.770 | Student Test Loss: 1.472 | Student Test Acc: 63.220 | Teacher Test F1: 0.697 | Student Test F1: 0.629 | Teacher Top 5 Accuracy: 0.915 | Student Top 5 Accuracy: 0.873 | Time: 2.376 | 
Running student landscape probe...
[Train] Epoch: 34 | Teacher lr=0.0080 | Teacher Loss: 1.688 | Teacher Train Acc: 71.378 | Student lr=0.0131 | Student Train Acc: 64.176 | Time: 137.974 |
[Eval] Epoch: 34 | Teacher Test Loss: 1.201 | Teacher Test Acc: 70.130 | Student Test Loss: 1.436 | Student Test Acc: 64.060 | Teacher Test F1: 0.700 | Student Test F1: 0.638 | Teacher Top 5 Accuracy: 0.914 | Student Top 5 Accuracy: 0.876 | Time: 2.391 | 
Running student landscape probe...
[Train] Epoch: 35 | Teacher lr=0.0020 | Teacher Loss: 1.657 | Teacher Train Acc: 71.802 | Student lr=0.0033 | Student Train Acc: 65.152 | Time: 137.785 |
[Eval] Epoch: 35 | Teacher Test Loss: 1.192 | Teacher Test Acc: 70.360 | Student Test Loss: 1.402 | Student Test Acc: 64.480 | Teacher Test F1: 0.702 | Student Test F1: 0.643 | Teacher Top 5 Accuracy: 0.914 | Student Top 5 Accuracy: 0.881 | Time: 2.680 | 
Running student landscape probe...
ckpt location: ckpt/robust12h_industry/cosine_compound_seed3_35ep.pt
