/home/jovyan/.mlspace/envs/egy_llm/lib/python3.11/site-packages/torchvision/datasets/cifar.py:83: VisibleDeprecationWarning: dtype(): align should be passed as Python or NumPy boolean but got `align=0`. Did you mean to pass a tuple to create a subarray type? (Deprecated NumPy 2.4)
  entry = pickle.load(f, encoding="latin1")
depth_list: [110, 20]
[NoisyClassificationDataset] num_classes=100 label_noise_rate=0.000 input_noise_std=0.1500 flipped=0/50000
Dataset information: cifar100	 50000 images for training 	 10000 images for testing	
teacher depth: 110
student depth: 20
Total number of teacher parameters: 1,169,972
Total number of student parameters: 278,132
Snapshots will be saved to: snapshots/robust12h_industry/cosine_innoise015_seed4_35ep
==== train and evaluate unequal restart ====
[Eval] Epoch: 0 | Teacher Test Loss: 8723.027 | Teacher Test Acc: 1.000 | Student Test Loss: 5.114 | Student Test Acc: 0.930 | Teacher Test F1: 0.000 | Student Test F1: 0.001 | Teacher Top 5 Accuracy: 0.050 | Student Top 5 Accuracy: 0.051 | Time: 2.860 | 
Running student landscape probe...
[Train] Epoch: 1 | Teacher lr=1.0000 | Teacher Loss: 4.062 | Teacher Train Acc: 10.016 | Student lr=1.0000 | Student Train Acc: 20.940 | Time: 143.344 |
[Eval] Epoch: 1 | Teacher Test Loss: 3.595 | Teacher Test Acc: 14.840 | Student Test Loss: 3.430 | Student Test Acc: 20.610 | Teacher Test F1: 0.116 | Student Test F1: 0.177 | Teacher Top 5 Accuracy: 0.405 | Student Top 5 Accuracy: 0.477 | Time: 2.220 | 
Running student landscape probe...
[Train] Epoch: 2 | Teacher lr=0.9980 | Teacher Loss: 3.453 | Teacher Train Acc: 21.520 | Student lr=0.9980 | Student Train Acc: 37.402 | Time: 141.764 |
[Eval] Epoch: 2 | Teacher Test Loss: 3.147 | Teacher Test Acc: 22.370 | Student Test Loss: 2.667 | Student Test Acc: 31.780 | Teacher Test F1: 0.203 | Student Test F1: 0.303 | Teacher Top 5 Accuracy: 0.532 | Student Top 5 Accuracy: 0.632 | Time: 2.311 | 
Running student landscape probe...
[Train] Epoch: 3 | Teacher lr=0.9920 | Teacher Loss: 2.938 | Teacher Train Acc: 31.102 | Student lr=0.9920 | Student Train Acc: 43.198 | Time: 142.153 |
[Eval] Epoch: 3 | Teacher Test Loss: 3.225 | Teacher Test Acc: 23.720 | Student Test Loss: 2.905 | Student Test Acc: 30.580 | Teacher Test F1: 0.225 | Student Test F1: 0.295 | Teacher Top 5 Accuracy: 0.533 | Student Top 5 Accuracy: 0.607 | Time: 2.404 | 
Running student landscape probe...
[Train] Epoch: 4 | Teacher lr=0.9820 | Teacher Loss: 2.691 | Teacher Train Acc: 36.366 | Student lr=0.9820 | Student Train Acc: 45.856 | Time: 143.680 |
[Eval] Epoch: 4 | Teacher Test Loss: 3.222 | Teacher Test Acc: 25.920 | Student Test Loss: 2.782 | Student Test Acc: 33.000 | Teacher Test F1: 0.243 | Student Test F1: 0.309 | Teacher Top 5 Accuracy: 0.554 | Student Top 5 Accuracy: 0.624 | Time: 2.458 | 
Running student landscape probe...
[Train] Epoch: 5 | Teacher lr=0.9681 | Teacher Loss: 2.504 | Teacher Train Acc: 40.672 | Student lr=0.9681 | Student Train Acc: 47.846 | Time: 142.965 |
[Eval] Epoch: 5 | Teacher Test Loss: 2.806 | Teacher Test Acc: 30.460 | Student Test Loss: 2.481 | Student Test Acc: 35.480 | Teacher Test F1: 0.294 | Student Test F1: 0.353 | Teacher Top 5 Accuracy: 0.616 | Student Top 5 Accuracy: 0.690 | Time: 2.471 | 
Running student landscape probe...
[Train] Epoch: 6 | Teacher lr=0.9505 | Teacher Loss: 2.406 | Teacher Train Acc: 42.918 | Student lr=0.9505 | Student Train Acc: 48.644 | Time: 142.794 |
[Eval] Epoch: 6 | Teacher Test Loss: 2.800 | Teacher Test Acc: 31.720 | Student Test Loss: 2.602 | Student Test Acc: 33.880 | Teacher Test F1: 0.309 | Student Test F1: 0.332 | Teacher Top 5 Accuracy: 0.632 | Student Top 5 Accuracy: 0.671 | Time: 2.400 | 
Running student landscape probe...
[Train] Epoch: 7 | Teacher lr=0.9292 | Teacher Loss: 2.304 | Teacher Train Acc: 45.360 | Student lr=0.9292 | Student Train Acc: 49.882 | Time: 141.588 |
[Eval] Epoch: 7 | Teacher Test Loss: 2.583 | Teacher Test Acc: 35.860 | Student Test Loss: 2.555 | Student Test Acc: 36.660 | Teacher Test F1: 0.346 | Student Test F1: 0.356 | Teacher Top 5 Accuracy: 0.675 | Student Top 5 Accuracy: 0.692 | Time: 2.442 | 
Running student landscape probe...
[Train] Epoch: 8 | Teacher lr=0.9045 | Teacher Loss: 2.201 | Teacher Train Acc: 47.438 | Student lr=0.9045 | Student Train Acc: 50.860 | Time: 141.473 |
[Eval] Epoch: 8 | Teacher Test Loss: 2.648 | Teacher Test Acc: 35.120 | Student Test Loss: 2.350 | Student Test Acc: 40.430 | Teacher Test F1: 0.342 | Student Test F1: 0.395 | Teacher Top 5 Accuracy: 0.657 | Student Top 5 Accuracy: 0.712 | Time: 2.533 | 
Running student landscape probe...
[Train] Epoch: 9 | Teacher lr=0.8765 | Teacher Loss: 2.154 | Teacher Train Acc: 48.852 | Student lr=0.8765 | Student Train Acc: 51.686 | Time: 139.459 |
[Eval] Epoch: 9 | Teacher Test Loss: 2.931 | Teacher Test Acc: 31.220 | Student Test Loss: 2.423 | Student Test Acc: 38.820 | Teacher Test F1: 0.306 | Student Test F1: 0.378 | Teacher Top 5 Accuracy: 0.629 | Student Top 5 Accuracy: 0.698 | Time: 2.451 | 
Running student landscape probe...
[Train] Epoch: 10 | Teacher lr=0.8455 | Teacher Loss: 2.080 | Teacher Train Acc: 50.636 | Student lr=0.8455 | Student Train Acc: 52.250 | Time: 142.338 |
[Eval] Epoch: 10 | Teacher Test Loss: 2.376 | Teacher Test Acc: 39.810 | Student Test Loss: 2.586 | Student Test Acc: 34.820 | Teacher Test F1: 0.384 | Student Test F1: 0.341 | Teacher Top 5 Accuracy: 0.720 | Student Top 5 Accuracy: 0.659 | Time: 2.489 | 
Running student landscape probe...
[Train] Epoch: 11 | Teacher lr=0.8117 | Teacher Loss: 2.046 | Teacher Train Acc: 51.470 | Student lr=0.8117 | Student Train Acc: 53.036 | Time: 142.557 |
[Eval] Epoch: 11 | Teacher Test Loss: 2.307 | Teacher Test Acc: 42.590 | Student Test Loss: 2.699 | Student Test Acc: 36.590 | Teacher Test F1: 0.415 | Student Test F1: 0.350 | Teacher Top 5 Accuracy: 0.727 | Student Top 5 Accuracy: 0.682 | Time: 2.413 | 
Running student landscape probe...
[Train] Epoch: 12 | Teacher lr=0.7754 | Teacher Loss: 1.994 | Teacher Train Acc: 52.682 | Student lr=0.7754 | Student Train Acc: 53.518 | Time: 142.200 |
[Eval] Epoch: 12 | Teacher Test Loss: 2.207 | Teacher Test Acc: 43.940 | Student Test Loss: 2.557 | Student Test Acc: 37.520 | Teacher Test F1: 0.432 | Student Test F1: 0.363 | Teacher Top 5 Accuracy: 0.752 | Student Top 5 Accuracy: 0.679 | Time: 2.550 | 
Running student landscape probe...
[Train] Epoch: 13 | Teacher lr=0.7369 | Teacher Loss: 1.953 | Teacher Train Acc: 53.820 | Student lr=0.7369 | Student Train Acc: 54.250 | Time: 141.972 |
[Eval] Epoch: 13 | Teacher Test Loss: 2.097 | Teacher Test Acc: 44.510 | Student Test Loss: 2.166 | Student Test Acc: 43.070 | Teacher Test F1: 0.438 | Student Test F1: 0.420 | Teacher Top 5 Accuracy: 0.763 | Student Top 5 Accuracy: 0.738 | Time: 2.645 | 
Running student landscape probe...
[Train] Epoch: 14 | Teacher lr=0.6965 | Teacher Loss: 1.911 | Teacher Train Acc: 54.666 | Student lr=0.6965 | Student Train Acc: 55.004 | Time: 142.232 |
[Eval] Epoch: 14 | Teacher Test Loss: 2.107 | Teacher Test Acc: 45.090 | Student Test Loss: 2.251 | Student Test Acc: 41.900 | Teacher Test F1: 0.451 | Student Test F1: 0.414 | Teacher Top 5 Accuracy: 0.755 | Student Top 5 Accuracy: 0.733 | Time: 2.636 | 
Running student landscape probe...
[Train] Epoch: 15 | Teacher lr=0.6545 | Teacher Loss: 1.868 | Teacher Train Acc: 55.842 | Student lr=0.6545 | Student Train Acc: 55.488 | Time: 143.292 |
[Eval] Epoch: 15 | Teacher Test Loss: 2.034 | Teacher Test Acc: 46.590 | Student Test Loss: 2.093 | Student Test Acc: 45.210 | Teacher Test F1: 0.457 | Student Test F1: 0.444 | Teacher Top 5 Accuracy: 0.773 | Student Top 5 Accuracy: 0.762 | Time: 2.610 | 
Running student landscape probe...
[Train] Epoch: 16 | Teacher lr=0.6113 | Teacher Loss: 1.824 | Teacher Train Acc: 57.174 | Student lr=0.6113 | Student Train Acc: 56.296 | Time: 139.743 |
[Eval] Epoch: 16 | Teacher Test Loss: 2.028 | Teacher Test Acc: 47.710 | Student Test Loss: 2.205 | Student Test Acc: 43.230 | Teacher Test F1: 0.471 | Student Test F1: 0.433 | Teacher Top 5 Accuracy: 0.763 | Student Top 5 Accuracy: 0.748 | Time: 2.686 | 
Running student landscape probe...
[Train] Epoch: 17 | Teacher lr=0.5671 | Teacher Loss: 1.783 | Teacher Train Acc: 57.972 | Student lr=0.5671 | Student Train Acc: 56.800 | Time: 141.519 |
[Eval] Epoch: 17 | Teacher Test Loss: 2.248 | Teacher Test Acc: 42.220 | Student Test Loss: 2.675 | Student Test Acc: 37.290 | Teacher Test F1: 0.425 | Student Test F1: 0.374 | Teacher Top 5 Accuracy: 0.737 | Student Top 5 Accuracy: 0.669 | Time: 2.602 | 
Running student landscape probe...
[Train] Epoch: 18 | Teacher lr=0.5224 | Teacher Loss: 1.739 | Teacher Train Acc: 59.142 | Student lr=0.5224 | Student Train Acc: 57.650 | Time: 140.099 |
[Eval] Epoch: 18 | Teacher Test Loss: 2.192 | Teacher Test Acc: 44.620 | Student Test Loss: 2.453 | Student Test Acc: 38.570 | Teacher Test F1: 0.450 | Student Test F1: 0.380 | Teacher Top 5 Accuracy: 0.751 | Student Top 5 Accuracy: 0.704 | Time: 2.680 | 
Running student landscape probe...
[Train] Epoch: 19 | Teacher lr=0.4776 | Teacher Loss: 1.694 | Teacher Train Acc: 60.378 | Student lr=0.4776 | Student Train Acc: 58.336 | Time: 140.235 |
[Eval] Epoch: 19 | Teacher Test Loss: 2.291 | Teacher Test Acc: 43.780 | Student Test Loss: 2.223 | Student Test Acc: 43.920 | Teacher Test F1: 0.429 | Student Test F1: 0.433 | Teacher Top 5 Accuracy: 0.724 | Student Top 5 Accuracy: 0.737 | Time: 2.584 | 
Running student landscape probe...
[Train] Epoch: 20 | Teacher lr=0.4329 | Teacher Loss: 1.650 | Teacher Train Acc: 61.602 | Student lr=0.4329 | Student Train Acc: 58.994 | Time: 141.440 |
[Eval] Epoch: 20 | Teacher Test Loss: 1.985 | Teacher Test Acc: 48.740 | Student Test Loss: 2.223 | Student Test Acc: 44.110 | Teacher Test F1: 0.483 | Student Test F1: 0.436 | Teacher Top 5 Accuracy: 0.778 | Student Top 5 Accuracy: 0.743 | Time: 2.666 | 
Running student landscape probe...
[Train] Epoch: 21 | Teacher lr=0.3887 | Teacher Loss: 1.598 | Teacher Train Acc: 62.650 | Student lr=0.3887 | Student Train Acc: 60.238 | Time: 141.095 |
[Eval] Epoch: 21 | Teacher Test Loss: 1.930 | Teacher Test Acc: 50.740 | Student Test Loss: 2.194 | Student Test Acc: 44.030 | Teacher Test F1: 0.504 | Student Test F1: 0.435 | Teacher Top 5 Accuracy: 0.786 | Student Top 5 Accuracy: 0.745 | Time: 2.375 | 
Running student landscape probe...
[Train] Epoch: 22 | Teacher lr=0.3455 | Teacher Loss: 1.555 | Teacher Train Acc: 63.872 | Student lr=0.3455 | Student Train Acc: 60.812 | Time: 142.246 |
[Eval] Epoch: 22 | Teacher Test Loss: 1.912 | Teacher Test Acc: 50.530 | Student Test Loss: 1.917 | Student Test Acc: 49.190 | Teacher Test F1: 0.502 | Student Test F1: 0.486 | Teacher Top 5 Accuracy: 0.791 | Student Top 5 Accuracy: 0.791 | Time: 2.588 | 
Running student landscape probe...
[Train] Epoch: 23 | Teacher lr=0.3035 | Teacher Loss: 1.506 | Teacher Train Acc: 65.006 | Student lr=0.3035 | Student Train Acc: 61.834 | Time: 141.934 |
[Eval] Epoch: 23 | Teacher Test Loss: 1.751 | Teacher Test Acc: 54.170 | Student Test Loss: 2.074 | Student Test Acc: 47.370 | Teacher Test F1: 0.541 | Student Test F1: 0.470 | Teacher Top 5 Accuracy: 0.819 | Student Top 5 Accuracy: 0.767 | Time: 2.507 | 
Running student landscape probe...
[Train] Epoch: 24 | Teacher lr=0.2631 | Teacher Loss: 1.443 | Teacher Train Acc: 66.534 | Student lr=0.2631 | Student Train Acc: 62.718 | Time: 138.554 |
[Eval] Epoch: 24 | Teacher Test Loss: 1.907 | Teacher Test Acc: 50.760 | Student Test Loss: 2.133 | Student Test Acc: 46.260 | Teacher Test F1: 0.507 | Student Test F1: 0.459 | Teacher Top 5 Accuracy: 0.796 | Student Top 5 Accuracy: 0.762 | Time: 2.552 | 
Running student landscape probe...
[Train] Epoch: 25 | Teacher lr=0.2246 | Teacher Loss: 1.388 | Teacher Train Acc: 68.182 | Student lr=0.2246 | Student Train Acc: 63.980 | Time: 141.008 |
[Eval] Epoch: 25 | Teacher Test Loss: 1.808 | Teacher Test Acc: 53.300 | Student Test Loss: 2.026 | Student Test Acc: 48.320 | Teacher Test F1: 0.535 | Student Test F1: 0.486 | Teacher Top 5 Accuracy: 0.812 | Student Top 5 Accuracy: 0.776 | Time: 2.640 | 
Running student landscape probe...
[Train] Epoch: 26 | Teacher lr=0.1883 | Teacher Loss: 1.330 | Teacher Train Acc: 69.692 | Student lr=0.1883 | Student Train Acc: 64.958 | Time: 141.555 |
[Eval] Epoch: 26 | Teacher Test Loss: 1.578 | Teacher Test Acc: 57.330 | Student Test Loss: 1.734 | Student Test Acc: 54.290 | Teacher Test F1: 0.572 | Student Test F1: 0.538 | Teacher Top 5 Accuracy: 0.848 | Student Top 5 Accuracy: 0.823 | Time: 2.499 | 
Running student landscape probe...
[Train] Epoch: 27 | Teacher lr=0.1545 | Teacher Loss: 1.264 | Teacher Train Acc: 71.296 | Student lr=0.1545 | Student Train Acc: 66.180 | Time: 140.873 |
[Eval] Epoch: 27 | Teacher Test Loss: 1.664 | Teacher Test Acc: 56.160 | Student Test Loss: 1.647 | Student Test Acc: 56.350 | Teacher Test F1: 0.557 | Student Test F1: 0.560 | Teacher Top 5 Accuracy: 0.830 | Student Top 5 Accuracy: 0.834 | Time: 2.632 | 
Running student landscape probe...
[Train] Epoch: 28 | Teacher lr=0.1235 | Teacher Loss: 1.201 | Teacher Train Acc: 73.062 | Student lr=0.1235 | Student Train Acc: 67.728 | Time: 142.062 |
[Eval] Epoch: 28 | Teacher Test Loss: 1.616 | Teacher Test Acc: 57.570 | Student Test Loss: 1.684 | Student Test Acc: 55.550 | Teacher Test F1: 0.577 | Student Test F1: 0.556 | Teacher Top 5 Accuracy: 0.840 | Student Top 5 Accuracy: 0.833 | Time: 2.582 | 
Running student landscape probe...
[Train] Epoch: 29 | Teacher lr=0.0955 | Teacher Loss: 1.135 | Teacher Train Acc: 74.564 | Student lr=0.0955 | Student Train Acc: 69.152 | Time: 141.702 |
[Eval] Epoch: 29 | Teacher Test Loss: 1.546 | Teacher Test Acc: 58.830 | Student Test Loss: 1.724 | Student Test Acc: 54.770 | Teacher Test F1: 0.589 | Student Test F1: 0.549 | Teacher Top 5 Accuracy: 0.850 | Student Top 5 Accuracy: 0.826 | Time: 2.593 | 
Running student landscape probe...
[Train] Epoch: 30 | Teacher lr=0.0708 | Teacher Loss: 1.067 | Teacher Train Acc: 76.488 | Student lr=0.0708 | Student Train Acc: 70.376 | Time: 139.024 |
[Eval] Epoch: 30 | Teacher Test Loss: 1.499 | Teacher Test Acc: 60.450 | Student Test Loss: 1.757 | Student Test Acc: 54.770 | Teacher Test F1: 0.603 | Student Test F1: 0.546 | Teacher Top 5 Accuracy: 0.858 | Student Top 5 Accuracy: 0.821 | Time: 2.538 | 
Running student landscape probe...
[Train] Epoch: 31 | Teacher lr=0.0495 | Teacher Loss: 1.008 | Teacher Train Acc: 77.836 | Student lr=0.0495 | Student Train Acc: 71.776 | Time: 140.950 |
[Eval] Epoch: 31 | Teacher Test Loss: 1.490 | Teacher Test Acc: 60.760 | Student Test Loss: 1.796 | Student Test Acc: 54.610 | Teacher Test F1: 0.607 | Student Test F1: 0.543 | Teacher Top 5 Accuracy: 0.859 | Student Top 5 Accuracy: 0.818 | Time: 2.565 | 
Running student landscape probe...
[Train] Epoch: 32 | Teacher lr=0.0319 | Teacher Loss: 0.950 | Teacher Train Acc: 79.506 | Student lr=0.0319 | Student Train Acc: 73.376 | Time: 141.196 |
[Eval] Epoch: 32 | Teacher Test Loss: 1.482 | Teacher Test Acc: 60.880 | Student Test Loss: 1.649 | Student Test Acc: 57.370 | Teacher Test F1: 0.610 | Student Test F1: 0.571 | Teacher Top 5 Accuracy: 0.859 | Student Top 5 Accuracy: 0.837 | Time: 2.660 | 
Running student landscape probe...
[Train] Epoch: 33 | Teacher lr=0.0180 | Teacher Loss: 0.903 | Teacher Train Acc: 80.868 | Student lr=0.0180 | Student Train Acc: 74.724 | Time: 140.854 |
[Eval] Epoch: 33 | Teacher Test Loss: 1.437 | Teacher Test Acc: 61.820 | Student Test Loss: 1.724 | Student Test Acc: 56.110 | Teacher Test F1: 0.619 | Student Test F1: 0.558 | Teacher Top 5 Accuracy: 0.867 | Student Top 5 Accuracy: 0.829 | Time: 2.643 | 
Running student landscape probe...
[Train] Epoch: 34 | Teacher lr=0.0080 | Teacher Loss: 0.862 | Teacher Train Acc: 81.644 | Student lr=0.0080 | Student Train Acc: 75.906 | Time: 141.759 |
[Eval] Epoch: 34 | Teacher Test Loss: 1.417 | Teacher Test Acc: 62.560 | Student Test Loss: 1.664 | Student Test Acc: 57.080 | Teacher Test F1: 0.626 | Student Test F1: 0.569 | Teacher Top 5 Accuracy: 0.870 | Student Top 5 Accuracy: 0.838 | Time: 2.653 | 
Running student landscape probe...
[Train] Epoch: 35 | Teacher lr=0.0020 | Teacher Loss: 0.840 | Teacher Train Acc: 82.176 | Student lr=0.0020 | Student Train Acc: 76.364 | Time: 141.067 |
[Eval] Epoch: 35 | Teacher Test Loss: 1.410 | Teacher Test Acc: 62.550 | Student Test Loss: 1.641 | Student Test Acc: 57.590 | Teacher Test F1: 0.626 | Student Test F1: 0.575 | Teacher Top 5 Accuracy: 0.871 | Student Top 5 Accuracy: 0.840 | Time: 2.468 | 
Running student landscape probe...
ckpt location: ckpt/robust12h_industry/cosine_innoise015_seed4_35ep.pt
