/home/jovyan/.mlspace/envs/egy_llm/lib/python3.11/site-packages/torchvision/datasets/cifar.py:83: VisibleDeprecationWarning: dtype(): align should be passed as Python or NumPy boolean but got `align=0`. Did you mean to pass a tuple to create a subarray type? (Deprecated NumPy 2.4)
  entry = pickle.load(f, encoding="latin1")
depth_list: [110, 20]
[NoisyClassificationDataset] num_classes=100 label_noise_rate=0.000 input_noise_std=0.0500 flipped=0/50000
Dataset information: cifar100	 50000 images for training 	 10000 images for testing	
teacher depth: 110
student depth: 20
Total number of teacher parameters: 1,169,972
Total number of student parameters: 278,132
Snapshots will be saved to: snapshots/robust12h_industry/cosine_innoise005_seed2_35ep
==== train and evaluate unequal restart ====
[Eval] Epoch: 0 | Teacher Test Loss: 11623.433 | Teacher Test Acc: 1.000 | Student Test Loss: 6.044 | Student Test Acc: 1.110 | Teacher Test F1: 0.000 | Student Test F1: 0.000 | Teacher Top 5 Accuracy: 0.049 | Student Top 5 Accuracy: 0.052 | Time: 3.042 | 
Running student landscape probe...
[Train] Epoch: 1 | Teacher lr=1.0000 | Teacher Loss: 4.026 | Teacher Train Acc: 10.824 | Student lr=1.0000 | Student Train Acc: 21.222 | Time: 140.399 |
[Eval] Epoch: 1 | Teacher Test Loss: 3.757 | Teacher Test Acc: 12.080 | Student Test Loss: 2.928 | Student Test Acc: 25.960 | Teacher Test F1: 0.089 | Student Test F1: 0.238 | Teacher Top 5 Accuracy: 0.374 | Student Top 5 Accuracy: 0.577 | Time: 2.383 | 
Running student landscape probe...
[Train] Epoch: 2 | Teacher lr=0.9980 | Teacher Loss: 3.278 | Teacher Train Acc: 24.800 | Student lr=0.9980 | Student Train Acc: 40.714 | Time: 141.199 |
[Eval] Epoch: 2 | Teacher Test Loss: 2.882 | Teacher Test Acc: 25.710 | Student Test Loss: 2.863 | Student Test Acc: 28.430 | Teacher Test F1: 0.242 | Student Test F1: 0.273 | Teacher Top 5 Accuracy: 0.597 | Student Top 5 Accuracy: 0.606 | Time: 2.640 | 
Running student landscape probe...
[Train] Epoch: 3 | Teacher lr=0.9920 | Teacher Loss: 2.742 | Teacher Train Acc: 35.044 | Student lr=0.9920 | Student Train Acc: 46.812 | Time: 139.288 |
[Eval] Epoch: 3 | Teacher Test Loss: 2.626 | Teacher Test Acc: 32.840 | Student Test Loss: 2.915 | Student Test Acc: 31.080 | Teacher Test F1: 0.311 | Student Test F1: 0.296 | Teacher Top 5 Accuracy: 0.662 | Student Top 5 Accuracy: 0.614 | Time: 2.623 | 
Running student landscape probe...
[Train] Epoch: 4 | Teacher lr=0.9820 | Teacher Loss: 2.468 | Teacher Train Acc: 41.232 | Student lr=0.9820 | Student Train Acc: 50.316 | Time: 141.593 |
[Eval] Epoch: 4 | Teacher Test Loss: 2.856 | Teacher Test Acc: 30.920 | Student Test Loss: 3.130 | Student Test Acc: 27.500 | Teacher Test F1: 0.295 | Student Test F1: 0.268 | Teacher Top 5 Accuracy: 0.628 | Student Top 5 Accuracy: 0.612 | Time: 2.524 | 
Running student landscape probe...
[Train] Epoch: 5 | Teacher lr=0.9681 | Teacher Loss: 2.285 | Teacher Train Acc: 45.502 | Student lr=0.9681 | Student Train Acc: 52.516 | Time: 135.762 |
[Eval] Epoch: 5 | Teacher Test Loss: 2.632 | Teacher Test Acc: 35.670 | Student Test Loss: 2.621 | Student Test Acc: 35.120 | Teacher Test F1: 0.341 | Student Test F1: 0.332 | Teacher Top 5 Accuracy: 0.680 | Student Top 5 Accuracy: 0.655 | Time: 2.486 | 
Running student landscape probe...
[Train] Epoch: 6 | Teacher lr=0.9505 | Teacher Loss: 2.166 | Teacher Train Acc: 48.712 | Student lr=0.9505 | Student Train Acc: 54.204 | Time: 141.630 |
[Eval] Epoch: 6 | Teacher Test Loss: 2.218 | Teacher Test Acc: 41.400 | Student Test Loss: 2.172 | Student Test Acc: 42.460 | Teacher Test F1: 0.413 | Student Test F1: 0.412 | Teacher Top 5 Accuracy: 0.752 | Student Top 5 Accuracy: 0.746 | Time: 2.487 | 
Running student landscape probe...
[Train] Epoch: 7 | Teacher lr=0.9292 | Teacher Loss: 2.061 | Teacher Train Acc: 51.106 | Student lr=0.9292 | Student Train Acc: 55.000 | Time: 141.803 |
[Eval] Epoch: 7 | Teacher Test Loss: 2.255 | Teacher Test Acc: 40.760 | Student Test Loss: 2.319 | Student Test Acc: 40.320 | Teacher Test F1: 0.398 | Student Test F1: 0.399 | Teacher Top 5 Accuracy: 0.729 | Student Top 5 Accuracy: 0.718 | Time: 2.240 | 
Running student landscape probe...
[Train] Epoch: 8 | Teacher lr=0.9045 | Teacher Loss: 1.976 | Teacher Train Acc: 53.088 | Student lr=0.9045 | Student Train Acc: 56.286 | Time: 141.891 |
[Eval] Epoch: 8 | Teacher Test Loss: 2.078 | Teacher Test Acc: 45.590 | Student Test Loss: 2.562 | Student Test Acc: 35.580 | Teacher Test F1: 0.453 | Student Test F1: 0.341 | Teacher Top 5 Accuracy: 0.785 | Student Top 5 Accuracy: 0.690 | Time: 2.400 | 
Running student landscape probe...
[Train] Epoch: 9 | Teacher lr=0.8765 | Teacher Loss: 1.929 | Teacher Train Acc: 54.386 | Student lr=0.8765 | Student Train Acc: 57.118 | Time: 142.139 |
[Eval] Epoch: 9 | Teacher Test Loss: 2.221 | Teacher Test Acc: 42.600 | Student Test Loss: 2.484 | Student Test Acc: 37.470 | Teacher Test F1: 0.424 | Student Test F1: 0.372 | Teacher Top 5 Accuracy: 0.753 | Student Top 5 Accuracy: 0.702 | Time: 2.533 | 
Running student landscape probe...
[Train] Epoch: 10 | Teacher lr=0.8455 | Teacher Loss: 1.856 | Teacher Train Acc: 56.274 | Student lr=0.8455 | Student Train Acc: 57.588 | Time: 138.998 |
[Eval] Epoch: 10 | Teacher Test Loss: 1.915 | Teacher Test Acc: 47.890 | Student Test Loss: 1.944 | Student Test Acc: 47.870 | Teacher Test F1: 0.475 | Student Test F1: 0.474 | Teacher Top 5 Accuracy: 0.800 | Student Top 5 Accuracy: 0.789 | Time: 2.527 | 
Running student landscape probe...
[Train] Epoch: 11 | Teacher lr=0.8117 | Teacher Loss: 1.814 | Teacher Train Acc: 57.254 | Student lr=0.8117 | Student Train Acc: 58.496 | Time: 139.820 |
[Eval] Epoch: 11 | Teacher Test Loss: 1.865 | Teacher Test Acc: 50.690 | Student Test Loss: 2.156 | Student Test Acc: 45.420 | Teacher Test F1: 0.502 | Student Test F1: 0.442 | Teacher Top 5 Accuracy: 0.805 | Student Top 5 Accuracy: 0.761 | Time: 2.463 | 
Running student landscape probe...
[Train] Epoch: 12 | Teacher lr=0.7754 | Teacher Loss: 1.768 | Teacher Train Acc: 58.758 | Student lr=0.7754 | Student Train Acc: 59.322 | Time: 142.154 |
[Eval] Epoch: 12 | Teacher Test Loss: 1.981 | Teacher Test Acc: 46.410 | Student Test Loss: 1.949 | Student Test Acc: 46.620 | Teacher Test F1: 0.468 | Student Test F1: 0.467 | Teacher Top 5 Accuracy: 0.785 | Student Top 5 Accuracy: 0.786 | Time: 2.189 | 
Running student landscape probe...
[Train] Epoch: 13 | Teacher lr=0.7369 | Teacher Loss: 1.726 | Teacher Train Acc: 59.714 | Student lr=0.7369 | Student Train Acc: 59.850 | Time: 142.025 |
[Eval] Epoch: 13 | Teacher Test Loss: 1.888 | Teacher Test Acc: 49.400 | Student Test Loss: 2.541 | Student Test Acc: 38.510 | Teacher Test F1: 0.486 | Student Test F1: 0.392 | Teacher Top 5 Accuracy: 0.792 | Student Top 5 Accuracy: 0.703 | Time: 2.212 | 
Running student landscape probe...
[Train] Epoch: 14 | Teacher lr=0.6965 | Teacher Loss: 1.671 | Teacher Train Acc: 61.172 | Student lr=0.6965 | Student Train Acc: 60.734 | Time: 142.285 |
[Eval] Epoch: 14 | Teacher Test Loss: 1.969 | Teacher Test Acc: 48.020 | Student Test Loss: 2.150 | Student Test Acc: 44.750 | Teacher Test F1: 0.465 | Student Test F1: 0.440 | Teacher Top 5 Accuracy: 0.781 | Student Top 5 Accuracy: 0.760 | Time: 2.584 | 
Running student landscape probe...
[Train] Epoch: 15 | Teacher lr=0.6545 | Teacher Loss: 1.773 | Teacher Train Acc: 59.056 | Student lr=0.6545 | Student Train Acc: 61.472 | Time: 141.633 |
[Eval] Epoch: 15 | Teacher Test Loss: 1.930 | Teacher Test Acc: 48.710 | Student Test Loss: 2.581 | Student Test Acc: 37.910 | Teacher Test F1: 0.484 | Student Test F1: 0.382 | Teacher Top 5 Accuracy: 0.792 | Student Top 5 Accuracy: 0.705 | Time: 2.613 | 
Running student landscape probe...
[Train] Epoch: 16 | Teacher lr=0.6113 | Teacher Loss: 1.590 | Teacher Train Acc: 63.226 | Student lr=0.6113 | Student Train Acc: 62.084 | Time: 140.483 |
[Eval] Epoch: 16 | Teacher Test Loss: 1.660 | Teacher Test Acc: 54.490 | Student Test Loss: 1.895 | Student Test Acc: 49.760 | Teacher Test F1: 0.542 | Student Test F1: 0.497 | Teacher Top 5 Accuracy: 0.837 | Student Top 5 Accuracy: 0.811 | Time: 2.498 | 
Running student landscape probe...
[Train] Epoch: 17 | Teacher lr=0.5671 | Teacher Loss: 1.544 | Teacher Train Acc: 64.486 | Student lr=0.5671 | Student Train Acc: 62.814 | Time: 135.294 |
[Eval] Epoch: 17 | Teacher Test Loss: 1.596 | Teacher Test Acc: 55.380 | Student Test Loss: 1.840 | Student Test Acc: 50.930 | Teacher Test F1: 0.549 | Student Test F1: 0.503 | Teacher Top 5 Accuracy: 0.846 | Student Top 5 Accuracy: 0.809 | Time: 2.387 | 
Running student landscape probe...
[Train] Epoch: 18 | Teacher lr=0.5224 | Teacher Loss: 1.496 | Teacher Train Acc: 65.802 | Student lr=0.5224 | Student Train Acc: 63.578 | Time: 142.178 |
[Eval] Epoch: 18 | Teacher Test Loss: 1.598 | Teacher Test Acc: 56.600 | Student Test Loss: 1.868 | Student Test Acc: 51.220 | Teacher Test F1: 0.562 | Student Test F1: 0.504 | Teacher Top 5 Accuracy: 0.842 | Student Top 5 Accuracy: 0.798 | Time: 2.594 | 
Running student landscape probe...
[Train] Epoch: 19 | Teacher lr=0.4776 | Teacher Loss: 1.450 | Teacher Train Acc: 66.894 | Student lr=0.4776 | Student Train Acc: 64.554 | Time: 142.105 |
[Eval] Epoch: 19 | Teacher Test Loss: 1.494 | Teacher Test Acc: 58.350 | Student Test Loss: 2.058 | Student Test Acc: 47.380 | Teacher Test F1: 0.579 | Student Test F1: 0.465 | Teacher Top 5 Accuracy: 0.861 | Student Top 5 Accuracy: 0.778 | Time: 2.589 | 
Running student landscape probe...
[Train] Epoch: 20 | Teacher lr=0.4329 | Teacher Loss: 1.396 | Teacher Train Acc: 68.556 | Student lr=0.4329 | Student Train Acc: 65.244 | Time: 140.714 |
[Eval] Epoch: 20 | Teacher Test Loss: 1.548 | Teacher Test Acc: 57.440 | Student Test Loss: 1.707 | Student Test Acc: 54.010 | Teacher Test F1: 0.570 | Student Test F1: 0.539 | Teacher Top 5 Accuracy: 0.850 | Student Top 5 Accuracy: 0.834 | Time: 2.387 | 
Running student landscape probe...
[Train] Epoch: 21 | Teacher lr=0.3887 | Teacher Loss: 1.356 | Teacher Train Acc: 69.590 | Student lr=0.3887 | Student Train Acc: 66.536 | Time: 141.274 |
[Eval] Epoch: 21 | Teacher Test Loss: 1.514 | Teacher Test Acc: 58.610 | Student Test Loss: 1.660 | Student Test Acc: 54.650 | Teacher Test F1: 0.584 | Student Test F1: 0.547 | Teacher Top 5 Accuracy: 0.859 | Student Top 5 Accuracy: 0.840 | Time: 2.408 | 
Running student landscape probe...
[Train] Epoch: 22 | Teacher lr=0.3455 | Teacher Loss: 1.303 | Teacher Train Acc: 70.770 | Student lr=0.3455 | Student Train Acc: 67.178 | Time: 142.984 |
[Eval] Epoch: 22 | Teacher Test Loss: 1.329 | Teacher Test Acc: 62.920 | Student Test Loss: 2.069 | Student Test Acc: 49.270 | Teacher Test F1: 0.628 | Student Test F1: 0.490 | Teacher Top 5 Accuracy: 0.882 | Student Top 5 Accuracy: 0.782 | Time: 2.357 | 
Running student landscape probe...
[Train] Epoch: 23 | Teacher lr=0.3035 | Teacher Loss: 1.244 | Teacher Train Acc: 72.356 | Student lr=0.3035 | Student Train Acc: 68.208 | Time: 135.797 |
[Eval] Epoch: 23 | Teacher Test Loss: 1.320 | Teacher Test Acc: 62.850 | Student Test Loss: 1.733 | Student Test Acc: 54.630 | Teacher Test F1: 0.626 | Student Test F1: 0.537 | Teacher Top 5 Accuracy: 0.881 | Student Top 5 Accuracy: 0.829 | Time: 2.413 | 
Running student landscape probe...
[Train] Epoch: 24 | Teacher lr=0.2631 | Teacher Loss: 1.191 | Teacher Train Acc: 73.844 | Student lr=0.2631 | Student Train Acc: 69.438 | Time: 136.962 |
[Eval] Epoch: 24 | Teacher Test Loss: 1.383 | Teacher Test Acc: 61.820 | Student Test Loss: 1.645 | Student Test Acc: 56.960 | Teacher Test F1: 0.614 | Student Test F1: 0.571 | Teacher Top 5 Accuracy: 0.874 | Student Top 5 Accuracy: 0.846 | Time: 2.348 | 
Running student landscape probe...
[Train] Epoch: 25 | Teacher lr=0.2246 | Teacher Loss: 1.138 | Teacher Train Acc: 75.300 | Student lr=0.2246 | Student Train Acc: 70.470 | Time: 135.213 |
[Eval] Epoch: 25 | Teacher Test Loss: 1.265 | Teacher Test Acc: 64.590 | Student Test Loss: 1.497 | Student Test Acc: 58.590 | Teacher Test F1: 0.643 | Student Test F1: 0.585 | Teacher Top 5 Accuracy: 0.890 | Student Top 5 Accuracy: 0.860 | Time: 2.347 | 
Running student landscape probe...
[Train] Epoch: 26 | Teacher lr=0.1883 | Teacher Loss: 1.071 | Teacher Train Acc: 77.196 | Student lr=0.1883 | Student Train Acc: 71.800 | Time: 135.408 |
[Eval] Epoch: 26 | Teacher Test Loss: 1.203 | Teacher Test Acc: 66.010 | Student Test Loss: 1.601 | Student Test Acc: 57.150 | Teacher Test F1: 0.657 | Student Test F1: 0.572 | Teacher Top 5 Accuracy: 0.901 | Student Top 5 Accuracy: 0.849 | Time: 2.369 | 
Running student landscape probe...
[Train] Epoch: 27 | Teacher lr=0.1545 | Teacher Loss: 1.007 | Teacher Train Acc: 78.990 | Student lr=0.1545 | Student Train Acc: 73.330 | Time: 143.303 |
[Eval] Epoch: 27 | Teacher Test Loss: 1.143 | Teacher Test Acc: 67.860 | Student Test Loss: 1.545 | Student Test Acc: 59.330 | Teacher Test F1: 0.679 | Student Test F1: 0.593 | Teacher Top 5 Accuracy: 0.907 | Student Top 5 Accuracy: 0.855 | Time: 2.386 | 
Running student landscape probe...
[Train] Epoch: 28 | Teacher lr=0.1235 | Teacher Loss: 0.938 | Teacher Train Acc: 80.990 | Student lr=0.1235 | Student Train Acc: 74.422 | Time: 142.607 |
[Eval] Epoch: 28 | Teacher Test Loss: 1.103 | Teacher Test Acc: 68.860 | Student Test Loss: 1.409 | Student Test Acc: 61.860 | Teacher Test F1: 0.687 | Student Test F1: 0.619 | Teacher Top 5 Accuracy: 0.913 | Student Top 5 Accuracy: 0.877 | Time: 2.448 | 
Running student landscape probe...
[Train] Epoch: 29 | Teacher lr=0.0955 | Teacher Loss: 0.874 | Teacher Train Acc: 82.686 | Student lr=0.0955 | Student Train Acc: 76.074 | Time: 135.028 |
[Eval] Epoch: 29 | Teacher Test Loss: 1.151 | Teacher Test Acc: 67.960 | Student Test Loss: 1.429 | Student Test Acc: 61.000 | Teacher Test F1: 0.679 | Student Test F1: 0.609 | Teacher Top 5 Accuracy: 0.905 | Student Top 5 Accuracy: 0.875 | Time: 2.434 | 
Running student landscape probe...
[Train] Epoch: 30 | Teacher lr=0.0708 | Teacher Loss: 0.802 | Teacher Train Acc: 84.614 | Student lr=0.0708 | Student Train Acc: 77.716 | Time: 143.078 |
[Eval] Epoch: 30 | Teacher Test Loss: 1.084 | Teacher Test Acc: 69.510 | Student Test Loss: 1.420 | Student Test Acc: 62.140 | Teacher Test F1: 0.694 | Student Test F1: 0.619 | Teacher Top 5 Accuracy: 0.915 | Student Top 5 Accuracy: 0.875 | Time: 2.218 | 
Running student landscape probe...
[Train] Epoch: 31 | Teacher lr=0.0495 | Teacher Loss: 0.745 | Teacher Train Acc: 86.124 | Student lr=0.0495 | Student Train Acc: 79.282 | Time: 142.322 |
[Eval] Epoch: 31 | Teacher Test Loss: 1.032 | Teacher Test Acc: 71.320 | Student Test Loss: 1.368 | Student Test Acc: 63.370 | Teacher Test F1: 0.714 | Student Test F1: 0.636 | Teacher Top 5 Accuracy: 0.921 | Student Top 5 Accuracy: 0.885 | Time: 2.354 | 
Running student landscape probe...
[Train] Epoch: 32 | Teacher lr=0.0319 | Teacher Loss: 0.688 | Teacher Train Acc: 87.612 | Student lr=0.0319 | Student Train Acc: 80.958 | Time: 142.721 |
[Eval] Epoch: 32 | Teacher Test Loss: 1.028 | Teacher Test Acc: 71.260 | Student Test Loss: 1.387 | Student Test Acc: 63.500 | Teacher Test F1: 0.712 | Student Test F1: 0.634 | Teacher Top 5 Accuracy: 0.921 | Student Top 5 Accuracy: 0.884 | Time: 2.388 | 
Running student landscape probe...
[Train] Epoch: 33 | Teacher lr=0.0180 | Teacher Loss: 0.641 | Teacher Train Acc: 88.908 | Student lr=0.0180 | Student Train Acc: 82.584 | Time: 143.561 |
[Eval] Epoch: 33 | Teacher Test Loss: 1.017 | Teacher Test Acc: 71.680 | Student Test Loss: 1.362 | Student Test Acc: 64.240 | Teacher Test F1: 0.717 | Student Test F1: 0.643 | Teacher Top 5 Accuracy: 0.922 | Student Top 5 Accuracy: 0.884 | Time: 2.379 | 
Running student landscape probe...
[Train] Epoch: 34 | Teacher lr=0.0080 | Teacher Loss: 0.603 | Teacher Train Acc: 89.630 | Student lr=0.0080 | Student Train Acc: 83.616 | Time: 142.964 |
[Eval] Epoch: 34 | Teacher Test Loss: 1.010 | Teacher Test Acc: 71.910 | Student Test Loss: 1.337 | Student Test Acc: 64.790 | Teacher Test F1: 0.719 | Student Test F1: 0.649 | Teacher Top 5 Accuracy: 0.924 | Student Top 5 Accuracy: 0.889 | Time: 2.324 | 
Running student landscape probe...
[Train] Epoch: 35 | Teacher lr=0.0020 | Teacher Loss: 0.585 | Teacher Train Acc: 90.136 | Student lr=0.0020 | Student Train Acc: 84.256 | Time: 141.885 |
[Eval] Epoch: 35 | Teacher Test Loss: 1.010 | Teacher Test Acc: 72.010 | Student Test Loss: 1.304 | Student Test Acc: 65.870 | Teacher Test F1: 0.719 | Student Test F1: 0.660 | Teacher Top 5 Accuracy: 0.924 | Student Top 5 Accuracy: 0.894 | Time: 2.343 | 
Running student landscape probe...
ckpt location: ckpt/robust12h_industry/cosine_innoise005_seed2_35ep.pt
