/home/jovyan/.mlspace/envs/egy_llm/lib/python3.11/site-packages/torchvision/datasets/cifar.py:83: VisibleDeprecationWarning: dtype(): align should be passed as Python or NumPy boolean but got `align=0`. Did you mean to pass a tuple to create a subarray type? (Deprecated NumPy 2.4)
  entry = pickle.load(f, encoding="latin1")
depth_list: [110, 20]
[NoisyClassificationDataset] num_classes=100 label_noise_rate=0.000 input_noise_std=0.0500 flipped=0/50000
Dataset information: cifar100	 50000 images for training 	 10000 images for testing	
teacher depth: 110
student depth: 20
Total number of teacher parameters: 1,169,972
Total number of student parameters: 278,132
Snapshots will be saved to: snapshots/robust12h_industry/cosine_innoise005_seed1_35ep
==== train and evaluate unequal restart ====
[Eval] Epoch: 0 | Teacher Test Loss: 12407.062 | Teacher Test Acc: 0.990 | Student Test Loss: 7.984 | Student Test Acc: 1.020 | Teacher Test F1: 0.000 | Student Test F1: 0.000 | Teacher Top 5 Accuracy: 0.050 | Student Top 5 Accuracy: 0.046 | Time: 3.065 | 
Running student landscape probe...
[Train] Epoch: 1 | Teacher lr=1.0000 | Teacher Loss: 4.086 | Teacher Train Acc: 10.084 | Student lr=1.0000 | Student Train Acc: 21.710 | Time: 140.559 |
[Eval] Epoch: 1 | Teacher Test Loss: 3.698 | Teacher Test Acc: 13.480 | Student Test Loss: 2.704 | Student Test Acc: 30.140 | Teacher Test F1: 0.112 | Student Test F1: 0.267 | Teacher Top 5 Accuracy: 0.375 | Student Top 5 Accuracy: 0.632 | Time: 2.540 | 
Running student landscape probe...
[Train] Epoch: 2 | Teacher lr=0.9980 | Teacher Loss: 3.353 | Teacher Train Acc: 23.410 | Student lr=0.9980 | Student Train Acc: 41.088 | Time: 141.148 |
[Eval] Epoch: 2 | Teacher Test Loss: 3.195 | Teacher Test Acc: 23.560 | Student Test Loss: 2.657 | Student Test Acc: 33.240 | Teacher Test F1: 0.222 | Student Test F1: 0.317 | Teacher Top 5 Accuracy: 0.536 | Student Top 5 Accuracy: 0.647 | Time: 2.379 | 
Running student landscape probe...
[Train] Epoch: 3 | Teacher lr=0.9920 | Teacher Loss: 2.800 | Teacher Train Acc: 33.938 | Student lr=0.9920 | Student Train Acc: 47.018 | Time: 139.337 |
[Eval] Epoch: 3 | Teacher Test Loss: 3.483 | Teacher Test Acc: 24.270 | Student Test Loss: 2.878 | Student Test Acc: 29.910 | Teacher Test F1: 0.233 | Student Test F1: 0.282 | Teacher Top 5 Accuracy: 0.551 | Student Top 5 Accuracy: 0.618 | Time: 2.594 | 
Running student landscape probe...
[Train] Epoch: 4 | Teacher lr=0.9820 | Teacher Loss: 2.482 | Teacher Train Acc: 40.736 | Student lr=0.9820 | Student Train Acc: 50.344 | Time: 142.220 |
[Eval] Epoch: 4 | Teacher Test Loss: 2.463 | Teacher Test Acc: 37.020 | Student Test Loss: 2.592 | Student Test Acc: 35.610 | Teacher Test F1: 0.353 | Student Test F1: 0.340 | Teacher Top 5 Accuracy: 0.699 | Student Top 5 Accuracy: 0.676 | Time: 2.251 | 
Running student landscape probe...
[Train] Epoch: 5 | Teacher lr=0.9681 | Teacher Loss: 2.314 | Teacher Train Acc: 44.916 | Student lr=0.9681 | Student Train Acc: 52.504 | Time: 135.822 |
[Eval] Epoch: 5 | Teacher Test Loss: 2.382 | Teacher Test Acc: 37.940 | Student Test Loss: 2.701 | Student Test Acc: 34.250 | Teacher Test F1: 0.371 | Student Test F1: 0.342 | Teacher Top 5 Accuracy: 0.703 | Student Top 5 Accuracy: 0.677 | Time: 2.247 | 
Running student landscape probe...
[Train] Epoch: 6 | Teacher lr=0.9505 | Teacher Loss: 2.190 | Teacher Train Acc: 47.970 | Student lr=0.9505 | Student Train Acc: 54.300 | Time: 141.821 |
[Eval] Epoch: 6 | Teacher Test Loss: 2.351 | Teacher Test Acc: 39.100 | Student Test Loss: 2.867 | Student Test Acc: 32.300 | Teacher Test F1: 0.374 | Student Test F1: 0.308 | Teacher Top 5 Accuracy: 0.721 | Student Top 5 Accuracy: 0.630 | Time: 2.168 | 
Running student landscape probe...
[Train] Epoch: 7 | Teacher lr=0.9292 | Teacher Loss: 2.062 | Teacher Train Acc: 51.008 | Student lr=0.9292 | Student Train Acc: 55.186 | Time: 141.648 |
[Eval] Epoch: 7 | Teacher Test Loss: 2.094 | Teacher Test Acc: 43.740 | Student Test Loss: 2.324 | Student Test Acc: 40.860 | Teacher Test F1: 0.428 | Student Test F1: 0.407 | Teacher Top 5 Accuracy: 0.768 | Student Top 5 Accuracy: 0.733 | Time: 2.454 | 
Running student landscape probe...
[Train] Epoch: 8 | Teacher lr=0.9045 | Teacher Loss: 1.977 | Teacher Train Acc: 53.318 | Student lr=0.9045 | Student Train Acc: 56.142 | Time: 142.428 |
[Eval] Epoch: 8 | Teacher Test Loss: 2.316 | Teacher Test Acc: 40.110 | Student Test Loss: 2.510 | Student Test Acc: 38.040 | Teacher Test F1: 0.394 | Student Test F1: 0.377 | Teacher Top 5 Accuracy: 0.730 | Student Top 5 Accuracy: 0.684 | Time: 2.391 | 
Running student landscape probe...
[Train] Epoch: 9 | Teacher lr=0.8765 | Teacher Loss: 1.942 | Teacher Train Acc: 54.076 | Student lr=0.8765 | Student Train Acc: 56.768 | Time: 141.929 |
[Eval] Epoch: 9 | Teacher Test Loss: 1.891 | Teacher Test Acc: 48.400 | Student Test Loss: 2.500 | Student Test Acc: 37.910 | Teacher Test F1: 0.480 | Student Test F1: 0.373 | Teacher Top 5 Accuracy: 0.797 | Student Top 5 Accuracy: 0.687 | Time: 2.226 | 
Running student landscape probe...
[Train] Epoch: 10 | Teacher lr=0.8455 | Teacher Loss: 1.855 | Teacher Train Acc: 56.414 | Student lr=0.8455 | Student Train Acc: 57.980 | Time: 139.386 |
[Eval] Epoch: 10 | Teacher Test Loss: 2.052 | Teacher Test Acc: 46.390 | Student Test Loss: 2.476 | Student Test Acc: 41.170 | Teacher Test F1: 0.454 | Student Test F1: 0.397 | Teacher Top 5 Accuracy: 0.772 | Student Top 5 Accuracy: 0.711 | Time: 2.237 | 
Running student landscape probe...
[Train] Epoch: 11 | Teacher lr=0.8117 | Teacher Loss: 1.808 | Teacher Train Acc: 57.466 | Student lr=0.8117 | Student Train Acc: 58.818 | Time: 140.143 |
[Eval] Epoch: 11 | Teacher Test Loss: 2.255 | Teacher Test Acc: 42.770 | Student Test Loss: 2.404 | Student Test Acc: 40.920 | Teacher Test F1: 0.425 | Student Test F1: 0.410 | Teacher Top 5 Accuracy: 0.751 | Student Top 5 Accuracy: 0.726 | Time: 2.170 | 
Running student landscape probe...
[Train] Epoch: 12 | Teacher lr=0.7754 | Teacher Loss: 1.759 | Teacher Train Acc: 59.122 | Student lr=0.7754 | Student Train Acc: 59.366 | Time: 142.011 |
[Eval] Epoch: 12 | Teacher Test Loss: 1.857 | Teacher Test Acc: 49.290 | Student Test Loss: 2.575 | Student Test Acc: 37.200 | Teacher Test F1: 0.490 | Student Test F1: 0.378 | Teacher Top 5 Accuracy: 0.799 | Student Top 5 Accuracy: 0.694 | Time: 2.455 | 
Running student landscape probe...
[Train] Epoch: 13 | Teacher lr=0.7369 | Teacher Loss: 1.713 | Teacher Train Acc: 59.922 | Student lr=0.7369 | Student Train Acc: 60.020 | Time: 141.711 |
[Eval] Epoch: 13 | Teacher Test Loss: 1.817 | Teacher Test Acc: 50.900 | Student Test Loss: 3.085 | Student Test Acc: 31.330 | Teacher Test F1: 0.506 | Student Test F1: 0.305 | Teacher Top 5 Accuracy: 0.808 | Student Top 5 Accuracy: 0.627 | Time: 2.472 | 
Running student landscape probe...
[Train] Epoch: 14 | Teacher lr=0.6965 | Teacher Loss: 1.671 | Teacher Train Acc: 61.224 | Student lr=0.6965 | Student Train Acc: 60.558 | Time: 142.258 |
[Eval] Epoch: 14 | Teacher Test Loss: 1.788 | Teacher Test Acc: 51.300 | Student Test Loss: 2.972 | Student Test Acc: 32.210 | Teacher Test F1: 0.508 | Student Test F1: 0.308 | Teacher Top 5 Accuracy: 0.819 | Student Top 5 Accuracy: 0.627 | Time: 2.284 | 
Running student landscape probe...
[Train] Epoch: 15 | Teacher lr=0.6545 | Teacher Loss: 1.628 | Teacher Train Acc: 62.048 | Student lr=0.6545 | Student Train Acc: 61.824 | Time: 141.573 |
[Eval] Epoch: 15 | Teacher Test Loss: 1.795 | Teacher Test Acc: 50.610 | Student Test Loss: 1.917 | Student Test Acc: 48.500 | Teacher Test F1: 0.509 | Student Test F1: 0.485 | Teacher Top 5 Accuracy: 0.810 | Student Top 5 Accuracy: 0.800 | Time: 2.374 | 
Running student landscape probe...
[Train] Epoch: 16 | Teacher lr=0.6113 | Teacher Loss: 1.583 | Teacher Train Acc: 63.516 | Student lr=0.6113 | Student Train Acc: 62.106 | Time: 140.430 |
[Eval] Epoch: 16 | Teacher Test Loss: 1.684 | Teacher Test Acc: 53.390 | Student Test Loss: 1.901 | Student Test Acc: 49.840 | Teacher Test F1: 0.531 | Student Test F1: 0.492 | Teacher Top 5 Accuracy: 0.825 | Student Top 5 Accuracy: 0.802 | Time: 2.579 | 
Running student landscape probe...
[Train] Epoch: 17 | Teacher lr=0.5671 | Teacher Loss: 1.539 | Teacher Train Acc: 64.432 | Student lr=0.5671 | Student Train Acc: 63.088 | Time: 135.329 |
[Eval] Epoch: 17 | Teacher Test Loss: 1.691 | Teacher Test Acc: 54.160 | Student Test Loss: 2.073 | Student Test Acc: 46.780 | Teacher Test F1: 0.535 | Student Test F1: 0.466 | Teacher Top 5 Accuracy: 0.823 | Student Top 5 Accuracy: 0.775 | Time: 2.377 | 
Running student landscape probe...
[Train] Epoch: 18 | Teacher lr=0.5224 | Teacher Loss: 1.493 | Teacher Train Acc: 65.756 | Student lr=0.5224 | Student Train Acc: 63.494 | Time: 142.202 |
[Eval] Epoch: 18 | Teacher Test Loss: 1.571 | Teacher Test Acc: 56.390 | Student Test Loss: 1.962 | Student Test Acc: 48.250 | Teacher Test F1: 0.561 | Student Test F1: 0.483 | Teacher Top 5 Accuracy: 0.845 | Student Top 5 Accuracy: 0.789 | Time: 2.351 | 
Running student landscape probe...
[Train] Epoch: 19 | Teacher lr=0.4776 | Teacher Loss: 1.445 | Teacher Train Acc: 67.144 | Student lr=0.4776 | Student Train Acc: 64.784 | Time: 142.399 |
[Eval] Epoch: 19 | Teacher Test Loss: 1.541 | Teacher Test Acc: 57.760 | Student Test Loss: 2.006 | Student Test Acc: 48.410 | Teacher Test F1: 0.576 | Student Test F1: 0.485 | Teacher Top 5 Accuracy: 0.852 | Student Top 5 Accuracy: 0.788 | Time: 2.315 | 
Running student landscape probe...
[Train] Epoch: 20 | Teacher lr=0.4329 | Teacher Loss: 1.401 | Teacher Train Acc: 68.356 | Student lr=0.4329 | Student Train Acc: 65.434 | Time: 140.909 |
[Eval] Epoch: 20 | Teacher Test Loss: 1.414 | Teacher Test Acc: 61.070 | Student Test Loss: 1.828 | Student Test Acc: 51.920 | Teacher Test F1: 0.608 | Student Test F1: 0.516 | Teacher Top 5 Accuracy: 0.869 | Student Top 5 Accuracy: 0.812 | Time: 2.159 | 
Running student landscape probe...
[Train] Epoch: 21 | Teacher lr=0.3887 | Teacher Loss: 1.349 | Teacher Train Acc: 69.580 | Student lr=0.3887 | Student Train Acc: 66.402 | Time: 141.285 |
[Eval] Epoch: 21 | Teacher Test Loss: 1.428 | Teacher Test Acc: 60.160 | Student Test Loss: 2.070 | Student Test Acc: 47.610 | Teacher Test F1: 0.601 | Student Test F1: 0.482 | Teacher Top 5 Accuracy: 0.868 | Student Top 5 Accuracy: 0.788 | Time: 2.288 | 
Running student landscape probe...
[Train] Epoch: 22 | Teacher lr=0.3455 | Teacher Loss: 1.299 | Teacher Train Acc: 70.860 | Student lr=0.3455 | Student Train Acc: 67.436 | Time: 142.868 |
[Eval] Epoch: 22 | Teacher Test Loss: 1.393 | Teacher Test Acc: 61.300 | Student Test Loss: 1.836 | Student Test Acc: 51.970 | Teacher Test F1: 0.609 | Student Test F1: 0.514 | Teacher Top 5 Accuracy: 0.871 | Student Top 5 Accuracy: 0.808 | Time: 2.239 | 
Running student landscape probe...
[Train] Epoch: 23 | Teacher lr=0.3035 | Teacher Loss: 1.237 | Teacher Train Acc: 72.418 | Student lr=0.3035 | Student Train Acc: 68.202 | Time: 135.851 |
[Eval] Epoch: 23 | Teacher Test Loss: 1.337 | Teacher Test Acc: 62.700 | Student Test Loss: 1.809 | Student Test Acc: 53.200 | Teacher Test F1: 0.626 | Student Test F1: 0.534 | Teacher Top 5 Accuracy: 0.877 | Student Top 5 Accuracy: 0.821 | Time: 2.254 | 
Running student landscape probe...
[Train] Epoch: 24 | Teacher lr=0.2631 | Teacher Loss: 1.188 | Teacher Train Acc: 73.838 | Student lr=0.2631 | Student Train Acc: 69.366 | Time: 137.033 |
[Eval] Epoch: 24 | Teacher Test Loss: 1.245 | Teacher Test Acc: 64.360 | Student Test Loss: 1.738 | Student Test Acc: 54.410 | Teacher Test F1: 0.642 | Student Test F1: 0.542 | Teacher Top 5 Accuracy: 0.894 | Student Top 5 Accuracy: 0.830 | Time: 2.182 | 
Running student landscape probe...
[Train] Epoch: 25 | Teacher lr=0.2246 | Teacher Loss: 1.127 | Teacher Train Acc: 75.518 | Student lr=0.2246 | Student Train Acc: 70.664 | Time: 135.213 |
[Eval] Epoch: 25 | Teacher Test Loss: 1.308 | Teacher Test Acc: 63.850 | Student Test Loss: 1.578 | Student Test Acc: 57.220 | Teacher Test F1: 0.637 | Student Test F1: 0.572 | Teacher Top 5 Accuracy: 0.886 | Student Top 5 Accuracy: 0.852 | Time: 2.149 | 
Running student landscape probe...
[Train] Epoch: 26 | Teacher lr=0.1883 | Teacher Loss: 1.068 | Teacher Train Acc: 77.044 | Student lr=0.1883 | Student Train Acc: 71.818 | Time: 135.409 |
[Eval] Epoch: 26 | Teacher Test Loss: 1.237 | Teacher Test Acc: 65.210 | Student Test Loss: 1.839 | Student Test Acc: 53.250 | Teacher Test F1: 0.652 | Student Test F1: 0.529 | Teacher Top 5 Accuracy: 0.894 | Student Top 5 Accuracy: 0.811 | Time: 2.244 | 
Running student landscape probe...
[Train] Epoch: 27 | Teacher lr=0.1545 | Teacher Loss: 1.000 | Teacher Train Acc: 79.180 | Student lr=0.1545 | Student Train Acc: 73.072 | Time: 143.187 |
[Eval] Epoch: 27 | Teacher Test Loss: 1.180 | Teacher Test Acc: 66.950 | Student Test Loss: 1.608 | Student Test Acc: 57.510 | Teacher Test F1: 0.671 | Student Test F1: 0.575 | Teacher Top 5 Accuracy: 0.902 | Student Top 5 Accuracy: 0.852 | Time: 2.248 | 
Running student landscape probe...
[Train] Epoch: 28 | Teacher lr=0.1235 | Teacher Loss: 0.939 | Teacher Train Acc: 80.816 | Student lr=0.1235 | Student Train Acc: 74.530 | Time: 142.392 |
[Eval] Epoch: 28 | Teacher Test Loss: 1.124 | Teacher Test Acc: 68.060 | Student Test Loss: 1.636 | Student Test Acc: 57.330 | Teacher Test F1: 0.680 | Student Test F1: 0.579 | Teacher Top 5 Accuracy: 0.904 | Student Top 5 Accuracy: 0.854 | Time: 2.437 | 
Running student landscape probe...
[Train] Epoch: 29 | Teacher lr=0.0955 | Teacher Loss: 0.869 | Teacher Train Acc: 82.762 | Student lr=0.0955 | Student Train Acc: 76.178 | Time: 135.367 |
[Eval] Epoch: 29 | Teacher Test Loss: 1.085 | Teacher Test Acc: 69.300 | Student Test Loss: 1.507 | Student Test Acc: 59.320 | Teacher Test F1: 0.694 | Student Test F1: 0.597 | Teacher Top 5 Accuracy: 0.911 | Student Top 5 Accuracy: 0.865 | Time: 2.331 | 
Running student landscape probe...
[Train] Epoch: 30 | Teacher lr=0.0708 | Teacher Loss: 0.806 | Teacher Train Acc: 84.400 | Student lr=0.0708 | Student Train Acc: 77.884 | Time: 143.258 |
[Eval] Epoch: 30 | Teacher Test Loss: 1.070 | Teacher Test Acc: 69.580 | Student Test Loss: 1.525 | Student Test Acc: 60.160 | Teacher Test F1: 0.696 | Student Test F1: 0.603 | Teacher Top 5 Accuracy: 0.915 | Student Top 5 Accuracy: 0.864 | Time: 2.083 | 
Running student landscape probe...
[Train] Epoch: 31 | Teacher lr=0.0495 | Teacher Loss: 0.739 | Teacher Train Acc: 86.230 | Student lr=0.0495 | Student Train Acc: 79.272 | Time: 141.683 |
[Eval] Epoch: 31 | Teacher Test Loss: 1.036 | Teacher Test Acc: 70.860 | Student Test Loss: 1.291 | Student Test Acc: 64.490 | Teacher Test F1: 0.709 | Student Test F1: 0.645 | Teacher Top 5 Accuracy: 0.919 | Student Top 5 Accuracy: 0.898 | Time: 2.372 | 
Running student landscape probe...
[Train] Epoch: 32 | Teacher lr=0.0319 | Teacher Loss: 0.686 | Teacher Train Acc: 87.596 | Student lr=0.0319 | Student Train Acc: 81.024 | Time: 142.817 |
[Eval] Epoch: 32 | Teacher Test Loss: 1.049 | Teacher Test Acc: 70.450 | Student Test Loss: 1.326 | Student Test Acc: 64.720 | Teacher Test F1: 0.704 | Student Test F1: 0.646 | Teacher Top 5 Accuracy: 0.916 | Student Top 5 Accuracy: 0.892 | Time: 2.402 | 
Running student landscape probe...
[Train] Epoch: 33 | Teacher lr=0.0180 | Teacher Loss: 0.636 | Teacher Train Acc: 88.850 | Student lr=0.0180 | Student Train Acc: 82.370 | Time: 143.991 |
[Eval] Epoch: 33 | Teacher Test Loss: 0.999 | Teacher Test Acc: 71.440 | Student Test Loss: 1.378 | Student Test Acc: 64.090 | Teacher Test F1: 0.714 | Student Test F1: 0.640 | Teacher Top 5 Accuracy: 0.924 | Student Top 5 Accuracy: 0.883 | Time: 2.232 | 
Running student landscape probe...
[Train] Epoch: 34 | Teacher lr=0.0080 | Teacher Loss: 0.602 | Teacher Train Acc: 89.640 | Student lr=0.0080 | Student Train Acc: 83.580 | Time: 143.138 |
[Eval] Epoch: 34 | Teacher Test Loss: 0.996 | Teacher Test Acc: 71.850 | Student Test Loss: 1.354 | Student Test Acc: 64.570 | Teacher Test F1: 0.719 | Student Test F1: 0.646 | Teacher Top 5 Accuracy: 0.923 | Student Top 5 Accuracy: 0.889 | Time: 2.332 | 
Running student landscape probe...
[Train] Epoch: 35 | Teacher lr=0.0020 | Teacher Loss: 0.582 | Teacher Train Acc: 89.930 | Student lr=0.0020 | Student Train Acc: 84.274 | Time: 141.872 |
[Eval] Epoch: 35 | Teacher Test Loss: 0.998 | Teacher Test Acc: 71.680 | Student Test Loss: 1.311 | Student Test Acc: 65.320 | Teacher Test F1: 0.717 | Student Test F1: 0.654 | Teacher Top 5 Accuracy: 0.923 | Student Top 5 Accuracy: 0.894 | Time: 2.252 | 
Running student landscape probe...
ckpt location: ckpt/robust12h_industry/cosine_innoise005_seed1_35ep.pt
