/home/jovyan/.mlspace/envs/egy_llm/lib/python3.11/site-packages/torchvision/datasets/cifar.py:83: VisibleDeprecationWarning: dtype(): align should be passed as Python or NumPy boolean but got `align=0`. Did you mean to pass a tuple to create a subarray type? (Deprecated NumPy 2.4)
  entry = pickle.load(f, encoding="latin1")
depth_list: [110, 20]
[NoisyClassificationDataset] num_classes=100 label_noise_rate=0.100 input_noise_std=0.0000 flipped=5016/50000
Dataset information: cifar100	 50000 images for training 	 10000 images for testing	
teacher depth: 110
student depth: 20
Total number of teacher parameters: 1,169,972
Total number of student parameters: 278,132
Snapshots will be saved to: snapshots/robust12h_industry/cosine_lblnoise010_seed4_35ep
==== train and evaluate unequal restart ====
[Eval] Epoch: 0 | Teacher Test Loss: 8723.027 | Teacher Test Acc: 1.000 | Student Test Loss: 5.114 | Student Test Acc: 0.930 | Teacher Test F1: 0.000 | Student Test F1: 0.001 | Teacher Top 5 Accuracy: 0.050 | Student Top 5 Accuracy: 0.051 | Time: 2.492 | 
Running student landscape probe...
[Train] Epoch: 1 | Teacher lr=1.0000 | Teacher Loss: 4.223 | Teacher Train Acc: 8.588 | Student lr=1.0000 | Student Train Acc: 18.344 | Time: 138.713 |
[Eval] Epoch: 1 | Teacher Test Loss: 3.701 | Teacher Test Acc: 12.580 | Student Test Loss: 3.285 | Student Test Acc: 20.470 | Teacher Test F1: 0.094 | Student Test F1: 0.172 | Teacher Top 5 Accuracy: 0.363 | Student Top 5 Accuracy: 0.488 | Time: 2.768 | 
Running student landscape probe...
[Train] Epoch: 2 | Teacher lr=0.9980 | Teacher Loss: 3.689 | Teacher Train Acc: 19.674 | Student lr=0.9980 | Student Train Acc: 35.328 | Time: 136.211 |
[Eval] Epoch: 2 | Teacher Test Loss: 3.060 | Teacher Test Acc: 22.910 | Student Test Loss: 2.956 | Student Test Acc: 27.900 | Teacher Test F1: 0.204 | Student Test F1: 0.252 | Teacher Top 5 Accuracy: 0.553 | Student Top 5 Accuracy: 0.572 | Time: 2.643 | 
Running student landscape probe...
[Train] Epoch: 3 | Teacher lr=0.9920 | Teacher Loss: 3.239 | Teacher Train Acc: 29.512 | Student lr=0.9920 | Student Train Acc: 40.220 | Time: 136.800 |
[Eval] Epoch: 3 | Teacher Test Loss: 2.636 | Teacher Test Acc: 31.630 | Student Test Loss: 3.593 | Student Test Acc: 20.730 | Teacher Test F1: 0.289 | Student Test F1: 0.177 | Teacher Top 5 Accuracy: 0.642 | Student Top 5 Accuracy: 0.446 | Time: 2.597 | 
Running student landscape probe...
[Train] Epoch: 4 | Teacher lr=0.9820 | Teacher Loss: 2.977 | Teacher Train Acc: 35.212 | Student lr=0.9820 | Student Train Acc: 43.266 | Time: 136.292 |
[Eval] Epoch: 4 | Teacher Test Loss: 2.406 | Teacher Test Acc: 36.900 | Student Test Loss: 2.904 | Student Test Acc: 27.790 | Teacher Test F1: 0.356 | Student Test F1: 0.282 | Teacher Top 5 Accuracy: 0.697 | Student Top 5 Accuracy: 0.607 | Time: 2.629 | 
Running student landscape probe...
[Train] Epoch: 5 | Teacher lr=0.9681 | Teacher Loss: 2.826 | Teacher Train Acc: 39.082 | Student lr=0.9681 | Student Train Acc: 45.520 | Time: 137.401 |
[Eval] Epoch: 5 | Teacher Test Loss: 2.276 | Teacher Test Acc: 39.760 | Student Test Loss: 4.129 | Student Test Acc: 14.640 | Teacher Test F1: 0.390 | Student Test F1: 0.157 | Teacher Top 5 Accuracy: 0.728 | Student Top 5 Accuracy: 0.426 | Time: 2.620 | 
Running student landscape probe...
[Train] Epoch: 6 | Teacher lr=0.9505 | Teacher Loss: 2.720 | Teacher Train Acc: 41.926 | Student lr=0.9505 | Student Train Acc: 47.014 | Time: 139.283 |
[Eval] Epoch: 6 | Teacher Test Loss: 2.438 | Teacher Test Acc: 36.540 | Student Test Loss: 2.728 | Student Test Acc: 32.330 | Teacher Test F1: 0.349 | Student Test F1: 0.303 | Teacher Top 5 Accuracy: 0.697 | Student Top 5 Accuracy: 0.631 | Time: 2.651 | 
Running student landscape probe...
[Train] Epoch: 7 | Teacher lr=0.9292 | Teacher Loss: 2.640 | Teacher Train Acc: 44.256 | Student lr=0.9292 | Student Train Acc: 48.250 | Time: 136.435 |
[Eval] Epoch: 7 | Teacher Test Loss: 2.406 | Teacher Test Acc: 37.600 | Student Test Loss: 2.510 | Student Test Acc: 36.180 | Teacher Test F1: 0.364 | Student Test F1: 0.356 | Teacher Top 5 Accuracy: 0.694 | Student Top 5 Accuracy: 0.677 | Time: 2.658 | 
Running student landscape probe...
[Train] Epoch: 8 | Teacher lr=0.9045 | Teacher Loss: 2.583 | Teacher Train Acc: 45.718 | Student lr=0.9045 | Student Train Acc: 49.222 | Time: 138.724 |
[Eval] Epoch: 8 | Teacher Test Loss: 2.030 | Teacher Test Acc: 45.420 | Student Test Loss: 2.473 | Student Test Acc: 36.090 | Teacher Test F1: 0.446 | Student Test F1: 0.352 | Teacher Top 5 Accuracy: 0.774 | Student Top 5 Accuracy: 0.687 | Time: 2.578 | 
Running student landscape probe...
[Train] Epoch: 9 | Teacher lr=0.8765 | Teacher Loss: 2.515 | Teacher Train Acc: 47.440 | Student lr=0.8765 | Student Train Acc: 50.030 | Time: 138.066 |
[Eval] Epoch: 9 | Teacher Test Loss: 2.022 | Teacher Test Acc: 46.310 | Student Test Loss: 2.208 | Student Test Acc: 43.030 | Teacher Test F1: 0.458 | Student Test F1: 0.421 | Teacher Top 5 Accuracy: 0.777 | Student Top 5 Accuracy: 0.736 | Time: 2.598 | 
Running student landscape probe...
[Train] Epoch: 10 | Teacher lr=0.8455 | Teacher Loss: 2.460 | Teacher Train Acc: 48.790 | Student lr=0.8455 | Student Train Acc: 50.766 | Time: 138.169 |
[Eval] Epoch: 10 | Teacher Test Loss: 2.052 | Teacher Test Acc: 45.140 | Student Test Loss: 3.471 | Student Test Acc: 24.130 | Teacher Test F1: 0.441 | Student Test F1: 0.241 | Teacher Top 5 Accuracy: 0.772 | Student Top 5 Accuracy: 0.512 | Time: 2.600 | 
Running student landscape probe...
[Train] Epoch: 11 | Teacher lr=0.8117 | Teacher Loss: 2.410 | Teacher Train Acc: 50.284 | Student lr=0.8117 | Student Train Acc: 51.668 | Time: 135.958 |
[Eval] Epoch: 11 | Teacher Test Loss: 1.944 | Teacher Test Acc: 48.170 | Student Test Loss: 2.291 | Student Test Acc: 42.170 | Teacher Test F1: 0.472 | Student Test F1: 0.406 | Teacher Top 5 Accuracy: 0.792 | Student Top 5 Accuracy: 0.716 | Time: 2.564 | 
Running student landscape probe...
[Train] Epoch: 12 | Teacher lr=0.7754 | Teacher Loss: 2.366 | Teacher Train Acc: 51.462 | Student lr=0.7754 | Student Train Acc: 52.410 | Time: 138.662 |
[Eval] Epoch: 12 | Teacher Test Loss: 1.899 | Teacher Test Acc: 50.110 | Student Test Loss: 2.316 | Student Test Acc: 41.960 | Teacher Test F1: 0.492 | Student Test F1: 0.418 | Teacher Top 5 Accuracy: 0.806 | Student Top 5 Accuracy: 0.724 | Time: 2.616 | 
Running student landscape probe...
[Train] Epoch: 13 | Teacher lr=0.7369 | Teacher Loss: 2.323 | Teacher Train Acc: 52.744 | Student lr=0.7369 | Student Train Acc: 53.130 | Time: 136.988 |
[Eval] Epoch: 13 | Teacher Test Loss: 1.852 | Teacher Test Acc: 50.300 | Student Test Loss: 2.500 | Student Test Acc: 36.640 | Teacher Test F1: 0.498 | Student Test F1: 0.360 | Teacher Top 5 Accuracy: 0.816 | Student Top 5 Accuracy: 0.681 | Time: 2.675 | 
Running student landscape probe...
[Train] Epoch: 14 | Teacher lr=0.6965 | Teacher Loss: 2.269 | Teacher Train Acc: 54.340 | Student lr=0.6965 | Student Train Acc: 54.000 | Time: 137.646 |
[Eval] Epoch: 14 | Teacher Test Loss: 1.845 | Teacher Test Acc: 50.250 | Student Test Loss: 2.443 | Student Test Acc: 39.080 | Teacher Test F1: 0.503 | Student Test F1: 0.396 | Teacher Top 5 Accuracy: 0.814 | Student Top 5 Accuracy: 0.704 | Time: 2.601 | 
Running student landscape probe...
[Train] Epoch: 15 | Teacher lr=0.6545 | Teacher Loss: 2.232 | Teacher Train Acc: 55.068 | Student lr=0.6545 | Student Train Acc: 54.568 | Time: 138.330 |
[Eval] Epoch: 15 | Teacher Test Loss: 1.690 | Teacher Test Acc: 53.990 | Student Test Loss: 2.606 | Student Test Acc: 33.770 | Teacher Test F1: 0.542 | Student Test F1: 0.339 | Teacher Top 5 Accuracy: 0.844 | Student Top 5 Accuracy: 0.665 | Time: 2.639 | 
Running student landscape probe...
[Train] Epoch: 16 | Teacher lr=0.6113 | Teacher Loss: 2.187 | Teacher Train Acc: 56.380 | Student lr=0.6113 | Student Train Acc: 55.286 | Time: 138.450 |
[Eval] Epoch: 16 | Teacher Test Loss: 1.729 | Teacher Test Acc: 53.940 | Student Test Loss: 2.103 | Student Test Acc: 45.090 | Teacher Test F1: 0.544 | Student Test F1: 0.449 | Teacher Top 5 Accuracy: 0.825 | Student Top 5 Accuracy: 0.761 | Time: 2.608 | 
Running student landscape probe...
[Train] Epoch: 17 | Teacher lr=0.5671 | Teacher Loss: 2.149 | Teacher Train Acc: 57.466 | Student lr=0.5671 | Student Train Acc: 55.946 | Time: 136.036 |
[Eval] Epoch: 17 | Teacher Test Loss: 1.729 | Teacher Test Acc: 53.910 | Student Test Loss: 1.966 | Student Test Acc: 48.750 | Teacher Test F1: 0.541 | Student Test F1: 0.483 | Teacher Top 5 Accuracy: 0.829 | Student Top 5 Accuracy: 0.786 | Time: 2.616 | 
Running student landscape probe...
[Train] Epoch: 18 | Teacher lr=0.5224 | Teacher Loss: 2.101 | Teacher Train Acc: 58.672 | Student lr=0.5224 | Student Train Acc: 56.828 | Time: 136.598 |
[Eval] Epoch: 18 | Teacher Test Loss: 1.591 | Teacher Test Acc: 56.710 | Student Test Loss: 2.356 | Student Test Acc: 40.350 | Teacher Test F1: 0.567 | Student Test F1: 0.406 | Teacher Top 5 Accuracy: 0.855 | Student Top 5 Accuracy: 0.710 | Time: 2.573 | 
Running student landscape probe...
[Train] Epoch: 19 | Teacher lr=0.4776 | Teacher Loss: 2.064 | Teacher Train Acc: 59.666 | Student lr=0.4776 | Student Train Acc: 57.630 | Time: 139.288 |
[Eval] Epoch: 19 | Teacher Test Loss: 1.486 | Teacher Test Acc: 59.750 | Student Test Loss: 1.914 | Student Test Acc: 49.070 | Teacher Test F1: 0.595 | Student Test F1: 0.490 | Teacher Top 5 Accuracy: 0.868 | Student Top 5 Accuracy: 0.797 | Time: 2.752 | 
Running student landscape probe...
[Train] Epoch: 20 | Teacher lr=0.4329 | Teacher Loss: 2.013 | Teacher Train Acc: 60.980 | Student lr=0.4329 | Student Train Acc: 58.480 | Time: 133.963 |
[Eval] Epoch: 20 | Teacher Test Loss: 1.587 | Teacher Test Acc: 57.240 | Student Test Loss: 1.761 | Student Test Acc: 53.360 | Teacher Test F1: 0.570 | Student Test F1: 0.531 | Teacher Top 5 Accuracy: 0.857 | Student Top 5 Accuracy: 0.822 | Time: 2.467 | 
Running student landscape probe...
[Train] Epoch: 21 | Teacher lr=0.3887 | Teacher Loss: 1.964 | Teacher Train Acc: 62.146 | Student lr=0.3887 | Student Train Acc: 59.208 | Time: 139.040 |
[Eval] Epoch: 21 | Teacher Test Loss: 1.443 | Teacher Test Acc: 60.840 | Student Test Loss: 1.768 | Student Test Acc: 52.690 | Teacher Test F1: 0.605 | Student Test F1: 0.528 | Teacher Top 5 Accuracy: 0.872 | Student Top 5 Accuracy: 0.823 | Time: 2.434 | 
Running student landscape probe...
[Train] Epoch: 22 | Teacher lr=0.3455 | Teacher Loss: 1.917 | Teacher Train Acc: 63.312 | Student lr=0.3455 | Student Train Acc: 60.178 | Time: 133.822 |
[Eval] Epoch: 22 | Teacher Test Loss: 1.386 | Teacher Test Acc: 62.490 | Student Test Loss: 1.704 | Student Test Acc: 54.940 | Teacher Test F1: 0.623 | Student Test F1: 0.551 | Teacher Top 5 Accuracy: 0.880 | Student Top 5 Accuracy: 0.830 | Time: 2.420 | 
Running student landscape probe...
[Train] Epoch: 23 | Teacher lr=0.3035 | Teacher Loss: 1.857 | Teacher Train Acc: 65.022 | Student lr=0.3035 | Student Train Acc: 60.968 | Time: 139.446 |
[Eval] Epoch: 23 | Teacher Test Loss: 1.349 | Teacher Test Acc: 64.140 | Student Test Loss: 1.761 | Student Test Acc: 53.190 | Teacher Test F1: 0.642 | Student Test F1: 0.530 | Teacher Top 5 Accuracy: 0.891 | Student Top 5 Accuracy: 0.818 | Time: 2.736 | 
Running student landscape probe...
[Train] Epoch: 24 | Teacher lr=0.2631 | Teacher Loss: 1.807 | Teacher Train Acc: 66.178 | Student lr=0.2631 | Student Train Acc: 62.248 | Time: 136.794 |
[Eval] Epoch: 24 | Teacher Test Loss: 1.407 | Teacher Test Acc: 62.070 | Student Test Loss: 1.924 | Student Test Acc: 50.330 | Teacher Test F1: 0.617 | Student Test F1: 0.494 | Teacher Top 5 Accuracy: 0.882 | Student Top 5 Accuracy: 0.795 | Time: 2.696 | 
Running student landscape probe...
[Train] Epoch: 25 | Teacher lr=0.2246 | Teacher Loss: 1.749 | Teacher Train Acc: 67.734 | Student lr=0.2246 | Student Train Acc: 62.946 | Time: 136.895 |
[Eval] Epoch: 25 | Teacher Test Loss: 1.272 | Teacher Test Acc: 64.840 | Student Test Loss: 1.570 | Student Test Acc: 57.530 | Teacher Test F1: 0.648 | Student Test F1: 0.575 | Teacher Top 5 Accuracy: 0.900 | Student Top 5 Accuracy: 0.857 | Time: 2.683 | 
Running student landscape probe...
[Train] Epoch: 26 | Teacher lr=0.1883 | Teacher Loss: 1.689 | Teacher Train Acc: 69.260 | Student lr=0.1883 | Student Train Acc: 64.464 | Time: 137.390 |
[Eval] Epoch: 26 | Teacher Test Loss: 1.203 | Teacher Test Acc: 67.500 | Student Test Loss: 1.526 | Student Test Acc: 59.590 | Teacher Test F1: 0.672 | Student Test F1: 0.595 | Teacher Top 5 Accuracy: 0.908 | Student Top 5 Accuracy: 0.860 | Time: 2.717 | 
Running student landscape probe...
[Train] Epoch: 27 | Teacher lr=0.1545 | Teacher Loss: 1.622 | Teacher Train Acc: 70.874 | Student lr=0.1545 | Student Train Acc: 65.872 | Time: 138.274 |
[Eval] Epoch: 27 | Teacher Test Loss: 1.203 | Teacher Test Acc: 67.560 | Student Test Loss: 1.540 | Student Test Acc: 58.990 | Teacher Test F1: 0.675 | Student Test F1: 0.586 | Teacher Top 5 Accuracy: 0.909 | Student Top 5 Accuracy: 0.855 | Time: 2.586 | 
Running student landscape probe...
[Train] Epoch: 28 | Teacher lr=0.1235 | Teacher Loss: 1.554 | Teacher Train Acc: 72.572 | Student lr=0.1235 | Student Train Acc: 66.872 | Time: 139.292 |
[Eval] Epoch: 28 | Teacher Test Loss: 1.142 | Teacher Test Acc: 69.040 | Student Test Loss: 1.515 | Student Test Acc: 60.170 | Teacher Test F1: 0.689 | Student Test F1: 0.596 | Teacher Top 5 Accuracy: 0.913 | Student Top 5 Accuracy: 0.855 | Time: 2.562 | 
Running student landscape probe...
[Train] Epoch: 29 | Teacher lr=0.0955 | Teacher Loss: 1.484 | Teacher Train Acc: 74.408 | Student lr=0.0955 | Student Train Acc: 68.142 | Time: 138.521 |
[Eval] Epoch: 29 | Teacher Test Loss: 1.110 | Teacher Test Acc: 69.470 | Student Test Loss: 1.460 | Student Test Acc: 60.960 | Teacher Test F1: 0.695 | Student Test F1: 0.610 | Teacher Top 5 Accuracy: 0.919 | Student Top 5 Accuracy: 0.865 | Time: 2.591 | 
Running student landscape probe...
[Train] Epoch: 30 | Teacher lr=0.0708 | Teacher Loss: 1.413 | Teacher Train Acc: 76.070 | Student lr=0.0708 | Student Train Acc: 69.704 | Time: 138.863 |
[Eval] Epoch: 30 | Teacher Test Loss: 1.107 | Teacher Test Acc: 69.690 | Student Test Loss: 1.424 | Student Test Acc: 62.300 | Teacher Test F1: 0.696 | Student Test F1: 0.622 | Teacher Top 5 Accuracy: 0.920 | Student Top 5 Accuracy: 0.875 | Time: 2.619 | 
Running student landscape probe...
[Train] Epoch: 31 | Teacher lr=0.0495 | Teacher Loss: 1.336 | Teacher Train Acc: 78.040 | Student lr=0.0495 | Student Train Acc: 71.096 | Time: 138.841 |
[Eval] Epoch: 31 | Teacher Test Loss: 1.076 | Teacher Test Acc: 70.660 | Student Test Loss: 1.336 | Student Test Acc: 64.150 | Teacher Test F1: 0.707 | Student Test F1: 0.639 | Teacher Top 5 Accuracy: 0.923 | Student Top 5 Accuracy: 0.884 | Time: 2.571 | 
Running student landscape probe...
[Train] Epoch: 32 | Teacher lr=0.0319 | Teacher Loss: 1.270 | Teacher Train Acc: 79.400 | Student lr=0.0319 | Student Train Acc: 72.420 | Time: 138.904 |
[Eval] Epoch: 32 | Teacher Test Loss: 1.063 | Teacher Test Acc: 71.090 | Student Test Loss: 1.317 | Student Test Acc: 64.900 | Teacher Test F1: 0.710 | Student Test F1: 0.649 | Teacher Top 5 Accuracy: 0.922 | Student Top 5 Accuracy: 0.887 | Time: 2.583 | 
Running student landscape probe...
[Train] Epoch: 33 | Teacher lr=0.0180 | Teacher Loss: 1.210 | Teacher Train Acc: 80.586 | Student lr=0.0180 | Student Train Acc: 74.034 | Time: 139.297 |
[Eval] Epoch: 33 | Teacher Test Loss: 1.046 | Teacher Test Acc: 71.490 | Student Test Loss: 1.268 | Student Test Acc: 66.240 | Teacher Test F1: 0.714 | Student Test F1: 0.662 | Teacher Top 5 Accuracy: 0.923 | Student Top 5 Accuracy: 0.892 | Time: 2.653 | 
Running student landscape probe...
[Train] Epoch: 34 | Teacher lr=0.0080 | Teacher Loss: 1.166 | Teacher Train Acc: 81.634 | Student lr=0.0080 | Student Train Acc: 75.126 | Time: 136.278 |
[Eval] Epoch: 34 | Teacher Test Loss: 1.039 | Teacher Test Acc: 71.640 | Student Test Loss: 1.249 | Student Test Acc: 66.950 | Teacher Test F1: 0.716 | Student Test F1: 0.669 | Teacher Top 5 Accuracy: 0.924 | Student Top 5 Accuracy: 0.894 | Time: 2.617 | 
Running student landscape probe...
[Train] Epoch: 35 | Teacher lr=0.0020 | Teacher Loss: 1.141 | Teacher Train Acc: 82.110 | Student lr=0.0020 | Student Train Acc: 75.820 | Time: 136.579 |
[Eval] Epoch: 35 | Teacher Test Loss: 1.038 | Teacher Test Acc: 71.670 | Student Test Loss: 1.241 | Student Test Acc: 67.200 | Teacher Test F1: 0.716 | Student Test F1: 0.672 | Teacher Top 5 Accuracy: 0.923 | Student Top 5 Accuracy: 0.896 | Time: 2.605 | 
Running student landscape probe...
ckpt location: ckpt/robust12h_industry/cosine_lblnoise010_seed4_35ep.pt
