/home/jovyan/.mlspace/envs/egy_llm/lib/python3.11/site-packages/torchvision/datasets/cifar.py:83: VisibleDeprecationWarning: dtype(): align should be passed as Python or NumPy boolean but got `align=0`. Did you mean to pass a tuple to create a subarray type? (Deprecated NumPy 2.4)
  entry = pickle.load(f, encoding="latin1")
depth_list: [110, 20]
[NoisyClassificationDataset] num_classes=100 label_noise_rate=0.100 input_noise_std=0.0000 flipped=5010/50000
Dataset information: cifar100	 50000 images for training 	 10000 images for testing	
teacher depth: 110
student depth: 20
Total number of teacher parameters: 1,169,972
Total number of student parameters: 278,132
Snapshots will be saved to: snapshots/robust12h_industry/cosine_lblnoise010_seed1_35ep
==== train and evaluate unequal restart ====
[Eval] Epoch: 0 | Teacher Test Loss: 12407.062 | Teacher Test Acc: 0.990 | Student Test Loss: 7.984 | Student Test Acc: 1.020 | Teacher Test F1: 0.000 | Student Test F1: 0.000 | Teacher Top 5 Accuracy: 0.050 | Student Top 5 Accuracy: 0.046 | Time: 2.527 | 
Running student landscape probe...
[Train] Epoch: 1 | Teacher lr=1.0000 | Teacher Loss: 4.239 | Teacher Train Acc: 8.248 | Student lr=1.0000 | Student Train Acc: 17.164 | Time: 137.161 |
[Eval] Epoch: 1 | Teacher Test Loss: 3.705 | Teacher Test Acc: 12.380 | Student Test Loss: 3.106 | Student Test Acc: 23.780 | Teacher Test F1: 0.100 | Student Test F1: 0.215 | Teacher Top 5 Accuracy: 0.365 | Student Top 5 Accuracy: 0.543 | Time: 2.722 | 
Running student landscape probe...
[Train] Epoch: 2 | Teacher lr=0.9980 | Teacher Loss: 3.703 | Teacher Train Acc: 19.520 | Student lr=0.9980 | Student Train Acc: 34.198 | Time: 135.939 |
[Eval] Epoch: 2 | Teacher Test Loss: 3.027 | Teacher Test Acc: 23.700 | Student Test Loss: 2.873 | Student Test Acc: 28.890 | Teacher Test F1: 0.210 | Student Test F1: 0.258 | Teacher Top 5 Accuracy: 0.546 | Student Top 5 Accuracy: 0.602 | Time: 2.623 | 
Running student landscape probe...
[Train] Epoch: 3 | Teacher lr=0.9920 | Teacher Loss: 3.250 | Teacher Train Acc: 29.178 | Student lr=0.9920 | Student Train Acc: 40.076 | Time: 136.293 |
[Eval] Epoch: 3 | Teacher Test Loss: 2.770 | Teacher Test Acc: 28.960 | Student Test Loss: 2.621 | Student Test Acc: 34.040 | Teacher Test F1: 0.276 | Student Test F1: 0.324 | Teacher Top 5 Accuracy: 0.630 | Student Top 5 Accuracy: 0.651 | Time: 2.643 | 
Running student landscape probe...
[Train] Epoch: 4 | Teacher lr=0.9820 | Teacher Loss: 3.000 | Teacher Train Acc: 34.852 | Student lr=0.9820 | Student Train Acc: 43.722 | Time: 135.315 |
[Eval] Epoch: 4 | Teacher Test Loss: 2.657 | Teacher Test Acc: 31.570 | Student Test Loss: 2.710 | Student Test Acc: 31.960 | Teacher Test F1: 0.294 | Student Test F1: 0.323 | Teacher Top 5 Accuracy: 0.646 | Student Top 5 Accuracy: 0.635 | Time: 2.618 | 
Running student landscape probe...
[Train] Epoch: 5 | Teacher lr=0.9681 | Teacher Loss: 2.840 | Teacher Train Acc: 38.994 | Student lr=0.9681 | Student Train Acc: 45.888 | Time: 135.132 |
[Eval] Epoch: 5 | Teacher Test Loss: 2.594 | Teacher Test Acc: 32.970 | Student Test Loss: 2.539 | Student Test Acc: 35.160 | Teacher Test F1: 0.306 | Student Test F1: 0.342 | Teacher Top 5 Accuracy: 0.666 | Student Top 5 Accuracy: 0.676 | Time: 2.701 | 
Running student landscape probe...
[Train] Epoch: 6 | Teacher lr=0.9505 | Teacher Loss: 2.726 | Teacher Train Acc: 41.848 | Student lr=0.9505 | Student Train Acc: 47.274 | Time: 136.530 |
[Eval] Epoch: 6 | Teacher Test Loss: 2.340 | Teacher Test Acc: 38.510 | Student Test Loss: 2.449 | Student Test Acc: 37.160 | Teacher Test F1: 0.377 | Student Test F1: 0.364 | Teacher Top 5 Accuracy: 0.728 | Student Top 5 Accuracy: 0.691 | Time: 2.579 | 
Running student landscape probe...
[Train] Epoch: 7 | Teacher lr=0.9292 | Teacher Loss: 2.648 | Teacher Train Acc: 44.170 | Student lr=0.9292 | Student Train Acc: 48.542 | Time: 133.727 |
[Eval] Epoch: 7 | Teacher Test Loss: 2.057 | Teacher Test Acc: 45.290 | Student Test Loss: 2.550 | Student Test Acc: 36.050 | Teacher Test F1: 0.442 | Student Test F1: 0.348 | Teacher Top 5 Accuracy: 0.774 | Student Top 5 Accuracy: 0.676 | Time: 2.570 | 
Running student landscape probe...
[Train] Epoch: 8 | Teacher lr=0.9045 | Teacher Loss: 2.587 | Teacher Train Acc: 45.738 | Student lr=0.9045 | Student Train Acc: 49.274 | Time: 135.649 |
[Eval] Epoch: 8 | Teacher Test Loss: 2.204 | Teacher Test Acc: 42.180 | Student Test Loss: 2.232 | Student Test Acc: 42.170 | Teacher Test F1: 0.409 | Student Test F1: 0.409 | Teacher Top 5 Accuracy: 0.735 | Student Top 5 Accuracy: 0.733 | Time: 2.602 | 
Running student landscape probe...
[Train] Epoch: 9 | Teacher lr=0.8765 | Teacher Loss: 2.519 | Teacher Train Acc: 47.696 | Student lr=0.8765 | Student Train Acc: 50.356 | Time: 136.308 |
[Eval] Epoch: 9 | Teacher Test Loss: 1.974 | Teacher Test Acc: 47.430 | Student Test Loss: 2.253 | Student Test Acc: 41.510 | Teacher Test F1: 0.470 | Student Test F1: 0.415 | Teacher Top 5 Accuracy: 0.786 | Student Top 5 Accuracy: 0.739 | Time: 2.574 | 
Running student landscape probe...
[Train] Epoch: 10 | Teacher lr=0.8455 | Teacher Loss: 2.457 | Teacher Train Acc: 49.182 | Student lr=0.8455 | Student Train Acc: 51.280 | Time: 136.320 |
[Eval] Epoch: 10 | Teacher Test Loss: 1.917 | Teacher Test Acc: 47.920 | Student Test Loss: 2.143 | Student Test Acc: 43.790 | Teacher Test F1: 0.466 | Student Test F1: 0.423 | Teacher Top 5 Accuracy: 0.796 | Student Top 5 Accuracy: 0.752 | Time: 2.631 | 
Running student landscape probe...
[Train] Epoch: 11 | Teacher lr=0.8117 | Teacher Loss: 2.401 | Teacher Train Acc: 50.828 | Student lr=0.8117 | Student Train Acc: 51.534 | Time: 137.523 |
[Eval] Epoch: 11 | Teacher Test Loss: 2.113 | Teacher Test Acc: 43.960 | Student Test Loss: 2.465 | Student Test Acc: 37.750 | Teacher Test F1: 0.435 | Student Test F1: 0.369 | Teacher Top 5 Accuracy: 0.772 | Student Top 5 Accuracy: 0.689 | Time: 2.620 | 
Running student landscape probe...
[Train] Epoch: 12 | Teacher lr=0.7754 | Teacher Loss: 2.358 | Teacher Train Acc: 51.850 | Student lr=0.7754 | Student Train Acc: 52.434 | Time: 136.756 |
[Eval] Epoch: 12 | Teacher Test Loss: 1.853 | Teacher Test Acc: 50.870 | Student Test Loss: 2.153 | Student Test Acc: 44.000 | Teacher Test F1: 0.497 | Student Test F1: 0.434 | Teacher Top 5 Accuracy: 0.811 | Student Top 5 Accuracy: 0.753 | Time: 2.623 | 
Running student landscape probe...
[Train] Epoch: 13 | Teacher lr=0.7369 | Teacher Loss: 2.313 | Teacher Train Acc: 52.880 | Student lr=0.7369 | Student Train Acc: 53.150 | Time: 137.874 |
[Eval] Epoch: 13 | Teacher Test Loss: 1.811 | Teacher Test Acc: 50.860 | Student Test Loss: 2.123 | Student Test Acc: 44.450 | Teacher Test F1: 0.498 | Student Test F1: 0.437 | Teacher Top 5 Accuracy: 0.819 | Student Top 5 Accuracy: 0.755 | Time: 2.638 | 
Running student landscape probe...
[Train] Epoch: 14 | Teacher lr=0.6965 | Teacher Loss: 2.281 | Teacher Train Acc: 53.696 | Student lr=0.6965 | Student Train Acc: 53.946 | Time: 136.605 |
[Eval] Epoch: 14 | Teacher Test Loss: 1.770 | Teacher Test Acc: 52.430 | Student Test Loss: 1.948 | Student Test Acc: 48.670 | Teacher Test F1: 0.521 | Student Test F1: 0.480 | Teacher Top 5 Accuracy: 0.824 | Student Top 5 Accuracy: 0.788 | Time: 2.646 | 
Running student landscape probe...
[Train] Epoch: 15 | Teacher lr=0.6545 | Teacher Loss: 2.225 | Teacher Train Acc: 55.516 | Student lr=0.6545 | Student Train Acc: 54.602 | Time: 137.900 |
[Eval] Epoch: 15 | Teacher Test Loss: 1.874 | Teacher Test Acc: 49.890 | Student Test Loss: 2.323 | Student Test Acc: 40.300 | Teacher Test F1: 0.494 | Student Test F1: 0.407 | Teacher Top 5 Accuracy: 0.797 | Student Top 5 Accuracy: 0.727 | Time: 2.745 | 
Running student landscape probe...
[Train] Epoch: 16 | Teacher lr=0.6113 | Teacher Loss: 2.187 | Teacher Train Acc: 56.392 | Student lr=0.6113 | Student Train Acc: 55.318 | Time: 133.938 |
[Eval] Epoch: 16 | Teacher Test Loss: 1.591 | Teacher Test Acc: 56.040 | Student Test Loss: 1.947 | Student Test Acc: 47.960 | Teacher Test F1: 0.560 | Student Test F1: 0.475 | Teacher Top 5 Accuracy: 0.853 | Student Top 5 Accuracy: 0.793 | Time: 2.629 | 
Running student landscape probe...
[Train] Epoch: 17 | Teacher lr=0.5671 | Teacher Loss: 2.143 | Teacher Train Acc: 57.556 | Student lr=0.5671 | Student Train Acc: 55.800 | Time: 134.011 |
[Eval] Epoch: 17 | Teacher Test Loss: 1.789 | Teacher Test Acc: 52.510 | Student Test Loss: 2.017 | Student Test Acc: 46.930 | Teacher Test F1: 0.518 | Student Test F1: 0.454 | Teacher Top 5 Accuracy: 0.818 | Student Top 5 Accuracy: 0.771 | Time: 2.600 | 
Running student landscape probe...
[Train] Epoch: 18 | Teacher lr=0.5224 | Teacher Loss: 2.100 | Teacher Train Acc: 58.722 | Student lr=0.5224 | Student Train Acc: 56.770 | Time: 136.856 |
[Eval] Epoch: 18 | Teacher Test Loss: 1.516 | Teacher Test Acc: 58.890 | Student Test Loss: 1.871 | Student Test Acc: 51.170 | Teacher Test F1: 0.584 | Student Test F1: 0.505 | Teacher Top 5 Accuracy: 0.862 | Student Top 5 Accuracy: 0.802 | Time: 2.621 | 
Running student landscape probe...
[Train] Epoch: 19 | Teacher lr=0.4776 | Teacher Loss: 2.059 | Teacher Train Acc: 59.792 | Student lr=0.4776 | Student Train Acc: 57.652 | Time: 136.842 |
[Eval] Epoch: 19 | Teacher Test Loss: 1.703 | Teacher Test Acc: 54.170 | Student Test Loss: 2.029 | Student Test Acc: 46.770 | Teacher Test F1: 0.541 | Student Test F1: 0.474 | Teacher Top 5 Accuracy: 0.829 | Student Top 5 Accuracy: 0.775 | Time: 2.573 | 
Running student landscape probe...
[Train] Epoch: 20 | Teacher lr=0.4329 | Teacher Loss: 2.013 | Teacher Train Acc: 60.936 | Student lr=0.4329 | Student Train Acc: 58.436 | Time: 134.197 |
[Eval] Epoch: 20 | Teacher Test Loss: 1.613 | Teacher Test Acc: 56.810 | Student Test Loss: 2.031 | Student Test Acc: 47.230 | Teacher Test F1: 0.566 | Student Test F1: 0.460 | Teacher Top 5 Accuracy: 0.851 | Student Top 5 Accuracy: 0.774 | Time: 2.514 | 
Running student landscape probe...
[Train] Epoch: 21 | Teacher lr=0.3887 | Teacher Loss: 1.967 | Teacher Train Acc: 62.100 | Student lr=0.3887 | Student Train Acc: 58.992 | Time: 134.646 |
[Eval] Epoch: 21 | Teacher Test Loss: 1.498 | Teacher Test Acc: 59.460 | Student Test Loss: 1.881 | Student Test Acc: 50.960 | Teacher Test F1: 0.593 | Student Test F1: 0.509 | Teacher Top 5 Accuracy: 0.863 | Student Top 5 Accuracy: 0.799 | Time: 2.368 | 
Running student landscape probe...
[Train] Epoch: 22 | Teacher lr=0.3455 | Teacher Loss: 1.921 | Teacher Train Acc: 63.296 | Student lr=0.3455 | Student Train Acc: 60.026 | Time: 136.492 |
[Eval] Epoch: 22 | Teacher Test Loss: 1.448 | Teacher Test Acc: 61.260 | Student Test Loss: 1.887 | Student Test Acc: 50.160 | Teacher Test F1: 0.611 | Student Test F1: 0.504 | Teacher Top 5 Accuracy: 0.876 | Student Top 5 Accuracy: 0.800 | Time: 2.352 | 
Running student landscape probe...
[Train] Epoch: 23 | Teacher lr=0.3035 | Teacher Loss: 1.862 | Teacher Train Acc: 64.988 | Student lr=0.3035 | Student Train Acc: 60.930 | Time: 134.311 |
[Eval] Epoch: 23 | Teacher Test Loss: 1.381 | Teacher Test Acc: 62.740 | Student Test Loss: 1.702 | Student Test Acc: 55.180 | Teacher Test F1: 0.628 | Student Test F1: 0.549 | Teacher Top 5 Accuracy: 0.883 | Student Top 5 Accuracy: 0.828 | Time: 2.479 | 
Running student landscape probe...
[Train] Epoch: 24 | Teacher lr=0.2631 | Teacher Loss: 1.804 | Teacher Train Acc: 66.656 | Student lr=0.2631 | Student Train Acc: 62.032 | Time: 135.701 |
[Eval] Epoch: 24 | Teacher Test Loss: 1.313 | Teacher Test Acc: 64.400 | Student Test Loss: 1.573 | Student Test Acc: 57.530 | Teacher Test F1: 0.643 | Student Test F1: 0.574 | Teacher Top 5 Accuracy: 0.895 | Student Top 5 Accuracy: 0.851 | Time: 2.472 | 
Running student landscape probe...
[Train] Epoch: 25 | Teacher lr=0.2246 | Teacher Loss: 1.747 | Teacher Train Acc: 67.770 | Student lr=0.2246 | Student Train Acc: 62.884 | Time: 134.945 |
[Eval] Epoch: 25 | Teacher Test Loss: 1.302 | Teacher Test Acc: 64.920 | Student Test Loss: 1.690 | Student Test Acc: 55.230 | Teacher Test F1: 0.648 | Student Test F1: 0.551 | Teacher Top 5 Accuracy: 0.890 | Student Top 5 Accuracy: 0.827 | Time: 2.522 | 
Running student landscape probe...
[Train] Epoch: 26 | Teacher lr=0.1883 | Teacher Loss: 1.685 | Teacher Train Acc: 69.180 | Student lr=0.1883 | Student Train Acc: 64.112 | Time: 134.300 |
[Eval] Epoch: 26 | Teacher Test Loss: 1.243 | Teacher Test Acc: 66.420 | Student Test Loss: 1.547 | Student Test Acc: 58.480 | Teacher Test F1: 0.663 | Student Test F1: 0.582 | Teacher Top 5 Accuracy: 0.902 | Student Top 5 Accuracy: 0.860 | Time: 2.338 | 
Running student landscape probe...
[Train] Epoch: 27 | Teacher lr=0.1545 | Teacher Loss: 1.620 | Teacher Train Acc: 70.874 | Student lr=0.1545 | Student Train Acc: 65.364 | Time: 136.574 |
[Eval] Epoch: 27 | Teacher Test Loss: 1.153 | Teacher Test Acc: 68.390 | Student Test Loss: 1.540 | Student Test Acc: 59.170 | Teacher Test F1: 0.683 | Student Test F1: 0.594 | Teacher Top 5 Accuracy: 0.914 | Student Top 5 Accuracy: 0.856 | Time: 2.264 | 
Running student landscape probe...
[Train] Epoch: 28 | Teacher lr=0.1235 | Teacher Loss: 1.549 | Teacher Train Acc: 72.702 | Student lr=0.1235 | Student Train Acc: 66.606 | Time: 135.457 |
[Eval] Epoch: 28 | Teacher Test Loss: 1.142 | Teacher Test Acc: 68.940 | Student Test Loss: 1.444 | Student Test Acc: 60.780 | Teacher Test F1: 0.690 | Student Test F1: 0.614 | Teacher Top 5 Accuracy: 0.916 | Student Top 5 Accuracy: 0.870 | Time: 2.347 | 
Running student landscape probe...
[Train] Epoch: 29 | Teacher lr=0.0955 | Teacher Loss: 1.478 | Teacher Train Acc: 74.610 | Student lr=0.0955 | Student Train Acc: 67.850 | Time: 139.630 |
[Eval] Epoch: 29 | Teacher Test Loss: 1.131 | Teacher Test Acc: 69.260 | Student Test Loss: 1.467 | Student Test Acc: 60.710 | Teacher Test F1: 0.692 | Student Test F1: 0.605 | Teacher Top 5 Accuracy: 0.917 | Student Top 5 Accuracy: 0.862 | Time: 2.431 | 
Running student landscape probe...
[Train] Epoch: 30 | Teacher lr=0.0708 | Teacher Loss: 1.405 | Teacher Train Acc: 76.178 | Student lr=0.0708 | Student Train Acc: 69.230 | Time: 139.128 |
[Eval] Epoch: 30 | Teacher Test Loss: 1.119 | Teacher Test Acc: 69.610 | Student Test Loss: 1.411 | Student Test Acc: 61.270 | Teacher Test F1: 0.698 | Student Test F1: 0.610 | Teacher Top 5 Accuracy: 0.916 | Student Top 5 Accuracy: 0.873 | Time: 2.380 | 
Running student landscape probe...
[Train] Epoch: 31 | Teacher lr=0.0495 | Teacher Loss: 1.337 | Teacher Train Acc: 77.986 | Student lr=0.0495 | Student Train Acc: 70.994 | Time: 137.349 |
[Eval] Epoch: 31 | Teacher Test Loss: 1.085 | Teacher Test Acc: 70.790 | Student Test Loss: 1.376 | Student Test Acc: 62.620 | Teacher Test F1: 0.707 | Student Test F1: 0.622 | Teacher Top 5 Accuracy: 0.917 | Student Top 5 Accuracy: 0.874 | Time: 2.515 | 
Running student landscape probe...
[Train] Epoch: 32 | Teacher lr=0.0319 | Teacher Loss: 1.268 | Teacher Train Acc: 79.488 | Student lr=0.0319 | Student Train Acc: 72.454 | Time: 136.187 |
[Eval] Epoch: 32 | Teacher Test Loss: 1.076 | Teacher Test Acc: 71.050 | Student Test Loss: 1.293 | Student Test Acc: 64.650 | Teacher Test F1: 0.711 | Student Test F1: 0.646 | Teacher Top 5 Accuracy: 0.921 | Student Top 5 Accuracy: 0.892 | Time: 2.298 | 
Running student landscape probe...
[Train] Epoch: 33 | Teacher lr=0.0180 | Teacher Loss: 1.211 | Teacher Train Acc: 80.798 | Student lr=0.0180 | Student Train Acc: 73.596 | Time: 133.977 |
[Eval] Epoch: 33 | Teacher Test Loss: 1.056 | Teacher Test Acc: 71.710 | Student Test Loss: 1.275 | Student Test Acc: 65.290 | Teacher Test F1: 0.717 | Student Test F1: 0.653 | Teacher Top 5 Accuracy: 0.923 | Student Top 5 Accuracy: 0.895 | Time: 2.487 | 
Running student landscape probe...
[Train] Epoch: 34 | Teacher lr=0.0080 | Teacher Loss: 1.166 | Teacher Train Acc: 81.804 | Student lr=0.0080 | Student Train Acc: 74.764 | Time: 136.072 |
[Eval] Epoch: 34 | Teacher Test Loss: 1.047 | Teacher Test Acc: 71.830 | Student Test Loss: 1.255 | Student Test Acc: 66.000 | Teacher Test F1: 0.718 | Student Test F1: 0.659 | Teacher Top 5 Accuracy: 0.922 | Student Top 5 Accuracy: 0.898 | Time: 2.547 | 
Running student landscape probe...
[Train] Epoch: 35 | Teacher lr=0.0020 | Teacher Loss: 1.136 | Teacher Train Acc: 82.340 | Student lr=0.0020 | Student Train Acc: 75.586 | Time: 136.320 |
[Eval] Epoch: 35 | Teacher Test Loss: 1.045 | Teacher Test Acc: 71.910 | Student Test Loss: 1.244 | Student Test Acc: 66.190 | Teacher Test F1: 0.719 | Student Test F1: 0.661 | Teacher Top 5 Accuracy: 0.922 | Student Top 5 Accuracy: 0.898 | Time: 2.543 | 
Running student landscape probe...
ckpt location: ckpt/robust12h_industry/cosine_lblnoise010_seed1_35ep.pt
