/home/jovyan/.mlspace/envs/egy_llm/lib/python3.11/site-packages/torchvision/datasets/cifar.py:83: VisibleDeprecationWarning: dtype(): align should be passed as Python or NumPy boolean but got `align=0`. Did you mean to pass a tuple to create a subarray type? (Deprecated NumPy 2.4)
  entry = pickle.load(f, encoding="latin1")
depth_list: [110, 20]
[NoisyClassificationDataset] num_classes=100 label_noise_rate=0.300 input_noise_std=0.0000 flipped=14819/50000
Dataset information: cifar100	 50000 images for training 	 10000 images for testing	
teacher depth: 110
student depth: 20
Total number of teacher parameters: 1,169,972
Total number of student parameters: 278,132
Snapshots will be saved to: snapshots/robust12h_industry/cosine_lblnoise030_seed4_35ep
==== train and evaluate unequal restart ====
[Eval] Epoch: 0 | Teacher Test Loss: 8723.027 | Teacher Test Acc: 1.000 | Student Test Loss: 5.114 | Student Test Acc: 0.930 | Teacher Test F1: 0.000 | Student Test F1: 0.001 | Teacher Top 5 Accuracy: 0.050 | Student Top 5 Accuracy: 0.051 | Time: 2.535 | 
Running student landscape probe...
[Train] Epoch: 1 | Teacher lr=1.0000 | Teacher Loss: 4.445 | Teacher Train Acc: 5.142 | Student lr=1.0000 | Student Train Acc: 9.926 | Time: 137.037 |
[Eval] Epoch: 1 | Teacher Test Loss: 3.907 | Teacher Test Acc: 9.610 | Student Test Loss: 3.449 | Student Test Acc: 18.170 | Teacher Test F1: 0.061 | Student Test F1: 0.145 | Teacher Top 5 Accuracy: 0.304 | Student Top 5 Accuracy: 0.445 | Time: 2.574 | 
Running student landscape probe...
[Train] Epoch: 2 | Teacher lr=0.9980 | Teacher Loss: 4.244 | Teacher Train Acc: 10.436 | Student lr=0.9980 | Student Train Acc: 21.112 | Time: 137.005 |
[Eval] Epoch: 2 | Teacher Test Loss: 3.622 | Teacher Test Acc: 14.650 | Student Test Loss: 3.336 | Student Test Acc: 20.390 | Teacher Test F1: 0.118 | Student Test F1: 0.172 | Teacher Top 5 Accuracy: 0.397 | Student Top 5 Accuracy: 0.480 | Time: 2.590 | 
Running student landscape probe...
[Train] Epoch: 3 | Teacher lr=0.9920 | Teacher Loss: 4.024 | Teacher Train Acc: 16.000 | Student lr=0.9920 | Student Train Acc: 26.586 | Time: 136.081 |
[Eval] Epoch: 3 | Teacher Test Loss: 3.171 | Teacher Test Acc: 23.350 | Student Test Loss: 3.106 | Student Test Acc: 25.330 | Teacher Test F1: 0.212 | Student Test F1: 0.225 | Teacher Top 5 Accuracy: 0.542 | Student Top 5 Accuracy: 0.539 | Time: 2.627 | 
Running student landscape probe...
[Train] Epoch: 4 | Teacher lr=0.9820 | Teacher Loss: 3.804 | Teacher Train Acc: 21.234 | Student lr=0.9820 | Student Train Acc: 29.570 | Time: 137.288 |
[Eval] Epoch: 4 | Teacher Test Loss: 2.874 | Teacher Test Acc: 28.540 | Student Test Loss: 2.727 | Student Test Acc: 33.820 | Teacher Test F1: 0.258 | Student Test F1: 0.320 | Teacher Top 5 Accuracy: 0.617 | Student Top 5 Accuracy: 0.657 | Time: 2.593 | 
Running student landscape probe...
[Train] Epoch: 5 | Teacher lr=0.9681 | Teacher Loss: 3.676 | Teacher Train Acc: 24.772 | Student lr=0.9681 | Student Train Acc: 31.340 | Time: 133.670 |
[Eval] Epoch: 5 | Teacher Test Loss: 2.978 | Teacher Test Acc: 28.340 | Student Test Loss: 2.715 | Student Test Acc: 33.230 | Teacher Test F1: 0.260 | Student Test F1: 0.323 | Teacher Top 5 Accuracy: 0.580 | Student Top 5 Accuracy: 0.661 | Time: 2.527 | 
Running student landscape probe...
[Train] Epoch: 6 | Teacher lr=0.9505 | Teacher Loss: 3.596 | Teacher Train Acc: 26.920 | Student lr=0.9505 | Student Train Acc: 32.690 | Time: 135.945 |
[Eval] Epoch: 6 | Teacher Test Loss: 2.763 | Teacher Test Acc: 31.540 | Student Test Loss: 2.636 | Student Test Acc: 37.080 | Teacher Test F1: 0.300 | Student Test F1: 0.352 | Teacher Top 5 Accuracy: 0.644 | Student Top 5 Accuracy: 0.690 | Time: 2.515 | 
Running student landscape probe...
[Train] Epoch: 7 | Teacher lr=0.9292 | Teacher Loss: 3.531 | Teacher Train Acc: 28.788 | Student lr=0.9292 | Student Train Acc: 33.374 | Time: 133.348 |
[Eval] Epoch: 7 | Teacher Test Loss: 2.897 | Teacher Test Acc: 30.390 | Student Test Loss: 2.691 | Student Test Acc: 33.770 | Teacher Test F1: 0.294 | Student Test F1: 0.331 | Teacher Top 5 Accuracy: 0.609 | Student Top 5 Accuracy: 0.667 | Time: 2.651 | 
Running student landscape probe...
[Train] Epoch: 8 | Teacher lr=0.9045 | Teacher Loss: 3.478 | Teacher Train Acc: 30.234 | Student lr=0.9045 | Student Train Acc: 34.528 | Time: 137.525 |
[Eval] Epoch: 8 | Teacher Test Loss: 2.470 | Teacher Test Acc: 38.290 | Student Test Loss: 2.840 | Student Test Acc: 32.070 | Teacher Test F1: 0.366 | Student Test F1: 0.304 | Teacher Top 5 Accuracy: 0.710 | Student Top 5 Accuracy: 0.631 | Time: 2.592 | 
Running student landscape probe...
[Train] Epoch: 9 | Teacher lr=0.8765 | Teacher Loss: 3.431 | Teacher Train Acc: 31.482 | Student lr=0.8765 | Student Train Acc: 35.084 | Time: 137.258 |
[Eval] Epoch: 9 | Teacher Test Loss: 2.389 | Teacher Test Acc: 41.070 | Student Test Loss: 2.546 | Student Test Acc: 38.390 | Teacher Test F1: 0.396 | Student Test F1: 0.377 | Teacher Top 5 Accuracy: 0.738 | Student Top 5 Accuracy: 0.696 | Time: 2.601 | 
Running student landscape probe...
[Train] Epoch: 10 | Teacher lr=0.8455 | Teacher Loss: 3.377 | Teacher Train Acc: 32.806 | Student lr=0.8455 | Student Train Acc: 35.674 | Time: 136.422 |
[Eval] Epoch: 10 | Teacher Test Loss: 2.386 | Teacher Test Acc: 40.170 | Student Test Loss: 2.850 | Student Test Acc: 30.630 | Teacher Test F1: 0.389 | Student Test F1: 0.293 | Teacher Top 5 Accuracy: 0.731 | Student Top 5 Accuracy: 0.614 | Time: 2.585 | 
Running student landscape probe...
[Train] Epoch: 11 | Teacher lr=0.8117 | Teacher Loss: 3.334 | Teacher Train Acc: 34.158 | Student lr=0.8117 | Student Train Acc: 36.144 | Time: 134.598 |
[Eval] Epoch: 11 | Teacher Test Loss: 2.307 | Teacher Test Acc: 42.810 | Student Test Loss: 2.691 | Student Test Acc: 35.710 | Teacher Test F1: 0.413 | Student Test F1: 0.346 | Teacher Top 5 Accuracy: 0.752 | Student Top 5 Accuracy: 0.673 | Time: 2.594 | 
Running student landscape probe...
[Train] Epoch: 12 | Teacher lr=0.7754 | Teacher Loss: 3.308 | Teacher Train Acc: 35.074 | Student lr=0.7754 | Student Train Acc: 36.892 | Time: 137.227 |
[Eval] Epoch: 12 | Teacher Test Loss: 2.202 | Teacher Test Acc: 45.250 | Student Test Loss: 2.549 | Student Test Acc: 37.330 | Teacher Test F1: 0.444 | Student Test F1: 0.358 | Teacher Top 5 Accuracy: 0.771 | Student Top 5 Accuracy: 0.694 | Time: 2.584 | 
Running student landscape probe...
[Train] Epoch: 13 | Teacher lr=0.7369 | Teacher Loss: 3.265 | Teacher Train Acc: 35.964 | Student lr=0.7369 | Student Train Acc: 37.556 | Time: 136.540 |
[Eval] Epoch: 13 | Teacher Test Loss: 2.140 | Teacher Test Acc: 48.020 | Student Test Loss: 2.545 | Student Test Acc: 37.280 | Teacher Test F1: 0.475 | Student Test F1: 0.361 | Teacher Top 5 Accuracy: 0.792 | Student Top 5 Accuracy: 0.704 | Time: 2.619 | 
Running student landscape probe...
[Train] Epoch: 14 | Teacher lr=0.6965 | Teacher Loss: 3.223 | Teacher Train Acc: 37.230 | Student lr=0.6965 | Student Train Acc: 37.952 | Time: 137.387 |
[Eval] Epoch: 14 | Teacher Test Loss: 2.335 | Teacher Test Acc: 42.680 | Student Test Loss: 2.690 | Student Test Acc: 37.770 | Teacher Test F1: 0.427 | Student Test F1: 0.360 | Teacher Top 5 Accuracy: 0.754 | Student Top 5 Accuracy: 0.674 | Time: 2.608 | 
Running student landscape probe...
[Train] Epoch: 15 | Teacher lr=0.6545 | Teacher Loss: 3.189 | Teacher Train Acc: 38.106 | Student lr=0.6545 | Student Train Acc: 38.818 | Time: 136.688 |
[Eval] Epoch: 15 | Teacher Test Loss: 2.093 | Teacher Test Acc: 48.080 | Student Test Loss: 2.446 | Student Test Acc: 38.980 | Teacher Test F1: 0.482 | Student Test F1: 0.390 | Teacher Top 5 Accuracy: 0.790 | Student Top 5 Accuracy: 0.717 | Time: 2.703 | 
Running student landscape probe...
[Train] Epoch: 16 | Teacher lr=0.6113 | Teacher Loss: 3.155 | Teacher Train Acc: 38.914 | Student lr=0.6113 | Student Train Acc: 39.248 | Time: 136.629 |
[Eval] Epoch: 16 | Teacher Test Loss: 2.010 | Teacher Test Acc: 50.270 | Student Test Loss: 2.324 | Student Test Acc: 41.850 | Teacher Test F1: 0.496 | Student Test F1: 0.419 | Teacher Top 5 Accuracy: 0.809 | Student Top 5 Accuracy: 0.736 | Time: 2.585 | 
Running student landscape probe...
[Train] Epoch: 17 | Teacher lr=0.5671 | Teacher Loss: 3.119 | Teacher Train Acc: 39.978 | Student lr=0.5671 | Student Train Acc: 39.876 | Time: 135.016 |
[Eval] Epoch: 17 | Teacher Test Loss: 2.045 | Teacher Test Acc: 48.860 | Student Test Loss: 2.379 | Student Test Acc: 42.300 | Teacher Test F1: 0.486 | Student Test F1: 0.414 | Teacher Top 5 Accuracy: 0.802 | Student Top 5 Accuracy: 0.731 | Time: 2.587 | 
Running student landscape probe...
[Train] Epoch: 18 | Teacher lr=0.5224 | Teacher Loss: 3.079 | Teacher Train Acc: 41.020 | Student lr=0.5224 | Student Train Acc: 40.494 | Time: 135.984 |
[Eval] Epoch: 18 | Teacher Test Loss: 2.073 | Teacher Test Acc: 49.220 | Student Test Loss: 3.294 | Student Test Acc: 24.220 | Teacher Test F1: 0.491 | Student Test F1: 0.255 | Teacher Top 5 Accuracy: 0.805 | Student Top 5 Accuracy: 0.535 | Time: 2.611 | 
Running student landscape probe...
[Train] Epoch: 19 | Teacher lr=0.4776 | Teacher Loss: 3.047 | Teacher Train Acc: 41.660 | Student lr=0.4776 | Student Train Acc: 41.134 | Time: 136.145 |
[Eval] Epoch: 19 | Teacher Test Loss: 1.956 | Teacher Test Acc: 52.520 | Student Test Loss: 2.359 | Student Test Acc: 41.620 | Teacher Test F1: 0.518 | Student Test F1: 0.410 | Teacher Top 5 Accuracy: 0.824 | Student Top 5 Accuracy: 0.735 | Time: 2.583 | 
Running student landscape probe...
[Train] Epoch: 20 | Teacher lr=0.4329 | Teacher Loss: 3.009 | Teacher Train Acc: 42.852 | Student lr=0.4329 | Student Train Acc: 41.826 | Time: 136.866 |
[Eval] Epoch: 20 | Teacher Test Loss: 1.865 | Teacher Test Acc: 54.260 | Student Test Loss: 2.361 | Student Test Acc: 43.910 | Teacher Test F1: 0.536 | Student Test F1: 0.432 | Teacher Top 5 Accuracy: 0.833 | Student Top 5 Accuracy: 0.749 | Time: 2.589 | 
Running student landscape probe...
[Train] Epoch: 21 | Teacher lr=0.3887 | Teacher Loss: 2.969 | Teacher Train Acc: 43.892 | Student lr=0.3887 | Student Train Acc: 42.668 | Time: 137.747 |
[Eval] Epoch: 21 | Teacher Test Loss: 1.938 | Teacher Test Acc: 53.550 | Student Test Loss: 2.394 | Student Test Acc: 42.640 | Teacher Test F1: 0.528 | Student Test F1: 0.419 | Teacher Top 5 Accuracy: 0.827 | Student Top 5 Accuracy: 0.733 | Time: 2.575 | 
Running student landscape probe...
[Train] Epoch: 22 | Teacher lr=0.3455 | Teacher Loss: 2.925 | Teacher Train Acc: 44.888 | Student lr=0.3455 | Student Train Acc: 43.210 | Time: 133.622 |
[Eval] Epoch: 22 | Teacher Test Loss: 1.786 | Teacher Test Acc: 56.810 | Student Test Loss: 2.328 | Student Test Acc: 44.320 | Teacher Test F1: 0.562 | Student Test F1: 0.448 | Teacher Top 5 Accuracy: 0.847 | Student Top 5 Accuracy: 0.753 | Time: 2.509 | 
Running student landscape probe...
[Train] Epoch: 23 | Teacher lr=0.3035 | Teacher Loss: 2.880 | Teacher Train Acc: 45.768 | Student lr=0.3035 | Student Train Acc: 44.170 | Time: 137.105 |
[Eval] Epoch: 23 | Teacher Test Loss: 1.876 | Teacher Test Acc: 54.760 | Student Test Loss: 2.204 | Student Test Acc: 47.380 | Teacher Test F1: 0.543 | Student Test F1: 0.467 | Teacher Top 5 Accuracy: 0.839 | Student Top 5 Accuracy: 0.779 | Time: 2.563 | 
Running student landscape probe...
[Train] Epoch: 24 | Teacher lr=0.2631 | Teacher Loss: 2.829 | Teacher Train Acc: 47.184 | Student lr=0.2631 | Student Train Acc: 44.990 | Time: 136.249 |
[Eval] Epoch: 24 | Teacher Test Loss: 1.734 | Teacher Test Acc: 57.870 | Student Test Loss: 2.172 | Student Test Acc: 47.220 | Teacher Test F1: 0.573 | Student Test F1: 0.469 | Teacher Top 5 Accuracy: 0.857 | Student Top 5 Accuracy: 0.770 | Time: 2.615 | 
Running student landscape probe...
[Train] Epoch: 25 | Teacher lr=0.2246 | Teacher Loss: 2.788 | Teacher Train Acc: 48.102 | Student lr=0.2246 | Student Train Acc: 45.820 | Time: 137.333 |
[Eval] Epoch: 25 | Teacher Test Loss: 1.698 | Teacher Test Acc: 58.930 | Student Test Loss: 2.406 | Student Test Acc: 43.000 | Teacher Test F1: 0.586 | Student Test F1: 0.429 | Teacher Top 5 Accuracy: 0.860 | Student Top 5 Accuracy: 0.729 | Time: 2.571 | 
Running student landscape probe...
[Train] Epoch: 26 | Teacher lr=0.1883 | Teacher Loss: 2.728 | Teacher Train Acc: 49.692 | Student lr=0.1883 | Student Train Acc: 46.850 | Time: 137.428 |
[Eval] Epoch: 26 | Teacher Test Loss: 1.602 | Teacher Test Acc: 61.560 | Student Test Loss: 2.034 | Student Test Acc: 51.250 | Teacher Test F1: 0.613 | Student Test F1: 0.510 | Teacher Top 5 Accuracy: 0.879 | Student Top 5 Accuracy: 0.800 | Time: 2.598 | 
Running student landscape probe...
[Train] Epoch: 27 | Teacher lr=0.1545 | Teacher Loss: 2.666 | Teacher Train Acc: 50.818 | Student lr=0.1545 | Student Train Acc: 47.708 | Time: 134.999 |
[Eval] Epoch: 27 | Teacher Test Loss: 1.544 | Teacher Test Acc: 62.630 | Student Test Loss: 1.966 | Student Test Acc: 53.300 | Teacher Test F1: 0.627 | Student Test F1: 0.532 | Teacher Top 5 Accuracy: 0.884 | Student Top 5 Accuracy: 0.818 | Time: 2.577 | 
Running student landscape probe...
[Train] Epoch: 28 | Teacher lr=0.1235 | Teacher Loss: 2.608 | Teacher Train Acc: 52.236 | Student lr=0.1235 | Student Train Acc: 48.550 | Time: 136.411 |
[Eval] Epoch: 28 | Teacher Test Loss: 1.541 | Teacher Test Acc: 63.750 | Student Test Loss: 2.005 | Student Test Acc: 52.550 | Teacher Test F1: 0.635 | Student Test F1: 0.523 | Teacher Top 5 Accuracy: 0.882 | Student Top 5 Accuracy: 0.813 | Time: 2.587 | 
Running student landscape probe...
[Train] Epoch: 29 | Teacher lr=0.0955 | Teacher Loss: 2.541 | Teacher Train Acc: 53.814 | Student lr=0.0955 | Student Train Acc: 49.686 | Time: 135.727 |
[Eval] Epoch: 29 | Teacher Test Loss: 1.484 | Teacher Test Acc: 64.310 | Student Test Loss: 1.870 | Student Test Acc: 54.790 | Teacher Test F1: 0.642 | Student Test F1: 0.545 | Teacher Top 5 Accuracy: 0.889 | Student Top 5 Accuracy: 0.827 | Time: 2.604 | 
Running student landscape probe...
[Train] Epoch: 30 | Teacher lr=0.0708 | Teacher Loss: 2.471 | Teacher Train Acc: 55.220 | Student lr=0.0708 | Student Train Acc: 50.958 | Time: 135.925 |
[Eval] Epoch: 30 | Teacher Test Loss: 1.473 | Teacher Test Acc: 65.350 | Student Test Loss: 1.875 | Student Test Acc: 55.360 | Teacher Test F1: 0.653 | Student Test F1: 0.551 | Teacher Top 5 Accuracy: 0.889 | Student Top 5 Accuracy: 0.824 | Time: 2.591 | 
Running student landscape probe...
[Train] Epoch: 31 | Teacher lr=0.0495 | Teacher Loss: 2.398 | Teacher Train Acc: 56.734 | Student lr=0.0495 | Student Train Acc: 52.270 | Time: 135.123 |
[Eval] Epoch: 31 | Teacher Test Loss: 1.427 | Teacher Test Acc: 66.360 | Student Test Loss: 1.757 | Student Test Acc: 57.330 | Teacher Test F1: 0.664 | Student Test F1: 0.573 | Teacher Top 5 Accuracy: 0.897 | Student Top 5 Accuracy: 0.835 | Time: 2.529 | 
Running student landscape probe...
[Train] Epoch: 32 | Teacher lr=0.0319 | Teacher Loss: 2.322 | Teacher Train Acc: 58.262 | Student lr=0.0319 | Student Train Acc: 53.288 | Time: 135.741 |
[Eval] Epoch: 32 | Teacher Test Loss: 1.425 | Teacher Test Acc: 66.370 | Student Test Loss: 1.732 | Student Test Acc: 59.010 | Teacher Test F1: 0.663 | Student Test F1: 0.589 | Teacher Top 5 Accuracy: 0.894 | Student Top 5 Accuracy: 0.843 | Time: 2.570 | 
Running student landscape probe...
[Train] Epoch: 33 | Teacher lr=0.0180 | Teacher Loss: 2.259 | Teacher Train Acc: 59.532 | Student lr=0.0180 | Student Train Acc: 54.706 | Time: 136.204 |
[Eval] Epoch: 33 | Teacher Test Loss: 1.393 | Teacher Test Acc: 67.090 | Student Test Loss: 1.667 | Student Test Acc: 60.220 | Teacher Test F1: 0.670 | Student Test F1: 0.600 | Teacher Top 5 Accuracy: 0.896 | Student Top 5 Accuracy: 0.856 | Time: 2.556 | 
Running student landscape probe...
[Train] Epoch: 34 | Teacher lr=0.0080 | Teacher Loss: 2.207 | Teacher Train Acc: 60.474 | Student lr=0.0080 | Student Train Acc: 55.486 | Time: 136.545 |
[Eval] Epoch: 34 | Teacher Test Loss: 1.390 | Teacher Test Acc: 66.670 | Student Test Loss: 1.628 | Student Test Acc: 60.870 | Teacher Test F1: 0.666 | Student Test F1: 0.606 | Teacher Top 5 Accuracy: 0.896 | Student Top 5 Accuracy: 0.856 | Time: 2.581 | 
Running student landscape probe...
[Train] Epoch: 35 | Teacher lr=0.0020 | Teacher Loss: 2.172 | Teacher Train Acc: 61.000 | Student lr=0.0020 | Student Train Acc: 55.992 | Time: 135.907 |
[Eval] Epoch: 35 | Teacher Test Loss: 1.384 | Teacher Test Acc: 66.640 | Student Test Loss: 1.621 | Student Test Acc: 61.100 | Teacher Test F1: 0.665 | Student Test F1: 0.610 | Teacher Top 5 Accuracy: 0.899 | Student Top 5 Accuracy: 0.858 | Time: 2.526 | 
Running student landscape probe...
ckpt location: ckpt/robust12h_industry/cosine_lblnoise030_seed4_35ep.pt
