/home/jovyan/.mlspace/envs/egy_llm/lib/python3.11/site-packages/torchvision/datasets/cifar.py:83: VisibleDeprecationWarning: dtype(): align should be passed as Python or NumPy boolean but got `align=0`. Did you mean to pass a tuple to create a subarray type? (Deprecated NumPy 2.4)
  entry = pickle.load(f, encoding="latin1")
depth_list: [110, 20]
[NoisyClassificationDataset] num_classes=100 label_noise_rate=0.000 input_noise_std=0.0500 flipped=0/50000
Dataset information: cifar100	 50000 images for training 	 10000 images for testing	
teacher depth: 110
student depth: 20
Total number of teacher parameters: 1,169,972
Total number of student parameters: 278,132
Snapshots will be saved to: snapshots/robust12h_industry/cosine_innoise005_seed4_35ep
==== train and evaluate unequal restart ====
[Eval] Epoch: 0 | Teacher Test Loss: 8723.027 | Teacher Test Acc: 1.000 | Student Test Loss: 5.114 | Student Test Acc: 0.930 | Teacher Test F1: 0.000 | Student Test F1: 0.001 | Teacher Top 5 Accuracy: 0.050 | Student Top 5 Accuracy: 0.051 | Time: 2.974 | 
Running student landscape probe...
[Train] Epoch: 1 | Teacher lr=1.0000 | Teacher Loss: 4.082 | Teacher Train Acc: 10.050 | Student lr=1.0000 | Student Train Acc: 22.406 | Time: 142.624 |
[Eval] Epoch: 1 | Teacher Test Loss: 3.671 | Teacher Test Acc: 14.430 | Student Test Loss: 3.230 | Student Test Acc: 22.140 | Teacher Test F1: 0.113 | Student Test F1: 0.194 | Teacher Top 5 Accuracy: 0.387 | Student Top 5 Accuracy: 0.508 | Time: 2.313 | 
Running student landscape probe...
[Train] Epoch: 2 | Teacher lr=0.9980 | Teacher Loss: 3.310 | Teacher Train Acc: 24.134 | Student lr=0.9980 | Student Train Acc: 40.986 | Time: 142.035 |
[Eval] Epoch: 2 | Teacher Test Loss: 3.028 | Teacher Test Acc: 24.390 | Student Test Loss: 2.572 | Student Test Acc: 33.370 | Teacher Test F1: 0.227 | Student Test F1: 0.320 | Teacher Top 5 Accuracy: 0.568 | Student Top 5 Accuracy: 0.661 | Time: 2.499 | 
Running student landscape probe...
[Train] Epoch: 3 | Teacher lr=0.9920 | Teacher Loss: 2.785 | Teacher Train Acc: 34.236 | Student lr=0.9920 | Student Train Acc: 46.466 | Time: 137.633 |
[Eval] Epoch: 3 | Teacher Test Loss: 2.774 | Teacher Test Acc: 29.480 | Student Test Loss: 2.603 | Student Test Acc: 34.590 | Teacher Test F1: 0.284 | Student Test F1: 0.339 | Teacher Top 5 Accuracy: 0.629 | Student Top 5 Accuracy: 0.663 | Time: 2.491 | 
Running student landscape probe...
[Train] Epoch: 4 | Teacher lr=0.9820 | Teacher Loss: 2.461 | Teacher Train Acc: 41.276 | Student lr=0.9820 | Student Train Acc: 50.088 | Time: 144.089 |
[Eval] Epoch: 4 | Teacher Test Loss: 2.503 | Teacher Test Acc: 35.910 | Student Test Loss: 2.576 | Student Test Acc: 35.490 | Teacher Test F1: 0.340 | Student Test F1: 0.343 | Teacher Top 5 Accuracy: 0.690 | Student Top 5 Accuracy: 0.668 | Time: 2.458 | 
Running student landscape probe...
[Train] Epoch: 5 | Teacher lr=0.9681 | Teacher Loss: 2.319 | Teacher Train Acc: 44.824 | Student lr=0.9681 | Student Train Acc: 52.376 | Time: 142.141 |
[Eval] Epoch: 5 | Teacher Test Loss: 2.160 | Teacher Test Acc: 42.440 | Student Test Loss: 2.436 | Student Test Acc: 37.810 | Teacher Test F1: 0.408 | Student Test F1: 0.372 | Teacher Top 5 Accuracy: 0.749 | Student Top 5 Accuracy: 0.702 | Time: 2.314 | 
Running student landscape probe...
[Train] Epoch: 6 | Teacher lr=0.9505 | Teacher Loss: 2.166 | Teacher Train Acc: 48.448 | Student lr=0.9505 | Student Train Acc: 53.476 | Time: 141.976 |
[Eval] Epoch: 6 | Teacher Test Loss: 2.321 | Teacher Test Acc: 39.670 | Student Test Loss: 3.151 | Student Test Acc: 29.890 | Teacher Test F1: 0.380 | Student Test F1: 0.275 | Teacher Top 5 Accuracy: 0.721 | Student Top 5 Accuracy: 0.601 | Time: 2.473 | 
Running student landscape probe...
[Train] Epoch: 7 | Teacher lr=0.9292 | Teacher Loss: 2.066 | Teacher Train Acc: 51.118 | Student lr=0.9292 | Student Train Acc: 54.926 | Time: 142.830 |
[Eval] Epoch: 7 | Teacher Test Loss: 2.574 | Teacher Test Acc: 35.360 | Student Test Loss: 2.505 | Student Test Acc: 36.400 | Teacher Test F1: 0.344 | Student Test F1: 0.359 | Teacher Top 5 Accuracy: 0.680 | Student Top 5 Accuracy: 0.693 | Time: 2.487 | 
Running student landscape probe...
[Train] Epoch: 8 | Teacher lr=0.9045 | Teacher Loss: 1.976 | Teacher Train Acc: 53.288 | Student lr=0.9045 | Student Train Acc: 56.258 | Time: 143.476 |
[Eval] Epoch: 8 | Teacher Test Loss: 2.328 | Teacher Test Acc: 40.750 | Student Test Loss: 2.245 | Student Test Acc: 43.190 | Teacher Test F1: 0.402 | Student Test F1: 0.419 | Teacher Top 5 Accuracy: 0.715 | Student Top 5 Accuracy: 0.732 | Time: 2.481 | 
Running student landscape probe...
[Train] Epoch: 9 | Teacher lr=0.8765 | Teacher Loss: 1.919 | Teacher Train Acc: 54.792 | Student lr=0.8765 | Student Train Acc: 56.634 | Time: 144.022 |
[Eval] Epoch: 9 | Teacher Test Loss: 2.242 | Teacher Test Acc: 41.310 | Student Test Loss: 3.328 | Student Test Acc: 29.590 | Teacher Test F1: 0.401 | Student Test F1: 0.298 | Teacher Top 5 Accuracy: 0.744 | Student Top 5 Accuracy: 0.588 | Time: 2.486 | 
Running student landscape probe...
[Train] Epoch: 10 | Teacher lr=0.8455 | Teacher Loss: 1.856 | Teacher Train Acc: 56.708 | Student lr=0.8455 | Student Train Acc: 57.570 | Time: 141.506 |
[Eval] Epoch: 10 | Teacher Test Loss: 1.943 | Teacher Test Acc: 48.000 | Student Test Loss: 2.717 | Student Test Acc: 35.300 | Teacher Test F1: 0.472 | Student Test F1: 0.336 | Teacher Top 5 Accuracy: 0.798 | Student Top 5 Accuracy: 0.665 | Time: 2.431 | 
Running student landscape probe...
[Train] Epoch: 11 | Teacher lr=0.8117 | Teacher Loss: 1.810 | Teacher Train Acc: 57.614 | Student lr=0.8117 | Student Train Acc: 58.184 | Time: 141.566 |
[Eval] Epoch: 11 | Teacher Test Loss: 2.007 | Teacher Test Acc: 46.820 | Student Test Loss: 2.273 | Student Test Acc: 41.460 | Teacher Test F1: 0.466 | Student Test F1: 0.416 | Teacher Top 5 Accuracy: 0.786 | Student Top 5 Accuracy: 0.738 | Time: 2.473 | 
Running student landscape probe...
[Train] Epoch: 12 | Teacher lr=0.7754 | Teacher Loss: 1.765 | Teacher Train Acc: 58.734 | Student lr=0.7754 | Student Train Acc: 58.994 | Time: 141.740 |
[Eval] Epoch: 12 | Teacher Test Loss: 2.141 | Teacher Test Acc: 45.650 | Student Test Loss: 3.893 | Student Test Acc: 23.960 | Teacher Test F1: 0.440 | Student Test F1: 0.260 | Teacher Top 5 Accuracy: 0.762 | Student Top 5 Accuracy: 0.579 | Time: 2.578 | 
Running student landscape probe...
[Train] Epoch: 13 | Teacher lr=0.7369 | Teacher Loss: 1.712 | Teacher Train Acc: 59.916 | Student lr=0.7369 | Student Train Acc: 59.624 | Time: 141.815 |
[Eval] Epoch: 13 | Teacher Test Loss: 1.798 | Teacher Test Acc: 51.010 | Student Test Loss: 2.037 | Student Test Acc: 45.860 | Teacher Test F1: 0.500 | Student Test F1: 0.456 | Teacher Top 5 Accuracy: 0.815 | Student Top 5 Accuracy: 0.773 | Time: 2.554 | 
Running student landscape probe...
[Train] Epoch: 14 | Teacher lr=0.6965 | Teacher Loss: 1.661 | Teacher Train Acc: 61.646 | Student lr=0.6965 | Student Train Acc: 60.442 | Time: 140.806 |
[Eval] Epoch: 14 | Teacher Test Loss: 1.650 | Teacher Test Acc: 53.960 | Student Test Loss: 1.974 | Student Test Acc: 47.750 | Teacher Test F1: 0.534 | Student Test F1: 0.471 | Teacher Top 5 Accuracy: 0.835 | Student Top 5 Accuracy: 0.788 | Time: 2.547 | 
Running student landscape probe...
[Train] Epoch: 15 | Teacher lr=0.6545 | Teacher Loss: 1.623 | Teacher Train Acc: 62.254 | Student lr=0.6545 | Student Train Acc: 61.048 | Time: 141.789 |
[Eval] Epoch: 15 | Teacher Test Loss: 1.609 | Teacher Test Acc: 55.540 | Student Test Loss: 2.054 | Student Test Acc: 46.580 | Teacher Test F1: 0.546 | Student Test F1: 0.460 | Teacher Top 5 Accuracy: 0.844 | Student Top 5 Accuracy: 0.772 | Time: 2.453 | 
Running student landscape probe...
[Train] Epoch: 16 | Teacher lr=0.6113 | Teacher Loss: 1.574 | Teacher Train Acc: 63.560 | Student lr=0.6113 | Student Train Acc: 62.270 | Time: 142.901 |
[Eval] Epoch: 16 | Teacher Test Loss: 1.647 | Teacher Test Acc: 54.800 | Student Test Loss: 1.989 | Student Test Acc: 47.590 | Teacher Test F1: 0.542 | Student Test F1: 0.474 | Teacher Top 5 Accuracy: 0.827 | Student Top 5 Accuracy: 0.777 | Time: 2.459 | 
Running student landscape probe...
[Train] Epoch: 17 | Teacher lr=0.5671 | Teacher Loss: 1.540 | Teacher Train Acc: 64.696 | Student lr=0.5671 | Student Train Acc: 62.928 | Time: 143.123 |
[Eval] Epoch: 17 | Teacher Test Loss: 1.562 | Teacher Test Acc: 55.910 | Student Test Loss: 1.844 | Student Test Acc: 50.230 | Teacher Test F1: 0.555 | Student Test F1: 0.500 | Teacher Top 5 Accuracy: 0.854 | Student Top 5 Accuracy: 0.811 | Time: 2.551 | 
Running student landscape probe...
[Train] Epoch: 18 | Teacher lr=0.5224 | Teacher Loss: 1.491 | Teacher Train Acc: 65.754 | Student lr=0.5224 | Student Train Acc: 63.348 | Time: 141.175 |
[Eval] Epoch: 18 | Teacher Test Loss: 1.662 | Teacher Test Acc: 54.640 | Student Test Loss: 1.896 | Student Test Acc: 50.300 | Teacher Test F1: 0.547 | Student Test F1: 0.502 | Teacher Top 5 Accuracy: 0.836 | Student Top 5 Accuracy: 0.805 | Time: 2.544 | 
Running student landscape probe...
[Train] Epoch: 19 | Teacher lr=0.4776 | Teacher Loss: 1.451 | Teacher Train Acc: 67.008 | Student lr=0.4776 | Student Train Acc: 64.388 | Time: 135.095 |
[Eval] Epoch: 19 | Teacher Test Loss: 1.567 | Teacher Test Acc: 56.260 | Student Test Loss: 1.683 | Student Test Acc: 53.520 | Teacher Test F1: 0.557 | Student Test F1: 0.528 | Teacher Top 5 Accuracy: 0.847 | Student Top 5 Accuracy: 0.829 | Time: 2.552 | 
Running student landscape probe...
[Train] Epoch: 20 | Teacher lr=0.4329 | Teacher Loss: 1.397 | Teacher Train Acc: 68.522 | Student lr=0.4329 | Student Train Acc: 65.050 | Time: 141.717 |
[Eval] Epoch: 20 | Teacher Test Loss: 1.642 | Teacher Test Acc: 54.760 | Student Test Loss: 1.855 | Student Test Acc: 51.520 | Teacher Test F1: 0.543 | Student Test F1: 0.515 | Teacher Top 5 Accuracy: 0.833 | Student Top 5 Accuracy: 0.806 | Time: 2.613 | 
Running student landscape probe...
[Train] Epoch: 21 | Teacher lr=0.3887 | Teacher Loss: 1.345 | Teacher Train Acc: 69.904 | Student lr=0.3887 | Student Train Acc: 66.354 | Time: 137.592 |
[Eval] Epoch: 21 | Teacher Test Loss: 1.397 | Teacher Test Acc: 60.630 | Student Test Loss: 1.666 | Student Test Acc: 54.230 | Teacher Test F1: 0.605 | Student Test F1: 0.540 | Teacher Top 5 Accuracy: 0.873 | Student Top 5 Accuracy: 0.837 | Time: 2.539 | 
Running student landscape probe...
[Train] Epoch: 22 | Teacher lr=0.3455 | Teacher Loss: 1.294 | Teacher Train Acc: 71.188 | Student lr=0.3455 | Student Train Acc: 67.036 | Time: 141.333 |
[Eval] Epoch: 22 | Teacher Test Loss: 1.359 | Teacher Test Acc: 62.080 | Student Test Loss: 1.801 | Student Test Acc: 52.030 | Teacher Test F1: 0.618 | Student Test F1: 0.511 | Teacher Top 5 Accuracy: 0.876 | Student Top 5 Accuracy: 0.815 | Time: 2.555 | 
Running student landscape probe...
[Train] Epoch: 23 | Teacher lr=0.3035 | Teacher Loss: 1.243 | Teacher Train Acc: 72.594 | Student lr=0.3035 | Student Train Acc: 68.192 | Time: 141.046 |
[Eval] Epoch: 23 | Teacher Test Loss: 1.267 | Teacher Test Acc: 64.320 | Student Test Loss: 2.012 | Student Test Acc: 49.250 | Teacher Test F1: 0.643 | Student Test F1: 0.488 | Teacher Top 5 Accuracy: 0.893 | Student Top 5 Accuracy: 0.794 | Time: 2.566 | 
Running student landscape probe...
[Train] Epoch: 24 | Teacher lr=0.2631 | Teacher Loss: 1.186 | Teacher Train Acc: 74.016 | Student lr=0.2631 | Student Train Acc: 69.016 | Time: 142.021 |
[Eval] Epoch: 24 | Teacher Test Loss: 1.320 | Teacher Test Acc: 63.430 | Student Test Loss: 1.674 | Student Test Acc: 55.150 | Teacher Test F1: 0.635 | Student Test F1: 0.553 | Teacher Top 5 Accuracy: 0.887 | Student Top 5 Accuracy: 0.841 | Time: 2.468 | 
Running student landscape probe...
[Train] Epoch: 25 | Teacher lr=0.2246 | Teacher Loss: 1.129 | Teacher Train Acc: 75.926 | Student lr=0.2246 | Student Train Acc: 70.380 | Time: 143.089 |
[Eval] Epoch: 25 | Teacher Test Loss: 1.292 | Teacher Test Acc: 63.990 | Student Test Loss: 1.881 | Student Test Acc: 51.500 | Teacher Test F1: 0.641 | Student Test F1: 0.511 | Teacher Top 5 Accuracy: 0.892 | Student Top 5 Accuracy: 0.806 | Time: 2.564 | 
Running student landscape probe...
[Train] Epoch: 26 | Teacher lr=0.1883 | Teacher Loss: 1.067 | Teacher Train Acc: 77.288 | Student lr=0.1883 | Student Train Acc: 71.480 | Time: 143.068 |
[Eval] Epoch: 26 | Teacher Test Loss: 1.155 | Teacher Test Acc: 67.190 | Student Test Loss: 1.612 | Student Test Acc: 56.810 | Teacher Test F1: 0.668 | Student Test F1: 0.563 | Teacher Top 5 Accuracy: 0.904 | Student Top 5 Accuracy: 0.844 | Time: 2.583 | 
Running student landscape probe...
[Train] Epoch: 27 | Teacher lr=0.1545 | Teacher Loss: 1.001 | Teacher Train Acc: 79.234 | Student lr=0.1545 | Student Train Acc: 73.284 | Time: 142.132 |
[Eval] Epoch: 27 | Teacher Test Loss: 1.137 | Teacher Test Acc: 67.460 | Student Test Loss: 1.475 | Student Test Acc: 60.010 | Teacher Test F1: 0.673 | Student Test F1: 0.601 | Teacher Top 5 Accuracy: 0.909 | Student Top 5 Accuracy: 0.863 | Time: 2.605 | 
Running student landscape probe...
[Train] Epoch: 28 | Teacher lr=0.1235 | Teacher Loss: 0.932 | Teacher Train Acc: 81.088 | Student lr=0.1235 | Student Train Acc: 74.588 | Time: 142.686 |
[Eval] Epoch: 28 | Teacher Test Loss: 1.117 | Teacher Test Acc: 68.190 | Student Test Loss: 1.409 | Student Test Acc: 60.990 | Teacher Test F1: 0.681 | Student Test F1: 0.610 | Teacher Top 5 Accuracy: 0.913 | Student Top 5 Accuracy: 0.878 | Time: 2.581 | 
Running student landscape probe...
[Train] Epoch: 29 | Teacher lr=0.0955 | Teacher Loss: 0.869 | Teacher Train Acc: 82.912 | Student lr=0.0955 | Student Train Acc: 76.190 | Time: 142.359 |
[Eval] Epoch: 29 | Teacher Test Loss: 1.104 | Teacher Test Acc: 69.190 | Student Test Loss: 1.495 | Student Test Acc: 60.540 | Teacher Test F1: 0.692 | Student Test F1: 0.608 | Teacher Top 5 Accuracy: 0.913 | Student Top 5 Accuracy: 0.860 | Time: 2.504 | 
Running student landscape probe...
[Train] Epoch: 30 | Teacher lr=0.0708 | Teacher Loss: 0.807 | Teacher Train Acc: 84.652 | Student lr=0.0708 | Student Train Acc: 77.502 | Time: 142.339 |
[Eval] Epoch: 30 | Teacher Test Loss: 1.069 | Teacher Test Acc: 70.070 | Student Test Loss: 1.365 | Student Test Acc: 63.000 | Teacher Test F1: 0.701 | Student Test F1: 0.628 | Teacher Top 5 Accuracy: 0.917 | Student Top 5 Accuracy: 0.883 | Time: 2.438 | 
Running student landscape probe...
[Train] Epoch: 31 | Teacher lr=0.0495 | Teacher Loss: 0.741 | Teacher Train Acc: 86.474 | Student lr=0.0495 | Student Train Acc: 79.228 | Time: 140.183 |
[Eval] Epoch: 31 | Teacher Test Loss: 1.033 | Teacher Test Acc: 70.890 | Student Test Loss: 1.408 | Student Test Acc: 62.540 | Teacher Test F1: 0.708 | Student Test F1: 0.625 | Teacher Top 5 Accuracy: 0.919 | Student Top 5 Accuracy: 0.877 | Time: 2.459 | 
Running student landscape probe...
[Train] Epoch: 32 | Teacher lr=0.0319 | Teacher Loss: 0.683 | Teacher Train Acc: 87.844 | Student lr=0.0319 | Student Train Acc: 81.038 | Time: 142.292 |
[Eval] Epoch: 32 | Teacher Test Loss: 1.035 | Teacher Test Acc: 70.940 | Student Test Loss: 1.286 | Student Test Acc: 64.920 | Teacher Test F1: 0.710 | Student Test F1: 0.648 | Teacher Top 5 Accuracy: 0.921 | Student Top 5 Accuracy: 0.893 | Time: 2.541 | 
Running student landscape probe...
[Train] Epoch: 33 | Teacher lr=0.0180 | Teacher Loss: 0.639 | Teacher Train Acc: 88.826 | Student lr=0.0180 | Student Train Acc: 82.320 | Time: 140.527 |
[Eval] Epoch: 33 | Teacher Test Loss: 1.008 | Teacher Test Acc: 71.720 | Student Test Loss: 1.293 | Student Test Acc: 65.150 | Teacher Test F1: 0.717 | Student Test F1: 0.652 | Teacher Top 5 Accuracy: 0.925 | Student Top 5 Accuracy: 0.890 | Time: 2.575 | 
Running student landscape probe...
[Train] Epoch: 34 | Teacher lr=0.0080 | Teacher Loss: 0.603 | Teacher Train Acc: 89.644 | Student lr=0.0080 | Student Train Acc: 83.464 | Time: 141.087 |
[Eval] Epoch: 34 | Teacher Test Loss: 0.997 | Teacher Test Acc: 71.920 | Student Test Loss: 1.267 | Student Test Acc: 65.890 | Teacher Test F1: 0.719 | Student Test F1: 0.658 | Teacher Top 5 Accuracy: 0.926 | Student Top 5 Accuracy: 0.894 | Time: 2.572 | 
Running student landscape probe...
[Train] Epoch: 35 | Teacher lr=0.0020 | Teacher Loss: 0.581 | Teacher Train Acc: 90.250 | Student lr=0.0020 | Student Train Acc: 84.160 | Time: 141.565 |
[Eval] Epoch: 35 | Teacher Test Loss: 0.998 | Teacher Test Acc: 72.040 | Student Test Loss: 1.249 | Student Test Acc: 66.410 | Teacher Test F1: 0.721 | Student Test F1: 0.664 | Teacher Top 5 Accuracy: 0.926 | Student Top 5 Accuracy: 0.897 | Time: 2.594 | 
Running student landscape probe...
ckpt location: ckpt/robust12h_industry/cosine_innoise005_seed4_35ep.pt
