/home/jovyan/.mlspace/envs/egy_llm/lib/python3.11/site-packages/torchvision/datasets/cifar.py:83: VisibleDeprecationWarning: dtype(): align should be passed as Python or NumPy boolean but got `align=0`. Did you mean to pass a tuple to create a subarray type? (Deprecated NumPy 2.4)
  entry = pickle.load(f, encoding="latin1")
depth_list: [110, 20]
[NoisyClassificationDataset] num_classes=100 label_noise_rate=0.300 input_noise_std=0.0000 flipped=14860/50000
Dataset information: cifar100	 50000 images for training 	 10000 images for testing	
teacher depth: 110
student depth: 20
Total number of teacher parameters: 1,169,972
Total number of student parameters: 278,132
Snapshots will be saved to: snapshots/robust12h_industry/cosine_lblnoise030_seed2_35ep
==== train and evaluate unequal restart ====
[Eval] Epoch: 0 | Teacher Test Loss: 11623.433 | Teacher Test Acc: 1.000 | Student Test Loss: 6.044 | Student Test Acc: 1.110 | Teacher Test F1: 0.000 | Student Test F1: 0.000 | Teacher Top 5 Accuracy: 0.049 | Student Top 5 Accuracy: 0.052 | Time: 2.560 | 
Running student landscape probe...
[Train] Epoch: 1 | Teacher lr=1.0000 | Teacher Loss: 4.410 | Teacher Train Acc: 5.516 | Student lr=1.0000 | Student Train Acc: 9.702 | Time: 137.522 |
[Eval] Epoch: 1 | Teacher Test Loss: 3.854 | Teacher Test Acc: 10.660 | Student Test Loss: 3.482 | Student Test Acc: 17.840 | Teacher Test F1: 0.070 | Student Test F1: 0.149 | Teacher Top 5 Accuracy: 0.328 | Student Top 5 Accuracy: 0.453 | Time: 2.634 | 
Running student landscape probe...
[Train] Epoch: 2 | Teacher lr=0.9980 | Teacher Loss: 4.152 | Teacher Train Acc: 12.056 | Student lr=0.9980 | Student Train Acc: 20.908 | Time: 136.454 |
[Eval] Epoch: 2 | Teacher Test Loss: 3.517 | Teacher Test Acc: 16.440 | Student Test Loss: 2.956 | Student Test Acc: 27.670 | Teacher Test F1: 0.130 | Student Test F1: 0.255 | Teacher Top 5 Accuracy: 0.428 | Student Top 5 Accuracy: 0.598 | Time: 2.560 | 
Running student landscape probe...
[Train] Epoch: 3 | Teacher lr=0.9920 | Teacher Loss: 3.905 | Teacher Train Acc: 18.338 | Student lr=0.9920 | Student Train Acc: 26.662 | Time: 135.820 |
[Eval] Epoch: 3 | Teacher Test Loss: 3.063 | Teacher Test Acc: 22.740 | Student Test Loss: 3.027 | Student Test Acc: 25.770 | Teacher Test F1: 0.202 | Student Test F1: 0.244 | Teacher Top 5 Accuracy: 0.561 | Student Top 5 Accuracy: 0.567 | Time: 2.556 | 
Running student landscape probe...
[Train] Epoch: 4 | Teacher lr=0.9820 | Teacher Loss: 3.743 | Teacher Train Acc: 22.636 | Student lr=0.9820 | Student Train Acc: 29.718 | Time: 139.782 |
[Eval] Epoch: 4 | Teacher Test Loss: 2.904 | Teacher Test Acc: 27.540 | Student Test Loss: 2.755 | Student Test Acc: 31.280 | Teacher Test F1: 0.260 | Student Test F1: 0.301 | Teacher Top 5 Accuracy: 0.605 | Student Top 5 Accuracy: 0.633 | Time: 2.556 | 
Running student landscape probe...
[Train] Epoch: 5 | Teacher lr=0.9681 | Teacher Loss: 3.636 | Teacher Train Acc: 25.552 | Student lr=0.9681 | Student Train Acc: 31.368 | Time: 134.446 |
[Eval] Epoch: 5 | Teacher Test Loss: 2.860 | Teacher Test Acc: 30.680 | Student Test Loss: 2.819 | Student Test Acc: 31.810 | Teacher Test F1: 0.287 | Student Test F1: 0.307 | Teacher Top 5 Accuracy: 0.630 | Student Top 5 Accuracy: 0.630 | Time: 2.581 | 
Running student landscape probe...
[Train] Epoch: 6 | Teacher lr=0.9505 | Teacher Loss: 3.559 | Teacher Train Acc: 27.830 | Student lr=0.9505 | Student Train Acc: 32.636 | Time: 136.150 |
[Eval] Epoch: 6 | Teacher Test Loss: 2.498 | Teacher Test Acc: 37.260 | Student Test Loss: 2.892 | Student Test Acc: 30.020 | Teacher Test F1: 0.358 | Student Test F1: 0.281 | Teacher Top 5 Accuracy: 0.706 | Student Top 5 Accuracy: 0.617 | Time: 2.792 | 
Running student landscape probe...
[Train] Epoch: 7 | Teacher lr=0.9292 | Teacher Loss: 3.498 | Teacher Train Acc: 29.520 | Student lr=0.9292 | Student Train Acc: 33.718 | Time: 137.603 |
[Eval] Epoch: 7 | Teacher Test Loss: 2.668 | Teacher Test Acc: 33.720 | Student Test Loss: 2.731 | Student Test Acc: 32.540 | Teacher Test F1: 0.324 | Student Test F1: 0.324 | Teacher Top 5 Accuracy: 0.658 | Student Top 5 Accuracy: 0.649 | Time: 2.648 | 
Running student landscape probe...
[Train] Epoch: 8 | Teacher lr=0.9045 | Teacher Loss: 3.452 | Teacher Train Acc: 30.902 | Student lr=0.9045 | Student Train Acc: 34.276 | Time: 136.022 |
[Eval] Epoch: 8 | Teacher Test Loss: 2.523 | Teacher Test Acc: 38.640 | Student Test Loss: 2.876 | Student Test Acc: 29.840 | Teacher Test F1: 0.367 | Student Test F1: 0.280 | Teacher Top 5 Accuracy: 0.702 | Student Top 5 Accuracy: 0.618 | Time: 2.620 | 
Running student landscape probe...
[Train] Epoch: 9 | Teacher lr=0.8765 | Teacher Loss: 3.413 | Teacher Train Acc: 31.862 | Student lr=0.8765 | Student Train Acc: 35.388 | Time: 135.254 |
[Eval] Epoch: 9 | Teacher Test Loss: 2.512 | Teacher Test Acc: 38.000 | Student Test Loss: 2.771 | Student Test Acc: 33.390 | Teacher Test F1: 0.371 | Student Test F1: 0.317 | Teacher Top 5 Accuracy: 0.713 | Student Top 5 Accuracy: 0.649 | Time: 2.712 | 
Running student landscape probe...
[Train] Epoch: 10 | Teacher lr=0.8455 | Teacher Loss: 3.379 | Teacher Train Acc: 32.704 | Student lr=0.8455 | Student Train Acc: 35.512 | Time: 136.246 |
[Eval] Epoch: 10 | Teacher Test Loss: 2.511 | Teacher Test Acc: 38.310 | Student Test Loss: 3.032 | Student Test Acc: 27.840 | Teacher Test F1: 0.375 | Student Test F1: 0.263 | Teacher Top 5 Accuracy: 0.702 | Student Top 5 Accuracy: 0.579 | Time: 2.746 | 
Running student landscape probe...
[Train] Epoch: 11 | Teacher lr=0.8117 | Teacher Loss: 3.342 | Teacher Train Acc: 34.248 | Student lr=0.8117 | Student Train Acc: 36.326 | Time: 138.366 |
[Eval] Epoch: 11 | Teacher Test Loss: 2.351 | Teacher Test Acc: 41.470 | Student Test Loss: 2.452 | Student Test Acc: 39.010 | Teacher Test F1: 0.406 | Student Test F1: 0.383 | Teacher Top 5 Accuracy: 0.746 | Student Top 5 Accuracy: 0.722 | Time: 2.808 | 
Running student landscape probe...
[Train] Epoch: 12 | Teacher lr=0.7754 | Teacher Loss: 3.302 | Teacher Train Acc: 34.948 | Student lr=0.7754 | Student Train Acc: 36.900 | Time: 135.884 |
[Eval] Epoch: 12 | Teacher Test Loss: 2.268 | Teacher Test Acc: 44.400 | Student Test Loss: 2.531 | Student Test Acc: 36.850 | Teacher Test F1: 0.434 | Student Test F1: 0.354 | Teacher Top 5 Accuracy: 0.757 | Student Top 5 Accuracy: 0.697 | Time: 2.807 | 
Running student landscape probe...
[Train] Epoch: 13 | Teacher lr=0.7369 | Teacher Loss: 3.263 | Teacher Train Acc: 36.038 | Student lr=0.7369 | Student Train Acc: 37.372 | Time: 136.581 |
[Eval] Epoch: 13 | Teacher Test Loss: 2.351 | Teacher Test Acc: 41.810 | Student Test Loss: 3.710 | Student Test Acc: 15.180 | Teacher Test F1: 0.411 | Student Test F1: 0.150 | Teacher Top 5 Accuracy: 0.746 | Student Top 5 Accuracy: 0.407 | Time: 2.776 | 
Running student landscape probe...
[Train] Epoch: 14 | Teacher lr=0.6965 | Teacher Loss: 3.231 | Teacher Train Acc: 36.908 | Student lr=0.6965 | Student Train Acc: 38.048 | Time: 137.624 |
[Eval] Epoch: 14 | Teacher Test Loss: 2.218 | Teacher Test Acc: 44.640 | Student Test Loss: 2.476 | Student Test Acc: 39.590 | Teacher Test F1: 0.438 | Student Test F1: 0.384 | Teacher Top 5 Accuracy: 0.760 | Student Top 5 Accuracy: 0.698 | Time: 2.795 | 
Running student landscape probe...
[Train] Epoch: 15 | Teacher lr=0.6545 | Teacher Loss: 3.196 | Teacher Train Acc: 37.960 | Student lr=0.6545 | Student Train Acc: 38.332 | Time: 137.274 |
[Eval] Epoch: 15 | Teacher Test Loss: 2.230 | Teacher Test Acc: 44.870 | Student Test Loss: 2.691 | Student Test Acc: 35.430 | Teacher Test F1: 0.440 | Student Test F1: 0.351 | Teacher Top 5 Accuracy: 0.772 | Student Top 5 Accuracy: 0.655 | Time: 2.817 | 
Running student landscape probe...
[Train] Epoch: 16 | Teacher lr=0.6113 | Teacher Loss: 3.157 | Teacher Train Acc: 38.848 | Student lr=0.6113 | Student Train Acc: 39.006 | Time: 137.587 |
[Eval] Epoch: 16 | Teacher Test Loss: 2.071 | Teacher Test Acc: 50.090 | Student Test Loss: 2.435 | Student Test Acc: 40.870 | Teacher Test F1: 0.494 | Student Test F1: 0.401 | Teacher Top 5 Accuracy: 0.799 | Student Top 5 Accuracy: 0.716 | Time: 2.706 | 
Running student landscape probe...
[Train] Epoch: 17 | Teacher lr=0.5671 | Teacher Loss: 3.123 | Teacher Train Acc: 39.732 | Student lr=0.5671 | Student Train Acc: 39.920 | Time: 136.001 |
[Eval] Epoch: 17 | Teacher Test Loss: 2.381 | Teacher Test Acc: 41.900 | Student Test Loss: 2.612 | Student Test Acc: 36.870 | Teacher Test F1: 0.410 | Student Test F1: 0.365 | Teacher Top 5 Accuracy: 0.731 | Student Top 5 Accuracy: 0.680 | Time: 2.658 | 
Running student landscape probe...
[Train] Epoch: 18 | Teacher lr=0.5224 | Teacher Loss: 3.091 | Teacher Train Acc: 40.540 | Student lr=0.5224 | Student Train Acc: 40.574 | Time: 136.253 |
[Eval] Epoch: 18 | Teacher Test Loss: 1.930 | Teacher Test Acc: 53.220 | Student Test Loss: 2.621 | Student Test Acc: 36.280 | Teacher Test F1: 0.527 | Student Test F1: 0.362 | Teacher Top 5 Accuracy: 0.818 | Student Top 5 Accuracy: 0.673 | Time: 2.771 | 
Running student landscape probe...
[Train] Epoch: 19 | Teacher lr=0.4776 | Teacher Loss: 3.050 | Teacher Train Acc: 41.536 | Student lr=0.4776 | Student Train Acc: 41.004 | Time: 136.318 |
[Eval] Epoch: 19 | Teacher Test Loss: 1.947 | Teacher Test Acc: 51.980 | Student Test Loss: 2.446 | Student Test Acc: 39.930 | Teacher Test F1: 0.515 | Student Test F1: 0.391 | Teacher Top 5 Accuracy: 0.818 | Student Top 5 Accuracy: 0.709 | Time: 2.629 | 
Running student landscape probe...
[Train] Epoch: 20 | Teacher lr=0.4329 | Teacher Loss: 3.014 | Teacher Train Acc: 42.698 | Student lr=0.4329 | Student Train Acc: 41.824 | Time: 139.190 |
[Eval] Epoch: 20 | Teacher Test Loss: 1.912 | Teacher Test Acc: 53.810 | Student Test Loss: 2.361 | Student Test Acc: 41.830 | Teacher Test F1: 0.536 | Student Test F1: 0.413 | Teacher Top 5 Accuracy: 0.830 | Student Top 5 Accuracy: 0.735 | Time: 2.720 | 
Running student landscape probe...
[Train] Epoch: 21 | Teacher lr=0.3887 | Teacher Loss: 2.966 | Teacher Train Acc: 43.774 | Student lr=0.3887 | Student Train Acc: 42.646 | Time: 136.641 |
[Eval] Epoch: 21 | Teacher Test Loss: 1.916 | Teacher Test Acc: 53.860 | Student Test Loss: 2.299 | Student Test Acc: 44.270 | Teacher Test F1: 0.534 | Student Test F1: 0.438 | Teacher Top 5 Accuracy: 0.834 | Student Top 5 Accuracy: 0.747 | Time: 2.793 | 
Running student landscape probe...
[Train] Epoch: 22 | Teacher lr=0.3455 | Teacher Loss: 2.927 | Teacher Train Acc: 44.722 | Student lr=0.3455 | Student Train Acc: 43.316 | Time: 136.843 |
[Eval] Epoch: 22 | Teacher Test Loss: 1.819 | Teacher Test Acc: 54.420 | Student Test Loss: 2.103 | Student Test Acc: 49.260 | Teacher Test F1: 0.540 | Student Test F1: 0.487 | Teacher Top 5 Accuracy: 0.834 | Student Top 5 Accuracy: 0.788 | Time: 2.670 | 
Running student landscape probe...
[Train] Epoch: 23 | Teacher lr=0.3035 | Teacher Loss: 2.881 | Teacher Train Acc: 45.702 | Student lr=0.3035 | Student Train Acc: 44.262 | Time: 138.634 |
[Eval] Epoch: 23 | Teacher Test Loss: 1.741 | Teacher Test Acc: 57.850 | Student Test Loss: 2.141 | Student Test Acc: 47.400 | Teacher Test F1: 0.575 | Student Test F1: 0.470 | Teacher Top 5 Accuracy: 0.853 | Student Top 5 Accuracy: 0.774 | Time: 2.594 | 
Running student landscape probe...
[Train] Epoch: 24 | Teacher lr=0.2631 | Teacher Loss: 2.831 | Teacher Train Acc: 47.056 | Student lr=0.2631 | Student Train Acc: 44.934 | Time: 135.707 |
[Eval] Epoch: 24 | Teacher Test Loss: 1.685 | Teacher Test Acc: 58.320 | Student Test Loss: 2.346 | Student Test Acc: 44.650 | Teacher Test F1: 0.577 | Student Test F1: 0.440 | Teacher Top 5 Accuracy: 0.859 | Student Top 5 Accuracy: 0.738 | Time: 2.572 | 
Running student landscape probe...
[Train] Epoch: 25 | Teacher lr=0.2246 | Teacher Loss: 2.781 | Teacher Train Acc: 48.004 | Student lr=0.2246 | Student Train Acc: 45.710 | Time: 136.461 |
[Eval] Epoch: 25 | Teacher Test Loss: 1.633 | Teacher Test Acc: 60.560 | Student Test Loss: 1.975 | Student Test Acc: 50.810 | Teacher Test F1: 0.604 | Student Test F1: 0.506 | Teacher Top 5 Accuracy: 0.870 | Student Top 5 Accuracy: 0.799 | Time: 2.780 | 
Running student landscape probe...
[Train] Epoch: 26 | Teacher lr=0.1883 | Teacher Loss: 2.723 | Teacher Train Acc: 49.572 | Student lr=0.1883 | Student Train Acc: 46.832 | Time: 136.502 |
[Eval] Epoch: 26 | Teacher Test Loss: 1.644 | Teacher Test Acc: 60.830 | Student Test Loss: 2.149 | Student Test Acc: 49.600 | Teacher Test F1: 0.609 | Student Test F1: 0.494 | Teacher Top 5 Accuracy: 0.874 | Student Top 5 Accuracy: 0.779 | Time: 2.634 | 
Running student landscape probe...
[Train] Epoch: 27 | Teacher lr=0.1545 | Teacher Loss: 2.665 | Teacher Train Acc: 50.964 | Student lr=0.1545 | Student Train Acc: 47.824 | Time: 135.156 |
[Eval] Epoch: 27 | Teacher Test Loss: 1.588 | Teacher Test Acc: 61.620 | Student Test Loss: 2.130 | Student Test Acc: 49.600 | Teacher Test F1: 0.617 | Student Test F1: 0.492 | Teacher Top 5 Accuracy: 0.876 | Student Top 5 Accuracy: 0.780 | Time: 2.788 | 
Running student landscape probe...
[Train] Epoch: 28 | Teacher lr=0.1235 | Teacher Loss: 2.604 | Teacher Train Acc: 52.116 | Student lr=0.1235 | Student Train Acc: 48.596 | Time: 135.691 |
[Eval] Epoch: 28 | Teacher Test Loss: 1.575 | Teacher Test Acc: 63.030 | Student Test Loss: 1.919 | Student Test Acc: 55.000 | Teacher Test F1: 0.627 | Student Test F1: 0.542 | Teacher Top 5 Accuracy: 0.877 | Student Top 5 Accuracy: 0.811 | Time: 2.756 | 
Running student landscape probe...
[Train] Epoch: 29 | Teacher lr=0.0955 | Teacher Loss: 2.533 | Teacher Train Acc: 53.890 | Student lr=0.0955 | Student Train Acc: 50.232 | Time: 136.344 |
[Eval] Epoch: 29 | Teacher Test Loss: 1.513 | Teacher Test Acc: 63.570 | Student Test Loss: 2.039 | Student Test Acc: 50.730 | Teacher Test F1: 0.637 | Student Test F1: 0.504 | Teacher Top 5 Accuracy: 0.879 | Student Top 5 Accuracy: 0.793 | Time: 2.780 | 
Running student landscape probe...
[Train] Epoch: 30 | Teacher lr=0.0708 | Teacher Loss: 2.464 | Teacher Train Acc: 55.214 | Student lr=0.0708 | Student Train Acc: 51.062 | Time: 136.480 |
[Eval] Epoch: 30 | Teacher Test Loss: 1.483 | Teacher Test Acc: 64.350 | Student Test Loss: 1.866 | Student Test Acc: 55.440 | Teacher Test F1: 0.641 | Student Test F1: 0.552 | Teacher Top 5 Accuracy: 0.884 | Student Top 5 Accuracy: 0.819 | Time: 2.746 | 
Running student landscape probe...
[Train] Epoch: 31 | Teacher lr=0.0495 | Teacher Loss: 2.387 | Teacher Train Acc: 56.860 | Student lr=0.0495 | Student Train Acc: 52.378 | Time: 137.710 |
[Eval] Epoch: 31 | Teacher Test Loss: 1.459 | Teacher Test Acc: 65.160 | Student Test Loss: 1.772 | Student Test Acc: 57.600 | Teacher Test F1: 0.652 | Student Test F1: 0.575 | Teacher Top 5 Accuracy: 0.888 | Student Top 5 Accuracy: 0.838 | Time: 2.609 | 
Running student landscape probe...
[Train] Epoch: 32 | Teacher lr=0.0319 | Teacher Loss: 2.314 | Teacher Train Acc: 58.320 | Student lr=0.0319 | Student Train Acc: 53.660 | Time: 135.985 |
[Eval] Epoch: 32 | Teacher Test Loss: 1.437 | Teacher Test Acc: 66.220 | Student Test Loss: 1.756 | Student Test Acc: 57.830 | Teacher Test F1: 0.660 | Student Test F1: 0.578 | Teacher Top 5 Accuracy: 0.888 | Student Top 5 Accuracy: 0.841 | Time: 2.757 | 
Running student landscape probe...
[Train] Epoch: 33 | Teacher lr=0.0180 | Teacher Loss: 2.248 | Teacher Train Acc: 59.664 | Student lr=0.0180 | Student Train Acc: 54.672 | Time: 136.794 |
[Eval] Epoch: 33 | Teacher Test Loss: 1.432 | Teacher Test Acc: 65.970 | Student Test Loss: 1.716 | Student Test Acc: 58.950 | Teacher Test F1: 0.659 | Student Test F1: 0.590 | Teacher Top 5 Accuracy: 0.888 | Student Top 5 Accuracy: 0.848 | Time: 2.617 | 
Running student landscape probe...
[Train] Epoch: 34 | Teacher lr=0.0080 | Teacher Loss: 2.195 | Teacher Train Acc: 60.590 | Student lr=0.0080 | Student Train Acc: 55.746 | Time: 135.815 |
[Eval] Epoch: 34 | Teacher Test Loss: 1.409 | Teacher Test Acc: 66.500 | Student Test Loss: 1.666 | Student Test Acc: 60.200 | Teacher Test F1: 0.664 | Student Test F1: 0.600 | Teacher Top 5 Accuracy: 0.890 | Student Top 5 Accuracy: 0.849 | Time: 2.718 | 
Running student landscape probe...
[Train] Epoch: 35 | Teacher lr=0.0020 | Teacher Loss: 2.160 | Teacher Train Acc: 61.256 | Student lr=0.0020 | Student Train Acc: 56.356 | Time: 138.047 |
[Eval] Epoch: 35 | Teacher Test Loss: 1.410 | Teacher Test Acc: 66.330 | Student Test Loss: 1.642 | Student Test Acc: 60.730 | Teacher Test F1: 0.663 | Student Test F1: 0.606 | Teacher Top 5 Accuracy: 0.890 | Student Top 5 Accuracy: 0.854 | Time: 2.675 | 
Running student landscape probe...
ckpt location: ckpt/robust12h_industry/cosine_lblnoise030_seed2_35ep.pt
