/home/jovyan/.mlspace/envs/egy_llm/lib/python3.11/site-packages/torchvision/datasets/cifar.py:83: VisibleDeprecationWarning: dtype(): align should be passed as Python or NumPy boolean but got `align=0`. Did you mean to pass a tuple to create a subarray type? (Deprecated NumPy 2.4)
  entry = pickle.load(f, encoding="latin1")
depth_list: [110, 20]
[NoisyClassificationDataset] num_classes=100 label_noise_rate=0.200 input_noise_std=0.0000 flipped=9890/50000
Dataset information: cifar100	 50000 images for training 	 10000 images for testing	
teacher depth: 110
student depth: 20
Total number of teacher parameters: 1,169,972
Total number of student parameters: 278,132
Snapshots will be saved to: snapshots/robust12h_industry/cosine_lblnoise020_seed4_35ep
==== train and evaluate unequal restart ====
[Eval] Epoch: 0 | Teacher Test Loss: 8723.027 | Teacher Test Acc: 1.000 | Student Test Loss: 5.114 | Student Test Acc: 0.930 | Teacher Test F1: 0.000 | Student Test F1: 0.001 | Teacher Top 5 Accuracy: 0.050 | Student Top 5 Accuracy: 0.051 | Time: 2.479 | 
Running student landscape probe...
[Train] Epoch: 1 | Teacher lr=1.0000 | Teacher Loss: 4.331 | Teacher Train Acc: 7.152 | Student lr=1.0000 | Student Train Acc: 13.926 | Time: 136.427 |
[Eval] Epoch: 1 | Teacher Test Loss: 3.768 | Teacher Test Acc: 12.000 | Student Test Loss: 3.227 | Student Test Acc: 21.070 | Teacher Test F1: 0.084 | Student Test F1: 0.177 | Teacher Top 5 Accuracy: 0.353 | Student Top 5 Accuracy: 0.506 | Time: 2.712 | 
Running student landscape probe...
[Train] Epoch: 2 | Teacher lr=0.9980 | Teacher Loss: 4.012 | Teacher Train Acc: 14.818 | Student lr=0.9980 | Student Train Acc: 27.666 | Time: 136.566 |
[Eval] Epoch: 2 | Teacher Test Loss: 3.360 | Teacher Test Acc: 17.480 | Student Test Loss: 2.961 | Student Test Acc: 26.690 | Teacher Test F1: 0.150 | Student Test F1: 0.253 | Teacher Top 5 Accuracy: 0.465 | Student Top 5 Accuracy: 0.574 | Time: 2.669 | 
Running student landscape probe...
[Train] Epoch: 3 | Teacher lr=0.9920 | Teacher Loss: 3.639 | Teacher Train Acc: 23.154 | Student lr=0.9920 | Student Train Acc: 32.842 | Time: 137.847 |
[Eval] Epoch: 3 | Teacher Test Loss: 2.981 | Teacher Test Acc: 25.170 | Student Test Loss: 2.667 | Student Test Acc: 33.700 | Teacher Test F1: 0.224 | Student Test F1: 0.320 | Teacher Top 5 Accuracy: 0.567 | Student Top 5 Accuracy: 0.652 | Time: 2.628 | 
Running student landscape probe...
[Train] Epoch: 4 | Teacher lr=0.9820 | Teacher Loss: 3.407 | Teacher Train Acc: 28.570 | Student lr=0.9820 | Student Train Acc: 35.806 | Time: 137.010 |
[Eval] Epoch: 4 | Teacher Test Loss: 2.627 | Teacher Test Acc: 33.240 | Student Test Loss: 3.374 | Student Test Acc: 21.170 | Teacher Test F1: 0.311 | Student Test F1: 0.190 | Teacher Top 5 Accuracy: 0.662 | Student Top 5 Accuracy: 0.483 | Time: 2.609 | 
Running student landscape probe...
[Train] Epoch: 5 | Teacher lr=0.9681 | Teacher Loss: 3.277 | Teacher Train Acc: 32.302 | Student lr=0.9681 | Student Train Acc: 37.674 | Time: 138.669 |
[Eval] Epoch: 5 | Teacher Test Loss: 2.641 | Teacher Test Acc: 32.640 | Student Test Loss: 2.718 | Student Test Acc: 32.900 | Teacher Test F1: 0.308 | Student Test F1: 0.319 | Teacher Top 5 Accuracy: 0.648 | Student Top 5 Accuracy: 0.650 | Time: 2.642 | 
Running student landscape probe...
[Train] Epoch: 6 | Teacher lr=0.9505 | Teacher Loss: 3.185 | Teacher Train Acc: 34.472 | Student lr=0.9505 | Student Train Acc: 38.962 | Time: 136.868 |
[Eval] Epoch: 6 | Teacher Test Loss: 2.320 | Teacher Test Acc: 40.120 | Student Test Loss: 3.036 | Student Test Acc: 27.510 | Teacher Test F1: 0.393 | Student Test F1: 0.277 | Teacher Top 5 Accuracy: 0.739 | Student Top 5 Accuracy: 0.564 | Time: 2.540 | 
Running student landscape probe...
[Train] Epoch: 7 | Teacher lr=0.9292 | Teacher Loss: 3.113 | Teacher Train Acc: 36.780 | Student lr=0.9292 | Student Train Acc: 40.222 | Time: 138.838 |
[Eval] Epoch: 7 | Teacher Test Loss: 2.755 | Teacher Test Acc: 32.120 | Student Test Loss: 2.499 | Student Test Acc: 37.780 | Teacher Test F1: 0.304 | Student Test F1: 0.371 | Teacher Top 5 Accuracy: 0.632 | Student Top 5 Accuracy: 0.707 | Time: 2.602 | 
Running student landscape probe...
[Train] Epoch: 8 | Teacher lr=0.9045 | Teacher Loss: 3.063 | Teacher Train Acc: 37.734 | Student lr=0.9045 | Student Train Acc: 41.434 | Time: 138.857 |
[Eval] Epoch: 8 | Teacher Test Loss: 2.284 | Teacher Test Acc: 41.180 | Student Test Loss: 2.638 | Student Test Acc: 34.990 | Teacher Test F1: 0.407 | Student Test F1: 0.339 | Teacher Top 5 Accuracy: 0.738 | Student Top 5 Accuracy: 0.673 | Time: 2.642 | 
Running student landscape probe...
[Train] Epoch: 9 | Teacher lr=0.8765 | Teacher Loss: 3.009 | Teacher Train Acc: 39.386 | Student lr=0.8765 | Student Train Acc: 42.028 | Time: 138.417 |
[Eval] Epoch: 9 | Teacher Test Loss: 2.250 | Teacher Test Acc: 42.330 | Student Test Loss: 2.442 | Student Test Acc: 38.630 | Teacher Test F1: 0.408 | Student Test F1: 0.379 | Teacher Top 5 Accuracy: 0.750 | Student Top 5 Accuracy: 0.703 | Time: 2.620 | 
Running student landscape probe...
[Train] Epoch: 10 | Teacher lr=0.8455 | Teacher Loss: 2.960 | Teacher Train Acc: 40.742 | Student lr=0.8455 | Student Train Acc: 42.842 | Time: 134.273 |
[Eval] Epoch: 10 | Teacher Test Loss: 2.123 | Teacher Test Acc: 45.970 | Student Test Loss: 2.493 | Student Test Acc: 38.050 | Teacher Test F1: 0.451 | Student Test F1: 0.368 | Teacher Top 5 Accuracy: 0.773 | Student Top 5 Accuracy: 0.700 | Time: 2.573 | 
Running student landscape probe...
[Train] Epoch: 11 | Teacher lr=0.8117 | Teacher Loss: 2.897 | Teacher Train Acc: 42.238 | Student lr=0.8117 | Student Train Acc: 43.786 | Time: 136.206 |
[Eval] Epoch: 11 | Teacher Test Loss: 2.023 | Teacher Test Acc: 47.970 | Student Test Loss: 2.363 | Student Test Acc: 40.640 | Teacher Test F1: 0.472 | Student Test F1: 0.396 | Teacher Top 5 Accuracy: 0.789 | Student Top 5 Accuracy: 0.729 | Time: 2.604 | 
Running student landscape probe...
[Train] Epoch: 12 | Teacher lr=0.7754 | Teacher Loss: 2.868 | Teacher Train Acc: 43.272 | Student lr=0.7754 | Student Train Acc: 44.588 | Time: 134.246 |
[Eval] Epoch: 12 | Teacher Test Loss: 2.049 | Teacher Test Acc: 47.470 | Student Test Loss: 2.392 | Student Test Acc: 40.360 | Teacher Test F1: 0.459 | Student Test F1: 0.402 | Teacher Top 5 Accuracy: 0.782 | Student Top 5 Accuracy: 0.718 | Time: 2.553 | 
Running student landscape probe...
[Train] Epoch: 13 | Teacher lr=0.7369 | Teacher Loss: 2.826 | Teacher Train Acc: 44.364 | Student lr=0.7369 | Student Train Acc: 44.940 | Time: 136.702 |
[Eval] Epoch: 13 | Teacher Test Loss: 2.081 | Teacher Test Acc: 46.680 | Student Test Loss: 2.711 | Student Test Acc: 33.550 | Teacher Test F1: 0.460 | Student Test F1: 0.335 | Teacher Top 5 Accuracy: 0.779 | Student Top 5 Accuracy: 0.645 | Time: 2.545 | 
Running student landscape probe...
[Train] Epoch: 14 | Teacher lr=0.6965 | Teacher Loss: 2.775 | Teacher Train Acc: 45.650 | Student lr=0.6965 | Student Train Acc: 45.620 | Time: 138.431 |
[Eval] Epoch: 14 | Teacher Test Loss: 1.932 | Teacher Test Acc: 50.200 | Student Test Loss: 2.121 | Student Test Acc: 46.990 | Teacher Test F1: 0.499 | Student Test F1: 0.462 | Teacher Top 5 Accuracy: 0.809 | Student Top 5 Accuracy: 0.774 | Time: 2.628 | 
Running student landscape probe...
[Train] Epoch: 15 | Teacher lr=0.6545 | Teacher Loss: 2.748 | Teacher Train Acc: 46.446 | Student lr=0.6545 | Student Train Acc: 46.342 | Time: 138.213 |
[Eval] Epoch: 15 | Teacher Test Loss: 1.933 | Teacher Test Acc: 49.600 | Student Test Loss: 2.088 | Student Test Acc: 45.820 | Teacher Test F1: 0.497 | Student Test F1: 0.458 | Teacher Top 5 Accuracy: 0.809 | Student Top 5 Accuracy: 0.770 | Time: 2.593 | 
Running student landscape probe...
[Train] Epoch: 16 | Teacher lr=0.6113 | Teacher Loss: 2.701 | Teacher Train Acc: 47.554 | Student lr=0.6113 | Student Train Acc: 46.764 | Time: 136.915 |
[Eval] Epoch: 16 | Teacher Test Loss: 1.820 | Teacher Test Acc: 53.290 | Student Test Loss: 2.083 | Student Test Acc: 47.130 | Teacher Test F1: 0.531 | Student Test F1: 0.471 | Teacher Top 5 Accuracy: 0.828 | Student Top 5 Accuracy: 0.779 | Time: 2.609 | 
Running student landscape probe...
[Train] Epoch: 17 | Teacher lr=0.5671 | Teacher Loss: 2.664 | Teacher Train Acc: 48.890 | Student lr=0.5671 | Student Train Acc: 47.630 | Time: 137.691 |
[Eval] Epoch: 17 | Teacher Test Loss: 1.769 | Teacher Test Acc: 53.890 | Student Test Loss: 2.216 | Student Test Acc: 43.120 | Teacher Test F1: 0.538 | Student Test F1: 0.428 | Teacher Top 5 Accuracy: 0.841 | Student Top 5 Accuracy: 0.753 | Time: 2.641 | 
Running student landscape probe...
[Train] Epoch: 18 | Teacher lr=0.5224 | Teacher Loss: 2.622 | Teacher Train Acc: 49.440 | Student lr=0.5224 | Student Train Acc: 48.416 | Time: 138.576 |
[Eval] Epoch: 18 | Teacher Test Loss: 1.703 | Teacher Test Acc: 55.920 | Student Test Loss: 2.279 | Student Test Acc: 43.860 | Teacher Test F1: 0.553 | Student Test F1: 0.439 | Teacher Top 5 Accuracy: 0.848 | Student Top 5 Accuracy: 0.742 | Time: 2.628 | 
Running student landscape probe...
[Train] Epoch: 19 | Teacher lr=0.4776 | Teacher Loss: 2.582 | Teacher Train Acc: 50.756 | Student lr=0.4776 | Student Train Acc: 48.774 | Time: 137.568 |
[Eval] Epoch: 19 | Teacher Test Loss: 1.671 | Teacher Test Acc: 56.590 | Student Test Loss: 2.142 | Student Test Acc: 45.980 | Teacher Test F1: 0.566 | Student Test F1: 0.454 | Teacher Top 5 Accuracy: 0.852 | Student Top 5 Accuracy: 0.764 | Time: 2.695 | 
Running student landscape probe...
[Train] Epoch: 20 | Teacher lr=0.4329 | Teacher Loss: 2.542 | Teacher Train Acc: 51.470 | Student lr=0.4329 | Student Train Acc: 49.798 | Time: 137.110 |
[Eval] Epoch: 20 | Teacher Test Loss: 1.738 | Teacher Test Acc: 55.800 | Student Test Loss: 2.276 | Student Test Acc: 43.940 | Teacher Test F1: 0.555 | Student Test F1: 0.430 | Teacher Top 5 Accuracy: 0.845 | Student Top 5 Accuracy: 0.737 | Time: 2.609 | 
Running student landscape probe...
[Train] Epoch: 21 | Teacher lr=0.3887 | Teacher Loss: 2.496 | Teacher Train Acc: 53.014 | Student lr=0.3887 | Student Train Acc: 50.568 | Time: 137.437 |
[Eval] Epoch: 21 | Teacher Test Loss: 1.617 | Teacher Test Acc: 57.510 | Student Test Loss: 2.237 | Student Test Acc: 45.240 | Teacher Test F1: 0.568 | Student Test F1: 0.439 | Teacher Top 5 Accuracy: 0.856 | Student Top 5 Accuracy: 0.752 | Time: 2.614 | 
Running student landscape probe...
[Train] Epoch: 22 | Teacher lr=0.3455 | Teacher Loss: 2.448 | Teacher Train Acc: 54.198 | Student lr=0.3455 | Student Train Acc: 51.316 | Time: 136.912 |
[Eval] Epoch: 22 | Teacher Test Loss: 1.585 | Teacher Test Acc: 59.340 | Student Test Loss: 2.067 | Student Test Acc: 47.980 | Teacher Test F1: 0.591 | Student Test F1: 0.479 | Teacher Top 5 Accuracy: 0.867 | Student Top 5 Accuracy: 0.783 | Time: 2.603 | 
Running student landscape probe...
[Train] Epoch: 23 | Teacher lr=0.3035 | Teacher Loss: 2.395 | Teacher Train Acc: 55.222 | Student lr=0.3035 | Student Train Acc: 52.114 | Time: 138.501 |
[Eval] Epoch: 23 | Teacher Test Loss: 1.565 | Teacher Test Acc: 59.700 | Student Test Loss: 2.128 | Student Test Acc: 47.160 | Teacher Test F1: 0.593 | Student Test F1: 0.462 | Teacher Top 5 Accuracy: 0.868 | Student Top 5 Accuracy: 0.769 | Time: 2.677 | 
Running student landscape probe...
[Train] Epoch: 24 | Teacher lr=0.2631 | Teacher Loss: 2.345 | Teacher Train Acc: 56.440 | Student lr=0.2631 | Student Train Acc: 53.308 | Time: 137.569 |
[Eval] Epoch: 24 | Teacher Test Loss: 1.539 | Teacher Test Acc: 60.360 | Student Test Loss: 2.053 | Student Test Acc: 48.800 | Teacher Test F1: 0.601 | Student Test F1: 0.481 | Teacher Top 5 Accuracy: 0.875 | Student Top 5 Accuracy: 0.782 | Time: 2.590 | 
Running student landscape probe...
[Train] Epoch: 25 | Teacher lr=0.2246 | Teacher Loss: 2.295 | Teacher Train Acc: 57.896 | Student lr=0.2246 | Student Train Acc: 54.134 | Time: 139.243 |
[Eval] Epoch: 25 | Teacher Test Loss: 1.430 | Teacher Test Acc: 62.200 | Student Test Loss: 1.945 | Student Test Acc: 50.810 | Teacher Test F1: 0.620 | Student Test F1: 0.503 | Teacher Top 5 Accuracy: 0.887 | Student Top 5 Accuracy: 0.800 | Time: 2.634 | 
Running student landscape probe...
[Train] Epoch: 26 | Teacher lr=0.1883 | Teacher Loss: 2.236 | Teacher Train Acc: 59.274 | Student lr=0.1883 | Student Train Acc: 54.858 | Time: 137.296 |
[Eval] Epoch: 26 | Teacher Test Loss: 1.375 | Teacher Test Acc: 64.180 | Student Test Loss: 1.787 | Student Test Acc: 54.220 | Teacher Test F1: 0.637 | Student Test F1: 0.541 | Teacher Top 5 Accuracy: 0.893 | Student Top 5 Accuracy: 0.831 | Time: 2.718 | 
Running student landscape probe...
[Train] Epoch: 27 | Teacher lr=0.1545 | Teacher Loss: 2.164 | Teacher Train Acc: 60.914 | Student lr=0.1545 | Student Train Acc: 56.378 | Time: 139.075 |
[Eval] Epoch: 27 | Teacher Test Loss: 1.391 | Teacher Test Acc: 64.470 | Student Test Loss: 1.766 | Student Test Acc: 54.710 | Teacher Test F1: 0.643 | Student Test F1: 0.545 | Teacher Top 5 Accuracy: 0.894 | Student Top 5 Accuracy: 0.827 | Time: 2.518 | 
Running student landscape probe...
[Train] Epoch: 28 | Teacher lr=0.1235 | Teacher Loss: 2.107 | Teacher Train Acc: 62.350 | Student lr=0.1235 | Student Train Acc: 57.386 | Time: 136.660 |
[Eval] Epoch: 28 | Teacher Test Loss: 1.355 | Teacher Test Acc: 65.950 | Student Test Loss: 1.697 | Student Test Acc: 58.030 | Teacher Test F1: 0.657 | Student Test F1: 0.576 | Teacher Top 5 Accuracy: 0.900 | Student Top 5 Accuracy: 0.844 | Time: 2.469 | 
Running student landscape probe...
[Train] Epoch: 29 | Teacher lr=0.0955 | Teacher Loss: 2.034 | Teacher Train Acc: 63.904 | Student lr=0.0955 | Student Train Acc: 58.864 | Time: 136.322 |
[Eval] Epoch: 29 | Teacher Test Loss: 1.287 | Teacher Test Acc: 66.480 | Student Test Loss: 1.604 | Student Test Acc: 59.130 | Teacher Test F1: 0.664 | Student Test F1: 0.590 | Teacher Top 5 Accuracy: 0.905 | Student Top 5 Accuracy: 0.853 | Time: 2.440 | 
Running student landscape probe...
[Train] Epoch: 30 | Teacher lr=0.0708 | Teacher Loss: 1.961 | Teacher Train Acc: 65.694 | Student lr=0.0708 | Student Train Acc: 59.566 | Time: 137.727 |
[Eval] Epoch: 30 | Teacher Test Loss: 1.279 | Teacher Test Acc: 67.360 | Student Test Loss: 1.636 | Student Test Acc: 58.230 | Teacher Test F1: 0.673 | Student Test F1: 0.580 | Teacher Top 5 Accuracy: 0.904 | Student Top 5 Accuracy: 0.846 | Time: 2.498 | 
Running student landscape probe...
[Train] Epoch: 31 | Teacher lr=0.0495 | Teacher Loss: 1.884 | Teacher Train Acc: 67.310 | Student lr=0.0495 | Student Train Acc: 61.366 | Time: 137.277 |
[Eval] Epoch: 31 | Teacher Test Loss: 1.245 | Teacher Test Acc: 68.050 | Student Test Loss: 1.532 | Student Test Acc: 60.610 | Teacher Test F1: 0.680 | Student Test F1: 0.606 | Teacher Top 5 Accuracy: 0.910 | Student Top 5 Accuracy: 0.860 | Time: 2.499 | 
Running student landscape probe...
[Train] Epoch: 32 | Teacher lr=0.0319 | Teacher Loss: 1.813 | Teacher Train Acc: 68.700 | Student lr=0.0319 | Student Train Acc: 62.442 | Time: 133.944 |
[Eval] Epoch: 32 | Teacher Test Loss: 1.241 | Teacher Test Acc: 68.440 | Student Test Loss: 1.499 | Student Test Acc: 61.580 | Teacher Test F1: 0.683 | Student Test F1: 0.615 | Teacher Top 5 Accuracy: 0.908 | Student Top 5 Accuracy: 0.868 | Time: 2.561 | 
Running student landscape probe...
[Train] Epoch: 33 | Teacher lr=0.0180 | Teacher Loss: 1.751 | Teacher Train Acc: 70.036 | Student lr=0.0180 | Student Train Acc: 64.016 | Time: 135.471 |
[Eval] Epoch: 33 | Teacher Test Loss: 1.221 | Teacher Test Acc: 69.020 | Student Test Loss: 1.488 | Student Test Acc: 62.200 | Teacher Test F1: 0.689 | Student Test F1: 0.622 | Teacher Top 5 Accuracy: 0.909 | Student Top 5 Accuracy: 0.867 | Time: 2.580 | 
Running student landscape probe...
[Train] Epoch: 34 | Teacher lr=0.0080 | Teacher Loss: 1.701 | Teacher Train Acc: 71.142 | Student lr=0.0080 | Student Train Acc: 64.970 | Time: 138.655 |
[Eval] Epoch: 34 | Teacher Test Loss: 1.209 | Teacher Test Acc: 69.090 | Student Test Loss: 1.452 | Student Test Acc: 63.110 | Teacher Test F1: 0.690 | Student Test F1: 0.630 | Teacher Top 5 Accuracy: 0.910 | Student Top 5 Accuracy: 0.872 | Time: 2.482 | 
Running student landscape probe...
[Train] Epoch: 35 | Teacher lr=0.0020 | Teacher Loss: 1.672 | Teacher Train Acc: 71.582 | Student lr=0.0020 | Student Train Acc: 65.430 | Time: 134.565 |
[Eval] Epoch: 35 | Teacher Test Loss: 1.206 | Teacher Test Acc: 69.160 | Student Test Loss: 1.441 | Student Test Acc: 63.430 | Teacher Test F1: 0.690 | Student Test F1: 0.633 | Teacher Top 5 Accuracy: 0.911 | Student Top 5 Accuracy: 0.876 | Time: 2.453 | 
Running student landscape probe...
ckpt location: ckpt/robust12h_industry/cosine_lblnoise020_seed4_35ep.pt
