/home/jovyan/.mlspace/envs/egy_llm/lib/python3.11/site-packages/torchvision/datasets/cifar.py:83: VisibleDeprecationWarning: dtype(): align should be passed as Python or NumPy boolean but got `align=0`. Did you mean to pass a tuple to create a subarray type? (Deprecated NumPy 2.4)
  entry = pickle.load(f, encoding="latin1")
depth_list: [110, 20]
[NoisyClassificationDataset] num_classes=100 label_noise_rate=0.100 input_noise_std=0.0000 flipped=5009/50000
Dataset information: cifar100	 50000 images for training 	 10000 images for testing	
teacher depth: 110
student depth: 20
Total number of teacher parameters: 1,169,972
Total number of student parameters: 278,132
Snapshots will be saved to: snapshots/robust12h_industry/cosine_lblnoise010_seed3_35ep
==== train and evaluate unequal restart ====
[Eval] Epoch: 0 | Teacher Test Loss: 9743.739 | Teacher Test Acc: 1.130 | Student Test Loss: 5.207 | Student Test Acc: 1.000 | Teacher Test F1: 0.001 | Student Test F1: 0.000 | Teacher Top 5 Accuracy: 0.048 | Student Top 5 Accuracy: 0.047 | Time: 2.478 | 
Running student landscape probe...
[Train] Epoch: 1 | Teacher lr=1.0000 | Teacher Loss: 4.217 | Teacher Train Acc: 8.812 | Student lr=1.0000 | Student Train Acc: 19.626 | Time: 135.564 |
[Eval] Epoch: 1 | Teacher Test Loss: 3.527 | Teacher Test Acc: 14.920 | Student Test Loss: 3.071 | Student Test Acc: 23.930 | Teacher Test F1: 0.112 | Student Test F1: 0.217 | Teacher Top 5 Accuracy: 0.415 | Student Top 5 Accuracy: 0.548 | Time: 2.630 | 
Running student landscape probe...
[Train] Epoch: 2 | Teacher lr=0.9980 | Teacher Loss: 3.586 | Teacher Train Acc: 21.668 | Student lr=0.9980 | Student Train Acc: 35.760 | Time: 137.063 |
[Eval] Epoch: 2 | Teacher Test Loss: 3.014 | Teacher Test Acc: 23.370 | Student Test Loss: 2.710 | Student Test Acc: 29.850 | Teacher Test F1: 0.212 | Student Test F1: 0.282 | Teacher Top 5 Accuracy: 0.561 | Student Top 5 Accuracy: 0.641 | Time: 2.600 | 
Running student landscape probe...
[Train] Epoch: 3 | Teacher lr=0.9920 | Teacher Loss: 3.181 | Teacher Train Acc: 30.242 | Student lr=0.9920 | Student Train Acc: 41.274 | Time: 133.482 |
[Eval] Epoch: 3 | Teacher Test Loss: 2.733 | Teacher Test Acc: 30.930 | Student Test Loss: 2.474 | Student Test Acc: 37.110 | Teacher Test F1: 0.291 | Student Test F1: 0.353 | Teacher Top 5 Accuracy: 0.628 | Student Top 5 Accuracy: 0.674 | Time: 2.591 | 
Running student landscape probe...
[Train] Epoch: 4 | Teacher lr=0.9820 | Teacher Loss: 2.941 | Teacher Train Acc: 36.256 | Student lr=0.9820 | Student Train Acc: 43.664 | Time: 137.408 |
[Eval] Epoch: 4 | Teacher Test Loss: 2.442 | Teacher Test Acc: 35.730 | Student Test Loss: 2.918 | Student Test Acc: 27.670 | Teacher Test F1: 0.345 | Student Test F1: 0.263 | Teacher Top 5 Accuracy: 0.685 | Student Top 5 Accuracy: 0.584 | Time: 2.617 | 
Running student landscape probe...
[Train] Epoch: 5 | Teacher lr=0.9681 | Teacher Loss: 2.805 | Teacher Train Acc: 39.952 | Student lr=0.9681 | Student Train Acc: 46.118 | Time: 137.386 |
[Eval] Epoch: 5 | Teacher Test Loss: 2.477 | Teacher Test Acc: 36.510 | Student Test Loss: 2.259 | Student Test Acc: 41.010 | Teacher Test F1: 0.360 | Student Test F1: 0.398 | Teacher Top 5 Accuracy: 0.688 | Student Top 5 Accuracy: 0.733 | Time: 2.672 | 
Running student landscape probe...
[Train] Epoch: 6 | Teacher lr=0.9505 | Teacher Loss: 2.727 | Teacher Train Acc: 42.018 | Student lr=0.9505 | Student Train Acc: 47.608 | Time: 136.522 |
[Eval] Epoch: 6 | Teacher Test Loss: 2.263 | Teacher Test Acc: 40.840 | Student Test Loss: 2.255 | Student Test Acc: 41.010 | Teacher Test F1: 0.400 | Student Test F1: 0.398 | Teacher Top 5 Accuracy: 0.723 | Student Top 5 Accuracy: 0.729 | Time: 2.622 | 
Running student landscape probe...
[Train] Epoch: 7 | Teacher lr=0.9292 | Teacher Loss: 2.631 | Teacher Train Acc: 44.654 | Student lr=0.9292 | Student Train Acc: 49.006 | Time: 135.971 |
[Eval] Epoch: 7 | Teacher Test Loss: 2.264 | Teacher Test Acc: 41.020 | Student Test Loss: 3.027 | Student Test Acc: 27.880 | Teacher Test F1: 0.399 | Student Test F1: 0.268 | Teacher Top 5 Accuracy: 0.729 | Student Top 5 Accuracy: 0.588 | Time: 2.586 | 
Running student landscape probe...
[Train] Epoch: 8 | Teacher lr=0.9045 | Teacher Loss: 2.555 | Teacher Train Acc: 46.742 | Student lr=0.9045 | Student Train Acc: 49.768 | Time: 138.096 |
[Eval] Epoch: 8 | Teacher Test Loss: 2.278 | Teacher Test Acc: 40.630 | Student Test Loss: 2.740 | Student Test Acc: 32.370 | Teacher Test F1: 0.398 | Student Test F1: 0.334 | Teacher Top 5 Accuracy: 0.728 | Student Top 5 Accuracy: 0.648 | Time: 2.554 | 
Running student landscape probe...
[Train] Epoch: 9 | Teacher lr=0.8765 | Teacher Loss: 2.501 | Teacher Train Acc: 47.948 | Student lr=0.8765 | Student Train Acc: 50.502 | Time: 137.768 |
[Eval] Epoch: 9 | Teacher Test Loss: 2.225 | Teacher Test Acc: 41.810 | Student Test Loss: 2.461 | Student Test Acc: 37.220 | Teacher Test F1: 0.409 | Student Test F1: 0.368 | Teacher Top 5 Accuracy: 0.743 | Student Top 5 Accuracy: 0.695 | Time: 2.580 | 
Running student landscape probe...
[Train] Epoch: 10 | Teacher lr=0.8455 | Teacher Loss: 2.449 | Teacher Train Acc: 49.396 | Student lr=0.8455 | Student Train Acc: 51.300 | Time: 136.357 |
[Eval] Epoch: 10 | Teacher Test Loss: 1.923 | Teacher Test Acc: 48.560 | Student Test Loss: 2.306 | Student Test Acc: 39.890 | Teacher Test F1: 0.480 | Student Test F1: 0.397 | Teacher Top 5 Accuracy: 0.793 | Student Top 5 Accuracy: 0.719 | Time: 2.600 | 
Running student landscape probe...
[Train] Epoch: 11 | Teacher lr=0.8117 | Teacher Loss: 2.394 | Teacher Train Acc: 51.004 | Student lr=0.8117 | Student Train Acc: 51.862 | Time: 138.326 |
[Eval] Epoch: 11 | Teacher Test Loss: 1.895 | Teacher Test Acc: 49.570 | Student Test Loss: 2.501 | Student Test Acc: 36.550 | Teacher Test F1: 0.485 | Student Test F1: 0.362 | Teacher Top 5 Accuracy: 0.802 | Student Top 5 Accuracy: 0.685 | Time: 2.601 | 
Running student landscape probe...
[Train] Epoch: 12 | Teacher lr=0.7754 | Teacher Loss: 2.351 | Teacher Train Acc: 52.212 | Student lr=0.7754 | Student Train Acc: 52.740 | Time: 135.429 |
[Eval] Epoch: 12 | Teacher Test Loss: 1.775 | Teacher Test Acc: 51.550 | Student Test Loss: 2.481 | Student Test Acc: 37.890 | Teacher Test F1: 0.507 | Student Test F1: 0.372 | Teacher Top 5 Accuracy: 0.823 | Student Top 5 Accuracy: 0.692 | Time: 2.596 | 
Running student landscape probe...
[Train] Epoch: 13 | Teacher lr=0.7369 | Teacher Loss: 2.306 | Teacher Train Acc: 53.284 | Student lr=0.7369 | Student Train Acc: 53.392 | Time: 135.900 |
[Eval] Epoch: 13 | Teacher Test Loss: 1.914 | Teacher Test Acc: 49.230 | Student Test Loss: 2.198 | Student Test Acc: 42.730 | Teacher Test F1: 0.489 | Student Test F1: 0.429 | Teacher Top 5 Accuracy: 0.796 | Student Top 5 Accuracy: 0.745 | Time: 2.536 | 
Running student landscape probe...
[Train] Epoch: 14 | Teacher lr=0.6965 | Teacher Loss: 2.268 | Teacher Train Acc: 54.444 | Student lr=0.6965 | Student Train Acc: 54.028 | Time: 136.091 |
[Eval] Epoch: 14 | Teacher Test Loss: 1.753 | Teacher Test Acc: 53.260 | Student Test Loss: 2.055 | Student Test Acc: 45.360 | Teacher Test F1: 0.533 | Student Test F1: 0.441 | Teacher Top 5 Accuracy: 0.827 | Student Top 5 Accuracy: 0.768 | Time: 2.505 | 
Running student landscape probe...
[Train] Epoch: 15 | Teacher lr=0.6545 | Teacher Loss: 2.221 | Teacher Train Acc: 55.782 | Student lr=0.6545 | Student Train Acc: 54.598 | Time: 138.418 |
[Eval] Epoch: 15 | Teacher Test Loss: 1.730 | Teacher Test Acc: 53.690 | Student Test Loss: 2.224 | Student Test Acc: 42.380 | Teacher Test F1: 0.532 | Student Test F1: 0.429 | Teacher Top 5 Accuracy: 0.828 | Student Top 5 Accuracy: 0.739 | Time: 2.493 | 
Running student landscape probe...
[Train] Epoch: 16 | Teacher lr=0.6113 | Teacher Loss: 2.183 | Teacher Train Acc: 56.416 | Student lr=0.6113 | Student Train Acc: 55.498 | Time: 136.273 |
[Eval] Epoch: 16 | Teacher Test Loss: 1.613 | Teacher Test Acc: 56.610 | Student Test Loss: 2.842 | Student Test Acc: 32.140 | Teacher Test F1: 0.562 | Student Test F1: 0.307 | Teacher Top 5 Accuracy: 0.855 | Student Top 5 Accuracy: 0.606 | Time: 2.463 | 
Running student landscape probe...
[Train] Epoch: 17 | Teacher lr=0.5671 | Teacher Loss: 2.133 | Teacher Train Acc: 58.148 | Student lr=0.5671 | Student Train Acc: 56.536 | Time: 137.712 |
[Eval] Epoch: 17 | Teacher Test Loss: 1.660 | Teacher Test Acc: 55.650 | Student Test Loss: 2.173 | Student Test Acc: 43.000 | Teacher Test F1: 0.558 | Student Test F1: 0.421 | Teacher Top 5 Accuracy: 0.843 | Student Top 5 Accuracy: 0.753 | Time: 2.231 | 
Running student landscape probe...
[Train] Epoch: 18 | Teacher lr=0.5224 | Teacher Loss: 2.098 | Teacher Train Acc: 58.698 | Student lr=0.5224 | Student Train Acc: 56.842 | Time: 138.364 |
[Eval] Epoch: 18 | Teacher Test Loss: 1.585 | Teacher Test Acc: 57.160 | Student Test Loss: 2.092 | Student Test Acc: 45.020 | Teacher Test F1: 0.570 | Student Test F1: 0.449 | Teacher Top 5 Accuracy: 0.850 | Student Top 5 Accuracy: 0.763 | Time: 2.242 | 
Running student landscape probe...
[Train] Epoch: 19 | Teacher lr=0.4776 | Teacher Loss: 2.046 | Teacher Train Acc: 60.292 | Student lr=0.4776 | Student Train Acc: 57.654 | Time: 136.541 |
[Eval] Epoch: 19 | Teacher Test Loss: 1.500 | Teacher Test Acc: 59.470 | Student Test Loss: 2.041 | Student Test Acc: 46.900 | Teacher Test F1: 0.589 | Student Test F1: 0.460 | Teacher Top 5 Accuracy: 0.865 | Student Top 5 Accuracy: 0.771 | Time: 2.471 | 
Running student landscape probe...
[Train] Epoch: 20 | Teacher lr=0.4329 | Teacher Loss: 2.002 | Teacher Train Acc: 61.298 | Student lr=0.4329 | Student Train Acc: 58.444 | Time: 137.979 |
[Eval] Epoch: 20 | Teacher Test Loss: 1.465 | Teacher Test Acc: 60.480 | Student Test Loss: 2.017 | Student Test Acc: 48.090 | Teacher Test F1: 0.608 | Student Test F1: 0.474 | Teacher Top 5 Accuracy: 0.873 | Student Top 5 Accuracy: 0.774 | Time: 2.539 | 
Running student landscape probe...
[Train] Epoch: 21 | Teacher lr=0.3887 | Teacher Loss: 1.955 | Teacher Train Acc: 62.692 | Student lr=0.3887 | Student Train Acc: 59.520 | Time: 137.128 |
[Eval] Epoch: 21 | Teacher Test Loss: 1.416 | Teacher Test Acc: 60.960 | Student Test Loss: 2.371 | Student Test Acc: 40.380 | Teacher Test F1: 0.608 | Student Test F1: 0.400 | Teacher Top 5 Accuracy: 0.882 | Student Top 5 Accuracy: 0.703 | Time: 2.441 | 
Running student landscape probe...
[Train] Epoch: 22 | Teacher lr=0.3455 | Teacher Loss: 1.910 | Teacher Train Acc: 63.832 | Student lr=0.3455 | Student Train Acc: 60.488 | Time: 137.519 |
[Eval] Epoch: 22 | Teacher Test Loss: 1.346 | Teacher Test Acc: 63.580 | Student Test Loss: 1.689 | Student Test Acc: 55.230 | Teacher Test F1: 0.634 | Student Test F1: 0.545 | Teacher Top 5 Accuracy: 0.883 | Student Top 5 Accuracy: 0.835 | Time: 2.570 | 
Running student landscape probe...
[Train] Epoch: 23 | Teacher lr=0.3035 | Teacher Loss: 1.856 | Teacher Train Acc: 65.064 | Student lr=0.3035 | Student Train Acc: 61.336 | Time: 137.393 |
[Eval] Epoch: 23 | Teacher Test Loss: 1.297 | Teacher Test Acc: 65.450 | Student Test Loss: 1.692 | Student Test Acc: 55.150 | Teacher Test F1: 0.653 | Student Test F1: 0.546 | Teacher Top 5 Accuracy: 0.900 | Student Top 5 Accuracy: 0.837 | Time: 2.587 | 
Running student landscape probe...
[Train] Epoch: 24 | Teacher lr=0.2631 | Teacher Loss: 1.797 | Teacher Train Acc: 66.676 | Student lr=0.2631 | Student Train Acc: 62.342 | Time: 135.280 |
[Eval] Epoch: 24 | Teacher Test Loss: 1.287 | Teacher Test Acc: 64.880 | Student Test Loss: 1.624 | Student Test Acc: 57.000 | Teacher Test F1: 0.647 | Student Test F1: 0.566 | Teacher Top 5 Accuracy: 0.897 | Student Top 5 Accuracy: 0.841 | Time: 2.455 | 
Running student landscape probe...
[Train] Epoch: 25 | Teacher lr=0.2246 | Teacher Loss: 1.738 | Teacher Train Acc: 68.304 | Student lr=0.2246 | Student Train Acc: 63.622 | Time: 136.458 |
[Eval] Epoch: 25 | Teacher Test Loss: 1.238 | Teacher Test Acc: 66.830 | Student Test Loss: 1.642 | Student Test Acc: 57.060 | Teacher Test F1: 0.669 | Student Test F1: 0.569 | Teacher Top 5 Accuracy: 0.902 | Student Top 5 Accuracy: 0.840 | Time: 2.461 | 
Running student landscape probe...
[Train] Epoch: 26 | Teacher lr=0.1883 | Teacher Loss: 1.680 | Teacher Train Acc: 69.682 | Student lr=0.1883 | Student Train Acc: 64.512 | Time: 136.828 |
[Eval] Epoch: 26 | Teacher Test Loss: 1.212 | Teacher Test Acc: 67.240 | Student Test Loss: 1.573 | Student Test Acc: 58.140 | Teacher Test F1: 0.670 | Student Test F1: 0.573 | Teacher Top 5 Accuracy: 0.905 | Student Top 5 Accuracy: 0.846 | Time: 2.350 | 
Running student landscape probe...
[Train] Epoch: 27 | Teacher lr=0.1545 | Teacher Loss: 1.614 | Teacher Train Acc: 71.204 | Student lr=0.1545 | Student Train Acc: 65.864 | Time: 137.475 |
[Eval] Epoch: 27 | Teacher Test Loss: 1.174 | Teacher Test Acc: 67.890 | Student Test Loss: 1.787 | Student Test Acc: 53.050 | Teacher Test F1: 0.679 | Student Test F1: 0.531 | Teacher Top 5 Accuracy: 0.912 | Student Top 5 Accuracy: 0.815 | Time: 2.380 | 
Running student landscape probe...
[Train] Epoch: 28 | Teacher lr=0.1235 | Teacher Loss: 1.544 | Teacher Train Acc: 73.138 | Student lr=0.1235 | Student Train Acc: 67.008 | Time: 138.259 |
[Eval] Epoch: 28 | Teacher Test Loss: 1.175 | Teacher Test Acc: 68.430 | Student Test Loss: 1.456 | Student Test Acc: 61.710 | Teacher Test F1: 0.685 | Student Test F1: 0.614 | Teacher Top 5 Accuracy: 0.913 | Student Top 5 Accuracy: 0.867 | Time: 2.387 | 
Running student landscape probe...
[Train] Epoch: 29 | Teacher lr=0.0955 | Teacher Loss: 1.476 | Teacher Train Acc: 74.762 | Student lr=0.0955 | Student Train Acc: 68.586 | Time: 134.084 |
[Eval] Epoch: 29 | Teacher Test Loss: 1.114 | Teacher Test Acc: 70.180 | Student Test Loss: 1.436 | Student Test Acc: 61.680 | Teacher Test F1: 0.701 | Student Test F1: 0.615 | Teacher Top 5 Accuracy: 0.918 | Student Top 5 Accuracy: 0.870 | Time: 2.328 | 
Running student landscape probe...
[Train] Epoch: 30 | Teacher lr=0.0708 | Teacher Loss: 1.400 | Teacher Train Acc: 76.524 | Student lr=0.0708 | Student Train Acc: 69.844 | Time: 138.593 |
[Eval] Epoch: 30 | Teacher Test Loss: 1.060 | Teacher Test Acc: 71.380 | Student Test Loss: 1.402 | Student Test Acc: 62.430 | Teacher Test F1: 0.714 | Student Test F1: 0.622 | Teacher Top 5 Accuracy: 0.920 | Student Top 5 Accuracy: 0.875 | Time: 2.412 | 
Running student landscape probe...
[Train] Epoch: 31 | Teacher lr=0.0495 | Teacher Loss: 1.331 | Teacher Train Acc: 78.138 | Student lr=0.0495 | Student Train Acc: 71.572 | Time: 138.956 |
[Eval] Epoch: 31 | Teacher Test Loss: 1.054 | Teacher Test Acc: 71.740 | Student Test Loss: 1.343 | Student Test Acc: 64.270 | Teacher Test F1: 0.717 | Student Test F1: 0.642 | Teacher Top 5 Accuracy: 0.924 | Student Top 5 Accuracy: 0.883 | Time: 2.380 | 
Running student landscape probe...
[Train] Epoch: 32 | Teacher lr=0.0319 | Teacher Loss: 1.263 | Teacher Train Acc: 79.642 | Student lr=0.0319 | Student Train Acc: 72.990 | Time: 134.282 |
[Eval] Epoch: 32 | Teacher Test Loss: 1.039 | Teacher Test Acc: 72.110 | Student Test Loss: 1.325 | Student Test Acc: 64.980 | Teacher Test F1: 0.720 | Student Test F1: 0.648 | Teacher Top 5 Accuracy: 0.923 | Student Top 5 Accuracy: 0.885 | Time: 2.349 | 
Running student landscape probe...
[Train] Epoch: 33 | Teacher lr=0.0180 | Teacher Loss: 1.205 | Teacher Train Acc: 80.890 | Student lr=0.0180 | Student Train Acc: 74.314 | Time: 137.941 |
[Eval] Epoch: 33 | Teacher Test Loss: 1.026 | Teacher Test Acc: 72.200 | Student Test Loss: 1.284 | Student Test Acc: 65.550 | Teacher Test F1: 0.721 | Student Test F1: 0.655 | Teacher Top 5 Accuracy: 0.925 | Student Top 5 Accuracy: 0.890 | Time: 2.430 | 
Running student landscape probe...
[Train] Epoch: 34 | Teacher lr=0.0080 | Teacher Loss: 1.164 | Teacher Train Acc: 81.918 | Student lr=0.0080 | Student Train Acc: 75.476 | Time: 137.839 |
[Eval] Epoch: 34 | Teacher Test Loss: 1.016 | Teacher Test Acc: 72.700 | Student Test Loss: 1.263 | Student Test Acc: 66.190 | Teacher Test F1: 0.726 | Student Test F1: 0.662 | Teacher Top 5 Accuracy: 0.925 | Student Top 5 Accuracy: 0.893 | Time: 2.390 | 
Running student landscape probe...
[Train] Epoch: 35 | Teacher lr=0.0020 | Teacher Loss: 1.138 | Teacher Train Acc: 82.320 | Student lr=0.0020 | Student Train Acc: 76.208 | Time: 138.422 |
[Eval] Epoch: 35 | Teacher Test Loss: 1.012 | Teacher Test Acc: 72.710 | Student Test Loss: 1.242 | Student Test Acc: 66.960 | Teacher Test F1: 0.726 | Student Test F1: 0.669 | Teacher Top 5 Accuracy: 0.925 | Student Top 5 Accuracy: 0.894 | Time: 2.394 | 
Running student landscape probe...
ckpt location: ckpt/robust12h_industry/cosine_lblnoise010_seed3_35ep.pt
