/home/jovyan/.mlspace/envs/egy_llm/lib/python3.11/site-packages/torchvision/datasets/cifar.py:83: VisibleDeprecationWarning: dtype(): align should be passed as Python or NumPy boolean but got `align=0`. Did you mean to pass a tuple to create a subarray type? (Deprecated NumPy 2.4)
  entry = pickle.load(f, encoding="latin1")
depth_list: [110, 20]
[NoisyClassificationDataset] num_classes=100 label_noise_rate=0.200 input_noise_std=0.0000 flipped=9890/50000
Dataset information: cifar100	 50000 images for training 	 10000 images for testing	
teacher depth: 110
student depth: 20
Total number of teacher parameters: 1,169,972
Total number of student parameters: 278,132
Snapshots will be saved to: snapshots/robust12h_industry/cosine_compound_seed4_35ep
==== train and evaluate unequal restart ====
[Eval] Epoch: 0 | Teacher Test Loss: 8723.027 | Teacher Test Acc: 1.000 | Student Test Loss: 5.114 | Student Test Acc: 0.930 | Teacher Test F1: 0.000 | Student Test F1: 0.001 | Teacher Top 5 Accuracy: 0.050 | Student Top 5 Accuracy: 0.051 | Time: 2.948 | 
Running student landscape probe...
[Train] Epoch: 1 | Teacher lr=1.0000 | Teacher Loss: 4.357 | Teacher Train Acc: 6.924 | Student lr=1.0000 | Student Train Acc: 14.858 | Time: 137.957 |
[Eval] Epoch: 1 | Teacher Test Loss: 3.803 | Teacher Test Acc: 10.840 | Student Test Loss: 3.144 | Student Test Acc: 22.060 | Teacher Test F1: 0.075 | Student Test F1: 0.188 | Teacher Top 5 Accuracy: 0.344 | Student Top 5 Accuracy: 0.524 | Time: 2.417 | 
Running student landscape probe...
[Train] Epoch: 2 | Teacher lr=0.9980 | Teacher Loss: 4.047 | Teacher Train Acc: 14.564 | Student lr=0.9980 | Student Train Acc: 29.702 | Time: 138.201 |
[Eval] Epoch: 2 | Teacher Test Loss: 3.423 | Teacher Test Acc: 16.700 | Student Test Loss: 3.010 | Student Test Acc: 25.310 | Teacher Test F1: 0.143 | Student Test F1: 0.244 | Teacher Top 5 Accuracy: 0.443 | Student Top 5 Accuracy: 0.562 | Time: 2.464 | 
Running student landscape probe...
[Train] Epoch: 3 | Teacher lr=0.9920 | Teacher Loss: 3.665 | Teacher Train Acc: 22.912 | Student lr=0.9920 | Student Train Acc: 34.192 | Time: 137.476 |
[Eval] Epoch: 3 | Teacher Test Loss: 3.014 | Teacher Test Acc: 25.210 | Student Test Loss: 3.699 | Student Test Acc: 15.700 | Teacher Test F1: 0.229 | Student Test F1: 0.150 | Teacher Top 5 Accuracy: 0.568 | Student Top 5 Accuracy: 0.409 | Time: 2.471 | 
Running student landscape probe...
[Train] Epoch: 4 | Teacher lr=0.9820 | Teacher Loss: 3.436 | Teacher Train Acc: 28.200 | Student lr=0.9820 | Student Train Acc: 36.920 | Time: 138.472 |
[Eval] Epoch: 4 | Teacher Test Loss: 2.573 | Teacher Test Acc: 34.410 | Student Test Loss: 2.841 | Student Test Acc: 30.890 | Teacher Test F1: 0.326 | Student Test F1: 0.300 | Teacher Top 5 Accuracy: 0.683 | Student Top 5 Accuracy: 0.612 | Time: 2.484 | 
Running student landscape probe...
[Train] Epoch: 5 | Teacher lr=0.9681 | Teacher Loss: 3.281 | Teacher Train Acc: 32.052 | Student lr=0.9681 | Student Train Acc: 38.612 | Time: 139.597 |
[Eval] Epoch: 5 | Teacher Test Loss: 2.600 | Teacher Test Acc: 33.280 | Student Test Loss: 2.355 | Student Test Acc: 39.840 | Teacher Test F1: 0.319 | Student Test F1: 0.385 | Teacher Top 5 Accuracy: 0.659 | Student Top 5 Accuracy: 0.722 | Time: 2.460 | 
Running student landscape probe...
[Train] Epoch: 6 | Teacher lr=0.9505 | Teacher Loss: 3.191 | Teacher Train Acc: 34.460 | Student lr=0.9505 | Student Train Acc: 39.918 | Time: 139.463 |
[Eval] Epoch: 6 | Teacher Test Loss: 2.470 | Teacher Test Acc: 36.320 | Student Test Loss: 2.792 | Student Test Acc: 32.080 | Teacher Test F1: 0.346 | Student Test F1: 0.325 | Teacher Top 5 Accuracy: 0.695 | Student Top 5 Accuracy: 0.609 | Time: 2.473 | 
Running student landscape probe...
[Train] Epoch: 7 | Teacher lr=0.9292 | Teacher Loss: 3.124 | Teacher Train Acc: 36.294 | Student lr=0.9292 | Student Train Acc: 40.902 | Time: 137.864 |
[Eval] Epoch: 7 | Teacher Test Loss: 2.588 | Teacher Test Acc: 35.570 | Student Test Loss: 3.568 | Student Test Acc: 18.070 | Teacher Test F1: 0.339 | Student Test F1: 0.177 | Teacher Top 5 Accuracy: 0.674 | Student Top 5 Accuracy: 0.429 | Time: 2.527 | 
Running student landscape probe...
[Train] Epoch: 8 | Teacher lr=0.9045 | Teacher Loss: 3.060 | Teacher Train Acc: 37.984 | Student lr=0.9045 | Student Train Acc: 41.970 | Time: 138.594 |
[Eval] Epoch: 8 | Teacher Test Loss: 2.281 | Teacher Test Acc: 41.340 | Student Test Loss: 2.701 | Student Test Acc: 32.180 | Teacher Test F1: 0.403 | Student Test F1: 0.320 | Teacher Top 5 Accuracy: 0.739 | Student Top 5 Accuracy: 0.663 | Time: 2.603 | 
Running student landscape probe...
[Train] Epoch: 9 | Teacher lr=0.8765 | Teacher Loss: 3.003 | Teacher Train Acc: 39.444 | Student lr=0.8765 | Student Train Acc: 42.512 | Time: 137.577 |
[Eval] Epoch: 9 | Teacher Test Loss: 2.260 | Teacher Test Acc: 42.650 | Student Test Loss: 2.856 | Student Test Acc: 31.100 | Teacher Test F1: 0.410 | Student Test F1: 0.293 | Teacher Top 5 Accuracy: 0.737 | Student Top 5 Accuracy: 0.601 | Time: 2.537 | 
Running student landscape probe...
[Train] Epoch: 10 | Teacher lr=0.8455 | Teacher Loss: 2.958 | Teacher Train Acc: 40.562 | Student lr=0.8455 | Student Train Acc: 42.946 | Time: 137.270 |
[Eval] Epoch: 10 | Teacher Test Loss: 2.268 | Teacher Test Acc: 41.380 | Student Test Loss: 3.378 | Student Test Acc: 23.080 | Teacher Test F1: 0.411 | Student Test F1: 0.224 | Teacher Top 5 Accuracy: 0.743 | Student Top 5 Accuracy: 0.493 | Time: 2.534 | 
Running student landscape probe...
[Train] Epoch: 11 | Teacher lr=0.8117 | Teacher Loss: 2.900 | Teacher Train Acc: 42.230 | Student lr=0.8117 | Student Train Acc: 43.968 | Time: 138.788 |
[Eval] Epoch: 11 | Teacher Test Loss: 2.106 | Teacher Test Acc: 46.530 | Student Test Loss: 3.065 | Student Test Acc: 28.860 | Teacher Test F1: 0.454 | Student Test F1: 0.288 | Teacher Top 5 Accuracy: 0.770 | Student Top 5 Accuracy: 0.574 | Time: 2.586 | 
Running student landscape probe...
[Train] Epoch: 12 | Teacher lr=0.7754 | Teacher Loss: 2.863 | Teacher Train Acc: 43.566 | Student lr=0.7754 | Student Train Acc: 44.780 | Time: 136.506 |
[Eval] Epoch: 12 | Teacher Test Loss: 2.007 | Teacher Test Acc: 48.510 | Student Test Loss: 2.376 | Student Test Acc: 41.190 | Teacher Test F1: 0.473 | Student Test F1: 0.396 | Teacher Top 5 Accuracy: 0.792 | Student Top 5 Accuracy: 0.710 | Time: 2.568 | 
Running student landscape probe...
[Train] Epoch: 13 | Teacher lr=0.7369 | Teacher Loss: 2.818 | Teacher Train Acc: 44.624 | Student lr=0.7369 | Student Train Acc: 45.200 | Time: 138.459 |
[Eval] Epoch: 13 | Teacher Test Loss: 2.055 | Teacher Test Acc: 47.060 | Student Test Loss: 2.275 | Student Test Acc: 43.680 | Teacher Test F1: 0.468 | Student Test F1: 0.430 | Teacher Top 5 Accuracy: 0.786 | Student Top 5 Accuracy: 0.739 | Time: 2.721 | 
Running student landscape probe...
[Train] Epoch: 14 | Teacher lr=0.6965 | Teacher Loss: 2.775 | Teacher Train Acc: 45.508 | Student lr=0.6965 | Student Train Acc: 45.972 | Time: 138.406 |
[Eval] Epoch: 14 | Teacher Test Loss: 1.889 | Teacher Test Acc: 52.610 | Student Test Loss: 2.336 | Student Test Acc: 42.180 | Teacher Test F1: 0.521 | Student Test F1: 0.417 | Teacher Top 5 Accuracy: 0.815 | Student Top 5 Accuracy: 0.737 | Time: 2.564 | 
Running student landscape probe...
[shock] epoch=15 forcing student_lr=1.000000 (window=15..16)
[Train] Epoch: 15 | Teacher lr=0.6545 | Teacher Loss: 2.753 | Teacher Train Acc: 46.688 | Student lr=1.0000 | Student Train Acc: 43.756 | Time: 135.805 |
[Eval] Epoch: 15 | Teacher Test Loss: 1.803 | Teacher Test Acc: 53.330 | Student Test Loss: 2.379 | Student Test Acc: 40.230 | Teacher Test F1: 0.533 | Student Test F1: 0.386 | Teacher Top 5 Accuracy: 0.838 | Student Top 5 Accuracy: 0.720 | Time: 2.551 | 
Running student landscape probe...
[shock] epoch=16 forcing student_lr=1.000000 (window=15..16)
[Train] Epoch: 16 | Teacher lr=0.6113 | Teacher Loss: 2.711 | Teacher Train Acc: 47.802 | Student lr=1.0000 | Student Train Acc: 43.946 | Time: 137.430 |
[Eval] Epoch: 16 | Teacher Test Loss: 1.944 | Teacher Test Acc: 50.370 | Student Test Loss: 3.087 | Student Test Acc: 26.460 | Teacher Test F1: 0.505 | Student Test F1: 0.260 | Teacher Top 5 Accuracy: 0.809 | Student Top 5 Accuracy: 0.558 | Time: 2.637 | 
Running student landscape probe...
[Train] Epoch: 17 | Teacher lr=0.5671 | Teacher Loss: 2.675 | Teacher Train Acc: 48.852 | Student lr=0.9278 | Student Train Acc: 44.602 | Time: 138.075 |
[Eval] Epoch: 17 | Teacher Test Loss: 1.821 | Teacher Test Acc: 53.960 | Student Test Loss: 2.428 | Student Test Acc: 39.550 | Teacher Test F1: 0.536 | Student Test F1: 0.381 | Teacher Top 5 Accuracy: 0.830 | Student Top 5 Accuracy: 0.703 | Time: 2.589 | 
Running student landscape probe...
[Train] Epoch: 18 | Teacher lr=0.5224 | Teacher Loss: 2.632 | Teacher Train Acc: 49.760 | Student lr=0.8547 | Student Train Acc: 45.618 | Time: 137.949 |
[Eval] Epoch: 18 | Teacher Test Loss: 1.735 | Teacher Test Acc: 55.370 | Student Test Loss: 2.972 | Student Test Acc: 28.530 | Teacher Test F1: 0.550 | Student Test F1: 0.282 | Teacher Top 5 Accuracy: 0.847 | Student Top 5 Accuracy: 0.578 | Time: 2.716 | 
Running student landscape probe...
[Train] Epoch: 19 | Teacher lr=0.4776 | Teacher Loss: 2.598 | Teacher Train Acc: 50.666 | Student lr=0.7813 | Student Train Acc: 46.320 | Time: 138.402 |
[Eval] Epoch: 19 | Teacher Test Loss: 1.676 | Teacher Test Acc: 57.020 | Student Test Loss: 2.247 | Student Test Acc: 43.320 | Teacher Test F1: 0.571 | Student Test F1: 0.426 | Teacher Top 5 Accuracy: 0.849 | Student Top 5 Accuracy: 0.745 | Time: 2.713 | 
Running student landscape probe...
[Train] Epoch: 20 | Teacher lr=0.4329 | Teacher Loss: 2.551 | Teacher Train Acc: 51.650 | Student lr=0.7082 | Student Train Acc: 47.108 | Time: 137.121 |
[Eval] Epoch: 20 | Teacher Test Loss: 1.758 | Teacher Test Acc: 55.430 | Student Test Loss: 2.232 | Student Test Acc: 43.830 | Teacher Test F1: 0.550 | Student Test F1: 0.430 | Teacher Top 5 Accuracy: 0.843 | Student Top 5 Accuracy: 0.743 | Time: 2.424 | 
Running student landscape probe...
[Train] Epoch: 21 | Teacher lr=0.3887 | Teacher Loss: 2.509 | Teacher Train Acc: 52.686 | Student lr=0.6360 | Student Train Acc: 47.848 | Time: 138.342 |
[Eval] Epoch: 21 | Teacher Test Loss: 1.684 | Teacher Test Acc: 56.940 | Student Test Loss: 2.439 | Student Test Acc: 39.060 | Teacher Test F1: 0.565 | Student Test F1: 0.396 | Teacher Top 5 Accuracy: 0.851 | Student Top 5 Accuracy: 0.706 | Time: 2.690 | 
Running student landscape probe...
[Train] Epoch: 22 | Teacher lr=0.3455 | Teacher Loss: 2.459 | Teacher Train Acc: 53.830 | Student lr=0.5652 | Student Train Acc: 48.962 | Time: 136.770 |
[Eval] Epoch: 22 | Teacher Test Loss: 1.636 | Teacher Test Acc: 58.710 | Student Test Loss: 2.179 | Student Test Acc: 46.080 | Teacher Test F1: 0.582 | Student Test F1: 0.455 | Teacher Top 5 Accuracy: 0.862 | Student Top 5 Accuracy: 0.761 | Time: 2.583 | 
Running student landscape probe...
[Train] Epoch: 23 | Teacher lr=0.3035 | Teacher Loss: 2.405 | Teacher Train Acc: 55.134 | Student lr=0.4965 | Student Train Acc: 49.858 | Time: 138.578 |
[Eval] Epoch: 23 | Teacher Test Loss: 1.568 | Teacher Test Acc: 59.660 | Student Test Loss: 2.590 | Student Test Acc: 37.770 | Teacher Test F1: 0.593 | Student Test F1: 0.373 | Teacher Top 5 Accuracy: 0.867 | Student Top 5 Accuracy: 0.665 | Time: 2.705 | 
Running student landscape probe...
[Train] Epoch: 24 | Teacher lr=0.2631 | Teacher Loss: 2.355 | Teacher Train Acc: 56.442 | Student lr=0.4304 | Student Train Acc: 50.646 | Time: 138.306 |
[Eval] Epoch: 24 | Teacher Test Loss: 1.568 | Teacher Test Acc: 59.940 | Student Test Loss: 2.049 | Student Test Acc: 48.330 | Teacher Test F1: 0.595 | Student Test F1: 0.475 | Teacher Top 5 Accuracy: 0.866 | Student Top 5 Accuracy: 0.773 | Time: 2.705 | 
Running student landscape probe...
[Train] Epoch: 25 | Teacher lr=0.2246 | Teacher Loss: 2.306 | Teacher Train Acc: 57.686 | Student lr=0.3674 | Student Train Acc: 51.812 | Time: 138.995 |
[Eval] Epoch: 25 | Teacher Test Loss: 1.446 | Teacher Test Acc: 62.570 | Student Test Loss: 2.073 | Student Test Acc: 46.730 | Teacher Test F1: 0.626 | Student Test F1: 0.468 | Teacher Top 5 Accuracy: 0.883 | Student Top 5 Accuracy: 0.770 | Time: 2.745 | 
Running student landscape probe...
[Train] Epoch: 26 | Teacher lr=0.1883 | Teacher Loss: 2.240 | Teacher Train Acc: 59.258 | Student lr=0.3080 | Student Train Acc: 52.772 | Time: 137.196 |
[Eval] Epoch: 26 | Teacher Test Loss: 1.410 | Teacher Test Acc: 64.370 | Student Test Loss: 1.816 | Student Test Acc: 54.050 | Teacher Test F1: 0.640 | Student Test F1: 0.538 | Teacher Top 5 Accuracy: 0.889 | Student Top 5 Accuracy: 0.827 | Time: 2.692 | 
Running student landscape probe...
[Train] Epoch: 27 | Teacher lr=0.1545 | Teacher Loss: 2.177 | Teacher Train Acc: 60.738 | Student lr=0.2527 | Student Train Acc: 54.224 | Time: 138.101 |
[Eval] Epoch: 27 | Teacher Test Loss: 1.376 | Teacher Test Acc: 65.320 | Student Test Loss: 1.916 | Student Test Acc: 50.930 | Teacher Test F1: 0.651 | Student Test F1: 0.505 | Teacher Top 5 Accuracy: 0.898 | Student Top 5 Accuracy: 0.797 | Time: 2.706 | 
Running student landscape probe...
[Train] Epoch: 28 | Teacher lr=0.1235 | Teacher Loss: 2.111 | Teacher Train Acc: 62.078 | Student lr=0.2020 | Student Train Acc: 55.548 | Time: 137.775 |
[Eval] Epoch: 28 | Teacher Test Loss: 1.346 | Teacher Test Acc: 66.260 | Student Test Loss: 1.853 | Student Test Acc: 51.920 | Teacher Test F1: 0.659 | Student Test F1: 0.516 | Teacher Top 5 Accuracy: 0.898 | Student Top 5 Accuracy: 0.815 | Time: 2.556 | 
Running student landscape probe...
[Train] Epoch: 29 | Teacher lr=0.0955 | Teacher Loss: 2.040 | Teacher Train Acc: 63.840 | Student lr=0.1562 | Student Train Acc: 56.784 | Time: 138.267 |
[Eval] Epoch: 29 | Teacher Test Loss: 1.276 | Teacher Test Acc: 67.270 | Student Test Loss: 1.714 | Student Test Acc: 56.330 | Teacher Test F1: 0.672 | Student Test F1: 0.564 | Teacher Top 5 Accuracy: 0.906 | Student Top 5 Accuracy: 0.837 | Time: 2.720 | 
Running student landscape probe...
[Train] Epoch: 30 | Teacher lr=0.0708 | Teacher Loss: 1.966 | Teacher Train Acc: 65.546 | Student lr=0.1158 | Student Train Acc: 58.184 | Time: 136.961 |
[Eval] Epoch: 30 | Teacher Test Loss: 1.266 | Teacher Test Acc: 67.290 | Student Test Loss: 1.695 | Student Test Acc: 56.840 | Teacher Test F1: 0.672 | Student Test F1: 0.568 | Teacher Top 5 Accuracy: 0.904 | Student Top 5 Accuracy: 0.843 | Time: 2.727 | 
Running student landscape probe...
[Train] Epoch: 31 | Teacher lr=0.0495 | Teacher Loss: 1.890 | Teacher Train Acc: 67.124 | Student lr=0.0810 | Student Train Acc: 59.884 | Time: 136.299 |
[Eval] Epoch: 31 | Teacher Test Loss: 1.231 | Teacher Test Acc: 68.950 | Student Test Loss: 1.513 | Student Test Acc: 60.880 | Teacher Test F1: 0.690 | Student Test F1: 0.609 | Teacher Top 5 Accuracy: 0.909 | Student Top 5 Accuracy: 0.863 | Time: 2.702 | 
Running student landscape probe...
[Train] Epoch: 32 | Teacher lr=0.0319 | Teacher Loss: 1.815 | Teacher Train Acc: 68.782 | Student lr=0.0522 | Student Train Acc: 61.126 | Time: 137.032 |
[Eval] Epoch: 32 | Teacher Test Loss: 1.244 | Teacher Test Acc: 68.420 | Student Test Loss: 1.492 | Student Test Acc: 61.630 | Teacher Test F1: 0.684 | Student Test F1: 0.613 | Teacher Top 5 Accuracy: 0.906 | Student Top 5 Accuracy: 0.866 | Time: 2.709 | 
Running student landscape probe...
[Train] Epoch: 33 | Teacher lr=0.0180 | Teacher Loss: 1.747 | Teacher Train Acc: 70.168 | Student lr=0.0295 | Student Train Acc: 63.064 | Time: 136.365 |
[Eval] Epoch: 33 | Teacher Test Loss: 1.229 | Teacher Test Acc: 69.260 | Student Test Loss: 1.472 | Student Test Acc: 62.950 | Teacher Test F1: 0.691 | Student Test F1: 0.627 | Teacher Top 5 Accuracy: 0.907 | Student Top 5 Accuracy: 0.872 | Time: 2.712 | 
Running student landscape probe...
[Train] Epoch: 34 | Teacher lr=0.0080 | Teacher Loss: 1.694 | Teacher Train Acc: 71.270 | Student lr=0.0131 | Student Train Acc: 64.526 | Time: 137.281 |
[Eval] Epoch: 34 | Teacher Test Loss: 1.214 | Teacher Test Acc: 69.280 | Student Test Loss: 1.418 | Student Test Acc: 63.750 | Teacher Test F1: 0.692 | Student Test F1: 0.637 | Teacher Top 5 Accuracy: 0.909 | Student Top 5 Accuracy: 0.881 | Time: 2.724 | 
Running student landscape probe...
[Train] Epoch: 35 | Teacher lr=0.0020 | Teacher Loss: 1.663 | Teacher Train Acc: 71.750 | Student lr=0.0033 | Student Train Acc: 65.422 | Time: 138.509 |
[Eval] Epoch: 35 | Teacher Test Loss: 1.214 | Teacher Test Acc: 69.320 | Student Test Loss: 1.401 | Student Test Acc: 63.890 | Teacher Test F1: 0.692 | Student Test F1: 0.637 | Teacher Top 5 Accuracy: 0.910 | Student Top 5 Accuracy: 0.884 | Time: 2.482 | 
Running student landscape probe...
ckpt location: ckpt/robust12h_industry/cosine_compound_seed4_35ep.pt
