/home/jovyan/.mlspace/envs/egy_llm/lib/python3.11/site-packages/torchvision/datasets/cifar.py:83: VisibleDeprecationWarning: dtype(): align should be passed as Python or NumPy boolean but got `align=0`. Did you mean to pass a tuple to create a subarray type? (Deprecated NumPy 2.4)
  entry = pickle.load(f, encoding="latin1")
depth_list: [110, 20]
[NoisyClassificationDataset] num_classes=100 label_noise_rate=0.000 input_noise_std=0.0500 flipped=0/50000
Dataset information: cifar100	 50000 images for training 	 10000 images for testing	
teacher depth: 110
student depth: 20
Total number of teacher parameters: 1,169,972
Total number of student parameters: 278,132
Snapshots will be saved to: snapshots/robust12h_industry/cosine_innoise005_seed3_35ep
==== train and evaluate unequal restart ====
[Eval] Epoch: 0 | Teacher Test Loss: 9743.739 | Teacher Test Acc: 1.130 | Student Test Loss: 5.207 | Student Test Acc: 1.000 | Teacher Test F1: 0.001 | Student Test F1: 0.000 | Teacher Top 5 Accuracy: 0.048 | Student Top 5 Accuracy: 0.047 | Time: 3.205 | 
Running student landscape probe...
[Train] Epoch: 1 | Teacher lr=1.0000 | Teacher Loss: 4.196 | Teacher Train Acc: 8.998 | Student lr=1.0000 | Student Train Acc: 23.266 | Time: 142.846 |
[Eval] Epoch: 1 | Teacher Test Loss: 3.674 | Teacher Test Acc: 14.100 | Student Test Loss: 2.889 | Student Test Acc: 26.920 | Teacher Test F1: 0.109 | Student Test F1: 0.247 | Teacher Top 5 Accuracy: 0.387 | Student Top 5 Accuracy: 0.596 | Time: 2.440 | 
Running student landscape probe...
[Train] Epoch: 2 | Teacher lr=0.9980 | Teacher Loss: 3.431 | Teacher Train Acc: 22.470 | Student lr=0.9980 | Student Train Acc: 41.640 | Time: 142.252 |
[Eval] Epoch: 2 | Teacher Test Loss: 3.264 | Teacher Test Acc: 21.830 | Student Test Loss: 3.044 | Student Test Acc: 27.140 | Teacher Test F1: 0.198 | Student Test F1: 0.252 | Teacher Top 5 Accuracy: 0.529 | Student Top 5 Accuracy: 0.577 | Time: 2.366 | 
Running student landscape probe...
[Train] Epoch: 3 | Teacher lr=0.9920 | Teacher Loss: 2.918 | Teacher Train Acc: 31.686 | Student lr=0.9920 | Student Train Acc: 47.028 | Time: 138.187 |
[Eval] Epoch: 3 | Teacher Test Loss: 3.268 | Teacher Test Acc: 22.900 | Student Test Loss: 2.752 | Student Test Acc: 31.460 | Teacher Test F1: 0.211 | Student Test F1: 0.302 | Teacher Top 5 Accuracy: 0.532 | Student Top 5 Accuracy: 0.642 | Time: 2.391 | 
Running student landscape probe...
[Train] Epoch: 4 | Teacher lr=0.9820 | Teacher Loss: 2.631 | Teacher Train Acc: 37.802 | Student lr=0.9820 | Student Train Acc: 50.196 | Time: 144.141 |
[Eval] Epoch: 4 | Teacher Test Loss: 2.879 | Teacher Test Acc: 29.320 | Student Test Loss: 2.541 | Student Test Acc: 34.680 | Teacher Test F1: 0.279 | Student Test F1: 0.346 | Teacher Top 5 Accuracy: 0.627 | Student Top 5 Accuracy: 0.688 | Time: 2.347 | 
Running student landscape probe...
[Train] Epoch: 5 | Teacher lr=0.9681 | Teacher Loss: 2.401 | Teacher Train Acc: 43.188 | Student lr=0.9681 | Student Train Acc: 52.586 | Time: 142.284 |
[Eval] Epoch: 5 | Teacher Test Loss: 2.386 | Teacher Test Acc: 38.220 | Student Test Loss: 3.164 | Student Test Acc: 29.740 | Teacher Test F1: 0.374 | Student Test F1: 0.277 | Teacher Top 5 Accuracy: 0.710 | Student Top 5 Accuracy: 0.607 | Time: 2.412 | 
Running student landscape probe...
[Train] Epoch: 6 | Teacher lr=0.9505 | Teacher Loss: 2.262 | Teacher Train Acc: 46.452 | Student lr=0.9505 | Student Train Acc: 53.834 | Time: 142.116 |
[Eval] Epoch: 6 | Teacher Test Loss: 2.229 | Teacher Test Acc: 40.780 | Student Test Loss: 2.393 | Student Test Acc: 38.890 | Teacher Test F1: 0.396 | Student Test F1: 0.390 | Teacher Top 5 Accuracy: 0.741 | Student Top 5 Accuracy: 0.723 | Time: 2.344 | 
Running student landscape probe...
[Train] Epoch: 7 | Teacher lr=0.9292 | Teacher Loss: 2.132 | Teacher Train Acc: 49.552 | Student lr=0.9292 | Student Train Acc: 55.056 | Time: 143.386 |
[Eval] Epoch: 7 | Teacher Test Loss: 2.102 | Teacher Test Acc: 44.150 | Student Test Loss: 2.386 | Student Test Acc: 39.100 | Teacher Test F1: 0.437 | Student Test F1: 0.380 | Teacher Top 5 Accuracy: 0.762 | Student Top 5 Accuracy: 0.716 | Time: 2.336 | 
Running student landscape probe...
[Train] Epoch: 8 | Teacher lr=0.9045 | Teacher Loss: 2.069 | Teacher Train Acc: 51.102 | Student lr=0.9045 | Student Train Acc: 56.016 | Time: 143.710 |
[Eval] Epoch: 8 | Teacher Test Loss: 2.267 | Teacher Test Acc: 41.380 | Student Test Loss: 2.422 | Student Test Acc: 39.970 | Teacher Test F1: 0.406 | Student Test F1: 0.393 | Teacher Top 5 Accuracy: 0.742 | Student Top 5 Accuracy: 0.717 | Time: 2.321 | 
Running student landscape probe...
[Train] Epoch: 9 | Teacher lr=0.8765 | Teacher Loss: 1.969 | Teacher Train Acc: 53.494 | Student lr=0.8765 | Student Train Acc: 56.794 | Time: 144.148 |
[Eval] Epoch: 9 | Teacher Test Loss: 2.330 | Teacher Test Acc: 41.630 | Student Test Loss: 2.225 | Student Test Acc: 42.320 | Teacher Test F1: 0.404 | Student Test F1: 0.413 | Teacher Top 5 Accuracy: 0.723 | Student Top 5 Accuracy: 0.741 | Time: 2.411 | 
Running student landscape probe...
[Train] Epoch: 10 | Teacher lr=0.8455 | Teacher Loss: 1.903 | Teacher Train Acc: 55.302 | Student lr=0.8455 | Student Train Acc: 57.694 | Time: 142.222 |
[Eval] Epoch: 10 | Teacher Test Loss: 1.814 | Teacher Test Acc: 49.830 | Student Test Loss: 2.099 | Student Test Acc: 44.610 | Teacher Test F1: 0.485 | Student Test F1: 0.423 | Teacher Top 5 Accuracy: 0.817 | Student Top 5 Accuracy: 0.764 | Time: 2.209 | 
Running student landscape probe...
[Train] Epoch: 11 | Teacher lr=0.8117 | Teacher Loss: 1.858 | Teacher Train Acc: 56.220 | Student lr=0.8117 | Student Train Acc: 58.328 | Time: 141.953 |
[Eval] Epoch: 11 | Teacher Test Loss: 1.939 | Teacher Test Acc: 47.750 | Student Test Loss: 2.104 | Student Test Acc: 44.490 | Teacher Test F1: 0.469 | Student Test F1: 0.439 | Teacher Top 5 Accuracy: 0.786 | Student Top 5 Accuracy: 0.759 | Time: 2.228 | 
Running student landscape probe...
[Train] Epoch: 12 | Teacher lr=0.7754 | Teacher Loss: 1.784 | Teacher Train Acc: 58.182 | Student lr=0.7754 | Student Train Acc: 59.064 | Time: 142.012 |
[Eval] Epoch: 12 | Teacher Test Loss: 1.899 | Teacher Test Acc: 48.890 | Student Test Loss: 1.983 | Student Test Acc: 46.600 | Teacher Test F1: 0.486 | Student Test F1: 0.464 | Teacher Top 5 Accuracy: 0.794 | Student Top 5 Accuracy: 0.783 | Time: 2.314 | 
Running student landscape probe...
[Train] Epoch: 13 | Teacher lr=0.7369 | Teacher Loss: 1.750 | Teacher Train Acc: 59.074 | Student lr=0.7369 | Student Train Acc: 59.912 | Time: 142.025 |
[Eval] Epoch: 13 | Teacher Test Loss: 1.831 | Teacher Test Acc: 50.200 | Student Test Loss: 2.039 | Student Test Acc: 45.600 | Teacher Test F1: 0.499 | Student Test F1: 0.456 | Teacher Top 5 Accuracy: 0.809 | Student Top 5 Accuracy: 0.780 | Time: 2.264 | 
Running student landscape probe...
[Train] Epoch: 14 | Teacher lr=0.6965 | Teacher Loss: 1.694 | Teacher Train Acc: 60.286 | Student lr=0.6965 | Student Train Acc: 60.474 | Time: 140.992 |
[Eval] Epoch: 14 | Teacher Test Loss: 1.676 | Teacher Test Acc: 54.660 | Student Test Loss: 2.216 | Student Test Acc: 43.860 | Teacher Test F1: 0.542 | Student Test F1: 0.431 | Teacher Top 5 Accuracy: 0.831 | Student Top 5 Accuracy: 0.742 | Time: 2.364 | 
Running student landscape probe...
[Train] Epoch: 15 | Teacher lr=0.6545 | Teacher Loss: 1.660 | Teacher Train Acc: 61.270 | Student lr=0.6545 | Student Train Acc: 61.244 | Time: 142.062 |
[Eval] Epoch: 15 | Teacher Test Loss: 1.684 | Teacher Test Acc: 53.110 | Student Test Loss: 1.939 | Student Test Acc: 48.720 | Teacher Test F1: 0.526 | Student Test F1: 0.474 | Teacher Top 5 Accuracy: 0.830 | Student Top 5 Accuracy: 0.794 | Time: 2.321 | 
Running student landscape probe...
[Train] Epoch: 16 | Teacher lr=0.6113 | Teacher Loss: 1.614 | Teacher Train Acc: 62.592 | Student lr=0.6113 | Student Train Acc: 61.884 | Time: 143.223 |
[Eval] Epoch: 16 | Teacher Test Loss: 1.743 | Teacher Test Acc: 52.590 | Student Test Loss: 2.301 | Student Test Acc: 43.010 | Teacher Test F1: 0.527 | Student Test F1: 0.427 | Teacher Top 5 Accuracy: 0.818 | Student Top 5 Accuracy: 0.744 | Time: 2.348 | 
Running student landscape probe...
[Train] Epoch: 17 | Teacher lr=0.5671 | Teacher Loss: 1.573 | Teacher Train Acc: 63.528 | Student lr=0.5671 | Student Train Acc: 62.648 | Time: 143.377 |
[Eval] Epoch: 17 | Teacher Test Loss: 1.734 | Teacher Test Acc: 52.680 | Student Test Loss: 2.124 | Student Test Acc: 45.900 | Teacher Test F1: 0.527 | Student Test F1: 0.466 | Teacher Top 5 Accuracy: 0.822 | Student Top 5 Accuracy: 0.780 | Time: 2.309 | 
Running student landscape probe...
[Train] Epoch: 18 | Teacher lr=0.5224 | Teacher Loss: 1.508 | Teacher Train Acc: 65.404 | Student lr=0.5224 | Student Train Acc: 63.586 | Time: 141.482 |
[Eval] Epoch: 18 | Teacher Test Loss: 1.526 | Teacher Test Acc: 57.560 | Student Test Loss: 1.705 | Student Test Acc: 54.060 | Teacher Test F1: 0.574 | Student Test F1: 0.535 | Teacher Top 5 Accuracy: 0.855 | Student Top 5 Accuracy: 0.825 | Time: 2.264 | 
Running student landscape probe...
[Train] Epoch: 19 | Teacher lr=0.4776 | Teacher Loss: 1.471 | Teacher Train Acc: 66.220 | Student lr=0.4776 | Student Train Acc: 64.576 | Time: 135.431 |
[Eval] Epoch: 19 | Teacher Test Loss: 1.590 | Teacher Test Acc: 55.910 | Student Test Loss: 1.720 | Student Test Acc: 52.690 | Teacher Test F1: 0.555 | Student Test F1: 0.522 | Teacher Top 5 Accuracy: 0.846 | Student Top 5 Accuracy: 0.826 | Time: 2.274 | 
Running student landscape probe...
[Train] Epoch: 20 | Teacher lr=0.4329 | Teacher Loss: 1.418 | Teacher Train Acc: 67.620 | Student lr=0.4329 | Student Train Acc: 65.370 | Time: 141.904 |
[Eval] Epoch: 20 | Teacher Test Loss: 1.503 | Teacher Test Acc: 58.300 | Student Test Loss: 2.205 | Student Test Acc: 45.110 | Teacher Test F1: 0.579 | Student Test F1: 0.447 | Teacher Top 5 Accuracy: 0.859 | Student Top 5 Accuracy: 0.762 | Time: 2.223 | 
Running student landscape probe...
[Train] Epoch: 21 | Teacher lr=0.3887 | Teacher Loss: 1.370 | Teacher Train Acc: 68.888 | Student lr=0.3887 | Student Train Acc: 66.174 | Time: 137.794 |
[Eval] Epoch: 21 | Teacher Test Loss: 1.501 | Teacher Test Acc: 58.940 | Student Test Loss: 1.939 | Student Test Acc: 50.590 | Teacher Test F1: 0.590 | Student Test F1: 0.508 | Teacher Top 5 Accuracy: 0.855 | Student Top 5 Accuracy: 0.800 | Time: 2.279 | 
Running student landscape probe...
[Train] Epoch: 22 | Teacher lr=0.3455 | Teacher Loss: 1.322 | Teacher Train Acc: 70.144 | Student lr=0.3455 | Student Train Acc: 67.402 | Time: 141.640 |
[Eval] Epoch: 22 | Teacher Test Loss: 1.341 | Teacher Test Acc: 62.440 | Student Test Loss: 1.654 | Student Test Acc: 54.620 | Teacher Test F1: 0.621 | Student Test F1: 0.542 | Teacher Top 5 Accuracy: 0.879 | Student Top 5 Accuracy: 0.838 | Time: 2.274 | 
Running student landscape probe...
[Train] Epoch: 23 | Teacher lr=0.3035 | Teacher Loss: 1.258 | Teacher Train Acc: 72.072 | Student lr=0.3035 | Student Train Acc: 68.530 | Time: 141.367 |
[Eval] Epoch: 23 | Teacher Test Loss: 1.433 | Teacher Test Acc: 60.570 | Student Test Loss: 1.594 | Student Test Acc: 57.050 | Teacher Test F1: 0.606 | Student Test F1: 0.575 | Teacher Top 5 Accuracy: 0.869 | Student Top 5 Accuracy: 0.846 | Time: 2.281 | 
Running student landscape probe...
[Train] Epoch: 24 | Teacher lr=0.2631 | Teacher Loss: 1.206 | Teacher Train Acc: 73.426 | Student lr=0.2631 | Student Train Acc: 69.352 | Time: 142.342 |
[Eval] Epoch: 24 | Teacher Test Loss: 1.352 | Teacher Test Acc: 62.310 | Student Test Loss: 1.687 | Student Test Acc: 55.230 | Teacher Test F1: 0.622 | Student Test F1: 0.553 | Teacher Top 5 Accuracy: 0.879 | Student Top 5 Accuracy: 0.839 | Time: 2.329 | 
Running student landscape probe...
[Train] Epoch: 25 | Teacher lr=0.2246 | Teacher Loss: 1.149 | Teacher Train Acc: 74.730 | Student lr=0.2246 | Student Train Acc: 70.734 | Time: 143.315 |
[Eval] Epoch: 25 | Teacher Test Loss: 1.324 | Teacher Test Acc: 63.550 | Student Test Loss: 1.771 | Student Test Acc: 54.130 | Teacher Test F1: 0.634 | Student Test F1: 0.541 | Teacher Top 5 Accuracy: 0.884 | Student Top 5 Accuracy: 0.823 | Time: 2.345 | 
Running student landscape probe...
[Train] Epoch: 26 | Teacher lr=0.1883 | Teacher Loss: 1.085 | Teacher Train Acc: 76.752 | Student lr=0.1883 | Student Train Acc: 71.854 | Time: 143.261 |
[Eval] Epoch: 26 | Teacher Test Loss: 1.183 | Teacher Test Acc: 66.130 | Student Test Loss: 1.639 | Student Test Acc: 56.080 | Teacher Test F1: 0.662 | Student Test F1: 0.564 | Teacher Top 5 Accuracy: 0.902 | Student Top 5 Accuracy: 0.837 | Time: 2.233 | 
Running student landscape probe...
[Train] Epoch: 27 | Teacher lr=0.1545 | Teacher Loss: 1.016 | Teacher Train Acc: 78.678 | Student lr=0.1545 | Student Train Acc: 73.366 | Time: 141.777 |
[Eval] Epoch: 27 | Teacher Test Loss: 1.189 | Teacher Test Acc: 66.700 | Student Test Loss: 1.493 | Student Test Acc: 58.910 | Teacher Test F1: 0.668 | Student Test F1: 0.590 | Teacher Top 5 Accuracy: 0.905 | Student Top 5 Accuracy: 0.864 | Time: 2.298 | 
Running student landscape probe...
[Train] Epoch: 28 | Teacher lr=0.1235 | Teacher Loss: 0.956 | Teacher Train Acc: 80.284 | Student lr=0.1235 | Student Train Acc: 74.546 | Time: 142.926 |
[Eval] Epoch: 28 | Teacher Test Loss: 1.173 | Teacher Test Acc: 66.830 | Student Test Loss: 1.456 | Student Test Acc: 60.520 | Teacher Test F1: 0.667 | Student Test F1: 0.603 | Teacher Top 5 Accuracy: 0.906 | Student Top 5 Accuracy: 0.864 | Time: 2.256 | 
Running student landscape probe...
[Train] Epoch: 29 | Teacher lr=0.0955 | Teacher Loss: 0.888 | Teacher Train Acc: 82.156 | Student lr=0.0955 | Student Train Acc: 76.352 | Time: 142.388 |
[Eval] Epoch: 29 | Teacher Test Loss: 1.095 | Teacher Test Acc: 69.220 | Student Test Loss: 1.364 | Student Test Acc: 62.950 | Teacher Test F1: 0.693 | Student Test F1: 0.628 | Teacher Top 5 Accuracy: 0.916 | Student Top 5 Accuracy: 0.878 | Time: 2.320 | 
Running student landscape probe...
[Train] Epoch: 30 | Teacher lr=0.0708 | Teacher Loss: 0.820 | Teacher Train Acc: 84.010 | Student lr=0.0708 | Student Train Acc: 77.976 | Time: 142.493 |
[Eval] Epoch: 30 | Teacher Test Loss: 1.074 | Teacher Test Acc: 69.480 | Student Test Loss: 1.452 | Student Test Acc: 61.580 | Teacher Test F1: 0.694 | Student Test F1: 0.623 | Teacher Top 5 Accuracy: 0.916 | Student Top 5 Accuracy: 0.870 | Time: 2.411 | 
Running student landscape probe...
[Train] Epoch: 31 | Teacher lr=0.0495 | Teacher Loss: 0.762 | Teacher Train Acc: 85.496 | Student lr=0.0495 | Student Train Acc: 79.442 | Time: 140.802 |
[Eval] Epoch: 31 | Teacher Test Loss: 1.051 | Teacher Test Acc: 70.380 | Student Test Loss: 1.344 | Student Test Acc: 63.680 | Teacher Test F1: 0.702 | Student Test F1: 0.639 | Teacher Top 5 Accuracy: 0.919 | Student Top 5 Accuracy: 0.884 | Time: 2.256 | 
Running student landscape probe...
[Train] Epoch: 32 | Teacher lr=0.0319 | Teacher Loss: 0.702 | Teacher Train Acc: 87.134 | Student lr=0.0319 | Student Train Acc: 81.030 | Time: 142.672 |
[Eval] Epoch: 32 | Teacher Test Loss: 1.023 | Teacher Test Acc: 70.760 | Student Test Loss: 1.216 | Student Test Acc: 66.500 | Teacher Test F1: 0.707 | Student Test F1: 0.666 | Teacher Top 5 Accuracy: 0.922 | Student Top 5 Accuracy: 0.901 | Time: 2.254 | 
Running student landscape probe...
[Train] Epoch: 33 | Teacher lr=0.0180 | Teacher Loss: 0.654 | Teacher Train Acc: 88.164 | Student lr=0.0180 | Student Train Acc: 82.720 | Time: 140.721 |
[Eval] Epoch: 33 | Teacher Test Loss: 1.017 | Teacher Test Acc: 71.700 | Student Test Loss: 1.272 | Student Test Acc: 65.350 | Teacher Test F1: 0.716 | Student Test F1: 0.654 | Teacher Top 5 Accuracy: 0.922 | Student Top 5 Accuracy: 0.893 | Time: 2.294 | 
Running student landscape probe...
[Train] Epoch: 34 | Teacher lr=0.0080 | Teacher Loss: 0.617 | Teacher Train Acc: 89.110 | Student lr=0.0080 | Student Train Acc: 83.672 | Time: 141.439 |
[Eval] Epoch: 34 | Teacher Test Loss: 1.014 | Teacher Test Acc: 71.970 | Student Test Loss: 1.256 | Student Test Acc: 65.860 | Teacher Test F1: 0.719 | Student Test F1: 0.659 | Teacher Top 5 Accuracy: 0.922 | Student Top 5 Accuracy: 0.894 | Time: 2.315 | 
Running student landscape probe...
[Train] Epoch: 35 | Teacher lr=0.0020 | Teacher Loss: 0.597 | Teacher Train Acc: 89.560 | Student lr=0.0020 | Student Train Acc: 84.430 | Time: 141.735 |
[Eval] Epoch: 35 | Teacher Test Loss: 1.007 | Teacher Test Acc: 72.040 | Student Test Loss: 1.238 | Student Test Acc: 66.320 | Teacher Test F1: 0.720 | Student Test F1: 0.664 | Teacher Top 5 Accuracy: 0.923 | Student Top 5 Accuracy: 0.896 | Time: 2.286 | 
Running student landscape probe...
ckpt location: ckpt/robust12h_industry/cosine_innoise005_seed3_35ep.pt
