/home/jovyan/.mlspace/envs/egy_llm/lib/python3.11/site-packages/torchvision/datasets/cifar.py:83: VisibleDeprecationWarning: dtype(): align should be passed as Python or NumPy boolean but got `align=0`. Did you mean to pass a tuple to create a subarray type? (Deprecated NumPy 2.4)
  entry = pickle.load(f, encoding="latin1")
depth_list: [110, 20]
[NoisyClassificationDataset] num_classes=100 label_noise_rate=0.000 input_noise_std=0.1500 flipped=0/50000
Dataset information: cifar100	 50000 images for training 	 10000 images for testing	
teacher depth: 110
student depth: 20
Total number of teacher parameters: 1,169,972
Total number of student parameters: 278,132
Snapshots will be saved to: snapshots/robust12h_industry/cosine_innoise015_seed1_35ep
==== train and evaluate unequal restart ====
[Eval] Epoch: 0 | Teacher Test Loss: 12407.062 | Teacher Test Acc: 0.990 | Student Test Loss: 7.984 | Student Test Acc: 1.020 | Teacher Test F1: 0.000 | Student Test F1: 0.000 | Teacher Top 5 Accuracy: 0.050 | Student Top 5 Accuracy: 0.046 | Time: 3.129 | 
Running student landscape probe...
[Train] Epoch: 1 | Teacher lr=1.0000 | Teacher Loss: 4.067 | Teacher Train Acc: 10.102 | Student lr=1.0000 | Student Train Acc: 20.520 | Time: 140.834 |
[Eval] Epoch: 1 | Teacher Test Loss: 3.681 | Teacher Test Acc: 13.380 | Student Test Loss: 2.958 | Student Test Acc: 25.670 | Teacher Test F1: 0.104 | Student Test F1: 0.228 | Teacher Top 5 Accuracy: 0.379 | Student Top 5 Accuracy: 0.577 | Time: 2.405 | 
Running student landscape probe...
[Train] Epoch: 2 | Teacher lr=0.9980 | Teacher Loss: 3.361 | Teacher Train Acc: 22.916 | Student lr=0.9980 | Student Train Acc: 37.008 | Time: 139.293 |
[Eval] Epoch: 2 | Teacher Test Loss: 3.317 | Teacher Test Acc: 21.690 | Student Test Loss: 2.774 | Student Test Acc: 30.930 | Teacher Test F1: 0.196 | Student Test F1: 0.290 | Teacher Top 5 Accuracy: 0.497 | Student Top 5 Accuracy: 0.632 | Time: 2.372 | 
Running student landscape probe...
[Train] Epoch: 3 | Teacher lr=0.9920 | Teacher Loss: 2.927 | Teacher Train Acc: 31.360 | Student lr=0.9920 | Student Train Acc: 42.008 | Time: 141.268 |
[Eval] Epoch: 3 | Teacher Test Loss: 3.571 | Teacher Test Acc: 21.330 | Student Test Loss: 3.781 | Student Test Acc: 21.150 | Teacher Test F1: 0.192 | Student Test F1: 0.196 | Teacher Top 5 Accuracy: 0.514 | Student Top 5 Accuracy: 0.510 | Time: 2.741 | 
Running student landscape probe...
[Train] Epoch: 4 | Teacher lr=0.9820 | Teacher Loss: 2.672 | Teacher Train Acc: 36.750 | Student lr=0.9820 | Student Train Acc: 44.956 | Time: 142.900 |
[Eval] Epoch: 4 | Teacher Test Loss: 3.171 | Teacher Test Acc: 26.390 | Student Test Loss: 3.035 | Student Test Acc: 30.620 | Teacher Test F1: 0.238 | Student Test F1: 0.289 | Teacher Top 5 Accuracy: 0.566 | Student Top 5 Accuracy: 0.620 | Time: 2.403 | 
Running student landscape probe...
[Train] Epoch: 5 | Teacher lr=0.9681 | Teacher Loss: 2.497 | Teacher Train Acc: 40.442 | Student lr=0.9681 | Student Train Acc: 47.200 | Time: 142.885 |
[Eval] Epoch: 5 | Teacher Test Loss: 2.611 | Teacher Test Acc: 34.900 | Student Test Loss: 2.648 | Student Test Acc: 33.990 | Teacher Test F1: 0.337 | Student Test F1: 0.325 | Teacher Top 5 Accuracy: 0.665 | Student Top 5 Accuracy: 0.659 | Time: 2.386 | 
Running student landscape probe...
[Train] Epoch: 6 | Teacher lr=0.9505 | Teacher Loss: 2.380 | Teacher Train Acc: 43.570 | Student lr=0.9505 | Student Train Acc: 48.866 | Time: 138.390 |
[Eval] Epoch: 6 | Teacher Test Loss: 2.733 | Teacher Test Acc: 32.250 | Student Test Loss: 2.340 | Student Test Acc: 38.740 | Teacher Test F1: 0.305 | Student Test F1: 0.379 | Teacher Top 5 Accuracy: 0.636 | Student Top 5 Accuracy: 0.719 | Time: 2.511 | 
Running student landscape probe...
[Train] Epoch: 7 | Teacher lr=0.9292 | Teacher Loss: 2.281 | Teacher Train Acc: 45.446 | Student lr=0.9292 | Student Train Acc: 49.632 | Time: 137.692 |
[Eval] Epoch: 7 | Teacher Test Loss: 2.609 | Teacher Test Acc: 35.120 | Student Test Loss: 2.375 | Student Test Acc: 38.200 | Teacher Test F1: 0.345 | Student Test F1: 0.373 | Teacher Top 5 Accuracy: 0.672 | Student Top 5 Accuracy: 0.699 | Time: 2.828 | 
Running student landscape probe...
[Train] Epoch: 8 | Teacher lr=0.9045 | Teacher Loss: 2.197 | Teacher Train Acc: 47.854 | Student lr=0.9045 | Student Train Acc: 50.742 | Time: 142.321 |
[Eval] Epoch: 8 | Teacher Test Loss: 2.728 | Teacher Test Acc: 33.560 | Student Test Loss: 2.514 | Student Test Acc: 37.930 | Teacher Test F1: 0.309 | Student Test F1: 0.367 | Teacher Top 5 Accuracy: 0.642 | Student Top 5 Accuracy: 0.693 | Time: 2.782 | 
Running student landscape probe...
[Train] Epoch: 9 | Teacher lr=0.8765 | Teacher Loss: 2.128 | Teacher Train Acc: 49.424 | Student lr=0.8765 | Student Train Acc: 51.510 | Time: 142.265 |
[Eval] Epoch: 9 | Teacher Test Loss: 2.361 | Teacher Test Acc: 40.290 | Student Test Loss: 2.964 | Student Test Acc: 32.100 | Teacher Test F1: 0.385 | Student Test F1: 0.312 | Teacher Top 5 Accuracy: 0.718 | Student Top 5 Accuracy: 0.630 | Time: 2.445 | 
Running student landscape probe...
[Train] Epoch: 10 | Teacher lr=0.8455 | Teacher Loss: 2.074 | Teacher Train Acc: 50.660 | Student lr=0.8455 | Student Train Acc: 52.006 | Time: 141.492 |
[Eval] Epoch: 10 | Teacher Test Loss: 2.214 | Teacher Test Acc: 43.030 | Student Test Loss: 2.298 | Student Test Acc: 41.520 | Teacher Test F1: 0.419 | Student Test F1: 0.401 | Teacher Top 5 Accuracy: 0.741 | Student Top 5 Accuracy: 0.725 | Time: 2.479 | 
Running student landscape probe...
[Train] Epoch: 11 | Teacher lr=0.8117 | Teacher Loss: 2.031 | Teacher Train Acc: 51.912 | Student lr=0.8117 | Student Train Acc: 52.688 | Time: 139.393 |
[Eval] Epoch: 11 | Teacher Test Loss: 2.497 | Teacher Test Acc: 36.620 | Student Test Loss: 2.865 | Student Test Acc: 31.740 | Teacher Test F1: 0.358 | Student Test F1: 0.315 | Teacher Top 5 Accuracy: 0.695 | Student Top 5 Accuracy: 0.649 | Time: 2.441 | 
Running student landscape probe...
[Train] Epoch: 12 | Teacher lr=0.7754 | Teacher Loss: 2.004 | Teacher Train Acc: 52.530 | Student lr=0.7754 | Student Train Acc: 53.500 | Time: 139.929 |
[Eval] Epoch: 12 | Teacher Test Loss: 2.268 | Teacher Test Acc: 41.870 | Student Test Loss: 2.664 | Student Test Acc: 35.660 | Teacher Test F1: 0.408 | Student Test F1: 0.349 | Teacher Top 5 Accuracy: 0.723 | Student Top 5 Accuracy: 0.673 | Time: 2.420 | 
Running student landscape probe...
[Train] Epoch: 13 | Teacher lr=0.7369 | Teacher Loss: 1.935 | Teacher Train Acc: 54.318 | Student lr=0.7369 | Student Train Acc: 54.282 | Time: 137.787 |
[Eval] Epoch: 13 | Teacher Test Loss: 2.654 | Teacher Test Acc: 36.800 | Student Test Loss: 3.114 | Student Test Acc: 29.280 | Teacher Test F1: 0.364 | Student Test F1: 0.284 | Teacher Top 5 Accuracy: 0.685 | Student Top 5 Accuracy: 0.591 | Time: 2.420 | 
Running student landscape probe...
[Train] Epoch: 14 | Teacher lr=0.6965 | Teacher Loss: 1.899 | Teacher Train Acc: 55.270 | Student lr=0.6965 | Student Train Acc: 54.680 | Time: 135.213 |
[Eval] Epoch: 14 | Teacher Test Loss: 2.004 | Teacher Test Acc: 47.570 | Student Test Loss: 2.692 | Student Test Acc: 36.490 | Teacher Test F1: 0.470 | Student Test F1: 0.347 | Teacher Top 5 Accuracy: 0.776 | Student Top 5 Accuracy: 0.674 | Time: 2.450 | 
Running student landscape probe...
[Train] Epoch: 15 | Teacher lr=0.6545 | Teacher Loss: 1.857 | Teacher Train Acc: 56.154 | Student lr=0.6545 | Student Train Acc: 55.376 | Time: 142.893 |
[Eval] Epoch: 15 | Teacher Test Loss: 2.417 | Teacher Test Acc: 39.420 | Student Test Loss: 1.934 | Student Test Acc: 48.160 | Teacher Test F1: 0.393 | Student Test F1: 0.479 | Teacher Top 5 Accuracy: 0.709 | Student Top 5 Accuracy: 0.792 | Time: 2.415 | 
Running student landscape probe...
[Train] Epoch: 16 | Teacher lr=0.6113 | Teacher Loss: 1.815 | Teacher Train Acc: 57.316 | Student lr=0.6113 | Student Train Acc: 55.868 | Time: 141.167 |
[Eval] Epoch: 16 | Teacher Test Loss: 2.127 | Teacher Test Acc: 44.690 | Student Test Loss: 2.518 | Student Test Acc: 37.890 | Teacher Test F1: 0.450 | Student Test F1: 0.382 | Teacher Top 5 Accuracy: 0.754 | Student Top 5 Accuracy: 0.699 | Time: 2.343 | 
Running student landscape probe...
[Train] Epoch: 17 | Teacher lr=0.5671 | Teacher Loss: 1.774 | Teacher Train Acc: 58.296 | Student lr=0.5671 | Student Train Acc: 56.818 | Time: 142.296 |
[Eval] Epoch: 17 | Teacher Test Loss: 2.000 | Teacher Test Acc: 47.370 | Student Test Loss: 2.284 | Student Test Acc: 43.310 | Teacher Test F1: 0.467 | Student Test F1: 0.431 | Teacher Top 5 Accuracy: 0.774 | Student Top 5 Accuracy: 0.741 | Time: 2.376 | 
Running student landscape probe...
[Train] Epoch: 18 | Teacher lr=0.5224 | Teacher Loss: 1.725 | Teacher Train Acc: 59.612 | Student lr=0.5224 | Student Train Acc: 57.590 | Time: 135.881 |
[Eval] Epoch: 18 | Teacher Test Loss: 1.975 | Teacher Test Acc: 47.410 | Student Test Loss: 2.645 | Student Test Acc: 37.110 | Teacher Test F1: 0.474 | Student Test F1: 0.368 | Teacher Top 5 Accuracy: 0.781 | Student Top 5 Accuracy: 0.670 | Time: 2.344 | 
Running student landscape probe...
[Train] Epoch: 19 | Teacher lr=0.4776 | Teacher Loss: 1.683 | Teacher Train Acc: 60.848 | Student lr=0.4776 | Student Train Acc: 58.120 | Time: 141.459 |
[Eval] Epoch: 19 | Teacher Test Loss: 1.973 | Teacher Test Acc: 49.090 | Student Test Loss: 2.557 | Student Test Acc: 39.280 | Teacher Test F1: 0.492 | Student Test F1: 0.392 | Teacher Top 5 Accuracy: 0.787 | Student Top 5 Accuracy: 0.697 | Time: 2.416 | 
Running student landscape probe...
[Train] Epoch: 20 | Teacher lr=0.4329 | Teacher Loss: 1.640 | Teacher Train Acc: 61.816 | Student lr=0.4329 | Student Train Acc: 59.352 | Time: 140.575 |
[Eval] Epoch: 20 | Teacher Test Loss: 1.936 | Teacher Test Acc: 50.020 | Student Test Loss: 2.671 | Student Test Acc: 37.620 | Teacher Test F1: 0.500 | Student Test F1: 0.361 | Teacher Top 5 Accuracy: 0.787 | Student Top 5 Accuracy: 0.670 | Time: 2.416 | 
Running student landscape probe...
[Train] Epoch: 21 | Teacher lr=0.3887 | Teacher Loss: 1.585 | Teacher Train Acc: 62.916 | Student lr=0.3887 | Student Train Acc: 59.566 | Time: 140.067 |
[Eval] Epoch: 21 | Teacher Test Loss: 1.933 | Teacher Test Acc: 49.490 | Student Test Loss: 2.197 | Student Test Acc: 44.360 | Teacher Test F1: 0.500 | Student Test F1: 0.433 | Teacher Top 5 Accuracy: 0.792 | Student Top 5 Accuracy: 0.737 | Time: 2.363 | 
Running student landscape probe...
[Train] Epoch: 22 | Teacher lr=0.3455 | Teacher Loss: 1.541 | Teacher Train Acc: 64.124 | Student lr=0.3455 | Student Train Acc: 60.860 | Time: 142.573 |
[Eval] Epoch: 22 | Teacher Test Loss: 1.917 | Teacher Test Acc: 50.660 | Student Test Loss: 2.210 | Student Test Acc: 44.610 | Teacher Test F1: 0.502 | Student Test F1: 0.441 | Teacher Top 5 Accuracy: 0.798 | Student Top 5 Accuracy: 0.751 | Time: 2.386 | 
Running student landscape probe...
[Train] Epoch: 23 | Teacher lr=0.3035 | Teacher Loss: 1.489 | Teacher Train Acc: 65.430 | Student lr=0.3035 | Student Train Acc: 61.550 | Time: 142.969 |
[Eval] Epoch: 23 | Teacher Test Loss: 1.867 | Teacher Test Acc: 52.110 | Student Test Loss: 2.329 | Student Test Acc: 42.200 | Teacher Test F1: 0.517 | Student Test F1: 0.410 | Teacher Top 5 Accuracy: 0.800 | Student Top 5 Accuracy: 0.714 | Time: 2.358 | 
Running student landscape probe...
[Train] Epoch: 24 | Teacher lr=0.2631 | Teacher Loss: 1.433 | Teacher Train Acc: 66.962 | Student lr=0.2631 | Student Train Acc: 62.652 | Time: 139.748 |
[Eval] Epoch: 24 | Teacher Test Loss: 1.640 | Teacher Test Acc: 55.830 | Student Test Loss: 2.078 | Student Test Acc: 48.000 | Teacher Test F1: 0.552 | Student Test F1: 0.479 | Teacher Top 5 Accuracy: 0.833 | Student Top 5 Accuracy: 0.766 | Time: 2.510 | 
Running student landscape probe...
[Train] Epoch: 25 | Teacher lr=0.2246 | Teacher Loss: 1.376 | Teacher Train Acc: 68.716 | Student lr=0.2246 | Student Train Acc: 63.806 | Time: 143.055 |
[Eval] Epoch: 25 | Teacher Test Loss: 1.804 | Teacher Test Acc: 53.260 | Student Test Loss: 1.978 | Student Test Acc: 49.540 | Teacher Test F1: 0.531 | Student Test F1: 0.493 | Teacher Top 5 Accuracy: 0.807 | Student Top 5 Accuracy: 0.778 | Time: 2.460 | 
Running student landscape probe...
[Train] Epoch: 26 | Teacher lr=0.1883 | Teacher Loss: 1.315 | Teacher Train Acc: 70.166 | Student lr=0.1883 | Student Train Acc: 64.876 | Time: 142.615 |
[Eval] Epoch: 26 | Teacher Test Loss: 1.807 | Teacher Test Acc: 53.240 | Student Test Loss: 2.012 | Student Test Acc: 49.260 | Teacher Test F1: 0.533 | Student Test F1: 0.490 | Teacher Top 5 Accuracy: 0.813 | Student Top 5 Accuracy: 0.776 | Time: 2.336 | 
Running student landscape probe...
[Train] Epoch: 27 | Teacher lr=0.1545 | Teacher Loss: 1.255 | Teacher Train Acc: 71.618 | Student lr=0.1545 | Student Train Acc: 66.076 | Time: 142.379 |
[Eval] Epoch: 27 | Teacher Test Loss: 1.697 | Teacher Test Acc: 56.130 | Student Test Loss: 1.729 | Student Test Acc: 54.460 | Teacher Test F1: 0.561 | Student Test F1: 0.539 | Teacher Top 5 Accuracy: 0.829 | Student Top 5 Accuracy: 0.826 | Time: 2.331 | 
Running student landscape probe...
[Train] Epoch: 28 | Teacher lr=0.1235 | Teacher Loss: 1.194 | Teacher Train Acc: 73.350 | Student lr=0.1235 | Student Train Acc: 67.608 | Time: 143.584 |
[Eval] Epoch: 28 | Teacher Test Loss: 1.575 | Teacher Test Acc: 58.520 | Student Test Loss: 2.117 | Student Test Acc: 48.330 | Teacher Test F1: 0.582 | Student Test F1: 0.484 | Teacher Top 5 Accuracy: 0.845 | Student Top 5 Accuracy: 0.768 | Time: 2.387 | 
Running student landscape probe...
[Train] Epoch: 29 | Teacher lr=0.0955 | Teacher Loss: 1.132 | Teacher Train Acc: 74.962 | Student lr=0.0955 | Student Train Acc: 68.750 | Time: 140.575 |
[Eval] Epoch: 29 | Teacher Test Loss: 1.498 | Teacher Test Acc: 60.450 | Student Test Loss: 2.234 | Student Test Acc: 47.410 | Teacher Test F1: 0.605 | Student Test F1: 0.478 | Teacher Top 5 Accuracy: 0.856 | Student Top 5 Accuracy: 0.757 | Time: 2.349 | 
Running student landscape probe...
[Train] Epoch: 30 | Teacher lr=0.0708 | Teacher Loss: 1.064 | Teacher Train Acc: 76.684 | Student lr=0.0708 | Student Train Acc: 70.228 | Time: 141.922 |
[Eval] Epoch: 30 | Teacher Test Loss: 1.507 | Teacher Test Acc: 60.090 | Student Test Loss: 1.907 | Student Test Acc: 52.370 | Teacher Test F1: 0.600 | Student Test F1: 0.523 | Teacher Top 5 Accuracy: 0.858 | Student Top 5 Accuracy: 0.805 | Time: 2.398 | 
Running student landscape probe...
[Train] Epoch: 31 | Teacher lr=0.0495 | Teacher Loss: 0.997 | Teacher Train Acc: 78.388 | Student lr=0.0495 | Student Train Acc: 71.574 | Time: 141.582 |
[Eval] Epoch: 31 | Teacher Test Loss: 1.493 | Teacher Test Acc: 60.570 | Student Test Loss: 1.902 | Student Test Acc: 52.910 | Teacher Test F1: 0.606 | Student Test F1: 0.528 | Teacher Top 5 Accuracy: 0.858 | Student Top 5 Accuracy: 0.804 | Time: 2.209 | 
Running student landscape probe...
[Train] Epoch: 32 | Teacher lr=0.0319 | Teacher Loss: 0.944 | Teacher Train Acc: 79.682 | Student lr=0.0319 | Student Train Acc: 73.022 | Time: 141.558 |
[Eval] Epoch: 32 | Teacher Test Loss: 1.418 | Teacher Test Acc: 62.190 | Student Test Loss: 1.973 | Student Test Acc: 52.650 | Teacher Test F1: 0.622 | Student Test F1: 0.527 | Teacher Top 5 Accuracy: 0.871 | Student Top 5 Accuracy: 0.798 | Time: 2.388 | 
Running student landscape probe...
[Train] Epoch: 33 | Teacher lr=0.0180 | Teacher Loss: 0.895 | Teacher Train Acc: 81.170 | Student lr=0.0180 | Student Train Acc: 74.350 | Time: 143.062 |
[Eval] Epoch: 33 | Teacher Test Loss: 1.412 | Teacher Test Acc: 62.760 | Student Test Loss: 1.803 | Student Test Acc: 55.740 | Teacher Test F1: 0.627 | Student Test F1: 0.556 | Teacher Top 5 Accuracy: 0.873 | Student Top 5 Accuracy: 0.823 | Time: 2.316 | 
Running student landscape probe...
[Train] Epoch: 34 | Teacher lr=0.0080 | Teacher Loss: 0.857 | Teacher Train Acc: 81.774 | Student lr=0.0080 | Student Train Acc: 75.454 | Time: 136.877 |
[Eval] Epoch: 34 | Teacher Test Loss: 1.410 | Teacher Test Acc: 62.920 | Student Test Loss: 1.766 | Student Test Acc: 56.310 | Teacher Test F1: 0.629 | Student Test F1: 0.563 | Teacher Top 5 Accuracy: 0.871 | Student Top 5 Accuracy: 0.830 | Time: 2.366 | 
Running student landscape probe...
[Train] Epoch: 35 | Teacher lr=0.0020 | Teacher Loss: 0.833 | Teacher Train Acc: 82.536 | Student lr=0.0020 | Student Train Acc: 76.228 | Time: 143.039 |
[Eval] Epoch: 35 | Teacher Test Loss: 1.405 | Teacher Test Acc: 63.060 | Student Test Loss: 1.732 | Student Test Acc: 57.190 | Teacher Test F1: 0.630 | Student Test F1: 0.572 | Teacher Top 5 Accuracy: 0.872 | Student Top 5 Accuracy: 0.835 | Time: 2.356 | 
Running student landscape probe...
ckpt location: ckpt/robust12h_industry/cosine_innoise015_seed1_35ep.pt
