/home/jovyan/.mlspace/envs/egy_llm/lib/python3.11/site-packages/torchvision/datasets/cifar.py:83: VisibleDeprecationWarning: dtype(): align should be passed as Python or NumPy boolean but got `align=0`. Did you mean to pass a tuple to create a subarray type? (Deprecated NumPy 2.4)
  entry = pickle.load(f, encoding="latin1")
depth_list: [110, 20]
[NoisyClassificationDataset] num_classes=100 label_noise_rate=0.200 input_noise_std=0.0000 flipped=9886/50000
Dataset information: cifar100	 50000 images for training 	 10000 images for testing	
teacher depth: 110
student depth: 20
Total number of teacher parameters: 1,169,972
Total number of student parameters: 278,132
Snapshots will be saved to: snapshots/robust12h_industry/cosine_lblnoise020_seed2_35ep
==== train and evaluate unequal restart ====
[Eval] Epoch: 0 | Teacher Test Loss: 11623.433 | Teacher Test Acc: 1.000 | Student Test Loss: 6.044 | Student Test Acc: 1.110 | Teacher Test F1: 0.000 | Student Test F1: 0.000 | Teacher Top 5 Accuracy: 0.049 | Student Top 5 Accuracy: 0.052 | Time: 2.550 | 
Running student landscape probe...
[Train] Epoch: 1 | Teacher lr=1.0000 | Teacher Loss: 4.289 | Teacher Train Acc: 7.412 | Student lr=1.0000 | Student Train Acc: 13.304 | Time: 136.319 |
[Eval] Epoch: 1 | Teacher Test Loss: 3.734 | Teacher Test Acc: 11.960 | Student Test Loss: 3.299 | Student Test Acc: 19.260 | Teacher Test F1: 0.089 | Student Test F1: 0.163 | Teacher Top 5 Accuracy: 0.361 | Student Top 5 Accuracy: 0.496 | Time: 2.674 | 
Running student landscape probe...
[Train] Epoch: 2 | Teacher lr=0.9980 | Teacher Loss: 3.912 | Teacher Train Acc: 16.552 | Student lr=0.9980 | Student Train Acc: 27.708 | Time: 137.076 |
[Eval] Epoch: 2 | Teacher Test Loss: 3.281 | Teacher Test Acc: 19.540 | Student Test Loss: 2.950 | Student Test Acc: 27.050 | Teacher Test F1: 0.172 | Student Test F1: 0.254 | Teacher Top 5 Accuracy: 0.490 | Student Top 5 Accuracy: 0.585 | Time: 2.613 | 
Running student landscape probe...
[Train] Epoch: 3 | Teacher lr=0.9920 | Teacher Loss: 3.586 | Teacher Train Acc: 24.022 | Student lr=0.9920 | Student Train Acc: 33.828 | Time: 135.296 |
[Eval] Epoch: 3 | Teacher Test Loss: 2.726 | Teacher Test Acc: 29.930 | Student Test Loss: 2.720 | Student Test Acc: 31.340 | Teacher Test F1: 0.276 | Student Test F1: 0.299 | Teacher Top 5 Accuracy: 0.633 | Student Top 5 Accuracy: 0.637 | Time: 2.604 | 
Running student landscape probe...
[Train] Epoch: 4 | Teacher lr=0.9820 | Teacher Loss: 3.377 | Teacher Train Acc: 29.536 | Student lr=0.9820 | Student Train Acc: 36.752 | Time: 139.358 |
[Eval] Epoch: 4 | Teacher Test Loss: 2.566 | Teacher Test Acc: 34.390 | Student Test Loss: 2.649 | Student Test Acc: 33.020 | Teacher Test F1: 0.328 | Student Test F1: 0.318 | Teacher Top 5 Accuracy: 0.675 | Student Top 5 Accuracy: 0.650 | Time: 2.588 | 
Running student landscape probe...
[Train] Epoch: 5 | Teacher lr=0.9681 | Teacher Loss: 3.244 | Teacher Train Acc: 32.778 | Student lr=0.9681 | Student Train Acc: 38.800 | Time: 138.549 |
[Eval] Epoch: 5 | Teacher Test Loss: 2.528 | Teacher Test Acc: 35.460 | Student Test Loss: 3.220 | Student Test Acc: 22.900 | Teacher Test F1: 0.341 | Student Test F1: 0.223 | Teacher Top 5 Accuracy: 0.688 | Student Top 5 Accuracy: 0.535 | Time: 2.556 | 
Running student landscape probe...
[Train] Epoch: 6 | Teacher lr=0.9505 | Teacher Loss: 3.162 | Teacher Train Acc: 35.142 | Student lr=0.9505 | Student Train Acc: 40.072 | Time: 139.173 |
[Eval] Epoch: 6 | Teacher Test Loss: 2.445 | Teacher Test Acc: 37.560 | Student Test Loss: 2.838 | Student Test Acc: 30.040 | Teacher Test F1: 0.359 | Student Test F1: 0.297 | Teacher Top 5 Accuracy: 0.709 | Student Top 5 Accuracy: 0.624 | Time: 2.630 | 
Running student landscape probe...
[Train] Epoch: 7 | Teacher lr=0.9292 | Teacher Loss: 3.099 | Teacher Train Acc: 36.860 | Student lr=0.9292 | Student Train Acc: 41.014 | Time: 136.426 |
[Eval] Epoch: 7 | Teacher Test Loss: 2.348 | Teacher Test Acc: 39.720 | Student Test Loss: 2.895 | Student Test Acc: 30.960 | Teacher Test F1: 0.384 | Student Test F1: 0.312 | Teacher Top 5 Accuracy: 0.731 | Student Top 5 Accuracy: 0.604 | Time: 2.597 | 
Running student landscape probe...
[Train] Epoch: 8 | Teacher lr=0.9045 | Teacher Loss: 3.038 | Teacher Train Acc: 38.522 | Student lr=0.9045 | Student Train Acc: 41.966 | Time: 138.693 |
[Eval] Epoch: 8 | Teacher Test Loss: 2.256 | Teacher Test Acc: 41.710 | Student Test Loss: 2.502 | Student Test Acc: 37.990 | Teacher Test F1: 0.402 | Student Test F1: 0.364 | Teacher Top 5 Accuracy: 0.741 | Student Top 5 Accuracy: 0.694 | Time: 2.576 | 
Running student landscape probe...
[Train] Epoch: 9 | Teacher lr=0.8765 | Teacher Loss: 2.992 | Teacher Train Acc: 39.896 | Student lr=0.8765 | Student Train Acc: 42.796 | Time: 137.849 |
[Eval] Epoch: 9 | Teacher Test Loss: 2.194 | Teacher Test Acc: 43.430 | Student Test Loss: 2.495 | Student Test Acc: 37.830 | Teacher Test F1: 0.425 | Student Test F1: 0.374 | Teacher Top 5 Accuracy: 0.759 | Student Top 5 Accuracy: 0.688 | Time: 2.409 | 
Running student landscape probe...
[Train] Epoch: 10 | Teacher lr=0.8455 | Teacher Loss: 2.950 | Teacher Train Acc: 40.798 | Student lr=0.8455 | Student Train Acc: 43.010 | Time: 137.201 |
[Eval] Epoch: 10 | Teacher Test Loss: 2.233 | Teacher Test Acc: 43.130 | Student Test Loss: 2.558 | Student Test Acc: 37.110 | Teacher Test F1: 0.425 | Student Test F1: 0.379 | Teacher Top 5 Accuracy: 0.750 | Student Top 5 Accuracy: 0.694 | Time: 2.543 | 
Running student landscape probe...
[Train] Epoch: 11 | Teacher lr=0.8117 | Teacher Loss: 2.902 | Teacher Train Acc: 42.340 | Student lr=0.8117 | Student Train Acc: 43.872 | Time: 138.330 |
[Eval] Epoch: 11 | Teacher Test Loss: 2.228 | Teacher Test Acc: 43.660 | Student Test Loss: 2.405 | Student Test Acc: 40.180 | Teacher Test F1: 0.427 | Student Test F1: 0.394 | Teacher Top 5 Accuracy: 0.750 | Student Top 5 Accuracy: 0.723 | Time: 2.686 | 
Running student landscape probe...
[Train] Epoch: 12 | Teacher lr=0.7754 | Teacher Loss: 2.860 | Teacher Train Acc: 43.334 | Student lr=0.7754 | Student Train Acc: 44.538 | Time: 137.346 |
[Eval] Epoch: 12 | Teacher Test Loss: 1.948 | Teacher Test Acc: 50.100 | Student Test Loss: 2.629 | Student Test Acc: 35.920 | Teacher Test F1: 0.492 | Student Test F1: 0.348 | Teacher Top 5 Accuracy: 0.808 | Student Top 5 Accuracy: 0.659 | Time: 2.552 | 
Running student landscape probe...
[Train] Epoch: 13 | Teacher lr=0.7369 | Teacher Loss: 2.819 | Teacher Train Acc: 44.330 | Student lr=0.7369 | Student Train Acc: 45.210 | Time: 138.025 |
[Eval] Epoch: 13 | Teacher Test Loss: 1.981 | Teacher Test Acc: 48.860 | Student Test Loss: 2.694 | Student Test Acc: 33.690 | Teacher Test F1: 0.476 | Student Test F1: 0.331 | Teacher Top 5 Accuracy: 0.803 | Student Top 5 Accuracy: 0.651 | Time: 2.575 | 
Running student landscape probe...
[Train] Epoch: 14 | Teacher lr=0.6965 | Teacher Loss: 2.777 | Teacher Train Acc: 45.698 | Student lr=0.6965 | Student Train Acc: 45.752 | Time: 137.952 |
[Eval] Epoch: 14 | Teacher Test Loss: 1.895 | Teacher Test Acc: 51.320 | Student Test Loss: 2.383 | Student Test Acc: 39.450 | Teacher Test F1: 0.510 | Student Test F1: 0.385 | Teacher Top 5 Accuracy: 0.809 | Student Top 5 Accuracy: 0.715 | Time: 2.644 | 
Running student landscape probe...
[Train] Epoch: 15 | Teacher lr=0.6545 | Teacher Loss: 2.745 | Teacher Train Acc: 46.456 | Student lr=0.6545 | Student Train Acc: 46.518 | Time: 138.489 |
[Eval] Epoch: 15 | Teacher Test Loss: 2.047 | Teacher Test Acc: 48.270 | Student Test Loss: 2.488 | Student Test Acc: 40.090 | Teacher Test F1: 0.487 | Student Test F1: 0.386 | Teacher Top 5 Accuracy: 0.797 | Student Top 5 Accuracy: 0.709 | Time: 2.643 | 
Running student landscape probe...
[Train] Epoch: 16 | Teacher lr=0.6113 | Teacher Loss: 2.696 | Teacher Train Acc: 47.602 | Student lr=0.6113 | Student Train Acc: 47.054 | Time: 136.856 |
[Eval] Epoch: 16 | Teacher Test Loss: 1.800 | Teacher Test Acc: 52.850 | Student Test Loss: 2.382 | Student Test Acc: 39.550 | Teacher Test F1: 0.529 | Student Test F1: 0.390 | Teacher Top 5 Accuracy: 0.823 | Student Top 5 Accuracy: 0.716 | Time: 2.691 | 
Running student landscape probe...
[Train] Epoch: 17 | Teacher lr=0.5671 | Teacher Loss: 2.662 | Teacher Train Acc: 48.360 | Student lr=0.5671 | Student Train Acc: 47.862 | Time: 135.635 |
[Eval] Epoch: 17 | Teacher Test Loss: 1.861 | Teacher Test Acc: 52.050 | Student Test Loss: 2.354 | Student Test Acc: 40.090 | Teacher Test F1: 0.520 | Student Test F1: 0.403 | Teacher Top 5 Accuracy: 0.820 | Student Top 5 Accuracy: 0.724 | Time: 2.612 | 
Running student landscape probe...
[Train] Epoch: 18 | Teacher lr=0.5224 | Teacher Loss: 2.620 | Teacher Train Acc: 49.582 | Student lr=0.5224 | Student Train Acc: 48.470 | Time: 137.244 |
[Eval] Epoch: 18 | Teacher Test Loss: 1.686 | Teacher Test Acc: 56.910 | Student Test Loss: 2.441 | Student Test Acc: 39.470 | Teacher Test F1: 0.564 | Student Test F1: 0.397 | Teacher Top 5 Accuracy: 0.852 | Student Top 5 Accuracy: 0.717 | Time: 2.752 | 
Running student landscape probe...
[Train] Epoch: 19 | Teacher lr=0.4776 | Teacher Loss: 2.577 | Teacher Train Acc: 50.640 | Student lr=0.4776 | Student Train Acc: 49.334 | Time: 136.612 |
[Eval] Epoch: 19 | Teacher Test Loss: 1.736 | Teacher Test Acc: 54.950 | Student Test Loss: 2.250 | Student Test Acc: 44.420 | Teacher Test F1: 0.546 | Student Test F1: 0.431 | Teacher Top 5 Accuracy: 0.841 | Student Top 5 Accuracy: 0.747 | Time: 2.680 | 
Running student landscape probe...
[Train] Epoch: 20 | Teacher lr=0.4329 | Teacher Loss: 2.538 | Teacher Train Acc: 51.652 | Student lr=0.4329 | Student Train Acc: 49.974 | Time: 136.687 |
[Eval] Epoch: 20 | Teacher Test Loss: 1.753 | Teacher Test Acc: 55.710 | Student Test Loss: 2.271 | Student Test Acc: 43.900 | Teacher Test F1: 0.559 | Student Test F1: 0.436 | Teacher Top 5 Accuracy: 0.843 | Student Top 5 Accuracy: 0.743 | Time: 2.780 | 
Running student landscape probe...
[Train] Epoch: 21 | Teacher lr=0.3887 | Teacher Loss: 2.493 | Teacher Train Acc: 52.918 | Student lr=0.3887 | Student Train Acc: 50.834 | Time: 138.291 |
[Eval] Epoch: 21 | Teacher Test Loss: 1.600 | Teacher Test Acc: 59.480 | Student Test Loss: 1.978 | Student Test Acc: 49.840 | Teacher Test F1: 0.592 | Student Test F1: 0.495 | Teacher Top 5 Accuracy: 0.868 | Student Top 5 Accuracy: 0.797 | Time: 2.568 | 
Running student landscape probe...
[Train] Epoch: 22 | Teacher lr=0.3455 | Teacher Loss: 2.444 | Teacher Train Acc: 54.012 | Student lr=0.3455 | Student Train Acc: 51.648 | Time: 137.393 |
[Eval] Epoch: 22 | Teacher Test Loss: 1.619 | Teacher Test Acc: 58.840 | Student Test Loss: 1.981 | Student Test Acc: 48.580 | Teacher Test F1: 0.590 | Student Test F1: 0.486 | Teacher Top 5 Accuracy: 0.854 | Student Top 5 Accuracy: 0.793 | Time: 2.492 | 
Running student landscape probe...
[Train] Epoch: 23 | Teacher lr=0.3035 | Teacher Loss: 2.394 | Teacher Train Acc: 55.594 | Student lr=0.3035 | Student Train Acc: 52.454 | Time: 137.926 |
[Eval] Epoch: 23 | Teacher Test Loss: 1.548 | Teacher Test Acc: 60.540 | Student Test Loss: 1.954 | Student Test Acc: 50.890 | Teacher Test F1: 0.605 | Student Test F1: 0.510 | Teacher Top 5 Accuracy: 0.874 | Student Top 5 Accuracy: 0.800 | Time: 2.573 | 
Running student landscape probe...
[Train] Epoch: 24 | Teacher lr=0.2631 | Teacher Loss: 2.341 | Teacher Train Acc: 56.702 | Student lr=0.2631 | Student Train Acc: 53.282 | Time: 137.074 |
[Eval] Epoch: 24 | Teacher Test Loss: 1.497 | Teacher Test Acc: 61.930 | Student Test Loss: 2.094 | Student Test Acc: 48.220 | Teacher Test F1: 0.614 | Student Test F1: 0.476 | Teacher Top 5 Accuracy: 0.878 | Student Top 5 Accuracy: 0.769 | Time: 2.537 | 
Running student landscape probe...
[Train] Epoch: 25 | Teacher lr=0.2246 | Teacher Loss: 2.283 | Teacher Train Acc: 58.178 | Student lr=0.2246 | Student Train Acc: 54.528 | Time: 136.533 |
[Eval] Epoch: 25 | Teacher Test Loss: 1.532 | Teacher Test Acc: 61.170 | Student Test Loss: 1.807 | Student Test Acc: 54.270 | Teacher Test F1: 0.609 | Student Test F1: 0.541 | Teacher Top 5 Accuracy: 0.876 | Student Top 5 Accuracy: 0.826 | Time: 2.740 | 
Running student landscape probe...
[Train] Epoch: 26 | Teacher lr=0.1883 | Teacher Loss: 2.221 | Teacher Train Acc: 59.602 | Student lr=0.1883 | Student Train Acc: 55.638 | Time: 138.099 |
[Eval] Epoch: 26 | Teacher Test Loss: 1.399 | Teacher Test Acc: 64.520 | Student Test Loss: 1.943 | Student Test Acc: 52.360 | Teacher Test F1: 0.646 | Student Test F1: 0.522 | Teacher Top 5 Accuracy: 0.892 | Student Top 5 Accuracy: 0.802 | Time: 2.647 | 
Running student landscape probe...
[Train] Epoch: 27 | Teacher lr=0.1545 | Teacher Loss: 2.158 | Teacher Train Acc: 61.226 | Student lr=0.1545 | Student Train Acc: 56.442 | Time: 137.298 |
[Eval] Epoch: 27 | Teacher Test Loss: 1.356 | Teacher Test Acc: 65.440 | Student Test Loss: 1.742 | Student Test Acc: 55.790 | Teacher Test F1: 0.651 | Student Test F1: 0.557 | Teacher Top 5 Accuracy: 0.892 | Student Top 5 Accuracy: 0.835 | Time: 2.660 | 
Running student landscape probe...
[Train] Epoch: 28 | Teacher lr=0.1235 | Teacher Loss: 2.091 | Teacher Train Acc: 62.778 | Student lr=0.1235 | Student Train Acc: 57.656 | Time: 137.027 |
[Eval] Epoch: 28 | Teacher Test Loss: 1.334 | Teacher Test Acc: 66.650 | Student Test Loss: 1.916 | Student Test Acc: 53.250 | Teacher Test F1: 0.664 | Student Test F1: 0.529 | Teacher Top 5 Accuracy: 0.893 | Student Top 5 Accuracy: 0.801 | Time: 2.706 | 
Running student landscape probe...
[Train] Epoch: 29 | Teacher lr=0.0955 | Teacher Loss: 2.023 | Teacher Train Acc: 64.056 | Student lr=0.0955 | Student Train Acc: 58.942 | Time: 136.245 |
[Eval] Epoch: 29 | Teacher Test Loss: 1.288 | Teacher Test Acc: 67.170 | Student Test Loss: 1.826 | Student Test Acc: 54.930 | Teacher Test F1: 0.672 | Student Test F1: 0.547 | Teacher Top 5 Accuracy: 0.903 | Student Top 5 Accuracy: 0.813 | Time: 2.738 | 
Running student landscape probe...
[Train] Epoch: 30 | Teacher lr=0.0708 | Teacher Loss: 1.943 | Teacher Train Acc: 66.164 | Student lr=0.0708 | Student Train Acc: 59.962 | Time: 136.261 |
[Eval] Epoch: 30 | Teacher Test Loss: 1.248 | Teacher Test Acc: 68.240 | Student Test Loss: 1.626 | Student Test Acc: 58.800 | Teacher Test F1: 0.680 | Student Test F1: 0.587 | Teacher Top 5 Accuracy: 0.904 | Student Top 5 Accuracy: 0.848 | Time: 2.706 | 
Running student landscape probe...
[Train] Epoch: 31 | Teacher lr=0.0495 | Teacher Loss: 1.873 | Teacher Train Acc: 67.588 | Student lr=0.0495 | Student Train Acc: 61.580 | Time: 136.808 |
[Eval] Epoch: 31 | Teacher Test Loss: 1.252 | Teacher Test Acc: 68.080 | Student Test Loss: 1.529 | Student Test Acc: 61.120 | Teacher Test F1: 0.682 | Student Test F1: 0.612 | Teacher Top 5 Accuracy: 0.904 | Student Top 5 Accuracy: 0.860 | Time: 2.513 | 
Running student landscape probe...
[Train] Epoch: 32 | Teacher lr=0.0319 | Teacher Loss: 1.798 | Teacher Train Acc: 69.084 | Student lr=0.0319 | Student Train Acc: 63.022 | Time: 136.780 |
[Eval] Epoch: 32 | Teacher Test Loss: 1.212 | Teacher Test Acc: 69.030 | Student Test Loss: 1.535 | Student Test Acc: 60.860 | Teacher Test F1: 0.689 | Student Test F1: 0.609 | Teacher Top 5 Accuracy: 0.908 | Student Top 5 Accuracy: 0.861 | Time: 2.589 | 
Running student landscape probe...
[Train] Epoch: 33 | Teacher lr=0.0180 | Teacher Loss: 1.735 | Teacher Train Acc: 70.550 | Student lr=0.0180 | Student Train Acc: 64.054 | Time: 134.448 |
[Eval] Epoch: 33 | Teacher Test Loss: 1.208 | Teacher Test Acc: 69.370 | Student Test Loss: 1.480 | Student Test Acc: 62.490 | Teacher Test F1: 0.693 | Student Test F1: 0.625 | Teacher Top 5 Accuracy: 0.906 | Student Top 5 Accuracy: 0.868 | Time: 2.653 | 
Running student landscape probe...
[Train] Epoch: 34 | Teacher lr=0.0080 | Teacher Loss: 1.679 | Teacher Train Acc: 71.486 | Student lr=0.0080 | Student Train Acc: 65.064 | Time: 137.360 |
[Eval] Epoch: 34 | Teacher Test Loss: 1.194 | Teacher Test Acc: 69.460 | Student Test Loss: 1.457 | Student Test Acc: 63.080 | Teacher Test F1: 0.694 | Student Test F1: 0.630 | Teacher Top 5 Accuracy: 0.909 | Student Top 5 Accuracy: 0.872 | Time: 2.772 | 
Running student landscape probe...
[Train] Epoch: 35 | Teacher lr=0.0020 | Teacher Loss: 1.652 | Teacher Train Acc: 72.058 | Student lr=0.0020 | Student Train Acc: 65.694 | Time: 136.369 |
[Eval] Epoch: 35 | Teacher Test Loss: 1.194 | Teacher Test Acc: 69.660 | Student Test Loss: 1.432 | Student Test Acc: 63.610 | Teacher Test F1: 0.696 | Student Test F1: 0.635 | Teacher Top 5 Accuracy: 0.909 | Student Top 5 Accuracy: 0.877 | Time: 2.440 | 
Running student landscape probe...
ckpt location: ckpt/robust12h_industry/cosine_lblnoise020_seed2_35ep.pt
