/home/jovyan/.mlspace/envs/egy_llm/lib/python3.11/site-packages/torchvision/datasets/cifar.py:83: VisibleDeprecationWarning: dtype(): align should be passed as Python or NumPy boolean but got `align=0`. Did you mean to pass a tuple to create a subarray type? (Deprecated NumPy 2.4)
  entry = pickle.load(f, encoding="latin1")
depth_list: [110, 20]
[NoisyClassificationDataset] num_classes=100 label_noise_rate=0.300 input_noise_std=0.0000 flipped=14958/50000
Dataset information: cifar100	 50000 images for training 	 10000 images for testing	
teacher depth: 110
student depth: 20
Total number of teacher parameters: 1,169,972
Total number of student parameters: 278,132
Snapshots will be saved to: snapshots/robust12h_industry/cosine_lblnoise030_seed3_35ep
==== train and evaluate unequal restart ====
[Eval] Epoch: 0 | Teacher Test Loss: 9743.739 | Teacher Test Acc: 1.130 | Student Test Loss: 5.207 | Student Test Acc: 1.000 | Teacher Test F1: 0.001 | Student Test F1: 0.000 | Teacher Top 5 Accuracy: 0.048 | Student Top 5 Accuracy: 0.047 | Time: 2.491 | 
Running student landscape probe...
[Train] Epoch: 1 | Teacher lr=1.0000 | Teacher Loss: 4.390 | Teacher Train Acc: 6.194 | Student lr=1.0000 | Student Train Acc: 11.134 | Time: 135.926 |
[Eval] Epoch: 1 | Teacher Test Loss: 3.870 | Teacher Test Acc: 10.410 | Student Test Loss: 3.428 | Student Test Acc: 19.290 | Teacher Test F1: 0.068 | Student Test F1: 0.160 | Teacher Top 5 Accuracy: 0.316 | Student Top 5 Accuracy: 0.464 | Time: 2.751 | 
Running student landscape probe...
[Train] Epoch: 2 | Teacher lr=0.9980 | Teacher Loss: 4.113 | Teacher Train Acc: 13.254 | Student lr=0.9980 | Student Train Acc: 22.736 | Time: 138.190 |
[Eval] Epoch: 2 | Teacher Test Loss: 3.365 | Teacher Test Acc: 18.860 | Student Test Loss: 3.438 | Student Test Acc: 18.310 | Teacher Test F1: 0.166 | Student Test F1: 0.169 | Teacher Top 5 Accuracy: 0.490 | Student Top 5 Accuracy: 0.453 | Time: 2.743 | 
Running student landscape probe...
[Train] Epoch: 3 | Teacher lr=0.9920 | Teacher Loss: 3.870 | Teacher Train Acc: 19.282 | Student lr=0.9920 | Student Train Acc: 27.548 | Time: 135.769 |
[Eval] Epoch: 3 | Teacher Test Loss: 3.054 | Teacher Test Acc: 24.810 | Student Test Loss: 3.289 | Student Test Acc: 21.400 | Teacher Test F1: 0.225 | Student Test F1: 0.190 | Teacher Top 5 Accuracy: 0.572 | Student Top 5 Accuracy: 0.498 | Time: 2.654 | 
Running student landscape probe...
[Train] Epoch: 4 | Teacher lr=0.9820 | Teacher Loss: 3.734 | Teacher Train Acc: 22.838 | Student lr=0.9820 | Student Train Acc: 29.876 | Time: 133.695 |
[Eval] Epoch: 4 | Teacher Test Loss: 3.064 | Teacher Test Acc: 24.670 | Student Test Loss: 2.835 | Student Test Acc: 31.740 | Teacher Test F1: 0.225 | Student Test F1: 0.300 | Teacher Top 5 Accuracy: 0.554 | Student Top 5 Accuracy: 0.620 | Time: 2.497 | 
Running student landscape probe...
[Train] Epoch: 5 | Teacher lr=0.9681 | Teacher Loss: 3.624 | Teacher Train Acc: 26.172 | Student lr=0.9681 | Student Train Acc: 31.894 | Time: 136.993 |
[Eval] Epoch: 5 | Teacher Test Loss: 2.639 | Teacher Test Acc: 34.370 | Student Test Loss: 2.704 | Student Test Acc: 32.870 | Teacher Test F1: 0.329 | Student Test F1: 0.320 | Teacher Top 5 Accuracy: 0.669 | Student Top 5 Accuracy: 0.655 | Time: 2.512 | 
Running student landscape probe...
[Train] Epoch: 6 | Teacher lr=0.9505 | Teacher Loss: 3.573 | Teacher Train Acc: 27.266 | Student lr=0.9505 | Student Train Acc: 32.728 | Time: 137.038 |
[Eval] Epoch: 6 | Teacher Test Loss: 2.658 | Teacher Test Acc: 33.740 | Student Test Loss: 2.605 | Student Test Acc: 35.660 | Teacher Test F1: 0.323 | Student Test F1: 0.339 | Teacher Top 5 Accuracy: 0.648 | Student Top 5 Accuracy: 0.677 | Time: 2.560 | 
Running student landscape probe...
[Train] Epoch: 7 | Teacher lr=0.9292 | Teacher Loss: 3.496 | Teacher Train Acc: 29.550 | Student lr=0.9292 | Student Train Acc: 33.476 | Time: 134.386 |
[Eval] Epoch: 7 | Teacher Test Loss: 2.821 | Teacher Test Acc: 29.810 | Student Test Loss: 3.118 | Student Test Acc: 25.700 | Teacher Test F1: 0.283 | Student Test F1: 0.243 | Teacher Top 5 Accuracy: 0.630 | Student Top 5 Accuracy: 0.561 | Time: 2.503 | 
Running student landscape probe...
[Train] Epoch: 8 | Teacher lr=0.9045 | Teacher Loss: 3.450 | Teacher Train Acc: 31.054 | Student lr=0.9045 | Student Train Acc: 34.346 | Time: 136.996 |
[Eval] Epoch: 8 | Teacher Test Loss: 2.545 | Teacher Test Acc: 37.170 | Student Test Loss: 2.587 | Student Test Acc: 36.130 | Teacher Test F1: 0.359 | Student Test F1: 0.350 | Teacher Top 5 Accuracy: 0.688 | Student Top 5 Accuracy: 0.679 | Time: 2.463 | 
Running student landscape probe...
[Train] Epoch: 9 | Teacher lr=0.8765 | Teacher Loss: 3.410 | Teacher Train Acc: 32.114 | Student lr=0.8765 | Student Train Acc: 35.128 | Time: 137.045 |
[Eval] Epoch: 9 | Teacher Test Loss: 2.486 | Teacher Test Acc: 37.710 | Student Test Loss: 2.546 | Student Test Acc: 37.680 | Teacher Test F1: 0.365 | Student Test F1: 0.367 | Teacher Top 5 Accuracy: 0.716 | Student Top 5 Accuracy: 0.691 | Time: 2.456 | 
Running student landscape probe...
[Train] Epoch: 10 | Teacher lr=0.8455 | Teacher Loss: 3.369 | Teacher Train Acc: 33.040 | Student lr=0.8455 | Student Train Acc: 35.532 | Time: 136.712 |
[Eval] Epoch: 10 | Teacher Test Loss: 2.736 | Teacher Test Acc: 34.880 | Student Test Loss: 2.872 | Student Test Acc: 30.740 | Teacher Test F1: 0.327 | Student Test F1: 0.293 | Teacher Top 5 Accuracy: 0.657 | Student Top 5 Accuracy: 0.609 | Time: 2.362 | 
Running student landscape probe...
[Train] Epoch: 11 | Teacher lr=0.8117 | Teacher Loss: 3.345 | Teacher Train Acc: 33.884 | Student lr=0.8117 | Student Train Acc: 36.224 | Time: 137.255 |
[Eval] Epoch: 11 | Teacher Test Loss: 2.441 | Teacher Test Acc: 40.250 | Student Test Loss: 2.382 | Student Test Acc: 42.840 | Teacher Test F1: 0.385 | Student Test F1: 0.410 | Teacher Top 5 Accuracy: 0.725 | Student Top 5 Accuracy: 0.736 | Time: 2.495 | 
Running student landscape probe...
[Train] Epoch: 12 | Teacher lr=0.7754 | Teacher Loss: 3.294 | Teacher Train Acc: 35.286 | Student lr=0.7754 | Student Train Acc: 37.050 | Time: 137.310 |
[Eval] Epoch: 12 | Teacher Test Loss: 2.233 | Teacher Test Acc: 43.740 | Student Test Loss: 2.450 | Student Test Acc: 39.310 | Teacher Test F1: 0.426 | Student Test F1: 0.379 | Teacher Top 5 Accuracy: 0.761 | Student Top 5 Accuracy: 0.711 | Time: 2.443 | 
Running student landscape probe...
[Train] Epoch: 13 | Teacher lr=0.7369 | Teacher Loss: 3.267 | Teacher Train Acc: 35.752 | Student lr=0.7369 | Student Train Acc: 37.560 | Time: 138.296 |
[Eval] Epoch: 13 | Teacher Test Loss: 2.291 | Teacher Test Acc: 43.580 | Student Test Loss: 2.816 | Student Test Acc: 31.040 | Teacher Test F1: 0.429 | Student Test F1: 0.320 | Teacher Top 5 Accuracy: 0.750 | Student Top 5 Accuracy: 0.633 | Time: 2.524 | 
Running student landscape probe...
[Train] Epoch: 14 | Teacher lr=0.6965 | Teacher Loss: 3.227 | Teacher Train Acc: 37.350 | Student lr=0.6965 | Student Train Acc: 38.206 | Time: 134.869 |
[Eval] Epoch: 14 | Teacher Test Loss: 2.213 | Teacher Test Acc: 46.050 | Student Test Loss: 2.540 | Student Test Acc: 38.100 | Teacher Test F1: 0.453 | Student Test F1: 0.379 | Teacher Top 5 Accuracy: 0.784 | Student Top 5 Accuracy: 0.699 | Time: 2.437 | 
Running student landscape probe...
[Train] Epoch: 15 | Teacher lr=0.6545 | Teacher Loss: 3.198 | Teacher Train Acc: 37.782 | Student lr=0.6545 | Student Train Acc: 38.790 | Time: 136.833 |
[Eval] Epoch: 15 | Teacher Test Loss: 2.211 | Teacher Test Acc: 46.560 | Student Test Loss: 2.385 | Student Test Acc: 41.810 | Teacher Test F1: 0.456 | Student Test F1: 0.413 | Teacher Top 5 Accuracy: 0.784 | Student Top 5 Accuracy: 0.729 | Time: 2.449 | 
Running student landscape probe...
[Train] Epoch: 16 | Teacher lr=0.6113 | Teacher Loss: 3.154 | Teacher Train Acc: 38.838 | Student lr=0.6113 | Student Train Acc: 39.300 | Time: 134.830 |
[Eval] Epoch: 16 | Teacher Test Loss: 2.227 | Teacher Test Acc: 44.420 | Student Test Loss: 2.408 | Student Test Acc: 40.880 | Teacher Test F1: 0.434 | Student Test F1: 0.405 | Teacher Top 5 Accuracy: 0.756 | Student Top 5 Accuracy: 0.726 | Time: 2.564 | 
Running student landscape probe...
[Train] Epoch: 17 | Teacher lr=0.5671 | Teacher Loss: 3.120 | Teacher Train Acc: 39.890 | Student lr=0.5671 | Student Train Acc: 40.138 | Time: 135.339 |
[Eval] Epoch: 17 | Teacher Test Loss: 2.140 | Teacher Test Acc: 47.770 | Student Test Loss: 2.235 | Student Test Acc: 43.590 | Teacher Test F1: 0.477 | Student Test F1: 0.437 | Teacher Top 5 Accuracy: 0.783 | Student Top 5 Accuracy: 0.752 | Time: 2.640 | 
Running student landscape probe...
[Train] Epoch: 18 | Teacher lr=0.5224 | Teacher Loss: 3.084 | Teacher Train Acc: 40.832 | Student lr=0.5224 | Student Train Acc: 40.636 | Time: 136.506 |
[Eval] Epoch: 18 | Teacher Test Loss: 2.035 | Teacher Test Acc: 49.370 | Student Test Loss: 2.280 | Student Test Acc: 44.210 | Teacher Test F1: 0.488 | Student Test F1: 0.440 | Teacher Top 5 Accuracy: 0.803 | Student Top 5 Accuracy: 0.752 | Time: 2.441 | 
Running student landscape probe...
[Train] Epoch: 19 | Teacher lr=0.4776 | Teacher Loss: 3.044 | Teacher Train Acc: 41.800 | Student lr=0.4776 | Student Train Acc: 41.398 | Time: 137.393 |
[Eval] Epoch: 19 | Teacher Test Loss: 1.973 | Teacher Test Acc: 51.820 | Student Test Loss: 2.303 | Student Test Acc: 43.350 | Teacher Test F1: 0.513 | Student Test F1: 0.435 | Teacher Top 5 Accuracy: 0.825 | Student Top 5 Accuracy: 0.746 | Time: 2.399 | 
Running student landscape probe...
[Train] Epoch: 20 | Teacher lr=0.4329 | Teacher Loss: 3.003 | Teacher Train Acc: 42.882 | Student lr=0.4329 | Student Train Acc: 41.936 | Time: 137.041 |
[Eval] Epoch: 20 | Teacher Test Loss: 1.934 | Teacher Test Acc: 52.590 | Student Test Loss: 2.282 | Student Test Acc: 43.920 | Teacher Test F1: 0.524 | Student Test F1: 0.444 | Teacher Top 5 Accuracy: 0.828 | Student Top 5 Accuracy: 0.756 | Time: 2.142 | 
Running student landscape probe...
[Train] Epoch: 21 | Teacher lr=0.3887 | Teacher Loss: 2.964 | Teacher Train Acc: 44.040 | Student lr=0.3887 | Student Train Acc: 42.866 | Time: 135.179 |
[Eval] Epoch: 21 | Teacher Test Loss: 1.780 | Teacher Test Acc: 56.330 | Student Test Loss: 2.442 | Student Test Acc: 40.230 | Teacher Test F1: 0.558 | Student Test F1: 0.403 | Teacher Top 5 Accuracy: 0.844 | Student Top 5 Accuracy: 0.716 | Time: 2.434 | 
Running student landscape probe...
[Train] Epoch: 22 | Teacher lr=0.3455 | Teacher Loss: 2.914 | Teacher Train Acc: 45.050 | Student lr=0.3455 | Student Train Acc: 43.798 | Time: 136.789 |
[Eval] Epoch: 22 | Teacher Test Loss: 1.788 | Teacher Test Acc: 56.560 | Student Test Loss: 2.193 | Student Test Acc: 46.590 | Teacher Test F1: 0.558 | Student Test F1: 0.466 | Teacher Top 5 Accuracy: 0.851 | Student Top 5 Accuracy: 0.767 | Time: 2.434 | 
Running student landscape probe...
[Train] Epoch: 23 | Teacher lr=0.3035 | Teacher Loss: 2.875 | Teacher Train Acc: 46.064 | Student lr=0.3035 | Student Train Acc: 44.478 | Time: 138.179 |
[Eval] Epoch: 23 | Teacher Test Loss: 1.752 | Teacher Test Acc: 59.710 | Student Test Loss: 2.273 | Student Test Acc: 45.810 | Teacher Test F1: 0.594 | Student Test F1: 0.461 | Teacher Top 5 Accuracy: 0.864 | Student Top 5 Accuracy: 0.753 | Time: 2.474 | 
Running student landscape probe...
[Train] Epoch: 24 | Teacher lr=0.2631 | Teacher Loss: 2.825 | Teacher Train Acc: 47.234 | Student lr=0.2631 | Student Train Acc: 45.214 | Time: 137.249 |
[Eval] Epoch: 24 | Teacher Test Loss: 1.657 | Teacher Test Acc: 58.760 | Student Test Loss: 2.165 | Student Test Acc: 46.860 | Teacher Test F1: 0.586 | Student Test F1: 0.470 | Teacher Top 5 Accuracy: 0.860 | Student Top 5 Accuracy: 0.771 | Time: 2.387 | 
Running student landscape probe...
[Train] Epoch: 25 | Teacher lr=0.2246 | Teacher Loss: 2.771 | Teacher Train Acc: 48.588 | Student lr=0.2246 | Student Train Acc: 46.070 | Time: 134.931 |
[Eval] Epoch: 25 | Teacher Test Loss: 1.684 | Teacher Test Acc: 59.530 | Student Test Loss: 2.077 | Student Test Acc: 49.690 | Teacher Test F1: 0.595 | Student Test F1: 0.497 | Teacher Top 5 Accuracy: 0.862 | Student Top 5 Accuracy: 0.793 | Time: 2.399 | 
Running student landscape probe...
[Train] Epoch: 26 | Teacher lr=0.1883 | Teacher Loss: 2.717 | Teacher Train Acc: 49.738 | Student lr=0.1883 | Student Train Acc: 47.022 | Time: 137.004 |
[Eval] Epoch: 26 | Teacher Test Loss: 1.614 | Teacher Test Acc: 61.190 | Student Test Loss: 1.897 | Student Test Acc: 54.320 | Teacher Test F1: 0.609 | Student Test F1: 0.540 | Teacher Top 5 Accuracy: 0.874 | Student Top 5 Accuracy: 0.822 | Time: 2.603 | 
Running student landscape probe...
[Train] Epoch: 27 | Teacher lr=0.1545 | Teacher Loss: 2.659 | Teacher Train Acc: 51.118 | Student lr=0.1545 | Student Train Acc: 48.046 | Time: 136.710 |
[Eval] Epoch: 27 | Teacher Test Loss: 1.568 | Teacher Test Acc: 62.150 | Student Test Loss: 2.081 | Student Test Acc: 49.680 | Teacher Test F1: 0.620 | Student Test F1: 0.495 | Teacher Top 5 Accuracy: 0.875 | Student Top 5 Accuracy: 0.791 | Time: 2.562 | 
Running student landscape probe...
[Train] Epoch: 28 | Teacher lr=0.1235 | Teacher Loss: 2.594 | Teacher Train Acc: 52.602 | Student lr=0.1235 | Student Train Acc: 49.018 | Time: 134.646 |
[Eval] Epoch: 28 | Teacher Test Loss: 1.578 | Teacher Test Acc: 62.320 | Student Test Loss: 1.911 | Student Test Acc: 54.610 | Teacher Test F1: 0.625 | Student Test F1: 0.542 | Teacher Top 5 Accuracy: 0.874 | Student Top 5 Accuracy: 0.830 | Time: 2.565 | 
Running student landscape probe...
[Train] Epoch: 29 | Teacher lr=0.0955 | Teacher Loss: 2.523 | Teacher Train Acc: 53.972 | Student lr=0.0955 | Student Train Acc: 49.974 | Time: 136.357 |
[Eval] Epoch: 29 | Teacher Test Loss: 1.508 | Teacher Test Acc: 64.430 | Student Test Loss: 1.821 | Student Test Acc: 56.210 | Teacher Test F1: 0.642 | Student Test F1: 0.561 | Teacher Top 5 Accuracy: 0.882 | Student Top 5 Accuracy: 0.832 | Time: 2.463 | 
Running student landscape probe...
[Train] Epoch: 30 | Teacher lr=0.0708 | Teacher Loss: 2.451 | Teacher Train Acc: 55.496 | Student lr=0.0708 | Student Train Acc: 51.354 | Time: 133.697 |
[Eval] Epoch: 30 | Teacher Test Loss: 1.441 | Teacher Test Acc: 65.460 | Student Test Loss: 1.738 | Student Test Acc: 57.400 | Teacher Test F1: 0.652 | Student Test F1: 0.574 | Teacher Top 5 Accuracy: 0.886 | Student Top 5 Accuracy: 0.846 | Time: 2.584 | 
Running student landscape probe...
[Train] Epoch: 31 | Teacher lr=0.0495 | Teacher Loss: 2.378 | Teacher Train Acc: 57.126 | Student lr=0.0495 | Student Train Acc: 52.704 | Time: 137.617 |
[Eval] Epoch: 31 | Teacher Test Loss: 1.434 | Teacher Test Acc: 65.700 | Student Test Loss: 1.714 | Student Test Acc: 57.860 | Teacher Test F1: 0.655 | Student Test F1: 0.577 | Teacher Top 5 Accuracy: 0.892 | Student Top 5 Accuracy: 0.847 | Time: 2.406 | 
Running student landscape probe...
[Train] Epoch: 32 | Teacher lr=0.0319 | Teacher Loss: 2.303 | Teacher Train Acc: 58.558 | Student lr=0.0319 | Student Train Acc: 54.042 | Time: 138.136 |
[Eval] Epoch: 32 | Teacher Test Loss: 1.447 | Teacher Test Acc: 66.150 | Student Test Loss: 1.711 | Student Test Acc: 58.150 | Teacher Test F1: 0.658 | Student Test F1: 0.579 | Teacher Top 5 Accuracy: 0.890 | Student Top 5 Accuracy: 0.846 | Time: 2.527 | 
Running student landscape probe...
[Train] Epoch: 33 | Teacher lr=0.0180 | Teacher Loss: 2.232 | Teacher Train Acc: 60.070 | Student lr=0.0180 | Student Train Acc: 55.034 | Time: 133.709 |
[Eval] Epoch: 33 | Teacher Test Loss: 1.408 | Teacher Test Acc: 66.720 | Student Test Loss: 1.653 | Student Test Acc: 59.400 | Teacher Test F1: 0.666 | Student Test F1: 0.591 | Teacher Top 5 Accuracy: 0.894 | Student Top 5 Accuracy: 0.856 | Time: 2.506 | 
Running student landscape probe...
[Train] Epoch: 34 | Teacher lr=0.0080 | Teacher Loss: 2.183 | Teacher Train Acc: 60.808 | Student lr=0.0080 | Student Train Acc: 56.098 | Time: 136.571 |
[Eval] Epoch: 34 | Teacher Test Loss: 1.388 | Teacher Test Acc: 66.610 | Student Test Loss: 1.620 | Student Test Acc: 60.120 | Teacher Test F1: 0.664 | Student Test F1: 0.598 | Teacher Top 5 Accuracy: 0.895 | Student Top 5 Accuracy: 0.857 | Time: 2.607 | 
Running student landscape probe...
[Train] Epoch: 35 | Teacher lr=0.0020 | Teacher Loss: 2.148 | Teacher Train Acc: 61.584 | Student lr=0.0020 | Student Train Acc: 56.668 | Time: 134.111 |
[Eval] Epoch: 35 | Teacher Test Loss: 1.382 | Teacher Test Acc: 66.990 | Student Test Loss: 1.603 | Student Test Acc: 61.020 | Teacher Test F1: 0.668 | Student Test F1: 0.608 | Teacher Top 5 Accuracy: 0.895 | Student Top 5 Accuracy: 0.860 | Time: 2.248 | 
Running student landscape probe...
ckpt location: ckpt/robust12h_industry/cosine_lblnoise030_seed3_35ep.pt
