/home/jovyan/.mlspace/envs/egy_llm/lib/python3.11/site-packages/torchvision/datasets/cifar.py:83: VisibleDeprecationWarning: dtype(): align should be passed as Python or NumPy boolean but got `align=0`. Did you mean to pass a tuple to create a subarray type? (Deprecated NumPy 2.4)
  entry = pickle.load(f, encoding="latin1")
depth_list: [110, 20]
[LR policy] loaded checkpoint=checkpoints/policies_beatcos/patchtst_seed0/policy.pt,checkpoints/policies_beatcos/patchtst_seed2/policy.pt,checkpoints/policies_beatcos/patchtst_seed5/policy.pt,checkpoints/policies_beatcos/patchtst_seed7/policy.pt,checkpoints/policies_beatcos/patchtst_seed4/policy.pt model_type=patchtst input_dim=230 n_models=5
[NoisyClassificationDataset] num_classes=100 label_noise_rate=0.200 input_noise_std=0.0000 flipped=9956/50000
Dataset information: cifar100	 50000 images for training 	 10000 images for testing	
teacher depth: 110
student depth: 20
Total number of teacher parameters: 1,169,972
Total number of student parameters: 278,132
Snapshots will be saved to: snapshots/robust12h_industry/patchtst_compound_seed1_35ep
==== train and evaluate unequal restart ====
[Eval] Epoch: 0 | Teacher Test Loss: 12407.062 | Teacher Test Acc: 0.990 | Student Test Loss: 7.984 | Student Test Acc: 1.020 | Teacher Test F1: 0.000 | Student Test F1: 0.000 | Teacher Top 5 Accuracy: 0.050 | Student Top 5 Accuracy: 0.046 | Time: 2.940 | 
Running student landscape probe...
[Train] Epoch: 1 | Teacher lr=1.0000 | Teacher Loss: 4.326 | Teacher Train Acc: 6.066 | Student lr=0.0100 | Student Train Acc: 5.016 | Time: 140.696 |
[Eval] Epoch: 1 | Teacher Test Loss: 3.896 | Teacher Test Acc: 9.630 | Student Test Loss: 3.987 | Student Test Acc: 9.010 | Teacher Test F1: 0.063 | Student Test F1: 0.054 | Teacher Top 5 Accuracy: 0.295 | Student Top 5 Accuracy: 0.275 | Time: 2.412 | 
Running student landscape probe...
[LR policy] epoch=1 output=residual_log policy_pred=-0.249750 predicted_lr=0.777429 cosine_blend=0.750 lr_ema=0.000 cosine_after=0 next_student_lr=0.997989
[Train] Epoch: 2 | Teacher lr=0.9980 | Teacher Loss: 4.011 | Teacher Train Acc: 12.450 | Student lr=0.9980 | Student Train Acc: 14.206 | Time: 138.477 |
[Eval] Epoch: 2 | Teacher Test Loss: 3.525 | Teacher Test Acc: 16.730 | Student Test Loss: 3.333 | Student Test Acc: 19.290 | Teacher Test F1: 0.132 | Student Test F1: 0.162 | Teacher Top 5 Accuracy: 0.426 | Student Top 5 Accuracy: 0.469 | Time: 2.408 | 
Running student landscape probe...
[LR policy] epoch=2 output=residual_log policy_pred=-0.251381 predicted_lr=0.771483 cosine_blend=0.750 lr_ema=0.000 cosine_after=0 next_student_lr=0.991973
[Train] Epoch: 3 | Teacher lr=0.9920 | Teacher Loss: 3.737 | Teacher Train Acc: 19.792 | Student lr=0.9920 | Student Train Acc: 25.964 | Time: 136.349 |
[Eval] Epoch: 3 | Teacher Test Loss: 3.080 | Teacher Test Acc: 23.340 | Student Test Loss: 2.884 | Student Test Acc: 28.010 | Teacher Test F1: 0.209 | Student Test F1: 0.258 | Teacher Top 5 Accuracy: 0.547 | Student Top 5 Accuracy: 0.591 | Time: 2.448 | 
Running student landscape probe...
[LR policy] epoch=3 output=residual_log policy_pred=-0.273577 predicted_lr=0.746961 cosine_blend=0.750 lr_ema=0.000 cosine_after=0 next_student_lr=0.981999
[Train] Epoch: 4 | Teacher lr=0.9820 | Teacher Loss: 3.522 | Teacher Train Acc: 25.338 | Student lr=0.9820 | Student Train Acc: 32.018 | Time: 137.552 |
[Eval] Epoch: 4 | Teacher Test Loss: 2.923 | Teacher Test Acc: 27.160 | Student Test Loss: 2.689 | Student Test Acc: 31.490 | Teacher Test F1: 0.253 | Student Test F1: 0.293 | Teacher Top 5 Accuracy: 0.608 | Student Top 5 Accuracy: 0.646 | Time: 2.399 | 
Running student landscape probe...
[LR policy] epoch=4 output=residual_log policy_pred=-0.238079 predicted_lr=0.763038 cosine_blend=0.750 lr_ema=0.000 cosine_after=0 next_student_lr=0.968149
[Train] Epoch: 5 | Teacher lr=0.9681 | Teacher Loss: 3.355 | Teacher Train Acc: 29.834 | Student lr=0.9681 | Student Train Acc: 35.074 | Time: 138.091 |
[Eval] Epoch: 5 | Teacher Test Loss: 2.711 | Teacher Test Acc: 31.060 | Student Test Loss: 2.486 | Student Test Acc: 36.570 | Teacher Test F1: 0.289 | Student Test F1: 0.347 | Teacher Top 5 Accuracy: 0.639 | Student Top 5 Accuracy: 0.688 | Time: 2.386 | 
Running student landscape probe...
[LR policy] epoch=5 output=residual_log policy_pred=-0.268937 predicted_lr=0.726390 cosine_blend=0.750 lr_ema=0.000 cosine_after=0 next_student_lr=0.950534
[Train] Epoch: 6 | Teacher lr=0.9505 | Teacher Loss: 3.250 | Teacher Train Acc: 32.666 | Student lr=0.9505 | Student Train Acc: 37.330 | Time: 135.918 |
[Eval] Epoch: 6 | Teacher Test Loss: 2.679 | Teacher Test Acc: 32.380 | Student Test Loss: 2.484 | Student Test Acc: 37.530 | Teacher Test F1: 0.310 | Student Test F1: 0.365 | Teacher Top 5 Accuracy: 0.652 | Student Top 5 Accuracy: 0.694 | Time: 2.393 | 
Running student landscape probe...
[LR policy] epoch=6 output=residual_log policy_pred=-0.240535 predicted_lr=0.730618 cosine_blend=0.750 lr_ema=0.000 cosine_after=0 next_student_lr=0.929295
[Train] Epoch: 7 | Teacher lr=0.9292 | Teacher Loss: 3.173 | Teacher Train Acc: 34.748 | Student lr=0.9293 | Student Train Acc: 38.614 | Time: 138.260 |
[Eval] Epoch: 7 | Teacher Test Loss: 2.491 | Teacher Test Acc: 36.530 | Student Test Loss: 2.484 | Student Test Acc: 37.340 | Teacher Test F1: 0.344 | Student Test F1: 0.361 | Teacher Top 5 Accuracy: 0.688 | Student Top 5 Accuracy: 0.687 | Time: 2.383 | 
Running student landscape probe...
[LR policy] epoch=7 output=residual_log policy_pred=-0.271658 predicted_lr=0.689412 cosine_blend=0.750 lr_ema=0.000 cosine_after=0 next_student_lr=0.904604
[Train] Epoch: 8 | Teacher lr=0.9045 | Teacher Loss: 3.101 | Teacher Train Acc: 36.906 | Student lr=0.9046 | Student Train Acc: 39.874 | Time: 137.548 |
[Eval] Epoch: 8 | Teacher Test Loss: 3.062 | Teacher Test Acc: 26.340 | Student Test Loss: 2.592 | Student Test Acc: 35.300 | Teacher Test F1: 0.249 | Student Test F1: 0.349 | Teacher Top 5 Accuracy: 0.550 | Student Top 5 Accuracy: 0.667 | Time: 2.382 | 
Running student landscape probe...
[LR policy] epoch=8 output=residual_log policy_pred=-0.237651 predicted_lr=0.691226 cosine_blend=0.750 lr_ema=0.000 cosine_after=0 next_student_lr=0.876659
[Train] Epoch: 9 | Teacher lr=0.8765 | Teacher Loss: 3.048 | Teacher Train Acc: 38.112 | Student lr=0.8767 | Student Train Acc: 40.932 | Time: 138.562 |
[Eval] Epoch: 9 | Teacher Test Loss: 2.209 | Teacher Test Acc: 42.590 | Student Test Loss: 2.358 | Student Test Acc: 39.700 | Teacher Test F1: 0.412 | Student Test F1: 0.390 | Teacher Top 5 Accuracy: 0.749 | Student Top 5 Accuracy: 0.723 | Time: 2.364 | 
Running student landscape probe...
[LR policy] epoch=9 output=residual_log policy_pred=-0.270295 predicted_lr=0.645389 cosine_blend=0.750 lr_ema=0.000 cosine_after=0 next_student_lr=0.845686
[Train] Epoch: 10 | Teacher lr=0.8455 | Teacher Loss: 2.990 | Teacher Train Acc: 40.048 | Student lr=0.8457 | Student Train Acc: 41.798 | Time: 137.237 |
[Eval] Epoch: 10 | Teacher Test Loss: 2.123 | Teacher Test Acc: 44.270 | Student Test Loss: 2.576 | Student Test Acc: 35.560 | Teacher Test F1: 0.430 | Student Test F1: 0.337 | Teacher Top 5 Accuracy: 0.770 | Student Top 5 Accuracy: 0.666 | Time: 2.285 | 
Running student landscape probe...
[LR policy] epoch=10 output=residual_log policy_pred=-0.262582 predicted_lr=0.624428 cosine_blend=0.750 lr_ema=0.000 cosine_after=0 next_student_lr=0.811933
[Train] Epoch: 11 | Teacher lr=0.8117 | Teacher Loss: 2.939 | Teacher Train Acc: 41.200 | Student lr=0.8119 | Student Train Acc: 42.572 | Time: 137.821 |
[Eval] Epoch: 11 | Teacher Test Loss: 2.259 | Teacher Test Acc: 43.210 | Student Test Loss: 2.552 | Student Test Acc: 36.370 | Teacher Test F1: 0.432 | Student Test F1: 0.350 | Teacher Top 5 Accuracy: 0.746 | Student Top 5 Accuracy: 0.668 | Time: 2.472 | 
Running student landscape probe...
[LR policy] epoch=11 output=residual_log policy_pred=-0.260743 predicted_lr=0.597640 cosine_blend=0.750 lr_ema=0.000 cosine_after=0 next_student_lr=0.731165
[Train] Epoch: 12 | Teacher lr=0.7754 | Teacher Loss: 2.891 | Teacher Train Acc: 42.414 | Student lr=0.7312 | Student Train Acc: 43.660 | Time: 137.924 |
[Eval] Epoch: 12 | Teacher Test Loss: 2.119 | Teacher Test Acc: 47.450 | Student Test Loss: 2.519 | Student Test Acc: 36.620 | Teacher Test F1: 0.462 | Student Test F1: 0.348 | Teacher Top 5 Accuracy: 0.784 | Student Top 5 Accuracy: 0.680 | Time: 2.483 | 
Running student landscape probe...
[LR policy] epoch=12 output=residual_log policy_pred=-0.263244 predicted_lr=0.566576 cosine_blend=0.750 lr_ema=0.000 cosine_after=0 next_student_lr=0.694542
[Train] Epoch: 13 | Teacher lr=0.7369 | Teacher Loss: 2.848 | Teacher Train Acc: 43.698 | Student lr=0.6945 | Student Train Acc: 44.478 | Time: 137.033 |
[Eval] Epoch: 13 | Teacher Test Loss: 2.124 | Teacher Test Acc: 45.650 | Student Test Loss: 2.318 | Student Test Acc: 40.380 | Teacher Test F1: 0.446 | Student Test F1: 0.394 | Teacher Top 5 Accuracy: 0.776 | Student Top 5 Accuracy: 0.728 | Time: 2.440 | 
Running student landscape probe...
[LR policy] epoch=13 output=residual_log policy_pred=-0.263690 predicted_lr=0.535302 cosine_blend=0.750 lr_ema=0.000 cosine_after=0 next_student_lr=0.656438
[Train] Epoch: 14 | Teacher lr=0.6965 | Teacher Loss: 2.814 | Teacher Train Acc: 44.800 | Student lr=0.6564 | Student Train Acc: 45.052 | Time: 137.159 |
[Eval] Epoch: 14 | Teacher Test Loss: 2.069 | Teacher Test Acc: 47.800 | Student Test Loss: 2.445 | Student Test Acc: 38.740 | Teacher Test F1: 0.475 | Student Test F1: 0.384 | Teacher Top 5 Accuracy: 0.785 | Student Top 5 Accuracy: 0.693 | Time: 2.685 | 
Running student landscape probe...
[LR policy] epoch=14 output=residual_log policy_pred=-0.266715 predicted_lr=0.501547 cosine_blend=0.750 lr_ema=0.000 cosine_after=0 next_student_lr=0.616527
[shock] epoch=15 forcing student_lr=1.000000 (window=15..16)
[Train] Epoch: 15 | Teacher lr=0.6545 | Teacher Loss: 2.776 | Teacher Train Acc: 46.138 | Student lr=1.0000 | Student Train Acc: 42.578 | Time: 137.465 |
[Eval] Epoch: 15 | Teacher Test Loss: 1.856 | Teacher Test Acc: 52.980 | Student Test Loss: 2.605 | Student Test Acc: 36.000 | Teacher Test F1: 0.524 | Student Test F1: 0.343 | Teacher Top 5 Accuracy: 0.813 | Student Top 5 Accuracy: 0.662 | Time: 2.654 | 
Running student landscape probe...
[LR policy] epoch=15 output=residual_log policy_pred=-0.264544 predicted_lr=0.469475 cosine_blend=0.750 lr_ema=0.000 cosine_after=0 next_student_lr=0.576106
[shock] epoch=16 forcing student_lr=1.000000 (window=15..16)
[Train] Epoch: 16 | Teacher lr=0.6113 | Teacher Loss: 2.743 | Teacher Train Acc: 47.012 | Student lr=1.0000 | Student Train Acc: 42.746 | Time: 136.965 |
[Eval] Epoch: 16 | Teacher Test Loss: 1.797 | Teacher Test Acc: 53.480 | Student Test Loss: 2.481 | Student Test Acc: 38.450 | Teacher Test F1: 0.529 | Student Test F1: 0.372 | Teacher Top 5 Accuracy: 0.829 | Student Top 5 Accuracy: 0.685 | Time: 2.495 | 
Running student landscape probe...
[LR policy] epoch=16 output=residual_log policy_pred=-0.266654 predicted_lr=0.434708 cosine_blend=0.750 lr_ema=0.000 cosine_after=0 next_student_lr=0.534339
[Train] Epoch: 17 | Teacher lr=0.5671 | Teacher Loss: 2.681 | Teacher Train Acc: 47.942 | Student lr=0.5343 | Student Train Acc: 46.904 | Time: 138.156 |
[Eval] Epoch: 17 | Teacher Test Loss: 1.877 | Teacher Test Acc: 53.430 | Student Test Loss: 2.205 | Student Test Acc: 44.130 | Teacher Test F1: 0.523 | Student Test F1: 0.437 | Teacher Top 5 Accuracy: 0.826 | Student Top 5 Accuracy: 0.746 | Time: 2.580 | 
Running student landscape probe...
[LR policy] epoch=17 output=residual_log policy_pred=-0.261707 predicted_lr=0.402503 cosine_blend=0.750 lr_ema=0.000 cosine_after=0 next_student_lr=0.492808
[Train] Epoch: 18 | Teacher lr=0.5224 | Teacher Loss: 2.648 | Teacher Train Acc: 48.906 | Student lr=0.4928 | Student Train Acc: 47.822 | Time: 138.248 |
[Eval] Epoch: 18 | Teacher Test Loss: 1.802 | Teacher Test Acc: 54.490 | Student Test Loss: 2.175 | Student Test Acc: 45.130 | Teacher Test F1: 0.542 | Student Test F1: 0.447 | Teacher Top 5 Accuracy: 0.838 | Student Top 5 Accuracy: 0.751 | Time: 2.604 | 
Running student landscape probe...
[LR policy] epoch=18 output=residual_log policy_pred=-0.265747 predicted_lr=0.366520 cosine_blend=0.750 lr_ema=0.000 cosine_after=0 next_student_lr=0.450197
[Train] Epoch: 19 | Teacher lr=0.4776 | Teacher Loss: 2.602 | Teacher Train Acc: 50.102 | Student lr=0.4502 | Student Train Acc: 48.392 | Time: 137.669 |
[Eval] Epoch: 19 | Teacher Test Loss: 1.746 | Teacher Test Acc: 54.850 | Student Test Loss: 1.985 | Student Test Acc: 48.590 | Teacher Test F1: 0.544 | Student Test F1: 0.483 | Teacher Top 5 Accuracy: 0.840 | Student Top 5 Accuracy: 0.793 | Time: 2.623 | 
Running student landscape probe...
[LR policy] epoch=19 output=residual_log policy_pred=-0.264010 predicted_lr=0.332875 cosine_blend=0.750 lr_ema=0.000 cosine_after=0 next_student_lr=0.408307
[Train] Epoch: 20 | Teacher lr=0.4329 | Teacher Loss: 2.559 | Teacher Train Acc: 51.436 | Student lr=0.4083 | Student Train Acc: 49.436 | Time: 138.442 |
[Eval] Epoch: 20 | Teacher Test Loss: 1.716 | Teacher Test Acc: 56.780 | Student Test Loss: 2.171 | Student Test Acc: 44.560 | Teacher Test F1: 0.562 | Student Test F1: 0.450 | Teacher Top 5 Accuracy: 0.850 | Student Top 5 Accuracy: 0.757 | Time: 2.588 | 
Running student landscape probe...
[LR policy] epoch=20 output=residual_log policy_pred=-0.264500 predicted_lr=0.298862 cosine_blend=0.750 lr_ema=0.000 cosine_after=0 next_student_lr=0.366728
[Train] Epoch: 21 | Teacher lr=0.3887 | Teacher Loss: 2.516 | Teacher Train Acc: 52.228 | Student lr=0.3667 | Student Train Acc: 50.232 | Time: 138.359 |
[Eval] Epoch: 21 | Teacher Test Loss: 1.728 | Teacher Test Acc: 56.300 | Student Test Loss: 2.149 | Student Test Acc: 45.350 | Teacher Test F1: 0.564 | Student Test F1: 0.451 | Teacher Top 5 Accuracy: 0.850 | Student Top 5 Accuracy: 0.761 | Time: 2.580 | 
Running student landscape probe...
[LR policy] epoch=21 output=residual_log policy_pred=-0.263877 predicted_lr=0.265864 cosine_blend=0.750 lr_ema=0.000 cosine_after=0 next_student_lr=0.326075
[Train] Epoch: 22 | Teacher lr=0.3455 | Teacher Loss: 2.472 | Teacher Train Acc: 53.458 | Student lr=0.3261 | Student Train Acc: 50.770 | Time: 138.189 |
[Eval] Epoch: 22 | Teacher Test Loss: 1.667 | Teacher Test Acc: 57.210 | Student Test Loss: 2.460 | Student Test Acc: 39.060 | Teacher Test F1: 0.573 | Student Test F1: 0.406 | Teacher Top 5 Accuracy: 0.849 | Student Top 5 Accuracy: 0.694 | Time: 2.588 | 
Running student landscape probe...
[LR policy] epoch=22 output=residual_log policy_pred=-0.265632 predicted_lr=0.233224 cosine_blend=0.750 lr_ema=0.000 cosine_after=0 next_student_lr=0.286444
[Train] Epoch: 23 | Teacher lr=0.3035 | Teacher Loss: 2.415 | Teacher Train Acc: 54.784 | Student lr=0.2864 | Student Train Acc: 51.772 | Time: 137.048 |
[Eval] Epoch: 23 | Teacher Test Loss: 1.570 | Teacher Test Acc: 59.900 | Student Test Loss: 2.055 | Student Test Acc: 48.500 | Teacher Test F1: 0.595 | Student Test F1: 0.486 | Teacher Top 5 Accuracy: 0.866 | Student Top 5 Accuracy: 0.774 | Time: 2.581 | 
Running student landscape probe...
[LR policy] epoch=23 output=residual_log policy_pred=-0.263650 predicted_lr=0.202664 cosine_blend=0.750 lr_ema=0.000 cosine_after=0 next_student_lr=0.248518
[Train] Epoch: 24 | Teacher lr=0.2631 | Teacher Loss: 2.368 | Teacher Train Acc: 56.074 | Student lr=0.2485 | Student Train Acc: 52.790 | Time: 137.379 |
[Eval] Epoch: 24 | Teacher Test Loss: 1.523 | Teacher Test Acc: 61.570 | Student Test Loss: 1.805 | Student Test Acc: 53.610 | Teacher Test F1: 0.611 | Student Test F1: 0.530 | Teacher Top 5 Accuracy: 0.873 | Student Top 5 Accuracy: 0.822 | Time: 2.584 | 
Running student landscape probe...
[LR policy] epoch=24 output=residual_log policy_pred=-0.264949 predicted_lr=0.172881 cosine_blend=0.750 lr_ema=0.000 cosine_after=0 next_student_lr=0.212215
[Train] Epoch: 25 | Teacher lr=0.2246 | Teacher Loss: 2.308 | Teacher Train Acc: 57.684 | Student lr=0.2122 | Student Train Acc: 53.694 | Time: 138.143 |
[Eval] Epoch: 25 | Teacher Test Loss: 1.535 | Teacher Test Acc: 61.180 | Student Test Loss: 1.878 | Student Test Acc: 51.110 | Teacher Test F1: 0.611 | Student Test F1: 0.514 | Teacher Top 5 Accuracy: 0.874 | Student Top 5 Accuracy: 0.804 | Time: 2.593 | 
Running student landscape probe...
[LR policy] epoch=25 output=residual_log policy_pred=-0.266620 predicted_lr=0.144818 cosine_blend=0.750 lr_ema=0.000 cosine_after=0 next_student_lr=0.178005
[Train] Epoch: 26 | Teacher lr=0.1883 | Teacher Loss: 2.249 | Teacher Train Acc: 58.814 | Student lr=0.1780 | Student Train Acc: 54.682 | Time: 137.099 |
[Eval] Epoch: 26 | Teacher Test Loss: 1.472 | Teacher Test Acc: 63.500 | Student Test Loss: 1.823 | Student Test Acc: 53.180 | Teacher Test F1: 0.634 | Student Test F1: 0.530 | Teacher Top 5 Accuracy: 0.883 | Student Top 5 Accuracy: 0.818 | Time: 2.604 | 
Running student landscape probe...
[LR policy] epoch=26 output=residual_log policy_pred=-0.264137 predicted_lr=0.119261 cosine_blend=0.750 lr_ema=0.000 cosine_after=0 next_student_lr=0.146301
[Train] Epoch: 27 | Teacher lr=0.1545 | Teacher Loss: 2.188 | Teacher Train Acc: 60.368 | Student lr=0.1463 | Student Train Acc: 55.604 | Time: 137.655 |
[Eval] Epoch: 27 | Teacher Test Loss: 1.405 | Teacher Test Acc: 64.520 | Student Test Loss: 1.817 | Student Test Acc: 53.350 | Teacher Test F1: 0.644 | Student Test F1: 0.537 | Teacher Top 5 Accuracy: 0.891 | Student Top 5 Accuracy: 0.815 | Time: 2.603 | 
Running student landscape probe...
[LR policy] epoch=27 output=residual_log policy_pred=-0.266153 predicted_lr=0.095285 cosine_blend=0.750 lr_ema=0.000 cosine_after=0 next_student_lr=0.117077
[Train] Epoch: 28 | Teacher lr=0.1235 | Teacher Loss: 2.117 | Teacher Train Acc: 62.138 | Student lr=0.1171 | Student Train Acc: 56.722 | Time: 136.894 |
[Eval] Epoch: 28 | Teacher Test Loss: 1.366 | Teacher Test Acc: 65.260 | Student Test Loss: 1.711 | Student Test Acc: 55.730 | Teacher Test F1: 0.653 | Student Test F1: 0.563 | Teacher Top 5 Accuracy: 0.894 | Student Top 5 Accuracy: 0.839 | Time: 2.554 | 
Running student landscape probe...
[LR policy] epoch=28 output=residual_log policy_pred=-0.265607 predicted_lr=0.073911 cosine_blend=0.750 lr_ema=0.000 cosine_after=0 next_student_lr=0.090775
[Train] Epoch: 29 | Teacher lr=0.0955 | Teacher Loss: 2.051 | Teacher Train Acc: 63.522 | Student lr=0.0908 | Student Train Acc: 58.018 | Time: 137.562 |
[Eval] Epoch: 29 | Teacher Test Loss: 1.361 | Teacher Test Acc: 66.070 | Student Test Loss: 1.655 | Student Test Acc: 57.430 | Teacher Test F1: 0.659 | Student Test F1: 0.574 | Teacher Top 5 Accuracy: 0.896 | Student Top 5 Accuracy: 0.846 | Time: 2.701 | 
Running student landscape probe...
[LR policy] epoch=29 output=residual_log policy_pred=-0.264479 predicted_lr=0.055041 cosine_blend=0.750 lr_ema=0.000 cosine_after=0 next_student_lr=0.067539
[Train] Epoch: 30 | Teacher lr=0.0708 | Teacher Loss: 1.975 | Teacher Train Acc: 65.232 | Student lr=0.0675 | Student Train Acc: 59.300 | Time: 136.561 |
[Eval] Epoch: 30 | Teacher Test Loss: 1.315 | Teacher Test Acc: 67.070 | Student Test Loss: 1.676 | Student Test Acc: 56.260 | Teacher Test F1: 0.672 | Student Test F1: 0.563 | Teacher Top 5 Accuracy: 0.899 | Student Top 5 Accuracy: 0.845 | Time: 2.718 | 
Running student landscape probe...
[LR policy] epoch=30 output=residual_log policy_pred=-0.266357 predicted_lr=0.038665 cosine_blend=0.750 lr_ema=0.000 cosine_after=0 next_student_lr=0.047516
[Train] Epoch: 31 | Teacher lr=0.0495 | Teacher Loss: 1.903 | Teacher Train Acc: 67.036 | Student lr=0.0475 | Student Train Acc: 60.722 | Time: 137.208 |
[Eval] Epoch: 31 | Teacher Test Loss: 1.295 | Teacher Test Acc: 67.730 | Student Test Loss: 1.588 | Student Test Acc: 59.140 | Teacher Test F1: 0.676 | Student Test F1: 0.590 | Teacher Top 5 Accuracy: 0.902 | Student Top 5 Accuracy: 0.856 | Time: 2.649 | 
Running student landscape probe...
[LR policy] epoch=31 output=residual_log policy_pred=-0.263870 predicted_lr=0.025232 cosine_blend=0.750 lr_ema=0.000 cosine_after=0 next_student_lr=0.030946
[Train] Epoch: 32 | Teacher lr=0.0319 | Teacher Loss: 1.833 | Teacher Train Acc: 68.408 | Student lr=0.0309 | Student Train Acc: 61.840 | Time: 136.251 |
[Eval] Epoch: 32 | Teacher Test Loss: 1.291 | Teacher Test Acc: 68.110 | Student Test Loss: 1.564 | Student Test Acc: 60.070 | Teacher Test F1: 0.681 | Student Test F1: 0.601 | Teacher Top 5 Accuracy: 0.905 | Student Top 5 Accuracy: 0.858 | Time: 2.713 | 
Running student landscape probe...
[LR policy] epoch=32 output=residual_log policy_pred=-0.265300 predicted_lr=0.014573 cosine_blend=0.750 lr_ema=0.000 cosine_after=0 next_student_lr=0.017894
[Train] Epoch: 33 | Teacher lr=0.0180 | Teacher Loss: 1.765 | Teacher Train Acc: 69.724 | Student lr=0.0179 | Student Train Acc: 62.864 | Time: 137.716 |
[Eval] Epoch: 33 | Teacher Test Loss: 1.252 | Teacher Test Acc: 68.790 | Student Test Loss: 1.493 | Student Test Acc: 61.330 | Teacher Test F1: 0.687 | Student Test F1: 0.615 | Teacher Top 5 Accuracy: 0.906 | Student Top 5 Accuracy: 0.869 | Time: 2.706 | 
Running student landscape probe...
[LR policy] epoch=33 output=residual_log policy_pred=-0.264955 predicted_lr=0.006926 cosine_blend=0.750 lr_ema=0.000 cosine_after=0 next_student_lr=0.008502
[Train] Epoch: 34 | Teacher lr=0.0080 | Teacher Loss: 1.719 | Teacher Train Acc: 70.840 | Student lr=0.0085 | Student Train Acc: 63.744 | Time: 138.645 |
[Eval] Epoch: 34 | Teacher Test Loss: 1.246 | Teacher Test Acc: 68.740 | Student Test Loss: 1.485 | Student Test Acc: 61.580 | Teacher Test F1: 0.687 | Student Test F1: 0.616 | Teacher Top 5 Accuracy: 0.908 | Student Top 5 Accuracy: 0.869 | Time: 2.640 | 
Running student landscape probe...
[LR policy] epoch=34 output=residual_log policy_pred=-0.264735 predicted_lr=0.002311 cosine_blend=0.750 lr_ema=0.000 cosine_after=0 next_student_lr=0.002836
[Train] Epoch: 35 | Teacher lr=0.0020 | Teacher Loss: 1.686 | Teacher Train Acc: 71.424 | Student lr=0.0028 | Student Train Acc: 64.530 | Time: 138.188 |
[Eval] Epoch: 35 | Teacher Test Loss: 1.243 | Teacher Test Acc: 69.050 | Student Test Loss: 1.461 | Student Test Acc: 62.540 | Teacher Test F1: 0.690 | Student Test F1: 0.625 | Teacher Top 5 Accuracy: 0.908 | Student Top 5 Accuracy: 0.873 | Time: 2.565 | 
Running student landscape probe...
[LR policy] epoch=35 output=residual_log policy_pred=-0.263626 predicted_lr=0.001000 cosine_blend=0.750 lr_ema=0.000 cosine_after=0 next_student_lr=0.001000
ckpt location: ckpt/robust12h_industry/patchtst_compound_seed1_35ep.pt
