/home/jovyan/.mlspace/envs/egy_llm/lib/python3.11/site-packages/torchvision/datasets/cifar.py:83: VisibleDeprecationWarning: dtype(): align should be passed as Python or NumPy boolean but got `align=0`. Did you mean to pass a tuple to create a subarray type? (Deprecated NumPy 2.4)
  entry = pickle.load(f, encoding="latin1")
depth_list: [110, 20]
[LR policy] loaded checkpoint=checkpoints/policies_beatcos/patchtst_seed0/policy.pt,checkpoints/policies_beatcos/patchtst_seed2/policy.pt,checkpoints/policies_beatcos/patchtst_seed5/policy.pt,checkpoints/policies_beatcos/patchtst_seed7/policy.pt,checkpoints/policies_beatcos/patchtst_seed4/policy.pt model_type=patchtst input_dim=230 n_models=5
[NoisyClassificationDataset] num_classes=100 label_noise_rate=0.000 input_noise_std=0.0500 flipped=0/50000
Dataset information: cifar100	 50000 images for training 	 10000 images for testing	
teacher depth: 110
student depth: 20
Total number of teacher parameters: 1,169,972
Total number of student parameters: 278,132
Snapshots will be saved to: snapshots/robust12h_industry/patchtst_innoise005_seed3_35ep
==== train and evaluate unequal restart ====
[Eval] Epoch: 0 | Teacher Test Loss: 9743.739 | Teacher Test Acc: 1.130 | Student Test Loss: 5.207 | Student Test Acc: 1.000 | Teacher Test F1: 0.001 | Student Test F1: 0.000 | Teacher Top 5 Accuracy: 0.048 | Student Top 5 Accuracy: 0.047 | Time: 3.182 | 
Running student landscape probe...
[Train] Epoch: 1 | Teacher lr=1.0000 | Teacher Loss: 4.082 | Teacher Train Acc: 8.692 | Student lr=0.0100 | Student Train Acc: 6.798 | Time: 142.941 |
[Eval] Epoch: 1 | Teacher Test Loss: 3.647 | Teacher Test Acc: 13.500 | Student Test Loss: 3.865 | Student Test Acc: 10.120 | Teacher Test F1: 0.095 | Student Test F1: 0.063 | Teacher Top 5 Accuracy: 0.376 | Student Top 5 Accuracy: 0.306 | Time: 2.459 | 
Running student landscape probe...
[LR policy] epoch=1 output=residual_log policy_pred=-0.236570 predicted_lr=0.787744 cosine_blend=0.750 lr_ema=0.000 cosine_after=0 next_student_lr=0.997989
[Train] Epoch: 2 | Teacher lr=0.9980 | Teacher Loss: 3.458 | Teacher Train Acc: 20.032 | Student lr=0.9980 | Student Train Acc: 16.436 | Time: 142.435 |
[Eval] Epoch: 2 | Teacher Test Loss: 3.381 | Teacher Test Acc: 19.040 | Student Test Loss: 3.124 | Student Test Acc: 23.240 | Teacher Test F1: 0.175 | Student Test F1: 0.206 | Teacher Top 5 Accuracy: 0.485 | Student Top 5 Accuracy: 0.538 | Time: 2.174 | 
Running student landscape probe...
[LR policy] epoch=2 output=residual_log policy_pred=-0.209447 predicted_lr=0.804522 cosine_blend=0.750 lr_ema=0.000 cosine_after=0 next_student_lr=0.991973
[Train] Epoch: 3 | Teacher lr=0.9920 | Teacher Loss: 2.926 | Teacher Train Acc: 30.540 | Student lr=0.9920 | Student Train Acc: 37.234 | Time: 138.473 |
[Eval] Epoch: 3 | Teacher Test Loss: 3.053 | Teacher Test Acc: 25.460 | Student Test Loss: 2.620 | Student Test Acc: 33.690 | Teacher Test F1: 0.238 | Student Test F1: 0.322 | Teacher Top 5 Accuracy: 0.567 | Student Top 5 Accuracy: 0.657 | Time: 2.189 | 
Running student landscape probe...
[LR policy] epoch=3 output=residual_log policy_pred=-0.253313 predicted_lr=0.762252 cosine_blend=0.750 lr_ema=0.000 cosine_after=0 next_student_lr=0.981999
[Train] Epoch: 4 | Teacher lr=0.9820 | Teacher Loss: 2.635 | Teacher Train Acc: 37.392 | Student lr=0.9820 | Student Train Acc: 45.156 | Time: 144.289 |
[Eval] Epoch: 4 | Teacher Test Loss: 2.499 | Teacher Test Acc: 35.090 | Student Test Loss: 2.599 | Student Test Acc: 34.470 | Teacher Test F1: 0.335 | Student Test F1: 0.334 | Teacher Top 5 Accuracy: 0.686 | Student Top 5 Accuracy: 0.679 | Time: 2.203 | 
Running student landscape probe...
[LR policy] epoch=4 output=residual_log policy_pred=-0.219724 predicted_lr=0.777173 cosine_blend=0.750 lr_ema=0.000 cosine_after=0 next_student_lr=0.968149
[Train] Epoch: 5 | Teacher lr=0.9681 | Teacher Loss: 2.398 | Teacher Train Acc: 43.024 | Student lr=0.9681 | Student Train Acc: 49.562 | Time: 141.990 |
[Eval] Epoch: 5 | Teacher Test Loss: 2.241 | Teacher Test Acc: 40.040 | Student Test Loss: 3.073 | Student Test Acc: 28.100 | Teacher Test F1: 0.394 | Student Test F1: 0.274 | Teacher Top 5 Accuracy: 0.729 | Student Top 5 Accuracy: 0.593 | Time: 2.423 | 
Running student landscape probe...
[LR policy] epoch=5 output=residual_log policy_pred=-0.249488 predicted_lr=0.740656 cosine_blend=0.750 lr_ema=0.000 cosine_after=0 next_student_lr=0.950534
[Train] Epoch: 6 | Teacher lr=0.9505 | Teacher Loss: 2.236 | Teacher Train Acc: 46.722 | Student lr=0.9505 | Student Train Acc: 51.956 | Time: 142.430 |
[Eval] Epoch: 6 | Teacher Test Loss: 2.343 | Teacher Test Acc: 39.220 | Student Test Loss: 2.447 | Student Test Acc: 37.260 | Teacher Test F1: 0.381 | Student Test F1: 0.367 | Teacher Top 5 Accuracy: 0.715 | Student Top 5 Accuracy: 0.696 | Time: 1.982 | 
Running student landscape probe...
[LR policy] epoch=6 output=residual_log policy_pred=-0.226455 predicted_lr=0.740979 cosine_blend=0.750 lr_ema=0.000 cosine_after=0 next_student_lr=0.929295
[Train] Epoch: 7 | Teacher lr=0.9292 | Teacher Loss: 2.121 | Teacher Train Acc: 49.654 | Student lr=0.9293 | Student Train Acc: 53.664 | Time: 143.385 |
[Eval] Epoch: 7 | Teacher Test Loss: 2.139 | Teacher Test Acc: 43.350 | Student Test Loss: 2.300 | Student Test Acc: 41.010 | Teacher Test F1: 0.426 | Student Test F1: 0.399 | Teacher Top 5 Accuracy: 0.755 | Student Top 5 Accuracy: 0.730 | Time: 2.208 | 
Running student landscape probe...
[LR policy] epoch=7 output=residual_log policy_pred=-0.261839 predicted_lr=0.696215 cosine_blend=0.750 lr_ema=0.000 cosine_after=0 next_student_lr=0.904604
[Train] Epoch: 8 | Teacher lr=0.9045 | Teacher Loss: 2.043 | Teacher Train Acc: 51.568 | Student lr=0.9046 | Student Train Acc: 54.514 | Time: 143.688 |
[Eval] Epoch: 8 | Teacher Test Loss: 2.069 | Teacher Test Acc: 44.890 | Student Test Loss: 2.733 | Student Test Acc: 34.710 | Teacher Test F1: 0.434 | Student Test F1: 0.338 | Teacher Top 5 Accuracy: 0.770 | Student Top 5 Accuracy: 0.681 | Time: 2.252 | 
Running student landscape probe...
[LR policy] epoch=8 output=residual_log policy_pred=-0.226168 predicted_lr=0.699210 cosine_blend=0.750 lr_ema=0.000 cosine_after=0 next_student_lr=0.876659
[Train] Epoch: 9 | Teacher lr=0.8765 | Teacher Loss: 1.953 | Teacher Train Acc: 53.708 | Student lr=0.8767 | Student Train Acc: 55.804 | Time: 144.168 |
[Eval] Epoch: 9 | Teacher Test Loss: 2.462 | Teacher Test Acc: 38.480 | Student Test Loss: 3.637 | Student Test Acc: 23.980 | Teacher Test F1: 0.377 | Student Test F1: 0.230 | Teacher Top 5 Accuracy: 0.696 | Student Top 5 Accuracy: 0.520 | Time: 2.289 | 
Running student landscape probe...
[LR policy] epoch=9 output=residual_log policy_pred=-0.255215 predicted_lr=0.655195 cosine_blend=0.750 lr_ema=0.000 cosine_after=0 next_student_lr=0.845686
[Train] Epoch: 10 | Teacher lr=0.8455 | Teacher Loss: 1.885 | Teacher Train Acc: 55.764 | Student lr=0.8457 | Student Train Acc: 56.666 | Time: 142.377 |
[Eval] Epoch: 10 | Teacher Test Loss: 1.979 | Teacher Test Acc: 46.290 | Student Test Loss: 2.434 | Student Test Acc: 38.430 | Teacher Test F1: 0.454 | Student Test F1: 0.373 | Teacher Top 5 Accuracy: 0.783 | Student Top 5 Accuracy: 0.712 | Time: 2.364 | 
Running student landscape probe...
[LR policy] epoch=10 output=residual_log policy_pred=-0.258969 predicted_lr=0.626688 cosine_blend=0.750 lr_ema=0.000 cosine_after=0 next_student_lr=0.811933
[Train] Epoch: 11 | Teacher lr=0.8117 | Teacher Loss: 1.844 | Teacher Train Acc: 56.736 | Student lr=0.8119 | Student Train Acc: 57.232 | Time: 141.662 |
[Eval] Epoch: 11 | Teacher Test Loss: 1.937 | Teacher Test Acc: 48.160 | Student Test Loss: 2.437 | Student Test Acc: 38.540 | Teacher Test F1: 0.480 | Student Test F1: 0.382 | Teacher Top 5 Accuracy: 0.788 | Student Top 5 Accuracy: 0.699 | Time: 2.331 | 
Running student landscape probe...
[LR policy] epoch=11 output=residual_log policy_pred=-0.258306 predicted_lr=0.599098 cosine_blend=0.750 lr_ema=0.000 cosine_after=0 next_student_lr=0.731529
[Train] Epoch: 12 | Teacher lr=0.7754 | Teacher Loss: 1.771 | Teacher Train Acc: 58.428 | Student lr=0.7315 | Student Train Acc: 58.702 | Time: 141.648 |
[Eval] Epoch: 12 | Teacher Test Loss: 1.821 | Teacher Test Acc: 50.300 | Student Test Loss: 2.174 | Student Test Acc: 42.810 | Teacher Test F1: 0.495 | Student Test F1: 0.425 | Teacher Top 5 Accuracy: 0.807 | Student Top 5 Accuracy: 0.755 | Time: 2.342 | 
Running student landscape probe...
[LR policy] epoch=12 output=residual_log policy_pred=-0.266783 predicted_lr=0.564575 cosine_blend=0.750 lr_ema=0.000 cosine_after=0 next_student_lr=0.694042
[Train] Epoch: 13 | Teacher lr=0.7369 | Teacher Loss: 1.742 | Teacher Train Acc: 59.338 | Student lr=0.6940 | Student Train Acc: 59.526 | Time: 141.914 |
[Eval] Epoch: 13 | Teacher Test Loss: 1.730 | Teacher Test Acc: 52.250 | Student Test Loss: 2.045 | Student Test Acc: 46.370 | Teacher Test F1: 0.517 | Student Test F1: 0.456 | Teacher Top 5 Accuracy: 0.825 | Student Top 5 Accuracy: 0.777 | Time: 2.232 | 
Running student landscape probe...
[LR policy] epoch=13 output=residual_log policy_pred=-0.263749 predicted_lr=0.535270 cosine_blend=0.750 lr_ema=0.000 cosine_after=0 next_student_lr=0.656430
[Train] Epoch: 14 | Teacher lr=0.6965 | Teacher Loss: 1.680 | Teacher Train Acc: 60.722 | Student lr=0.6564 | Student Train Acc: 60.058 | Time: 141.165 |
[Eval] Epoch: 14 | Teacher Test Loss: 1.582 | Teacher Test Acc: 55.760 | Student Test Loss: 2.172 | Student Test Acc: 44.790 | Teacher Test F1: 0.555 | Student Test F1: 0.438 | Teacher Top 5 Accuracy: 0.845 | Student Top 5 Accuracy: 0.757 | Time: 2.385 | 
Running student landscape probe...
[LR policy] epoch=14 output=residual_log policy_pred=-0.260476 predicted_lr=0.504686 cosine_blend=0.750 lr_ema=0.000 cosine_after=0 next_student_lr=0.617312
[Train] Epoch: 15 | Teacher lr=0.6545 | Teacher Loss: 1.641 | Teacher Train Acc: 62.078 | Student lr=0.6173 | Student Train Acc: 60.822 | Time: 142.514 |
[Eval] Epoch: 15 | Teacher Test Loss: 1.661 | Teacher Test Acc: 53.820 | Student Test Loss: 2.328 | Student Test Acc: 42.480 | Teacher Test F1: 0.533 | Student Test F1: 0.420 | Teacher Top 5 Accuracy: 0.838 | Student Top 5 Accuracy: 0.724 | Time: 2.391 | 
Running student landscape probe...
[LR policy] epoch=15 output=residual_log policy_pred=-0.263275 predicted_lr=0.470071 cosine_blend=0.750 lr_ema=0.000 cosine_after=0 next_student_lr=0.576255
[Train] Epoch: 16 | Teacher lr=0.6113 | Teacher Loss: 1.593 | Teacher Train Acc: 63.298 | Student lr=0.5763 | Student Train Acc: 61.612 | Time: 142.838 |
[Eval] Epoch: 16 | Teacher Test Loss: 1.653 | Teacher Test Acc: 54.900 | Student Test Loss: 2.199 | Student Test Acc: 44.050 | Teacher Test F1: 0.544 | Student Test F1: 0.431 | Teacher Top 5 Accuracy: 0.835 | Student Top 5 Accuracy: 0.753 | Time: 2.361 | 
Running student landscape probe...
[LR policy] epoch=16 output=residual_log policy_pred=-0.259270 predicted_lr=0.437930 cosine_blend=0.750 lr_ema=0.000 cosine_after=0 next_student_lr=0.535145
[Train] Epoch: 17 | Teacher lr=0.5671 | Teacher Loss: 1.557 | Teacher Train Acc: 64.136 | Student lr=0.5351 | Student Train Acc: 62.162 | Time: 142.900 |
[Eval] Epoch: 17 | Teacher Test Loss: 1.644 | Teacher Test Acc: 54.960 | Student Test Loss: 1.848 | Student Test Acc: 51.400 | Teacher Test F1: 0.551 | Student Test F1: 0.511 | Teacher Top 5 Accuracy: 0.837 | Student Top 5 Accuracy: 0.810 | Time: 2.351 | 
Running student landscape probe...
[LR policy] epoch=17 output=residual_log policy_pred=-0.264518 predicted_lr=0.401373 cosine_blend=0.750 lr_ema=0.000 cosine_after=0 next_student_lr=0.492526
[Train] Epoch: 18 | Teacher lr=0.5224 | Teacher Loss: 1.498 | Teacher Train Acc: 65.518 | Student lr=0.4925 | Student Train Acc: 63.222 | Time: 141.470 |
[Eval] Epoch: 18 | Teacher Test Loss: 1.489 | Teacher Test Acc: 58.630 | Student Test Loss: 2.120 | Student Test Acc: 45.110 | Teacher Test F1: 0.582 | Student Test F1: 0.445 | Teacher Top 5 Accuracy: 0.859 | Student Top 5 Accuracy: 0.764 | Time: 2.409 | 
Running student landscape probe...
[LR policy] epoch=18 output=residual_log policy_pred=-0.261370 predicted_lr=0.368127 cosine_blend=0.750 lr_ema=0.000 cosine_after=0 next_student_lr=0.450599
[Train] Epoch: 19 | Teacher lr=0.4776 | Teacher Loss: 1.460 | Teacher Train Acc: 66.728 | Student lr=0.4506 | Student Train Acc: 63.890 | Time: 135.650 |
[Eval] Epoch: 19 | Teacher Test Loss: 1.582 | Teacher Test Acc: 56.150 | Student Test Loss: 2.019 | Student Test Acc: 48.750 | Teacher Test F1: 0.558 | Student Test F1: 0.480 | Teacher Top 5 Accuracy: 0.846 | Student Top 5 Accuracy: 0.783 | Time: 2.297 | 
Running student landscape probe...
[LR policy] epoch=19 output=residual_log policy_pred=-0.267778 predicted_lr=0.331623 cosine_blend=0.750 lr_ema=0.000 cosine_after=0 next_student_lr=0.407994
[Train] Epoch: 20 | Teacher lr=0.4329 | Teacher Loss: 1.409 | Teacher Train Acc: 68.086 | Student lr=0.4080 | Student Train Acc: 65.102 | Time: 141.468 |
[Eval] Epoch: 20 | Teacher Test Loss: 1.558 | Teacher Test Acc: 57.450 | Student Test Loss: 1.940 | Student Test Acc: 50.680 | Teacher Test F1: 0.574 | Student Test F1: 0.501 | Teacher Top 5 Accuracy: 0.847 | Student Top 5 Accuracy: 0.794 | Time: 2.201 | 
Running student landscape probe...
[LR policy] epoch=20 output=residual_log policy_pred=-0.263386 predicted_lr=0.299195 cosine_blend=0.750 lr_ema=0.000 cosine_after=0 next_student_lr=0.366812
[Train] Epoch: 21 | Teacher lr=0.3887 | Teacher Loss: 1.362 | Teacher Train Acc: 69.376 | Student lr=0.3668 | Student Train Acc: 65.944 | Time: 138.543 |
[Eval] Epoch: 21 | Teacher Test Loss: 1.463 | Teacher Test Acc: 59.380 | Student Test Loss: 1.725 | Student Test Acc: 53.890 | Teacher Test F1: 0.596 | Student Test F1: 0.536 | Teacher Top 5 Accuracy: 0.867 | Student Top 5 Accuracy: 0.823 | Time: 2.355 | 
Running student landscape probe...
[LR policy] epoch=21 output=residual_log policy_pred=-0.258558 predicted_lr=0.267281 cosine_blend=0.750 lr_ema=0.000 cosine_after=0 next_student_lr=0.326430
[Train] Epoch: 22 | Teacher lr=0.3455 | Teacher Loss: 1.308 | Teacher Train Acc: 70.794 | Student lr=0.3264 | Student Train Acc: 66.714 | Time: 141.565 |
[Eval] Epoch: 22 | Teacher Test Loss: 1.379 | Teacher Test Acc: 61.830 | Student Test Loss: 2.293 | Student Test Acc: 45.150 | Teacher Test F1: 0.615 | Student Test F1: 0.439 | Teacher Top 5 Accuracy: 0.875 | Student Top 5 Accuracy: 0.744 | Time: 2.327 | 
Running student landscape probe...
[LR policy] epoch=22 output=residual_log policy_pred=-0.263271 predicted_lr=0.233776 cosine_blend=0.750 lr_ema=0.000 cosine_after=0 next_student_lr=0.286582
[Train] Epoch: 23 | Teacher lr=0.3035 | Teacher Loss: 1.247 | Teacher Train Acc: 72.470 | Student lr=0.2866 | Student Train Acc: 68.212 | Time: 141.340 |
[Eval] Epoch: 23 | Teacher Test Loss: 1.355 | Teacher Test Acc: 62.250 | Student Test Loss: 1.636 | Student Test Acc: 55.870 | Teacher Test F1: 0.623 | Student Test F1: 0.552 | Teacher Top 5 Accuracy: 0.882 | Student Top 5 Accuracy: 0.841 | Time: 2.326 | 
Running student landscape probe...
[LR policy] epoch=23 output=residual_log policy_pred=-0.262363 predicted_lr=0.202925 cosine_blend=0.750 lr_ema=0.000 cosine_after=0 next_student_lr=0.248583
[Train] Epoch: 24 | Teacher lr=0.2631 | Teacher Loss: 1.202 | Teacher Train Acc: 73.544 | Student lr=0.2486 | Student Train Acc: 69.094 | Time: 141.849 |
[Eval] Epoch: 24 | Teacher Test Loss: 1.343 | Teacher Test Acc: 62.290 | Student Test Loss: 1.639 | Student Test Acc: 56.150 | Teacher Test F1: 0.623 | Student Test F1: 0.562 | Teacher Top 5 Accuracy: 0.882 | Student Top 5 Accuracy: 0.846 | Time: 2.324 | 
Running student landscape probe...
[LR policy] epoch=24 output=residual_log policy_pred=-0.265288 predicted_lr=0.172822 cosine_blend=0.750 lr_ema=0.000 cosine_after=0 next_student_lr=0.212201
[Train] Epoch: 25 | Teacher lr=0.2246 | Teacher Loss: 1.140 | Teacher Train Acc: 75.138 | Student lr=0.2122 | Student Train Acc: 70.256 | Time: 143.041 |
[Eval] Epoch: 25 | Teacher Test Loss: 1.252 | Teacher Test Acc: 65.030 | Student Test Loss: 1.713 | Student Test Acc: 54.840 | Teacher Test F1: 0.648 | Student Test F1: 0.548 | Teacher Top 5 Accuracy: 0.896 | Student Top 5 Accuracy: 0.831 | Time: 2.325 | 
Running student landscape probe...
[LR policy] epoch=25 output=residual_log policy_pred=-0.258409 predicted_lr=0.146012 cosine_blend=0.750 lr_ema=0.000 cosine_after=0 next_student_lr=0.178303
[Train] Epoch: 26 | Teacher lr=0.1883 | Teacher Loss: 1.082 | Teacher Train Acc: 76.852 | Student lr=0.1783 | Student Train Acc: 71.616 | Time: 143.475 |
[Eval] Epoch: 26 | Teacher Test Loss: 1.224 | Teacher Test Acc: 65.280 | Student Test Loss: 1.550 | Student Test Acc: 58.380 | Teacher Test F1: 0.654 | Student Test F1: 0.583 | Teacher Top 5 Accuracy: 0.898 | Student Top 5 Accuracy: 0.862 | Time: 2.334 | 
Running student landscape probe...
[LR policy] epoch=26 output=residual_log policy_pred=-0.265476 predicted_lr=0.119101 cosine_blend=0.750 lr_ema=0.000 cosine_after=0 next_student_lr=0.146261
[Train] Epoch: 27 | Teacher lr=0.1545 | Teacher Loss: 1.010 | Teacher Train Acc: 78.888 | Student lr=0.1463 | Student Train Acc: 73.024 | Time: 142.360 |
[Eval] Epoch: 27 | Teacher Test Loss: 1.158 | Teacher Test Acc: 67.090 | Student Test Loss: 1.721 | Student Test Acc: 55.860 | Teacher Test F1: 0.669 | Student Test F1: 0.556 | Teacher Top 5 Accuracy: 0.906 | Student Top 5 Accuracy: 0.833 | Time: 1.911 | 
Running student landscape probe...
[LR policy] epoch=27 output=residual_log policy_pred=-0.260053 predicted_lr=0.095868 cosine_blend=0.750 lr_ema=0.000 cosine_after=0 next_student_lr=0.117223
[Train] Epoch: 28 | Teacher lr=0.1235 | Teacher Loss: 0.951 | Teacher Train Acc: 80.360 | Student lr=0.1172 | Student Train Acc: 74.162 | Time: 142.609 |
[Eval] Epoch: 28 | Teacher Test Loss: 1.172 | Teacher Test Acc: 67.210 | Student Test Loss: 1.512 | Student Test Acc: 59.450 | Teacher Test F1: 0.672 | Student Test F1: 0.594 | Teacher Top 5 Accuracy: 0.904 | Student Top 5 Accuracy: 0.862 | Time: 2.216 | 
Running student landscape probe...
[LR policy] epoch=28 output=residual_log policy_pred=-0.260930 predicted_lr=0.074257 cosine_blend=0.750 lr_ema=0.000 cosine_after=0 next_student_lr=0.090861
[Train] Epoch: 29 | Teacher lr=0.0955 | Teacher Loss: 0.879 | Teacher Train Acc: 82.464 | Student lr=0.0909 | Student Train Acc: 75.794 | Time: 142.138 |
[Eval] Epoch: 29 | Teacher Test Loss: 1.113 | Teacher Test Acc: 68.390 | Student Test Loss: 1.517 | Student Test Acc: 59.500 | Teacher Test F1: 0.686 | Student Test F1: 0.596 | Teacher Top 5 Accuracy: 0.911 | Student Top 5 Accuracy: 0.861 | Time: 2.143 | 
Running student landscape probe...
[LR policy] epoch=29 output=residual_log policy_pred=-0.263097 predicted_lr=0.055117 cosine_blend=0.750 lr_ema=0.000 cosine_after=0 next_student_lr=0.067558
[Train] Epoch: 30 | Teacher lr=0.0708 | Teacher Loss: 0.816 | Teacher Train Acc: 84.486 | Student lr=0.0676 | Student Train Acc: 77.284 | Time: 142.603 |
[Eval] Epoch: 30 | Teacher Test Loss: 1.080 | Teacher Test Acc: 69.570 | Student Test Loss: 1.818 | Student Test Acc: 54.370 | Teacher Test F1: 0.697 | Student Test F1: 0.552 | Teacher Top 5 Accuracy: 0.913 | Student Top 5 Accuracy: 0.829 | Time: 2.219 | 
Running student landscape probe...
[LR policy] epoch=30 output=residual_log policy_pred=-0.261344 predicted_lr=0.038860 cosine_blend=0.750 lr_ema=0.000 cosine_after=0 next_student_lr=0.047564
[Train] Epoch: 31 | Teacher lr=0.0495 | Teacher Loss: 0.755 | Teacher Train Acc: 85.812 | Student lr=0.0476 | Student Train Acc: 78.886 | Time: 141.009 |
[Eval] Epoch: 31 | Teacher Test Loss: 1.056 | Teacher Test Acc: 70.380 | Student Test Loss: 1.378 | Student Test Acc: 63.180 | Teacher Test F1: 0.704 | Student Test F1: 0.632 | Teacher Top 5 Accuracy: 0.917 | Student Top 5 Accuracy: 0.881 | Time: 2.375 | 
Running student landscape probe...
[LR policy] epoch=31 output=residual_log policy_pred=-0.263243 predicted_lr=0.025248 cosine_blend=0.750 lr_ema=0.000 cosine_after=0 next_student_lr=0.030950
[Train] Epoch: 32 | Teacher lr=0.0319 | Teacher Loss: 0.701 | Teacher Train Acc: 87.308 | Student lr=0.0309 | Student Train Acc: 80.376 | Time: 142.643 |
[Eval] Epoch: 32 | Teacher Test Loss: 1.012 | Teacher Test Acc: 71.720 | Student Test Loss: 1.403 | Student Test Acc: 62.610 | Teacher Test F1: 0.718 | Student Test F1: 0.628 | Teacher Top 5 Accuracy: 0.923 | Student Top 5 Accuracy: 0.882 | Time: 2.300 | 
Running student landscape probe...
[LR policy] epoch=32 output=residual_log policy_pred=-0.262554 predicted_lr=0.014613 cosine_blend=0.750 lr_ema=0.000 cosine_after=0 next_student_lr=0.017904
[Train] Epoch: 33 | Teacher lr=0.0180 | Teacher Loss: 0.654 | Teacher Train Acc: 88.324 | Student lr=0.0179 | Student Train Acc: 81.942 | Time: 140.918 |
[Eval] Epoch: 33 | Teacher Test Loss: 1.010 | Teacher Test Acc: 71.500 | Student Test Loss: 1.393 | Student Test Acc: 63.100 | Teacher Test F1: 0.715 | Student Test F1: 0.633 | Teacher Top 5 Accuracy: 0.924 | Student Top 5 Accuracy: 0.881 | Time: 2.301 | 
Running student landscape probe...
[LR policy] epoch=33 output=residual_log policy_pred=-0.261079 predicted_lr=0.006953 cosine_blend=0.750 lr_ema=0.000 cosine_after=0 next_student_lr=0.008509
[Train] Epoch: 34 | Teacher lr=0.0080 | Teacher Loss: 0.618 | Teacher Train Acc: 89.338 | Student lr=0.0085 | Student Train Acc: 83.002 | Time: 141.295 |
[Eval] Epoch: 34 | Teacher Test Loss: 1.008 | Teacher Test Acc: 71.560 | Student Test Loss: 1.307 | Student Test Acc: 64.900 | Teacher Test F1: 0.716 | Student Test F1: 0.649 | Teacher Top 5 Accuracy: 0.924 | Student Top 5 Accuracy: 0.893 | Time: 2.317 | 
Running student landscape probe...
[LR policy] epoch=34 output=residual_log policy_pred=-0.262855 predicted_lr=0.002315 cosine_blend=0.750 lr_ema=0.000 cosine_after=0 next_student_lr=0.002837
[Train] Epoch: 35 | Teacher lr=0.0020 | Teacher Loss: 0.598 | Teacher Train Acc: 89.824 | Student lr=0.0028 | Student Train Acc: 83.678 | Time: 141.356 |
[Eval] Epoch: 35 | Teacher Test Loss: 1.005 | Teacher Test Acc: 71.640 | Student Test Loss: 1.289 | Student Test Acc: 65.340 | Teacher Test F1: 0.717 | Student Test F1: 0.654 | Teacher Top 5 Accuracy: 0.924 | Student Top 5 Accuracy: 0.896 | Time: 2.235 | 
Running student landscape probe...
[LR policy] epoch=35 output=residual_log policy_pred=-0.262502 predicted_lr=0.001000 cosine_blend=0.750 lr_ema=0.000 cosine_after=0 next_student_lr=0.001000
ckpt location: ckpt/robust12h_industry/patchtst_innoise005_seed3_35ep.pt
