/home/jovyan/.mlspace/envs/egy_llm/lib/python3.11/site-packages/torchvision/datasets/cifar.py:83: VisibleDeprecationWarning: dtype(): align should be passed as Python or NumPy boolean but got `align=0`. Did you mean to pass a tuple to create a subarray type? (Deprecated NumPy 2.4)
  entry = pickle.load(f, encoding="latin1")
depth_list: [110, 20]
[LR policy] loaded checkpoint=checkpoints/policies_beatcos/patchtst_seed0/policy.pt,checkpoints/policies_beatcos/patchtst_seed2/policy.pt,checkpoints/policies_beatcos/patchtst_seed5/policy.pt,checkpoints/policies_beatcos/patchtst_seed7/policy.pt,checkpoints/policies_beatcos/patchtst_seed4/policy.pt model_type=patchtst input_dim=230 n_models=5
[NoisyClassificationDataset] num_classes=100 label_noise_rate=0.300 input_noise_std=0.0000 flipped=14958/50000
Dataset information: cifar100	 50000 images for training 	 10000 images for testing	
teacher depth: 110
student depth: 20
Total number of teacher parameters: 1,169,972
Total number of student parameters: 278,132
Snapshots will be saved to: snapshots/robust12h_industry/patchtst_lblnoise030_seed3_35ep
==== train and evaluate unequal restart ====
[Eval] Epoch: 0 | Teacher Test Loss: 9743.739 | Teacher Test Acc: 1.130 | Student Test Loss: 5.207 | Student Test Acc: 1.000 | Teacher Test F1: 0.001 | Student Test F1: 0.000 | Teacher Top 5 Accuracy: 0.048 | Student Top 5 Accuracy: 0.047 | Time: 2.530 | 
Running student landscape probe...
[Train] Epoch: 1 | Teacher lr=1.0000 | Teacher Loss: 4.401 | Teacher Train Acc: 5.370 | Student lr=0.0100 | Student Train Acc: 4.486 | Time: 135.808 |
[Eval] Epoch: 1 | Teacher Test Loss: 3.990 | Teacher Test Acc: 9.320 | Student Test Loss: 4.097 | Student Test Acc: 8.280 | Teacher Test F1: 0.060 | Student Test F1: 0.047 | Teacher Top 5 Accuracy: 0.289 | Student Top 5 Accuracy: 0.251 | Time: 2.752 | 
Running student landscape probe...
[LR policy] epoch=1 output=residual_log policy_pred=-0.224985 predicted_lr=0.796922 cosine_blend=0.750 lr_ema=0.000 cosine_after=0 next_student_lr=0.997989
[Train] Epoch: 2 | Teacher lr=0.9980 | Teacher Loss: 4.171 | Teacher Train Acc: 10.328 | Student lr=0.9980 | Student Train Acc: 11.516 | Time: 138.301 |
[Eval] Epoch: 2 | Teacher Test Loss: 3.622 | Teacher Test Acc: 14.040 | Student Test Loss: 3.354 | Student Test Acc: 19.890 | Teacher Test F1: 0.111 | Student Test F1: 0.171 | Teacher Top 5 Accuracy: 0.399 | Student Top 5 Accuracy: 0.485 | Time: 2.707 | 
Running student landscape probe...
[LR policy] epoch=2 output=residual_log policy_pred=-0.182882 predicted_lr=0.826181 cosine_blend=0.750 lr_ema=0.000 cosine_after=0 next_student_lr=0.991973
[Train] Epoch: 3 | Teacher lr=0.9920 | Teacher Loss: 3.970 | Teacher Train Acc: 16.266 | Student lr=0.9920 | Student Train Acc: 21.600 | Time: 135.794 |
[Eval] Epoch: 3 | Teacher Test Loss: 3.258 | Teacher Test Acc: 21.030 | Student Test Loss: 3.109 | Student Test Acc: 24.050 | Teacher Test F1: 0.190 | Student Test F1: 0.221 | Teacher Top 5 Accuracy: 0.513 | Student Top 5 Accuracy: 0.546 | Time: 2.648 | 
Running student landscape probe...
[LR policy] epoch=3 output=residual_log policy_pred=-0.240916 predicted_lr=0.771761 cosine_blend=0.750 lr_ema=0.000 cosine_after=0 next_student_lr=0.981999
[Train] Epoch: 4 | Teacher lr=0.9820 | Teacher Loss: 3.796 | Teacher Train Acc: 21.132 | Student lr=0.9820 | Student Train Acc: 26.666 | Time: 133.707 |
[Eval] Epoch: 4 | Teacher Test Loss: 2.947 | Teacher Test Acc: 25.530 | Student Test Loss: 2.997 | Student Test Acc: 26.480 | Teacher Test F1: 0.235 | Student Test F1: 0.250 | Teacher Top 5 Accuracy: 0.586 | Student Top 5 Accuracy: 0.567 | Time: 2.538 | 
Running student landscape probe...
[LR policy] epoch=4 output=residual_log policy_pred=-0.194755 predicted_lr=0.796822 cosine_blend=0.750 lr_ema=0.000 cosine_after=0 next_student_lr=0.968149
[Train] Epoch: 5 | Teacher lr=0.9681 | Teacher Loss: 3.667 | Teacher Train Acc: 24.802 | Student lr=0.9681 | Student Train Acc: 29.508 | Time: 136.938 |
[Eval] Epoch: 5 | Teacher Test Loss: 2.667 | Teacher Test Acc: 33.310 | Student Test Loss: 2.808 | Student Test Acc: 31.190 | Teacher Test F1: 0.314 | Student Test F1: 0.296 | Teacher Top 5 Accuracy: 0.663 | Student Top 5 Accuracy: 0.620 | Time: 2.595 | 
Running student landscape probe...
[LR policy] epoch=5 output=residual_log policy_pred=-0.248507 predicted_lr=0.741382 cosine_blend=0.750 lr_ema=0.000 cosine_after=0 next_student_lr=0.950534
[Train] Epoch: 6 | Teacher lr=0.9505 | Teacher Loss: 3.584 | Teacher Train Acc: 27.196 | Student lr=0.9505 | Student Train Acc: 31.056 | Time: 137.111 |
[Eval] Epoch: 6 | Teacher Test Loss: 2.760 | Teacher Test Acc: 30.770 | Student Test Loss: 3.816 | Student Test Acc: 15.450 | Teacher Test F1: 0.293 | Student Test F1: 0.131 | Teacher Top 5 Accuracy: 0.626 | Student Top 5 Accuracy: 0.382 | Time: 2.674 | 
Running student landscape probe...
[LR policy] epoch=6 output=residual_log policy_pred=-0.195034 predicted_lr=0.764630 cosine_blend=0.750 lr_ema=0.000 cosine_after=0 next_student_lr=0.929295
[Train] Epoch: 7 | Teacher lr=0.9292 | Teacher Loss: 3.514 | Teacher Train Acc: 28.868 | Student lr=0.9293 | Student Train Acc: 32.308 | Time: 134.187 |
[Eval] Epoch: 7 | Teacher Test Loss: 2.845 | Teacher Test Acc: 28.930 | Student Test Loss: 3.052 | Student Test Acc: 24.940 | Teacher Test F1: 0.276 | Student Test F1: 0.233 | Teacher Top 5 Accuracy: 0.616 | Student Top 5 Accuracy: 0.573 | Time: 2.625 | 
Running student landscape probe...
[LR policy] epoch=7 output=residual_log policy_pred=-0.256346 predicted_lr=0.700050 cosine_blend=0.750 lr_ema=0.000 cosine_after=0 next_student_lr=0.904604
[Train] Epoch: 8 | Teacher lr=0.9045 | Teacher Loss: 3.463 | Teacher Train Acc: 30.454 | Student lr=0.9046 | Student Train Acc: 33.282 | Time: 136.460 |
[Eval] Epoch: 8 | Teacher Test Loss: 2.663 | Teacher Test Acc: 33.820 | Student Test Loss: 3.010 | Student Test Acc: 27.470 | Teacher Test F1: 0.326 | Student Test F1: 0.263 | Teacher Top 5 Accuracy: 0.657 | Student Top 5 Accuracy: 0.586 | Time: 2.627 | 
Running student landscape probe...
[LR policy] epoch=8 output=residual_log policy_pred=-0.202319 predicted_lr=0.716086 cosine_blend=0.750 lr_ema=0.000 cosine_after=0 next_student_lr=0.876659
[Train] Epoch: 9 | Teacher lr=0.8765 | Teacher Loss: 3.425 | Teacher Train Acc: 31.556 | Student lr=0.8767 | Student Train Acc: 34.026 | Time: 137.095 |
[Eval] Epoch: 9 | Teacher Test Loss: 2.512 | Teacher Test Acc: 39.020 | Student Test Loss: 2.855 | Student Test Acc: 30.670 | Teacher Test F1: 0.372 | Student Test F1: 0.286 | Teacher Top 5 Accuracy: 0.704 | Student Top 5 Accuracy: 0.611 | Time: 2.608 | 
Running student landscape probe...
[LR policy] epoch=9 output=residual_log policy_pred=-0.252579 predicted_lr=0.656925 cosine_blend=0.750 lr_ema=0.000 cosine_after=0 next_student_lr=0.845686
[Train] Epoch: 10 | Teacher lr=0.8455 | Teacher Loss: 3.379 | Teacher Train Acc: 32.796 | Student lr=0.8457 | Student Train Acc: 34.814 | Time: 136.076 |
[Eval] Epoch: 10 | Teacher Test Loss: 2.520 | Teacher Test Acc: 38.810 | Student Test Loss: 2.774 | Student Test Acc: 32.930 | Teacher Test F1: 0.371 | Student Test F1: 0.307 | Teacher Top 5 Accuracy: 0.712 | Student Top 5 Accuracy: 0.648 | Time: 2.613 | 
Running student landscape probe...
[LR policy] epoch=10 output=residual_log policy_pred=-0.256097 predicted_lr=0.628490 cosine_blend=0.750 lr_ema=0.000 cosine_after=0 next_student_lr=0.811933
[Train] Epoch: 11 | Teacher lr=0.8117 | Teacher Loss: 3.349 | Teacher Train Acc: 33.610 | Student lr=0.8119 | Student Train Acc: 35.580 | Time: 137.113 |
[Eval] Epoch: 11 | Teacher Test Loss: 2.449 | Teacher Test Acc: 39.630 | Student Test Loss: 2.604 | Student Test Acc: 35.220 | Teacher Test F1: 0.381 | Student Test F1: 0.337 | Teacher Top 5 Accuracy: 0.714 | Student Top 5 Accuracy: 0.678 | Time: 2.614 | 
Running student landscape probe...
[LR policy] epoch=11 output=residual_log policy_pred=-0.261568 predicted_lr=0.597147 cosine_blend=0.750 lr_ema=0.000 cosine_after=0 next_student_lr=0.731041
[Train] Epoch: 12 | Teacher lr=0.7754 | Teacher Loss: 3.307 | Teacher Train Acc: 34.834 | Student lr=0.7310 | Student Train Acc: 36.794 | Time: 137.003 |
[Eval] Epoch: 12 | Teacher Test Loss: 2.317 | Teacher Test Acc: 41.380 | Student Test Loss: 2.507 | Student Test Acc: 37.540 | Teacher Test F1: 0.405 | Student Test F1: 0.358 | Teacher Top 5 Accuracy: 0.743 | Student Top 5 Accuracy: 0.692 | Time: 2.629 | 
Running student landscape probe...
[LR policy] epoch=12 output=residual_log policy_pred=-0.259600 predicted_lr=0.568644 cosine_blend=0.750 lr_ema=0.000 cosine_after=0 next_student_lr=0.695059
[Train] Epoch: 13 | Teacher lr=0.7369 | Teacher Loss: 3.282 | Teacher Train Acc: 35.304 | Student lr=0.6951 | Student Train Acc: 37.388 | Time: 138.190 |
[Eval] Epoch: 13 | Teacher Test Loss: 2.206 | Teacher Test Acc: 45.210 | Student Test Loss: 2.665 | Student Test Acc: 34.760 | Teacher Test F1: 0.441 | Student Test F1: 0.337 | Teacher Top 5 Accuracy: 0.771 | Student Top 5 Accuracy: 0.666 | Time: 2.665 | 
Running student landscape probe...
[LR policy] epoch=13 output=residual_log policy_pred=-0.258224 predicted_lr=0.538236 cosine_blend=0.750 lr_ema=0.000 cosine_after=0 next_student_lr=0.657171
[Train] Epoch: 14 | Teacher lr=0.6965 | Teacher Loss: 3.249 | Teacher Train Acc: 36.416 | Student lr=0.6572 | Student Train Acc: 38.036 | Time: 134.641 |
[Eval] Epoch: 14 | Teacher Test Loss: 2.438 | Teacher Test Acc: 41.830 | Student Test Loss: 3.091 | Student Test Acc: 26.250 | Teacher Test F1: 0.418 | Student Test F1: 0.266 | Teacher Top 5 Accuracy: 0.734 | Student Top 5 Accuracy: 0.578 | Time: 2.584 | 
Running student landscape probe...
[LR policy] epoch=14 output=residual_log policy_pred=-0.256556 predicted_lr=0.506668 cosine_blend=0.750 lr_ema=0.000 cosine_after=0 next_student_lr=0.617808
[Train] Epoch: 15 | Teacher lr=0.6545 | Teacher Loss: 3.215 | Teacher Train Acc: 37.300 | Student lr=0.6178 | Student Train Acc: 38.686 | Time: 136.699 |
[Eval] Epoch: 15 | Teacher Test Loss: 2.220 | Teacher Test Acc: 45.490 | Student Test Loss: 2.570 | Student Test Acc: 36.840 | Teacher Test F1: 0.449 | Student Test F1: 0.366 | Teacher Top 5 Accuracy: 0.772 | Student Top 5 Accuracy: 0.688 | Time: 2.595 | 
Running student landscape probe...
[LR policy] epoch=15 output=residual_log policy_pred=-0.265554 predicted_lr=0.469001 cosine_blend=0.750 lr_ema=0.000 cosine_after=0 next_student_lr=0.575987
[Train] Epoch: 16 | Teacher lr=0.6113 | Teacher Loss: 3.176 | Teacher Train Acc: 38.444 | Student lr=0.5760 | Student Train Acc: 39.310 | Time: 134.910 |
[Eval] Epoch: 16 | Teacher Test Loss: 2.177 | Teacher Test Acc: 46.720 | Student Test Loss: 2.507 | Student Test Acc: 37.890 | Teacher Test F1: 0.459 | Student Test F1: 0.371 | Teacher Top 5 Accuracy: 0.777 | Student Top 5 Accuracy: 0.705 | Time: 2.647 | 
Running student landscape probe...
[LR policy] epoch=16 output=residual_log policy_pred=-0.260771 predicted_lr=0.437273 cosine_blend=0.750 lr_ema=0.000 cosine_after=0 next_student_lr=0.534980
[Train] Epoch: 17 | Teacher lr=0.5671 | Teacher Loss: 3.143 | Teacher Train Acc: 39.552 | Student lr=0.5350 | Student Train Acc: 39.870 | Time: 135.728 |
[Eval] Epoch: 17 | Teacher Test Loss: 2.021 | Teacher Test Acc: 49.860 | Student Test Loss: 2.615 | Student Test Acc: 35.140 | Teacher Test F1: 0.501 | Student Test F1: 0.360 | Teacher Top 5 Accuracy: 0.811 | Student Top 5 Accuracy: 0.686 | Time: 2.627 | 
Running student landscape probe...
[LR policy] epoch=17 output=residual_log policy_pred=-0.262957 predicted_lr=0.402000 cosine_blend=0.750 lr_ema=0.000 cosine_after=0 next_student_lr=0.492683
[Train] Epoch: 18 | Teacher lr=0.5224 | Teacher Loss: 3.099 | Teacher Train Acc: 40.472 | Student lr=0.4927 | Student Train Acc: 40.444 | Time: 136.221 |
[Eval] Epoch: 18 | Teacher Test Loss: 2.050 | Teacher Test Acc: 49.040 | Student Test Loss: 2.614 | Student Test Acc: 36.620 | Teacher Test F1: 0.489 | Student Test F1: 0.360 | Teacher Top 5 Accuracy: 0.797 | Student Top 5 Accuracy: 0.668 | Time: 2.561 | 
Running student landscape probe...
[LR policy] epoch=18 output=residual_log policy_pred=-0.261942 predicted_lr=0.367917 cosine_blend=0.750 lr_ema=0.000 cosine_after=0 next_student_lr=0.450547
[Train] Epoch: 19 | Teacher lr=0.4776 | Teacher Loss: 3.063 | Teacher Train Acc: 41.294 | Student lr=0.4505 | Student Train Acc: 41.392 | Time: 136.788 |
[Eval] Epoch: 19 | Teacher Test Loss: 1.916 | Teacher Test Acc: 52.810 | Student Test Loss: 2.417 | Student Test Acc: 42.480 | Teacher Test F1: 0.521 | Student Test F1: 0.420 | Teacher Top 5 Accuracy: 0.828 | Student Top 5 Accuracy: 0.731 | Time: 2.612 | 
Running student landscape probe...
[LR policy] epoch=19 output=residual_log policy_pred=-0.264483 predicted_lr=0.332718 cosine_blend=0.750 lr_ema=0.000 cosine_after=0 next_student_lr=0.408267
[Train] Epoch: 20 | Teacher lr=0.4329 | Teacher Loss: 3.029 | Teacher Train Acc: 42.048 | Student lr=0.4083 | Student Train Acc: 41.876 | Time: 136.420 |
[Eval] Epoch: 20 | Teacher Test Loss: 1.860 | Teacher Test Acc: 54.240 | Student Test Loss: 2.154 | Student Test Acc: 47.120 | Teacher Test F1: 0.540 | Student Test F1: 0.467 | Teacher Top 5 Accuracy: 0.835 | Student Top 5 Accuracy: 0.780 | Time: 2.578 | 
Running student landscape probe...
[LR policy] epoch=20 output=residual_log policy_pred=-0.263464 predicted_lr=0.299171 cosine_blend=0.750 lr_ema=0.000 cosine_after=0 next_student_lr=0.366806
[Train] Epoch: 21 | Teacher lr=0.3887 | Teacher Loss: 2.985 | Teacher Train Acc: 43.466 | Student lr=0.3668 | Student Train Acc: 42.752 | Time: 134.405 |
[Eval] Epoch: 21 | Teacher Test Loss: 1.886 | Teacher Test Acc: 53.490 | Student Test Loss: 2.173 | Student Test Acc: 46.820 | Teacher Test F1: 0.526 | Student Test F1: 0.464 | Teacher Top 5 Accuracy: 0.826 | Student Top 5 Accuracy: 0.779 | Time: 2.606 | 
Running student landscape probe...
[LR policy] epoch=21 output=residual_log policy_pred=-0.260947 predicted_lr=0.266644 cosine_blend=0.750 lr_ema=0.000 cosine_after=0 next_student_lr=0.326270
[Train] Epoch: 22 | Teacher lr=0.3455 | Teacher Loss: 2.941 | Teacher Train Acc: 44.420 | Student lr=0.3263 | Student Train Acc: 43.486 | Time: 136.660 |
[Eval] Epoch: 22 | Teacher Test Loss: 1.824 | Teacher Test Acc: 55.530 | Student Test Loss: 2.261 | Student Test Acc: 46.870 | Teacher Test F1: 0.552 | Student Test F1: 0.456 | Teacher Top 5 Accuracy: 0.848 | Student Top 5 Accuracy: 0.766 | Time: 2.720 | 
Running student landscape probe...
[LR policy] epoch=22 output=residual_log policy_pred=-0.263512 predicted_lr=0.233719 cosine_blend=0.750 lr_ema=0.000 cosine_after=0 next_student_lr=0.286568
[Train] Epoch: 23 | Teacher lr=0.3035 | Teacher Loss: 2.896 | Teacher Train Acc: 45.478 | Student lr=0.2866 | Student Train Acc: 44.310 | Time: 137.800 |
[Eval] Epoch: 23 | Teacher Test Loss: 1.787 | Teacher Test Acc: 56.700 | Student Test Loss: 2.182 | Student Test Acc: 47.310 | Teacher Test F1: 0.563 | Student Test F1: 0.465 | Teacher Top 5 Accuracy: 0.850 | Student Top 5 Accuracy: 0.770 | Time: 2.705 | 
Running student landscape probe...
[LR policy] epoch=23 output=residual_log policy_pred=-0.263314 predicted_lr=0.202732 cosine_blend=0.750 lr_ema=0.000 cosine_after=0 next_student_lr=0.248535
[Train] Epoch: 24 | Teacher lr=0.2631 | Teacher Loss: 2.847 | Teacher Train Acc: 46.692 | Student lr=0.2485 | Student Train Acc: 44.956 | Time: 136.557 |
[Eval] Epoch: 24 | Teacher Test Loss: 1.671 | Teacher Test Acc: 57.710 | Student Test Loss: 2.112 | Student Test Acc: 48.600 | Teacher Test F1: 0.578 | Student Test F1: 0.486 | Teacher Top 5 Accuracy: 0.855 | Student Top 5 Accuracy: 0.787 | Time: 2.610 | 
Running student landscape probe...
[LR policy] epoch=24 output=residual_log policy_pred=-0.262370 predicted_lr=0.173327 cosine_blend=0.750 lr_ema=0.000 cosine_after=0 next_student_lr=0.212327
[Train] Epoch: 25 | Teacher lr=0.2246 | Teacher Loss: 2.794 | Teacher Train Acc: 48.014 | Student lr=0.2123 | Student Train Acc: 46.072 | Time: 134.584 |
[Eval] Epoch: 25 | Teacher Test Loss: 1.704 | Teacher Test Acc: 58.460 | Student Test Loss: 2.081 | Student Test Acc: 50.540 | Teacher Test F1: 0.579 | Student Test F1: 0.504 | Teacher Top 5 Accuracy: 0.852 | Student Top 5 Accuracy: 0.790 | Time: 2.701 | 
Running student landscape probe...
[LR policy] epoch=25 output=residual_log policy_pred=-0.261253 predicted_lr=0.145598 cosine_blend=0.750 lr_ema=0.000 cosine_after=0 next_student_lr=0.178200
[Train] Epoch: 26 | Teacher lr=0.1883 | Teacher Loss: 2.739 | Teacher Train Acc: 49.480 | Student lr=0.1782 | Student Train Acc: 46.858 | Time: 137.201 |
[Eval] Epoch: 26 | Teacher Test Loss: 1.675 | Teacher Test Acc: 60.180 | Student Test Loss: 1.952 | Student Test Acc: 51.970 | Teacher Test F1: 0.599 | Student Test F1: 0.519 | Teacher Top 5 Accuracy: 0.863 | Student Top 5 Accuracy: 0.812 | Time: 2.647 | 
Running student landscape probe...
[LR policy] epoch=26 output=residual_log policy_pred=-0.262252 predicted_lr=0.119486 cosine_blend=0.750 lr_ema=0.000 cosine_after=0 next_student_lr=0.146357
[Train] Epoch: 27 | Teacher lr=0.1545 | Teacher Loss: 2.682 | Teacher Train Acc: 50.494 | Student lr=0.1464 | Student Train Acc: 48.128 | Time: 136.778 |
[Eval] Epoch: 27 | Teacher Test Loss: 1.577 | Teacher Test Acc: 62.780 | Student Test Loss: 1.926 | Student Test Acc: 54.230 | Teacher Test F1: 0.627 | Student Test F1: 0.539 | Teacher Top 5 Accuracy: 0.878 | Student Top 5 Accuracy: 0.828 | Time: 2.611 | 
Running student landscape probe...
[LR policy] epoch=27 output=residual_log policy_pred=-0.263386 predicted_lr=0.095549 cosine_blend=0.750 lr_ema=0.000 cosine_after=0 next_student_lr=0.117143
[Train] Epoch: 28 | Teacher lr=0.1235 | Teacher Loss: 2.617 | Teacher Train Acc: 52.064 | Student lr=0.1171 | Student Train Acc: 48.972 | Time: 134.331 |
[Eval] Epoch: 28 | Teacher Test Loss: 1.586 | Teacher Test Acc: 62.180 | Student Test Loss: 2.028 | Student Test Acc: 51.180 | Teacher Test F1: 0.621 | Student Test F1: 0.510 | Teacher Top 5 Accuracy: 0.874 | Student Top 5 Accuracy: 0.800 | Time: 2.715 | 
Running student landscape probe...
[LR policy] epoch=28 output=residual_log policy_pred=-0.262917 predicted_lr=0.074110 cosine_blend=0.750 lr_ema=0.000 cosine_after=0 next_student_lr=0.090824
[Train] Epoch: 29 | Teacher lr=0.0955 | Teacher Loss: 2.550 | Teacher Train Acc: 53.616 | Student lr=0.0908 | Student Train Acc: 50.116 | Time: 136.290 |
[Eval] Epoch: 29 | Teacher Test Loss: 1.513 | Teacher Test Acc: 63.500 | Student Test Loss: 1.916 | Student Test Acc: 53.940 | Teacher Test F1: 0.632 | Student Test F1: 0.537 | Teacher Top 5 Accuracy: 0.880 | Student Top 5 Accuracy: 0.818 | Time: 2.786 | 
Running student landscape probe...
[LR policy] epoch=29 output=residual_log policy_pred=-0.264272 predicted_lr=0.055052 cosine_blend=0.750 lr_ema=0.000 cosine_after=0 next_student_lr=0.067542
[Train] Epoch: 30 | Teacher lr=0.0708 | Teacher Loss: 2.478 | Teacher Train Acc: 55.164 | Student lr=0.0675 | Student Train Acc: 51.342 | Time: 133.676 |
[Eval] Epoch: 30 | Teacher Test Loss: 1.473 | Teacher Test Acc: 64.390 | Student Test Loss: 1.898 | Student Test Acc: 53.530 | Teacher Test F1: 0.643 | Student Test F1: 0.530 | Teacher Top 5 Accuracy: 0.881 | Student Top 5 Accuracy: 0.811 | Time: 2.761 | 
Running student landscape probe...
[LR policy] epoch=30 output=residual_log policy_pred=-0.265121 predicted_lr=0.038713 cosine_blend=0.750 lr_ema=0.000 cosine_after=0 next_student_lr=0.047528
[Train] Epoch: 31 | Teacher lr=0.0495 | Teacher Loss: 2.407 | Teacher Train Acc: 56.474 | Student lr=0.0475 | Student Train Acc: 52.464 | Time: 137.481 |
[Eval] Epoch: 31 | Teacher Test Loss: 1.479 | Teacher Test Acc: 65.030 | Student Test Loss: 1.798 | Student Test Acc: 56.980 | Teacher Test F1: 0.649 | Student Test F1: 0.569 | Teacher Top 5 Accuracy: 0.887 | Student Top 5 Accuracy: 0.835 | Time: 2.636 | 
Running student landscape probe...
[LR policy] epoch=31 output=residual_log policy_pred=-0.264020 predicted_lr=0.025228 cosine_blend=0.750 lr_ema=0.000 cosine_after=0 next_student_lr=0.030945
[Train] Epoch: 32 | Teacher lr=0.0319 | Teacher Loss: 2.330 | Teacher Train Acc: 58.166 | Student lr=0.0309 | Student Train Acc: 53.822 | Time: 137.923 |
[Eval] Epoch: 32 | Teacher Test Loss: 1.466 | Teacher Test Acc: 65.160 | Student Test Loss: 1.740 | Student Test Acc: 58.170 | Teacher Test F1: 0.649 | Student Test F1: 0.579 | Teacher Top 5 Accuracy: 0.885 | Student Top 5 Accuracy: 0.845 | Time: 2.717 | 
Running student landscape probe...
[LR policy] epoch=32 output=residual_log policy_pred=-0.263192 predicted_lr=0.014604 cosine_blend=0.750 lr_ema=0.000 cosine_after=0 next_student_lr=0.017901
[Train] Epoch: 33 | Teacher lr=0.0180 | Teacher Loss: 2.264 | Teacher Train Acc: 59.222 | Student lr=0.0179 | Student Train Acc: 54.996 | Time: 133.696 |
[Eval] Epoch: 33 | Teacher Test Loss: 1.457 | Teacher Test Acc: 65.270 | Student Test Loss: 1.703 | Student Test Acc: 58.890 | Teacher Test F1: 0.651 | Student Test F1: 0.586 | Teacher Top 5 Accuracy: 0.886 | Student Top 5 Accuracy: 0.846 | Time: 2.793 | 
Running student landscape probe...
[LR policy] epoch=33 output=residual_log policy_pred=-0.264283 predicted_lr=0.006931 cosine_blend=0.750 lr_ema=0.000 cosine_after=0 next_student_lr=0.008503
[Train] Epoch: 34 | Teacher lr=0.0080 | Teacher Loss: 2.211 | Teacher Train Acc: 60.352 | Student lr=0.0085 | Student Train Acc: 55.696 | Time: 135.710 |
[Eval] Epoch: 34 | Teacher Test Loss: 1.445 | Teacher Test Acc: 65.930 | Student Test Loss: 1.659 | Student Test Acc: 59.870 | Teacher Test F1: 0.659 | Student Test F1: 0.596 | Teacher Top 5 Accuracy: 0.887 | Student Top 5 Accuracy: 0.849 | Time: 2.714 | 
Running student landscape probe...
[LR policy] epoch=34 output=residual_log policy_pred=-0.263548 predicted_lr=0.002313 cosine_blend=0.750 lr_ema=0.000 cosine_after=0 next_student_lr=0.002836
[Train] Epoch: 35 | Teacher lr=0.0020 | Teacher Loss: 2.177 | Teacher Train Acc: 60.974 | Student lr=0.0028 | Student Train Acc: 56.448 | Time: 134.534 |
[Eval] Epoch: 35 | Teacher Test Loss: 1.431 | Teacher Test Acc: 65.920 | Student Test Loss: 1.643 | Student Test Acc: 60.250 | Teacher Test F1: 0.658 | Student Test F1: 0.600 | Teacher Top 5 Accuracy: 0.889 | Student Top 5 Accuracy: 0.852 | Time: 2.762 | 
Running student landscape probe...
[LR policy] epoch=35 output=residual_log policy_pred=-0.265664 predicted_lr=0.001000 cosine_blend=0.750 lr_ema=0.000 cosine_after=0 next_student_lr=0.001000
ckpt location: ckpt/robust12h_industry/patchtst_lblnoise030_seed3_35ep.pt
