/home/jovyan/.mlspace/envs/egy_llm/lib/python3.11/site-packages/torchvision/datasets/cifar.py:83: VisibleDeprecationWarning: dtype(): align should be passed as Python or NumPy boolean but got `align=0`. Did you mean to pass a tuple to create a subarray type? (Deprecated NumPy 2.4)
  entry = pickle.load(f, encoding="latin1")
depth_list: [110, 20]
[LR policy] loaded checkpoint=checkpoints/policies_beatcos/patchtst_seed0/policy.pt,checkpoints/policies_beatcos/patchtst_seed2/policy.pt,checkpoints/policies_beatcos/patchtst_seed5/policy.pt,checkpoints/policies_beatcos/patchtst_seed7/policy.pt,checkpoints/policies_beatcos/patchtst_seed4/policy.pt model_type=patchtst input_dim=230 n_models=5
[NoisyClassificationDataset] num_classes=100 label_noise_rate=0.100 input_noise_std=0.0000 flipped=5010/50000
Dataset information: cifar100	 50000 images for training 	 10000 images for testing	
teacher depth: 110
student depth: 20
Total number of teacher parameters: 1,169,972
Total number of student parameters: 278,132
Snapshots will be saved to: snapshots/robust12h_industry/patchtst_lblnoise010_seed1_35ep
==== train and evaluate unequal restart ====
[Eval] Epoch: 0 | Teacher Test Loss: 12407.062 | Teacher Test Acc: 0.990 | Student Test Loss: 7.984 | Student Test Acc: 1.020 | Teacher Test F1: 0.000 | Student Test F1: 0.000 | Teacher Top 5 Accuracy: 0.050 | Student Top 5 Accuracy: 0.046 | Time: 2.520 | 
Running student landscape probe...
[Train] Epoch: 1 | Teacher lr=1.0000 | Teacher Loss: 4.193 | Teacher Train Acc: 7.772 | Student lr=0.0100 | Student Train Acc: 6.040 | Time: 137.189 |
[Eval] Epoch: 1 | Teacher Test Loss: 3.783 | Teacher Test Acc: 10.480 | Student Test Loss: 3.938 | Student Test Acc: 9.450 | Teacher Test F1: 0.073 | Student Test F1: 0.059 | Teacher Top 5 Accuracy: 0.339 | Student Top 5 Accuracy: 0.285 | Time: 2.687 | 
Running student landscape probe...
[LR policy] epoch=1 output=residual_log policy_pred=-0.254358 predicted_lr=0.773855 cosine_blend=0.750 lr_ema=0.000 cosine_after=0 next_student_lr=0.997989
[Train] Epoch: 2 | Teacher lr=0.9980 | Teacher Loss: 3.751 | Teacher Train Acc: 16.398 | Student lr=0.9980 | Student Train Acc: 17.444 | Time: 136.100 |
[Eval] Epoch: 2 | Teacher Test Loss: 3.548 | Teacher Test Acc: 16.430 | Student Test Loss: 3.668 | Student Test Acc: 17.470 | Teacher Test F1: 0.137 | Student Test F1: 0.154 | Teacher Top 5 Accuracy: 0.431 | Student Top 5 Accuracy: 0.455 | Time: 2.425 | 
Running student landscape probe...
[LR policy] epoch=2 output=residual_log policy_pred=-0.245406 predicted_lr=0.776107 cosine_blend=0.750 lr_ema=0.000 cosine_after=0 next_student_lr=0.991973
[Train] Epoch: 3 | Teacher lr=0.9920 | Teacher Loss: 3.407 | Teacher Train Acc: 24.920 | Student lr=0.9920 | Student Train Acc: 33.900 | Time: 136.633 |
[Eval] Epoch: 3 | Teacher Test Loss: 2.896 | Teacher Test Acc: 25.490 | Student Test Loss: 2.739 | Student Test Acc: 30.040 | Teacher Test F1: 0.239 | Student Test F1: 0.292 | Teacher Top 5 Accuracy: 0.592 | Student Top 5 Accuracy: 0.621 | Time: 2.367 | 
Running student landscape probe...
[LR policy] epoch=3 output=residual_log policy_pred=-0.272801 predicted_lr=0.747541 cosine_blend=0.750 lr_ema=0.000 cosine_after=0 next_student_lr=0.981999
[Train] Epoch: 4 | Teacher lr=0.9820 | Teacher Loss: 3.070 | Teacher Train Acc: 32.630 | Student lr=0.9820 | Student Train Acc: 40.382 | Time: 135.470 |
[Eval] Epoch: 4 | Teacher Test Loss: 2.602 | Teacher Test Acc: 32.460 | Student Test Loss: 2.759 | Student Test Acc: 31.340 | Teacher Test F1: 0.313 | Student Test F1: 0.311 | Teacher Top 5 Accuracy: 0.664 | Student Top 5 Accuracy: 0.658 | Time: 2.443 | 
Running student landscape probe...
[LR policy] epoch=4 output=residual_log policy_pred=-0.242075 predicted_lr=0.759994 cosine_blend=0.750 lr_ema=0.000 cosine_after=0 next_student_lr=0.968149
[Train] Epoch: 5 | Teacher lr=0.9681 | Teacher Loss: 2.879 | Teacher Train Acc: 37.902 | Student lr=0.9681 | Student Train Acc: 43.832 | Time: 134.676 |
[Eval] Epoch: 5 | Teacher Test Loss: 2.487 | Teacher Test Acc: 35.040 | Student Test Loss: 2.610 | Student Test Acc: 33.440 | Teacher Test F1: 0.328 | Student Test F1: 0.325 | Teacher Top 5 Accuracy: 0.681 | Student Top 5 Accuracy: 0.651 | Time: 2.706 | 
Running student landscape probe...
[LR policy] epoch=5 output=residual_log policy_pred=-0.265127 predicted_lr=0.729163 cosine_blend=0.750 lr_ema=0.000 cosine_after=0 next_student_lr=0.950534
[Train] Epoch: 6 | Teacher lr=0.9505 | Teacher Loss: 2.754 | Teacher Train Acc: 40.810 | Student lr=0.9505 | Student Train Acc: 45.920 | Time: 136.546 |
[Eval] Epoch: 6 | Teacher Test Loss: 2.331 | Teacher Test Acc: 38.210 | Student Test Loss: 2.577 | Student Test Acc: 34.970 | Teacher Test F1: 0.378 | Student Test F1: 0.352 | Teacher Top 5 Accuracy: 0.724 | Student Top 5 Accuracy: 0.661 | Time: 2.502 | 
Running student landscape probe...
[LR policy] epoch=6 output=residual_log policy_pred=-0.243214 predicted_lr=0.728664 cosine_blend=0.750 lr_ema=0.000 cosine_after=0 next_student_lr=0.929295
[Train] Epoch: 7 | Teacher lr=0.9292 | Teacher Loss: 2.665 | Teacher Train Acc: 43.536 | Student lr=0.9293 | Student Train Acc: 47.684 | Time: 133.746 |
[Eval] Epoch: 7 | Teacher Test Loss: 2.156 | Teacher Test Acc: 42.870 | Student Test Loss: 2.579 | Student Test Acc: 35.230 | Teacher Test F1: 0.418 | Student Test F1: 0.342 | Teacher Top 5 Accuracy: 0.754 | Student Top 5 Accuracy: 0.669 | Time: 2.490 | 
Running student landscape probe...
[LR policy] epoch=7 output=residual_log policy_pred=-0.272394 predicted_lr=0.688905 cosine_blend=0.750 lr_ema=0.000 cosine_after=0 next_student_lr=0.904604
[Train] Epoch: 8 | Teacher lr=0.9045 | Teacher Loss: 2.604 | Teacher Train Acc: 45.102 | Student lr=0.9046 | Student Train Acc: 48.646 | Time: 135.729 |
[Eval] Epoch: 8 | Teacher Test Loss: 2.400 | Teacher Test Acc: 37.140 | Student Test Loss: 2.366 | Student Test Acc: 37.360 | Teacher Test F1: 0.358 | Student Test F1: 0.371 | Teacher Top 5 Accuracy: 0.695 | Student Top 5 Accuracy: 0.714 | Time: 2.478 | 
Running student landscape probe...
[LR policy] epoch=8 output=residual_log policy_pred=-0.239622 predicted_lr=0.689865 cosine_blend=0.750 lr_ema=0.000 cosine_after=0 next_student_lr=0.876659
[Train] Epoch: 9 | Teacher lr=0.8765 | Teacher Loss: 2.533 | Teacher Train Acc: 47.138 | Student lr=0.8767 | Student Train Acc: 49.576 | Time: 136.392 |
[Eval] Epoch: 9 | Teacher Test Loss: 2.252 | Teacher Test Acc: 42.040 | Student Test Loss: 2.594 | Student Test Acc: 34.700 | Teacher Test F1: 0.411 | Student Test F1: 0.351 | Teacher Top 5 Accuracy: 0.724 | Student Top 5 Accuracy: 0.674 | Time: 2.520 | 
Running student landscape probe...
[LR policy] epoch=9 output=residual_log policy_pred=-0.268941 predicted_lr=0.646263 cosine_blend=0.750 lr_ema=0.000 cosine_after=0 next_student_lr=0.845686
[Train] Epoch: 10 | Teacher lr=0.8455 | Teacher Loss: 2.473 | Teacher Train Acc: 48.794 | Student lr=0.8457 | Student Train Acc: 50.652 | Time: 136.527 |
[Eval] Epoch: 10 | Teacher Test Loss: 1.967 | Teacher Test Acc: 46.070 | Student Test Loss: 2.093 | Student Test Acc: 44.660 | Teacher Test F1: 0.446 | Student Test F1: 0.435 | Teacher Top 5 Accuracy: 0.786 | Student Top 5 Accuracy: 0.764 | Time: 2.532 | 
Running student landscape probe...
[LR policy] epoch=10 output=residual_log policy_pred=-0.259886 predicted_lr=0.626113 cosine_blend=0.750 lr_ema=0.000 cosine_after=0 next_student_lr=0.811933
[Train] Epoch: 11 | Teacher lr=0.8117 | Teacher Loss: 2.415 | Teacher Train Acc: 50.116 | Student lr=0.8119 | Student Train Acc: 51.286 | Time: 137.751 |
[Eval] Epoch: 11 | Teacher Test Loss: 1.922 | Teacher Test Acc: 49.370 | Student Test Loss: 2.116 | Student Test Acc: 44.990 | Teacher Test F1: 0.488 | Student Test F1: 0.437 | Teacher Top 5 Accuracy: 0.797 | Student Top 5 Accuracy: 0.759 | Time: 2.434 | 
Running student landscape probe...
[LR policy] epoch=11 output=residual_log policy_pred=-0.265578 predicted_lr=0.594757 cosine_blend=0.750 lr_ema=0.000 cosine_after=0 next_student_lr=0.730444
[Train] Epoch: 12 | Teacher lr=0.7754 | Teacher Loss: 2.369 | Teacher Train Acc: 51.434 | Student lr=0.7304 | Student Train Acc: 52.272 | Time: 136.749 |
[Eval] Epoch: 12 | Teacher Test Loss: 1.923 | Teacher Test Acc: 48.990 | Student Test Loss: 2.075 | Student Test Acc: 45.240 | Teacher Test F1: 0.478 | Student Test F1: 0.445 | Teacher Top 5 Accuracy: 0.800 | Student Top 5 Accuracy: 0.764 | Time: 2.530 | 
Running student landscape probe...
[LR policy] epoch=12 output=residual_log policy_pred=-0.261316 predicted_lr=0.567670 cosine_blend=0.750 lr_ema=0.000 cosine_after=0 next_student_lr=0.694815
[Train] Epoch: 13 | Teacher lr=0.7369 | Teacher Loss: 2.325 | Teacher Train Acc: 52.258 | Student lr=0.6948 | Student Train Acc: 53.306 | Time: 138.056 |
[Eval] Epoch: 13 | Teacher Test Loss: 1.892 | Teacher Test Acc: 49.400 | Student Test Loss: 2.103 | Student Test Acc: 45.190 | Teacher Test F1: 0.483 | Student Test F1: 0.439 | Teacher Top 5 Accuracy: 0.803 | Student Top 5 Accuracy: 0.763 | Time: 2.506 | 
Running student landscape probe...
[LR policy] epoch=13 output=residual_log policy_pred=-0.265330 predicted_lr=0.534425 cosine_blend=0.750 lr_ema=0.000 cosine_after=0 next_student_lr=0.656218
[Train] Epoch: 14 | Teacher lr=0.6965 | Teacher Loss: 2.284 | Teacher Train Acc: 53.374 | Student lr=0.6562 | Student Train Acc: 53.778 | Time: 136.776 |
[Eval] Epoch: 14 | Teacher Test Loss: 1.792 | Teacher Test Acc: 52.610 | Student Test Loss: 1.868 | Student Test Acc: 50.040 | Teacher Test F1: 0.521 | Student Test F1: 0.494 | Teacher Top 5 Accuracy: 0.822 | Student Top 5 Accuracy: 0.804 | Time: 2.469 | 
Running student landscape probe...
[LR policy] epoch=14 output=residual_log policy_pred=-0.263302 predicted_lr=0.503262 cosine_blend=0.750 lr_ema=0.000 cosine_after=0 next_student_lr=0.616956
[Train] Epoch: 15 | Teacher lr=0.6545 | Teacher Loss: 2.231 | Teacher Train Acc: 55.094 | Student lr=0.6170 | Student Train Acc: 54.726 | Time: 137.639 |
[Eval] Epoch: 15 | Teacher Test Loss: 1.638 | Teacher Test Acc: 54.780 | Student Test Loss: 2.006 | Student Test Acc: 47.620 | Teacher Test F1: 0.542 | Student Test F1: 0.477 | Teacher Top 5 Accuracy: 0.843 | Student Top 5 Accuracy: 0.781 | Time: 2.740 | 
Running student landscape probe...
[LR policy] epoch=15 output=residual_log policy_pred=-0.263465 predicted_lr=0.469982 cosine_blend=0.750 lr_ema=0.000 cosine_after=0 next_student_lr=0.576232
[Train] Epoch: 16 | Teacher lr=0.6113 | Teacher Loss: 2.188 | Teacher Train Acc: 56.020 | Student lr=0.5762 | Student Train Acc: 55.204 | Time: 133.994 |
[Eval] Epoch: 16 | Teacher Test Loss: 1.654 | Teacher Test Acc: 55.050 | Student Test Loss: 2.286 | Student Test Acc: 41.030 | Teacher Test F1: 0.549 | Student Test F1: 0.411 | Teacher Top 5 Accuracy: 0.844 | Student Top 5 Accuracy: 0.721 | Time: 2.606 | 
Running student landscape probe...
[LR policy] epoch=16 output=residual_log policy_pred=-0.262505 predicted_lr=0.436515 cosine_blend=0.750 lr_ema=0.000 cosine_after=0 next_student_lr=0.534791
[Train] Epoch: 17 | Teacher lr=0.5671 | Teacher Loss: 2.150 | Teacher Train Acc: 57.218 | Student lr=0.5348 | Student Train Acc: 55.962 | Time: 134.096 |
[Eval] Epoch: 17 | Teacher Test Loss: 1.760 | Teacher Test Acc: 52.640 | Student Test Loss: 2.010 | Student Test Acc: 47.750 | Teacher Test F1: 0.524 | Student Test F1: 0.474 | Teacher Top 5 Accuracy: 0.823 | Student Top 5 Accuracy: 0.771 | Time: 2.535 | 
Running student landscape probe...
[LR policy] epoch=17 output=residual_log policy_pred=-0.265464 predicted_lr=0.400994 cosine_blend=0.750 lr_ema=0.000 cosine_after=0 next_student_lr=0.492431
[Train] Epoch: 18 | Teacher lr=0.5224 | Teacher Loss: 2.109 | Teacher Train Acc: 58.150 | Student lr=0.4924 | Student Train Acc: 56.782 | Time: 137.083 |
[Eval] Epoch: 18 | Teacher Test Loss: 1.579 | Teacher Test Acc: 57.560 | Student Test Loss: 1.852 | Student Test Acc: 51.860 | Teacher Test F1: 0.568 | Student Test F1: 0.514 | Teacher Top 5 Accuracy: 0.852 | Student Top 5 Accuracy: 0.810 | Time: 2.507 | 
Running student landscape probe...
[LR policy] epoch=18 output=residual_log policy_pred=-0.266399 predicted_lr=0.366281 cosine_blend=0.750 lr_ema=0.000 cosine_after=0 next_student_lr=0.450138
[Train] Epoch: 19 | Teacher lr=0.4776 | Teacher Loss: 2.062 | Teacher Train Acc: 59.514 | Student lr=0.4501 | Student Train Acc: 57.750 | Time: 136.750 |
[Eval] Epoch: 19 | Teacher Test Loss: 1.543 | Teacher Test Acc: 57.520 | Student Test Loss: 1.886 | Student Test Acc: 50.340 | Teacher Test F1: 0.573 | Student Test F1: 0.501 | Teacher Top 5 Accuracy: 0.856 | Student Top 5 Accuracy: 0.799 | Time: 2.480 | 
Running student landscape probe...
[LR policy] epoch=19 output=residual_log policy_pred=-0.267052 predicted_lr=0.331864 cosine_blend=0.750 lr_ema=0.000 cosine_after=0 next_student_lr=0.408054
[Train] Epoch: 20 | Teacher lr=0.4329 | Teacher Loss: 2.013 | Teacher Train Acc: 60.798 | Student lr=0.4081 | Student Train Acc: 58.580 | Time: 134.275 |
[Eval] Epoch: 20 | Teacher Test Loss: 1.568 | Teacher Test Acc: 58.280 | Student Test Loss: 1.900 | Student Test Acc: 49.810 | Teacher Test F1: 0.577 | Student Test F1: 0.492 | Teacher Top 5 Accuracy: 0.856 | Student Top 5 Accuracy: 0.799 | Time: 2.395 | 
Running student landscape probe...
[LR policy] epoch=20 output=residual_log policy_pred=-0.266795 predicted_lr=0.298176 cosine_blend=0.750 lr_ema=0.000 cosine_after=0 next_student_lr=0.366557
[Train] Epoch: 21 | Teacher lr=0.3887 | Teacher Loss: 1.971 | Teacher Train Acc: 61.772 | Student lr=0.3666 | Student Train Acc: 59.424 | Time: 134.481 |
[Eval] Epoch: 21 | Teacher Test Loss: 1.514 | Teacher Test Acc: 58.700 | Student Test Loss: 1.710 | Student Test Acc: 54.580 | Teacher Test F1: 0.585 | Student Test F1: 0.547 | Teacher Top 5 Accuracy: 0.865 | Student Top 5 Accuracy: 0.835 | Time: 2.451 | 
Running student landscape probe...
[LR policy] epoch=21 output=residual_log policy_pred=-0.262299 predicted_lr=0.266283 cosine_blend=0.750 lr_ema=0.000 cosine_after=0 next_student_lr=0.326180
[Train] Epoch: 22 | Teacher lr=0.3455 | Teacher Loss: 1.925 | Teacher Train Acc: 63.028 | Student lr=0.3262 | Student Train Acc: 60.002 | Time: 136.716 |
[Eval] Epoch: 22 | Teacher Test Loss: 1.453 | Teacher Test Acc: 60.990 | Student Test Loss: 1.747 | Student Test Acc: 53.360 | Teacher Test F1: 0.608 | Student Test F1: 0.532 | Teacher Top 5 Accuracy: 0.879 | Student Top 5 Accuracy: 0.818 | Time: 2.431 | 
Running student landscape probe...
[LR policy] epoch=22 output=residual_log policy_pred=-0.265852 predicted_lr=0.233173 cosine_blend=0.750 lr_ema=0.000 cosine_after=0 next_student_lr=0.286431
[Train] Epoch: 23 | Teacher lr=0.3035 | Teacher Loss: 1.868 | Teacher Train Acc: 64.596 | Student lr=0.2864 | Student Train Acc: 60.912 | Time: 134.253 |
[Eval] Epoch: 23 | Teacher Test Loss: 1.316 | Teacher Test Acc: 63.600 | Student Test Loss: 1.797 | Student Test Acc: 52.390 | Teacher Test F1: 0.638 | Student Test F1: 0.528 | Teacher Top 5 Accuracy: 0.895 | Student Top 5 Accuracy: 0.811 | Time: 2.485 | 
Running student landscape probe...
[LR policy] epoch=23 output=residual_log policy_pred=-0.263894 predicted_lr=0.202615 cosine_blend=0.750 lr_ema=0.000 cosine_after=0 next_student_lr=0.248506
[Train] Epoch: 24 | Teacher lr=0.2631 | Teacher Loss: 1.809 | Teacher Train Acc: 66.058 | Student lr=0.2485 | Student Train Acc: 61.974 | Time: 135.942 |
[Eval] Epoch: 24 | Teacher Test Loss: 1.326 | Teacher Test Acc: 64.130 | Student Test Loss: 1.676 | Student Test Acc: 55.470 | Teacher Test F1: 0.639 | Student Test F1: 0.550 | Teacher Top 5 Accuracy: 0.892 | Student Top 5 Accuracy: 0.831 | Time: 2.406 | 
Running student landscape probe...
[LR policy] epoch=24 output=residual_log policy_pred=-0.262875 predicted_lr=0.173240 cosine_blend=0.750 lr_ema=0.000 cosine_after=0 next_student_lr=0.212305
[Train] Epoch: 25 | Teacher lr=0.2246 | Teacher Loss: 1.751 | Teacher Train Acc: 67.394 | Student lr=0.2123 | Student Train Acc: 63.054 | Time: 135.045 |
[Eval] Epoch: 25 | Teacher Test Loss: 1.276 | Teacher Test Acc: 65.110 | Student Test Loss: 1.615 | Student Test Acc: 56.690 | Teacher Test F1: 0.649 | Student Test F1: 0.563 | Teacher Top 5 Accuracy: 0.900 | Student Top 5 Accuracy: 0.839 | Time: 2.398 | 
Running student landscape probe...
[LR policy] epoch=25 output=residual_log policy_pred=-0.266526 predicted_lr=0.144832 cosine_blend=0.750 lr_ema=0.000 cosine_after=0 next_student_lr=0.178008
[Train] Epoch: 26 | Teacher lr=0.1883 | Teacher Loss: 1.686 | Teacher Train Acc: 69.128 | Student lr=0.1780 | Student Train Acc: 64.104 | Time: 134.969 |
[Eval] Epoch: 26 | Teacher Test Loss: 1.258 | Teacher Test Acc: 66.030 | Student Test Loss: 1.715 | Student Test Acc: 55.320 | Teacher Test F1: 0.661 | Student Test F1: 0.555 | Teacher Top 5 Accuracy: 0.901 | Student Top 5 Accuracy: 0.825 | Time: 2.418 | 
Running student landscape probe...
[LR policy] epoch=26 output=residual_log policy_pred=-0.263586 predicted_lr=0.119327 cosine_blend=0.750 lr_ema=0.000 cosine_after=0 next_student_lr=0.146317
[Train] Epoch: 27 | Teacher lr=0.1545 | Teacher Loss: 1.629 | Teacher Train Acc: 70.800 | Student lr=0.1463 | Student Train Acc: 65.400 | Time: 136.509 |
[Eval] Epoch: 27 | Teacher Test Loss: 1.190 | Teacher Test Acc: 67.750 | Student Test Loss: 1.636 | Student Test Acc: 56.760 | Teacher Test F1: 0.677 | Student Test F1: 0.568 | Teacher Top 5 Accuracy: 0.911 | Student Top 5 Accuracy: 0.844 | Time: 2.414 | 
Running student landscape probe...
[LR policy] epoch=27 output=residual_log policy_pred=-0.265582 predicted_lr=0.095339 cosine_blend=0.750 lr_ema=0.000 cosine_after=0 next_student_lr=0.117090
[Train] Epoch: 28 | Teacher lr=0.1235 | Teacher Loss: 1.553 | Teacher Train Acc: 72.578 | Student lr=0.1171 | Student Train Acc: 66.618 | Time: 136.071 |
[Eval] Epoch: 28 | Teacher Test Loss: 1.148 | Teacher Test Acc: 68.110 | Student Test Loss: 1.588 | Student Test Acc: 58.000 | Teacher Test F1: 0.681 | Student Test F1: 0.581 | Teacher Top 5 Accuracy: 0.913 | Student Top 5 Accuracy: 0.848 | Time: 2.402 | 
Running student landscape probe...
[LR policy] epoch=28 output=residual_log policy_pred=-0.265676 predicted_lr=0.073906 cosine_blend=0.750 lr_ema=0.000 cosine_after=0 next_student_lr=0.090773
[Train] Epoch: 29 | Teacher lr=0.0955 | Teacher Loss: 1.483 | Teacher Train Acc: 74.202 | Student lr=0.0908 | Student Train Acc: 67.880 | Time: 139.749 |
[Eval] Epoch: 29 | Teacher Test Loss: 1.119 | Teacher Test Acc: 69.410 | Student Test Loss: 1.473 | Student Test Acc: 59.880 | Teacher Test F1: 0.695 | Student Test F1: 0.596 | Teacher Top 5 Accuracy: 0.915 | Student Top 5 Accuracy: 0.862 | Time: 2.413 | 
Running student landscape probe...
[LR policy] epoch=29 output=residual_log policy_pred=-0.268594 predicted_lr=0.054815 cosine_blend=0.750 lr_ema=0.000 cosine_after=0 next_student_lr=0.067482
[Train] Epoch: 30 | Teacher lr=0.0708 | Teacher Loss: 1.410 | Teacher Train Acc: 76.046 | Student lr=0.0675 | Student Train Acc: 69.178 | Time: 139.145 |
[Eval] Epoch: 30 | Teacher Test Loss: 1.096 | Teacher Test Acc: 70.570 | Student Test Loss: 1.390 | Student Test Acc: 62.360 | Teacher Test F1: 0.706 | Student Test F1: 0.624 | Teacher Top 5 Accuracy: 0.921 | Student Top 5 Accuracy: 0.878 | Time: 2.475 | 
Running student landscape probe...
[LR policy] epoch=30 output=residual_log policy_pred=-0.261424 predicted_lr=0.038857 cosine_blend=0.750 lr_ema=0.000 cosine_after=0 next_student_lr=0.047564
[Train] Epoch: 31 | Teacher lr=0.0495 | Teacher Loss: 1.340 | Teacher Train Acc: 77.700 | Student lr=0.0476 | Student Train Acc: 70.538 | Time: 137.121 |
[Eval] Epoch: 31 | Teacher Test Loss: 1.066 | Teacher Test Acc: 71.090 | Student Test Loss: 1.371 | Student Test Acc: 63.110 | Teacher Test F1: 0.710 | Student Test F1: 0.628 | Teacher Top 5 Accuracy: 0.923 | Student Top 5 Accuracy: 0.879 | Time: 2.303 | 
Running student landscape probe...
[LR policy] epoch=31 output=residual_log policy_pred=-0.268446 predicted_lr=0.025117 cosine_blend=0.750 lr_ema=0.000 cosine_after=0 next_student_lr=0.030917
[Train] Epoch: 32 | Teacher lr=0.0319 | Teacher Loss: 1.275 | Teacher Train Acc: 79.240 | Student lr=0.0309 | Student Train Acc: 72.030 | Time: 136.931 |
[Eval] Epoch: 32 | Teacher Test Loss: 1.053 | Teacher Test Acc: 71.670 | Student Test Loss: 1.354 | Student Test Acc: 63.200 | Teacher Test F1: 0.717 | Student Test F1: 0.630 | Teacher Top 5 Accuracy: 0.923 | Student Top 5 Accuracy: 0.881 | Time: 2.368 | 
Running student landscape probe...
[LR policy] epoch=32 output=residual_log policy_pred=-0.264095 predicted_lr=0.014591 cosine_blend=0.750 lr_ema=0.000 cosine_after=0 next_student_lr=0.017898
[Train] Epoch: 33 | Teacher lr=0.0180 | Teacher Loss: 1.217 | Teacher Train Acc: 80.486 | Student lr=0.0179 | Student Train Acc: 73.266 | Time: 134.233 |
[Eval] Epoch: 33 | Teacher Test Loss: 1.044 | Teacher Test Acc: 71.790 | Student Test Loss: 1.290 | Student Test Acc: 65.420 | Teacher Test F1: 0.718 | Student Test F1: 0.655 | Teacher Top 5 Accuracy: 0.925 | Student Top 5 Accuracy: 0.893 | Time: 2.370 | 
Running student landscape probe...
[LR policy] epoch=33 output=residual_log policy_pred=-0.268155 predicted_lr=0.006904 cosine_blend=0.750 lr_ema=0.000 cosine_after=0 next_student_lr=0.008496
[Train] Epoch: 34 | Teacher lr=0.0080 | Teacher Loss: 1.171 | Teacher Train Acc: 81.488 | Student lr=0.0085 | Student Train Acc: 74.512 | Time: 136.565 |
[Eval] Epoch: 34 | Teacher Test Loss: 1.032 | Teacher Test Acc: 72.150 | Student Test Loss: 1.276 | Student Test Acc: 65.730 | Teacher Test F1: 0.721 | Student Test F1: 0.657 | Teacher Top 5 Accuracy: 0.923 | Student Top 5 Accuracy: 0.893 | Time: 2.253 | 
Running student landscape probe...
[LR policy] epoch=34 output=residual_log policy_pred=-0.265400 predicted_lr=0.002309 cosine_blend=0.750 lr_ema=0.000 cosine_after=0 next_student_lr=0.002835
[Train] Epoch: 35 | Teacher lr=0.0020 | Teacher Loss: 1.143 | Teacher Train Acc: 81.948 | Student lr=0.0028 | Student Train Acc: 75.212 | Time: 136.952 |
[Eval] Epoch: 35 | Teacher Test Loss: 1.025 | Teacher Test Acc: 72.300 | Student Test Loss: 1.255 | Student Test Acc: 66.470 | Teacher Test F1: 0.723 | Student Test F1: 0.664 | Teacher Top 5 Accuracy: 0.924 | Student Top 5 Accuracy: 0.897 | Time: 2.267 | 
Running student landscape probe...
[LR policy] epoch=35 output=residual_log policy_pred=-0.266924 predicted_lr=0.001000 cosine_blend=0.750 lr_ema=0.000 cosine_after=0 next_student_lr=0.001000
ckpt location: ckpt/robust12h_industry/patchtst_lblnoise010_seed1_35ep.pt
