/home/jovyan/.mlspace/envs/egy_llm/lib/python3.11/site-packages/torchvision/datasets/cifar.py:83: VisibleDeprecationWarning: dtype(): align should be passed as Python or NumPy boolean but got `align=0`. Did you mean to pass a tuple to create a subarray type? (Deprecated NumPy 2.4)
  entry = pickle.load(f, encoding="latin1")
depth_list: [110, 20]
[LR policy] loaded checkpoint=checkpoints/policies_beatcos/patchtst_seed0/policy.pt,checkpoints/policies_beatcos/patchtst_seed2/policy.pt,checkpoints/policies_beatcos/patchtst_seed5/policy.pt,checkpoints/policies_beatcos/patchtst_seed7/policy.pt,checkpoints/policies_beatcos/patchtst_seed4/policy.pt model_type=patchtst input_dim=230 n_models=5
[NoisyClassificationDataset] num_classes=100 label_noise_rate=0.100 input_noise_std=0.0000 flipped=4987/50000
Dataset information: cifar100	 50000 images for training 	 10000 images for testing	
teacher depth: 110
student depth: 20
Total number of teacher parameters: 1,169,972
Total number of student parameters: 278,132
Snapshots will be saved to: snapshots/robust12h_industry/patchtst_lblnoise010_seed2_35ep
==== train and evaluate unequal restart ====
[Eval] Epoch: 0 | Teacher Test Loss: 11623.433 | Teacher Test Acc: 1.000 | Student Test Loss: 6.044 | Student Test Acc: 1.110 | Teacher Test F1: 0.000 | Student Test F1: 0.000 | Teacher Top 5 Accuracy: 0.049 | Student Top 5 Accuracy: 0.052 | Time: 2.501 | 
Running student landscape probe...
[Train] Epoch: 1 | Teacher lr=1.0000 | Teacher Loss: 4.163 | Teacher Train Acc: 8.400 | Student lr=0.0100 | Student Train Acc: 6.384 | Time: 136.664 |
[Eval] Epoch: 1 | Teacher Test Loss: 3.875 | Teacher Test Acc: 10.460 | Student Test Loss: 3.929 | Student Test Acc: 9.380 | Teacher Test F1: 0.076 | Student Test F1: 0.056 | Teacher Top 5 Accuracy: 0.325 | Student Top 5 Accuracy: 0.284 | Time: 2.603 | 
Running student landscape probe...
[LR policy] epoch=1 output=residual_log policy_pred=-0.247215 predicted_lr=0.779402 cosine_blend=0.750 lr_ema=0.000 cosine_after=0 next_student_lr=0.997989
[Train] Epoch: 2 | Teacher lr=0.9980 | Teacher Loss: 3.709 | Teacher Train Acc: 17.316 | Student lr=0.9980 | Student Train Acc: 17.620 | Time: 134.738 |
[Eval] Epoch: 2 | Teacher Test Loss: 3.303 | Teacher Test Acc: 19.410 | Student Test Loss: 3.258 | Student Test Acc: 20.790 | Teacher Test F1: 0.164 | Student Test F1: 0.177 | Teacher Top 5 Accuracy: 0.478 | Student Top 5 Accuracy: 0.497 | Time: 2.549 | 
Running student landscape probe...
[LR policy] epoch=2 output=residual_log policy_pred=-0.210439 predicted_lr=0.803725 cosine_blend=0.750 lr_ema=0.000 cosine_after=0 next_student_lr=0.991973
[Train] Epoch: 3 | Teacher lr=0.9920 | Teacher Loss: 3.293 | Teacher Train Acc: 26.980 | Student lr=0.9920 | Student Train Acc: 34.556 | Time: 135.855 |
[Eval] Epoch: 3 | Teacher Test Loss: 2.813 | Teacher Test Acc: 28.830 | Student Test Loss: 2.643 | Student Test Acc: 32.440 | Teacher Test F1: 0.266 | Student Test F1: 0.312 | Teacher Top 5 Accuracy: 0.604 | Student Top 5 Accuracy: 0.650 | Time: 2.620 | 
Running student landscape probe...
[LR policy] epoch=3 output=residual_log policy_pred=-0.259645 predicted_lr=0.757441 cosine_blend=0.750 lr_ema=0.000 cosine_after=0 next_student_lr=0.981999
[Train] Epoch: 4 | Teacher lr=0.9820 | Teacher Loss: 3.010 | Teacher Train Acc: 34.308 | Student lr=0.9820 | Student Train Acc: 40.610 | Time: 138.873 |
[Eval] Epoch: 4 | Teacher Test Loss: 2.349 | Teacher Test Acc: 37.880 | Student Test Loss: 2.651 | Student Test Acc: 31.710 | Teacher Test F1: 0.365 | Student Test F1: 0.305 | Teacher Top 5 Accuracy: 0.711 | Student Top 5 Accuracy: 0.650 | Time: 2.617 | 
Running student landscape probe...
[LR policy] epoch=4 output=residual_log policy_pred=-0.219287 predicted_lr=0.777512 cosine_blend=0.750 lr_ema=0.000 cosine_after=0 next_student_lr=0.968149
[Train] Epoch: 5 | Teacher lr=0.9681 | Teacher Loss: 2.850 | Teacher Train Acc: 38.348 | Student lr=0.9681 | Student Train Acc: 43.730 | Time: 137.357 |
[Eval] Epoch: 5 | Teacher Test Loss: 2.616 | Teacher Test Acc: 33.490 | Student Test Loss: 2.471 | Student Test Acc: 37.350 | Teacher Test F1: 0.324 | Student Test F1: 0.351 | Teacher Top 5 Accuracy: 0.663 | Student Top 5 Accuracy: 0.686 | Time: 2.556 | 
Running student landscape probe...
[LR policy] epoch=5 output=residual_log policy_pred=-0.259103 predicted_lr=0.733569 cosine_blend=0.750 lr_ema=0.000 cosine_after=0 next_student_lr=0.950534
[Train] Epoch: 6 | Teacher lr=0.9505 | Teacher Loss: 2.743 | Teacher Train Acc: 41.128 | Student lr=0.9505 | Student Train Acc: 45.856 | Time: 137.016 |
[Eval] Epoch: 6 | Teacher Test Loss: 2.392 | Teacher Test Acc: 37.310 | Student Test Loss: 3.225 | Student Test Acc: 26.610 | Teacher Test F1: 0.366 | Student Test F1: 0.259 | Teacher Top 5 Accuracy: 0.709 | Student Top 5 Accuracy: 0.544 | Time: 2.571 | 
Running student landscape probe...
[LR policy] epoch=6 output=residual_log policy_pred=-0.225687 predicted_lr=0.741548 cosine_blend=0.750 lr_ema=0.000 cosine_after=0 next_student_lr=0.929295
[Train] Epoch: 7 | Teacher lr=0.9292 | Teacher Loss: 2.661 | Teacher Train Acc: 43.452 | Student lr=0.9293 | Student Train Acc: 47.268 | Time: 138.131 |
[Eval] Epoch: 7 | Teacher Test Loss: 2.243 | Teacher Test Acc: 41.380 | Student Test Loss: 3.551 | Student Test Acc: 19.630 | Teacher Test F1: 0.400 | Student Test F1: 0.185 | Teacher Top 5 Accuracy: 0.735 | Student Top 5 Accuracy: 0.464 | Time: 2.677 | 
Running student landscape probe...
[LR policy] epoch=7 output=residual_log policy_pred=-0.260243 predicted_lr=0.697327 cosine_blend=0.750 lr_ema=0.000 cosine_after=0 next_student_lr=0.904604
[Train] Epoch: 8 | Teacher lr=0.9045 | Teacher Loss: 2.590 | Teacher Train Acc: 45.604 | Student lr=0.9046 | Student Train Acc: 48.392 | Time: 136.194 |
[Eval] Epoch: 8 | Teacher Test Loss: 2.276 | Teacher Test Acc: 41.060 | Student Test Loss: 2.961 | Student Test Acc: 28.040 | Teacher Test F1: 0.391 | Student Test F1: 0.279 | Teacher Top 5 Accuracy: 0.723 | Student Top 5 Accuracy: 0.602 | Time: 2.620 | 
Running student landscape probe...
[LR policy] epoch=8 output=residual_log policy_pred=-0.224617 predicted_lr=0.700294 cosine_blend=0.750 lr_ema=0.000 cosine_after=0 next_student_lr=0.876659
[Train] Epoch: 9 | Teacher lr=0.8765 | Teacher Loss: 2.526 | Teacher Train Acc: 47.222 | Student lr=0.8767 | Student Train Acc: 49.722 | Time: 134.944 |
[Eval] Epoch: 9 | Teacher Test Loss: 2.534 | Teacher Test Acc: 35.820 | Student Test Loss: 2.495 | Student Test Acc: 36.000 | Teacher Test F1: 0.355 | Student Test F1: 0.347 | Teacher Top 5 Accuracy: 0.678 | Student Top 5 Accuracy: 0.687 | Time: 2.614 | 
Running student landscape probe...
[LR policy] epoch=9 output=residual_log policy_pred=-0.264704 predicted_lr=0.649007 cosine_blend=0.750 lr_ema=0.000 cosine_after=0 next_student_lr=0.845686
[Train] Epoch: 10 | Teacher lr=0.8455 | Teacher Loss: 2.486 | Teacher Train Acc: 48.188 | Student lr=0.8457 | Student Train Acc: 50.472 | Time: 136.201 |
[Eval] Epoch: 10 | Teacher Test Loss: 1.920 | Teacher Test Acc: 49.210 | Student Test Loss: 2.229 | Student Test Acc: 42.370 | Teacher Test F1: 0.486 | Student Test F1: 0.415 | Teacher Top 5 Accuracy: 0.796 | Student Top 5 Accuracy: 0.735 | Time: 2.600 | 
Running student landscape probe...
[LR policy] epoch=10 output=residual_log policy_pred=-0.265894 predicted_lr=0.622363 cosine_blend=0.750 lr_ema=0.000 cosine_after=0 next_student_lr=0.811933
[Train] Epoch: 11 | Teacher lr=0.8117 | Teacher Loss: 2.436 | Teacher Train Acc: 49.686 | Student lr=0.8119 | Student Train Acc: 51.480 | Time: 133.611 |
[Eval] Epoch: 11 | Teacher Test Loss: 1.966 | Teacher Test Acc: 47.050 | Student Test Loss: 2.313 | Student Test Acc: 41.070 | Teacher Test F1: 0.457 | Student Test F1: 0.399 | Teacher Top 5 Accuracy: 0.794 | Student Top 5 Accuracy: 0.722 | Time: 2.584 | 
Running student landscape probe...
[LR policy] epoch=11 output=residual_log policy_pred=-0.266546 predicted_lr=0.594181 cosine_blend=0.750 lr_ema=0.000 cosine_after=0 next_student_lr=0.730300
[Train] Epoch: 12 | Teacher lr=0.7754 | Teacher Loss: 2.376 | Teacher Train Acc: 51.288 | Student lr=0.7303 | Student Train Acc: 52.500 | Time: 134.940 |
[Eval] Epoch: 12 | Teacher Test Loss: 1.800 | Teacher Test Acc: 51.500 | Student Test Loss: 2.008 | Student Test Acc: 46.680 | Teacher Test F1: 0.506 | Student Test F1: 0.459 | Teacher Top 5 Accuracy: 0.814 | Student Top 5 Accuracy: 0.778 | Time: 2.687 | 
Running student landscape probe...
[LR policy] epoch=12 output=residual_log policy_pred=-0.264207 predicted_lr=0.566031 cosine_blend=0.750 lr_ema=0.000 cosine_after=0 next_student_lr=0.694406
[Train] Epoch: 13 | Teacher lr=0.7369 | Teacher Loss: 2.335 | Teacher Train Acc: 52.394 | Student lr=0.6944 | Student Train Acc: 53.030 | Time: 136.973 |
[Eval] Epoch: 13 | Teacher Test Loss: 1.786 | Teacher Test Acc: 51.700 | Student Test Loss: 2.143 | Student Test Acc: 43.780 | Teacher Test F1: 0.514 | Student Test F1: 0.437 | Teacher Top 5 Accuracy: 0.820 | Student Top 5 Accuracy: 0.757 | Time: 2.618 | 
Running student landscape probe...
[LR policy] epoch=13 output=residual_log policy_pred=-0.265833 predicted_lr=0.534156 cosine_blend=0.750 lr_ema=0.000 cosine_after=0 next_student_lr=0.656151
[Train] Epoch: 14 | Teacher lr=0.6965 | Teacher Loss: 2.281 | Teacher Train Acc: 53.946 | Student lr=0.6562 | Student Train Acc: 53.772 | Time: 136.642 |
[Eval] Epoch: 14 | Teacher Test Loss: 1.851 | Teacher Test Acc: 50.680 | Student Test Loss: 2.089 | Student Test Acc: 44.370 | Teacher Test F1: 0.507 | Student Test F1: 0.441 | Teacher Top 5 Accuracy: 0.814 | Student Top 5 Accuracy: 0.767 | Time: 2.696 | 
Running student landscape probe...
[LR policy] epoch=14 output=residual_log policy_pred=-0.266929 predicted_lr=0.501440 cosine_blend=0.750 lr_ema=0.000 cosine_after=0 next_student_lr=0.616500
[Train] Epoch: 15 | Teacher lr=0.6545 | Teacher Loss: 2.239 | Teacher Train Acc: 54.864 | Student lr=0.6165 | Student Train Acc: 54.764 | Time: 138.174 |
[Eval] Epoch: 15 | Teacher Test Loss: 1.703 | Teacher Test Acc: 53.710 | Student Test Loss: 2.145 | Student Test Acc: 44.360 | Teacher Test F1: 0.540 | Student Test F1: 0.445 | Teacher Top 5 Accuracy: 0.839 | Student Top 5 Accuracy: 0.752 | Time: 2.659 | 
Running student landscape probe...
[LR policy] epoch=15 output=residual_log policy_pred=-0.266002 predicted_lr=0.468791 cosine_blend=0.750 lr_ema=0.000 cosine_after=0 next_student_lr=0.575935
[Train] Epoch: 16 | Teacher lr=0.6113 | Teacher Loss: 2.198 | Teacher Train Acc: 56.064 | Student lr=0.5759 | Student Train Acc: 55.522 | Time: 135.930 |
[Eval] Epoch: 16 | Teacher Test Loss: 1.676 | Teacher Test Acc: 54.620 | Student Test Loss: 1.981 | Student Test Acc: 47.310 | Teacher Test F1: 0.544 | Student Test F1: 0.470 | Teacher Top 5 Accuracy: 0.840 | Student Top 5 Accuracy: 0.784 | Time: 2.566 | 
Running student landscape probe...
[LR policy] epoch=16 output=residual_log policy_pred=-0.268218 predicted_lr=0.434028 cosine_blend=0.750 lr_ema=0.000 cosine_after=0 next_student_lr=0.534169
[Train] Epoch: 17 | Teacher lr=0.5671 | Teacher Loss: 2.147 | Teacher Train Acc: 57.292 | Student lr=0.5342 | Student Train Acc: 56.366 | Time: 136.484 |
[Eval] Epoch: 17 | Teacher Test Loss: 1.662 | Teacher Test Acc: 54.950 | Student Test Loss: 2.145 | Student Test Acc: 43.970 | Teacher Test F1: 0.551 | Student Test F1: 0.439 | Teacher Top 5 Accuracy: 0.845 | Student Top 5 Accuracy: 0.744 | Time: 2.583 | 
Running student landscape probe...
[LR policy] epoch=17 output=residual_log policy_pred=-0.268810 predicted_lr=0.399654 cosine_blend=0.750 lr_ema=0.000 cosine_after=0 next_student_lr=0.492096
[Train] Epoch: 18 | Teacher lr=0.5224 | Teacher Loss: 2.108 | Teacher Train Acc: 58.326 | Student lr=0.4921 | Student Train Acc: 57.038 | Time: 137.075 |
[Eval] Epoch: 18 | Teacher Test Loss: 1.554 | Teacher Test Acc: 57.850 | Student Test Loss: 2.368 | Student Test Acc: 39.850 | Teacher Test F1: 0.576 | Student Test F1: 0.391 | Teacher Top 5 Accuracy: 0.856 | Student Top 5 Accuracy: 0.706 | Time: 2.654 | 
Running student landscape probe...
[LR policy] epoch=18 output=residual_log policy_pred=-0.261613 predicted_lr=0.368038 cosine_blend=0.750 lr_ema=0.000 cosine_after=0 next_student_lr=0.450577
[Train] Epoch: 19 | Teacher lr=0.4776 | Teacher Loss: 2.061 | Teacher Train Acc: 59.650 | Student lr=0.4506 | Student Train Acc: 57.580 | Time: 135.928 |
[Eval] Epoch: 19 | Teacher Test Loss: 1.746 | Teacher Test Acc: 53.290 | Student Test Loss: 1.976 | Student Test Acc: 47.270 | Teacher Test F1: 0.529 | Student Test F1: 0.475 | Teacher Top 5 Accuracy: 0.825 | Student Top 5 Accuracy: 0.785 | Time: 2.638 | 
Running student landscape probe...
[LR policy] epoch=19 output=residual_log policy_pred=-0.263940 predicted_lr=0.332898 cosine_blend=0.750 lr_ema=0.000 cosine_after=0 next_student_lr=0.408312
[Train] Epoch: 20 | Teacher lr=0.4329 | Teacher Loss: 2.017 | Teacher Train Acc: 60.542 | Student lr=0.4083 | Student Train Acc: 58.474 | Time: 137.908 |
[Eval] Epoch: 20 | Teacher Test Loss: 1.462 | Teacher Test Acc: 60.950 | Student Test Loss: 1.975 | Student Test Acc: 48.690 | Teacher Test F1: 0.609 | Student Test F1: 0.478 | Teacher Top 5 Accuracy: 0.874 | Student Top 5 Accuracy: 0.784 | Time: 2.676 | 
Running student landscape probe...
[LR policy] epoch=20 output=residual_log policy_pred=-0.266925 predicted_lr=0.298138 cosine_blend=0.750 lr_ema=0.000 cosine_after=0 next_student_lr=0.366548
[Train] Epoch: 21 | Teacher lr=0.3887 | Teacher Loss: 1.967 | Teacher Train Acc: 62.186 | Student lr=0.3665 | Student Train Acc: 59.198 | Time: 138.134 |
[Eval] Epoch: 21 | Teacher Test Loss: 1.430 | Teacher Test Acc: 61.060 | Student Test Loss: 1.808 | Student Test Acc: 51.910 | Teacher Test F1: 0.608 | Student Test F1: 0.523 | Teacher Top 5 Accuracy: 0.876 | Student Top 5 Accuracy: 0.812 | Time: 2.509 | 
Running student landscape probe...
[LR policy] epoch=21 output=residual_log policy_pred=-0.264724 predicted_lr=0.265639 cosine_blend=0.750 lr_ema=0.000 cosine_after=0 next_student_lr=0.326019
[Train] Epoch: 22 | Teacher lr=0.3455 | Teacher Loss: 1.913 | Teacher Train Acc: 63.390 | Student lr=0.3260 | Student Train Acc: 60.372 | Time: 137.757 |
[Eval] Epoch: 22 | Teacher Test Loss: 1.332 | Teacher Test Acc: 63.600 | Student Test Loss: 1.858 | Student Test Acc: 50.550 | Teacher Test F1: 0.634 | Student Test F1: 0.502 | Teacher Top 5 Accuracy: 0.888 | Student Top 5 Accuracy: 0.805 | Time: 2.681 | 
Running student landscape probe...
[LR policy] epoch=22 output=residual_log policy_pred=-0.264653 predicted_lr=0.233453 cosine_blend=0.750 lr_ema=0.000 cosine_after=0 next_student_lr=0.286501
[Train] Epoch: 23 | Teacher lr=0.3035 | Teacher Loss: 1.864 | Teacher Train Acc: 64.660 | Student lr=0.2865 | Student Train Acc: 61.300 | Time: 136.298 |
[Eval] Epoch: 23 | Teacher Test Loss: 1.366 | Teacher Test Acc: 61.930 | Student Test Loss: 1.672 | Student Test Acc: 54.990 | Teacher Test F1: 0.619 | Student Test F1: 0.554 | Teacher Top 5 Accuracy: 0.889 | Student Top 5 Accuracy: 0.837 | Time: 2.555 | 
Running student landscape probe...
[LR policy] epoch=23 output=residual_log policy_pred=-0.266388 predicted_lr=0.202110 cosine_blend=0.750 lr_ema=0.000 cosine_after=0 next_student_lr=0.248379
[Train] Epoch: 24 | Teacher lr=0.2631 | Teacher Loss: 1.807 | Teacher Train Acc: 66.254 | Student lr=0.2484 | Student Train Acc: 62.330 | Time: 137.223 |
[Eval] Epoch: 24 | Teacher Test Loss: 1.347 | Teacher Test Acc: 63.040 | Student Test Loss: 1.737 | Student Test Acc: 54.330 | Teacher Test F1: 0.628 | Student Test F1: 0.537 | Teacher Top 5 Accuracy: 0.888 | Student Top 5 Accuracy: 0.817 | Time: 2.614 | 
Running student landscape probe...
[LR policy] epoch=24 output=residual_log policy_pred=-0.264041 predicted_lr=0.173038 cosine_blend=0.750 lr_ema=0.000 cosine_after=0 next_student_lr=0.212255
[Train] Epoch: 25 | Teacher lr=0.2246 | Teacher Loss: 1.748 | Teacher Train Acc: 67.874 | Student lr=0.2123 | Student Train Acc: 63.258 | Time: 135.190 |
[Eval] Epoch: 25 | Teacher Test Loss: 1.301 | Teacher Test Acc: 64.720 | Student Test Loss: 1.652 | Student Test Acc: 55.550 | Teacher Test F1: 0.647 | Student Test F1: 0.552 | Teacher Top 5 Accuracy: 0.897 | Student Top 5 Accuracy: 0.841 | Time: 2.781 | 
Running student landscape probe...
[LR policy] epoch=25 output=residual_log policy_pred=-0.267075 predicted_lr=0.144753 cosine_blend=0.750 lr_ema=0.000 cosine_after=0 next_student_lr=0.177988
[Train] Epoch: 26 | Teacher lr=0.1883 | Teacher Loss: 1.689 | Teacher Train Acc: 69.238 | Student lr=0.1780 | Student Train Acc: 64.676 | Time: 137.722 |
[Eval] Epoch: 26 | Teacher Test Loss: 1.213 | Teacher Test Acc: 66.990 | Student Test Loss: 1.565 | Student Test Acc: 57.940 | Teacher Test F1: 0.669 | Student Test F1: 0.581 | Teacher Top 5 Accuracy: 0.911 | Student Top 5 Accuracy: 0.849 | Time: 2.626 | 
Running student landscape probe...
[LR policy] epoch=26 output=residual_log policy_pred=-0.264718 predicted_lr=0.119192 cosine_blend=0.750 lr_ema=0.000 cosine_after=0 next_student_lr=0.146284
[Train] Epoch: 27 | Teacher lr=0.1545 | Teacher Loss: 1.622 | Teacher Train Acc: 70.890 | Student lr=0.1463 | Student Train Acc: 65.706 | Time: 138.057 |
[Eval] Epoch: 27 | Teacher Test Loss: 1.206 | Teacher Test Acc: 66.570 | Student Test Loss: 1.637 | Student Test Acc: 56.500 | Teacher Test F1: 0.664 | Student Test F1: 0.565 | Teacher Top 5 Accuracy: 0.904 | Student Top 5 Accuracy: 0.838 | Time: 2.685 | 
Running student landscape probe...
[LR policy] epoch=27 output=residual_log policy_pred=-0.265363 predicted_lr=0.095360 cosine_blend=0.750 lr_ema=0.000 cosine_after=0 next_student_lr=0.117096
[Train] Epoch: 28 | Teacher lr=0.1235 | Teacher Loss: 1.556 | Teacher Train Acc: 72.528 | Student lr=0.1171 | Student Train Acc: 66.910 | Time: 135.157 |
[Eval] Epoch: 28 | Teacher Test Loss: 1.182 | Teacher Test Acc: 67.500 | Student Test Loss: 1.485 | Student Test Acc: 60.340 | Teacher Test F1: 0.674 | Student Test F1: 0.600 | Teacher Top 5 Accuracy: 0.909 | Student Top 5 Accuracy: 0.861 | Time: 2.651 | 
Running student landscape probe...
[LR policy] epoch=28 output=residual_log policy_pred=-0.264291 predicted_lr=0.074008 cosine_blend=0.750 lr_ema=0.000 cosine_after=0 next_student_lr=0.090799
[Train] Epoch: 29 | Teacher lr=0.0955 | Teacher Loss: 1.486 | Teacher Train Acc: 74.378 | Student lr=0.0908 | Student Train Acc: 68.116 | Time: 136.862 |
[Eval] Epoch: 29 | Teacher Test Loss: 1.131 | Teacher Test Acc: 68.880 | Student Test Loss: 1.484 | Student Test Acc: 60.270 | Teacher Test F1: 0.689 | Student Test F1: 0.604 | Teacher Top 5 Accuracy: 0.918 | Student Top 5 Accuracy: 0.863 | Time: 2.645 | 
Running student landscape probe...
[LR policy] epoch=29 output=residual_log policy_pred=-0.264965 predicted_lr=0.055014 cosine_blend=0.750 lr_ema=0.000 cosine_after=0 next_student_lr=0.067532
[Train] Epoch: 30 | Teacher lr=0.0708 | Teacher Loss: 1.416 | Teacher Train Acc: 76.118 | Student lr=0.0675 | Student Train Acc: 69.496 | Time: 136.247 |
[Eval] Epoch: 30 | Teacher Test Loss: 1.106 | Teacher Test Acc: 69.840 | Student Test Loss: 1.498 | Student Test Acc: 60.100 | Teacher Test F1: 0.696 | Student Test F1: 0.600 | Teacher Top 5 Accuracy: 0.917 | Student Top 5 Accuracy: 0.856 | Time: 2.653 | 
Running student landscape probe...
[LR policy] epoch=30 output=residual_log policy_pred=-0.263116 predicted_lr=0.038791 cosine_blend=0.750 lr_ema=0.000 cosine_after=0 next_student_lr=0.047547
[Train] Epoch: 31 | Teacher lr=0.0495 | Teacher Loss: 1.342 | Teacher Train Acc: 77.696 | Student lr=0.0475 | Student Train Acc: 71.120 | Time: 137.380 |
[Eval] Epoch: 31 | Teacher Test Loss: 1.083 | Teacher Test Acc: 70.800 | Student Test Loss: 1.412 | Student Test Acc: 62.140 | Teacher Test F1: 0.708 | Student Test F1: 0.622 | Teacher Top 5 Accuracy: 0.920 | Student Top 5 Accuracy: 0.872 | Time: 2.721 | 
Running student landscape probe...
[LR policy] epoch=31 output=residual_log policy_pred=-0.263593 predicted_lr=0.025239 cosine_blend=0.750 lr_ema=0.000 cosine_after=0 next_student_lr=0.030948
[Train] Epoch: 32 | Teacher lr=0.0319 | Teacher Loss: 1.276 | Teacher Train Acc: 79.282 | Student lr=0.0309 | Student Train Acc: 72.782 | Time: 137.534 |
[Eval] Epoch: 32 | Teacher Test Loss: 1.052 | Teacher Test Acc: 71.450 | Student Test Loss: 1.350 | Student Test Acc: 63.270 | Teacher Test F1: 0.714 | Student Test F1: 0.632 | Teacher Top 5 Accuracy: 0.921 | Student Top 5 Accuracy: 0.880 | Time: 2.641 | 
Running student landscape probe...
[LR policy] epoch=32 output=residual_log policy_pred=-0.264014 predicted_lr=0.014592 cosine_blend=0.750 lr_ema=0.000 cosine_after=0 next_student_lr=0.017898
[Train] Epoch: 33 | Teacher lr=0.0180 | Teacher Loss: 1.218 | Teacher Train Acc: 80.460 | Student lr=0.0179 | Student Train Acc: 73.856 | Time: 136.474 |
[Eval] Epoch: 33 | Teacher Test Loss: 1.045 | Teacher Test Acc: 71.680 | Student Test Loss: 1.298 | Student Test Acc: 64.870 | Teacher Test F1: 0.716 | Student Test F1: 0.649 | Teacher Top 5 Accuracy: 0.923 | Student Top 5 Accuracy: 0.889 | Time: 2.680 | 
Running student landscape probe...
[LR policy] epoch=33 output=residual_log policy_pred=-0.263278 predicted_lr=0.006938 cosine_blend=0.750 lr_ema=0.000 cosine_after=0 next_student_lr=0.008505
[Train] Epoch: 34 | Teacher lr=0.0080 | Teacher Loss: 1.173 | Teacher Train Acc: 81.414 | Student lr=0.0085 | Student Train Acc: 75.174 | Time: 136.024 |
[Eval] Epoch: 34 | Teacher Test Loss: 1.034 | Teacher Test Acc: 72.060 | Student Test Loss: 1.256 | Student Test Acc: 66.000 | Teacher Test F1: 0.720 | Student Test F1: 0.659 | Teacher Top 5 Accuracy: 0.925 | Student Top 5 Accuracy: 0.892 | Time: 2.719 | 
Running student landscape probe...
[LR policy] epoch=34 output=residual_log policy_pred=-0.264206 predicted_lr=0.002312 cosine_blend=0.750 lr_ema=0.000 cosine_after=0 next_student_lr=0.002836
[Train] Epoch: 35 | Teacher lr=0.0020 | Teacher Loss: 1.148 | Teacher Train Acc: 81.912 | Student lr=0.0028 | Student Train Acc: 75.796 | Time: 133.513 |
[Eval] Epoch: 35 | Teacher Test Loss: 1.032 | Teacher Test Acc: 72.190 | Student Test Loss: 1.246 | Student Test Acc: 66.310 | Teacher Test F1: 0.721 | Student Test F1: 0.662 | Teacher Top 5 Accuracy: 0.925 | Student Top 5 Accuracy: 0.895 | Time: 2.642 | 
Running student landscape probe...
[LR policy] epoch=35 output=residual_log policy_pred=-0.264439 predicted_lr=0.001000 cosine_blend=0.750 lr_ema=0.000 cosine_after=0 next_student_lr=0.001000
ckpt location: ckpt/robust12h_industry/patchtst_lblnoise010_seed2_35ep.pt
