/home/jovyan/.mlspace/envs/egy_llm/lib/python3.11/site-packages/torchvision/datasets/cifar.py:83: VisibleDeprecationWarning: dtype(): align should be passed as Python or NumPy boolean but got `align=0`. Did you mean to pass a tuple to create a subarray type? (Deprecated NumPy 2.4)
  entry = pickle.load(f, encoding="latin1")
depth_list: [110, 20]
[LR policy] loaded checkpoint=checkpoints/policies_beatcos/patchtst_seed0/policy.pt,checkpoints/policies_beatcos/patchtst_seed2/policy.pt,checkpoints/policies_beatcos/patchtst_seed5/policy.pt,checkpoints/policies_beatcos/patchtst_seed7/policy.pt,checkpoints/policies_beatcos/patchtst_seed4/policy.pt model_type=patchtst input_dim=230 n_models=5
[NoisyClassificationDataset] num_classes=100 label_noise_rate=0.000 input_noise_std=0.0500 flipped=0/50000
Dataset information: cifar100	 50000 images for training 	 10000 images for testing	
teacher depth: 110
student depth: 20
Total number of teacher parameters: 1,169,972
Total number of student parameters: 278,132
Snapshots will be saved to: snapshots/robust12h_industry/patchtst_innoise005_seed4_35ep
==== train and evaluate unequal restart ====
[Eval] Epoch: 0 | Teacher Test Loss: 8723.027 | Teacher Test Acc: 1.000 | Student Test Loss: 5.114 | Student Test Acc: 0.930 | Teacher Test F1: 0.000 | Student Test F1: 0.001 | Teacher Top 5 Accuracy: 0.050 | Student Top 5 Accuracy: 0.051 | Time: 2.965 | 
Running student landscape probe...
[Train] Epoch: 1 | Teacher lr=1.0000 | Teacher Loss: 4.025 | Teacher Train Acc: 9.442 | Student lr=0.0100 | Student Train Acc: 6.814 | Time: 139.042 |
[Eval] Epoch: 1 | Teacher Test Loss: 3.640 | Teacher Test Acc: 13.660 | Student Test Loss: 3.868 | Student Test Acc: 10.130 | Teacher Test F1: 0.102 | Student Test F1: 0.066 | Teacher Top 5 Accuracy: 0.384 | Student Top 5 Accuracy: 0.304 | Time: 2.408 | 
Running student landscape probe...
[LR policy] epoch=1 output=residual_log policy_pred=-0.221576 predicted_lr=0.799644 cosine_blend=0.750 lr_ema=0.000 cosine_after=0 next_student_lr=0.997989
[Train] Epoch: 2 | Teacher lr=0.9980 | Teacher Loss: 3.442 | Teacher Train Acc: 20.376 | Student lr=0.9980 | Student Train Acc: 17.384 | Time: 138.774 |
[Eval] Epoch: 2 | Teacher Test Loss: 3.218 | Teacher Test Acc: 20.990 | Student Test Loss: 3.807 | Student Test Acc: 17.070 | Teacher Test F1: 0.189 | Student Test F1: 0.143 | Teacher Top 5 Accuracy: 0.509 | Student Top 5 Accuracy: 0.412 | Time: 2.106 | 
Running student landscape probe...
[LR policy] epoch=2 output=residual_log policy_pred=-0.208464 predicted_lr=0.805313 cosine_blend=0.750 lr_ema=0.000 cosine_after=0 next_student_lr=0.991973
[Train] Epoch: 3 | Teacher lr=0.9920 | Teacher Loss: 2.909 | Teacher Train Acc: 30.708 | Student lr=0.9920 | Student Train Acc: 37.720 | Time: 137.937 |
[Eval] Epoch: 3 | Teacher Test Loss: 3.067 | Teacher Test Acc: 25.230 | Student Test Loss: 3.515 | Student Test Acc: 20.880 | Teacher Test F1: 0.226 | Student Test F1: 0.188 | Teacher Top 5 Accuracy: 0.559 | Student Top 5 Accuracy: 0.498 | Time: 2.269 | 
Running student landscape probe...
[LR policy] epoch=3 output=residual_log policy_pred=-0.248858 predicted_lr=0.765656 cosine_blend=0.750 lr_ema=0.000 cosine_after=0 next_student_lr=0.981999
[Train] Epoch: 4 | Teacher lr=0.9820 | Teacher Loss: 2.570 | Teacher Train Acc: 38.346 | Student lr=0.9820 | Student Train Acc: 45.142 | Time: 139.088 |
[Eval] Epoch: 4 | Teacher Test Loss: 2.899 | Teacher Test Acc: 29.770 | Student Test Loss: 2.903 | Student Test Acc: 29.090 | Teacher Test F1: 0.280 | Student Test F1: 0.266 | Teacher Top 5 Accuracy: 0.603 | Student Top 5 Accuracy: 0.614 | Time: 2.258 | 
Running student landscape probe...
[LR policy] epoch=4 output=residual_log policy_pred=-0.219234 predicted_lr=0.777553 cosine_blend=0.750 lr_ema=0.000 cosine_after=0 next_student_lr=0.968149
[Train] Epoch: 5 | Teacher lr=0.9681 | Teacher Loss: 2.358 | Teacher Train Acc: 43.752 | Student lr=0.9681 | Student Train Acc: 48.920 | Time: 139.085 |
[Eval] Epoch: 5 | Teacher Test Loss: 2.375 | Teacher Test Acc: 37.730 | Student Test Loss: 2.572 | Student Test Acc: 34.210 | Teacher Test F1: 0.352 | Student Test F1: 0.336 | Teacher Top 5 Accuracy: 0.704 | Student Top 5 Accuracy: 0.663 | Time: 2.433 | 
Running student landscape probe...
[LR policy] epoch=5 output=residual_log policy_pred=-0.254758 predicted_lr=0.736762 cosine_blend=0.750 lr_ema=0.000 cosine_after=0 next_student_lr=0.950534
[Train] Epoch: 6 | Teacher lr=0.9505 | Teacher Loss: 2.208 | Teacher Train Acc: 47.094 | Student lr=0.9505 | Student Train Acc: 51.092 | Time: 139.294 |
[Eval] Epoch: 6 | Teacher Test Loss: 2.228 | Teacher Test Acc: 40.900 | Student Test Loss: 2.668 | Student Test Acc: 35.510 | Teacher Test F1: 0.400 | Student Test F1: 0.336 | Teacher Top 5 Accuracy: 0.733 | Student Top 5 Accuracy: 0.670 | Time: 2.492 | 
Running student landscape probe...
[LR policy] epoch=6 output=residual_log policy_pred=-0.224358 predicted_lr=0.742534 cosine_blend=0.750 lr_ema=0.000 cosine_after=0 next_student_lr=0.929295
[Train] Epoch: 7 | Teacher lr=0.9292 | Teacher Loss: 2.114 | Teacher Train Acc: 49.714 | Student lr=0.9293 | Student Train Acc: 52.942 | Time: 138.563 |
[Eval] Epoch: 7 | Teacher Test Loss: 2.170 | Teacher Test Acc: 42.200 | Student Test Loss: 2.554 | Student Test Acc: 36.480 | Teacher Test F1: 0.407 | Student Test F1: 0.356 | Teacher Top 5 Accuracy: 0.745 | Student Top 5 Accuracy: 0.688 | Time: 2.508 | 
Running student landscape probe...
[LR policy] epoch=7 output=residual_log policy_pred=-0.259096 predicted_lr=0.698127 cosine_blend=0.750 lr_ema=0.000 cosine_after=0 next_student_lr=0.904604
[Train] Epoch: 8 | Teacher lr=0.9045 | Teacher Loss: 2.038 | Teacher Train Acc: 52.048 | Student lr=0.9046 | Student Train Acc: 53.914 | Time: 137.368 |
[Eval] Epoch: 8 | Teacher Test Loss: 2.180 | Teacher Test Acc: 42.170 | Student Test Loss: 2.840 | Student Test Acc: 33.140 | Teacher Test F1: 0.420 | Student Test F1: 0.346 | Teacher Top 5 Accuracy: 0.742 | Student Top 5 Accuracy: 0.674 | Time: 2.170 | 
Running student landscape probe...
[LR policy] epoch=8 output=residual_log policy_pred=-0.231092 predicted_lr=0.695775 cosine_blend=0.750 lr_ema=0.000 cosine_after=0 next_student_lr=0.876659
[Train] Epoch: 9 | Teacher lr=0.8765 | Teacher Loss: 1.942 | Teacher Train Acc: 54.360 | Student lr=0.8767 | Student Train Acc: 54.826 | Time: 138.070 |
[Eval] Epoch: 9 | Teacher Test Loss: 2.120 | Teacher Test Acc: 44.060 | Student Test Loss: 2.761 | Student Test Acc: 33.550 | Teacher Test F1: 0.431 | Student Test F1: 0.320 | Teacher Top 5 Accuracy: 0.763 | Student Top 5 Accuracy: 0.656 | Time: 2.221 | 
Running student landscape probe...
[LR policy] epoch=9 output=residual_log policy_pred=-0.266904 predicted_lr=0.647581 cosine_blend=0.750 lr_ema=0.000 cosine_after=0 next_student_lr=0.845686
[Train] Epoch: 10 | Teacher lr=0.8455 | Teacher Loss: 1.898 | Teacher Train Acc: 55.444 | Student lr=0.8457 | Student Train Acc: 55.874 | Time: 137.899 |
[Eval] Epoch: 10 | Teacher Test Loss: 2.026 | Teacher Test Acc: 45.680 | Student Test Loss: 2.355 | Student Test Acc: 40.490 | Teacher Test F1: 0.449 | Student Test F1: 0.399 | Teacher Top 5 Accuracy: 0.779 | Student Top 5 Accuracy: 0.731 | Time: 2.365 | 
Running student landscape probe...
[LR policy] epoch=10 output=residual_log policy_pred=-0.250699 predicted_lr=0.631892 cosine_blend=0.750 lr_ema=0.000 cosine_after=0 next_student_lr=0.811933
[Train] Epoch: 11 | Teacher lr=0.8117 | Teacher Loss: 1.837 | Teacher Train Acc: 56.966 | Student lr=0.8119 | Student Train Acc: 56.530 | Time: 140.029 |
[Eval] Epoch: 11 | Teacher Test Loss: 2.007 | Teacher Test Acc: 46.210 | Student Test Loss: 2.240 | Student Test Acc: 42.730 | Teacher Test F1: 0.452 | Student Test F1: 0.428 | Teacher Top 5 Accuracy: 0.781 | Student Top 5 Accuracy: 0.749 | Time: 2.556 | 
Running student landscape probe...
[LR policy] epoch=11 output=residual_log policy_pred=-0.268624 predicted_lr=0.592948 cosine_blend=0.750 lr_ema=0.000 cosine_after=0 next_student_lr=0.729992
[Train] Epoch: 12 | Teacher lr=0.7754 | Teacher Loss: 1.781 | Teacher Train Acc: 58.442 | Student lr=0.7300 | Student Train Acc: 58.066 | Time: 136.769 |
[Eval] Epoch: 12 | Teacher Test Loss: 2.039 | Teacher Test Acc: 46.410 | Student Test Loss: 2.196 | Student Test Acc: 41.750 | Teacher Test F1: 0.454 | Student Test F1: 0.417 | Teacher Top 5 Accuracy: 0.768 | Student Top 5 Accuracy: 0.748 | Time: 2.826 | 
Running student landscape probe...
[LR policy] epoch=12 output=residual_log policy_pred=-0.254427 predicted_lr=0.571594 cosine_blend=0.750 lr_ema=0.000 cosine_after=0 next_student_lr=0.695797
[Train] Epoch: 13 | Teacher lr=0.7369 | Teacher Loss: 1.742 | Teacher Train Acc: 59.254 | Student lr=0.6958 | Student Train Acc: 58.360 | Time: 140.097 |
[Eval] Epoch: 13 | Teacher Test Loss: 1.797 | Teacher Test Acc: 51.340 | Student Test Loss: 2.315 | Student Test Acc: 41.860 | Teacher Test F1: 0.504 | Student Test F1: 0.416 | Teacher Top 5 Accuracy: 0.811 | Student Top 5 Accuracy: 0.724 | Time: 2.473 | 
Running student landscape probe...
[LR policy] epoch=13 output=residual_log policy_pred=-0.272108 predicted_lr=0.530815 cosine_blend=0.750 lr_ema=0.000 cosine_after=0 next_student_lr=0.655316
[Train] Epoch: 14 | Teacher lr=0.6965 | Teacher Loss: 1.689 | Teacher Train Acc: 60.768 | Student lr=0.6553 | Student Train Acc: 59.204 | Time: 138.307 |
[Eval] Epoch: 14 | Teacher Test Loss: 1.709 | Teacher Test Acc: 52.890 | Student Test Loss: 1.975 | Student Test Acc: 48.380 | Teacher Test F1: 0.523 | Student Test F1: 0.486 | Teacher Top 5 Accuracy: 0.829 | Student Top 5 Accuracy: 0.789 | Time: 2.541 | 
Running student landscape probe...
[LR policy] epoch=14 output=residual_log policy_pred=-0.256883 predicted_lr=0.506502 cosine_blend=0.750 lr_ema=0.000 cosine_after=0 next_student_lr=0.617766
[Train] Epoch: 15 | Teacher lr=0.6545 | Teacher Loss: 1.646 | Teacher Train Acc: 61.804 | Student lr=0.6178 | Student Train Acc: 59.802 | Time: 139.186 |
[Eval] Epoch: 15 | Teacher Test Loss: 1.639 | Teacher Test Acc: 54.410 | Student Test Loss: 1.970 | Student Test Acc: 47.360 | Teacher Test F1: 0.541 | Student Test F1: 0.465 | Teacher Top 5 Accuracy: 0.838 | Student Top 5 Accuracy: 0.782 | Time: 2.687 | 
Running student landscape probe...
[LR policy] epoch=15 output=residual_log policy_pred=-0.265817 predicted_lr=0.468878 cosine_blend=0.750 lr_ema=0.000 cosine_after=0 next_student_lr=0.575956
[Train] Epoch: 16 | Teacher lr=0.6113 | Teacher Loss: 1.599 | Teacher Train Acc: 63.374 | Student lr=0.5760 | Student Train Acc: 60.938 | Time: 139.841 |
[Eval] Epoch: 16 | Teacher Test Loss: 1.631 | Teacher Test Acc: 54.880 | Student Test Loss: 2.311 | Student Test Acc: 41.150 | Teacher Test F1: 0.542 | Student Test F1: 0.405 | Teacher Top 5 Accuracy: 0.836 | Student Top 5 Accuracy: 0.721 | Time: 2.823 | 
Running student landscape probe...
[LR policy] epoch=16 output=residual_log policy_pred=-0.259997 predicted_lr=0.437611 cosine_blend=0.750 lr_ema=0.000 cosine_after=0 next_student_lr=0.535065
[Train] Epoch: 17 | Teacher lr=0.5671 | Teacher Loss: 1.555 | Teacher Train Acc: 64.426 | Student lr=0.5351 | Student Train Acc: 61.662 | Time: 138.094 |
[Eval] Epoch: 17 | Teacher Test Loss: 1.643 | Teacher Test Acc: 54.440 | Student Test Loss: 2.534 | Student Test Acc: 38.310 | Teacher Test F1: 0.539 | Student Test F1: 0.383 | Teacher Top 5 Accuracy: 0.840 | Student Top 5 Accuracy: 0.705 | Time: 2.802 | 
Running student landscape probe...
[LR policy] epoch=17 output=residual_log policy_pred=-0.264203 predicted_lr=0.401499 cosine_blend=0.750 lr_ema=0.000 cosine_after=0 next_student_lr=0.492557
[Train] Epoch: 18 | Teacher lr=0.5224 | Teacher Loss: 1.511 | Teacher Train Acc: 65.416 | Student lr=0.4926 | Student Train Acc: 62.376 | Time: 139.516 |
[Eval] Epoch: 18 | Teacher Test Loss: 1.720 | Teacher Test Acc: 53.100 | Student Test Loss: 2.192 | Student Test Acc: 42.750 | Teacher Test F1: 0.529 | Student Test F1: 0.430 | Teacher Top 5 Accuracy: 0.825 | Student Top 5 Accuracy: 0.755 | Time: 2.816 | 
Running student landscape probe...
[LR policy] epoch=18 output=residual_log policy_pred=-0.262262 predicted_lr=0.367799 cosine_blend=0.750 lr_ema=0.000 cosine_after=0 next_student_lr=0.450517
[Train] Epoch: 19 | Teacher lr=0.4776 | Teacher Loss: 1.465 | Teacher Train Acc: 66.730 | Student lr=0.4505 | Student Train Acc: 62.970 | Time: 139.372 |
[Eval] Epoch: 19 | Teacher Test Loss: 1.710 | Teacher Test Acc: 54.180 | Student Test Loss: 2.301 | Student Test Acc: 43.520 | Teacher Test F1: 0.536 | Student Test F1: 0.432 | Teacher Top 5 Accuracy: 0.824 | Student Top 5 Accuracy: 0.749 | Time: 2.834 | 
Running student landscape probe...
[LR policy] epoch=19 output=residual_log policy_pred=-0.268912 predicted_lr=0.331247 cosine_blend=0.750 lr_ema=0.000 cosine_after=0 next_student_lr=0.407900
[Train] Epoch: 20 | Teacher lr=0.4329 | Teacher Loss: 1.419 | Teacher Train Acc: 68.050 | Student lr=0.4079 | Student Train Acc: 64.044 | Time: 138.931 |
[Eval] Epoch: 20 | Teacher Test Loss: 1.524 | Teacher Test Acc: 57.580 | Student Test Loss: 1.733 | Student Test Acc: 52.540 | Teacher Test F1: 0.571 | Student Test F1: 0.524 | Teacher Top 5 Accuracy: 0.854 | Student Top 5 Accuracy: 0.822 | Time: 2.818 | 
Running student landscape probe...
[LR policy] epoch=20 output=residual_log policy_pred=-0.263170 predicted_lr=0.299259 cosine_blend=0.750 lr_ema=0.000 cosine_after=0 next_student_lr=0.366828
[Train] Epoch: 21 | Teacher lr=0.3887 | Teacher Loss: 1.370 | Teacher Train Acc: 69.142 | Student lr=0.3668 | Student Train Acc: 65.016 | Time: 139.369 |
[Eval] Epoch: 21 | Teacher Test Loss: 1.440 | Teacher Test Acc: 59.630 | Student Test Loss: 1.769 | Student Test Acc: 53.550 | Teacher Test F1: 0.592 | Student Test F1: 0.527 | Teacher Top 5 Accuracy: 0.866 | Student Top 5 Accuracy: 0.822 | Time: 2.561 | 
Running student landscape probe...
[LR policy] epoch=21 output=residual_log policy_pred=-0.267459 predicted_lr=0.264913 cosine_blend=0.750 lr_ema=0.000 cosine_after=0 next_student_lr=0.325838
[Train] Epoch: 22 | Teacher lr=0.3455 | Teacher Loss: 1.321 | Teacher Train Acc: 70.756 | Student lr=0.3258 | Student Train Acc: 66.044 | Time: 139.834 |
[Eval] Epoch: 22 | Teacher Test Loss: 1.435 | Teacher Test Acc: 60.100 | Student Test Loss: 1.870 | Student Test Acc: 50.810 | Teacher Test F1: 0.598 | Student Test F1: 0.504 | Teacher Top 5 Accuracy: 0.864 | Student Top 5 Accuracy: 0.811 | Time: 2.574 | 
Running student landscape probe...
[LR policy] epoch=22 output=residual_log policy_pred=-0.259803 predicted_lr=0.234588 cosine_blend=0.750 lr_ema=0.000 cosine_after=0 next_student_lr=0.286785
[Train] Epoch: 23 | Teacher lr=0.3035 | Teacher Loss: 1.273 | Teacher Train Acc: 71.668 | Student lr=0.2868 | Student Train Acc: 66.926 | Time: 139.329 |
[Eval] Epoch: 23 | Teacher Test Loss: 1.306 | Teacher Test Acc: 63.350 | Student Test Loss: 1.783 | Student Test Acc: 52.210 | Teacher Test F1: 0.632 | Student Test F1: 0.525 | Teacher Top 5 Accuracy: 0.887 | Student Top 5 Accuracy: 0.819 | Time: 2.818 | 
Running student landscape probe...
[LR policy] epoch=23 output=residual_log policy_pred=-0.263120 predicted_lr=0.202772 cosine_blend=0.750 lr_ema=0.000 cosine_after=0 next_student_lr=0.248545
[Train] Epoch: 24 | Teacher lr=0.2631 | Teacher Loss: 1.213 | Teacher Train Acc: 73.516 | Student lr=0.2485 | Student Train Acc: 67.736 | Time: 138.891 |
[Eval] Epoch: 24 | Teacher Test Loss: 1.290 | Teacher Test Acc: 63.360 | Student Test Loss: 1.836 | Student Test Acc: 52.560 | Teacher Test F1: 0.633 | Student Test F1: 0.521 | Teacher Top 5 Accuracy: 0.889 | Student Top 5 Accuracy: 0.819 | Time: 2.566 | 
Running student landscape probe...
[LR policy] epoch=24 output=residual_log policy_pred=-0.265478 predicted_lr=0.172790 cosine_blend=0.750 lr_ema=0.000 cosine_after=0 next_student_lr=0.212193
[Train] Epoch: 25 | Teacher lr=0.2246 | Teacher Loss: 1.155 | Teacher Train Acc: 75.186 | Student lr=0.2122 | Student Train Acc: 69.438 | Time: 138.487 |
[Eval] Epoch: 25 | Teacher Test Loss: 1.300 | Teacher Test Acc: 63.250 | Student Test Loss: 1.805 | Student Test Acc: 52.710 | Teacher Test F1: 0.633 | Student Test F1: 0.528 | Teacher Top 5 Accuracy: 0.889 | Student Top 5 Accuracy: 0.820 | Time: 2.811 | 
Running student landscape probe...
[LR policy] epoch=25 output=residual_log policy_pred=-0.264444 predicted_lr=0.145134 cosine_blend=0.750 lr_ema=0.000 cosine_after=0 next_student_lr=0.178084
[Train] Epoch: 26 | Teacher lr=0.1883 | Teacher Loss: 1.093 | Teacher Train Acc: 76.760 | Student lr=0.1781 | Student Train Acc: 70.300 | Time: 139.120 |
[Eval] Epoch: 26 | Teacher Test Loss: 1.177 | Teacher Test Acc: 66.640 | Student Test Loss: 1.540 | Student Test Acc: 57.870 | Teacher Test F1: 0.663 | Student Test F1: 0.574 | Teacher Top 5 Accuracy: 0.904 | Student Top 5 Accuracy: 0.861 | Time: 2.604 | 
Running student landscape probe...
[LR policy] epoch=26 output=residual_log policy_pred=-0.264726 predicted_lr=0.119191 cosine_blend=0.750 lr_ema=0.000 cosine_after=0 next_student_lr=0.146283
[Train] Epoch: 27 | Teacher lr=0.1545 | Teacher Loss: 1.026 | Teacher Train Acc: 78.794 | Student lr=0.1463 | Student Train Acc: 71.788 | Time: 138.276 |
[Eval] Epoch: 27 | Teacher Test Loss: 1.160 | Teacher Test Acc: 66.870 | Student Test Loss: 1.461 | Student Test Acc: 60.290 | Teacher Test F1: 0.667 | Student Test F1: 0.597 | Teacher Top 5 Accuracy: 0.904 | Student Top 5 Accuracy: 0.868 | Time: 2.532 | 
Running student landscape probe...
[LR policy] epoch=27 output=residual_log policy_pred=-0.260989 predicted_lr=0.095778 cosine_blend=0.750 lr_ema=0.000 cosine_after=0 next_student_lr=0.117200
[Train] Epoch: 28 | Teacher lr=0.1235 | Teacher Loss: 0.962 | Teacher Train Acc: 80.702 | Student lr=0.1172 | Student Train Acc: 73.248 | Time: 139.429 |
[Eval] Epoch: 28 | Teacher Test Loss: 1.157 | Teacher Test Acc: 67.110 | Student Test Loss: 1.476 | Student Test Acc: 59.860 | Teacher Test F1: 0.669 | Student Test F1: 0.596 | Teacher Top 5 Accuracy: 0.906 | Student Top 5 Accuracy: 0.868 | Time: 2.613 | 
Running student landscape probe...
[LR policy] epoch=28 output=residual_log policy_pred=-0.264275 predicted_lr=0.074009 cosine_blend=0.750 lr_ema=0.000 cosine_after=0 next_student_lr=0.090799
[Train] Epoch: 29 | Teacher lr=0.0955 | Teacher Loss: 0.896 | Teacher Train Acc: 82.412 | Student lr=0.0908 | Student Train Acc: 74.794 | Time: 138.364 |
[Eval] Epoch: 29 | Teacher Test Loss: 1.111 | Teacher Test Acc: 68.360 | Student Test Loss: 1.393 | Student Test Acc: 61.740 | Teacher Test F1: 0.683 | Student Test F1: 0.617 | Teacher Top 5 Accuracy: 0.912 | Student Top 5 Accuracy: 0.879 | Time: 2.800 | 
Running student landscape probe...
[LR policy] epoch=29 output=residual_log policy_pred=-0.261606 predicted_lr=0.055199 cosine_blend=0.750 lr_ema=0.000 cosine_after=0 next_student_lr=0.067578
[Train] Epoch: 30 | Teacher lr=0.0708 | Teacher Loss: 0.834 | Teacher Train Acc: 84.124 | Student lr=0.0676 | Student Train Acc: 76.292 | Time: 139.069 |
[Eval] Epoch: 30 | Teacher Test Loss: 1.077 | Teacher Test Acc: 69.630 | Student Test Loss: 1.557 | Student Test Acc: 59.770 | Teacher Test F1: 0.696 | Student Test F1: 0.600 | Teacher Top 5 Accuracy: 0.914 | Student Top 5 Accuracy: 0.858 | Time: 2.841 | 
Running student landscape probe...
[LR policy] epoch=30 output=residual_log policy_pred=-0.262291 predicted_lr=0.038823 cosine_blend=0.750 lr_ema=0.000 cosine_after=0 next_student_lr=0.047555
[Train] Epoch: 31 | Teacher lr=0.0495 | Teacher Loss: 0.771 | Teacher Train Acc: 85.796 | Student lr=0.0476 | Student Train Acc: 77.892 | Time: 139.648 |
[Eval] Epoch: 31 | Teacher Test Loss: 1.051 | Teacher Test Acc: 70.350 | Student Test Loss: 1.405 | Student Test Acc: 62.790 | Teacher Test F1: 0.703 | Student Test F1: 0.625 | Teacher Top 5 Accuracy: 0.919 | Student Top 5 Accuracy: 0.875 | Time: 3.297 | 
Running student landscape probe...
[LR policy] epoch=31 output=residual_log policy_pred=-0.263656 predicted_lr=0.025237 cosine_blend=0.750 lr_ema=0.000 cosine_after=0 next_student_lr=0.030947
[Train] Epoch: 32 | Teacher lr=0.0319 | Teacher Loss: 0.717 | Teacher Train Acc: 87.126 | Student lr=0.0309 | Student Train Acc: 79.402 | Time: 139.065 |
[Eval] Epoch: 32 | Teacher Test Loss: 1.028 | Teacher Test Acc: 70.580 | Student Test Loss: 1.298 | Student Test Acc: 64.750 | Teacher Test F1: 0.706 | Student Test F1: 0.645 | Teacher Top 5 Accuracy: 0.922 | Student Top 5 Accuracy: 0.888 | Time: 2.592 | 
Running student landscape probe...
[LR policy] epoch=32 output=residual_log policy_pred=-0.260996 predicted_lr=0.014636 cosine_blend=0.750 lr_ema=0.000 cosine_after=0 next_student_lr=0.017909
[Train] Epoch: 33 | Teacher lr=0.0180 | Teacher Loss: 0.673 | Teacher Train Acc: 88.136 | Student lr=0.0179 | Student Train Acc: 80.548 | Time: 137.917 |
[Eval] Epoch: 33 | Teacher Test Loss: 1.013 | Teacher Test Acc: 71.110 | Student Test Loss: 1.367 | Student Test Acc: 64.100 | Teacher Test F1: 0.711 | Student Test F1: 0.640 | Teacher Top 5 Accuracy: 0.924 | Student Top 5 Accuracy: 0.882 | Time: 2.566 | 
Running student landscape probe...
[LR policy] epoch=33 output=residual_log policy_pred=-0.264928 predicted_lr=0.006926 cosine_blend=0.750 lr_ema=0.000 cosine_after=0 next_student_lr=0.008502
[Train] Epoch: 34 | Teacher lr=0.0080 | Teacher Loss: 0.635 | Teacher Train Acc: 89.138 | Student lr=0.0085 | Student Train Acc: 82.170 | Time: 139.062 |
[Eval] Epoch: 34 | Teacher Test Loss: 1.001 | Teacher Test Acc: 71.730 | Student Test Loss: 1.293 | Student Test Acc: 65.660 | Teacher Test F1: 0.717 | Student Test F1: 0.655 | Teacher Top 5 Accuracy: 0.924 | Student Top 5 Accuracy: 0.891 | Time: 2.627 | 
Running student landscape probe...
[LR policy] epoch=34 output=residual_log policy_pred=-0.260639 predicted_lr=0.002320 cosine_blend=0.750 lr_ema=0.000 cosine_after=0 next_student_lr=0.002838
[Train] Epoch: 35 | Teacher lr=0.0020 | Teacher Loss: 0.614 | Teacher Train Acc: 89.760 | Student lr=0.0028 | Student Train Acc: 82.924 | Time: 123.399 |
[Eval] Epoch: 35 | Teacher Test Loss: 1.003 | Teacher Test Acc: 71.540 | Student Test Loss: 1.303 | Student Test Acc: 65.650 | Teacher Test F1: 0.716 | Student Test F1: 0.656 | Teacher Top 5 Accuracy: 0.924 | Student Top 5 Accuracy: 0.888 | Time: 0.966 | 
Running student landscape probe...
[LR policy] epoch=35 output=residual_log policy_pred=-0.265123 predicted_lr=0.001000 cosine_blend=0.750 lr_ema=0.000 cosine_after=0 next_student_lr=0.001000
ckpt location: ckpt/robust12h_industry/patchtst_innoise005_seed4_35ep.pt
