/home/jovyan/.mlspace/envs/egy_llm/lib/python3.11/site-packages/torchvision/datasets/cifar.py:83: VisibleDeprecationWarning: dtype(): align should be passed as Python or NumPy boolean but got `align=0`. Did you mean to pass a tuple to create a subarray type? (Deprecated NumPy 2.4)
  entry = pickle.load(f, encoding="latin1")
depth_list: [110, 20]
[LR policy] loaded checkpoint=checkpoints/policies_beatcos/patchtst_seed0/policy.pt,checkpoints/policies_beatcos/patchtst_seed2/policy.pt,checkpoints/policies_beatcos/patchtst_seed5/policy.pt,checkpoints/policies_beatcos/patchtst_seed7/policy.pt,checkpoints/policies_beatcos/patchtst_seed4/policy.pt model_type=patchtst input_dim=230 n_models=5
[NoisyClassificationDataset] num_classes=100 label_noise_rate=0.000 input_noise_std=0.1500 flipped=0/50000
Dataset information: cifar100	 50000 images for training 	 10000 images for testing	
teacher depth: 110
student depth: 20
Total number of teacher parameters: 1,169,972
Total number of student parameters: 278,132
Snapshots will be saved to: snapshots/robust12h_industry/patchtst_innoise015_seed4_35ep
==== train and evaluate unequal restart ====
[Eval] Epoch: 0 | Teacher Test Loss: 8723.027 | Teacher Test Acc: 1.000 | Student Test Loss: 5.114 | Student Test Acc: 0.930 | Teacher Test F1: 0.000 | Student Test F1: 0.001 | Teacher Top 5 Accuracy: 0.050 | Student Top 5 Accuracy: 0.051 | Time: 2.965 | 
Running student landscape probe...
[Train] Epoch: 1 | Teacher lr=1.0000 | Teacher Loss: 4.058 | Teacher Train Acc: 8.940 | Student lr=0.0100 | Student Train Acc: 6.402 | Time: 138.517 |
[Eval] Epoch: 1 | Teacher Test Loss: 3.743 | Teacher Test Acc: 12.160 | Student Test Loss: 3.935 | Student Test Acc: 8.940 | Teacher Test F1: 0.085 | Student Test F1: 0.057 | Teacher Top 5 Accuracy: 0.364 | Student Top 5 Accuracy: 0.283 | Time: 2.443 | 
Running student landscape probe...
[LR policy] epoch=1 output=residual_log policy_pred=-0.222127 predicted_lr=0.799203 cosine_blend=0.750 lr_ema=0.000 cosine_after=0 next_student_lr=0.997989
[Train] Epoch: 2 | Teacher lr=0.9980 | Teacher Loss: 3.517 | Teacher Train Acc: 18.982 | Student lr=0.9980 | Student Train Acc: 16.360 | Time: 138.641 |
[Eval] Epoch: 2 | Teacher Test Loss: 3.500 | Teacher Test Acc: 17.500 | Student Test Loss: 3.402 | Student Test Acc: 19.660 | Teacher Test F1: 0.152 | Student Test F1: 0.171 | Teacher Top 5 Accuracy: 0.443 | Student Top 5 Accuracy: 0.478 | Time: 2.100 | 
Running student landscape probe...
[LR policy] epoch=2 output=residual_log policy_pred=-0.209399 predicted_lr=0.804561 cosine_blend=0.750 lr_ema=0.000 cosine_after=0 next_student_lr=0.991973
[Train] Epoch: 3 | Teacher lr=0.9920 | Teacher Loss: 3.061 | Teacher Train Acc: 27.500 | Student lr=0.9920 | Student Train Acc: 34.204 | Time: 138.780 |
[Eval] Epoch: 3 | Teacher Test Loss: 3.199 | Teacher Test Acc: 23.120 | Student Test Loss: 3.444 | Student Test Acc: 23.240 | Teacher Test F1: 0.216 | Student Test F1: 0.206 | Teacher Top 5 Accuracy: 0.535 | Student Top 5 Accuracy: 0.516 | Time: 2.144 | 
Running student landscape probe...
[LR policy] epoch=3 output=residual_log policy_pred=-0.257058 predicted_lr=0.759403 cosine_blend=0.750 lr_ema=0.000 cosine_after=0 next_student_lr=0.981999
[Train] Epoch: 4 | Teacher lr=0.9820 | Teacher Loss: 2.763 | Teacher Train Acc: 34.394 | Student lr=0.9820 | Student Train Acc: 40.840 | Time: 138.927 |
[Eval] Epoch: 4 | Teacher Test Loss: 2.874 | Teacher Test Acc: 30.240 | Student Test Loss: 2.802 | Student Test Acc: 32.270 | Teacher Test F1: 0.286 | Student Test F1: 0.303 | Teacher Top 5 Accuracy: 0.611 | Student Top 5 Accuracy: 0.633 | Time: 2.118 | 
Running student landscape probe...
[LR policy] epoch=4 output=residual_log policy_pred=-0.220030 predicted_lr=0.776935 cosine_blend=0.750 lr_ema=0.000 cosine_after=0 next_student_lr=0.968149
[Train] Epoch: 5 | Teacher lr=0.9681 | Teacher Loss: 2.611 | Teacher Train Acc: 38.190 | Student lr=0.9681 | Student Train Acc: 44.328 | Time: 139.281 |
[Eval] Epoch: 5 | Teacher Test Loss: 2.795 | Teacher Test Acc: 30.620 | Student Test Loss: 2.653 | Student Test Acc: 33.730 | Teacher Test F1: 0.301 | Student Test F1: 0.331 | Teacher Top 5 Accuracy: 0.624 | Student Top 5 Accuracy: 0.661 | Time: 2.144 | 
Running student landscape probe...
[LR policy] epoch=5 output=residual_log policy_pred=-0.253727 predicted_lr=0.737523 cosine_blend=0.750 lr_ema=0.000 cosine_after=0 next_student_lr=0.950534
[Train] Epoch: 6 | Teacher lr=0.9505 | Teacher Loss: 2.458 | Teacher Train Acc: 41.712 | Student lr=0.9505 | Student Train Acc: 46.100 | Time: 139.828 |
[Eval] Epoch: 6 | Teacher Test Loss: 2.880 | Teacher Test Acc: 31.310 | Student Test Loss: 2.904 | Student Test Acc: 30.830 | Teacher Test F1: 0.301 | Student Test F1: 0.303 | Teacher Top 5 Accuracy: 0.630 | Student Top 5 Accuracy: 0.633 | Time: 2.218 | 
Running student landscape probe...
[LR policy] epoch=6 output=residual_log policy_pred=-0.228884 predicted_lr=0.739181 cosine_blend=0.750 lr_ema=0.000 cosine_after=0 next_student_lr=0.929295
[Train] Epoch: 7 | Teacher lr=0.9292 | Teacher Loss: 2.338 | Teacher Train Acc: 44.400 | Student lr=0.9293 | Student Train Acc: 47.932 | Time: 139.189 |
[Eval] Epoch: 7 | Teacher Test Loss: 2.511 | Teacher Test Acc: 37.280 | Student Test Loss: 2.965 | Student Test Acc: 29.280 | Teacher Test F1: 0.357 | Student Test F1: 0.277 | Teacher Top 5 Accuracy: 0.678 | Student Top 5 Accuracy: 0.607 | Time: 2.228 | 
Running student landscape probe...
[LR policy] epoch=7 output=residual_log policy_pred=-0.262349 predicted_lr=0.695860 cosine_blend=0.750 lr_ema=0.000 cosine_after=0 next_student_lr=0.904604
[Train] Epoch: 8 | Teacher lr=0.9045 | Teacher Loss: 2.242 | Teacher Train Acc: 46.764 | Student lr=0.9046 | Student Train Acc: 49.102 | Time: 139.249 |
[Eval] Epoch: 8 | Teacher Test Loss: 2.590 | Teacher Test Acc: 36.110 | Student Test Loss: 3.184 | Student Test Acc: 28.970 | Teacher Test F1: 0.352 | Student Test F1: 0.272 | Teacher Top 5 Accuracy: 0.670 | Student Top 5 Accuracy: 0.582 | Time: 2.281 | 
Running student landscape probe...
[LR policy] epoch=8 output=residual_log policy_pred=-0.229624 predicted_lr=0.696797 cosine_blend=0.750 lr_ema=0.000 cosine_after=0 next_student_lr=0.876659
[Train] Epoch: 9 | Teacher lr=0.8765 | Teacher Loss: 2.187 | Teacher Train Acc: 48.254 | Student lr=0.8767 | Student Train Acc: 50.166 | Time: 138.845 |
[Eval] Epoch: 9 | Teacher Test Loss: 2.901 | Teacher Test Acc: 30.680 | Student Test Loss: 2.731 | Student Test Acc: 34.360 | Teacher Test F1: 0.303 | Student Test F1: 0.326 | Teacher Top 5 Accuracy: 0.631 | Student Top 5 Accuracy: 0.656 | Time: 2.541 | 
Running student landscape probe...
[LR policy] epoch=9 output=residual_log policy_pred=-0.265554 predicted_lr=0.648456 cosine_blend=0.750 lr_ema=0.000 cosine_after=0 next_student_lr=0.845686
[Train] Epoch: 10 | Teacher lr=0.8455 | Teacher Loss: 2.108 | Teacher Train Acc: 50.020 | Student lr=0.8457 | Student Train Acc: 51.256 | Time: 137.723 |
[Eval] Epoch: 10 | Teacher Test Loss: 2.544 | Teacher Test Acc: 37.250 | Student Test Loss: 2.519 | Student Test Acc: 37.110 | Teacher Test F1: 0.358 | Student Test F1: 0.358 | Teacher Top 5 Accuracy: 0.693 | Student Top 5 Accuracy: 0.676 | Time: 2.654 | 
Running student landscape probe...
[LR policy] epoch=10 output=residual_log policy_pred=-0.254680 predicted_lr=0.629382 cosine_blend=0.750 lr_ema=0.000 cosine_after=0 next_student_lr=0.811933
[Train] Epoch: 11 | Teacher lr=0.8117 | Teacher Loss: 2.069 | Teacher Train Acc: 51.094 | Student lr=0.8119 | Student Train Acc: 52.138 | Time: 138.912 |
[Eval] Epoch: 11 | Teacher Test Loss: 2.438 | Teacher Test Acc: 39.940 | Student Test Loss: 2.535 | Student Test Acc: 37.820 | Teacher Test F1: 0.388 | Student Test F1: 0.376 | Teacher Top 5 Accuracy: 0.705 | Student Top 5 Accuracy: 0.712 | Time: 2.784 | 
Running student landscape probe...
[LR policy] epoch=11 output=residual_log policy_pred=-0.264701 predicted_lr=0.595279 cosine_blend=0.750 lr_ema=0.000 cosine_after=0 next_student_lr=0.730574
[Train] Epoch: 12 | Teacher lr=0.7754 | Teacher Loss: 2.014 | Teacher Train Acc: 52.292 | Student lr=0.7306 | Student Train Acc: 52.980 | Time: 137.975 |
[Eval] Epoch: 12 | Teacher Test Loss: 2.170 | Teacher Test Acc: 44.260 | Student Test Loss: 3.096 | Student Test Acc: 30.990 | Teacher Test F1: 0.425 | Student Test F1: 0.293 | Teacher Top 5 Accuracy: 0.748 | Student Top 5 Accuracy: 0.586 | Time: 2.789 | 
Running student landscape probe...
[LR policy] epoch=12 output=residual_log policy_pred=-0.257403 predicted_lr=0.569895 cosine_blend=0.750 lr_ema=0.000 cosine_after=0 next_student_lr=0.695372
[Train] Epoch: 13 | Teacher lr=0.7369 | Teacher Loss: 1.960 | Teacher Train Acc: 53.644 | Student lr=0.6954 | Student Train Acc: 53.804 | Time: 138.883 |
[Eval] Epoch: 13 | Teacher Test Loss: 2.632 | Teacher Test Acc: 36.790 | Student Test Loss: 2.421 | Student Test Acc: 40.360 | Teacher Test F1: 0.358 | Student Test F1: 0.397 | Teacher Top 5 Accuracy: 0.679 | Student Top 5 Accuracy: 0.723 | Time: 2.702 | 
Running student landscape probe...
[LR policy] epoch=13 output=residual_log policy_pred=-0.266152 predicted_lr=0.533986 cosine_blend=0.750 lr_ema=0.000 cosine_after=0 next_student_lr=0.656108
[Train] Epoch: 14 | Teacher lr=0.6965 | Teacher Loss: 1.935 | Teacher Train Acc: 54.348 | Student lr=0.6561 | Student Train Acc: 54.564 | Time: 138.659 |
[Eval] Epoch: 14 | Teacher Test Loss: 2.256 | Teacher Test Acc: 42.920 | Student Test Loss: 2.801 | Student Test Acc: 34.290 | Teacher Test F1: 0.424 | Student Test F1: 0.335 | Teacher Top 5 Accuracy: 0.736 | Student Top 5 Accuracy: 0.647 | Time: 2.820 | 
Running student landscape probe...
[LR policy] epoch=14 output=residual_log policy_pred=-0.259539 predicted_lr=0.505159 cosine_blend=0.750 lr_ema=0.000 cosine_after=0 next_student_lr=0.617430
[Train] Epoch: 15 | Teacher lr=0.6545 | Teacher Loss: 1.870 | Teacher Train Acc: 55.800 | Student lr=0.6174 | Student Train Acc: 55.284 | Time: 138.545 |
[Eval] Epoch: 15 | Teacher Test Loss: 2.391 | Teacher Test Acc: 40.950 | Student Test Loss: 2.468 | Student Test Acc: 38.640 | Teacher Test F1: 0.413 | Student Test F1: 0.389 | Teacher Top 5 Accuracy: 0.723 | Student Top 5 Accuracy: 0.704 | Time: 2.571 | 
Running student landscape probe...
[LR policy] epoch=15 output=residual_log policy_pred=-0.263315 predicted_lr=0.470052 cosine_blend=0.750 lr_ema=0.000 cosine_after=0 next_student_lr=0.576250
[Train] Epoch: 16 | Teacher lr=0.6113 | Teacher Loss: 1.826 | Teacher Train Acc: 57.018 | Student lr=0.5762 | Student Train Acc: 56.062 | Time: 138.398 |
[Eval] Epoch: 16 | Teacher Test Loss: 2.133 | Teacher Test Acc: 44.700 | Student Test Loss: 2.545 | Student Test Acc: 37.910 | Teacher Test F1: 0.436 | Student Test F1: 0.371 | Teacher Top 5 Accuracy: 0.744 | Student Top 5 Accuracy: 0.694 | Time: 2.724 | 
Running student landscape probe...
[LR policy] epoch=16 output=residual_log policy_pred=-0.263097 predicted_lr=0.436257 cosine_blend=0.750 lr_ema=0.000 cosine_after=0 next_student_lr=0.534726
[Train] Epoch: 17 | Teacher lr=0.5671 | Teacher Loss: 1.785 | Teacher Train Acc: 58.208 | Student lr=0.5347 | Student Train Acc: 56.962 | Time: 138.673 |
[Eval] Epoch: 17 | Teacher Test Loss: 2.086 | Teacher Test Acc: 45.430 | Student Test Loss: 2.342 | Student Test Acc: 41.800 | Teacher Test F1: 0.455 | Student Test F1: 0.414 | Teacher Top 5 Accuracy: 0.769 | Student Top 5 Accuracy: 0.725 | Time: 2.648 | 
Running student landscape probe...
[LR policy] epoch=17 output=residual_log policy_pred=-0.260517 predicted_lr=0.402982 cosine_blend=0.750 lr_ema=0.000 cosine_after=0 next_student_lr=0.492928
[Train] Epoch: 18 | Teacher lr=0.5224 | Teacher Loss: 1.742 | Teacher Train Acc: 59.070 | Student lr=0.4929 | Student Train Acc: 57.328 | Time: 138.822 |
[Eval] Epoch: 18 | Teacher Test Loss: 2.052 | Teacher Test Acc: 47.440 | Student Test Loss: 2.316 | Student Test Acc: 41.570 | Teacher Test F1: 0.476 | Student Test F1: 0.409 | Teacher Top 5 Accuracy: 0.768 | Student Top 5 Accuracy: 0.728 | Time: 2.567 | 
Running student landscape probe...
[LR policy] epoch=18 output=residual_log policy_pred=-0.265889 predicted_lr=0.366468 cosine_blend=0.750 lr_ema=0.000 cosine_after=0 next_student_lr=0.450184
[Train] Epoch: 19 | Teacher lr=0.4776 | Teacher Loss: 1.698 | Teacher Train Acc: 60.182 | Student lr=0.4502 | Student Train Acc: 58.222 | Time: 137.896 |
[Eval] Epoch: 19 | Teacher Test Loss: 2.230 | Teacher Test Acc: 45.630 | Student Test Loss: 3.107 | Student Test Acc: 33.710 | Teacher Test F1: 0.446 | Student Test F1: 0.335 | Teacher Top 5 Accuracy: 0.738 | Student Top 5 Accuracy: 0.643 | Time: 2.603 | 
Running student landscape probe...
[LR policy] epoch=19 output=residual_log policy_pred=-0.261052 predicted_lr=0.333861 cosine_blend=0.750 lr_ema=0.000 cosine_after=0 next_student_lr=0.408553
[Train] Epoch: 20 | Teacher lr=0.4329 | Teacher Loss: 1.649 | Teacher Train Acc: 61.364 | Student lr=0.4086 | Student Train Acc: 58.874 | Time: 138.262 |
[Eval] Epoch: 20 | Teacher Test Loss: 2.030 | Teacher Test Acc: 48.010 | Student Test Loss: 2.306 | Student Test Acc: 42.870 | Teacher Test F1: 0.473 | Student Test F1: 0.416 | Teacher Top 5 Accuracy: 0.775 | Student Top 5 Accuracy: 0.738 | Time: 2.763 | 
Running student landscape probe...
[LR policy] epoch=20 output=residual_log policy_pred=-0.264798 predicted_lr=0.298773 cosine_blend=0.750 lr_ema=0.000 cosine_after=0 next_student_lr=0.366706
[Train] Epoch: 21 | Teacher lr=0.3887 | Teacher Loss: 1.599 | Teacher Train Acc: 62.622 | Student lr=0.3667 | Student Train Acc: 59.852 | Time: 138.565 |
[Eval] Epoch: 21 | Teacher Test Loss: 2.102 | Teacher Test Acc: 47.500 | Student Test Loss: 2.258 | Student Test Acc: 44.190 | Teacher Test F1: 0.473 | Student Test F1: 0.441 | Teacher Top 5 Accuracy: 0.762 | Student Top 5 Accuracy: 0.742 | Time: 2.847 | 
Running student landscape probe...
[LR policy] epoch=21 output=residual_log policy_pred=-0.261749 predicted_lr=0.266430 cosine_blend=0.750 lr_ema=0.000 cosine_after=0 next_student_lr=0.326217
[Train] Epoch: 22 | Teacher lr=0.3455 | Teacher Loss: 1.552 | Teacher Train Acc: 63.836 | Student lr=0.3262 | Student Train Acc: 60.820 | Time: 138.487 |
[Eval] Epoch: 22 | Teacher Test Loss: 1.981 | Teacher Test Acc: 49.640 | Student Test Loss: 2.148 | Student Test Acc: 45.500 | Teacher Test F1: 0.492 | Student Test F1: 0.453 | Teacher Top 5 Accuracy: 0.777 | Student Top 5 Accuracy: 0.751 | Time: 2.715 | 
Running student landscape probe...
[LR policy] epoch=22 output=residual_log policy_pred=-0.267804 predicted_lr=0.232718 cosine_blend=0.750 lr_ema=0.000 cosine_after=0 next_student_lr=0.286318
[Train] Epoch: 23 | Teacher lr=0.3035 | Teacher Loss: 1.504 | Teacher Train Acc: 65.110 | Student lr=0.2863 | Student Train Acc: 61.830 | Time: 137.757 |
[Eval] Epoch: 23 | Teacher Test Loss: 1.845 | Teacher Test Acc: 51.840 | Student Test Loss: 2.497 | Student Test Acc: 40.890 | Teacher Test F1: 0.518 | Student Test F1: 0.410 | Teacher Top 5 Accuracy: 0.802 | Student Top 5 Accuracy: 0.715 | Time: 2.791 | 
Running student landscape probe...
[LR policy] epoch=23 output=residual_log policy_pred=-0.261741 predicted_lr=0.203052 cosine_blend=0.750 lr_ema=0.000 cosine_after=0 next_student_lr=0.248615
[Train] Epoch: 24 | Teacher lr=0.2631 | Teacher Loss: 1.441 | Teacher Train Acc: 66.696 | Student lr=0.2486 | Student Train Acc: 62.236 | Time: 138.203 |
[Eval] Epoch: 24 | Teacher Test Loss: 1.836 | Teacher Test Acc: 51.970 | Student Test Loss: 1.989 | Student Test Acc: 49.390 | Teacher Test F1: 0.515 | Student Test F1: 0.496 | Teacher Top 5 Accuracy: 0.810 | Student Top 5 Accuracy: 0.787 | Time: 2.851 | 
Running student landscape probe...
[LR policy] epoch=24 output=residual_log policy_pred=-0.263981 predicted_lr=0.173048 cosine_blend=0.750 lr_ema=0.000 cosine_after=0 next_student_lr=0.212257
[Train] Epoch: 25 | Teacher lr=0.2246 | Teacher Loss: 1.384 | Teacher Train Acc: 68.482 | Student lr=0.2123 | Student Train Acc: 63.886 | Time: 139.303 |
[Eval] Epoch: 25 | Teacher Test Loss: 1.805 | Teacher Test Acc: 53.190 | Student Test Loss: 2.119 | Student Test Acc: 46.950 | Teacher Test F1: 0.529 | Student Test F1: 0.470 | Teacher Top 5 Accuracy: 0.811 | Student Top 5 Accuracy: 0.760 | Time: 2.808 | 
Running student landscape probe...
[LR policy] epoch=25 output=residual_log policy_pred=-0.261929 predicted_lr=0.145499 cosine_blend=0.750 lr_ema=0.000 cosine_after=0 next_student_lr=0.178175
[Train] Epoch: 26 | Teacher lr=0.1883 | Teacher Loss: 1.329 | Teacher Train Acc: 69.772 | Student lr=0.1782 | Student Train Acc: 64.740 | Time: 137.888 |
[Eval] Epoch: 26 | Teacher Test Loss: 1.549 | Teacher Test Acc: 58.230 | Student Test Loss: 1.922 | Student Test Acc: 51.430 | Teacher Test F1: 0.578 | Student Test F1: 0.514 | Teacher Top 5 Accuracy: 0.847 | Student Top 5 Accuracy: 0.798 | Time: 2.666 | 
Running student landscape probe...
[LR policy] epoch=26 output=residual_log policy_pred=-0.262501 predicted_lr=0.119456 cosine_blend=0.750 lr_ema=0.000 cosine_after=0 next_student_lr=0.146350
[Train] Epoch: 27 | Teacher lr=0.1545 | Teacher Loss: 1.263 | Teacher Train Acc: 71.406 | Student lr=0.1463 | Student Train Acc: 66.000 | Time: 138.068 |
[Eval] Epoch: 27 | Teacher Test Loss: 1.716 | Teacher Test Acc: 55.410 | Student Test Loss: 2.135 | Student Test Acc: 47.460 | Teacher Test F1: 0.553 | Student Test F1: 0.471 | Teacher Top 5 Accuracy: 0.826 | Student Top 5 Accuracy: 0.764 | Time: 2.585 | 
Running student landscape probe...
[LR policy] epoch=27 output=residual_log policy_pred=-0.262913 predicted_lr=0.095594 cosine_blend=0.750 lr_ema=0.000 cosine_after=0 next_student_lr=0.117154
[Train] Epoch: 28 | Teacher lr=0.1235 | Teacher Loss: 1.199 | Teacher Train Acc: 73.002 | Student lr=0.1172 | Student Train Acc: 67.478 | Time: 137.911 |
[Eval] Epoch: 28 | Teacher Test Loss: 1.609 | Teacher Test Acc: 57.010 | Student Test Loss: 1.755 | Student Test Acc: 53.780 | Teacher Test F1: 0.571 | Student Test F1: 0.540 | Teacher Top 5 Accuracy: 0.840 | Student Top 5 Accuracy: 0.819 | Time: 2.808 | 
Running student landscape probe...
[LR policy] epoch=28 output=residual_log policy_pred=-0.261520 predicted_lr=0.074213 cosine_blend=0.750 lr_ema=0.000 cosine_after=0 next_student_lr=0.090850
[Train] Epoch: 29 | Teacher lr=0.0955 | Teacher Loss: 1.137 | Teacher Train Acc: 74.694 | Student lr=0.0909 | Student Train Acc: 68.606 | Time: 138.096 |
[Eval] Epoch: 29 | Teacher Test Loss: 1.557 | Teacher Test Acc: 58.330 | Student Test Loss: 1.853 | Student Test Acc: 53.060 | Teacher Test F1: 0.583 | Student Test F1: 0.532 | Teacher Top 5 Accuracy: 0.849 | Student Top 5 Accuracy: 0.810 | Time: 2.829 | 
Running student landscape probe...
[LR policy] epoch=29 output=residual_log policy_pred=-0.265506 predicted_lr=0.054985 cosine_blend=0.750 lr_ema=0.000 cosine_after=0 next_student_lr=0.067525
[Train] Epoch: 30 | Teacher lr=0.0708 | Teacher Loss: 1.070 | Teacher Train Acc: 76.548 | Student lr=0.0675 | Student Train Acc: 70.134 | Time: 137.933 |
[Eval] Epoch: 30 | Teacher Test Loss: 1.528 | Teacher Test Acc: 59.180 | Student Test Loss: 1.947 | Student Test Acc: 51.850 | Teacher Test F1: 0.591 | Student Test F1: 0.519 | Teacher Top 5 Accuracy: 0.850 | Student Top 5 Accuracy: 0.798 | Time: 2.822 | 
Running student landscape probe...
[LR policy] epoch=30 output=residual_log policy_pred=-0.260981 predicted_lr=0.038874 cosine_blend=0.750 lr_ema=0.000 cosine_after=0 next_student_lr=0.047568
[Train] Epoch: 31 | Teacher lr=0.0495 | Teacher Loss: 1.009 | Teacher Train Acc: 77.876 | Student lr=0.0476 | Student Train Acc: 71.554 | Time: 137.118 |
[Eval] Epoch: 31 | Teacher Test Loss: 1.492 | Teacher Test Acc: 60.460 | Student Test Loss: 1.923 | Student Test Acc: 53.240 | Teacher Test F1: 0.603 | Student Test F1: 0.529 | Teacher Top 5 Accuracy: 0.859 | Student Top 5 Accuracy: 0.806 | Time: 2.630 | 
Running student landscape probe...
[LR policy] epoch=31 output=residual_log policy_pred=-0.264548 predicted_lr=0.025215 cosine_blend=0.750 lr_ema=0.000 cosine_after=0 next_student_lr=0.030942
[Train] Epoch: 32 | Teacher lr=0.0319 | Teacher Loss: 0.951 | Teacher Train Acc: 79.590 | Student lr=0.0309 | Student Train Acc: 73.126 | Time: 138.056 |
[Eval] Epoch: 32 | Teacher Test Loss: 1.452 | Teacher Test Acc: 61.230 | Student Test Loss: 1.708 | Student Test Acc: 57.100 | Teacher Test F1: 0.611 | Student Test F1: 0.569 | Teacher Top 5 Accuracy: 0.863 | Student Top 5 Accuracy: 0.834 | Time: 2.790 | 
Running student landscape probe...
[LR policy] epoch=32 output=residual_log policy_pred=-0.262505 predicted_lr=0.014614 cosine_blend=0.750 lr_ema=0.000 cosine_after=0 next_student_lr=0.017904
[Train] Epoch: 33 | Teacher lr=0.0180 | Teacher Loss: 0.906 | Teacher Train Acc: 80.806 | Student lr=0.0179 | Student Train Acc: 74.052 | Time: 138.493 |
[Eval] Epoch: 33 | Teacher Test Loss: 1.434 | Teacher Test Acc: 61.610 | Student Test Loss: 1.738 | Student Test Acc: 57.130 | Teacher Test F1: 0.615 | Student Test F1: 0.569 | Teacher Top 5 Accuracy: 0.869 | Student Top 5 Accuracy: 0.833 | Time: 2.559 | 
Running student landscape probe...
[LR policy] epoch=33 output=residual_log policy_pred=-0.264642 predicted_lr=0.006928 cosine_blend=0.750 lr_ema=0.000 cosine_after=0 next_student_lr=0.008502
[Train] Epoch: 34 | Teacher lr=0.0080 | Teacher Loss: 0.866 | Teacher Train Acc: 81.912 | Student lr=0.0085 | Student Train Acc: 75.262 | Time: 136.960 |
[Eval] Epoch: 34 | Teacher Test Loss: 1.416 | Teacher Test Acc: 62.290 | Student Test Loss: 1.738 | Student Test Acc: 56.730 | Teacher Test F1: 0.622 | Student Test F1: 0.566 | Teacher Top 5 Accuracy: 0.870 | Student Top 5 Accuracy: 0.833 | Time: 2.548 | 
Running student landscape probe...
[LR policy] epoch=34 output=residual_log policy_pred=-0.263961 predicted_lr=0.002312 cosine_blend=0.750 lr_ema=0.000 cosine_after=0 next_student_lr=0.002836
[Train] Epoch: 35 | Teacher lr=0.0020 | Teacher Loss: 0.841 | Teacher Train Acc: 82.470 | Student lr=0.0028 | Student Train Acc: 75.762 | Time: 129.478 |
[Eval] Epoch: 35 | Teacher Test Loss: 1.410 | Teacher Test Acc: 62.400 | Student Test Loss: 1.754 | Student Test Acc: 57.040 | Teacher Test F1: 0.623 | Student Test F1: 0.570 | Teacher Top 5 Accuracy: 0.872 | Student Top 5 Accuracy: 0.830 | Time: 0.942 | 
Running student landscape probe...
[LR policy] epoch=35 output=residual_log policy_pred=-0.261633 predicted_lr=0.001000 cosine_blend=0.750 lr_ema=0.000 cosine_after=0 next_student_lr=0.001000
ckpt location: ckpt/robust12h_industry/patchtst_innoise015_seed4_35ep.pt
