/home/jovyan/.mlspace/envs/egy_llm/lib/python3.11/site-packages/torchvision/datasets/cifar.py:83: VisibleDeprecationWarning: dtype(): align should be passed as Python or NumPy boolean but got `align=0`. Did you mean to pass a tuple to create a subarray type? (Deprecated NumPy 2.4)
  entry = pickle.load(f, encoding="latin1")
depth_list: [110, 20]
[LR policy] loaded checkpoint=checkpoints/policies_beatcos/patchtst_seed0/policy.pt,checkpoints/policies_beatcos/patchtst_seed2/policy.pt,checkpoints/policies_beatcos/patchtst_seed5/policy.pt,checkpoints/policies_beatcos/patchtst_seed7/policy.pt,checkpoints/policies_beatcos/patchtst_seed4/policy.pt model_type=patchtst input_dim=230 n_models=5
[NoisyClassificationDataset] num_classes=100 label_noise_rate=0.000 input_noise_std=0.1500 flipped=0/50000
Dataset information: cifar100	 50000 images for training 	 10000 images for testing	
teacher depth: 110
student depth: 20
Total number of teacher parameters: 1,169,972
Total number of student parameters: 278,132
Snapshots will be saved to: snapshots/robust12h_industry/patchtst_innoise015_seed1_35ep
==== train and evaluate unequal restart ====
[Eval] Epoch: 0 | Teacher Test Loss: 12407.062 | Teacher Test Acc: 0.990 | Student Test Loss: 7.984 | Student Test Acc: 1.020 | Teacher Test F1: 0.000 | Student Test F1: 0.000 | Teacher Top 5 Accuracy: 0.050 | Student Top 5 Accuracy: 0.046 | Time: 3.108 | 
Running student landscape probe...
[Train] Epoch: 1 | Teacher lr=1.0000 | Teacher Loss: 4.051 | Teacher Train Acc: 9.236 | Student lr=0.0100 | Student Train Acc: 6.270 | Time: 140.527 |
[Eval] Epoch: 1 | Teacher Test Loss: 3.666 | Teacher Test Acc: 13.430 | Student Test Loss: 3.946 | Student Test Acc: 9.460 | Teacher Test F1: 0.099 | Student Test F1: 0.062 | Teacher Top 5 Accuracy: 0.378 | Student Top 5 Accuracy: 0.284 | Time: 2.709 | 
Running student landscape probe...
[LR policy] epoch=1 output=residual_log policy_pred=-0.255668 predicted_lr=0.772841 cosine_blend=0.750 lr_ema=0.000 cosine_after=0 next_student_lr=0.997989
[Train] Epoch: 2 | Teacher lr=0.9980 | Teacher Loss: 3.488 | Teacher Train Acc: 19.238 | Student lr=0.9980 | Student Train Acc: 18.770 | Time: 139.278 |
[Eval] Epoch: 2 | Teacher Test Loss: 3.354 | Teacher Test Acc: 20.330 | Student Test Loss: 3.435 | Student Test Acc: 20.120 | Teacher Test F1: 0.180 | Student Test F1: 0.176 | Teacher Top 5 Accuracy: 0.482 | Student Top 5 Accuracy: 0.494 | Time: 2.611 | 
Running student landscape probe...
[LR policy] epoch=2 output=residual_log policy_pred=-0.245695 predicted_lr=0.775882 cosine_blend=0.750 lr_ema=0.000 cosine_after=0 next_student_lr=0.991973
[Train] Epoch: 3 | Teacher lr=0.9920 | Teacher Loss: 3.202 | Teacher Train Acc: 25.656 | Student lr=0.9920 | Student Train Acc: 35.192 | Time: 141.497 |
[Eval] Epoch: 3 | Teacher Test Loss: 3.719 | Teacher Test Acc: 15.220 | Student Test Loss: 3.189 | Student Test Acc: 24.100 | Teacher Test F1: 0.129 | Student Test F1: 0.218 | Teacher Top 5 Accuracy: 0.419 | Student Top 5 Accuracy: 0.530 | Time: 2.710 | 
Running student landscape probe...
[LR policy] epoch=3 output=residual_log policy_pred=-0.271072 predicted_lr=0.748835 cosine_blend=0.750 lr_ema=0.000 cosine_after=0 next_student_lr=0.981999
[Train] Epoch: 4 | Teacher lr=0.9820 | Teacher Loss: 2.840 | Teacher Train Acc: 32.906 | Student lr=0.9820 | Student Train Acc: 40.880 | Time: 142.926 |
[Eval] Epoch: 4 | Teacher Test Loss: 3.072 | Teacher Test Acc: 26.560 | Student Test Loss: 3.050 | Student Test Acc: 27.200 | Teacher Test F1: 0.247 | Student Test F1: 0.263 | Teacher Top 5 Accuracy: 0.575 | Student Top 5 Accuracy: 0.592 | Time: 2.625 | 
Running student landscape probe...
[LR policy] epoch=4 output=residual_log policy_pred=-0.240002 predicted_lr=0.761572 cosine_blend=0.750 lr_ema=0.000 cosine_after=0 next_student_lr=0.968149
[Train] Epoch: 5 | Teacher lr=0.9681 | Teacher Loss: 2.609 | Teacher Train Acc: 37.822 | Student lr=0.9681 | Student Train Acc: 44.146 | Time: 142.847 |
[Eval] Epoch: 5 | Teacher Test Loss: 2.742 | Teacher Test Acc: 31.990 | Student Test Loss: 3.236 | Student Test Acc: 26.060 | Teacher Test F1: 0.315 | Student Test F1: 0.240 | Teacher Top 5 Accuracy: 0.641 | Student Top 5 Accuracy: 0.552 | Time: 2.652 | 
Running student landscape probe...
[LR policy] epoch=5 output=residual_log policy_pred=-0.265175 predicted_lr=0.729128 cosine_blend=0.750 lr_ema=0.000 cosine_after=0 next_student_lr=0.950534
[Train] Epoch: 6 | Teacher lr=0.9505 | Teacher Loss: 2.490 | Teacher Train Acc: 41.014 | Student lr=0.9505 | Student Train Acc: 46.200 | Time: 138.647 |
[Eval] Epoch: 6 | Teacher Test Loss: 2.662 | Teacher Test Acc: 33.870 | Student Test Loss: 2.660 | Student Test Acc: 33.940 | Teacher Test F1: 0.323 | Student Test F1: 0.323 | Teacher Top 5 Accuracy: 0.648 | Student Top 5 Accuracy: 0.660 | Time: 2.614 | 
Running student landscape probe...
[LR policy] epoch=6 output=residual_log policy_pred=-0.241697 predicted_lr=0.729770 cosine_blend=0.750 lr_ema=0.000 cosine_after=0 next_student_lr=0.929295
[Train] Epoch: 7 | Teacher lr=0.9292 | Teacher Loss: 2.360 | Teacher Train Acc: 43.818 | Student lr=0.9293 | Student Train Acc: 47.346 | Time: 137.259 |
[Eval] Epoch: 7 | Teacher Test Loss: 3.151 | Teacher Test Acc: 29.200 | Student Test Loss: 2.769 | Student Test Acc: 33.550 | Teacher Test F1: 0.275 | Student Test F1: 0.328 | Teacher Top 5 Accuracy: 0.586 | Student Top 5 Accuracy: 0.645 | Time: 3.407 | 
Running student landscape probe...
[LR policy] epoch=7 output=residual_log policy_pred=-0.264353 predicted_lr=0.694467 cosine_blend=0.750 lr_ema=0.000 cosine_after=0 next_student_lr=0.904604
[Train] Epoch: 8 | Teacher lr=0.9045 | Teacher Loss: 2.267 | Teacher Train Acc: 46.100 | Student lr=0.9046 | Student Train Acc: 48.978 | Time: 142.068 |
[Eval] Epoch: 8 | Teacher Test Loss: 2.582 | Teacher Test Acc: 35.080 | Student Test Loss: 2.902 | Student Test Acc: 31.850 | Teacher Test F1: 0.333 | Student Test F1: 0.301 | Teacher Top 5 Accuracy: 0.667 | Student Top 5 Accuracy: 0.611 | Time: 2.766 | 
Running student landscape probe...
[LR policy] epoch=8 output=residual_log policy_pred=-0.242235 predicted_lr=0.688065 cosine_blend=0.750 lr_ema=0.000 cosine_after=0 next_student_lr=0.876659
[Train] Epoch: 9 | Teacher lr=0.8765 | Teacher Loss: 2.198 | Teacher Train Acc: 47.624 | Student lr=0.8767 | Student Train Acc: 49.682 | Time: 142.210 |
[Eval] Epoch: 9 | Teacher Test Loss: 2.555 | Teacher Test Acc: 35.720 | Student Test Loss: 2.732 | Student Test Acc: 33.060 | Teacher Test F1: 0.348 | Student Test F1: 0.325 | Teacher Top 5 Accuracy: 0.675 | Student Top 5 Accuracy: 0.654 | Time: 2.462 | 
Running student landscape probe...
[LR policy] epoch=9 output=residual_log policy_pred=-0.264846 predicted_lr=0.648915 cosine_blend=0.750 lr_ema=0.000 cosine_after=0 next_student_lr=0.845686
[Train] Epoch: 10 | Teacher lr=0.8455 | Teacher Loss: 2.130 | Teacher Train Acc: 49.456 | Student lr=0.8457 | Student Train Acc: 50.816 | Time: 141.557 |
[Eval] Epoch: 10 | Teacher Test Loss: 2.507 | Teacher Test Acc: 38.680 | Student Test Loss: 2.327 | Student Test Acc: 40.000 | Teacher Test F1: 0.376 | Student Test F1: 0.392 | Teacher Top 5 Accuracy: 0.691 | Student Top 5 Accuracy: 0.713 | Time: 2.480 | 
Running student landscape probe...
[LR policy] epoch=10 output=residual_log policy_pred=-0.254570 predicted_lr=0.629451 cosine_blend=0.750 lr_ema=0.000 cosine_after=0 next_student_lr=0.811933
[Train] Epoch: 11 | Teacher lr=0.8117 | Teacher Loss: 2.066 | Teacher Train Acc: 51.070 | Student lr=0.8119 | Student Train Acc: 51.802 | Time: 139.849 |
[Eval] Epoch: 11 | Teacher Test Loss: 2.829 | Teacher Test Acc: 31.770 | Student Test Loss: 3.628 | Student Test Acc: 25.120 | Teacher Test F1: 0.316 | Student Test F1: 0.255 | Teacher Top 5 Accuracy: 0.641 | Student Top 5 Accuracy: 0.520 | Time: 2.417 | 
Running student landscape probe...
[LR policy] epoch=11 output=residual_log policy_pred=-0.261902 predicted_lr=0.596947 cosine_blend=0.750 lr_ema=0.000 cosine_after=0 next_student_lr=0.730992
[Train] Epoch: 12 | Teacher lr=0.7754 | Teacher Loss: 2.037 | Teacher Train Acc: 51.560 | Student lr=0.7310 | Student Train Acc: 52.846 | Time: 140.371 |
[Eval] Epoch: 12 | Teacher Test Loss: 2.162 | Teacher Test Acc: 43.370 | Student Test Loss: 3.066 | Student Test Acc: 30.330 | Teacher Test F1: 0.421 | Student Test F1: 0.312 | Teacher Top 5 Accuracy: 0.743 | Student Top 5 Accuracy: 0.624 | Time: 2.432 | 
Running student landscape probe...
[LR policy] epoch=12 output=residual_log policy_pred=-0.262471 predicted_lr=0.567014 cosine_blend=0.750 lr_ema=0.000 cosine_after=0 next_student_lr=0.694652
[Train] Epoch: 13 | Teacher lr=0.7369 | Teacher Loss: 1.975 | Teacher Train Acc: 53.020 | Student lr=0.6947 | Student Train Acc: 53.512 | Time: 138.301 |
[Eval] Epoch: 13 | Teacher Test Loss: 2.540 | Teacher Test Acc: 37.440 | Student Test Loss: 2.532 | Student Test Acc: 37.040 | Teacher Test F1: 0.371 | Student Test F1: 0.370 | Teacher Top 5 Accuracy: 0.680 | Student Top 5 Accuracy: 0.679 | Time: 2.432 | 
Running student landscape probe...
[LR policy] epoch=13 output=residual_log policy_pred=-0.257062 predicted_lr=0.538862 cosine_blend=0.750 lr_ema=0.000 cosine_after=0 next_student_lr=0.657327
[Train] Epoch: 14 | Teacher lr=0.6965 | Teacher Loss: 1.936 | Teacher Train Acc: 54.326 | Student lr=0.6573 | Student Train Acc: 53.984 | Time: 135.240 |
[Eval] Epoch: 14 | Teacher Test Loss: 2.150 | Teacher Test Acc: 43.810 | Student Test Loss: 2.422 | Student Test Acc: 39.100 | Teacher Test F1: 0.434 | Student Test F1: 0.385 | Teacher Top 5 Accuracy: 0.752 | Student Top 5 Accuracy: 0.709 | Time: 2.442 | 
Running student landscape probe...
[LR policy] epoch=14 output=residual_log policy_pred=-0.267247 predicted_lr=0.501280 cosine_blend=0.750 lr_ema=0.000 cosine_after=0 next_student_lr=0.616460
[Train] Epoch: 15 | Teacher lr=0.6545 | Teacher Loss: 1.887 | Teacher Train Acc: 55.230 | Student lr=0.6165 | Student Train Acc: 54.448 | Time: 143.286 |
[Eval] Epoch: 15 | Teacher Test Loss: 2.449 | Teacher Test Acc: 38.680 | Student Test Loss: 2.400 | Student Test Acc: 40.070 | Teacher Test F1: 0.385 | Student Test F1: 0.393 | Teacher Top 5 Accuracy: 0.706 | Student Top 5 Accuracy: 0.715 | Time: 2.264 | 
Running student landscape probe...
[LR policy] epoch=15 output=residual_log policy_pred=-0.260996 predicted_lr=0.471144 cosine_blend=0.750 lr_ema=0.000 cosine_after=0 next_student_lr=0.576523
[Train] Epoch: 16 | Teacher lr=0.6113 | Teacher Loss: 1.849 | Teacher Train Acc: 56.648 | Student lr=0.5765 | Student Train Acc: 54.924 | Time: 141.433 |
[Eval] Epoch: 16 | Teacher Test Loss: 1.996 | Teacher Test Acc: 47.070 | Student Test Loss: 2.387 | Student Test Acc: 39.970 | Teacher Test F1: 0.465 | Student Test F1: 0.400 | Teacher Top 5 Accuracy: 0.776 | Student Top 5 Accuracy: 0.713 | Time: 2.165 | 
Running student landscape probe...
[LR policy] epoch=16 output=residual_log policy_pred=-0.264745 predicted_lr=0.435539 cosine_blend=0.750 lr_ema=0.000 cosine_after=0 next_student_lr=0.534547
[Train] Epoch: 17 | Teacher lr=0.5671 | Teacher Loss: 1.805 | Teacher Train Acc: 57.430 | Student lr=0.5345 | Student Train Acc: 56.078 | Time: 142.473 |
[Eval] Epoch: 17 | Teacher Test Loss: 1.941 | Teacher Test Acc: 47.870 | Student Test Loss: 2.590 | Student Test Acc: 39.030 | Teacher Test F1: 0.465 | Student Test F1: 0.387 | Teacher Top 5 Accuracy: 0.781 | Student Top 5 Accuracy: 0.691 | Time: 2.223 | 
Running student landscape probe...
[LR policy] epoch=17 output=residual_log policy_pred=-0.261967 predicted_lr=0.402398 cosine_blend=0.750 lr_ema=0.000 cosine_after=0 next_student_lr=0.492782
[Train] Epoch: 18 | Teacher lr=0.5224 | Teacher Loss: 1.758 | Teacher Train Acc: 58.906 | Student lr=0.4928 | Student Train Acc: 56.416 | Time: 136.171 |
[Eval] Epoch: 18 | Teacher Test Loss: 1.995 | Teacher Test Acc: 47.520 | Student Test Loss: 2.287 | Student Test Acc: 41.660 | Teacher Test F1: 0.471 | Student Test F1: 0.413 | Teacher Top 5 Accuracy: 0.778 | Student Top 5 Accuracy: 0.724 | Time: 2.190 | 
Running student landscape probe...
[LR policy] epoch=18 output=residual_log policy_pred=-0.264258 predicted_lr=0.367066 cosine_blend=0.750 lr_ema=0.000 cosine_after=0 next_student_lr=0.450334
[Train] Epoch: 19 | Teacher lr=0.4776 | Teacher Loss: 1.709 | Teacher Train Acc: 59.976 | Student lr=0.4503 | Student Train Acc: 57.366 | Time: 141.676 |
[Eval] Epoch: 19 | Teacher Test Loss: 2.029 | Teacher Test Acc: 48.410 | Student Test Loss: 2.491 | Student Test Acc: 39.830 | Teacher Test F1: 0.483 | Student Test F1: 0.395 | Teacher Top 5 Accuracy: 0.780 | Student Top 5 Accuracy: 0.700 | Time: 2.159 | 
Running student landscape probe...
[LR policy] epoch=19 output=residual_log policy_pred=-0.262320 predicted_lr=0.333438 cosine_blend=0.750 lr_ema=0.000 cosine_after=0 next_student_lr=0.408447
[Train] Epoch: 20 | Teacher lr=0.4329 | Teacher Loss: 1.662 | Teacher Train Acc: 61.040 | Student lr=0.4084 | Student Train Acc: 58.416 | Time: 140.246 |
[Eval] Epoch: 20 | Teacher Test Loss: 1.839 | Teacher Test Acc: 51.190 | Student Test Loss: 2.404 | Student Test Acc: 40.310 | Teacher Test F1: 0.508 | Student Test F1: 0.394 | Teacher Top 5 Accuracy: 0.803 | Student Top 5 Accuracy: 0.706 | Time: 2.422 | 
Running student landscape probe...
[LR policy] epoch=20 output=residual_log policy_pred=-0.266520 predicted_lr=0.298259 cosine_blend=0.750 lr_ema=0.000 cosine_after=0 next_student_lr=0.366578
[Train] Epoch: 21 | Teacher lr=0.3887 | Teacher Loss: 1.610 | Teacher Train Acc: 62.640 | Student lr=0.3666 | Student Train Acc: 58.936 | Time: 140.572 |
[Eval] Epoch: 21 | Teacher Test Loss: 1.920 | Teacher Test Acc: 48.610 | Student Test Loss: 2.128 | Student Test Acc: 45.370 | Teacher Test F1: 0.487 | Student Test F1: 0.443 | Teacher Top 5 Accuracy: 0.795 | Student Top 5 Accuracy: 0.757 | Time: 2.117 | 
Running student landscape probe...
[LR policy] epoch=21 output=residual_log policy_pred=-0.265532 predicted_lr=0.265424 cosine_blend=0.750 lr_ema=0.000 cosine_after=0 next_student_lr=0.325966
[Train] Epoch: 22 | Teacher lr=0.3455 | Teacher Loss: 1.565 | Teacher Train Acc: 63.750 | Student lr=0.3260 | Student Train Acc: 59.918 | Time: 142.481 |
[Eval] Epoch: 22 | Teacher Test Loss: 1.936 | Teacher Test Acc: 49.450 | Student Test Loss: 2.235 | Student Test Acc: 43.970 | Teacher Test F1: 0.488 | Student Test F1: 0.432 | Teacher Top 5 Accuracy: 0.790 | Student Top 5 Accuracy: 0.739 | Time: 2.197 | 
Running student landscape probe...
[LR policy] epoch=22 output=residual_log policy_pred=-0.265502 predicted_lr=0.233255 cosine_blend=0.750 lr_ema=0.000 cosine_after=0 next_student_lr=0.286452
[Train] Epoch: 23 | Teacher lr=0.3035 | Teacher Loss: 1.508 | Teacher Train Acc: 64.998 | Student lr=0.2865 | Student Train Acc: 60.884 | Time: 143.006 |
[Eval] Epoch: 23 | Teacher Test Loss: 1.780 | Teacher Test Acc: 52.490 | Student Test Loss: 2.136 | Student Test Acc: 45.370 | Teacher Test F1: 0.522 | Student Test F1: 0.457 | Teacher Top 5 Accuracy: 0.815 | Student Top 5 Accuracy: 0.760 | Time: 2.227 | 
Running student landscape probe...
[LR policy] epoch=23 output=residual_log policy_pred=-0.260389 predicted_lr=0.203326 cosine_blend=0.750 lr_ema=0.000 cosine_after=0 next_student_lr=0.248684
[Train] Epoch: 24 | Teacher lr=0.2631 | Teacher Loss: 1.454 | Teacher Train Acc: 66.712 | Student lr=0.2487 | Student Train Acc: 61.908 | Time: 139.193 |
[Eval] Epoch: 24 | Teacher Test Loss: 1.679 | Teacher Test Acc: 54.540 | Student Test Loss: 1.938 | Student Test Acc: 49.810 | Teacher Test F1: 0.541 | Student Test F1: 0.499 | Teacher Top 5 Accuracy: 0.833 | Student Top 5 Accuracy: 0.789 | Time: 2.512 | 
Running student landscape probe...
[LR policy] epoch=24 output=residual_log policy_pred=-0.266522 predicted_lr=0.172609 cosine_blend=0.750 lr_ema=0.000 cosine_after=0 next_student_lr=0.212148
[Train] Epoch: 25 | Teacher lr=0.2246 | Teacher Loss: 1.397 | Teacher Train Acc: 68.042 | Student lr=0.2121 | Student Train Acc: 62.806 | Time: 143.083 |
[Eval] Epoch: 25 | Teacher Test Loss: 1.806 | Teacher Test Acc: 53.000 | Student Test Loss: 1.822 | Student Test Acc: 51.490 | Teacher Test F1: 0.527 | Student Test F1: 0.511 | Teacher Top 5 Accuracy: 0.807 | Student Top 5 Accuracy: 0.807 | Time: 2.472 | 
Running student landscape probe...
[LR policy] epoch=25 output=residual_log policy_pred=-0.261509 predicted_lr=0.145561 cosine_blend=0.750 lr_ema=0.000 cosine_after=0 next_student_lr=0.178190
[Train] Epoch: 26 | Teacher lr=0.1883 | Teacher Loss: 1.342 | Teacher Train Acc: 69.466 | Student lr=0.1782 | Student Train Acc: 63.978 | Time: 142.899 |
[Eval] Epoch: 26 | Teacher Test Loss: 1.696 | Teacher Test Acc: 55.470 | Student Test Loss: 1.797 | Student Test Acc: 52.200 | Teacher Test F1: 0.552 | Student Test F1: 0.521 | Teacher Top 5 Accuracy: 0.827 | Student Top 5 Accuracy: 0.814 | Time: 2.142 | 
Running student landscape probe...
[LR policy] epoch=26 output=residual_log policy_pred=-0.265708 predicted_lr=0.119074 cosine_blend=0.750 lr_ema=0.000 cosine_after=0 next_student_lr=0.146254
[Train] Epoch: 27 | Teacher lr=0.1545 | Teacher Loss: 1.278 | Teacher Train Acc: 71.184 | Student lr=0.1463 | Student Train Acc: 65.162 | Time: 142.844 |
[Eval] Epoch: 27 | Teacher Test Loss: 1.699 | Teacher Test Acc: 55.630 | Student Test Loss: 2.072 | Student Test Acc: 48.250 | Teacher Test F1: 0.552 | Student Test F1: 0.482 | Teacher Top 5 Accuracy: 0.821 | Student Top 5 Accuracy: 0.771 | Time: 1.976 | 
Running student landscape probe...
[LR policy] epoch=27 output=residual_log policy_pred=-0.260533 predicted_lr=0.095822 cosine_blend=0.750 lr_ema=0.000 cosine_after=0 next_student_lr=0.117211
[Train] Epoch: 28 | Teacher lr=0.1235 | Teacher Loss: 1.219 | Teacher Train Acc: 72.824 | Student lr=0.1172 | Student Train Acc: 66.392 | Time: 143.645 |
[Eval] Epoch: 28 | Teacher Test Loss: 1.603 | Teacher Test Acc: 57.240 | Student Test Loss: 2.014 | Student Test Acc: 49.530 | Teacher Test F1: 0.570 | Student Test F1: 0.497 | Teacher Top 5 Accuracy: 0.839 | Student Top 5 Accuracy: 0.779 | Time: 2.209 | 
Running student landscape probe...
[LR policy] epoch=28 output=residual_log policy_pred=-0.266183 predicted_lr=0.073868 cosine_blend=0.750 lr_ema=0.000 cosine_after=0 next_student_lr=0.090764
[Train] Epoch: 29 | Teacher lr=0.0955 | Teacher Loss: 1.153 | Teacher Train Acc: 74.474 | Student lr=0.0908 | Student Train Acc: 67.834 | Time: 140.934 |
[Eval] Epoch: 29 | Teacher Test Loss: 1.526 | Teacher Test Acc: 59.250 | Student Test Loss: 2.078 | Student Test Acc: 48.690 | Teacher Test F1: 0.594 | Student Test F1: 0.493 | Teacher Top 5 Accuracy: 0.850 | Student Top 5 Accuracy: 0.777 | Time: 2.166 | 
Running student landscape probe...
[LR policy] epoch=29 output=residual_log policy_pred=-0.263118 predicted_lr=0.055116 cosine_blend=0.750 lr_ema=0.000 cosine_after=0 next_student_lr=0.067558
[Train] Epoch: 30 | Teacher lr=0.0708 | Teacher Loss: 1.089 | Teacher Train Acc: 75.944 | Student lr=0.0676 | Student Train Acc: 68.918 | Time: 142.175 |
[Eval] Epoch: 30 | Teacher Test Loss: 1.542 | Teacher Test Acc: 58.780 | Student Test Loss: 1.806 | Student Test Acc: 53.490 | Teacher Test F1: 0.589 | Student Test F1: 0.536 | Teacher Top 5 Accuracy: 0.850 | Student Top 5 Accuracy: 0.820 | Time: 2.246 | 
Running student landscape probe...
[LR policy] epoch=30 output=residual_log policy_pred=-0.265075 predicted_lr=0.038715 cosine_blend=0.750 lr_ema=0.000 cosine_after=0 next_student_lr=0.047528
[Train] Epoch: 31 | Teacher lr=0.0495 | Teacher Loss: 1.021 | Teacher Train Acc: 77.864 | Student lr=0.0475 | Student Train Acc: 70.450 | Time: 142.112 |
[Eval] Epoch: 31 | Teacher Test Loss: 1.488 | Teacher Test Acc: 60.330 | Student Test Loss: 1.842 | Student Test Acc: 53.190 | Teacher Test F1: 0.603 | Student Test F1: 0.531 | Teacher Top 5 Accuracy: 0.857 | Student Top 5 Accuracy: 0.815 | Time: 2.156 | 
Running student landscape probe...
[LR policy] epoch=31 output=residual_log policy_pred=-0.264468 predicted_lr=0.025217 cosine_blend=0.750 lr_ema=0.000 cosine_after=0 next_student_lr=0.030942
[Train] Epoch: 32 | Teacher lr=0.0319 | Teacher Loss: 0.972 | Teacher Train Acc: 79.164 | Student lr=0.0309 | Student Train Acc: 71.756 | Time: 141.286 |
[Eval] Epoch: 32 | Teacher Test Loss: 1.440 | Teacher Test Acc: 61.650 | Student Test Loss: 1.797 | Student Test Acc: 54.130 | Teacher Test F1: 0.615 | Student Test F1: 0.541 | Teacher Top 5 Accuracy: 0.862 | Student Top 5 Accuracy: 0.828 | Time: 2.257 | 
Running student landscape probe...
[LR policy] epoch=32 output=residual_log policy_pred=-0.261813 predicted_lr=0.014624 cosine_blend=0.750 lr_ema=0.000 cosine_after=0 next_student_lr=0.017906
[Train] Epoch: 33 | Teacher lr=0.0180 | Teacher Loss: 0.922 | Teacher Train Acc: 80.396 | Student lr=0.0179 | Student Train Acc: 73.128 | Time: 143.383 |
[Eval] Epoch: 33 | Teacher Test Loss: 1.395 | Teacher Test Acc: 62.480 | Student Test Loss: 1.867 | Student Test Acc: 53.310 | Teacher Test F1: 0.625 | Student Test F1: 0.533 | Teacher Top 5 Accuracy: 0.869 | Student Top 5 Accuracy: 0.815 | Time: 2.194 | 
Running student landscape probe...
[LR policy] epoch=33 output=residual_log policy_pred=-0.263545 predicted_lr=0.006936 cosine_blend=0.750 lr_ema=0.000 cosine_after=0 next_student_lr=0.008504
[Train] Epoch: 34 | Teacher lr=0.0080 | Teacher Loss: 0.884 | Teacher Train Acc: 81.430 | Student lr=0.0085 | Student Train Acc: 74.130 | Time: 136.830 |
[Eval] Epoch: 34 | Teacher Test Loss: 1.390 | Teacher Test Acc: 62.860 | Student Test Loss: 1.724 | Student Test Acc: 56.220 | Teacher Test F1: 0.629 | Student Test F1: 0.562 | Teacher Top 5 Accuracy: 0.869 | Student Top 5 Accuracy: 0.835 | Time: 2.290 | 
Running student landscape probe...
[LR policy] epoch=34 output=residual_log policy_pred=-0.263012 predicted_lr=0.002315 cosine_blend=0.750 lr_ema=0.000 cosine_after=0 next_student_lr=0.002837
[Train] Epoch: 35 | Teacher lr=0.0020 | Teacher Loss: 0.859 | Teacher Train Acc: 81.906 | Student lr=0.0028 | Student Train Acc: 74.948 | Time: 143.124 |
[Eval] Epoch: 35 | Teacher Test Loss: 1.396 | Teacher Test Acc: 62.750 | Student Test Loss: 1.686 | Student Test Acc: 56.840 | Teacher Test F1: 0.628 | Student Test F1: 0.568 | Teacher Top 5 Accuracy: 0.869 | Student Top 5 Accuracy: 0.839 | Time: 2.242 | 
Running student landscape probe...
[LR policy] epoch=35 output=residual_log policy_pred=-0.263229 predicted_lr=0.001000 cosine_blend=0.750 lr_ema=0.000 cosine_after=0 next_student_lr=0.001000
ckpt location: ckpt/robust12h_industry/patchtst_innoise015_seed1_35ep.pt
