/home/jovyan/.mlspace/envs/egy_llm/lib/python3.11/site-packages/torchvision/datasets/cifar.py:83: VisibleDeprecationWarning: dtype(): align should be passed as Python or NumPy boolean but got `align=0`. Did you mean to pass a tuple to create a subarray type? (Deprecated NumPy 2.4)
  entry = pickle.load(f, encoding="latin1")
depth_list: [110, 20]
[LR policy] loaded checkpoint=checkpoints/policies_beatcos/patchtst_seed0/policy.pt,checkpoints/policies_beatcos/patchtst_seed2/policy.pt,checkpoints/policies_beatcos/patchtst_seed5/policy.pt,checkpoints/policies_beatcos/patchtst_seed7/policy.pt,checkpoints/policies_beatcos/patchtst_seed4/policy.pt model_type=patchtst input_dim=230 n_models=5
[NoisyClassificationDataset] num_classes=100 label_noise_rate=0.000 input_noise_std=0.0500 flipped=0/50000
Dataset information: cifar100	 50000 images for training 	 10000 images for testing	
teacher depth: 110
student depth: 20
Total number of teacher parameters: 1,169,972
Total number of student parameters: 278,132
Snapshots will be saved to: snapshots/robust12h_industry/patchtst_innoise005_seed1_35ep
==== train and evaluate unequal restart ====
[Eval] Epoch: 0 | Teacher Test Loss: 12407.062 | Teacher Test Acc: 0.990 | Student Test Loss: 7.984 | Student Test Acc: 1.020 | Teacher Test F1: 0.000 | Student Test F1: 0.000 | Teacher Top 5 Accuracy: 0.050 | Student Top 5 Accuracy: 0.046 | Time: 3.056 | 
Running student landscape probe...
[Train] Epoch: 1 | Teacher lr=1.0000 | Teacher Loss: 4.100 | Teacher Train Acc: 8.508 | Student lr=0.0100 | Student Train Acc: 6.726 | Time: 140.551 |
[Eval] Epoch: 1 | Teacher Test Loss: 3.691 | Teacher Test Acc: 12.230 | Student Test Loss: 3.846 | Student Test Acc: 10.480 | Teacher Test F1: 0.091 | Student Test F1: 0.067 | Teacher Top 5 Accuracy: 0.361 | Student Top 5 Accuracy: 0.310 | Time: 2.562 | 
Running student landscape probe...
[LR policy] epoch=1 output=residual_log policy_pred=-0.253816 predicted_lr=0.774275 cosine_blend=0.750 lr_ema=0.000 cosine_after=0 next_student_lr=0.997989
[Train] Epoch: 2 | Teacher lr=0.9980 | Teacher Loss: 3.524 | Teacher Train Acc: 18.542 | Student lr=0.9980 | Student Train Acc: 20.808 | Time: 140.843 |
[Eval] Epoch: 2 | Teacher Test Loss: 3.507 | Teacher Test Acc: 19.130 | Student Test Loss: 3.185 | Student Test Acc: 21.960 | Teacher Test F1: 0.175 | Student Test F1: 0.188 | Teacher Top 5 Accuracy: 0.463 | Student Top 5 Accuracy: 0.527 | Time: 2.623 | 
Running student landscape probe...
[LR policy] epoch=2 output=residual_log policy_pred=-0.246420 predicted_lr=0.775320 cosine_blend=0.750 lr_ema=0.000 cosine_after=0 next_student_lr=0.991973
[Train] Epoch: 3 | Teacher lr=0.9920 | Teacher Loss: 3.040 | Teacher Train Acc: 28.836 | Student lr=0.9920 | Student Train Acc: 39.418 | Time: 139.412 |
[Eval] Epoch: 3 | Teacher Test Loss: 3.412 | Teacher Test Acc: 20.540 | Student Test Loss: 2.812 | Student Test Acc: 29.800 | Teacher Test F1: 0.179 | Student Test F1: 0.279 | Teacher Top 5 Accuracy: 0.490 | Student Top 5 Accuracy: 0.624 | Time: 2.605 | 
Running student landscape probe...
[LR policy] epoch=3 output=residual_log policy_pred=-0.271934 predicted_lr=0.748190 cosine_blend=0.750 lr_ema=0.000 cosine_after=0 next_student_lr=0.981999
[Train] Epoch: 4 | Teacher lr=0.9820 | Teacher Loss: 2.608 | Teacher Train Acc: 37.740 | Student lr=0.9820 | Student Train Acc: 45.952 | Time: 142.041 |
[Eval] Epoch: 4 | Teacher Test Loss: 2.576 | Teacher Test Acc: 33.970 | Student Test Loss: 2.684 | Student Test Acc: 33.190 | Teacher Test F1: 0.325 | Student Test F1: 0.310 | Teacher Top 5 Accuracy: 0.669 | Student Top 5 Accuracy: 0.645 | Time: 2.384 | 
Running student landscape probe...
[LR policy] epoch=4 output=residual_log policy_pred=-0.242021 predicted_lr=0.760036 cosine_blend=0.750 lr_ema=0.000 cosine_after=0 next_student_lr=0.968149
[Train] Epoch: 5 | Teacher lr=0.9681 | Teacher Loss: 2.385 | Teacher Train Acc: 42.910 | Student lr=0.9681 | Student Train Acc: 49.538 | Time: 135.779 |
[Eval] Epoch: 5 | Teacher Test Loss: 2.310 | Teacher Test Acc: 39.640 | Student Test Loss: 2.804 | Student Test Acc: 32.070 | Teacher Test F1: 0.393 | Student Test F1: 0.316 | Teacher Top 5 Accuracy: 0.722 | Student Top 5 Accuracy: 0.650 | Time: 2.416 | 
Running student landscape probe...
[LR policy] epoch=5 output=residual_log policy_pred=-0.268687 predicted_lr=0.726571 cosine_blend=0.750 lr_ema=0.000 cosine_after=0 next_student_lr=0.950534
[Train] Epoch: 6 | Teacher lr=0.9505 | Teacher Loss: 2.247 | Teacher Train Acc: 46.596 | Student lr=0.9505 | Student Train Acc: 51.944 | Time: 141.739 |
[Eval] Epoch: 6 | Teacher Test Loss: 2.241 | Teacher Test Acc: 40.850 | Student Test Loss: 2.723 | Student Test Acc: 32.910 | Teacher Test F1: 0.392 | Student Test F1: 0.316 | Teacher Top 5 Accuracy: 0.732 | Student Top 5 Accuracy: 0.639 | Time: 2.399 | 
Running student landscape probe...
[LR policy] epoch=6 output=residual_log policy_pred=-0.247729 predicted_lr=0.725381 cosine_blend=0.750 lr_ema=0.000 cosine_after=0 next_student_lr=0.929295
[Train] Epoch: 7 | Teacher lr=0.9292 | Teacher Loss: 2.134 | Teacher Train Acc: 49.396 | Student lr=0.9293 | Student Train Acc: 53.258 | Time: 142.024 |
[Eval] Epoch: 7 | Teacher Test Loss: 2.285 | Teacher Test Acc: 39.870 | Student Test Loss: 2.242 | Student Test Acc: 42.210 | Teacher Test F1: 0.392 | Student Test F1: 0.417 | Teacher Top 5 Accuracy: 0.735 | Student Top 5 Accuracy: 0.734 | Time: 2.482 | 
Running student landscape probe...
[LR policy] epoch=7 output=residual_log policy_pred=-0.267236 predicted_lr=0.692468 cosine_blend=0.750 lr_ema=0.000 cosine_after=0 next_student_lr=0.904604
[Train] Epoch: 8 | Teacher lr=0.9045 | Teacher Loss: 2.033 | Teacher Train Acc: 51.732 | Student lr=0.9046 | Student Train Acc: 54.716 | Time: 142.365 |
[Eval] Epoch: 8 | Teacher Test Loss: 2.197 | Teacher Test Acc: 42.160 | Student Test Loss: 2.470 | Student Test Acc: 38.580 | Teacher Test F1: 0.411 | Student Test F1: 0.380 | Teacher Top 5 Accuracy: 0.749 | Student Top 5 Accuracy: 0.704 | Time: 2.392 | 
Running student landscape probe...
[LR policy] epoch=8 output=residual_log policy_pred=-0.233782 predicted_lr=0.693906 cosine_blend=0.750 lr_ema=0.000 cosine_after=0 next_student_lr=0.876659
[Train] Epoch: 9 | Teacher lr=0.8765 | Teacher Loss: 2.189 | Teacher Train Acc: 48.964 | Student lr=0.8767 | Student Train Acc: 55.404 | Time: 141.665 |
[Eval] Epoch: 9 | Teacher Test Loss: 1.958 | Teacher Test Acc: 46.910 | Student Test Loss: 3.170 | Student Test Acc: 31.300 | Teacher Test F1: 0.463 | Student Test F1: 0.301 | Teacher Top 5 Accuracy: 0.785 | Student Top 5 Accuracy: 0.596 | Time: 2.380 | 
Running student landscape probe...
[LR policy] epoch=9 output=residual_log policy_pred=-0.261535 predicted_lr=0.651067 cosine_blend=0.750 lr_ema=0.000 cosine_after=0 next_student_lr=0.845686
[Train] Epoch: 10 | Teacher lr=0.8455 | Teacher Loss: 1.904 | Teacher Train Acc: 55.114 | Student lr=0.8457 | Student Train Acc: 56.816 | Time: 139.213 |
[Eval] Epoch: 10 | Teacher Test Loss: 2.152 | Teacher Test Acc: 44.000 | Student Test Loss: 2.759 | Student Test Acc: 35.750 | Teacher Test F1: 0.436 | Student Test F1: 0.347 | Teacher Top 5 Accuracy: 0.759 | Student Top 5 Accuracy: 0.655 | Time: 2.393 | 
Running student landscape probe...
[LR policy] epoch=10 output=residual_log policy_pred=-0.255826 predicted_lr=0.628661 cosine_blend=0.750 lr_ema=0.000 cosine_after=0 next_student_lr=0.811933
[Train] Epoch: 11 | Teacher lr=0.8117 | Teacher Loss: 1.848 | Teacher Train Acc: 56.518 | Student lr=0.8119 | Student Train Acc: 57.506 | Time: 140.049 |
[Eval] Epoch: 11 | Teacher Test Loss: 2.017 | Teacher Test Acc: 45.750 | Student Test Loss: 2.275 | Student Test Acc: 42.260 | Teacher Test F1: 0.453 | Student Test F1: 0.424 | Teacher Top 5 Accuracy: 0.776 | Student Top 5 Accuracy: 0.746 | Time: 2.327 | 
Running student landscape probe...
[LR policy] epoch=11 output=residual_log policy_pred=-0.259605 predicted_lr=0.598320 cosine_blend=0.750 lr_ema=0.000 cosine_after=0 next_student_lr=0.731335
[Train] Epoch: 12 | Teacher lr=0.7754 | Teacher Loss: 1.794 | Teacher Train Acc: 57.752 | Student lr=0.7313 | Student Train Acc: 58.600 | Time: 142.370 |
[Eval] Epoch: 12 | Teacher Test Loss: 1.855 | Teacher Test Acc: 50.350 | Student Test Loss: 2.146 | Student Test Acc: 44.760 | Teacher Test F1: 0.498 | Student Test F1: 0.442 | Teacher Top 5 Accuracy: 0.798 | Student Top 5 Accuracy: 0.757 | Time: 2.415 | 
Running student landscape probe...
[LR policy] epoch=12 output=residual_log policy_pred=-0.264813 predicted_lr=0.565688 cosine_blend=0.750 lr_ema=0.000 cosine_after=0 next_student_lr=0.694320
[Train] Epoch: 13 | Teacher lr=0.7369 | Teacher Loss: 1.743 | Teacher Train Acc: 59.102 | Student lr=0.6943 | Student Train Acc: 59.680 | Time: 142.033 |
[Eval] Epoch: 13 | Teacher Test Loss: 1.853 | Teacher Test Acc: 49.850 | Student Test Loss: 2.125 | Student Test Acc: 45.590 | Teacher Test F1: 0.490 | Student Test F1: 0.450 | Teacher Top 5 Accuracy: 0.806 | Student Top 5 Accuracy: 0.767 | Time: 2.477 | 
Running student landscape probe...
[LR policy] epoch=13 output=residual_log policy_pred=-0.260791 predicted_lr=0.536856 cosine_blend=0.750 lr_ema=0.000 cosine_after=0 next_student_lr=0.656826
[Train] Epoch: 14 | Teacher lr=0.6965 | Teacher Loss: 1.695 | Teacher Train Acc: 60.434 | Student lr=0.6568 | Student Train Acc: 60.408 | Time: 141.757 |
[Eval] Epoch: 14 | Teacher Test Loss: 1.691 | Teacher Test Acc: 53.130 | Student Test Loss: 1.964 | Student Test Acc: 48.160 | Teacher Test F1: 0.528 | Student Test F1: 0.469 | Teacher Top 5 Accuracy: 0.832 | Student Top 5 Accuracy: 0.778 | Time: 2.577 | 
Running student landscape probe...
[LR policy] epoch=14 output=residual_log policy_pred=-0.268837 predicted_lr=0.500484 cosine_blend=0.750 lr_ema=0.000 cosine_after=0 next_student_lr=0.616261
[Train] Epoch: 15 | Teacher lr=0.6545 | Teacher Loss: 1.659 | Teacher Train Acc: 61.282 | Student lr=0.6163 | Student Train Acc: 61.216 | Time: 141.742 |
[Eval] Epoch: 15 | Teacher Test Loss: 1.783 | Teacher Test Acc: 50.920 | Student Test Loss: 2.482 | Student Test Acc: 39.600 | Teacher Test F1: 0.512 | Student Test F1: 0.399 | Teacher Top 5 Accuracy: 0.826 | Student Top 5 Accuracy: 0.713 | Time: 2.623 | 
Running student landscape probe...
[LR policy] epoch=15 output=residual_log policy_pred=-0.260028 predicted_lr=0.471600 cosine_blend=0.750 lr_ema=0.000 cosine_after=0 next_student_lr=0.576637
[Train] Epoch: 16 | Teacher lr=0.6113 | Teacher Loss: 1.609 | Teacher Train Acc: 62.702 | Student lr=0.5766 | Student Train Acc: 62.014 | Time: 140.635 |
[Eval] Epoch: 16 | Teacher Test Loss: 1.647 | Teacher Test Acc: 55.030 | Student Test Loss: 2.067 | Student Test Acc: 47.280 | Teacher Test F1: 0.549 | Student Test F1: 0.472 | Teacher Top 5 Accuracy: 0.829 | Student Top 5 Accuracy: 0.775 | Time: 2.594 | 
Running student landscape probe...
[LR policy] epoch=16 output=residual_log policy_pred=-0.269193 predicted_lr=0.433606 cosine_blend=0.750 lr_ema=0.000 cosine_after=0 next_student_lr=0.534064
[Train] Epoch: 17 | Teacher lr=0.5671 | Teacher Loss: 1.562 | Teacher Train Acc: 63.956 | Student lr=0.5341 | Student Train Acc: 63.020 | Time: 135.110 |
[Eval] Epoch: 17 | Teacher Test Loss: 1.568 | Teacher Test Acc: 56.420 | Student Test Loss: 1.989 | Student Test Acc: 48.780 | Teacher Test F1: 0.561 | Student Test F1: 0.478 | Teacher Top 5 Accuracy: 0.845 | Student Top 5 Accuracy: 0.782 | Time: 2.502 | 
Running student landscape probe...
[LR policy] epoch=17 output=residual_log policy_pred=-0.260752 predicted_lr=0.402887 cosine_blend=0.750 lr_ema=0.000 cosine_after=0 next_student_lr=0.492904
[Train] Epoch: 18 | Teacher lr=0.5224 | Teacher Loss: 1.518 | Teacher Train Acc: 65.002 | Student lr=0.4929 | Student Train Acc: 63.584 | Time: 141.910 |
[Eval] Epoch: 18 | Teacher Test Loss: 1.720 | Teacher Test Acc: 53.480 | Student Test Loss: 2.097 | Student Test Acc: 45.820 | Teacher Test F1: 0.532 | Student Test F1: 0.456 | Teacher Top 5 Accuracy: 0.823 | Student Top 5 Accuracy: 0.766 | Time: 2.509 | 
Running student landscape probe...
[LR policy] epoch=18 output=residual_log policy_pred=-0.259431 predicted_lr=0.368842 cosine_blend=0.750 lr_ema=0.000 cosine_after=0 next_student_lr=0.450778
[Train] Epoch: 19 | Teacher lr=0.4776 | Teacher Loss: 1.466 | Teacher Train Acc: 66.536 | Student lr=0.4508 | Student Train Acc: 64.458 | Time: 142.254 |
[Eval] Epoch: 19 | Teacher Test Loss: 1.540 | Teacher Test Acc: 56.880 | Student Test Loss: 1.825 | Student Test Acc: 51.680 | Teacher Test F1: 0.572 | Student Test F1: 0.510 | Teacher Top 5 Accuracy: 0.853 | Student Top 5 Accuracy: 0.805 | Time: 2.551 | 
Running student landscape probe...
[LR policy] epoch=19 output=residual_log policy_pred=-0.267459 predicted_lr=0.331729 cosine_blend=0.750 lr_ema=0.000 cosine_after=0 next_student_lr=0.408020
[Train] Epoch: 20 | Teacher lr=0.4329 | Teacher Loss: 1.420 | Teacher Train Acc: 67.732 | Student lr=0.4080 | Student Train Acc: 65.358 | Time: 140.225 |
[Eval] Epoch: 20 | Teacher Test Loss: 1.469 | Teacher Test Acc: 59.640 | Student Test Loss: 2.007 | Student Test Acc: 49.200 | Teacher Test F1: 0.592 | Student Test F1: 0.488 | Teacher Top 5 Accuracy: 0.863 | Student Top 5 Accuracy: 0.781 | Time: 2.473 | 
Running student landscape probe...
[LR policy] epoch=20 output=residual_log policy_pred=-0.262629 predicted_lr=0.299421 cosine_blend=0.750 lr_ema=0.000 cosine_after=0 next_student_lr=0.366868
[Train] Epoch: 21 | Teacher lr=0.3887 | Teacher Loss: 1.361 | Teacher Train Acc: 69.090 | Student lr=0.3669 | Student Train Acc: 65.994 | Time: 141.069 |
[Eval] Epoch: 21 | Teacher Test Loss: 1.418 | Teacher Test Acc: 60.140 | Student Test Loss: 1.791 | Student Test Acc: 52.430 | Teacher Test F1: 0.600 | Student Test F1: 0.521 | Teacher Top 5 Accuracy: 0.873 | Student Top 5 Accuracy: 0.815 | Time: 2.473 | 
Running student landscape probe...
[LR policy] epoch=21 output=residual_log policy_pred=-0.265118 predicted_lr=0.265534 cosine_blend=0.750 lr_ema=0.000 cosine_after=0 next_student_lr=0.325993
[Train] Epoch: 22 | Teacher lr=0.3455 | Teacher Loss: 1.316 | Teacher Train Acc: 70.342 | Student lr=0.3260 | Student Train Acc: 67.458 | Time: 142.943 |
[Eval] Epoch: 22 | Teacher Test Loss: 1.394 | Teacher Test Acc: 61.300 | Student Test Loss: 2.130 | Student Test Acc: 46.390 | Teacher Test F1: 0.610 | Student Test F1: 0.456 | Teacher Top 5 Accuracy: 0.875 | Student Top 5 Accuracy: 0.767 | Time: 2.520 | 
Running student landscape probe...
[LR policy] epoch=22 output=residual_log policy_pred=-0.258229 predicted_lr=0.234957 cosine_blend=0.750 lr_ema=0.000 cosine_after=0 next_student_lr=0.286877
[Train] Epoch: 23 | Teacher lr=0.3035 | Teacher Loss: 1.258 | Teacher Train Acc: 71.854 | Student lr=0.2869 | Student Train Acc: 68.186 | Time: 135.846 |
[Eval] Epoch: 23 | Teacher Test Loss: 1.338 | Teacher Test Acc: 62.560 | Student Test Loss: 2.480 | Student Test Acc: 43.320 | Teacher Test F1: 0.625 | Student Test F1: 0.440 | Teacher Top 5 Accuracy: 0.881 | Student Top 5 Accuracy: 0.727 | Time: 2.519 | 
Running student landscape probe...
[LR policy] epoch=23 output=residual_log policy_pred=-0.263495 predicted_lr=0.202696 cosine_blend=0.750 lr_ema=0.000 cosine_after=0 next_student_lr=0.248526
[Train] Epoch: 24 | Teacher lr=0.2631 | Teacher Loss: 1.206 | Teacher Train Acc: 73.464 | Student lr=0.2485 | Student Train Acc: 69.162 | Time: 136.504 |
[Eval] Epoch: 24 | Teacher Test Loss: 1.302 | Teacher Test Acc: 63.480 | Student Test Loss: 1.638 | Student Test Acc: 56.650 | Teacher Test F1: 0.634 | Student Test F1: 0.563 | Teacher Top 5 Accuracy: 0.885 | Student Top 5 Accuracy: 0.836 | Time: 2.505 | 
Running student landscape probe...
[LR policy] epoch=24 output=residual_log policy_pred=-0.258235 predicted_lr=0.174046 cosine_blend=0.750 lr_ema=0.000 cosine_after=0 next_student_lr=0.212507
[Train] Epoch: 25 | Teacher lr=0.2246 | Teacher Loss: 1.144 | Teacher Train Acc: 75.186 | Student lr=0.2125 | Student Train Acc: 70.650 | Time: 135.051 |
[Eval] Epoch: 25 | Teacher Test Loss: 1.227 | Teacher Test Acc: 65.650 | Student Test Loss: 1.523 | Student Test Acc: 58.880 | Teacher Test F1: 0.654 | Student Test F1: 0.589 | Teacher Top 5 Accuracy: 0.899 | Student Top 5 Accuracy: 0.856 | Time: 2.465 | 
Running student landscape probe...
[LR policy] epoch=25 output=residual_log policy_pred=-0.264536 predicted_lr=0.145121 cosine_blend=0.750 lr_ema=0.000 cosine_after=0 next_student_lr=0.178080
[Train] Epoch: 26 | Teacher lr=0.1883 | Teacher Loss: 1.086 | Teacher Train Acc: 76.530 | Student lr=0.1781 | Student Train Acc: 71.840 | Time: 135.127 |
[Eval] Epoch: 26 | Teacher Test Loss: 1.199 | Teacher Test Acc: 66.490 | Student Test Loss: 1.499 | Student Test Acc: 59.900 | Teacher Test F1: 0.664 | Student Test F1: 0.594 | Teacher Top 5 Accuracy: 0.897 | Student Top 5 Accuracy: 0.859 | Time: 2.491 | 
Running student landscape probe...
[LR policy] epoch=26 output=residual_log policy_pred=-0.262848 predicted_lr=0.119415 cosine_blend=0.750 lr_ema=0.000 cosine_after=0 next_student_lr=0.146339
[Train] Epoch: 27 | Teacher lr=0.1545 | Teacher Loss: 1.016 | Teacher Train Acc: 78.564 | Student lr=0.1463 | Student Train Acc: 73.148 | Time: 143.056 |
[Eval] Epoch: 27 | Teacher Test Loss: 1.179 | Teacher Test Acc: 67.030 | Student Test Loss: 1.392 | Student Test Acc: 61.700 | Teacher Test F1: 0.667 | Student Test F1: 0.614 | Teacher Top 5 Accuracy: 0.906 | Student Top 5 Accuracy: 0.877 | Time: 2.473 | 
Running student landscape probe...
[LR policy] epoch=27 output=residual_log policy_pred=-0.263383 predicted_lr=0.095549 cosine_blend=0.750 lr_ema=0.000 cosine_after=0 next_student_lr=0.117143
[Train] Epoch: 28 | Teacher lr=0.1235 | Teacher Loss: 0.958 | Teacher Train Acc: 80.066 | Student lr=0.1171 | Student Train Acc: 74.476 | Time: 142.518 |
[Eval] Epoch: 28 | Teacher Test Loss: 1.143 | Teacher Test Acc: 68.380 | Student Test Loss: 1.618 | Student Test Acc: 57.590 | Teacher Test F1: 0.683 | Student Test F1: 0.574 | Teacher Top 5 Accuracy: 0.906 | Student Top 5 Accuracy: 0.848 | Time: 2.274 | 
Running student landscape probe...
[LR policy] epoch=28 output=residual_log policy_pred=-0.261501 predicted_lr=0.074215 cosine_blend=0.750 lr_ema=0.000 cosine_after=0 next_student_lr=0.090851
[Train] Epoch: 29 | Teacher lr=0.0955 | Teacher Loss: 0.888 | Teacher Train Acc: 82.092 | Student lr=0.0909 | Student Train Acc: 75.848 | Time: 135.054 |
[Eval] Epoch: 29 | Teacher Test Loss: 1.076 | Teacher Test Acc: 69.000 | Student Test Loss: 1.385 | Student Test Acc: 62.580 | Teacher Test F1: 0.689 | Student Test F1: 0.626 | Teacher Top 5 Accuracy: 0.914 | Student Top 5 Accuracy: 0.875 | Time: 2.357 | 
Running student landscape probe...
[LR policy] epoch=29 output=residual_log policy_pred=-0.266969 predicted_lr=0.054904 cosine_blend=0.750 lr_ema=0.000 cosine_after=0 next_student_lr=0.067505
[Train] Epoch: 30 | Teacher lr=0.0708 | Teacher Loss: 0.821 | Teacher Train Acc: 83.780 | Student lr=0.0675 | Student Train Acc: 77.802 | Time: 143.153 |
[Eval] Epoch: 30 | Teacher Test Loss: 1.075 | Teacher Test Acc: 69.650 | Student Test Loss: 1.385 | Student Test Acc: 63.320 | Teacher Test F1: 0.696 | Student Test F1: 0.635 | Teacher Top 5 Accuracy: 0.913 | Student Top 5 Accuracy: 0.880 | Time: 2.483 | 
Running student landscape probe...
[LR policy] epoch=30 output=residual_log policy_pred=-0.263610 predicted_lr=0.038772 cosine_blend=0.750 lr_ema=0.000 cosine_after=0 next_student_lr=0.047542
[Train] Epoch: 31 | Teacher lr=0.0495 | Teacher Loss: 0.761 | Teacher Train Acc: 85.570 | Student lr=0.0475 | Student Train Acc: 79.192 | Time: 141.044 |
[Eval] Epoch: 31 | Teacher Test Loss: 1.043 | Teacher Test Acc: 70.890 | Student Test Loss: 1.391 | Student Test Acc: 63.330 | Teacher Test F1: 0.709 | Student Test F1: 0.633 | Teacher Top 5 Accuracy: 0.919 | Student Top 5 Accuracy: 0.879 | Time: 2.256 | 
Running student landscape probe...
[LR policy] epoch=31 output=residual_log policy_pred=-0.265946 predicted_lr=0.025179 cosine_blend=0.750 lr_ema=0.000 cosine_after=0 next_student_lr=0.030933
[Train] Epoch: 32 | Teacher lr=0.0319 | Teacher Loss: 0.704 | Teacher Train Acc: 86.960 | Student lr=0.0309 | Student Train Acc: 80.916 | Time: 142.602 |
[Eval] Epoch: 32 | Teacher Test Loss: 1.035 | Teacher Test Acc: 70.880 | Student Test Loss: 1.358 | Student Test Acc: 64.350 | Teacher Test F1: 0.708 | Student Test F1: 0.644 | Teacher Top 5 Accuracy: 0.921 | Student Top 5 Accuracy: 0.886 | Time: 2.333 | 
Running student landscape probe...
[LR policy] epoch=32 output=residual_log policy_pred=-0.262898 predicted_lr=0.014608 cosine_blend=0.750 lr_ema=0.000 cosine_after=0 next_student_lr=0.017902
[Train] Epoch: 33 | Teacher lr=0.0180 | Teacher Loss: 0.655 | Teacher Train Acc: 88.160 | Student lr=0.0179 | Student Train Acc: 82.276 | Time: 143.961 |
[Eval] Epoch: 33 | Teacher Test Loss: 1.010 | Teacher Test Acc: 71.590 | Student Test Loss: 1.286 | Student Test Acc: 66.330 | Teacher Test F1: 0.715 | Student Test F1: 0.662 | Teacher Top 5 Accuracy: 0.924 | Student Top 5 Accuracy: 0.891 | Time: 2.479 | 
Running student landscape probe...
[LR policy] epoch=33 output=residual_log policy_pred=-0.263171 predicted_lr=0.006938 cosine_blend=0.750 lr_ema=0.000 cosine_after=0 next_student_lr=0.008505
[Train] Epoch: 34 | Teacher lr=0.0080 | Teacher Loss: 0.621 | Teacher Train Acc: 89.092 | Student lr=0.0085 | Student Train Acc: 83.456 | Time: 142.192 |
[Eval] Epoch: 34 | Teacher Test Loss: 1.002 | Teacher Test Acc: 71.830 | Student Test Loss: 1.283 | Student Test Acc: 66.110 | Teacher Test F1: 0.718 | Student Test F1: 0.661 | Teacher Top 5 Accuracy: 0.924 | Student Top 5 Accuracy: 0.894 | Time: 2.561 | 
Running student landscape probe...
[LR policy] epoch=34 output=residual_log policy_pred=-0.265086 predicted_lr=0.002310 cosine_blend=0.750 lr_ema=0.000 cosine_after=0 next_student_lr=0.002836
[Train] Epoch: 35 | Teacher lr=0.0020 | Teacher Loss: 0.601 | Teacher Train Acc: 89.516 | Student lr=0.0028 | Student Train Acc: 83.876 | Time: 141.694 |
[Eval] Epoch: 35 | Teacher Test Loss: 0.998 | Teacher Test Acc: 71.840 | Student Test Loss: 1.270 | Student Test Acc: 66.480 | Teacher Test F1: 0.718 | Student Test F1: 0.665 | Teacher Top 5 Accuracy: 0.926 | Student Top 5 Accuracy: 0.896 | Time: 2.560 | 
Running student landscape probe...
[LR policy] epoch=35 output=residual_log policy_pred=-0.263233 predicted_lr=0.001000 cosine_blend=0.750 lr_ema=0.000 cosine_after=0 next_student_lr=0.001000
ckpt location: ckpt/robust12h_industry/patchtst_innoise005_seed1_35ep.pt
