/home/jovyan/.mlspace/envs/egy_llm/lib/python3.11/site-packages/torchvision/datasets/cifar.py:83: VisibleDeprecationWarning: dtype(): align should be passed as Python or NumPy boolean but got `align=0`. Did you mean to pass a tuple to create a subarray type? (Deprecated NumPy 2.4)
  entry = pickle.load(f, encoding="latin1")
depth_list: [110, 20]
[LR policy] loaded checkpoint=checkpoints/policies_beatcos/patchtst_seed0/policy.pt,checkpoints/policies_beatcos/patchtst_seed2/policy.pt,checkpoints/policies_beatcos/patchtst_seed5/policy.pt,checkpoints/policies_beatcos/patchtst_seed7/policy.pt,checkpoints/policies_beatcos/patchtst_seed4/policy.pt model_type=patchtst input_dim=230 n_models=5
[NoisyClassificationDataset] num_classes=100 label_noise_rate=0.200 input_noise_std=0.0000 flipped=9956/50000
Dataset information: cifar100	 50000 images for training 	 10000 images for testing	
teacher depth: 110
student depth: 20
Total number of teacher parameters: 1,169,972
Total number of student parameters: 278,132
Snapshots will be saved to: snapshots/robust12h_industry/patchtst_lblnoise020_seed1_35ep
==== train and evaluate unequal restart ====
[Eval] Epoch: 0 | Teacher Test Loss: 12407.062 | Teacher Test Acc: 0.990 | Student Test Loss: 7.984 | Student Test Acc: 1.020 | Teacher Test F1: 0.000 | Student Test F1: 0.000 | Teacher Top 5 Accuracy: 0.050 | Student Top 5 Accuracy: 0.046 | Time: 2.545 | 
Running student landscape probe...
[Train] Epoch: 1 | Teacher lr=1.0000 | Teacher Loss: 4.300 | Teacher Train Acc: 6.644 | Student lr=0.0100 | Student Train Acc: 5.086 | Time: 137.688 |
[Eval] Epoch: 1 | Teacher Test Loss: 3.862 | Teacher Test Acc: 9.840 | Student Test Loss: 4.016 | Student Test Acc: 8.620 | Teacher Test F1: 0.062 | Student Test F1: 0.050 | Teacher Top 5 Accuracy: 0.303 | Student Top 5 Accuracy: 0.265 | Time: 2.515 | 
Running student landscape probe...
[LR policy] epoch=1 output=residual_log policy_pred=-0.249660 predicted_lr=0.777499 cosine_blend=0.750 lr_ema=0.000 cosine_after=0 next_student_lr=0.997989
[Train] Epoch: 2 | Teacher lr=0.9980 | Teacher Loss: 3.992 | Teacher Train Acc: 13.084 | Student lr=0.9980 | Student Train Acc: 14.010 | Time: 137.354 |
[Eval] Epoch: 2 | Teacher Test Loss: 3.398 | Teacher Test Acc: 18.310 | Student Test Loss: 3.246 | Student Test Acc: 20.850 | Teacher Test F1: 0.150 | Student Test F1: 0.178 | Teacher Top 5 Accuracy: 0.458 | Student Top 5 Accuracy: 0.493 | Time: 2.964 | 
Running student landscape probe...
[LR policy] epoch=2 output=residual_log policy_pred=-0.251284 predicted_lr=0.771558 cosine_blend=0.750 lr_ema=0.000 cosine_after=0 next_student_lr=0.991973
[Train] Epoch: 3 | Teacher lr=0.9920 | Teacher Loss: 3.681 | Teacher Train Acc: 21.012 | Student lr=0.9920 | Student Train Acc: 27.010 | Time: 138.366 |
[Eval] Epoch: 3 | Teacher Test Loss: 2.873 | Teacher Test Acc: 27.240 | Student Test Loss: 3.020 | Student Test Acc: 24.950 | Teacher Test F1: 0.247 | Student Test F1: 0.227 | Teacher Top 5 Accuracy: 0.604 | Student Top 5 Accuracy: 0.547 | Time: 2.453 | 
Running student landscape probe...
[LR policy] epoch=3 output=residual_log policy_pred=-0.272499 predicted_lr=0.747767 cosine_blend=0.750 lr_ema=0.000 cosine_after=0 next_student_lr=0.981999
[Train] Epoch: 4 | Teacher lr=0.9820 | Teacher Loss: 3.458 | Teacher Train Acc: 26.896 | Student lr=0.9820 | Student Train Acc: 32.570 | Time: 138.005 |
[Eval] Epoch: 4 | Teacher Test Loss: 2.823 | Teacher Test Acc: 28.770 | Student Test Loss: 2.635 | Student Test Acc: 32.890 | Teacher Test F1: 0.270 | Student Test F1: 0.312 | Teacher Top 5 Accuracy: 0.619 | Student Top 5 Accuracy: 0.658 | Time: 2.507 | 
Running student landscape probe...
[LR policy] epoch=4 output=residual_log policy_pred=-0.239826 predicted_lr=0.761706 cosine_blend=0.750 lr_ema=0.000 cosine_after=0 next_student_lr=0.968149
[Train] Epoch: 5 | Teacher lr=0.9681 | Teacher Loss: 3.313 | Teacher Train Acc: 30.964 | Student lr=0.9681 | Student Train Acc: 35.722 | Time: 138.827 |
[Eval] Epoch: 5 | Teacher Test Loss: 2.877 | Teacher Test Acc: 27.040 | Student Test Loss: 2.543 | Student Test Acc: 35.740 | Teacher Test F1: 0.254 | Student Test F1: 0.336 | Teacher Top 5 Accuracy: 0.601 | Student Top 5 Accuracy: 0.679 | Time: 2.482 | 
Running student landscape probe...
[LR policy] epoch=5 output=residual_log policy_pred=-0.266745 predicted_lr=0.727984 cosine_blend=0.750 lr_ema=0.000 cosine_after=0 next_student_lr=0.950534
[Train] Epoch: 6 | Teacher lr=0.9505 | Teacher Loss: 3.206 | Teacher Train Acc: 33.736 | Student lr=0.9505 | Student Train Acc: 37.594 | Time: 138.385 |
[Eval] Epoch: 6 | Teacher Test Loss: 2.649 | Teacher Test Acc: 32.480 | Student Test Loss: 2.563 | Student Test Acc: 35.440 | Teacher Test F1: 0.312 | Student Test F1: 0.341 | Teacher Top 5 Accuracy: 0.660 | Student Top 5 Accuracy: 0.667 | Time: 2.528 | 
Running student landscape probe...
[LR policy] epoch=6 output=residual_log policy_pred=-0.236224 predicted_lr=0.733775 cosine_blend=0.750 lr_ema=0.000 cosine_after=0 next_student_lr=0.929295
[Train] Epoch: 7 | Teacher lr=0.9292 | Teacher Loss: 3.141 | Teacher Train Acc: 35.714 | Student lr=0.9293 | Student Train Acc: 39.270 | Time: 138.846 |
[Eval] Epoch: 7 | Teacher Test Loss: 2.748 | Teacher Test Acc: 31.290 | Student Test Loss: 2.602 | Student Test Acc: 34.570 | Teacher Test F1: 0.296 | Student Test F1: 0.345 | Teacher Top 5 Accuracy: 0.640 | Student Top 5 Accuracy: 0.667 | Time: 2.513 | 
Running student landscape probe...
[LR policy] epoch=7 output=residual_log policy_pred=-0.267894 predicted_lr=0.692012 cosine_blend=0.750 lr_ema=0.000 cosine_after=0 next_student_lr=0.904604
[Train] Epoch: 8 | Teacher lr=0.9045 | Teacher Loss: 3.078 | Teacher Train Acc: 37.512 | Student lr=0.9046 | Student Train Acc: 40.164 | Time: 140.333 |
[Eval] Epoch: 8 | Teacher Test Loss: 2.744 | Teacher Test Acc: 32.140 | Student Test Loss: 2.780 | Student Test Acc: 31.300 | Teacher Test F1: 0.309 | Student Test F1: 0.298 | Teacher Top 5 Accuracy: 0.637 | Student Top 5 Accuracy: 0.616 | Time: 2.488 | 
Running student landscape probe...
[LR policy] epoch=8 output=residual_log policy_pred=-0.231213 predicted_lr=0.695691 cosine_blend=0.750 lr_ema=0.000 cosine_after=0 next_student_lr=0.876659
[Train] Epoch: 9 | Teacher lr=0.8765 | Teacher Loss: 3.035 | Teacher Train Acc: 38.476 | Student lr=0.8767 | Student Train Acc: 41.426 | Time: 139.237 |
[Eval] Epoch: 9 | Teacher Test Loss: 2.115 | Teacher Test Acc: 44.890 | Student Test Loss: 2.736 | Student Test Acc: 31.840 | Teacher Test F1: 0.442 | Student Test F1: 0.310 | Teacher Top 5 Accuracy: 0.768 | Student Top 5 Accuracy: 0.637 | Time: 2.511 | 
Running student landscape probe...
[LR policy] epoch=9 output=residual_log policy_pred=-0.267781 predicted_lr=0.647013 cosine_blend=0.750 lr_ema=0.000 cosine_after=0 next_student_lr=0.845686
[Train] Epoch: 10 | Teacher lr=0.8455 | Teacher Loss: 2.967 | Teacher Train Acc: 40.464 | Student lr=0.8457 | Student Train Acc: 42.354 | Time: 136.119 |
[Eval] Epoch: 10 | Teacher Test Loss: 2.277 | Teacher Test Acc: 41.020 | Student Test Loss: 2.656 | Student Test Acc: 33.820 | Teacher Test F1: 0.402 | Student Test F1: 0.324 | Teacher Top 5 Accuracy: 0.740 | Student Top 5 Accuracy: 0.640 | Time: 2.514 | 
Running student landscape probe...
[LR policy] epoch=10 output=residual_log policy_pred=-0.263167 predicted_lr=0.624063 cosine_blend=0.750 lr_ema=0.000 cosine_after=0 next_student_lr=0.811933
[Train] Epoch: 11 | Teacher lr=0.8117 | Teacher Loss: 2.929 | Teacher Train Acc: 41.422 | Student lr=0.8119 | Student Train Acc: 42.694 | Time: 137.426 |
[Eval] Epoch: 11 | Teacher Test Loss: 2.261 | Teacher Test Acc: 43.790 | Student Test Loss: 2.985 | Student Test Acc: 27.560 | Teacher Test F1: 0.429 | Student Test F1: 0.258 | Teacher Top 5 Accuracy: 0.759 | Student Top 5 Accuracy: 0.584 | Time: 2.468 | 
Running student landscape probe...
[LR policy] epoch=11 output=residual_log policy_pred=-0.262174 predicted_lr=0.596785 cosine_blend=0.750 lr_ema=0.000 cosine_after=0 next_student_lr=0.730951
[Train] Epoch: 12 | Teacher lr=0.7754 | Teacher Loss: 2.881 | Teacher Train Acc: 42.886 | Student lr=0.7310 | Student Train Acc: 44.052 | Time: 139.374 |
[Eval] Epoch: 12 | Teacher Test Loss: 2.125 | Teacher Test Acc: 47.030 | Student Test Loss: 2.309 | Student Test Acc: 41.040 | Teacher Test F1: 0.461 | Student Test F1: 0.401 | Teacher Top 5 Accuracy: 0.777 | Student Top 5 Accuracy: 0.728 | Time: 2.496 | 
Running student landscape probe...
[LR policy] epoch=12 output=residual_log policy_pred=-0.268345 predicted_lr=0.563694 cosine_blend=0.750 lr_ema=0.000 cosine_after=0 next_student_lr=0.693821
[Train] Epoch: 13 | Teacher lr=0.7369 | Teacher Loss: 2.843 | Teacher Train Acc: 43.842 | Student lr=0.6938 | Student Train Acc: 44.630 | Time: 138.746 |
[Eval] Epoch: 13 | Teacher Test Loss: 2.059 | Teacher Test Acc: 46.580 | Student Test Loss: 2.296 | Student Test Acc: 41.930 | Teacher Test F1: 0.458 | Student Test F1: 0.407 | Teacher Top 5 Accuracy: 0.788 | Student Top 5 Accuracy: 0.728 | Time: 2.717 | 
Running student landscape probe...
[LR policy] epoch=13 output=residual_log policy_pred=-0.263577 predicted_lr=0.535363 cosine_blend=0.750 lr_ema=0.000 cosine_after=0 next_student_lr=0.656453
[Train] Epoch: 14 | Teacher lr=0.6965 | Teacher Loss: 2.800 | Teacher Train Acc: 44.760 | Student lr=0.6565 | Student Train Acc: 45.372 | Time: 139.595 |
[Eval] Epoch: 14 | Teacher Test Loss: 2.092 | Teacher Test Acc: 46.390 | Student Test Loss: 2.272 | Student Test Acc: 42.410 | Teacher Test F1: 0.460 | Student Test F1: 0.413 | Teacher Top 5 Accuracy: 0.777 | Student Top 5 Accuracy: 0.733 | Time: 2.686 | 
Running student landscape probe...
[LR policy] epoch=14 output=residual_log policy_pred=-0.264895 predicted_lr=0.502461 cosine_blend=0.750 lr_ema=0.000 cosine_after=0 next_student_lr=0.616756
[Train] Epoch: 15 | Teacher lr=0.6545 | Teacher Loss: 2.755 | Teacher Train Acc: 46.168 | Student lr=0.6168 | Student Train Acc: 46.348 | Time: 138.046 |
[Eval] Epoch: 15 | Teacher Test Loss: 1.900 | Teacher Test Acc: 51.490 | Student Test Loss: 2.669 | Student Test Acc: 34.190 | Teacher Test F1: 0.508 | Student Test F1: 0.337 | Teacher Top 5 Accuracy: 0.820 | Student Top 5 Accuracy: 0.656 | Time: 2.658 | 
Running student landscape probe...
[LR policy] epoch=15 output=residual_log policy_pred=-0.265603 predicted_lr=0.468978 cosine_blend=0.750 lr_ema=0.000 cosine_after=0 next_student_lr=0.575981
[Train] Epoch: 16 | Teacher lr=0.6113 | Teacher Loss: 2.718 | Teacher Train Acc: 47.172 | Student lr=0.5760 | Student Train Acc: 46.838 | Time: 139.001 |
[Eval] Epoch: 16 | Teacher Test Loss: 1.763 | Teacher Test Acc: 54.410 | Student Test Loss: 2.218 | Student Test Acc: 43.250 | Teacher Test F1: 0.543 | Student Test F1: 0.427 | Teacher Top 5 Accuracy: 0.844 | Student Top 5 Accuracy: 0.745 | Time: 2.634 | 
Running student landscape probe...
[LR policy] epoch=16 output=residual_log policy_pred=-0.267203 predicted_lr=0.434469 cosine_blend=0.750 lr_ema=0.000 cosine_after=0 next_student_lr=0.534279
[Train] Epoch: 17 | Teacher lr=0.5671 | Teacher Loss: 2.677 | Teacher Train Acc: 48.244 | Student lr=0.5343 | Student Train Acc: 47.256 | Time: 135.368 |
[Eval] Epoch: 17 | Teacher Test Loss: 1.767 | Teacher Test Acc: 55.050 | Student Test Loss: 2.946 | Student Test Acc: 29.570 | Teacher Test F1: 0.542 | Student Test F1: 0.281 | Teacher Top 5 Accuracy: 0.841 | Student Top 5 Accuracy: 0.587 | Time: 2.612 | 
Running student landscape probe...
[LR policy] epoch=17 output=residual_log policy_pred=-0.264339 predicted_lr=0.401445 cosine_blend=0.750 lr_ema=0.000 cosine_after=0 next_student_lr=0.492544
[Train] Epoch: 18 | Teacher lr=0.5224 | Teacher Loss: 2.631 | Teacher Train Acc: 49.450 | Student lr=0.4925 | Student Train Acc: 48.280 | Time: 139.147 |
[Eval] Epoch: 18 | Teacher Test Loss: 1.879 | Teacher Test Acc: 51.530 | Student Test Loss: 2.079 | Student Test Acc: 47.920 | Teacher Test F1: 0.515 | Student Test F1: 0.478 | Teacher Top 5 Accuracy: 0.822 | Student Top 5 Accuracy: 0.767 | Time: 2.557 | 
Running student landscape probe...
[LR policy] epoch=18 output=residual_log policy_pred=-0.266834 predicted_lr=0.366121 cosine_blend=0.750 lr_ema=0.000 cosine_after=0 next_student_lr=0.450098
[Train] Epoch: 19 | Teacher lr=0.4776 | Teacher Loss: 2.595 | Teacher Train Acc: 50.544 | Student lr=0.4501 | Student Train Acc: 49.056 | Time: 137.773 |
[Eval] Epoch: 19 | Teacher Test Loss: 1.756 | Teacher Test Acc: 54.270 | Student Test Loss: 2.044 | Student Test Acc: 47.900 | Teacher Test F1: 0.535 | Student Test F1: 0.467 | Teacher Top 5 Accuracy: 0.838 | Student Top 5 Accuracy: 0.778 | Time: 2.613 | 
Running student landscape probe...
[LR policy] epoch=19 output=residual_log policy_pred=-0.264152 predicted_lr=0.332828 cosine_blend=0.750 lr_ema=0.000 cosine_after=0 next_student_lr=0.408295
[Train] Epoch: 20 | Teacher lr=0.4329 | Teacher Loss: 2.551 | Teacher Train Acc: 51.630 | Student lr=0.4083 | Student Train Acc: 49.924 | Time: 137.205 |
[Eval] Epoch: 20 | Teacher Test Loss: 1.747 | Teacher Test Acc: 55.870 | Student Test Loss: 2.429 | Student Test Acc: 40.590 | Teacher Test F1: 0.558 | Student Test F1: 0.408 | Teacher Top 5 Accuracy: 0.850 | Student Top 5 Accuracy: 0.725 | Time: 2.629 | 
Running student landscape probe...
[LR policy] epoch=20 output=residual_log policy_pred=-0.261645 predicted_lr=0.299716 cosine_blend=0.750 lr_ema=0.000 cosine_after=0 next_student_lr=0.366942
[Train] Epoch: 21 | Teacher lr=0.3887 | Teacher Loss: 2.505 | Teacher Train Acc: 52.656 | Student lr=0.3669 | Student Train Acc: 50.664 | Time: 137.862 |
[Eval] Epoch: 21 | Teacher Test Loss: 1.706 | Teacher Test Acc: 56.800 | Student Test Loss: 1.902 | Student Test Acc: 51.920 | Teacher Test F1: 0.564 | Student Test F1: 0.515 | Teacher Top 5 Accuracy: 0.852 | Student Top 5 Accuracy: 0.812 | Time: 2.585 | 
Running student landscape probe...
[LR policy] epoch=21 output=residual_log policy_pred=-0.263967 predicted_lr=0.265840 cosine_blend=0.750 lr_ema=0.000 cosine_after=0 next_student_lr=0.326069
[Train] Epoch: 22 | Teacher lr=0.3455 | Teacher Loss: 2.461 | Teacher Train Acc: 53.728 | Student lr=0.3261 | Student Train Acc: 51.216 | Time: 138.359 |
[Eval] Epoch: 22 | Teacher Test Loss: 1.565 | Teacher Test Acc: 60.150 | Student Test Loss: 2.005 | Student Test Acc: 49.090 | Teacher Test F1: 0.603 | Student Test F1: 0.487 | Teacher Top 5 Accuracy: 0.876 | Student Top 5 Accuracy: 0.784 | Time: 2.493 | 
Running student landscape probe...
[LR policy] epoch=22 output=residual_log policy_pred=-0.265035 predicted_lr=0.233364 cosine_blend=0.750 lr_ema=0.000 cosine_after=0 next_student_lr=0.286479
[Train] Epoch: 23 | Teacher lr=0.3035 | Teacher Loss: 2.406 | Teacher Train Acc: 55.112 | Student lr=0.2865 | Student Train Acc: 52.236 | Time: 136.518 |
[Eval] Epoch: 23 | Teacher Test Loss: 1.516 | Teacher Test Acc: 61.230 | Student Test Loss: 2.206 | Student Test Acc: 45.010 | Teacher Test F1: 0.613 | Student Test F1: 0.451 | Teacher Top 5 Accuracy: 0.879 | Student Top 5 Accuracy: 0.752 | Time: 2.544 | 
Running student landscape probe...
[LR policy] epoch=23 output=residual_log policy_pred=-0.263143 predicted_lr=0.202767 cosine_blend=0.750 lr_ema=0.000 cosine_after=0 next_student_lr=0.248544
[Train] Epoch: 24 | Teacher lr=0.2631 | Teacher Loss: 2.356 | Teacher Train Acc: 56.458 | Student lr=0.2485 | Student Train Acc: 52.854 | Time: 137.720 |
[Eval] Epoch: 24 | Teacher Test Loss: 1.520 | Teacher Test Acc: 61.450 | Student Test Loss: 2.028 | Student Test Acc: 49.000 | Teacher Test F1: 0.613 | Student Test F1: 0.485 | Teacher Top 5 Accuracy: 0.876 | Student Top 5 Accuracy: 0.783 | Time: 2.480 | 
Running student landscape probe...
[LR policy] epoch=24 output=residual_log policy_pred=-0.262567 predicted_lr=0.173293 cosine_blend=0.750 lr_ema=0.000 cosine_after=0 next_student_lr=0.212319
[Train] Epoch: 25 | Teacher lr=0.2246 | Teacher Loss: 2.300 | Teacher Train Acc: 57.700 | Student lr=0.2123 | Student Train Acc: 54.022 | Time: 138.373 |
[Eval] Epoch: 25 | Teacher Test Loss: 1.491 | Teacher Test Acc: 61.910 | Student Test Loss: 2.116 | Student Test Acc: 46.330 | Teacher Test F1: 0.618 | Student Test F1: 0.462 | Teacher Top 5 Accuracy: 0.881 | Student Top 5 Accuracy: 0.760 | Time: 2.469 | 
Running student landscape probe...
[LR policy] epoch=25 output=residual_log policy_pred=-0.263436 predicted_lr=0.145280 cosine_blend=0.750 lr_ema=0.000 cosine_after=0 next_student_lr=0.178120
[Train] Epoch: 26 | Teacher lr=0.1883 | Teacher Loss: 2.237 | Teacher Train Acc: 59.152 | Student lr=0.1781 | Student Train Acc: 55.020 | Time: 137.219 |
[Eval] Epoch: 26 | Teacher Test Loss: 1.477 | Teacher Test Acc: 63.240 | Student Test Loss: 1.788 | Student Test Acc: 54.650 | Teacher Test F1: 0.632 | Student Test F1: 0.548 | Teacher Top 5 Accuracy: 0.884 | Student Top 5 Accuracy: 0.834 | Time: 2.465 | 
Running student landscape probe...
[LR policy] epoch=26 output=residual_log policy_pred=-0.263864 predicted_lr=0.119293 cosine_blend=0.750 lr_ema=0.000 cosine_after=0 next_student_lr=0.146309
[Train] Epoch: 27 | Teacher lr=0.1545 | Teacher Loss: 2.173 | Teacher Train Acc: 60.786 | Student lr=0.1463 | Student Train Acc: 56.094 | Time: 137.524 |
[Eval] Epoch: 27 | Teacher Test Loss: 1.421 | Teacher Test Acc: 64.330 | Student Test Loss: 1.706 | Student Test Acc: 56.780 | Teacher Test F1: 0.644 | Student Test F1: 0.565 | Teacher Top 5 Accuracy: 0.890 | Student Top 5 Accuracy: 0.845 | Time: 2.428 | 
Running student landscape probe...
[LR policy] epoch=27 output=residual_log policy_pred=-0.265638 predicted_lr=0.095334 cosine_blend=0.750 lr_ema=0.000 cosine_after=0 next_student_lr=0.117089
[Train] Epoch: 28 | Teacher lr=0.1235 | Teacher Loss: 2.106 | Teacher Train Acc: 62.536 | Student lr=0.1171 | Student Train Acc: 57.340 | Time: 139.150 |
[Eval] Epoch: 28 | Teacher Test Loss: 1.342 | Teacher Test Acc: 65.830 | Student Test Loss: 1.816 | Student Test Acc: 54.290 | Teacher Test F1: 0.661 | Student Test F1: 0.543 | Teacher Top 5 Accuracy: 0.899 | Student Top 5 Accuracy: 0.820 | Time: 2.484 | 
Running student landscape probe...
[LR policy] epoch=28 output=residual_log policy_pred=-0.264866 predicted_lr=0.073966 cosine_blend=0.750 lr_ema=0.000 cosine_after=0 next_student_lr=0.090788
[Train] Epoch: 29 | Teacher lr=0.0955 | Teacher Loss: 2.037 | Teacher Train Acc: 64.030 | Student lr=0.0908 | Student Train Acc: 58.416 | Time: 137.827 |
[Eval] Epoch: 29 | Teacher Test Loss: 1.346 | Teacher Test Acc: 66.840 | Student Test Loss: 1.750 | Student Test Acc: 56.310 | Teacher Test F1: 0.667 | Student Test F1: 0.559 | Teacher Top 5 Accuracy: 0.901 | Student Top 5 Accuracy: 0.832 | Time: 2.466 | 
Running student landscape probe...
[LR policy] epoch=29 output=residual_log policy_pred=-0.264845 predicted_lr=0.055021 cosine_blend=0.750 lr_ema=0.000 cosine_after=0 next_student_lr=0.067534
[Train] Epoch: 30 | Teacher lr=0.0708 | Teacher Loss: 1.965 | Teacher Train Acc: 65.606 | Student lr=0.0675 | Student Train Acc: 59.636 | Time: 139.497 |
[Eval] Epoch: 30 | Teacher Test Loss: 1.276 | Teacher Test Acc: 67.620 | Student Test Loss: 1.610 | Student Test Acc: 58.850 | Teacher Test F1: 0.677 | Student Test F1: 0.587 | Teacher Top 5 Accuracy: 0.907 | Student Top 5 Accuracy: 0.852 | Time: 2.521 | 
Running student landscape probe...
[LR policy] epoch=30 output=residual_log policy_pred=-0.266438 predicted_lr=0.038662 cosine_blend=0.750 lr_ema=0.000 cosine_after=0 next_student_lr=0.047515
[Train] Epoch: 31 | Teacher lr=0.0495 | Teacher Loss: 1.891 | Teacher Train Acc: 67.080 | Student lr=0.0475 | Student Train Acc: 60.854 | Time: 136.249 |
[Eval] Epoch: 31 | Teacher Test Loss: 1.271 | Teacher Test Acc: 68.320 | Student Test Loss: 1.614 | Student Test Acc: 59.440 | Teacher Test F1: 0.682 | Student Test F1: 0.594 | Teacher Top 5 Accuracy: 0.904 | Student Top 5 Accuracy: 0.852 | Time: 2.475 | 
Running student landscape probe...
[LR policy] epoch=31 output=residual_log policy_pred=-0.266774 predicted_lr=0.025159 cosine_blend=0.750 lr_ema=0.000 cosine_after=0 next_student_lr=0.030928
[Train] Epoch: 32 | Teacher lr=0.0319 | Teacher Loss: 1.821 | Teacher Train Acc: 68.690 | Student lr=0.0309 | Student Train Acc: 62.232 | Time: 138.889 |
[Eval] Epoch: 32 | Teacher Test Loss: 1.257 | Teacher Test Acc: 69.150 | Student Test Loss: 1.556 | Student Test Acc: 60.860 | Teacher Test F1: 0.692 | Student Test F1: 0.608 | Teacher Top 5 Accuracy: 0.907 | Student Top 5 Accuracy: 0.864 | Time: 2.455 | 
Running student landscape probe...
[LR policy] epoch=32 output=residual_log policy_pred=-0.264614 predicted_lr=0.014583 cosine_blend=0.750 lr_ema=0.000 cosine_after=0 next_student_lr=0.017896
[Train] Epoch: 33 | Teacher lr=0.0180 | Teacher Loss: 1.753 | Teacher Train Acc: 70.108 | Student lr=0.0179 | Student Train Acc: 63.568 | Time: 139.356 |
[Eval] Epoch: 33 | Teacher Test Loss: 1.227 | Teacher Test Acc: 69.250 | Student Test Loss: 1.498 | Student Test Acc: 61.930 | Teacher Test F1: 0.692 | Student Test F1: 0.618 | Teacher Top 5 Accuracy: 0.910 | Student Top 5 Accuracy: 0.866 | Time: 2.466 | 
Running student landscape probe...
[LR policy] epoch=33 output=residual_log policy_pred=-0.265110 predicted_lr=0.006925 cosine_blend=0.750 lr_ema=0.000 cosine_after=0 next_student_lr=0.008502
[Train] Epoch: 34 | Teacher lr=0.0080 | Teacher Loss: 1.705 | Teacher Train Acc: 71.080 | Student lr=0.0085 | Student Train Acc: 64.434 | Time: 138.213 |
[Eval] Epoch: 34 | Teacher Test Loss: 1.231 | Teacher Test Acc: 69.530 | Student Test Loss: 1.485 | Student Test Acc: 62.270 | Teacher Test F1: 0.695 | Student Test F1: 0.622 | Teacher Top 5 Accuracy: 0.910 | Student Top 5 Accuracy: 0.871 | Time: 2.551 | 
Running student landscape probe...
[LR policy] epoch=34 output=residual_log policy_pred=-0.264671 predicted_lr=0.002311 cosine_blend=0.750 lr_ema=0.000 cosine_after=0 next_student_lr=0.002836
[Train] Epoch: 35 | Teacher lr=0.0020 | Teacher Loss: 1.674 | Teacher Train Acc: 71.724 | Student lr=0.0028 | Student Train Acc: 65.154 | Time: 138.038 |
[Eval] Epoch: 35 | Teacher Test Loss: 1.222 | Teacher Test Acc: 69.500 | Student Test Loss: 1.475 | Student Test Acc: 62.210 | Teacher Test F1: 0.694 | Student Test F1: 0.621 | Teacher Top 5 Accuracy: 0.910 | Student Top 5 Accuracy: 0.870 | Time: 2.512 | 
Running student landscape probe...
[LR policy] epoch=35 output=residual_log policy_pred=-0.266041 predicted_lr=0.001000 cosine_blend=0.750 lr_ema=0.000 cosine_after=0 next_student_lr=0.001000
ckpt location: ckpt/robust12h_industry/patchtst_lblnoise020_seed1_35ep.pt
