/home/jovyan/.mlspace/envs/egy_llm/lib/python3.11/site-packages/torchvision/datasets/cifar.py:83: VisibleDeprecationWarning: dtype(): align should be passed as Python or NumPy boolean but got `align=0`. Did you mean to pass a tuple to create a subarray type? (Deprecated NumPy 2.4)
  entry = pickle.load(f, encoding="latin1")
depth_list: [110, 20]
[LR policy] loaded checkpoint=checkpoints/policies_beatcos/patchtst_seed0/policy.pt,checkpoints/policies_beatcos/patchtst_seed2/policy.pt,checkpoints/policies_beatcos/patchtst_seed5/policy.pt,checkpoints/policies_beatcos/patchtst_seed7/policy.pt,checkpoints/policies_beatcos/patchtst_seed4/policy.pt model_type=patchtst input_dim=230 n_models=5
[NoisyClassificationDataset] num_classes=100 label_noise_rate=0.200 input_noise_std=0.0000 flipped=9890/50000
Dataset information: cifar100	 50000 images for training 	 10000 images for testing	
teacher depth: 110
student depth: 20
Total number of teacher parameters: 1,169,972
Total number of student parameters: 278,132
Snapshots will be saved to: snapshots/robust12h_industry/patchtst_compound_seed4_35ep
==== train and evaluate unequal restart ====
[Eval] Epoch: 0 | Teacher Test Loss: 8723.027 | Teacher Test Acc: 1.000 | Student Test Loss: 5.114 | Student Test Acc: 0.930 | Teacher Test F1: 0.000 | Student Test F1: 0.001 | Teacher Top 5 Accuracy: 0.050 | Student Top 5 Accuracy: 0.051 | Time: 2.994 | 
Running student landscape probe...
[Train] Epoch: 1 | Teacher lr=1.0000 | Teacher Loss: 4.320 | Teacher Train Acc: 6.280 | Student lr=0.0100 | Student Train Acc: 5.160 | Time: 138.317 |
[Eval] Epoch: 1 | Teacher Test Loss: 3.898 | Teacher Test Acc: 10.540 | Student Test Loss: 3.936 | Student Test Acc: 9.540 | Teacher Test F1: 0.067 | Student Test F1: 0.055 | Teacher Top 5 Accuracy: 0.310 | Student Top 5 Accuracy: 0.305 | Time: 2.451 | 
Running student landscape probe...
[LR policy] epoch=1 output=residual_log policy_pred=-0.196127 predicted_lr=0.820255 cosine_blend=0.750 lr_ema=0.000 cosine_after=0 next_student_lr=0.997989
[Train] Epoch: 2 | Teacher lr=0.9980 | Teacher Loss: 4.047 | Teacher Train Acc: 11.838 | Student lr=0.9980 | Student Train Acc: 12.036 | Time: 138.379 |
[Eval] Epoch: 2 | Teacher Test Loss: 3.562 | Teacher Test Acc: 15.840 | Student Test Loss: 3.494 | Student Test Acc: 17.290 | Teacher Test F1: 0.130 | Student Test F1: 0.142 | Teacher Top 5 Accuracy: 0.415 | Student Top 5 Accuracy: 0.435 | Time: 2.391 | 
Running student landscape probe...
[LR policy] epoch=2 output=residual_log policy_pred=-0.191981 predicted_lr=0.818697 cosine_blend=0.750 lr_ema=0.000 cosine_after=0 next_student_lr=0.991973
[Train] Epoch: 3 | Teacher lr=0.9920 | Teacher Loss: 3.755 | Teacher Train Acc: 19.714 | Student lr=0.9920 | Student Train Acc: 25.624 | Time: 137.782 |
[Eval] Epoch: 3 | Teacher Test Loss: 3.121 | Teacher Test Acc: 22.780 | Student Test Loss: 2.962 | Student Test Acc: 27.040 | Teacher Test F1: 0.201 | Student Test F1: 0.252 | Teacher Top 5 Accuracy: 0.528 | Student Top 5 Accuracy: 0.577 | Time: 2.403 | 
Running student landscape probe...
[LR policy] epoch=3 output=residual_log policy_pred=-0.245731 predicted_lr=0.768054 cosine_blend=0.750 lr_ema=0.000 cosine_after=0 next_student_lr=0.981999
[Train] Epoch: 4 | Teacher lr=0.9820 | Teacher Loss: 3.496 | Teacher Train Acc: 26.034 | Student lr=0.9820 | Student Train Acc: 32.320 | Time: 138.448 |
[Eval] Epoch: 4 | Teacher Test Loss: 2.652 | Teacher Test Acc: 32.350 | Student Test Loss: 3.060 | Student Test Acc: 24.540 | Teacher Test F1: 0.307 | Student Test F1: 0.236 | Teacher Top 5 Accuracy: 0.659 | Student Top 5 Accuracy: 0.546 | Time: 2.363 | 
Running student landscape probe...
[LR policy] epoch=4 output=residual_log policy_pred=-0.200093 predicted_lr=0.792580 cosine_blend=0.750 lr_ema=0.000 cosine_after=0 next_student_lr=0.968149
[Train] Epoch: 5 | Teacher lr=0.9681 | Teacher Loss: 3.327 | Teacher Train Acc: 30.570 | Student lr=0.9681 | Student Train Acc: 35.350 | Time: 139.603 |
[Eval] Epoch: 5 | Teacher Test Loss: 2.696 | Teacher Test Acc: 32.120 | Student Test Loss: 2.933 | Student Test Acc: 27.490 | Teacher Test F1: 0.298 | Student Test F1: 0.263 | Teacher Top 5 Accuracy: 0.640 | Student Top 5 Accuracy: 0.581 | Time: 2.375 | 
Running student landscape probe...
[LR policy] epoch=5 output=residual_log policy_pred=-0.252518 predicted_lr=0.738415 cosine_blend=0.750 lr_ema=0.000 cosine_after=0 next_student_lr=0.950534
[Train] Epoch: 6 | Teacher lr=0.9505 | Teacher Loss: 3.227 | Teacher Train Acc: 33.212 | Student lr=0.9505 | Student Train Acc: 37.642 | Time: 139.509 |
[Eval] Epoch: 6 | Teacher Test Loss: 2.407 | Teacher Test Acc: 38.450 | Student Test Loss: 3.211 | Student Test Acc: 23.760 | Teacher Test F1: 0.367 | Student Test F1: 0.231 | Teacher Top 5 Accuracy: 0.709 | Student Top 5 Accuracy: 0.519 | Time: 2.456 | 
Running student landscape probe...
[LR policy] epoch=6 output=residual_log policy_pred=-0.202557 predicted_lr=0.758899 cosine_blend=0.750 lr_ema=0.000 cosine_after=0 next_student_lr=0.929295
[Train] Epoch: 7 | Teacher lr=0.9292 | Teacher Loss: 3.145 | Teacher Train Acc: 35.666 | Student lr=0.9293 | Student Train Acc: 38.880 | Time: 138.317 |
[Eval] Epoch: 7 | Teacher Test Loss: 2.431 | Teacher Test Acc: 37.910 | Student Test Loss: 2.920 | Student Test Acc: 28.530 | Teacher Test F1: 0.368 | Student Test F1: 0.279 | Teacher Top 5 Accuracy: 0.706 | Student Top 5 Accuracy: 0.602 | Time: 2.364 | 
Running student landscape probe...
[LR policy] epoch=7 output=residual_log policy_pred=-0.249481 predicted_lr=0.704872 cosine_blend=0.750 lr_ema=0.000 cosine_after=0 next_student_lr=0.904604
[Train] Epoch: 8 | Teacher lr=0.9045 | Teacher Loss: 3.082 | Teacher Train Acc: 37.370 | Student lr=0.9046 | Student Train Acc: 40.010 | Time: 139.047 |
[Eval] Epoch: 8 | Teacher Test Loss: 2.280 | Teacher Test Acc: 40.660 | Student Test Loss: 3.394 | Student Test Acc: 20.450 | Teacher Test F1: 0.397 | Student Test F1: 0.196 | Teacher Top 5 Accuracy: 0.731 | Student Top 5 Accuracy: 0.469 | Time: 2.246 | 
Running student landscape probe...
[LR policy] epoch=8 output=residual_log policy_pred=-0.202739 predicted_lr=0.715785 cosine_blend=0.750 lr_ema=0.000 cosine_after=0 next_student_lr=0.876659
[Train] Epoch: 9 | Teacher lr=0.8765 | Teacher Loss: 3.025 | Teacher Train Acc: 39.040 | Student lr=0.8767 | Student Train Acc: 41.016 | Time: 137.850 |
[Eval] Epoch: 9 | Teacher Test Loss: 2.243 | Teacher Test Acc: 42.350 | Student Test Loss: 2.516 | Student Test Acc: 37.560 | Teacher Test F1: 0.412 | Student Test F1: 0.369 | Teacher Top 5 Accuracy: 0.750 | Student Top 5 Accuracy: 0.684 | Time: 2.336 | 
Running student landscape probe...
[LR policy] epoch=9 output=residual_log policy_pred=-0.257169 predicted_lr=0.653916 cosine_blend=0.750 lr_ema=0.000 cosine_after=0 next_student_lr=0.845686
[Train] Epoch: 10 | Teacher lr=0.8455 | Teacher Loss: 2.977 | Teacher Train Acc: 40.144 | Student lr=0.8457 | Student Train Acc: 42.008 | Time: 136.774 |
[Eval] Epoch: 10 | Teacher Test Loss: 2.224 | Teacher Test Acc: 43.920 | Student Test Loss: 2.519 | Student Test Acc: 36.400 | Teacher Test F1: 0.427 | Student Test F1: 0.355 | Teacher Top 5 Accuracy: 0.768 | Student Top 5 Accuracy: 0.689 | Time: 2.463 | 
Running student landscape probe...
[LR policy] epoch=10 output=residual_log policy_pred=-0.266222 predicted_lr=0.622159 cosine_blend=0.750 lr_ema=0.000 cosine_after=0 next_student_lr=0.811933
[Train] Epoch: 11 | Teacher lr=0.8117 | Teacher Loss: 2.931 | Teacher Train Acc: 41.344 | Student lr=0.8119 | Student Train Acc: 42.822 | Time: 138.582 |
[Eval] Epoch: 11 | Teacher Test Loss: 2.066 | Teacher Test Acc: 47.050 | Student Test Loss: 2.928 | Student Test Acc: 29.220 | Teacher Test F1: 0.457 | Student Test F1: 0.290 | Teacher Top 5 Accuracy: 0.779 | Student Top 5 Accuracy: 0.600 | Time: 2.445 | 
Running student landscape probe...
[LR policy] epoch=11 output=residual_log policy_pred=-0.255424 predicted_lr=0.600827 cosine_blend=0.750 lr_ema=0.000 cosine_after=0 next_student_lr=0.731961
[Train] Epoch: 12 | Teacher lr=0.7754 | Teacher Loss: 2.889 | Teacher Train Acc: 42.472 | Student lr=0.7320 | Student Train Acc: 43.816 | Time: 136.759 |
[Eval] Epoch: 12 | Teacher Test Loss: 2.028 | Teacher Test Acc: 48.600 | Student Test Loss: 2.659 | Student Test Acc: 33.760 | Teacher Test F1: 0.473 | Student Test F1: 0.328 | Teacher Top 5 Accuracy: 0.786 | Student Top 5 Accuracy: 0.661 | Time: 2.480 | 
Running student landscape probe...
[LR policy] epoch=12 output=residual_log policy_pred=-0.263620 predicted_lr=0.566363 cosine_blend=0.750 lr_ema=0.000 cosine_after=0 next_student_lr=0.694489
[Train] Epoch: 13 | Teacher lr=0.7369 | Teacher Loss: 2.845 | Teacher Train Acc: 43.694 | Student lr=0.6945 | Student Train Acc: 44.420 | Time: 138.165 |
[Eval] Epoch: 13 | Teacher Test Loss: 1.981 | Teacher Test Acc: 48.980 | Student Test Loss: 2.315 | Student Test Acc: 40.540 | Teacher Test F1: 0.483 | Student Test F1: 0.395 | Teacher Top 5 Accuracy: 0.802 | Student Top 5 Accuracy: 0.733 | Time: 2.715 | 
Running student landscape probe...
[LR policy] epoch=13 output=residual_log policy_pred=-0.263001 predicted_lr=0.535671 cosine_blend=0.750 lr_ema=0.000 cosine_after=0 next_student_lr=0.656530
[Train] Epoch: 14 | Teacher lr=0.6965 | Teacher Loss: 2.795 | Teacher Train Acc: 45.014 | Student lr=0.6565 | Student Train Acc: 45.110 | Time: 138.819 |
[Eval] Epoch: 14 | Teacher Test Loss: 1.918 | Teacher Test Acc: 50.640 | Student Test Loss: 2.136 | Student Test Acc: 45.280 | Teacher Test F1: 0.504 | Student Test F1: 0.452 | Teacher Top 5 Accuracy: 0.810 | Student Top 5 Accuracy: 0.768 | Time: 2.391 | 
Running student landscape probe...
[LR policy] epoch=14 output=residual_log policy_pred=-0.266128 predicted_lr=0.501841 cosine_blend=0.750 lr_ema=0.000 cosine_after=0 next_student_lr=0.616601
[shock] epoch=15 forcing student_lr=1.000000 (window=15..16)
[Train] Epoch: 15 | Teacher lr=0.6545 | Teacher Loss: 2.772 | Teacher Train Acc: 46.050 | Student lr=1.0000 | Student Train Acc: 42.470 | Time: 135.718 |
[Eval] Epoch: 15 | Teacher Test Loss: 1.864 | Teacher Test Acc: 51.990 | Student Test Loss: 3.178 | Student Test Acc: 24.290 | Teacher Test F1: 0.520 | Student Test F1: 0.227 | Teacher Top 5 Accuracy: 0.820 | Student Top 5 Accuracy: 0.526 | Time: 2.443 | 
Running student landscape probe...
[LR policy] epoch=15 output=residual_log policy_pred=-0.257815 predicted_lr=0.472644 cosine_blend=0.750 lr_ema=0.000 cosine_after=0 next_student_lr=0.576898
[shock] epoch=16 forcing student_lr=1.000000 (window=15..16)
[Train] Epoch: 16 | Teacher lr=0.6113 | Teacher Loss: 2.731 | Teacher Train Acc: 47.148 | Student lr=1.0000 | Student Train Acc: 43.096 | Time: 137.760 |
[Eval] Epoch: 16 | Teacher Test Loss: 1.927 | Teacher Test Acc: 51.710 | Student Test Loss: 2.547 | Student Test Acc: 37.020 | Teacher Test F1: 0.514 | Student Test F1: 0.361 | Teacher Top 5 Accuracy: 0.812 | Student Top 5 Accuracy: 0.680 | Time: 2.437 | 
Running student landscape probe...
[LR policy] epoch=16 output=residual_log policy_pred=-0.271143 predicted_lr=0.432761 cosine_blend=0.750 lr_ema=0.000 cosine_after=0 next_student_lr=0.533852
[Train] Epoch: 17 | Teacher lr=0.5671 | Teacher Loss: 2.672 | Teacher Train Acc: 48.136 | Student lr=0.5339 | Student Train Acc: 47.034 | Time: 138.630 |
[Eval] Epoch: 17 | Teacher Test Loss: 1.739 | Teacher Test Acc: 54.140 | Student Test Loss: 2.157 | Student Test Acc: 45.470 | Teacher Test F1: 0.542 | Student Test F1: 0.448 | Teacher Top 5 Accuracy: 0.838 | Student Top 5 Accuracy: 0.757 | Time: 2.408 | 
Running student landscape probe...
[LR policy] epoch=17 output=residual_log policy_pred=-0.268170 predicted_lr=0.399910 cosine_blend=0.750 lr_ema=0.000 cosine_after=0 next_student_lr=0.492160
[Train] Epoch: 18 | Teacher lr=0.5224 | Teacher Loss: 2.636 | Teacher Train Acc: 49.190 | Student lr=0.4922 | Student Train Acc: 47.886 | Time: 137.550 |
[Eval] Epoch: 18 | Teacher Test Loss: 1.818 | Teacher Test Acc: 52.880 | Student Test Loss: 3.342 | Student Test Acc: 23.990 | Teacher Test F1: 0.522 | Student Test F1: 0.222 | Teacher Top 5 Accuracy: 0.828 | Student Top 5 Accuracy: 0.517 | Time: 2.692 | 
Running student landscape probe...
[LR policy] epoch=18 output=residual_log policy_pred=-0.261853 predicted_lr=0.367949 cosine_blend=0.750 lr_ema=0.000 cosine_after=0 next_student_lr=0.450555
[Train] Epoch: 19 | Teacher lr=0.4776 | Teacher Loss: 2.599 | Teacher Train Acc: 50.184 | Student lr=0.4506 | Student Train Acc: 48.562 | Time: 138.525 |
[Eval] Epoch: 19 | Teacher Test Loss: 1.743 | Teacher Test Acc: 54.760 | Student Test Loss: 2.884 | Student Test Acc: 30.290 | Teacher Test F1: 0.546 | Student Test F1: 0.286 | Teacher Top 5 Accuracy: 0.840 | Student Top 5 Accuracy: 0.612 | Time: 2.709 | 
Running student landscape probe...
[LR policy] epoch=19 output=residual_log policy_pred=-0.268670 predicted_lr=0.331327 cosine_blend=0.750 lr_ema=0.000 cosine_after=0 next_student_lr=0.407920
[Train] Epoch: 20 | Teacher lr=0.4329 | Teacher Loss: 2.555 | Teacher Train Acc: 51.330 | Student lr=0.4079 | Student Train Acc: 49.248 | Time: 136.545 |
[Eval] Epoch: 20 | Teacher Test Loss: 1.722 | Teacher Test Acc: 55.600 | Student Test Loss: 2.002 | Student Test Acc: 49.300 | Teacher Test F1: 0.554 | Student Test F1: 0.489 | Teacher Top 5 Accuracy: 0.853 | Student Top 5 Accuracy: 0.794 | Time: 2.601 | 
Running student landscape probe...
[LR policy] epoch=20 output=residual_log policy_pred=-0.270581 predicted_lr=0.297050 cosine_blend=0.750 lr_ema=0.000 cosine_after=0 next_student_lr=0.366276
[Train] Epoch: 21 | Teacher lr=0.3887 | Teacher Loss: 2.508 | Teacher Train Acc: 52.394 | Student lr=0.3663 | Student Train Acc: 50.024 | Time: 138.496 |
[Eval] Epoch: 21 | Teacher Test Loss: 1.616 | Teacher Test Acc: 58.340 | Student Test Loss: 2.028 | Student Test Acc: 47.930 | Teacher Test F1: 0.577 | Student Test F1: 0.476 | Teacher Top 5 Accuracy: 0.862 | Student Top 5 Accuracy: 0.782 | Time: 2.719 | 
Running student landscape probe...
[LR policy] epoch=21 output=residual_log policy_pred=-0.262290 predicted_lr=0.266286 cosine_blend=0.750 lr_ema=0.000 cosine_after=0 next_student_lr=0.326181
[Train] Epoch: 22 | Teacher lr=0.3455 | Teacher Loss: 2.464 | Teacher Train Acc: 53.706 | Student lr=0.3262 | Student Train Acc: 50.664 | Time: 136.948 |
[Eval] Epoch: 22 | Teacher Test Loss: 1.645 | Teacher Test Acc: 58.920 | Student Test Loss: 1.979 | Student Test Acc: 49.220 | Teacher Test F1: 0.585 | Student Test F1: 0.490 | Teacher Top 5 Accuracy: 0.858 | Student Top 5 Accuracy: 0.794 | Time: 2.362 | 
Running student landscape probe...
[LR policy] epoch=22 output=residual_log policy_pred=-0.262238 predicted_lr=0.234017 cosine_blend=0.750 lr_ema=0.000 cosine_after=0 next_student_lr=0.286642
[Train] Epoch: 23 | Teacher lr=0.3035 | Teacher Loss: 2.410 | Teacher Train Acc: 55.106 | Student lr=0.2866 | Student Train Acc: 51.658 | Time: 138.268 |
[Eval] Epoch: 23 | Teacher Test Loss: 1.590 | Teacher Test Acc: 59.280 | Student Test Loss: 1.990 | Student Test Acc: 49.770 | Teacher Test F1: 0.588 | Student Test F1: 0.496 | Teacher Top 5 Accuracy: 0.865 | Student Top 5 Accuracy: 0.796 | Time: 2.722 | 
Running student landscape probe...
[LR policy] epoch=23 output=residual_log policy_pred=-0.263381 predicted_lr=0.202719 cosine_blend=0.750 lr_ema=0.000 cosine_after=0 next_student_lr=0.248532
[Train] Epoch: 24 | Teacher lr=0.2631 | Teacher Loss: 2.355 | Teacher Train Acc: 56.274 | Student lr=0.2485 | Student Train Acc: 52.540 | Time: 138.072 |
[Eval] Epoch: 24 | Teacher Test Loss: 1.578 | Teacher Test Acc: 59.190 | Student Test Loss: 1.887 | Student Test Acc: 51.930 | Teacher Test F1: 0.588 | Student Test F1: 0.516 | Teacher Top 5 Accuracy: 0.862 | Student Top 5 Accuracy: 0.809 | Time: 2.721 | 
Running student landscape probe...
[LR policy] epoch=24 output=residual_log policy_pred=-0.262005 predicted_lr=0.173391 cosine_blend=0.750 lr_ema=0.000 cosine_after=0 next_student_lr=0.212343
[Train] Epoch: 25 | Teacher lr=0.2246 | Teacher Loss: 2.306 | Teacher Train Acc: 57.368 | Student lr=0.2123 | Student Train Acc: 53.538 | Time: 139.031 |
[Eval] Epoch: 25 | Teacher Test Loss: 1.459 | Teacher Test Acc: 62.490 | Student Test Loss: 1.902 | Student Test Acc: 50.980 | Teacher Test F1: 0.624 | Student Test F1: 0.510 | Teacher Top 5 Accuracy: 0.880 | Student Top 5 Accuracy: 0.810 | Time: 2.746 | 
Running student landscape probe...
[LR policy] epoch=25 output=residual_log policy_pred=-0.262417 predicted_lr=0.145428 cosine_blend=0.750 lr_ema=0.000 cosine_after=0 next_student_lr=0.178157
[Train] Epoch: 26 | Teacher lr=0.1883 | Teacher Loss: 2.243 | Teacher Train Acc: 59.110 | Student lr=0.1782 | Student Train Acc: 54.766 | Time: 137.496 |
[Eval] Epoch: 26 | Teacher Test Loss: 1.403 | Teacher Test Acc: 64.870 | Student Test Loss: 1.868 | Student Test Acc: 52.550 | Teacher Test F1: 0.644 | Student Test F1: 0.526 | Teacher Top 5 Accuracy: 0.893 | Student Top 5 Accuracy: 0.816 | Time: 2.699 | 
Running student landscape probe...
[LR policy] epoch=26 output=residual_log policy_pred=-0.263786 predicted_lr=0.119303 cosine_blend=0.750 lr_ema=0.000 cosine_after=0 next_student_lr=0.146311
[Train] Epoch: 27 | Teacher lr=0.1545 | Teacher Loss: 2.180 | Teacher Train Acc: 60.696 | Student lr=0.1463 | Student Train Acc: 55.940 | Time: 138.057 |
[Eval] Epoch: 27 | Teacher Test Loss: 1.412 | Teacher Test Acc: 64.330 | Student Test Loss: 1.808 | Student Test Acc: 53.890 | Teacher Test F1: 0.642 | Student Test F1: 0.541 | Teacher Top 5 Accuracy: 0.889 | Student Top 5 Accuracy: 0.825 | Time: 2.740 | 
Running student landscape probe...
[LR policy] epoch=27 output=residual_log policy_pred=-0.266697 predicted_lr=0.095233 cosine_blend=0.750 lr_ema=0.000 cosine_after=0 next_student_lr=0.117064
[Train] Epoch: 28 | Teacher lr=0.1235 | Teacher Loss: 2.117 | Teacher Train Acc: 62.242 | Student lr=0.1171 | Student Train Acc: 56.810 | Time: 138.121 |
[Eval] Epoch: 28 | Teacher Test Loss: 1.346 | Teacher Test Acc: 66.080 | Student Test Loss: 1.733 | Student Test Acc: 55.360 | Teacher Test F1: 0.658 | Student Test F1: 0.551 | Teacher Top 5 Accuracy: 0.896 | Student Top 5 Accuracy: 0.835 | Time: 2.451 | 
Running student landscape probe...
[LR policy] epoch=28 output=residual_log policy_pred=-0.262004 predicted_lr=0.074177 cosine_blend=0.750 lr_ema=0.000 cosine_after=0 next_student_lr=0.090841
[Train] Epoch: 29 | Teacher lr=0.0955 | Teacher Loss: 2.046 | Teacher Train Acc: 63.682 | Student lr=0.0908 | Student Train Acc: 58.034 | Time: 137.977 |
[Eval] Epoch: 29 | Teacher Test Loss: 1.280 | Teacher Test Acc: 66.840 | Student Test Loss: 1.745 | Student Test Acc: 55.270 | Teacher Test F1: 0.669 | Student Test F1: 0.553 | Teacher Top 5 Accuracy: 0.904 | Student Top 5 Accuracy: 0.826 | Time: 2.709 | 
Running student landscape probe...
[LR policy] epoch=29 output=residual_log policy_pred=-0.265001 predicted_lr=0.055012 cosine_blend=0.750 lr_ema=0.000 cosine_after=0 next_student_lr=0.067532
[Train] Epoch: 30 | Teacher lr=0.0708 | Teacher Loss: 1.972 | Teacher Train Acc: 65.380 | Student lr=0.0675 | Student Train Acc: 59.168 | Time: 137.019 |
[Eval] Epoch: 30 | Teacher Test Loss: 1.306 | Teacher Test Acc: 67.210 | Student Test Loss: 1.628 | Student Test Acc: 58.930 | Teacher Test F1: 0.672 | Student Test F1: 0.588 | Teacher Top 5 Accuracy: 0.904 | Student Top 5 Accuracy: 0.853 | Time: 2.768 | 
Running student landscape probe...
[LR policy] epoch=30 output=residual_log policy_pred=-0.263060 predicted_lr=0.038793 cosine_blend=0.750 lr_ema=0.000 cosine_after=0 next_student_lr=0.047548
[Train] Epoch: 31 | Teacher lr=0.0495 | Teacher Loss: 1.900 | Teacher Train Acc: 67.158 | Student lr=0.0475 | Student Train Acc: 60.676 | Time: 136.145 |
[Eval] Epoch: 31 | Teacher Test Loss: 1.267 | Teacher Test Acc: 68.300 | Student Test Loss: 1.564 | Student Test Acc: 60.200 | Teacher Test F1: 0.682 | Student Test F1: 0.601 | Teacher Top 5 Accuracy: 0.903 | Student Top 5 Accuracy: 0.860 | Time: 2.703 | 
Running student landscape probe...
[LR policy] epoch=31 output=residual_log policy_pred=-0.267121 predicted_lr=0.025150 cosine_blend=0.750 lr_ema=0.000 cosine_after=0 next_student_lr=0.030925
[Train] Epoch: 32 | Teacher lr=0.0319 | Teacher Loss: 1.826 | Teacher Train Acc: 68.596 | Student lr=0.0309 | Student Train Acc: 61.768 | Time: 136.975 |
[Eval] Epoch: 32 | Teacher Test Loss: 1.244 | Teacher Test Acc: 68.630 | Student Test Loss: 1.550 | Student Test Acc: 60.800 | Teacher Test F1: 0.685 | Student Test F1: 0.607 | Teacher Top 5 Accuracy: 0.905 | Student Top 5 Accuracy: 0.861 | Time: 2.722 | 
Running student landscape probe...
[LR policy] epoch=32 output=residual_log policy_pred=-0.263304 predicted_lr=0.014602 cosine_blend=0.750 lr_ema=0.000 cosine_after=0 next_student_lr=0.017901
[Train] Epoch: 33 | Teacher lr=0.0180 | Teacher Loss: 1.765 | Teacher Train Acc: 69.980 | Student lr=0.0179 | Student Train Acc: 63.146 | Time: 136.396 |
[Eval] Epoch: 33 | Teacher Test Loss: 1.235 | Teacher Test Acc: 69.210 | Student Test Loss: 1.493 | Student Test Acc: 61.930 | Teacher Test F1: 0.690 | Student Test F1: 0.618 | Teacher Top 5 Accuracy: 0.907 | Student Top 5 Accuracy: 0.871 | Time: 2.738 | 
Running student landscape probe...
[LR policy] epoch=33 output=residual_log policy_pred=-0.266473 predicted_lr=0.006916 cosine_blend=0.750 lr_ema=0.000 cosine_after=0 next_student_lr=0.008499
[Train] Epoch: 34 | Teacher lr=0.0080 | Teacher Loss: 1.714 | Teacher Train Acc: 70.972 | Student lr=0.0085 | Student Train Acc: 64.102 | Time: 137.238 |
[Eval] Epoch: 34 | Teacher Test Loss: 1.222 | Teacher Test Acc: 69.110 | Student Test Loss: 1.472 | Student Test Acc: 62.150 | Teacher Test F1: 0.690 | Student Test F1: 0.621 | Teacher Top 5 Accuracy: 0.907 | Student Top 5 Accuracy: 0.873 | Time: 2.723 | 
Running student landscape probe...
[LR policy] epoch=34 output=residual_log policy_pred=-0.262983 predicted_lr=0.002315 cosine_blend=0.750 lr_ema=0.000 cosine_after=0 next_student_lr=0.002837
[Train] Epoch: 35 | Teacher lr=0.0020 | Teacher Loss: 1.686 | Teacher Train Acc: 71.544 | Student lr=0.0028 | Student Train Acc: 64.728 | Time: 138.298 |
[Eval] Epoch: 35 | Teacher Test Loss: 1.221 | Teacher Test Acc: 69.240 | Student Test Loss: 1.463 | Student Test Acc: 62.830 | Teacher Test F1: 0.691 | Student Test F1: 0.626 | Teacher Top 5 Accuracy: 0.907 | Student Top 5 Accuracy: 0.874 | Time: 2.590 | 
Running student landscape probe...
[LR policy] epoch=35 output=residual_log policy_pred=-0.264806 predicted_lr=0.001000 cosine_blend=0.750 lr_ema=0.000 cosine_after=0 next_student_lr=0.001000
ckpt location: ckpt/robust12h_industry/patchtst_compound_seed4_35ep.pt
