/home/jovyan/.mlspace/envs/egy_llm/lib/python3.11/site-packages/torchvision/datasets/cifar.py:83: VisibleDeprecationWarning: dtype(): align should be passed as Python or NumPy boolean but got `align=0`. Did you mean to pass a tuple to create a subarray type? (Deprecated NumPy 2.4)
  entry = pickle.load(f, encoding="latin1")
depth_list: [110, 20]
[LR policy] loaded checkpoint=checkpoints/policies_beatcos/patchtst_seed0/policy.pt,checkpoints/policies_beatcos/patchtst_seed2/policy.pt,checkpoints/policies_beatcos/patchtst_seed5/policy.pt,checkpoints/policies_beatcos/patchtst_seed7/policy.pt,checkpoints/policies_beatcos/patchtst_seed4/policy.pt model_type=patchtst input_dim=230 n_models=5
[NoisyClassificationDataset] num_classes=100 label_noise_rate=0.200 input_noise_std=0.0000 flipped=9886/50000
Dataset information: cifar100	 50000 images for training 	 10000 images for testing	
teacher depth: 110
student depth: 20
Total number of teacher parameters: 1,169,972
Total number of student parameters: 278,132
Snapshots will be saved to: snapshots/robust12h_industry/patchtst_compound_seed2_35ep
==== train and evaluate unequal restart ====
[Eval] Epoch: 0 | Teacher Test Loss: 11623.433 | Teacher Test Acc: 1.000 | Student Test Loss: 6.044 | Student Test Acc: 1.110 | Teacher Test F1: 0.000 | Student Test F1: 0.000 | Teacher Top 5 Accuracy: 0.049 | Student Top 5 Accuracy: 0.052 | Time: 3.029 | 
Running student landscape probe...
[Train] Epoch: 1 | Teacher lr=1.0000 | Teacher Loss: 4.297 | Teacher Train Acc: 6.712 | Student lr=0.0100 | Student Train Acc: 5.278 | Time: 137.653 |
[Eval] Epoch: 1 | Teacher Test Loss: 3.859 | Teacher Test Acc: 9.890 | Student Test Loss: 3.959 | Student Test Acc: 9.360 | Teacher Test F1: 0.069 | Student Test F1: 0.056 | Teacher Top 5 Accuracy: 0.319 | Student Top 5 Accuracy: 0.292 | Time: 2.562 | 
Running student landscape probe...
[LR policy] epoch=1 output=residual_log policy_pred=-0.228656 predicted_lr=0.794002 cosine_blend=0.750 lr_ema=0.000 cosine_after=0 next_student_lr=0.997989
[Train] Epoch: 2 | Teacher lr=0.9980 | Teacher Loss: 3.984 | Teacher Train Acc: 12.950 | Student lr=0.9980 | Student Train Acc: 14.140 | Time: 137.362 |
[Eval] Epoch: 2 | Teacher Test Loss: 3.415 | Teacher Test Acc: 18.330 | Student Test Loss: 3.186 | Student Test Acc: 22.260 | Teacher Test F1: 0.153 | Student Test F1: 0.194 | Teacher Top 5 Accuracy: 0.465 | Student Top 5 Accuracy: 0.516 | Time: 2.607 | 
Running student landscape probe...
[LR policy] epoch=2 output=residual_log policy_pred=-0.193628 predicted_lr=0.817350 cosine_blend=0.750 lr_ema=0.000 cosine_after=0 next_student_lr=0.991973
[Train] Epoch: 3 | Teacher lr=0.9920 | Teacher Loss: 3.674 | Teacher Train Acc: 21.118 | Student lr=0.9920 | Student Train Acc: 28.278 | Time: 138.257 |
[Eval] Epoch: 3 | Teacher Test Loss: 2.969 | Teacher Test Acc: 25.290 | Student Test Loss: 3.090 | Student Test Acc: 23.590 | Teacher Test F1: 0.235 | Student Test F1: 0.212 | Teacher Top 5 Accuracy: 0.578 | Student Top 5 Accuracy: 0.549 | Time: 2.415 | 
Running student landscape probe...
[LR policy] epoch=3 output=residual_log policy_pred=-0.255500 predicted_lr=0.760587 cosine_blend=0.750 lr_ema=0.000 cosine_after=0 next_student_lr=0.981999
[Train] Epoch: 4 | Teacher lr=0.9820 | Teacher Loss: 3.449 | Teacher Train Acc: 27.408 | Student lr=0.9820 | Student Train Acc: 34.232 | Time: 139.732 |
[Eval] Epoch: 4 | Teacher Test Loss: 2.692 | Teacher Test Acc: 30.970 | Student Test Loss: 2.696 | Student Test Acc: 31.570 | Teacher Test F1: 0.291 | Student Test F1: 0.295 | Teacher Top 5 Accuracy: 0.647 | Student Top 5 Accuracy: 0.645 | Time: 2.380 | 
Running student landscape probe...
[LR policy] epoch=4 output=residual_log policy_pred=-0.204579 predicted_lr=0.789032 cosine_blend=0.750 lr_ema=0.000 cosine_after=0 next_student_lr=0.968149
[Train] Epoch: 5 | Teacher lr=0.9681 | Teacher Loss: 3.297 | Teacher Train Acc: 31.352 | Student lr=0.9681 | Student Train Acc: 37.058 | Time: 139.244 |
[Eval] Epoch: 5 | Teacher Test Loss: 2.626 | Teacher Test Acc: 33.470 | Student Test Loss: 2.899 | Student Test Acc: 29.690 | Teacher Test F1: 0.312 | Student Test F1: 0.265 | Teacher Top 5 Accuracy: 0.666 | Student Top 5 Accuracy: 0.589 | Time: 2.381 | 
Running student landscape probe...
[LR policy] epoch=5 output=residual_log policy_pred=-0.250835 predicted_lr=0.739659 cosine_blend=0.750 lr_ema=0.000 cosine_after=0 next_student_lr=0.950534
[Train] Epoch: 6 | Teacher lr=0.9505 | Teacher Loss: 3.199 | Teacher Train Acc: 34.122 | Student lr=0.9505 | Student Train Acc: 38.938 | Time: 138.110 |
[Eval] Epoch: 6 | Teacher Test Loss: 2.384 | Teacher Test Acc: 39.440 | Student Test Loss: 2.661 | Student Test Acc: 33.200 | Teacher Test F1: 0.386 | Student Test F1: 0.309 | Teacher Top 5 Accuracy: 0.724 | Student Top 5 Accuracy: 0.660 | Time: 2.410 | 
Running student landscape probe...
[LR policy] epoch=6 output=residual_log policy_pred=-0.212796 predicted_lr=0.751169 cosine_blend=0.750 lr_ema=0.000 cosine_after=0 next_student_lr=0.929295
[Train] Epoch: 7 | Teacher lr=0.9292 | Teacher Loss: 3.131 | Teacher Train Acc: 35.878 | Student lr=0.9293 | Student Train Acc: 40.148 | Time: 135.550 |
[Eval] Epoch: 7 | Teacher Test Loss: 2.320 | Teacher Test Acc: 40.330 | Student Test Loss: 2.574 | Student Test Acc: 35.180 | Teacher Test F1: 0.391 | Student Test F1: 0.333 | Teacher Top 5 Accuracy: 0.732 | Student Top 5 Accuracy: 0.671 | Time: 2.250 | 
Running student landscape probe...
[LR policy] epoch=7 output=residual_log policy_pred=-0.260582 predicted_lr=0.697091 cosine_blend=0.750 lr_ema=0.000 cosine_after=0 next_student_lr=0.904604
[Train] Epoch: 8 | Teacher lr=0.9045 | Teacher Loss: 3.076 | Teacher Train Acc: 37.532 | Student lr=0.9046 | Student Train Acc: 41.178 | Time: 137.408 |
[Eval] Epoch: 8 | Teacher Test Loss: 2.280 | Teacher Test Acc: 41.520 | Student Test Loss: 2.493 | Student Test Acc: 37.630 | Teacher Test F1: 0.400 | Student Test F1: 0.366 | Teacher Top 5 Accuracy: 0.740 | Student Top 5 Accuracy: 0.699 | Time: 2.403 | 
Running student landscape probe...
[LR policy] epoch=8 output=residual_log policy_pred=-0.213754 predicted_lr=0.707944 cosine_blend=0.750 lr_ema=0.000 cosine_after=0 next_student_lr=0.876659
[Train] Epoch: 9 | Teacher lr=0.8765 | Teacher Loss: 3.000 | Teacher Train Acc: 39.620 | Student lr=0.8767 | Student Train Acc: 42.052 | Time: 138.245 |
[Eval] Epoch: 9 | Teacher Test Loss: 2.149 | Teacher Test Acc: 44.360 | Student Test Loss: 2.523 | Student Test Acc: 36.910 | Teacher Test F1: 0.437 | Student Test F1: 0.357 | Teacher Top 5 Accuracy: 0.769 | Student Top 5 Accuracy: 0.687 | Time: 2.360 | 
Running student landscape probe...
[LR policy] epoch=9 output=residual_log policy_pred=-0.263260 predicted_lr=0.649945 cosine_blend=0.750 lr_ema=0.000 cosine_after=0 next_student_lr=0.845686
[Train] Epoch: 10 | Teacher lr=0.8455 | Teacher Loss: 2.957 | Teacher Train Acc: 40.694 | Student lr=0.8457 | Student Train Acc: 42.652 | Time: 136.809 |
[Eval] Epoch: 10 | Teacher Test Loss: 2.214 | Teacher Test Acc: 44.190 | Student Test Loss: 2.412 | Student Test Acc: 39.180 | Teacher Test F1: 0.430 | Student Test F1: 0.381 | Teacher Top 5 Accuracy: 0.757 | Student Top 5 Accuracy: 0.710 | Time: 2.368 | 
Running student landscape probe...
[LR policy] epoch=10 output=residual_log policy_pred=-0.258500 predicted_lr=0.626982 cosine_blend=0.750 lr_ema=0.000 cosine_after=0 next_student_lr=0.811933
[Train] Epoch: 11 | Teacher lr=0.8117 | Teacher Loss: 2.910 | Teacher Train Acc: 41.922 | Student lr=0.8119 | Student Train Acc: 43.552 | Time: 137.516 |
[Eval] Epoch: 11 | Teacher Test Loss: 2.131 | Teacher Test Acc: 45.510 | Student Test Loss: 2.542 | Student Test Acc: 35.970 | Teacher Test F1: 0.444 | Student Test F1: 0.350 | Teacher Top 5 Accuracy: 0.773 | Student Top 5 Accuracy: 0.692 | Time: 2.408 | 
Running student landscape probe...
[LR policy] epoch=11 output=residual_log policy_pred=-0.261307 predicted_lr=0.597303 cosine_blend=0.750 lr_ema=0.000 cosine_after=0 next_student_lr=0.731081
[Train] Epoch: 12 | Teacher lr=0.7754 | Teacher Loss: 2.864 | Teacher Train Acc: 43.334 | Student lr=0.7311 | Student Train Acc: 44.768 | Time: 137.963 |
[Eval] Epoch: 12 | Teacher Test Loss: 2.057 | Teacher Test Acc: 47.080 | Student Test Loss: 2.245 | Student Test Acc: 43.300 | Teacher Test F1: 0.466 | Student Test F1: 0.422 | Teacher Top 5 Accuracy: 0.793 | Student Top 5 Accuracy: 0.749 | Time: 2.429 | 
Running student landscape probe...
[LR policy] epoch=12 output=residual_log policy_pred=-0.262356 predicted_lr=0.567079 cosine_blend=0.750 lr_ema=0.000 cosine_after=0 next_student_lr=0.694668
[Train] Epoch: 13 | Teacher lr=0.7369 | Teacher Loss: 2.822 | Teacher Train Acc: 44.376 | Student lr=0.6947 | Student Train Acc: 45.240 | Time: 137.277 |
[Eval] Epoch: 13 | Teacher Test Loss: 2.052 | Teacher Test Acc: 46.540 | Student Test Loss: 2.504 | Student Test Acc: 36.920 | Teacher Test F1: 0.459 | Student Test F1: 0.355 | Teacher Top 5 Accuracy: 0.787 | Student Top 5 Accuracy: 0.684 | Time: 2.424 | 
Running student landscape probe...
[LR policy] epoch=13 output=residual_log policy_pred=-0.262105 predicted_lr=0.536151 cosine_blend=0.750 lr_ema=0.000 cosine_after=0 next_student_lr=0.656650
[Train] Epoch: 14 | Teacher lr=0.6965 | Teacher Loss: 2.784 | Teacher Train Acc: 45.332 | Student lr=0.6566 | Student Train Acc: 45.740 | Time: 136.175 |
[Eval] Epoch: 14 | Teacher Test Loss: 1.853 | Teacher Test Acc: 51.690 | Student Test Loss: 2.417 | Student Test Acc: 39.640 | Teacher Test F1: 0.511 | Student Test F1: 0.390 | Teacher Top 5 Accuracy: 0.820 | Student Top 5 Accuracy: 0.706 | Time: 2.435 | 
Running student landscape probe...
[LR policy] epoch=14 output=residual_log policy_pred=-0.261646 predicted_lr=0.504096 cosine_blend=0.750 lr_ema=0.000 cosine_after=0 next_student_lr=0.617164
[shock] epoch=15 forcing student_lr=1.000000 (window=15..16)
[Train] Epoch: 15 | Teacher lr=0.6545 | Teacher Loss: 2.754 | Teacher Train Acc: 46.608 | Student lr=1.0000 | Student Train Acc: 43.270 | Time: 138.714 |
[Eval] Epoch: 15 | Teacher Test Loss: 1.925 | Teacher Test Acc: 49.300 | Student Test Loss: 2.649 | Student Test Acc: 35.650 | Teacher Test F1: 0.491 | Student Test F1: 0.341 | Teacher Top 5 Accuracy: 0.814 | Student Top 5 Accuracy: 0.667 | Time: 2.435 | 
Running student landscape probe...
[LR policy] epoch=15 output=residual_log policy_pred=-0.259780 predicted_lr=0.471717 cosine_blend=0.750 lr_ema=0.000 cosine_after=0 next_student_lr=0.576666
[shock] epoch=16 forcing student_lr=1.000000 (window=15..16)
[Train] Epoch: 16 | Teacher lr=0.6113 | Teacher Loss: 2.715 | Teacher Train Acc: 47.400 | Student lr=1.0000 | Student Train Acc: 43.624 | Time: 137.263 |
[Eval] Epoch: 16 | Teacher Test Loss: 1.938 | Teacher Test Acc: 49.580 | Student Test Loss: 2.491 | Student Test Acc: 38.300 | Teacher Test F1: 0.494 | Student Test F1: 0.360 | Teacher Top 5 Accuracy: 0.804 | Student Top 5 Accuracy: 0.689 | Time: 2.440 | 
Running student landscape probe...
[LR policy] epoch=16 output=residual_log policy_pred=-0.269050 predicted_lr=0.433667 cosine_blend=0.750 lr_ema=0.000 cosine_after=0 next_student_lr=0.534079
[Train] Epoch: 17 | Teacher lr=0.5671 | Teacher Loss: 2.657 | Teacher Train Acc: 48.260 | Student lr=0.5341 | Student Train Acc: 47.866 | Time: 136.143 |
[Eval] Epoch: 17 | Teacher Test Loss: 1.820 | Teacher Test Acc: 53.140 | Student Test Loss: 2.059 | Student Test Acc: 48.610 | Teacher Test F1: 0.535 | Student Test F1: 0.477 | Teacher Top 5 Accuracy: 0.825 | Student Top 5 Accuracy: 0.786 | Time: 2.425 | 
Running student landscape probe...
[LR policy] epoch=17 output=residual_log policy_pred=-0.263400 predicted_lr=0.401822 cosine_blend=0.750 lr_ema=0.000 cosine_after=0 next_student_lr=0.492638
[Train] Epoch: 18 | Teacher lr=0.5224 | Teacher Loss: 2.621 | Teacher Train Acc: 49.784 | Student lr=0.4926 | Student Train Acc: 48.482 | Time: 137.273 |
[Eval] Epoch: 18 | Teacher Test Loss: 1.685 | Teacher Test Acc: 56.820 | Student Test Loss: 2.139 | Student Test Acc: 45.570 | Teacher Test F1: 0.563 | Student Test F1: 0.443 | Teacher Top 5 Accuracy: 0.851 | Student Top 5 Accuracy: 0.756 | Time: 2.444 | 
Running student landscape probe...
[LR policy] epoch=18 output=residual_log policy_pred=-0.264859 predicted_lr=0.366845 cosine_blend=0.750 lr_ema=0.000 cosine_after=0 next_student_lr=0.450279
[Train] Epoch: 19 | Teacher lr=0.4776 | Teacher Loss: 2.577 | Teacher Train Acc: 50.678 | Student lr=0.4503 | Student Train Acc: 49.354 | Time: 138.075 |
[Eval] Epoch: 19 | Teacher Test Loss: 1.699 | Teacher Test Acc: 55.300 | Student Test Loss: 2.027 | Student Test Acc: 47.760 | Teacher Test F1: 0.548 | Student Test F1: 0.470 | Teacher Top 5 Accuracy: 0.842 | Student Top 5 Accuracy: 0.778 | Time: 2.463 | 
Running student landscape probe...
[LR policy] epoch=19 output=residual_log policy_pred=-0.264420 predicted_lr=0.332739 cosine_blend=0.750 lr_ema=0.000 cosine_after=0 next_student_lr=0.408273
[Train] Epoch: 20 | Teacher lr=0.4329 | Teacher Loss: 2.541 | Teacher Train Acc: 51.552 | Student lr=0.4083 | Student Train Acc: 49.918 | Time: 138.301 |
[Eval] Epoch: 20 | Teacher Test Loss: 1.753 | Teacher Test Acc: 55.640 | Student Test Loss: 2.136 | Student Test Acc: 46.660 | Teacher Test F1: 0.558 | Student Test F1: 0.459 | Teacher Top 5 Accuracy: 0.842 | Student Top 5 Accuracy: 0.766 | Time: 2.488 | 
Running student landscape probe...
[LR policy] epoch=20 output=residual_log policy_pred=-0.260399 predicted_lr=0.300090 cosine_blend=0.750 lr_ema=0.000 cosine_after=0 next_student_lr=0.367036
[Train] Epoch: 21 | Teacher lr=0.3887 | Teacher Loss: 2.495 | Teacher Train Acc: 52.870 | Student lr=0.3670 | Student Train Acc: 50.794 | Time: 137.602 |
[Eval] Epoch: 21 | Teacher Test Loss: 1.719 | Teacher Test Acc: 56.640 | Student Test Loss: 1.947 | Student Test Acc: 51.600 | Teacher Test F1: 0.565 | Student Test F1: 0.511 | Teacher Top 5 Accuracy: 0.851 | Student Top 5 Accuracy: 0.809 | Time: 2.449 | 
Running student landscape probe...
[LR policy] epoch=21 output=residual_log policy_pred=-0.262043 predicted_lr=0.266352 cosine_blend=0.750 lr_ema=0.000 cosine_after=0 next_student_lr=0.326197
[Train] Epoch: 22 | Teacher lr=0.3455 | Teacher Loss: 2.447 | Teacher Train Acc: 53.914 | Student lr=0.3262 | Student Train Acc: 51.420 | Time: 138.227 |
[Eval] Epoch: 22 | Teacher Test Loss: 1.612 | Teacher Test Acc: 58.710 | Student Test Loss: 1.979 | Student Test Acc: 49.970 | Teacher Test F1: 0.586 | Student Test F1: 0.490 | Teacher Top 5 Accuracy: 0.857 | Student Top 5 Accuracy: 0.787 | Time: 2.359 | 
Running student landscape probe...
[LR policy] epoch=22 output=residual_log policy_pred=-0.264256 predicted_lr=0.233546 cosine_blend=0.750 lr_ema=0.000 cosine_after=0 next_student_lr=0.286524
[Train] Epoch: 23 | Teacher lr=0.3035 | Teacher Loss: 2.393 | Teacher Train Acc: 55.286 | Student lr=0.2865 | Student Train Acc: 52.564 | Time: 137.377 |
[Eval] Epoch: 23 | Teacher Test Loss: 1.552 | Teacher Test Acc: 60.470 | Student Test Loss: 1.886 | Student Test Acc: 51.930 | Teacher Test F1: 0.606 | Student Test F1: 0.515 | Teacher Top 5 Accuracy: 0.874 | Student Top 5 Accuracy: 0.811 | Time: 2.721 | 
Running student landscape probe...
[LR policy] epoch=23 output=residual_log policy_pred=-0.263884 predicted_lr=0.202617 cosine_blend=0.750 lr_ema=0.000 cosine_after=0 next_student_lr=0.248506
[Train] Epoch: 24 | Teacher lr=0.2631 | Teacher Loss: 2.343 | Teacher Train Acc: 56.626 | Student lr=0.2485 | Student Train Acc: 53.330 | Time: 134.766 |
[Eval] Epoch: 24 | Teacher Test Loss: 1.480 | Teacher Test Acc: 62.150 | Student Test Loss: 1.874 | Student Test Acc: 52.810 | Teacher Test F1: 0.616 | Student Test F1: 0.519 | Teacher Top 5 Accuracy: 0.881 | Student Top 5 Accuracy: 0.809 | Time: 2.601 | 
Running student landscape probe...
[LR policy] epoch=24 output=residual_log policy_pred=-0.264037 predicted_lr=0.173039 cosine_blend=0.750 lr_ema=0.000 cosine_after=0 next_student_lr=0.212255
[Train] Epoch: 25 | Teacher lr=0.2246 | Teacher Loss: 2.286 | Teacher Train Acc: 57.998 | Student lr=0.2123 | Student Train Acc: 54.514 | Time: 135.522 |
[Eval] Epoch: 25 | Teacher Test Loss: 1.506 | Teacher Test Acc: 62.070 | Student Test Loss: 1.950 | Student Test Acc: 50.100 | Teacher Test F1: 0.619 | Student Test F1: 0.499 | Teacher Top 5 Accuracy: 0.879 | Student Top 5 Accuracy: 0.797 | Time: 2.625 | 
Running student landscape probe...
[LR policy] epoch=25 output=residual_log policy_pred=-0.265590 predicted_lr=0.144968 cosine_blend=0.750 lr_ema=0.000 cosine_after=0 next_student_lr=0.178042
[Train] Epoch: 26 | Teacher lr=0.1883 | Teacher Loss: 2.226 | Teacher Train Acc: 59.472 | Student lr=0.1780 | Student Train Acc: 55.218 | Time: 136.830 |
[Eval] Epoch: 26 | Teacher Test Loss: 1.426 | Teacher Test Acc: 63.560 | Student Test Loss: 1.731 | Student Test Acc: 55.700 | Teacher Test F1: 0.636 | Student Test F1: 0.554 | Teacher Top 5 Accuracy: 0.890 | Student Top 5 Accuracy: 0.838 | Time: 2.602 | 
Running student landscape probe...
[LR policy] epoch=26 output=residual_log policy_pred=-0.265075 predicted_lr=0.119149 cosine_blend=0.750 lr_ema=0.000 cosine_after=0 next_student_lr=0.146273
[Train] Epoch: 27 | Teacher lr=0.1545 | Teacher Loss: 2.165 | Teacher Train Acc: 60.848 | Student lr=0.1463 | Student Train Acc: 56.434 | Time: 136.271 |
[Eval] Epoch: 27 | Teacher Test Loss: 1.381 | Teacher Test Acc: 64.980 | Student Test Loss: 1.794 | Student Test Acc: 54.500 | Teacher Test F1: 0.647 | Student Test F1: 0.541 | Teacher Top 5 Accuracy: 0.897 | Student Top 5 Accuracy: 0.822 | Time: 2.594 | 
Running student landscape probe...
[LR policy] epoch=27 output=residual_log policy_pred=-0.264419 predicted_lr=0.095450 cosine_blend=0.750 lr_ema=0.000 cosine_after=0 next_student_lr=0.117118
[Train] Epoch: 28 | Teacher lr=0.1235 | Teacher Loss: 2.100 | Teacher Train Acc: 62.406 | Student lr=0.1171 | Student Train Acc: 57.566 | Time: 139.442 |
[Eval] Epoch: 28 | Teacher Test Loss: 1.353 | Teacher Test Acc: 66.790 | Student Test Loss: 1.712 | Student Test Acc: 56.980 | Teacher Test F1: 0.665 | Student Test F1: 0.565 | Teacher Top 5 Accuracy: 0.895 | Student Top 5 Accuracy: 0.835 | Time: 2.717 | 
Running student landscape probe...
[LR policy] epoch=28 output=residual_log policy_pred=-0.266289 predicted_lr=0.073860 cosine_blend=0.750 lr_ema=0.000 cosine_after=0 next_student_lr=0.090762
[Train] Epoch: 29 | Teacher lr=0.0955 | Teacher Loss: 2.031 | Teacher Train Acc: 64.182 | Student lr=0.0908 | Student Train Acc: 58.724 | Time: 136.157 |
[Eval] Epoch: 29 | Teacher Test Loss: 1.291 | Teacher Test Acc: 67.410 | Student Test Loss: 1.629 | Student Test Acc: 58.540 | Teacher Test F1: 0.673 | Student Test F1: 0.584 | Teacher Top 5 Accuracy: 0.903 | Student Top 5 Accuracy: 0.854 | Time: 2.671 | 
Running student landscape probe...
[LR policy] epoch=29 output=residual_log policy_pred=-0.266166 predicted_lr=0.054948 cosine_blend=0.750 lr_ema=0.000 cosine_after=0 next_student_lr=0.067516
[Train] Epoch: 30 | Teacher lr=0.0708 | Teacher Loss: 1.957 | Teacher Train Acc: 65.668 | Student lr=0.0675 | Student Train Acc: 59.838 | Time: 137.865 |
[Eval] Epoch: 30 | Teacher Test Loss: 1.272 | Teacher Test Acc: 68.050 | Student Test Loss: 1.640 | Student Test Acc: 58.350 | Teacher Test F1: 0.677 | Student Test F1: 0.584 | Teacher Top 5 Accuracy: 0.905 | Student Top 5 Accuracy: 0.849 | Time: 2.465 | 
Running student landscape probe...
[LR policy] epoch=30 output=residual_log policy_pred=-0.266526 predicted_lr=0.038659 cosine_blend=0.750 lr_ema=0.000 cosine_after=0 next_student_lr=0.047514
[Train] Epoch: 31 | Teacher lr=0.0495 | Teacher Loss: 1.879 | Teacher Train Acc: 67.582 | Student lr=0.0475 | Student Train Acc: 61.394 | Time: 137.598 |
[Eval] Epoch: 31 | Teacher Test Loss: 1.246 | Teacher Test Acc: 68.670 | Student Test Loss: 1.553 | Student Test Acc: 60.050 | Teacher Test F1: 0.687 | Student Test F1: 0.602 | Teacher Top 5 Accuracy: 0.907 | Student Top 5 Accuracy: 0.860 | Time: 2.465 | 
Running student landscape probe...
[LR policy] epoch=31 output=residual_log policy_pred=-0.264825 predicted_lr=0.025208 cosine_blend=0.750 lr_ema=0.000 cosine_after=0 next_student_lr=0.030940
[Train] Epoch: 32 | Teacher lr=0.0319 | Teacher Loss: 1.810 | Teacher Train Acc: 68.772 | Student lr=0.0309 | Student Train Acc: 62.794 | Time: 137.990 |
[Eval] Epoch: 32 | Teacher Test Loss: 1.234 | Teacher Test Acc: 69.140 | Student Test Loss: 1.520 | Student Test Acc: 60.690 | Teacher Test F1: 0.691 | Student Test F1: 0.609 | Teacher Top 5 Accuracy: 0.908 | Student Top 5 Accuracy: 0.864 | Time: 2.460 | 
Running student landscape probe...
[LR policy] epoch=32 output=residual_log policy_pred=-0.265184 predicted_lr=0.014575 cosine_blend=0.750 lr_ema=0.000 cosine_after=0 next_student_lr=0.017894
[Train] Epoch: 33 | Teacher lr=0.0180 | Teacher Loss: 1.747 | Teacher Train Acc: 70.116 | Student lr=0.0179 | Student Train Acc: 63.774 | Time: 138.195 |
[Eval] Epoch: 33 | Teacher Test Loss: 1.218 | Teacher Test Acc: 69.210 | Student Test Loss: 1.515 | Student Test Acc: 61.590 | Teacher Test F1: 0.692 | Student Test F1: 0.616 | Teacher Top 5 Accuracy: 0.910 | Student Top 5 Accuracy: 0.865 | Time: 2.460 | 
Running student landscape probe...
[LR policy] epoch=33 output=residual_log policy_pred=-0.262587 predicted_lr=0.006942 cosine_blend=0.750 lr_ema=0.000 cosine_after=0 next_student_lr=0.008506
[Train] Epoch: 34 | Teacher lr=0.0080 | Teacher Loss: 1.696 | Teacher Train Acc: 71.146 | Student lr=0.0085 | Student Train Acc: 64.942 | Time: 137.030 |
[Eval] Epoch: 34 | Teacher Test Loss: 1.212 | Teacher Test Acc: 69.340 | Student Test Loss: 1.456 | Student Test Acc: 62.930 | Teacher Test F1: 0.693 | Student Test F1: 0.628 | Teacher Top 5 Accuracy: 0.911 | Student Top 5 Accuracy: 0.871 | Time: 2.497 | 
Running student landscape probe...
[LR policy] epoch=34 output=residual_log policy_pred=-0.265476 predicted_lr=0.002309 cosine_blend=0.750 lr_ema=0.000 cosine_after=0 next_student_lr=0.002835
[Train] Epoch: 35 | Teacher lr=0.0020 | Teacher Loss: 1.667 | Teacher Train Acc: 71.900 | Student lr=0.0028 | Student Train Acc: 65.556 | Time: 136.751 |
[Eval] Epoch: 35 | Teacher Test Loss: 1.203 | Teacher Test Acc: 69.500 | Student Test Loss: 1.436 | Student Test Acc: 63.630 | Teacher Test F1: 0.694 | Student Test F1: 0.635 | Teacher Top 5 Accuracy: 0.913 | Student Top 5 Accuracy: 0.873 | Time: 2.422 | 
Running student landscape probe...
[LR policy] epoch=35 output=residual_log policy_pred=-0.265692 predicted_lr=0.001000 cosine_blend=0.750 lr_ema=0.000 cosine_after=0 next_student_lr=0.001000
ckpt location: ckpt/robust12h_industry/patchtst_compound_seed2_35ep.pt
