/home/jovyan/.mlspace/envs/egy_llm/lib/python3.11/site-packages/torchvision/datasets/cifar.py:83: VisibleDeprecationWarning: dtype(): align should be passed as Python or NumPy boolean but got `align=0`. Did you mean to pass a tuple to create a subarray type? (Deprecated NumPy 2.4)
  entry = pickle.load(f, encoding="latin1")
depth_list: [110, 20]
[LR policy] loaded checkpoint=checkpoints/policies_beatcos/patchtst_seed0/policy.pt,checkpoints/policies_beatcos/patchtst_seed2/policy.pt,checkpoints/policies_beatcos/patchtst_seed5/policy.pt,checkpoints/policies_beatcos/patchtst_seed7/policy.pt,checkpoints/policies_beatcos/patchtst_seed4/policy.pt model_type=patchtst input_dim=230 n_models=5
[NoisyClassificationDataset] num_classes=100 label_noise_rate=0.000 input_noise_std=0.1500 flipped=0/50000
Dataset information: cifar100	 50000 images for training 	 10000 images for testing	
teacher depth: 110
student depth: 20
Total number of teacher parameters: 1,169,972
Total number of student parameters: 278,132
Snapshots will be saved to: snapshots/robust12h_industry/patchtst_innoise015_seed3_35ep
==== train and evaluate unequal restart ====
[Eval] Epoch: 0 | Teacher Test Loss: 9743.739 | Teacher Test Acc: 1.130 | Student Test Loss: 5.207 | Student Test Acc: 1.000 | Teacher Test F1: 0.001 | Student Test F1: 0.000 | Teacher Top 5 Accuracy: 0.048 | Student Top 5 Accuracy: 0.047 | Time: 2.924 | 
Running student landscape probe...
[Train] Epoch: 1 | Teacher lr=1.0000 | Teacher Loss: 4.091 | Teacher Train Acc: 8.818 | Student lr=0.0100 | Student Train Acc: 6.606 | Time: 143.726 |
[Eval] Epoch: 1 | Teacher Test Loss: 3.751 | Teacher Test Acc: 11.890 | Student Test Loss: 4.034 | Student Test Acc: 8.620 | Teacher Test F1: 0.079 | Student Test F1: 0.055 | Teacher Top 5 Accuracy: 0.349 | Student Top 5 Accuracy: 0.266 | Time: 2.465 | 
Running student landscape probe...
[LR policy] epoch=1 output=residual_log policy_pred=-0.236363 predicted_lr=0.787906 cosine_blend=0.750 lr_ema=0.000 cosine_after=0 next_student_lr=0.997989
[Train] Epoch: 2 | Teacher lr=0.9980 | Teacher Loss: 3.502 | Teacher Train Acc: 19.210 | Student lr=0.9980 | Student Train Acc: 17.384 | Time: 141.542 |
[Eval] Epoch: 2 | Teacher Test Loss: 3.469 | Teacher Test Acc: 18.020 | Student Test Loss: 3.207 | Student Test Acc: 22.090 | Teacher Test F1: 0.154 | Student Test F1: 0.188 | Teacher Top 5 Accuracy: 0.460 | Student Top 5 Accuracy: 0.512 | Time: 2.500 | 
Running student landscape probe...
[LR policy] epoch=2 output=residual_log policy_pred=-0.213438 predicted_lr=0.801318 cosine_blend=0.750 lr_ema=0.000 cosine_after=0 next_student_lr=0.991973
[Train] Epoch: 3 | Teacher lr=0.9920 | Teacher Loss: 3.051 | Teacher Train Acc: 27.868 | Student lr=0.9920 | Student Train Acc: 35.336 | Time: 142.456 |
[Eval] Epoch: 3 | Teacher Test Loss: 3.472 | Teacher Test Acc: 21.250 | Student Test Loss: 2.990 | Student Test Acc: 27.110 | Teacher Test F1: 0.200 | Student Test F1: 0.258 | Teacher Top 5 Accuracy: 0.501 | Student Top 5 Accuracy: 0.572 | Time: 2.363 | 
Running student landscape probe...
[LR policy] epoch=3 output=residual_log policy_pred=-0.251015 predicted_lr=0.764006 cosine_blend=0.750 lr_ema=0.000 cosine_after=0 next_student_lr=0.981999
[Train] Epoch: 4 | Teacher lr=0.9820 | Teacher Loss: 2.780 | Teacher Train Acc: 34.176 | Student lr=0.9820 | Student Train Acc: 41.822 | Time: 143.666 |
[Eval] Epoch: 4 | Teacher Test Loss: 3.056 | Teacher Test Acc: 27.160 | Student Test Loss: 2.974 | Student Test Acc: 28.910 | Teacher Test F1: 0.251 | Student Test F1: 0.272 | Teacher Top 5 Accuracy: 0.569 | Student Top 5 Accuracy: 0.588 | Time: 2.353 | 
Running student landscape probe...
[LR policy] epoch=4 output=residual_log policy_pred=-0.219763 predicted_lr=0.777143 cosine_blend=0.750 lr_ema=0.000 cosine_after=0 next_student_lr=0.968149
[Train] Epoch: 5 | Teacher lr=0.9681 | Teacher Loss: 2.618 | Teacher Train Acc: 38.022 | Student lr=0.9681 | Student Train Acc: 45.328 | Time: 143.001 |
[Eval] Epoch: 5 | Teacher Test Loss: 3.079 | Teacher Test Acc: 27.750 | Student Test Loss: 2.403 | Student Test Acc: 37.910 | Teacher Test F1: 0.262 | Student Test F1: 0.360 | Teacher Top 5 Accuracy: 0.581 | Student Top 5 Accuracy: 0.690 | Time: 2.327 | 
Running student landscape probe...
[LR policy] epoch=5 output=residual_log policy_pred=-0.255119 predicted_lr=0.736497 cosine_blend=0.750 lr_ema=0.000 cosine_after=0 next_student_lr=0.950534
[Train] Epoch: 6 | Teacher lr=0.9505 | Teacher Loss: 2.447 | Teacher Train Acc: 41.814 | Student lr=0.9505 | Student Train Acc: 47.478 | Time: 143.053 |
[Eval] Epoch: 6 | Teacher Test Loss: 2.847 | Teacher Test Acc: 31.490 | Student Test Loss: 2.590 | Student Test Acc: 36.420 | Teacher Test F1: 0.306 | Student Test F1: 0.352 | Teacher Top 5 Accuracy: 0.639 | Student Top 5 Accuracy: 0.686 | Time: 2.319 | 
Running student landscape probe...
[LR policy] epoch=6 output=residual_log policy_pred=-0.221021 predicted_lr=0.745016 cosine_blend=0.750 lr_ema=0.000 cosine_after=0 next_student_lr=0.929295
[Train] Epoch: 7 | Teacher lr=0.9292 | Teacher Loss: 2.361 | Teacher Train Acc: 43.922 | Student lr=0.9293 | Student Train Acc: 49.110 | Time: 142.184 |
[Eval] Epoch: 7 | Teacher Test Loss: 2.824 | Teacher Test Acc: 32.570 | Student Test Loss: 2.315 | Student Test Acc: 39.840 | Teacher Test F1: 0.322 | Student Test F1: 0.386 | Teacher Top 5 Accuracy: 0.643 | Student Top 5 Accuracy: 0.720 | Time: 2.286 | 
Running student landscape probe...
[LR policy] epoch=7 output=residual_log policy_pred=-0.253450 predicted_lr=0.702080 cosine_blend=0.750 lr_ema=0.000 cosine_after=0 next_student_lr=0.904604
[Train] Epoch: 8 | Teacher lr=0.9045 | Teacher Loss: 2.240 | Teacher Train Acc: 46.336 | Student lr=0.9046 | Student Train Acc: 49.846 | Time: 141.093 |
[Eval] Epoch: 8 | Teacher Test Loss: 2.718 | Teacher Test Acc: 33.540 | Student Test Loss: 2.585 | Student Test Acc: 36.480 | Teacher Test F1: 0.329 | Student Test F1: 0.352 | Teacher Top 5 Accuracy: 0.660 | Student Top 5 Accuracy: 0.681 | Time: 2.378 | 
Running student landscape probe...
[LR policy] epoch=8 output=residual_log policy_pred=-0.226408 predicted_lr=0.699042 cosine_blend=0.750 lr_ema=0.000 cosine_after=0 next_student_lr=0.876659
[Train] Epoch: 9 | Teacher lr=0.8765 | Teacher Loss: 2.180 | Teacher Train Acc: 48.082 | Student lr=0.8767 | Student Train Acc: 50.964 | Time: 140.220 |
[Eval] Epoch: 9 | Teacher Test Loss: 2.809 | Teacher Test Acc: 33.420 | Student Test Loss: 2.603 | Student Test Acc: 36.030 | Teacher Test F1: 0.310 | Student Test F1: 0.349 | Teacher Top 5 Accuracy: 0.634 | Student Top 5 Accuracy: 0.666 | Time: 2.225 | 
Running student landscape probe...
[LR policy] epoch=9 output=residual_log policy_pred=-0.255438 predicted_lr=0.655049 cosine_blend=0.750 lr_ema=0.000 cosine_after=0 next_student_lr=0.845686
[Train] Epoch: 10 | Teacher lr=0.8455 | Teacher Loss: 2.116 | Teacher Train Acc: 49.850 | Student lr=0.8457 | Student Train Acc: 51.906 | Time: 142.543 |
[Eval] Epoch: 10 | Teacher Test Loss: 2.432 | Teacher Test Acc: 39.060 | Student Test Loss: 3.070 | Student Test Acc: 30.200 | Teacher Test F1: 0.371 | Student Test F1: 0.291 | Teacher Top 5 Accuracy: 0.710 | Student Top 5 Accuracy: 0.607 | Time: 2.354 | 
Running student landscape probe...
[LR policy] epoch=10 output=residual_log policy_pred=-0.259001 predicted_lr=0.626668 cosine_blend=0.750 lr_ema=0.000 cosine_after=0 next_student_lr=0.811933
[Train] Epoch: 11 | Teacher lr=0.8117 | Teacher Loss: 2.058 | Teacher Train Acc: 51.144 | Student lr=0.8119 | Student Train Acc: 52.316 | Time: 142.822 |
[Eval] Epoch: 11 | Teacher Test Loss: 2.333 | Teacher Test Acc: 40.690 | Student Test Loss: 2.483 | Student Test Acc: 38.160 | Teacher Test F1: 0.396 | Student Test F1: 0.370 | Teacher Top 5 Accuracy: 0.719 | Student Top 5 Accuracy: 0.692 | Time: 2.391 | 
Running student landscape probe...
[LR policy] epoch=11 output=residual_log policy_pred=-0.263345 predicted_lr=0.596087 cosine_blend=0.750 lr_ema=0.000 cosine_after=0 next_student_lr=0.730777
[Train] Epoch: 12 | Teacher lr=0.7754 | Teacher Loss: 2.001 | Teacher Train Acc: 52.530 | Student lr=0.7308 | Student Train Acc: 53.916 | Time: 142.829 |
[Eval] Epoch: 12 | Teacher Test Loss: 2.214 | Teacher Test Acc: 43.180 | Student Test Loss: 2.247 | Student Test Acc: 41.600 | Teacher Test F1: 0.425 | Student Test F1: 0.412 | Teacher Top 5 Accuracy: 0.742 | Student Top 5 Accuracy: 0.731 | Time: 2.392 | 
Running student landscape probe...
[LR policy] epoch=12 output=residual_log policy_pred=-0.263531 predicted_lr=0.566414 cosine_blend=0.750 lr_ema=0.000 cosine_after=0 next_student_lr=0.694501
[Train] Epoch: 13 | Teacher lr=0.7369 | Teacher Loss: 1.969 | Teacher Train Acc: 53.182 | Student lr=0.6945 | Student Train Acc: 54.246 | Time: 142.408 |
[Eval] Epoch: 13 | Teacher Test Loss: 2.708 | Teacher Test Acc: 35.360 | Student Test Loss: 2.424 | Student Test Acc: 38.810 | Teacher Test F1: 0.342 | Student Test F1: 0.392 | Teacher Top 5 Accuracy: 0.652 | Student Top 5 Accuracy: 0.707 | Time: 2.273 | 
Running student landscape probe...
[LR policy] epoch=13 output=residual_log policy_pred=-0.264439 predicted_lr=0.534901 cosine_blend=0.750 lr_ema=0.000 cosine_after=0 next_student_lr=0.656337
[Train] Epoch: 14 | Teacher lr=0.6965 | Teacher Loss: 1.925 | Teacher Train Acc: 54.576 | Student lr=0.6563 | Student Train Acc: 54.812 | Time: 142.468 |
[Eval] Epoch: 14 | Teacher Test Loss: 2.092 | Teacher Test Acc: 46.770 | Student Test Loss: 2.335 | Student Test Acc: 41.190 | Teacher Test F1: 0.463 | Student Test F1: 0.398 | Teacher Top 5 Accuracy: 0.763 | Student Top 5 Accuracy: 0.712 | Time: 2.488 | 
Running student landscape probe...
[LR policy] epoch=14 output=residual_log policy_pred=-0.261742 predicted_lr=0.504047 cosine_blend=0.750 lr_ema=0.000 cosine_after=0 next_student_lr=0.617152
[Train] Epoch: 15 | Teacher lr=0.6545 | Teacher Loss: 1.876 | Teacher Train Acc: 55.590 | Student lr=0.6172 | Student Train Acc: 55.618 | Time: 143.569 |
[Eval] Epoch: 15 | Teacher Test Loss: 2.165 | Teacher Test Acc: 45.000 | Student Test Loss: 2.650 | Student Test Acc: 36.390 | Teacher Test F1: 0.443 | Student Test F1: 0.348 | Teacher Top 5 Accuracy: 0.751 | Student Top 5 Accuracy: 0.674 | Time: 2.409 | 
Running student landscape probe...
[LR policy] epoch=15 output=residual_log policy_pred=-0.258763 predicted_lr=0.472197 cosine_blend=0.750 lr_ema=0.000 cosine_after=0 next_student_lr=0.576786
[Train] Epoch: 16 | Teacher lr=0.6113 | Teacher Loss: 1.831 | Teacher Train Acc: 56.690 | Student lr=0.5768 | Student Train Acc: 56.550 | Time: 140.201 |
[Eval] Epoch: 16 | Teacher Test Loss: 2.193 | Teacher Test Acc: 44.580 | Student Test Loss: 2.128 | Student Test Acc: 45.050 | Teacher Test F1: 0.437 | Student Test F1: 0.434 | Teacher Top 5 Accuracy: 0.743 | Student Top 5 Accuracy: 0.756 | Time: 2.494 | 
Running student landscape probe...
[LR policy] epoch=16 output=residual_log policy_pred=-0.264878 predicted_lr=0.435481 cosine_blend=0.750 lr_ema=0.000 cosine_after=0 next_student_lr=0.534532
[Train] Epoch: 17 | Teacher lr=0.5671 | Teacher Loss: 1.795 | Teacher Train Acc: 57.616 | Student lr=0.5345 | Student Train Acc: 57.202 | Time: 141.322 |
[Eval] Epoch: 17 | Teacher Test Loss: 2.160 | Teacher Test Acc: 45.440 | Student Test Loss: 2.086 | Student Test Acc: 46.260 | Teacher Test F1: 0.454 | Student Test F1: 0.460 | Teacher Top 5 Accuracy: 0.746 | Student Top 5 Accuracy: 0.767 | Time: 2.338 | 
Running student landscape probe...
[LR policy] epoch=17 output=residual_log policy_pred=-0.260119 predicted_lr=0.403143 cosine_blend=0.750 lr_ema=0.000 cosine_after=0 next_student_lr=0.492968
[Train] Epoch: 18 | Teacher lr=0.5224 | Teacher Loss: 1.742 | Teacher Train Acc: 59.020 | Student lr=0.4930 | Student Train Acc: 57.904 | Time: 140.107 |
[Eval] Epoch: 18 | Teacher Test Loss: 1.966 | Teacher Test Acc: 48.650 | Student Test Loss: 2.546 | Student Test Acc: 37.730 | Teacher Test F1: 0.483 | Student Test F1: 0.381 | Teacher Top 5 Accuracy: 0.786 | Student Top 5 Accuracy: 0.689 | Time: 2.355 | 
Running student landscape probe...
[LR policy] epoch=18 output=residual_log policy_pred=-0.261176 predicted_lr=0.368199 cosine_blend=0.750 lr_ema=0.000 cosine_after=0 next_student_lr=0.450617
[Train] Epoch: 19 | Teacher lr=0.4776 | Teacher Loss: 1.702 | Teacher Train Acc: 59.742 | Student lr=0.4506 | Student Train Acc: 58.598 | Time: 140.915 |
[Eval] Epoch: 19 | Teacher Test Loss: 2.090 | Teacher Test Acc: 46.440 | Student Test Loss: 2.291 | Student Test Acc: 41.980 | Teacher Test F1: 0.461 | Student Test F1: 0.411 | Teacher Top 5 Accuracy: 0.768 | Student Top 5 Accuracy: 0.726 | Time: 2.403 | 
Running student landscape probe...
[LR policy] epoch=19 output=residual_log policy_pred=-0.265535 predicted_lr=0.332368 cosine_blend=0.750 lr_ema=0.000 cosine_after=0 next_student_lr=0.408180
[Train] Epoch: 20 | Teacher lr=0.4329 | Teacher Loss: 1.653 | Teacher Train Acc: 61.016 | Student lr=0.4082 | Student Train Acc: 59.470 | Time: 141.663 |
[Eval] Epoch: 20 | Teacher Test Loss: 2.039 | Teacher Test Acc: 47.650 | Student Test Loss: 1.919 | Student Test Acc: 48.460 | Teacher Test F1: 0.471 | Student Test F1: 0.474 | Teacher Top 5 Accuracy: 0.772 | Student Top 5 Accuracy: 0.783 | Time: 2.353 | 
Running student landscape probe...
[LR policy] epoch=20 output=residual_log policy_pred=-0.264380 predicted_lr=0.298898 cosine_blend=0.750 lr_ema=0.000 cosine_after=0 next_student_lr=0.366737
[Train] Epoch: 21 | Teacher lr=0.3887 | Teacher Loss: 1.606 | Teacher Train Acc: 62.446 | Student lr=0.3667 | Student Train Acc: 60.386 | Time: 141.749 |
[Eval] Epoch: 21 | Teacher Test Loss: 1.939 | Teacher Test Acc: 49.290 | Student Test Loss: 1.907 | Student Test Acc: 49.510 | Teacher Test F1: 0.494 | Student Test F1: 0.493 | Teacher Top 5 Accuracy: 0.785 | Student Top 5 Accuracy: 0.789 | Time: 2.577 | 
Running student landscape probe...
[LR policy] epoch=21 output=residual_log policy_pred=-0.265212 predicted_lr=0.265509 cosine_blend=0.750 lr_ema=0.000 cosine_after=0 next_student_lr=0.325987
[Train] Epoch: 22 | Teacher lr=0.3455 | Teacher Loss: 1.556 | Teacher Train Acc: 63.598 | Student lr=0.3260 | Student Train Acc: 61.198 | Time: 142.614 |
[Eval] Epoch: 22 | Teacher Test Loss: 1.850 | Teacher Test Acc: 52.500 | Student Test Loss: 1.808 | Student Test Acc: 51.710 | Teacher Test F1: 0.517 | Student Test F1: 0.516 | Teacher Top 5 Accuracy: 0.799 | Student Top 5 Accuracy: 0.805 | Time: 2.544 | 
Running student landscape probe...
[LR policy] epoch=22 output=residual_log policy_pred=-0.260336 predicted_lr=0.234463 cosine_blend=0.750 lr_ema=0.000 cosine_after=0 next_student_lr=0.286754
[Train] Epoch: 23 | Teacher lr=0.3035 | Teacher Loss: 1.489 | Teacher Train Acc: 65.416 | Student lr=0.2868 | Student Train Acc: 62.242 | Time: 142.670 |
[Eval] Epoch: 23 | Teacher Test Loss: 1.853 | Teacher Test Acc: 51.400 | Student Test Loss: 1.922 | Student Test Acc: 49.830 | Teacher Test F1: 0.518 | Student Test F1: 0.502 | Teacher Top 5 Accuracy: 0.799 | Student Top 5 Accuracy: 0.782 | Time: 2.549 | 
Running student landscape probe...
[LR policy] epoch=23 output=residual_log policy_pred=-0.264390 predicted_lr=0.202514 cosine_blend=0.750 lr_ema=0.000 cosine_after=0 next_student_lr=0.248481
[Train] Epoch: 24 | Teacher lr=0.2631 | Teacher Loss: 1.446 | Teacher Train Acc: 66.462 | Student lr=0.2485 | Student Train Acc: 63.004 | Time: 139.845 |
[Eval] Epoch: 24 | Teacher Test Loss: 1.777 | Teacher Test Acc: 53.610 | Student Test Loss: 1.689 | Student Test Acc: 53.690 | Teacher Test F1: 0.534 | Student Test F1: 0.535 | Teacher Top 5 Accuracy: 0.811 | Student Top 5 Accuracy: 0.830 | Time: 2.559 | 
Running student landscape probe...
[LR policy] epoch=24 output=residual_log policy_pred=-0.262722 predicted_lr=0.173266 cosine_blend=0.750 lr_ema=0.000 cosine_after=0 next_student_lr=0.212312
[Train] Epoch: 25 | Teacher lr=0.2246 | Teacher Loss: 1.386 | Teacher Train Acc: 68.066 | Student lr=0.2123 | Student Train Acc: 64.306 | Time: 141.276 |
[Eval] Epoch: 25 | Teacher Test Loss: 1.735 | Teacher Test Acc: 54.780 | Student Test Loss: 1.805 | Student Test Acc: 52.410 | Teacher Test F1: 0.547 | Student Test F1: 0.521 | Teacher Top 5 Accuracy: 0.821 | Student Top 5 Accuracy: 0.806 | Time: 2.535 | 
Running student landscape probe...
[LR policy] epoch=25 output=residual_log policy_pred=-0.262883 predicted_lr=0.145361 cosine_blend=0.750 lr_ema=0.000 cosine_after=0 next_student_lr=0.178140
[Train] Epoch: 26 | Teacher lr=0.1883 | Teacher Loss: 1.330 | Teacher Train Acc: 69.700 | Student lr=0.1781 | Student Train Acc: 64.994 | Time: 142.259 |
[Eval] Epoch: 26 | Teacher Test Loss: 1.680 | Teacher Test Acc: 54.830 | Student Test Loss: 2.010 | Student Test Acc: 49.040 | Teacher Test F1: 0.549 | Student Test F1: 0.489 | Teacher Top 5 Accuracy: 0.830 | Student Top 5 Accuracy: 0.778 | Time: 2.563 | 
Running student landscape probe...
[LR policy] epoch=26 output=residual_log policy_pred=-0.265619 predicted_lr=0.119084 cosine_blend=0.750 lr_ema=0.000 cosine_after=0 next_student_lr=0.146257
[Train] Epoch: 27 | Teacher lr=0.1545 | Teacher Loss: 1.257 | Teacher Train Acc: 71.440 | Student lr=0.1463 | Student Train Acc: 66.720 | Time: 141.074 |
[Eval] Epoch: 27 | Teacher Test Loss: 1.693 | Teacher Test Acc: 55.180 | Student Test Loss: 1.875 | Student Test Acc: 52.010 | Teacher Test F1: 0.553 | Student Test F1: 0.516 | Teacher Top 5 Accuracy: 0.830 | Student Top 5 Accuracy: 0.800 | Time: 2.711 | 
Running student landscape probe...
[LR policy] epoch=27 output=residual_log policy_pred=-0.265767 predicted_lr=0.095322 cosine_blend=0.750 lr_ema=0.000 cosine_after=0 next_student_lr=0.117086
[Train] Epoch: 28 | Teacher lr=0.1235 | Teacher Loss: 1.206 | Teacher Train Acc: 72.752 | Student lr=0.1171 | Student Train Acc: 67.544 | Time: 142.605 |
[Eval] Epoch: 28 | Teacher Test Loss: 1.600 | Teacher Test Acc: 57.780 | Student Test Loss: 1.798 | Student Test Acc: 52.930 | Teacher Test F1: 0.572 | Student Test F1: 0.524 | Teacher Top 5 Accuracy: 0.841 | Student Top 5 Accuracy: 0.814 | Time: 2.721 | 
Running student landscape probe...
[LR policy] epoch=28 output=residual_log policy_pred=-0.263796 predicted_lr=0.074045 cosine_blend=0.750 lr_ema=0.000 cosine_after=0 next_student_lr=0.090808
[Train] Epoch: 29 | Teacher lr=0.0955 | Teacher Loss: 1.136 | Teacher Train Acc: 74.534 | Student lr=0.0908 | Student Train Acc: 69.182 | Time: 142.553 |
[Eval] Epoch: 29 | Teacher Test Loss: 1.657 | Teacher Test Acc: 57.030 | Student Test Loss: 1.929 | Student Test Acc: 51.240 | Teacher Test F1: 0.569 | Student Test F1: 0.511 | Teacher Top 5 Accuracy: 0.835 | Student Top 5 Accuracy: 0.796 | Time: 2.649 | 
Running student landscape probe...
[LR policy] epoch=29 output=residual_log policy_pred=-0.261584 predicted_lr=0.055201 cosine_blend=0.750 lr_ema=0.000 cosine_after=0 next_student_lr=0.067579
[Train] Epoch: 30 | Teacher lr=0.0708 | Teacher Loss: 1.073 | Teacher Train Acc: 76.394 | Student lr=0.0676 | Student Train Acc: 70.534 | Time: 139.661 |
[Eval] Epoch: 30 | Teacher Test Loss: 1.510 | Teacher Test Acc: 60.110 | Student Test Loss: 1.966 | Student Test Acc: 51.570 | Teacher Test F1: 0.598 | Student Test F1: 0.513 | Teacher Top 5 Accuracy: 0.855 | Student Top 5 Accuracy: 0.792 | Time: 2.696 | 
Running student landscape probe...
[LR policy] epoch=30 output=residual_log policy_pred=-0.263609 predicted_lr=0.038772 cosine_blend=0.750 lr_ema=0.000 cosine_after=0 next_student_lr=0.047542
[Train] Epoch: 31 | Teacher lr=0.0495 | Teacher Loss: 1.015 | Teacher Train Acc: 77.848 | Student lr=0.0475 | Student Train Acc: 71.782 | Time: 141.389 |
[Eval] Epoch: 31 | Teacher Test Loss: 1.451 | Teacher Test Acc: 61.670 | Student Test Loss: 1.722 | Student Test Acc: 56.210 | Teacher Test F1: 0.614 | Student Test F1: 0.562 | Teacher Top 5 Accuracy: 0.864 | Student Top 5 Accuracy: 0.828 | Time: 2.738 | 
Running student landscape probe...
[LR policy] epoch=31 output=residual_log policy_pred=-0.262524 predicted_lr=0.025266 cosine_blend=0.750 lr_ema=0.000 cosine_after=0 next_student_lr=0.030954
[Train] Epoch: 32 | Teacher lr=0.0319 | Teacher Loss: 0.956 | Teacher Train Acc: 79.270 | Student lr=0.0310 | Student Train Acc: 73.172 | Time: 141.419 |
[Eval] Epoch: 32 | Teacher Test Loss: 1.474 | Teacher Test Acc: 61.190 | Student Test Loss: 1.747 | Student Test Acc: 55.550 | Teacher Test F1: 0.610 | Student Test F1: 0.556 | Teacher Top 5 Accuracy: 0.860 | Student Top 5 Accuracy: 0.822 | Time: 2.496 | 
Running student landscape probe...
[LR policy] epoch=32 output=residual_log policy_pred=-0.263420 predicted_lr=0.014600 cosine_blend=0.750 lr_ema=0.000 cosine_after=0 next_student_lr=0.017901
[Train] Epoch: 33 | Teacher lr=0.0180 | Teacher Loss: 0.902 | Teacher Train Acc: 80.702 | Student lr=0.0179 | Student Train Acc: 74.364 | Time: 141.112 |
[Eval] Epoch: 33 | Teacher Test Loss: 1.430 | Teacher Test Acc: 62.310 | Student Test Loss: 1.738 | Student Test Acc: 56.110 | Teacher Test F1: 0.621 | Student Test F1: 0.559 | Teacher Top 5 Accuracy: 0.866 | Student Top 5 Accuracy: 0.829 | Time: 2.737 | 
Running student landscape probe...
[LR policy] epoch=33 output=residual_log policy_pred=-0.261733 predicted_lr=0.006948 cosine_blend=0.750 lr_ema=0.000 cosine_after=0 next_student_lr=0.008507
[Train] Epoch: 34 | Teacher lr=0.0080 | Teacher Loss: 0.866 | Teacher Train Acc: 81.396 | Student lr=0.0085 | Student Train Acc: 75.650 | Time: 141.765 |
[Eval] Epoch: 34 | Teacher Test Loss: 1.439 | Teacher Test Acc: 62.530 | Student Test Loss: 1.747 | Student Test Acc: 56.200 | Teacher Test F1: 0.623 | Student Test F1: 0.561 | Teacher Top 5 Accuracy: 0.865 | Student Top 5 Accuracy: 0.828 | Time: 2.779 | 
Running student landscape probe...
[LR policy] epoch=34 output=residual_log policy_pred=-0.264250 predicted_lr=0.002312 cosine_blend=0.750 lr_ema=0.000 cosine_after=0 next_student_lr=0.002836
[Train] Epoch: 35 | Teacher lr=0.0020 | Teacher Loss: 0.846 | Teacher Train Acc: 82.254 | Student lr=0.0028 | Student Train Acc: 76.280 | Time: 139.605 |
[Eval] Epoch: 35 | Teacher Test Loss: 1.440 | Teacher Test Acc: 62.410 | Student Test Loss: 1.709 | Student Test Acc: 56.940 | Teacher Test F1: 0.623 | Student Test F1: 0.569 | Teacher Top 5 Accuracy: 0.867 | Student Top 5 Accuracy: 0.835 | Time: 1.602 | 
Running student landscape probe...
[LR policy] epoch=35 output=residual_log policy_pred=-0.262044 predicted_lr=0.001000 cosine_blend=0.750 lr_ema=0.000 cosine_after=0 next_student_lr=0.001000
ckpt location: ckpt/robust12h_industry/patchtst_innoise015_seed3_35ep.pt
