/home/jovyan/.mlspace/envs/egy_llm/lib/python3.11/site-packages/torchvision/datasets/cifar.py:83: VisibleDeprecationWarning: dtype(): align should be passed as Python or NumPy boolean but got `align=0`. Did you mean to pass a tuple to create a subarray type? (Deprecated NumPy 2.4)
  entry = pickle.load(f, encoding="latin1")
depth_list: [110, 20]
[LR policy] loaded checkpoint=checkpoints/policies_beatcos/patchtst_seed0/policy.pt,checkpoints/policies_beatcos/patchtst_seed2/policy.pt,checkpoints/policies_beatcos/patchtst_seed5/policy.pt,checkpoints/policies_beatcos/patchtst_seed7/policy.pt,checkpoints/policies_beatcos/patchtst_seed4/policy.pt model_type=patchtst input_dim=230 n_models=5
[NoisyClassificationDataset] num_classes=100 label_noise_rate=0.000 input_noise_std=0.1500 flipped=0/50000
Dataset information: cifar100	 50000 images for training 	 10000 images for testing	
teacher depth: 110
student depth: 20
Total number of teacher parameters: 1,169,972
Total number of student parameters: 278,132
Snapshots will be saved to: snapshots/robust12h_industry/patchtst_innoise015_seed2_35ep
==== train and evaluate unequal restart ====
[Eval] Epoch: 0 | Teacher Test Loss: 11623.433 | Teacher Test Acc: 1.000 | Student Test Loss: 6.044 | Student Test Acc: 1.110 | Teacher Test F1: 0.000 | Student Test F1: 0.000 | Teacher Top 5 Accuracy: 0.049 | Student Top 5 Accuracy: 0.052 | Time: 3.030 | 
Running student landscape probe...
[Train] Epoch: 1 | Teacher lr=1.0000 | Teacher Loss: 4.051 | Teacher Train Acc: 9.188 | Student lr=0.0100 | Student Train Acc: 6.928 | Time: 138.976 |
[Eval] Epoch: 1 | Teacher Test Loss: 3.920 | Teacher Test Acc: 9.680 | Student Test Loss: 4.057 | Student Test Acc: 7.960 | Teacher Test F1: 0.064 | Student Test F1: 0.047 | Teacher Top 5 Accuracy: 0.311 | Student Top 5 Accuracy: 0.257 | Time: 2.103 | 
Running student landscape probe...
[LR policy] epoch=1 output=residual_log policy_pred=-0.249435 predicted_lr=0.777674 cosine_blend=0.750 lr_ema=0.000 cosine_after=0 next_student_lr=0.997989
[Train] Epoch: 2 | Teacher lr=0.9980 | Teacher Loss: 3.459 | Teacher Train Acc: 19.868 | Student lr=0.9980 | Student Train Acc: 18.104 | Time: 138.547 |
[Eval] Epoch: 2 | Teacher Test Loss: 3.388 | Teacher Test Acc: 20.020 | Student Test Loss: 3.593 | Student Test Acc: 19.090 | Teacher Test F1: 0.176 | Student Test F1: 0.152 | Teacher Top 5 Accuracy: 0.485 | Student Top 5 Accuracy: 0.442 | Time: 2.108 | 
Running student landscape probe...
[LR policy] epoch=2 output=residual_log policy_pred=-0.212336 predicted_lr=0.802202 cosine_blend=0.750 lr_ema=0.000 cosine_after=0 next_student_lr=0.991973
[Train] Epoch: 3 | Teacher lr=0.9920 | Teacher Loss: 3.027 | Teacher Train Acc: 28.290 | Student lr=0.9920 | Student Train Acc: 35.238 | Time: 138.356 |
[Eval] Epoch: 3 | Teacher Test Loss: 3.107 | Teacher Test Acc: 24.830 | Student Test Loss: 2.887 | Student Test Acc: 28.950 | Teacher Test F1: 0.223 | Student Test F1: 0.271 | Teacher Top 5 Accuracy: 0.559 | Student Top 5 Accuracy: 0.600 | Time: 2.032 | 
Running student landscape probe...
[LR policy] epoch=3 output=residual_log policy_pred=-0.254117 predicted_lr=0.761640 cosine_blend=0.750 lr_ema=0.000 cosine_after=0 next_student_lr=0.981999
[Train] Epoch: 4 | Teacher lr=0.9820 | Teacher Loss: 2.736 | Teacher Train Acc: 34.854 | Student lr=0.9820 | Student Train Acc: 41.832 | Time: 140.374 |
[Eval] Epoch: 4 | Teacher Test Loss: 3.295 | Teacher Test Acc: 24.430 | Student Test Loss: 2.739 | Student Test Acc: 32.660 | Teacher Test F1: 0.225 | Student Test F1: 0.310 | Teacher Top 5 Accuracy: 0.535 | Student Top 5 Accuracy: 0.627 | Time: 2.101 | 
Running student landscape probe...
[LR policy] epoch=4 output=residual_log policy_pred=-0.222952 predicted_lr=0.774668 cosine_blend=0.750 lr_ema=0.000 cosine_after=0 next_student_lr=0.968149
[Train] Epoch: 5 | Teacher lr=0.9681 | Teacher Loss: 2.556 | Teacher Train Acc: 39.058 | Student lr=0.9681 | Student Train Acc: 45.378 | Time: 139.592 |
[Eval] Epoch: 5 | Teacher Test Loss: 3.387 | Teacher Test Acc: 25.550 | Student Test Loss: 2.462 | Student Test Acc: 36.870 | Teacher Test F1: 0.233 | Student Test F1: 0.356 | Teacher Top 5 Accuracy: 0.534 | Student Top 5 Accuracy: 0.688 | Time: 2.189 | 
Running student landscape probe...
[LR policy] epoch=5 output=residual_log policy_pred=-0.256557 predicted_lr=0.735439 cosine_blend=0.750 lr_ema=0.000 cosine_after=0 next_student_lr=0.950534
[Train] Epoch: 6 | Teacher lr=0.9505 | Teacher Loss: 2.417 | Teacher Train Acc: 42.500 | Student lr=0.9505 | Student Train Acc: 47.488 | Time: 138.999 |
[Eval] Epoch: 6 | Teacher Test Loss: 2.736 | Teacher Test Acc: 33.120 | Student Test Loss: 2.642 | Student Test Acc: 35.950 | Teacher Test F1: 0.312 | Student Test F1: 0.340 | Teacher Top 5 Accuracy: 0.641 | Student Top 5 Accuracy: 0.670 | Time: 2.345 | 
Running student landscape probe...
[LR policy] epoch=6 output=residual_log policy_pred=-0.221900 predicted_lr=0.744361 cosine_blend=0.750 lr_ema=0.000 cosine_after=0 next_student_lr=0.929295
[Train] Epoch: 7 | Teacher lr=0.9292 | Teacher Loss: 2.312 | Teacher Train Acc: 44.870 | Student lr=0.9293 | Student Train Acc: 48.720 | Time: 135.581 |
[Eval] Epoch: 7 | Teacher Test Loss: 2.670 | Teacher Test Acc: 32.840 | Student Test Loss: 3.088 | Student Test Acc: 29.270 | Teacher Test F1: 0.317 | Student Test F1: 0.289 | Teacher Top 5 Accuracy: 0.645 | Student Top 5 Accuracy: 0.598 | Time: 2.124 | 
Running student landscape probe...
[LR policy] epoch=7 output=residual_log policy_pred=-0.258327 predicted_lr=0.698664 cosine_blend=0.750 lr_ema=0.000 cosine_after=0 next_student_lr=0.904604
[Train] Epoch: 8 | Teacher lr=0.9045 | Teacher Loss: 2.249 | Teacher Train Acc: 46.576 | Student lr=0.9046 | Student Train Acc: 50.132 | Time: 137.775 |
[Eval] Epoch: 8 | Teacher Test Loss: 2.445 | Teacher Test Acc: 36.750 | Student Test Loss: 3.201 | Student Test Acc: 27.990 | Teacher Test F1: 0.359 | Student Test F1: 0.279 | Teacher Top 5 Accuracy: 0.710 | Student Top 5 Accuracy: 0.603 | Time: 2.417 | 
Running student landscape probe...
[LR policy] epoch=8 output=residual_log policy_pred=-0.226132 predicted_lr=0.699234 cosine_blend=0.750 lr_ema=0.000 cosine_after=0 next_student_lr=0.876659
[Train] Epoch: 9 | Teacher lr=0.8765 | Teacher Loss: 2.161 | Teacher Train Acc: 48.550 | Student lr=0.8767 | Student Train Acc: 50.964 | Time: 138.953 |
[Eval] Epoch: 9 | Teacher Test Loss: 2.581 | Teacher Test Acc: 35.460 | Student Test Loss: 2.488 | Student Test Acc: 39.880 | Teacher Test F1: 0.347 | Student Test F1: 0.392 | Teacher Top 5 Accuracy: 0.675 | Student Top 5 Accuracy: 0.710 | Time: 2.381 | 
Running student landscape probe...
[LR policy] epoch=9 output=residual_log policy_pred=-0.259487 predicted_lr=0.652402 cosine_blend=0.750 lr_ema=0.000 cosine_after=0 next_student_lr=0.845686
[Train] Epoch: 10 | Teacher lr=0.8455 | Teacher Loss: 2.096 | Teacher Train Acc: 50.082 | Student lr=0.8457 | Student Train Acc: 51.538 | Time: 137.893 |
[Eval] Epoch: 10 | Teacher Test Loss: 2.783 | Teacher Test Acc: 32.830 | Student Test Loss: 3.643 | Student Test Acc: 26.530 | Teacher Test F1: 0.322 | Student Test F1: 0.263 | Teacher Top 5 Accuracy: 0.653 | Student Top 5 Accuracy: 0.540 | Time: 2.605 | 
Running student landscape probe...
[LR policy] epoch=10 output=residual_log policy_pred=-0.255326 predicted_lr=0.628975 cosine_blend=0.750 lr_ema=0.000 cosine_after=0 next_student_lr=0.811933
[Train] Epoch: 11 | Teacher lr=0.8117 | Teacher Loss: 2.058 | Teacher Train Acc: 51.192 | Student lr=0.8119 | Student Train Acc: 52.480 | Time: 137.732 |
[Eval] Epoch: 11 | Teacher Test Loss: 2.279 | Teacher Test Acc: 41.630 | Student Test Loss: 3.070 | Student Test Acc: 31.920 | Teacher Test F1: 0.405 | Student Test F1: 0.315 | Teacher Top 5 Accuracy: 0.723 | Student Top 5 Accuracy: 0.624 | Time: 2.800 | 
Running student landscape probe...
[LR policy] epoch=11 output=residual_log policy_pred=-0.261943 predicted_lr=0.596923 cosine_blend=0.750 lr_ema=0.000 cosine_after=0 next_student_lr=0.730986
[Train] Epoch: 12 | Teacher lr=0.7754 | Teacher Loss: 1.989 | Teacher Train Acc: 52.712 | Student lr=0.7310 | Student Train Acc: 53.416 | Time: 138.758 |
[Eval] Epoch: 12 | Teacher Test Loss: 2.193 | Teacher Test Acc: 43.670 | Student Test Loss: 3.022 | Student Test Acc: 31.140 | Teacher Test F1: 0.437 | Student Test F1: 0.308 | Teacher Top 5 Accuracy: 0.745 | Student Top 5 Accuracy: 0.627 | Time: 2.798 | 
Running student landscape probe...
[LR policy] epoch=12 output=residual_log policy_pred=-0.264902 predicted_lr=0.565638 cosine_blend=0.750 lr_ema=0.000 cosine_after=0 next_student_lr=0.694307
[Train] Epoch: 13 | Teacher lr=0.7369 | Teacher Loss: 1.951 | Teacher Train Acc: 53.798 | Student lr=0.6943 | Student Train Acc: 54.136 | Time: 138.013 |
[Eval] Epoch: 13 | Teacher Test Loss: 2.158 | Teacher Test Acc: 44.000 | Student Test Loss: 2.142 | Student Test Acc: 44.350 | Teacher Test F1: 0.429 | Student Test F1: 0.433 | Teacher Top 5 Accuracy: 0.752 | Student Top 5 Accuracy: 0.747 | Time: 2.808 | 
Running student landscape probe...
[LR policy] epoch=13 output=residual_log policy_pred=-0.265432 predicted_lr=0.534370 cosine_blend=0.750 lr_ema=0.000 cosine_after=0 next_student_lr=0.656205
[Train] Epoch: 14 | Teacher lr=0.6965 | Teacher Loss: 1.905 | Teacher Train Acc: 55.008 | Student lr=0.6562 | Student Train Acc: 54.584 | Time: 137.491 |
[Eval] Epoch: 14 | Teacher Test Loss: 2.351 | Teacher Test Acc: 40.630 | Student Test Loss: 2.312 | Student Test Acc: 41.030 | Teacher Test F1: 0.398 | Student Test F1: 0.408 | Teacher Top 5 Accuracy: 0.722 | Student Top 5 Accuracy: 0.730 | Time: 2.434 | 
Running student landscape probe...
[LR policy] epoch=14 output=residual_log policy_pred=-0.258550 predicted_lr=0.505659 cosine_blend=0.750 lr_ema=0.000 cosine_after=0 next_student_lr=0.617555
[Train] Epoch: 15 | Teacher lr=0.6545 | Teacher Loss: 1.869 | Teacher Train Acc: 55.662 | Student lr=0.6176 | Student Train Acc: 55.336 | Time: 138.295 |
[Eval] Epoch: 15 | Teacher Test Loss: 2.462 | Teacher Test Acc: 38.890 | Student Test Loss: 2.495 | Student Test Acc: 38.760 | Teacher Test F1: 0.387 | Student Test F1: 0.386 | Teacher Top 5 Accuracy: 0.702 | Student Top 5 Accuracy: 0.697 | Time: 2.556 | 
Running student landscape probe...
[LR policy] epoch=15 output=residual_log policy_pred=-0.263689 predicted_lr=0.469877 cosine_blend=0.750 lr_ema=0.000 cosine_after=0 next_student_lr=0.576206
[Train] Epoch: 16 | Teacher lr=0.6113 | Teacher Loss: 1.826 | Teacher Train Acc: 56.780 | Student lr=0.5762 | Student Train Acc: 56.022 | Time: 137.056 |
[Eval] Epoch: 16 | Teacher Test Loss: 2.154 | Teacher Test Acc: 44.170 | Student Test Loss: 2.547 | Student Test Acc: 38.110 | Teacher Test F1: 0.445 | Student Test F1: 0.383 | Teacher Top 5 Accuracy: 0.748 | Student Top 5 Accuracy: 0.688 | Time: 2.780 | 
Running student landscape probe...
[LR policy] epoch=16 output=residual_log policy_pred=-0.260137 predicted_lr=0.437550 cosine_blend=0.750 lr_ema=0.000 cosine_after=0 next_student_lr=0.535050
[Train] Epoch: 17 | Teacher lr=0.5671 | Teacher Loss: 1.779 | Teacher Train Acc: 58.290 | Student lr=0.5350 | Student Train Acc: 56.748 | Time: 137.842 |
[Eval] Epoch: 17 | Teacher Test Loss: 2.012 | Teacher Test Acc: 47.190 | Student Test Loss: 2.232 | Student Test Acc: 43.570 | Teacher Test F1: 0.459 | Student Test F1: 0.427 | Teacher Top 5 Accuracy: 0.770 | Student Top 5 Accuracy: 0.742 | Time: 2.667 | 
Running student landscape probe...
[LR policy] epoch=17 output=residual_log policy_pred=-0.264176 predicted_lr=0.401510 cosine_blend=0.750 lr_ema=0.000 cosine_after=0 next_student_lr=0.492560
[Train] Epoch: 18 | Teacher lr=0.5224 | Teacher Loss: 1.734 | Teacher Train Acc: 59.164 | Student lr=0.4926 | Student Train Acc: 57.238 | Time: 137.280 |
[Eval] Epoch: 18 | Teacher Test Loss: 2.055 | Teacher Test Acc: 46.680 | Student Test Loss: 3.097 | Student Test Acc: 33.570 | Teacher Test F1: 0.463 | Student Test F1: 0.345 | Teacher Top 5 Accuracy: 0.767 | Student Top 5 Accuracy: 0.646 | Time: 2.712 | 
Running student landscape probe...
[LR policy] epoch=18 output=residual_log policy_pred=-0.260486 predicted_lr=0.368453 cosine_blend=0.750 lr_ema=0.000 cosine_after=0 next_student_lr=0.450681
[Train] Epoch: 19 | Teacher lr=0.4776 | Teacher Loss: 1.693 | Teacher Train Acc: 60.080 | Student lr=0.4507 | Student Train Acc: 58.274 | Time: 137.964 |
[Eval] Epoch: 19 | Teacher Test Loss: 1.899 | Teacher Test Acc: 50.030 | Student Test Loss: 2.242 | Student Test Acc: 43.570 | Teacher Test F1: 0.496 | Student Test F1: 0.432 | Teacher Top 5 Accuracy: 0.791 | Student Top 5 Accuracy: 0.744 | Time: 2.569 | 
Running student landscape probe...
[LR policy] epoch=19 output=residual_log policy_pred=-0.261535 predicted_lr=0.333700 cosine_blend=0.750 lr_ema=0.000 cosine_after=0 next_student_lr=0.408513
[Train] Epoch: 20 | Teacher lr=0.4329 | Teacher Loss: 1.635 | Teacher Train Acc: 61.728 | Student lr=0.4085 | Student Train Acc: 59.202 | Time: 137.644 |
[Eval] Epoch: 20 | Teacher Test Loss: 2.066 | Teacher Test Acc: 46.730 | Student Test Loss: 2.175 | Student Test Acc: 44.840 | Teacher Test F1: 0.464 | Student Test F1: 0.448 | Teacher Top 5 Accuracy: 0.771 | Student Top 5 Accuracy: 0.757 | Time: 2.786 | 
Running student landscape probe...
[LR policy] epoch=20 output=residual_log policy_pred=-0.265316 predicted_lr=0.298618 cosine_blend=0.750 lr_ema=0.000 cosine_after=0 next_student_lr=0.366668
[Train] Epoch: 21 | Teacher lr=0.3887 | Teacher Loss: 1.603 | Teacher Train Acc: 62.638 | Student lr=0.3667 | Student Train Acc: 59.726 | Time: 137.920 |
[Eval] Epoch: 21 | Teacher Test Loss: 1.946 | Teacher Test Acc: 49.950 | Student Test Loss: 2.493 | Student Test Acc: 39.380 | Teacher Test F1: 0.494 | Student Test F1: 0.391 | Teacher Top 5 Accuracy: 0.790 | Student Top 5 Accuracy: 0.711 | Time: 2.599 | 
Running student landscape probe...
[LR policy] epoch=21 output=residual_log policy_pred=-0.261452 predicted_lr=0.266509 cosine_blend=0.750 lr_ema=0.000 cosine_after=0 next_student_lr=0.326237
[Train] Epoch: 22 | Teacher lr=0.3455 | Teacher Loss: 1.541 | Teacher Train Acc: 64.124 | Student lr=0.3262 | Student Train Acc: 60.480 | Time: 138.213 |
[Eval] Epoch: 22 | Teacher Test Loss: 1.659 | Teacher Test Acc: 54.680 | Student Test Loss: 2.263 | Student Test Acc: 43.710 | Teacher Test F1: 0.544 | Student Test F1: 0.435 | Teacher Top 5 Accuracy: 0.828 | Student Top 5 Accuracy: 0.739 | Time: 2.691 | 
Running student landscape probe...
[LR policy] epoch=22 output=residual_log policy_pred=-0.265996 predicted_lr=0.233140 cosine_blend=0.750 lr_ema=0.000 cosine_after=0 next_student_lr=0.286423
[Train] Epoch: 23 | Teacher lr=0.3035 | Teacher Loss: 1.488 | Teacher Train Acc: 65.364 | Student lr=0.2864 | Student Train Acc: 61.648 | Time: 137.718 |
[Eval] Epoch: 23 | Teacher Test Loss: 1.669 | Teacher Test Acc: 55.350 | Student Test Loss: 2.323 | Student Test Acc: 44.250 | Teacher Test F1: 0.548 | Student Test F1: 0.432 | Teacher Top 5 Accuracy: 0.829 | Student Top 5 Accuracy: 0.739 | Time: 2.543 | 
Running student landscape probe...
[LR policy] epoch=23 output=residual_log policy_pred=-0.262783 predicted_lr=0.202840 cosine_blend=0.750 lr_ema=0.000 cosine_after=0 next_student_lr=0.248562
[Train] Epoch: 24 | Teacher lr=0.2631 | Teacher Loss: 1.444 | Teacher Train Acc: 66.594 | Student lr=0.2486 | Student Train Acc: 62.500 | Time: 136.291 |
[Eval] Epoch: 24 | Teacher Test Loss: 1.686 | Teacher Test Acc: 55.470 | Student Test Loss: 1.900 | Student Test Acc: 50.840 | Teacher Test F1: 0.552 | Student Test F1: 0.507 | Teacher Top 5 Accuracy: 0.826 | Student Top 5 Accuracy: 0.801 | Time: 2.796 | 
Running student landscape probe...
[LR policy] epoch=24 output=residual_log policy_pred=-0.263276 predicted_lr=0.173170 cosine_blend=0.750 lr_ema=0.000 cosine_after=0 next_student_lr=0.212288
[Train] Epoch: 25 | Teacher lr=0.2246 | Teacher Loss: 1.389 | Teacher Train Acc: 68.002 | Student lr=0.2123 | Student Train Acc: 63.340 | Time: 135.882 |
[Eval] Epoch: 25 | Teacher Test Loss: 1.624 | Teacher Test Acc: 56.340 | Student Test Loss: 1.972 | Student Test Acc: 49.730 | Teacher Test F1: 0.560 | Student Test F1: 0.494 | Teacher Top 5 Accuracy: 0.830 | Student Top 5 Accuracy: 0.781 | Time: 2.760 | 
Running student landscape probe...
[LR policy] epoch=25 output=residual_log policy_pred=-0.263291 predicted_lr=0.145301 cosine_blend=0.750 lr_ema=0.000 cosine_after=0 next_student_lr=0.178125
[Train] Epoch: 26 | Teacher lr=0.1883 | Teacher Loss: 1.322 | Teacher Train Acc: 69.976 | Student lr=0.1781 | Student Train Acc: 64.710 | Time: 138.233 |
[Eval] Epoch: 26 | Teacher Test Loss: 1.627 | Teacher Test Acc: 56.770 | Student Test Loss: 2.067 | Student Test Acc: 48.280 | Teacher Test F1: 0.565 | Student Test F1: 0.478 | Teacher Top 5 Accuracy: 0.838 | Student Top 5 Accuracy: 0.772 | Time: 2.640 | 
Running student landscape probe...
[LR policy] epoch=26 output=residual_log policy_pred=-0.262745 predicted_lr=0.119427 cosine_blend=0.750 lr_ema=0.000 cosine_after=0 next_student_lr=0.146342
[Train] Epoch: 27 | Teacher lr=0.1545 | Teacher Loss: 1.263 | Teacher Train Acc: 71.470 | Student lr=0.1463 | Student Train Acc: 65.804 | Time: 136.404 |
[Eval] Epoch: 27 | Teacher Test Loss: 1.660 | Teacher Test Acc: 56.580 | Student Test Loss: 1.900 | Student Test Acc: 51.350 | Teacher Test F1: 0.564 | Student Test F1: 0.516 | Teacher Top 5 Accuracy: 0.834 | Student Top 5 Accuracy: 0.805 | Time: 2.622 | 
Running student landscape probe...
[LR policy] epoch=27 output=residual_log policy_pred=-0.263665 predicted_lr=0.095522 cosine_blend=0.750 lr_ema=0.000 cosine_after=0 next_student_lr=0.117136
[Train] Epoch: 28 | Teacher lr=0.1235 | Teacher Loss: 1.196 | Teacher Train Acc: 73.280 | Student lr=0.1171 | Student Train Acc: 67.246 | Time: 138.952 |
[Eval] Epoch: 28 | Teacher Test Loss: 1.547 | Teacher Test Acc: 58.590 | Student Test Loss: 1.888 | Student Test Acc: 52.130 | Teacher Test F1: 0.589 | Student Test F1: 0.517 | Teacher Top 5 Accuracy: 0.848 | Student Top 5 Accuracy: 0.799 | Time: 2.559 | 
Running student landscape probe...
[LR policy] epoch=28 output=residual_log policy_pred=-0.260709 predicted_lr=0.074274 cosine_blend=0.750 lr_ema=0.000 cosine_after=0 next_student_lr=0.090865
[Train] Epoch: 29 | Teacher lr=0.0955 | Teacher Loss: 1.135 | Teacher Train Acc: 74.622 | Student lr=0.0909 | Student Train Acc: 68.546 | Time: 135.848 |
[Eval] Epoch: 29 | Teacher Test Loss: 1.590 | Teacher Test Acc: 58.050 | Student Test Loss: 1.968 | Student Test Acc: 51.320 | Teacher Test F1: 0.580 | Student Test F1: 0.516 | Teacher Top 5 Accuracy: 0.842 | Student Top 5 Accuracy: 0.792 | Time: 2.751 | 
Running student landscape probe...
[LR policy] epoch=29 output=residual_log policy_pred=-0.262533 predicted_lr=0.055148 cosine_blend=0.750 lr_ema=0.000 cosine_after=0 next_student_lr=0.067566
[Train] Epoch: 30 | Teacher lr=0.0708 | Teacher Loss: 1.066 | Teacher Train Acc: 76.690 | Student lr=0.0676 | Student Train Acc: 70.344 | Time: 137.755 |
[Eval] Epoch: 30 | Teacher Test Loss: 1.491 | Teacher Test Acc: 60.260 | Student Test Loss: 1.772 | Student Test Acc: 54.760 | Teacher Test F1: 0.600 | Student Test F1: 0.546 | Teacher Top 5 Accuracy: 0.862 | Student Top 5 Accuracy: 0.821 | Time: 2.589 | 
Running student landscape probe...
[LR policy] epoch=30 output=residual_log policy_pred=-0.263339 predicted_lr=0.038782 cosine_blend=0.750 lr_ema=0.000 cosine_after=0 next_student_lr=0.047545
[Train] Epoch: 31 | Teacher lr=0.0495 | Teacher Loss: 1.013 | Teacher Train Acc: 78.098 | Student lr=0.0475 | Student Train Acc: 71.140 | Time: 137.561 |
[Eval] Epoch: 31 | Teacher Test Loss: 1.457 | Teacher Test Acc: 61.270 | Student Test Loss: 1.869 | Student Test Acc: 53.820 | Teacher Test F1: 0.615 | Student Test F1: 0.540 | Teacher Top 5 Accuracy: 0.865 | Student Top 5 Accuracy: 0.810 | Time: 2.648 | 
Running student landscape probe...
[LR policy] epoch=31 output=residual_log policy_pred=-0.262119 predicted_lr=0.025276 cosine_blend=0.750 lr_ema=0.000 cosine_after=0 next_student_lr=0.030957
[Train] Epoch: 32 | Teacher lr=0.0319 | Teacher Loss: 0.955 | Teacher Train Acc: 79.510 | Student lr=0.0310 | Student Train Acc: 72.796 | Time: 138.034 |
[Eval] Epoch: 32 | Teacher Test Loss: 1.473 | Teacher Test Acc: 61.110 | Student Test Loss: 1.884 | Student Test Acc: 54.380 | Teacher Test F1: 0.610 | Student Test F1: 0.544 | Teacher Top 5 Accuracy: 0.861 | Student Top 5 Accuracy: 0.812 | Time: 2.594 | 
Running student landscape probe...
[LR policy] epoch=32 output=residual_log policy_pred=-0.264082 predicted_lr=0.014591 cosine_blend=0.750 lr_ema=0.000 cosine_after=0 next_student_lr=0.017898
[Train] Epoch: 33 | Teacher lr=0.0180 | Teacher Loss: 0.908 | Teacher Train Acc: 80.868 | Student lr=0.0179 | Student Train Acc: 74.194 | Time: 137.613 |
[Eval] Epoch: 33 | Teacher Test Loss: 1.438 | Teacher Test Acc: 61.850 | Student Test Loss: 1.805 | Student Test Acc: 55.400 | Teacher Test F1: 0.619 | Student Test F1: 0.552 | Teacher Top 5 Accuracy: 0.866 | Student Top 5 Accuracy: 0.817 | Time: 2.557 | 
Running student landscape probe...
[LR policy] epoch=33 output=residual_log policy_pred=-0.262080 predicted_lr=0.006946 cosine_blend=0.750 lr_ema=0.000 cosine_after=0 next_student_lr=0.008507
[Train] Epoch: 34 | Teacher lr=0.0080 | Teacher Loss: 0.867 | Teacher Train Acc: 81.594 | Student lr=0.0085 | Student Train Acc: 75.404 | Time: 136.778 |
[Eval] Epoch: 34 | Teacher Test Loss: 1.423 | Teacher Test Acc: 62.380 | Student Test Loss: 1.729 | Student Test Acc: 56.890 | Teacher Test F1: 0.623 | Student Test F1: 0.568 | Teacher Top 5 Accuracy: 0.869 | Student Top 5 Accuracy: 0.831 | Time: 2.579 | 
Running student landscape probe...
[LR policy] epoch=34 output=residual_log policy_pred=-0.262755 predicted_lr=0.002315 cosine_blend=0.750 lr_ema=0.000 cosine_after=0 next_student_lr=0.002837
[Train] Epoch: 35 | Teacher lr=0.0020 | Teacher Loss: 0.849 | Teacher Train Acc: 82.158 | Student lr=0.0028 | Student Train Acc: 75.574 | Time: 130.919 |
[Eval] Epoch: 35 | Teacher Test Loss: 1.420 | Teacher Test Acc: 62.520 | Student Test Loss: 1.731 | Student Test Acc: 57.130 | Teacher Test F1: 0.624 | Student Test F1: 0.571 | Teacher Top 5 Accuracy: 0.869 | Student Top 5 Accuracy: 0.830 | Time: 0.950 | 
Running student landscape probe...
[LR policy] epoch=35 output=residual_log policy_pred=-0.262487 predicted_lr=0.001000 cosine_blend=0.750 lr_ema=0.000 cosine_after=0 next_student_lr=0.001000
ckpt location: ckpt/robust12h_industry/patchtst_innoise015_seed2_35ep.pt
