/home/jovyan/.mlspace/envs/egy_llm/lib/python3.11/site-packages/torchvision/datasets/cifar.py:83: VisibleDeprecationWarning: dtype(): align should be passed as Python or NumPy boolean but got `align=0`. Did you mean to pass a tuple to create a subarray type? (Deprecated NumPy 2.4)
  entry = pickle.load(f, encoding="latin1")
depth_list: [110, 20]
[LR policy] loaded checkpoint=checkpoints/policies_beatcos/patchtst_seed0/policy.pt,checkpoints/policies_beatcos/patchtst_seed2/policy.pt,checkpoints/policies_beatcos/patchtst_seed5/policy.pt,checkpoints/policies_beatcos/patchtst_seed7/policy.pt,checkpoints/policies_beatcos/patchtst_seed4/policy.pt model_type=patchtst input_dim=230 n_models=5
[NoisyClassificationDataset] num_classes=100 label_noise_rate=0.200 input_noise_std=0.0000 flipped=9890/50000
Dataset information: cifar100	 50000 images for training 	 10000 images for testing	
teacher depth: 110
student depth: 20
Total number of teacher parameters: 1,169,972
Total number of student parameters: 278,132
Snapshots will be saved to: snapshots/robust12h_industry/patchtst_lblnoise020_seed4_35ep
==== train and evaluate unequal restart ====
[Eval] Epoch: 0 | Teacher Test Loss: 8723.027 | Teacher Test Acc: 1.000 | Student Test Loss: 5.114 | Student Test Acc: 0.930 | Teacher Test F1: 0.000 | Student Test F1: 0.001 | Teacher Top 5 Accuracy: 0.050 | Student Top 5 Accuracy: 0.051 | Time: 2.514 | 
Running student landscape probe...
[Train] Epoch: 1 | Teacher lr=1.0000 | Teacher Loss: 4.322 | Teacher Train Acc: 6.214 | Student lr=0.0100 | Student Train Acc: 5.166 | Time: 136.261 |
[Eval] Epoch: 1 | Teacher Test Loss: 3.866 | Teacher Test Acc: 10.340 | Student Test Loss: 3.926 | Student Test Acc: 9.650 | Teacher Test F1: 0.066 | Student Test F1: 0.057 | Teacher Top 5 Accuracy: 0.317 | Student Top 5 Accuracy: 0.300 | Time: 2.721 | 
Running student landscape probe...
[LR policy] epoch=1 output=residual_log policy_pred=-0.198484 predicted_lr=0.818324 cosine_blend=0.750 lr_ema=0.000 cosine_after=0 next_student_lr=0.997989
[Train] Epoch: 2 | Teacher lr=0.9980 | Teacher Loss: 4.038 | Teacher Train Acc: 12.072 | Student lr=0.9980 | Student Train Acc: 13.502 | Time: 136.848 |
[Eval] Epoch: 2 | Teacher Test Loss: 3.546 | Teacher Test Acc: 15.960 | Student Test Loss: 3.330 | Student Test Acc: 19.120 | Teacher Test F1: 0.129 | Student Test F1: 0.159 | Teacher Top 5 Accuracy: 0.410 | Student Top 5 Accuracy: 0.476 | Time: 2.660 | 
Running student landscape probe...
[LR policy] epoch=2 output=residual_log policy_pred=-0.191552 predicted_lr=0.819049 cosine_blend=0.750 lr_ema=0.000 cosine_after=0 next_student_lr=0.991973
[Train] Epoch: 3 | Teacher lr=0.9920 | Teacher Loss: 3.738 | Teacher Train Acc: 20.110 | Student lr=0.9920 | Student Train Acc: 26.788 | Time: 138.089 |
[Eval] Epoch: 3 | Teacher Test Loss: 3.083 | Teacher Test Acc: 24.050 | Student Test Loss: 3.079 | Student Test Acc: 23.570 | Teacher Test F1: 0.210 | Student Test F1: 0.222 | Teacher Top 5 Accuracy: 0.534 | Student Top 5 Accuracy: 0.538 | Time: 2.531 | 
Running student landscape probe...
[LR policy] epoch=3 output=residual_log policy_pred=-0.244774 predicted_lr=0.768789 cosine_blend=0.750 lr_ema=0.000 cosine_after=0 next_student_lr=0.981999
[Train] Epoch: 4 | Teacher lr=0.9820 | Teacher Loss: 3.486 | Teacher Train Acc: 26.504 | Student lr=0.9820 | Student Train Acc: 33.172 | Time: 136.905 |
[Eval] Epoch: 4 | Teacher Test Loss: 2.688 | Teacher Test Acc: 31.740 | Student Test Loss: 2.988 | Student Test Acc: 26.710 | Teacher Test F1: 0.301 | Student Test F1: 0.249 | Teacher Top 5 Accuracy: 0.647 | Student Top 5 Accuracy: 0.567 | Time: 2.541 | 
Running student landscape probe...
[LR policy] epoch=4 output=residual_log policy_pred=-0.201478 predicted_lr=0.791483 cosine_blend=0.750 lr_ema=0.000 cosine_after=0 next_student_lr=0.968149
[Train] Epoch: 5 | Teacher lr=0.9681 | Teacher Loss: 3.337 | Teacher Train Acc: 30.258 | Student lr=0.9681 | Student Train Acc: 35.936 | Time: 138.832 |
[Eval] Epoch: 5 | Teacher Test Loss: 2.641 | Teacher Test Acc: 33.210 | Student Test Loss: 2.782 | Student Test Acc: 29.880 | Teacher Test F1: 0.314 | Student Test F1: 0.287 | Teacher Top 5 Accuracy: 0.657 | Student Top 5 Accuracy: 0.620 | Time: 2.504 | 
Running student landscape probe...
[LR policy] epoch=5 output=residual_log policy_pred=-0.253897 predicted_lr=0.737398 cosine_blend=0.750 lr_ema=0.000 cosine_after=0 next_student_lr=0.950534
[Train] Epoch: 6 | Teacher lr=0.9505 | Teacher Loss: 3.219 | Teacher Train Acc: 33.268 | Student lr=0.9505 | Student Train Acc: 38.146 | Time: 136.934 |
[Eval] Epoch: 6 | Teacher Test Loss: 2.592 | Teacher Test Acc: 33.050 | Student Test Loss: 2.799 | Student Test Acc: 31.430 | Teacher Test F1: 0.322 | Student Test F1: 0.295 | Teacher Top 5 Accuracy: 0.668 | Student Top 5 Accuracy: 0.617 | Time: 2.546 | 
Running student landscape probe...
[LR policy] epoch=6 output=residual_log policy_pred=-0.207572 predicted_lr=0.755103 cosine_blend=0.750 lr_ema=0.000 cosine_after=0 next_student_lr=0.929295
[Train] Epoch: 7 | Teacher lr=0.9292 | Teacher Loss: 3.147 | Teacher Train Acc: 35.686 | Student lr=0.9293 | Student Train Acc: 39.476 | Time: 138.816 |
[Eval] Epoch: 7 | Teacher Test Loss: 2.853 | Teacher Test Acc: 29.670 | Student Test Loss: 2.534 | Student Test Acc: 37.340 | Teacher Test F1: 0.280 | Student Test F1: 0.373 | Teacher Top 5 Accuracy: 0.606 | Student Top 5 Accuracy: 0.691 | Time: 2.444 | 
Running student landscape probe...
[LR policy] epoch=7 output=residual_log policy_pred=-0.252934 predicted_lr=0.702443 cosine_blend=0.750 lr_ema=0.000 cosine_after=0 next_student_lr=0.904604
[Train] Epoch: 8 | Teacher lr=0.9045 | Teacher Loss: 3.098 | Teacher Train Acc: 36.974 | Student lr=0.9046 | Student Train Acc: 40.648 | Time: 139.002 |
[Eval] Epoch: 8 | Teacher Test Loss: 2.363 | Teacher Test Acc: 39.270 | Student Test Loss: 2.705 | Student Test Acc: 31.540 | Teacher Test F1: 0.386 | Student Test F1: 0.314 | Teacher Top 5 Accuracy: 0.724 | Student Top 5 Accuracy: 0.647 | Time: 2.487 | 
Running student landscape probe...
[LR policy] epoch=8 output=residual_log policy_pred=-0.208700 predicted_lr=0.711530 cosine_blend=0.750 lr_ema=0.000 cosine_after=0 next_student_lr=0.876659
[Train] Epoch: 9 | Teacher lr=0.8765 | Teacher Loss: 3.040 | Teacher Train Acc: 38.602 | Student lr=0.8767 | Student Train Acc: 41.398 | Time: 138.544 |
[Eval] Epoch: 9 | Teacher Test Loss: 2.288 | Teacher Test Acc: 41.720 | Student Test Loss: 2.554 | Student Test Acc: 36.960 | Teacher Test F1: 0.401 | Student Test F1: 0.359 | Teacher Top 5 Accuracy: 0.742 | Student Top 5 Accuracy: 0.675 | Time: 2.535 | 
Running student landscape probe...
[LR policy] epoch=9 output=residual_log policy_pred=-0.255455 predicted_lr=0.655038 cosine_blend=0.750 lr_ema=0.000 cosine_after=0 next_student_lr=0.845686
[Train] Epoch: 10 | Teacher lr=0.8455 | Teacher Loss: 2.993 | Teacher Train Acc: 39.594 | Student lr=0.8457 | Student Train Acc: 42.272 | Time: 134.169 |
[Eval] Epoch: 10 | Teacher Test Loss: 2.129 | Teacher Test Acc: 44.660 | Student Test Loss: 2.371 | Student Test Acc: 39.640 | Teacher Test F1: 0.442 | Student Test F1: 0.391 | Teacher Top 5 Accuracy: 0.774 | Student Top 5 Accuracy: 0.718 | Time: 2.518 | 
Running student landscape probe...
[LR policy] epoch=10 output=residual_log policy_pred=-0.265895 predicted_lr=0.622363 cosine_blend=0.750 lr_ema=0.000 cosine_after=0 next_student_lr=0.811933
[Train] Epoch: 11 | Teacher lr=0.8117 | Teacher Loss: 2.941 | Teacher Train Acc: 41.148 | Student lr=0.8119 | Student Train Acc: 43.122 | Time: 136.573 |
[Eval] Epoch: 11 | Teacher Test Loss: 2.110 | Teacher Test Acc: 46.050 | Student Test Loss: 2.367 | Student Test Acc: 39.680 | Teacher Test F1: 0.444 | Student Test F1: 0.389 | Teacher Top 5 Accuracy: 0.766 | Student Top 5 Accuracy: 0.718 | Time: 2.545 | 
Running student landscape probe...
[LR policy] epoch=11 output=residual_log policy_pred=-0.257931 predicted_lr=0.599322 cosine_blend=0.750 lr_ema=0.000 cosine_after=0 next_student_lr=0.731585
[Train] Epoch: 12 | Teacher lr=0.7754 | Teacher Loss: 2.911 | Teacher Train Acc: 42.166 | Student lr=0.7316 | Student Train Acc: 44.294 | Time: 134.388 |
[Eval] Epoch: 12 | Teacher Test Loss: 2.118 | Teacher Test Acc: 45.400 | Student Test Loss: 2.443 | Student Test Acc: 39.250 | Teacher Test F1: 0.444 | Student Test F1: 0.374 | Teacher Top 5 Accuracy: 0.764 | Student Top 5 Accuracy: 0.704 | Time: 2.619 | 
Running student landscape probe...
[LR policy] epoch=12 output=residual_log policy_pred=-0.259054 predicted_lr=0.568955 cosine_blend=0.750 lr_ema=0.000 cosine_after=0 next_student_lr=0.695137
[Train] Epoch: 13 | Teacher lr=0.7369 | Teacher Loss: 2.859 | Teacher Train Acc: 43.390 | Student lr=0.6951 | Student Train Acc: 44.998 | Time: 136.765 |
[Eval] Epoch: 13 | Teacher Test Loss: 1.988 | Teacher Test Acc: 48.070 | Student Test Loss: 2.413 | Student Test Acc: 39.260 | Teacher Test F1: 0.468 | Student Test F1: 0.386 | Teacher Top 5 Accuracy: 0.791 | Student Top 5 Accuracy: 0.695 | Time: 2.518 | 
Running student landscape probe...
[LR policy] epoch=13 output=residual_log policy_pred=-0.263803 predicted_lr=0.535242 cosine_blend=0.750 lr_ema=0.000 cosine_after=0 next_student_lr=0.656422
[Train] Epoch: 14 | Teacher lr=0.6965 | Teacher Loss: 2.811 | Teacher Train Acc: 44.694 | Student lr=0.6564 | Student Train Acc: 45.608 | Time: 138.560 |
[Eval] Epoch: 14 | Teacher Test Loss: 1.930 | Teacher Test Acc: 50.830 | Student Test Loss: 2.287 | Student Test Acc: 41.370 | Teacher Test F1: 0.504 | Student Test F1: 0.409 | Teacher Top 5 Accuracy: 0.811 | Student Top 5 Accuracy: 0.741 | Time: 2.458 | 
Running student landscape probe...
[LR policy] epoch=14 output=residual_log policy_pred=-0.261526 predicted_lr=0.504156 cosine_blend=0.750 lr_ema=0.000 cosine_after=0 next_student_lr=0.617180
[Train] Epoch: 15 | Teacher lr=0.6545 | Teacher Loss: 2.764 | Teacher Train Acc: 45.998 | Student lr=0.6172 | Student Train Acc: 46.272 | Time: 138.307 |
[Eval] Epoch: 15 | Teacher Test Loss: 1.947 | Teacher Test Acc: 49.380 | Student Test Loss: 2.345 | Student Test Acc: 39.780 | Teacher Test F1: 0.499 | Student Test F1: 0.395 | Teacher Top 5 Accuracy: 0.805 | Student Top 5 Accuracy: 0.731 | Time: 2.518 | 
Running student landscape probe...
[LR policy] epoch=15 output=residual_log policy_pred=-0.260959 predicted_lr=0.471161 cosine_blend=0.750 lr_ema=0.000 cosine_after=0 next_student_lr=0.576527
[Train] Epoch: 16 | Teacher lr=0.6113 | Teacher Loss: 2.729 | Teacher Train Acc: 46.864 | Student lr=0.5765 | Student Train Acc: 46.872 | Time: 137.011 |
[Eval] Epoch: 16 | Teacher Test Loss: 1.904 | Teacher Test Acc: 50.910 | Student Test Loss: 2.154 | Student Test Acc: 45.780 | Teacher Test F1: 0.505 | Student Test F1: 0.454 | Teacher Top 5 Accuracy: 0.815 | Student Top 5 Accuracy: 0.769 | Time: 2.558 | 
Running student landscape probe...
[LR policy] epoch=16 output=residual_log policy_pred=-0.263891 predicted_lr=0.435910 cosine_blend=0.750 lr_ema=0.000 cosine_after=0 next_student_lr=0.534640
[Train] Epoch: 17 | Teacher lr=0.5671 | Teacher Loss: 2.691 | Teacher Train Acc: 47.928 | Student lr=0.5346 | Student Train Acc: 47.654 | Time: 137.825 |
[Eval] Epoch: 17 | Teacher Test Loss: 1.825 | Teacher Test Acc: 52.630 | Student Test Loss: 2.187 | Student Test Acc: 44.450 | Teacher Test F1: 0.527 | Student Test F1: 0.437 | Teacher Top 5 Accuracy: 0.829 | Student Top 5 Accuracy: 0.763 | Time: 2.493 | 
Running student landscape probe...
[LR policy] epoch=17 output=residual_log policy_pred=-0.263447 predicted_lr=0.401803 cosine_blend=0.750 lr_ema=0.000 cosine_after=0 next_student_lr=0.492633
[Train] Epoch: 18 | Teacher lr=0.5224 | Teacher Loss: 2.648 | Teacher Train Acc: 49.018 | Student lr=0.4926 | Student Train Acc: 48.588 | Time: 138.900 |
[Eval] Epoch: 18 | Teacher Test Loss: 1.779 | Teacher Test Acc: 53.190 | Student Test Loss: 2.170 | Student Test Acc: 45.260 | Teacher Test F1: 0.526 | Student Test F1: 0.458 | Teacher Top 5 Accuracy: 0.833 | Student Top 5 Accuracy: 0.762 | Time: 2.500 | 
Running student landscape probe...
[LR policy] epoch=18 output=residual_log policy_pred=-0.263589 predicted_lr=0.367311 cosine_blend=0.750 lr_ema=0.000 cosine_after=0 next_student_lr=0.450395
[Train] Epoch: 19 | Teacher lr=0.4776 | Teacher Loss: 2.606 | Teacher Train Acc: 50.224 | Student lr=0.4504 | Student Train Acc: 49.034 | Time: 137.803 |
[Eval] Epoch: 19 | Teacher Test Loss: 1.774 | Teacher Test Acc: 54.330 | Student Test Loss: 2.104 | Student Test Acc: 47.000 | Teacher Test F1: 0.542 | Student Test F1: 0.466 | Teacher Top 5 Accuracy: 0.833 | Student Top 5 Accuracy: 0.771 | Time: 2.561 | 
Running student landscape probe...
[LR policy] epoch=19 output=residual_log policy_pred=-0.264061 predicted_lr=0.332858 cosine_blend=0.750 lr_ema=0.000 cosine_after=0 next_student_lr=0.408302
[Train] Epoch: 20 | Teacher lr=0.4329 | Teacher Loss: 2.563 | Teacher Train Acc: 51.008 | Student lr=0.4083 | Student Train Acc: 50.024 | Time: 137.083 |
[Eval] Epoch: 20 | Teacher Test Loss: 1.750 | Teacher Test Acc: 55.250 | Student Test Loss: 2.119 | Student Test Acc: 46.010 | Teacher Test F1: 0.548 | Student Test F1: 0.456 | Teacher Top 5 Accuracy: 0.846 | Student Top 5 Accuracy: 0.764 | Time: 2.522 | 
Running student landscape probe...
[LR policy] epoch=20 output=residual_log policy_pred=-0.268628 predicted_lr=0.297630 cosine_blend=0.750 lr_ema=0.000 cosine_after=0 next_student_lr=0.366421
[Train] Epoch: 21 | Teacher lr=0.3887 | Teacher Loss: 2.517 | Teacher Train Acc: 52.306 | Student lr=0.3664 | Student Train Acc: 50.604 | Time: 137.194 |
[Eval] Epoch: 21 | Teacher Test Loss: 1.659 | Teacher Test Acc: 56.870 | Student Test Loss: 2.035 | Student Test Acc: 47.930 | Teacher Test F1: 0.566 | Student Test F1: 0.476 | Teacher Top 5 Accuracy: 0.847 | Student Top 5 Accuracy: 0.782 | Time: 2.487 | 
Running student landscape probe...
[LR policy] epoch=21 output=residual_log policy_pred=-0.264203 predicted_lr=0.265777 cosine_blend=0.750 lr_ema=0.000 cosine_after=0 next_student_lr=0.326054
[Train] Epoch: 22 | Teacher lr=0.3455 | Teacher Loss: 2.474 | Teacher Train Acc: 53.406 | Student lr=0.3261 | Student Train Acc: 51.472 | Time: 136.639 |
[Eval] Epoch: 22 | Teacher Test Loss: 1.722 | Teacher Test Acc: 56.550 | Student Test Loss: 2.122 | Student Test Acc: 46.740 | Teacher Test F1: 0.561 | Student Test F1: 0.468 | Teacher Top 5 Accuracy: 0.844 | Student Top 5 Accuracy: 0.768 | Time: 2.515 | 
Running student landscape probe...
[LR policy] epoch=22 output=residual_log policy_pred=-0.263824 predicted_lr=0.233646 cosine_blend=0.750 lr_ema=0.000 cosine_after=0 next_student_lr=0.286550
[Train] Epoch: 23 | Teacher lr=0.3035 | Teacher Loss: 2.418 | Teacher Train Acc: 54.698 | Student lr=0.2865 | Student Train Acc: 52.466 | Time: 138.420 |
[Eval] Epoch: 23 | Teacher Test Loss: 1.665 | Teacher Test Acc: 57.250 | Student Test Loss: 1.883 | Student Test Acc: 52.020 | Teacher Test F1: 0.562 | Student Test F1: 0.520 | Teacher Top 5 Accuracy: 0.852 | Student Top 5 Accuracy: 0.812 | Time: 2.733 | 
Running student landscape probe...
[LR policy] epoch=23 output=residual_log policy_pred=-0.264730 predicted_lr=0.202446 cosine_blend=0.750 lr_ema=0.000 cosine_after=0 next_student_lr=0.248463
[Train] Epoch: 24 | Teacher lr=0.2631 | Teacher Loss: 2.363 | Teacher Train Acc: 56.084 | Student lr=0.2485 | Student Train Acc: 53.328 | Time: 137.695 |
[Eval] Epoch: 24 | Teacher Test Loss: 1.516 | Teacher Test Acc: 60.920 | Student Test Loss: 1.792 | Student Test Acc: 54.880 | Teacher Test F1: 0.607 | Student Test F1: 0.543 | Teacher Top 5 Accuracy: 0.872 | Student Top 5 Accuracy: 0.824 | Time: 2.448 | 
Running student landscape probe...
[LR policy] epoch=24 output=residual_log policy_pred=-0.262755 predicted_lr=0.173261 cosine_blend=0.750 lr_ema=0.000 cosine_after=0 next_student_lr=0.212310
[Train] Epoch: 25 | Teacher lr=0.2246 | Teacher Loss: 2.310 | Teacher Train Acc: 57.522 | Student lr=0.2123 | Student Train Acc: 54.416 | Time: 139.378 |
[Eval] Epoch: 25 | Teacher Test Loss: 1.524 | Teacher Test Acc: 60.470 | Student Test Loss: 2.113 | Student Test Acc: 47.070 | Teacher Test F1: 0.603 | Student Test F1: 0.476 | Teacher Top 5 Accuracy: 0.872 | Student Top 5 Accuracy: 0.767 | Time: 2.507 | 
Running student landscape probe...
[LR policy] epoch=25 output=residual_log policy_pred=-0.262834 predicted_lr=0.145368 cosine_blend=0.750 lr_ema=0.000 cosine_after=0 next_student_lr=0.178142
[Train] Epoch: 26 | Teacher lr=0.1883 | Teacher Loss: 2.253 | Teacher Train Acc: 58.778 | Student lr=0.1781 | Student Train Acc: 55.132 | Time: 136.818 |
[Eval] Epoch: 26 | Teacher Test Loss: 1.403 | Teacher Test Acc: 64.120 | Student Test Loss: 1.856 | Student Test Acc: 52.790 | Teacher Test F1: 0.639 | Student Test F1: 0.529 | Teacher Top 5 Accuracy: 0.886 | Student Top 5 Accuracy: 0.818 | Time: 2.721 | 
Running student landscape probe...
[LR policy] epoch=26 output=residual_log policy_pred=-0.263358 predicted_lr=0.119354 cosine_blend=0.750 lr_ema=0.000 cosine_after=0 next_student_lr=0.146324
[Train] Epoch: 27 | Teacher lr=0.1545 | Teacher Loss: 2.183 | Teacher Train Acc: 60.368 | Student lr=0.1463 | Student Train Acc: 56.364 | Time: 138.918 |
[Eval] Epoch: 27 | Teacher Test Loss: 1.412 | Teacher Test Acc: 64.140 | Student Test Loss: 1.727 | Student Test Acc: 56.100 | Teacher Test F1: 0.640 | Student Test F1: 0.566 | Teacher Top 5 Accuracy: 0.885 | Student Top 5 Accuracy: 0.836 | Time: 2.645 | 
Running student landscape probe...
[LR policy] epoch=27 output=residual_log policy_pred=-0.264636 predicted_lr=0.095430 cosine_blend=0.750 lr_ema=0.000 cosine_after=0 next_student_lr=0.117113
[Train] Epoch: 28 | Teacher lr=0.1235 | Teacher Loss: 2.124 | Teacher Train Acc: 61.738 | Student lr=0.1171 | Student Train Acc: 57.440 | Time: 136.405 |
[Eval] Epoch: 28 | Teacher Test Loss: 1.332 | Teacher Test Acc: 66.450 | Student Test Loss: 1.783 | Student Test Acc: 54.650 | Teacher Test F1: 0.662 | Student Test F1: 0.547 | Teacher Top 5 Accuracy: 0.897 | Student Top 5 Accuracy: 0.831 | Time: 2.678 | 
Running student landscape probe...
[LR policy] epoch=28 output=residual_log policy_pred=-0.261781 predicted_lr=0.074194 cosine_blend=0.750 lr_ema=0.000 cosine_after=0 next_student_lr=0.090846
[Train] Epoch: 29 | Teacher lr=0.0955 | Teacher Loss: 2.053 | Teacher Train Acc: 63.680 | Student lr=0.0908 | Student Train Acc: 58.480 | Time: 136.006 |
[Eval] Epoch: 29 | Teacher Test Loss: 1.299 | Teacher Test Acc: 66.580 | Student Test Loss: 1.609 | Student Test Acc: 58.040 | Teacher Test F1: 0.665 | Student Test F1: 0.581 | Teacher Top 5 Accuracy: 0.898 | Student Top 5 Accuracy: 0.852 | Time: 2.642 | 
Running student landscape probe...
[LR policy] epoch=29 output=residual_log policy_pred=-0.265576 predicted_lr=0.054981 cosine_blend=0.750 lr_ema=0.000 cosine_after=0 next_student_lr=0.067524
[Train] Epoch: 30 | Teacher lr=0.0708 | Teacher Loss: 1.974 | Teacher Train Acc: 65.274 | Student lr=0.0675 | Student Train Acc: 59.998 | Time: 137.560 |
[Eval] Epoch: 30 | Teacher Test Loss: 1.317 | Teacher Test Acc: 66.780 | Student Test Loss: 1.575 | Student Test Acc: 59.660 | Teacher Test F1: 0.667 | Student Test F1: 0.595 | Teacher Top 5 Accuracy: 0.899 | Student Top 5 Accuracy: 0.857 | Time: 2.699 | 
Running student landscape probe...
[LR policy] epoch=30 output=residual_log policy_pred=-0.262936 predicted_lr=0.038798 cosine_blend=0.750 lr_ema=0.000 cosine_after=0 next_student_lr=0.047549
[Train] Epoch: 31 | Teacher lr=0.0495 | Teacher Loss: 1.901 | Teacher Train Acc: 66.962 | Student lr=0.0475 | Student Train Acc: 61.428 | Time: 136.920 |
[Eval] Epoch: 31 | Teacher Test Loss: 1.261 | Teacher Test Acc: 68.010 | Student Test Loss: 1.528 | Student Test Acc: 60.620 | Teacher Test F1: 0.680 | Student Test F1: 0.605 | Teacher Top 5 Accuracy: 0.906 | Student Top 5 Accuracy: 0.863 | Time: 2.619 | 
Running student landscape probe...
[LR policy] epoch=31 output=residual_log policy_pred=-0.265781 predicted_lr=0.025184 cosine_blend=0.750 lr_ema=0.000 cosine_after=0 next_student_lr=0.030934
[Train] Epoch: 32 | Teacher lr=0.0319 | Teacher Loss: 1.829 | Teacher Train Acc: 68.488 | Student lr=0.0309 | Student Train Acc: 62.560 | Time: 133.723 |
[Eval] Epoch: 32 | Teacher Test Loss: 1.264 | Teacher Test Acc: 68.110 | Student Test Loss: 1.515 | Student Test Acc: 61.340 | Teacher Test F1: 0.681 | Student Test F1: 0.614 | Teacher Top 5 Accuracy: 0.901 | Student Top 5 Accuracy: 0.862 | Time: 2.667 | 
Running student landscape probe...
[LR policy] epoch=32 output=residual_log policy_pred=-0.265007 predicted_lr=0.014577 cosine_blend=0.750 lr_ema=0.000 cosine_after=0 next_student_lr=0.017895
[Train] Epoch: 33 | Teacher lr=0.0180 | Teacher Loss: 1.764 | Teacher Train Acc: 69.906 | Student lr=0.0179 | Student Train Acc: 63.636 | Time: 135.026 |
[Eval] Epoch: 33 | Teacher Test Loss: 1.239 | Teacher Test Acc: 68.630 | Student Test Loss: 1.469 | Student Test Acc: 62.500 | Teacher Test F1: 0.685 | Student Test F1: 0.624 | Teacher Top 5 Accuracy: 0.904 | Student Top 5 Accuracy: 0.871 | Time: 2.688 | 
Running student landscape probe...
[LR policy] epoch=33 output=residual_log policy_pred=-0.267407 predicted_lr=0.006909 cosine_blend=0.750 lr_ema=0.000 cosine_after=0 next_student_lr=0.008498
[Train] Epoch: 34 | Teacher lr=0.0080 | Teacher Loss: 1.715 | Teacher Train Acc: 70.718 | Student lr=0.0085 | Student Train Acc: 64.728 | Time: 137.795 |
[Eval] Epoch: 34 | Teacher Test Loss: 1.233 | Teacher Test Acc: 68.760 | Student Test Loss: 1.451 | Student Test Acc: 62.940 | Teacher Test F1: 0.687 | Student Test F1: 0.630 | Teacher Top 5 Accuracy: 0.905 | Student Top 5 Accuracy: 0.873 | Time: 2.615 | 
Running student landscape probe...
[LR policy] epoch=34 output=residual_log policy_pred=-0.265141 predicted_lr=0.002310 cosine_blend=0.750 lr_ema=0.000 cosine_after=0 next_student_lr=0.002836
[Train] Epoch: 35 | Teacher lr=0.0020 | Teacher Loss: 1.685 | Teacher Train Acc: 71.344 | Student lr=0.0028 | Student Train Acc: 65.280 | Time: 134.391 |
[Eval] Epoch: 35 | Teacher Test Loss: 1.234 | Teacher Test Acc: 68.990 | Student Test Loss: 1.446 | Student Test Acc: 63.270 | Teacher Test F1: 0.689 | Student Test F1: 0.633 | Teacher Top 5 Accuracy: 0.906 | Student Top 5 Accuracy: 0.873 | Time: 2.665 | 
Running student landscape probe...
[LR policy] epoch=35 output=residual_log policy_pred=-0.266053 predicted_lr=0.001000 cosine_blend=0.750 lr_ema=0.000 cosine_after=0 next_student_lr=0.001000
ckpt location: ckpt/robust12h_industry/patchtst_lblnoise020_seed4_35ep.pt
