/home/jovyan/.mlspace/envs/egy_llm/lib/python3.11/site-packages/torchvision/datasets/cifar.py:83: VisibleDeprecationWarning: dtype(): align should be passed as Python or NumPy boolean but got `align=0`. Did you mean to pass a tuple to create a subarray type? (Deprecated NumPy 2.4)
  entry = pickle.load(f, encoding="latin1")
depth_list: [110, 20]
[LR policy] loaded checkpoint=checkpoints/policies_beatcos/patchtst_seed0/policy.pt,checkpoints/policies_beatcos/patchtst_seed2/policy.pt,checkpoints/policies_beatcos/patchtst_seed5/policy.pt,checkpoints/policies_beatcos/patchtst_seed7/policy.pt,checkpoints/policies_beatcos/patchtst_seed4/policy.pt model_type=patchtst input_dim=230 n_models=5
[NoisyClassificationDataset] num_classes=100 label_noise_rate=0.300 input_noise_std=0.0000 flipped=14993/50000
Dataset information: cifar100	 50000 images for training 	 10000 images for testing	
teacher depth: 110
student depth: 20
Total number of teacher parameters: 1,169,972
Total number of student parameters: 278,132
Snapshots will be saved to: snapshots/robust12h_industry/patchtst_lblnoise030_seed1_35ep
==== train and evaluate unequal restart ====
[Eval] Epoch: 0 | Teacher Test Loss: 12407.062 | Teacher Test Acc: 0.990 | Student Test Loss: 7.984 | Student Test Acc: 1.020 | Teacher Test F1: 0.000 | Student Test F1: 0.000 | Teacher Top 5 Accuracy: 0.050 | Student Top 5 Accuracy: 0.046 | Time: 2.566 | 
Running student landscape probe...
[Train] Epoch: 1 | Teacher lr=1.0000 | Teacher Loss: 4.416 | Teacher Train Acc: 5.182 | Student lr=0.0100 | Student Train Acc: 4.464 | Time: 136.811 |
[Eval] Epoch: 1 | Teacher Test Loss: 4.026 | Teacher Test Acc: 7.860 | Student Test Loss: 4.051 | Student Test Acc: 8.380 | Teacher Test F1: 0.046 | Student Test F1: 0.048 | Teacher Top 5 Accuracy: 0.266 | Student Top 5 Accuracy: 0.261 | Time: 2.732 | 
Running student landscape probe...
[LR policy] epoch=1 output=residual_log policy_pred=-0.250400 predicted_lr=0.776924 cosine_blend=0.750 lr_ema=0.000 cosine_after=0 next_student_lr=0.997989
[Train] Epoch: 2 | Teacher lr=0.9980 | Teacher Loss: 4.205 | Teacher Train Acc: 9.310 | Student lr=0.9980 | Student Train Acc: 10.646 | Time: 138.497 |
[Eval] Epoch: 2 | Teacher Test Loss: 3.617 | Teacher Test Acc: 13.490 | Student Test Loss: 3.809 | Student Test Acc: 12.030 | Teacher Test F1: 0.100 | Student Test F1: 0.084 | Teacher Top 5 Accuracy: 0.401 | Student Top 5 Accuracy: 0.345 | Time: 2.702 | 
Running student landscape probe...
[LR policy] epoch=2 output=residual_log policy_pred=-0.240154 predicted_lr=0.780193 cosine_blend=0.750 lr_ema=0.000 cosine_after=0 next_student_lr=0.991973
[Train] Epoch: 3 | Teacher lr=0.9920 | Teacher Loss: 4.021 | Teacher Train Acc: 14.880 | Student lr=0.9920 | Student Train Acc: 20.464 | Time: 135.200 |
[Eval] Epoch: 3 | Teacher Test Loss: 3.477 | Teacher Test Acc: 17.130 | Student Test Loss: 3.109 | Student Test Acc: 24.160 | Teacher Test F1: 0.144 | Student Test F1: 0.210 | Teacher Top 5 Accuracy: 0.451 | Student Top 5 Accuracy: 0.537 | Time: 2.491 | 
Running student landscape probe...
[LR policy] epoch=3 output=residual_log policy_pred=-0.273019 predicted_lr=0.747379 cosine_blend=0.750 lr_ema=0.000 cosine_after=0 next_student_lr=0.981999
[Train] Epoch: 4 | Teacher lr=0.9820 | Teacher Loss: 3.839 | Teacher Train Acc: 19.740 | Student lr=0.9820 | Student Train Acc: 25.822 | Time: 138.059 |
[Eval] Epoch: 4 | Teacher Test Loss: 3.082 | Teacher Test Acc: 23.460 | Student Test Loss: 3.655 | Student Test Acc: 15.260 | Teacher Test F1: 0.204 | Student Test F1: 0.131 | Teacher Top 5 Accuracy: 0.561 | Student Top 5 Accuracy: 0.413 | Time: 2.434 | 
Running student landscape probe...
[LR policy] epoch=4 output=residual_log policy_pred=-0.234659 predicted_lr=0.765652 cosine_blend=0.750 lr_ema=0.000 cosine_after=0 next_student_lr=0.968149
[Train] Epoch: 5 | Teacher lr=0.9681 | Teacher Loss: 3.701 | Teacher Train Acc: 23.428 | Student lr=0.9681 | Student Train Acc: 28.580 | Time: 138.448 |
[Eval] Epoch: 5 | Teacher Test Loss: 2.854 | Teacher Test Acc: 29.660 | Student Test Loss: 3.470 | Student Test Acc: 19.750 | Teacher Test F1: 0.268 | Student Test F1: 0.171 | Teacher Top 5 Accuracy: 0.614 | Student Top 5 Accuracy: 0.461 | Time: 2.454 | 
Running student landscape probe...
[LR policy] epoch=5 output=residual_log policy_pred=-0.272962 predicted_lr=0.723472 cosine_blend=0.750 lr_ema=0.000 cosine_after=0 next_student_lr=0.950534
[Train] Epoch: 6 | Teacher lr=0.9505 | Teacher Loss: 3.608 | Teacher Train Acc: 26.060 | Student lr=0.9505 | Student Train Acc: 30.260 | Time: 136.464 |
[Eval] Epoch: 6 | Teacher Test Loss: 2.686 | Teacher Test Acc: 32.140 | Student Test Loss: 3.183 | Student Test Acc: 26.570 | Teacher Test F1: 0.301 | Student Test F1: 0.268 | Teacher Top 5 Accuracy: 0.668 | Student Top 5 Accuracy: 0.559 | Time: 2.488 | 
Running student landscape probe...
[LR policy] epoch=6 output=residual_log policy_pred=-0.228871 predicted_lr=0.739190 cosine_blend=0.750 lr_ema=0.000 cosine_after=0 next_student_lr=0.929295
[Train] Epoch: 7 | Teacher lr=0.9292 | Teacher Loss: 3.542 | Teacher Train Acc: 27.940 | Student lr=0.9293 | Student Train Acc: 31.398 | Time: 137.195 |
[Eval] Epoch: 7 | Teacher Test Loss: 2.767 | Teacher Test Acc: 32.160 | Student Test Loss: 3.277 | Student Test Acc: 24.600 | Teacher Test F1: 0.304 | Student Test F1: 0.232 | Teacher Top 5 Accuracy: 0.648 | Student Top 5 Accuracy: 0.521 | Time: 2.450 | 
Running student landscape probe...
[LR policy] epoch=7 output=residual_log policy_pred=-0.263173 predicted_lr=0.695287 cosine_blend=0.750 lr_ema=0.000 cosine_after=0 next_student_lr=0.904604
[Train] Epoch: 8 | Teacher lr=0.9045 | Teacher Loss: 3.486 | Teacher Train Acc: 29.656 | Student lr=0.9046 | Student Train Acc: 32.718 | Time: 136.908 |
[Eval] Epoch: 8 | Teacher Test Loss: 2.835 | Teacher Test Acc: 31.060 | Student Test Loss: 2.942 | Student Test Acc: 28.200 | Teacher Test F1: 0.288 | Student Test F1: 0.252 | Teacher Top 5 Accuracy: 0.610 | Student Top 5 Accuracy: 0.588 | Time: 2.406 | 
Running student landscape probe...
[LR policy] epoch=8 output=residual_log policy_pred=-0.231992 predicted_lr=0.695149 cosine_blend=0.750 lr_ema=0.000 cosine_after=0 next_student_lr=0.876659
[Train] Epoch: 9 | Teacher lr=0.8765 | Teacher Loss: 3.442 | Teacher Train Acc: 30.886 | Student lr=0.8767 | Student Train Acc: 33.806 | Time: 138.988 |
[Eval] Epoch: 9 | Teacher Test Loss: 2.463 | Teacher Test Acc: 39.600 | Student Test Loss: 2.892 | Student Test Acc: 29.990 | Teacher Test F1: 0.383 | Student Test F1: 0.286 | Teacher Top 5 Accuracy: 0.715 | Student Top 5 Accuracy: 0.600 | Time: 2.484 | 
Running student landscape probe...
[LR policy] epoch=9 output=residual_log policy_pred=-0.268140 predicted_lr=0.646781 cosine_blend=0.750 lr_ema=0.000 cosine_after=0 next_student_lr=0.845686
[Train] Epoch: 10 | Teacher lr=0.8455 | Teacher Loss: 3.401 | Teacher Train Acc: 32.124 | Student lr=0.8457 | Student Train Acc: 34.180 | Time: 137.185 |
[Eval] Epoch: 10 | Teacher Test Loss: 2.538 | Teacher Test Acc: 36.670 | Student Test Loss: 2.971 | Student Test Acc: 28.260 | Teacher Test F1: 0.338 | Student Test F1: 0.266 | Teacher Top 5 Accuracy: 0.684 | Student Top 5 Accuracy: 0.589 | Time: 2.722 | 
Running student landscape probe...
[LR policy] epoch=10 output=residual_log policy_pred=-0.263085 predicted_lr=0.624114 cosine_blend=0.750 lr_ema=0.000 cosine_after=0 next_student_lr=0.811933
[Train] Epoch: 11 | Teacher lr=0.8117 | Teacher Loss: 3.358 | Teacher Train Acc: 33.480 | Student lr=0.8119 | Student Train Acc: 35.304 | Time: 136.753 |
[Eval] Epoch: 11 | Teacher Test Loss: 2.558 | Teacher Test Acc: 38.530 | Student Test Loss: 2.741 | Student Test Acc: 33.120 | Teacher Test F1: 0.377 | Student Test F1: 0.320 | Teacher Top 5 Accuracy: 0.709 | Student Top 5 Accuracy: 0.649 | Time: 2.447 | 
Running student landscape probe...
[LR policy] epoch=11 output=residual_log policy_pred=-0.258176 predicted_lr=0.599176 cosine_blend=0.750 lr_ema=0.000 cosine_after=0 next_student_lr=0.731549
[Train] Epoch: 12 | Teacher lr=0.7754 | Teacher Loss: 3.325 | Teacher Train Acc: 34.456 | Student lr=0.7315 | Student Train Acc: 36.354 | Time: 138.669 |
[Eval] Epoch: 12 | Teacher Test Loss: 2.445 | Teacher Test Acc: 40.390 | Student Test Loss: 2.872 | Student Test Acc: 30.480 | Teacher Test F1: 0.384 | Student Test F1: 0.302 | Teacher Top 5 Accuracy: 0.718 | Student Top 5 Accuracy: 0.613 | Time: 2.397 | 
Running student landscape probe...
[LR policy] epoch=12 output=residual_log policy_pred=-0.268352 predicted_lr=0.563690 cosine_blend=0.750 lr_ema=0.000 cosine_after=0 next_student_lr=0.693821
[Train] Epoch: 13 | Teacher lr=0.7369 | Teacher Loss: 3.290 | Teacher Train Acc: 35.318 | Student lr=0.6938 | Student Train Acc: 36.650 | Time: 136.851 |
[Eval] Epoch: 13 | Teacher Test Loss: 2.255 | Teacher Test Acc: 43.280 | Student Test Loss: 2.933 | Student Test Acc: 30.940 | Teacher Test F1: 0.424 | Student Test F1: 0.309 | Teacher Top 5 Accuracy: 0.756 | Student Top 5 Accuracy: 0.592 | Time: 2.469 | 
Running student landscape probe...
[LR policy] epoch=13 output=residual_log policy_pred=-0.262718 predicted_lr=0.535823 cosine_blend=0.750 lr_ema=0.000 cosine_after=0 next_student_lr=0.656568
[Train] Epoch: 14 | Teacher lr=0.6965 | Teacher Loss: 3.261 | Teacher Train Acc: 35.972 | Student lr=0.6566 | Student Train Acc: 37.512 | Time: 138.607 |
[Eval] Epoch: 14 | Teacher Test Loss: 2.148 | Teacher Test Acc: 47.390 | Student Test Loss: 2.689 | Student Test Acc: 34.880 | Teacher Test F1: 0.465 | Student Test F1: 0.340 | Teacher Top 5 Accuracy: 0.782 | Student Top 5 Accuracy: 0.659 | Time: 2.339 | 
Running student landscape probe...
[LR policy] epoch=14 output=residual_log policy_pred=-0.266069 predicted_lr=0.501871 cosine_blend=0.750 lr_ema=0.000 cosine_after=0 next_student_lr=0.616608
[Train] Epoch: 15 | Teacher lr=0.6545 | Teacher Loss: 3.219 | Teacher Train Acc: 37.222 | Student lr=0.6166 | Student Train Acc: 38.016 | Time: 138.962 |
[Eval] Epoch: 15 | Teacher Test Loss: 2.201 | Teacher Test Acc: 46.820 | Student Test Loss: 2.630 | Student Test Acc: 36.060 | Teacher Test F1: 0.457 | Student Test F1: 0.350 | Teacher Top 5 Accuracy: 0.773 | Student Top 5 Accuracy: 0.668 | Time: 2.495 | 
Running student landscape probe...
[LR policy] epoch=15 output=residual_log policy_pred=-0.259786 predicted_lr=0.471714 cosine_blend=0.750 lr_ema=0.000 cosine_after=0 next_student_lr=0.576665
[Train] Epoch: 16 | Teacher lr=0.6113 | Teacher Loss: 3.189 | Teacher Train Acc: 37.730 | Student lr=0.5767 | Student Train Acc: 38.756 | Time: 137.175 |
[Eval] Epoch: 16 | Teacher Test Loss: 2.148 | Teacher Test Acc: 47.850 | Student Test Loss: 2.624 | Student Test Acc: 35.790 | Teacher Test F1: 0.472 | Student Test F1: 0.363 | Teacher Top 5 Accuracy: 0.787 | Student Top 5 Accuracy: 0.668 | Time: 2.374 | 
Running student landscape probe...
[LR policy] epoch=16 output=residual_log policy_pred=-0.269400 predicted_lr=0.433516 cosine_blend=0.750 lr_ema=0.000 cosine_after=0 next_student_lr=0.534041
[Train] Epoch: 17 | Teacher lr=0.5671 | Teacher Loss: 3.155 | Teacher Train Acc: 38.720 | Student lr=0.5340 | Student Train Acc: 39.484 | Time: 137.547 |
[Eval] Epoch: 17 | Teacher Test Loss: 2.023 | Teacher Test Acc: 49.470 | Student Test Loss: 2.311 | Student Test Acc: 41.880 | Teacher Test F1: 0.486 | Student Test F1: 0.407 | Teacher Top 5 Accuracy: 0.803 | Student Top 5 Accuracy: 0.738 | Time: 2.447 | 
Running student landscape probe...
[LR policy] epoch=17 output=residual_log policy_pred=-0.262880 predicted_lr=0.402031 cosine_blend=0.750 lr_ema=0.000 cosine_after=0 next_student_lr=0.492690
[Train] Epoch: 18 | Teacher lr=0.5224 | Teacher Loss: 3.119 | Teacher Train Acc: 39.566 | Student lr=0.4927 | Student Train Acc: 40.282 | Time: 137.321 |
[Eval] Epoch: 18 | Teacher Test Loss: 2.091 | Teacher Test Acc: 48.910 | Student Test Loss: 2.352 | Student Test Acc: 41.930 | Teacher Test F1: 0.480 | Student Test F1: 0.412 | Teacher Top 5 Accuracy: 0.788 | Student Top 5 Accuracy: 0.722 | Time: 2.472 | 
Running student landscape probe...
[LR policy] epoch=18 output=residual_log policy_pred=-0.269227 predicted_lr=0.365246 cosine_blend=0.750 lr_ema=0.000 cosine_after=0 next_student_lr=0.449879
[Train] Epoch: 19 | Teacher lr=0.4776 | Teacher Loss: 3.074 | Teacher Train Acc: 40.730 | Student lr=0.4499 | Student Train Acc: 40.986 | Time: 137.347 |
[Eval] Epoch: 19 | Teacher Test Loss: 2.059 | Teacher Test Acc: 48.580 | Student Test Loss: 2.197 | Student Test Acc: 44.840 | Teacher Test F1: 0.481 | Student Test F1: 0.440 | Teacher Top 5 Accuracy: 0.795 | Student Top 5 Accuracy: 0.764 | Time: 2.723 | 
Running student landscape probe...
[LR policy] epoch=19 output=residual_log policy_pred=-0.262132 predicted_lr=0.333501 cosine_blend=0.750 lr_ema=0.000 cosine_after=0 next_student_lr=0.408463
[Train] Epoch: 20 | Teacher lr=0.4329 | Teacher Loss: 3.037 | Teacher Train Acc: 41.936 | Student lr=0.4085 | Student Train Acc: 41.482 | Time: 134.458 |
[Eval] Epoch: 20 | Teacher Test Loss: 1.967 | Teacher Test Acc: 53.170 | Student Test Loss: 2.155 | Student Test Acc: 46.670 | Teacher Test F1: 0.524 | Student Test F1: 0.456 | Teacher Top 5 Accuracy: 0.821 | Student Top 5 Accuracy: 0.780 | Time: 2.705 | 
Running student landscape probe...
[LR policy] epoch=20 output=residual_log policy_pred=-0.265188 predicted_lr=0.298656 cosine_blend=0.750 lr_ema=0.000 cosine_after=0 next_student_lr=0.366677
[Train] Epoch: 21 | Teacher lr=0.3887 | Teacher Loss: 2.999 | Teacher Train Acc: 42.854 | Student lr=0.3667 | Student Train Acc: 42.186 | Time: 137.143 |
[Eval] Epoch: 21 | Teacher Test Loss: 2.007 | Teacher Test Acc: 52.460 | Student Test Loss: 2.202 | Student Test Acc: 46.510 | Teacher Test F1: 0.519 | Student Test F1: 0.455 | Teacher Top 5 Accuracy: 0.820 | Student Top 5 Accuracy: 0.768 | Time: 2.602 | 
Running student landscape probe...
[LR policy] epoch=21 output=residual_log policy_pred=-0.263835 predicted_lr=0.265875 cosine_blend=0.750 lr_ema=0.000 cosine_after=0 next_student_lr=0.326078
[Train] Epoch: 22 | Teacher lr=0.3455 | Teacher Loss: 2.954 | Teacher Train Acc: 44.116 | Student lr=0.3261 | Student Train Acc: 42.814 | Time: 136.859 |
[Eval] Epoch: 22 | Teacher Test Loss: 1.844 | Teacher Test Acc: 55.510 | Student Test Loss: 2.216 | Student Test Acc: 46.070 | Teacher Test F1: 0.555 | Student Test F1: 0.447 | Teacher Top 5 Accuracy: 0.838 | Student Top 5 Accuracy: 0.756 | Time: 2.425 | 
Running student landscape probe...
[LR policy] epoch=22 output=residual_log policy_pred=-0.267981 predicted_lr=0.232677 cosine_blend=0.750 lr_ema=0.000 cosine_after=0 next_student_lr=0.286307
[Train] Epoch: 23 | Teacher lr=0.3035 | Teacher Loss: 2.907 | Teacher Train Acc: 44.940 | Student lr=0.2863 | Student Train Acc: 43.762 | Time: 137.540 |
[Eval] Epoch: 23 | Teacher Test Loss: 1.779 | Teacher Test Acc: 56.220 | Student Test Loss: 2.070 | Student Test Acc: 49.720 | Teacher Test F1: 0.558 | Student Test F1: 0.496 | Teacher Top 5 Accuracy: 0.840 | Student Top 5 Accuracy: 0.784 | Time: 2.439 | 
Running student landscape probe...
[LR policy] epoch=23 output=residual_log policy_pred=-0.259874 predicted_lr=0.203431 cosine_blend=0.750 lr_ema=0.000 cosine_after=0 next_student_lr=0.248710
[Train] Epoch: 24 | Teacher lr=0.2631 | Teacher Loss: 2.860 | Teacher Train Acc: 46.336 | Student lr=0.2487 | Student Train Acc: 44.964 | Time: 136.914 |
[Eval] Epoch: 24 | Teacher Test Loss: 1.787 | Teacher Test Acc: 56.570 | Student Test Loss: 2.222 | Student Test Acc: 45.610 | Teacher Test F1: 0.561 | Student Test F1: 0.452 | Teacher Top 5 Accuracy: 0.846 | Student Top 5 Accuracy: 0.761 | Time: 2.405 | 
Running student landscape probe...
[LR policy] epoch=24 output=residual_log policy_pred=-0.262894 predicted_lr=0.173237 cosine_blend=0.750 lr_ema=0.000 cosine_after=0 next_student_lr=0.212304
[Train] Epoch: 25 | Teacher lr=0.2246 | Teacher Loss: 2.807 | Teacher Train Acc: 47.552 | Student lr=0.2123 | Student Train Acc: 45.576 | Time: 138.509 |
[Eval] Epoch: 25 | Teacher Test Loss: 1.712 | Teacher Test Acc: 59.090 | Student Test Loss: 2.086 | Student Test Acc: 48.770 | Teacher Test F1: 0.589 | Student Test F1: 0.487 | Teacher Top 5 Accuracy: 0.862 | Student Top 5 Accuracy: 0.779 | Time: 2.420 | 
Running student landscape probe...
[LR policy] epoch=25 output=residual_log policy_pred=-0.262002 predicted_lr=0.145489 cosine_blend=0.750 lr_ema=0.000 cosine_after=0 next_student_lr=0.178172
[Train] Epoch: 26 | Teacher lr=0.1883 | Teacher Loss: 2.750 | Teacher Train Acc: 48.842 | Student lr=0.1782 | Student Train Acc: 46.392 | Time: 138.509 |
[Eval] Epoch: 26 | Teacher Test Loss: 1.648 | Teacher Test Acc: 59.550 | Student Test Loss: 1.918 | Student Test Acc: 52.100 | Teacher Test F1: 0.595 | Student Test F1: 0.520 | Teacher Top 5 Accuracy: 0.862 | Student Top 5 Accuracy: 0.806 | Time: 2.459 | 
Running student landscape probe...
[LR policy] epoch=26 output=residual_log policy_pred=-0.265055 predicted_lr=0.119151 cosine_blend=0.750 lr_ema=0.000 cosine_after=0 next_student_lr=0.146274
[Train] Epoch: 27 | Teacher lr=0.1545 | Teacher Loss: 2.690 | Teacher Train Acc: 50.098 | Student lr=0.1463 | Student Train Acc: 47.546 | Time: 137.129 |
[Eval] Epoch: 27 | Teacher Test Loss: 1.652 | Teacher Test Acc: 60.330 | Student Test Loss: 1.977 | Student Test Acc: 51.700 | Teacher Test F1: 0.605 | Student Test F1: 0.514 | Teacher Top 5 Accuracy: 0.864 | Student Top 5 Accuracy: 0.800 | Time: 2.623 | 
Running student landscape probe...
[LR policy] epoch=27 output=residual_log policy_pred=-0.262529 predicted_lr=0.095631 cosine_blend=0.750 lr_ema=0.000 cosine_after=0 next_student_lr=0.117163
[Train] Epoch: 28 | Teacher lr=0.1235 | Teacher Loss: 2.628 | Teacher Train Acc: 51.586 | Student lr=0.1172 | Student Train Acc: 48.706 | Time: 134.086 |
[Eval] Epoch: 28 | Teacher Test Loss: 1.550 | Teacher Test Acc: 62.060 | Student Test Loss: 1.935 | Student Test Acc: 52.690 | Teacher Test F1: 0.620 | Student Test F1: 0.527 | Teacher Top 5 Accuracy: 0.884 | Student Top 5 Accuracy: 0.808 | Time: 2.611 | 
Running student landscape probe...
[LR policy] epoch=28 output=residual_log policy_pred=-0.264776 predicted_lr=0.073972 cosine_blend=0.750 lr_ema=0.000 cosine_after=0 next_student_lr=0.090790
[Train] Epoch: 29 | Teacher lr=0.0955 | Teacher Loss: 2.563 | Teacher Train Acc: 53.142 | Student lr=0.0908 | Student Train Acc: 49.618 | Time: 138.413 |
[Eval] Epoch: 29 | Teacher Test Loss: 1.542 | Teacher Test Acc: 63.190 | Student Test Loss: 1.907 | Student Test Acc: 53.660 | Teacher Test F1: 0.631 | Student Test F1: 0.533 | Teacher Top 5 Accuracy: 0.880 | Student Top 5 Accuracy: 0.821 | Time: 2.691 | 
Running student landscape probe...
[LR policy] epoch=29 output=residual_log policy_pred=-0.263236 predicted_lr=0.055110 cosine_blend=0.750 lr_ema=0.000 cosine_after=0 next_student_lr=0.067556
[Train] Epoch: 30 | Teacher lr=0.0708 | Teacher Loss: 2.488 | Teacher Train Acc: 54.518 | Student lr=0.0676 | Student Train Acc: 50.840 | Time: 136.940 |
[Eval] Epoch: 30 | Teacher Test Loss: 1.518 | Teacher Test Acc: 63.470 | Student Test Loss: 1.837 | Student Test Acc: 55.960 | Teacher Test F1: 0.634 | Student Test F1: 0.559 | Teacher Top 5 Accuracy: 0.879 | Student Top 5 Accuracy: 0.832 | Time: 2.635 | 
Running student landscape probe...
[LR policy] epoch=30 output=residual_log policy_pred=-0.265340 predicted_lr=0.038705 cosine_blend=0.750 lr_ema=0.000 cosine_after=0 next_student_lr=0.047526
[Train] Epoch: 31 | Teacher lr=0.0495 | Teacher Loss: 2.416 | Teacher Train Acc: 56.114 | Student lr=0.0475 | Student Train Acc: 52.082 | Time: 137.576 |
[Eval] Epoch: 31 | Teacher Test Loss: 1.485 | Teacher Test Acc: 64.450 | Student Test Loss: 1.830 | Student Test Acc: 56.010 | Teacher Test F1: 0.643 | Student Test F1: 0.560 | Teacher Top 5 Accuracy: 0.888 | Student Top 5 Accuracy: 0.831 | Time: 2.570 | 
Running student landscape probe...
[LR policy] epoch=31 output=residual_log policy_pred=-0.264323 predicted_lr=0.025220 cosine_blend=0.750 lr_ema=0.000 cosine_after=0 next_student_lr=0.030943
[Train] Epoch: 32 | Teacher lr=0.0319 | Teacher Loss: 2.345 | Teacher Train Acc: 57.530 | Student lr=0.0309 | Student Train Acc: 53.266 | Time: 137.858 |
[Eval] Epoch: 32 | Teacher Test Loss: 1.477 | Teacher Test Acc: 64.970 | Student Test Loss: 1.761 | Student Test Acc: 58.010 | Teacher Test F1: 0.648 | Student Test F1: 0.578 | Teacher Top 5 Accuracy: 0.882 | Student Top 5 Accuracy: 0.842 | Time: 2.697 | 
Running student landscape probe...
[LR policy] epoch=32 output=residual_log policy_pred=-0.264708 predicted_lr=0.014582 cosine_blend=0.750 lr_ema=0.000 cosine_after=0 next_student_lr=0.017896
[Train] Epoch: 33 | Teacher lr=0.0180 | Teacher Loss: 2.276 | Teacher Train Acc: 58.946 | Student lr=0.0179 | Student Train Acc: 54.356 | Time: 137.778 |
[Eval] Epoch: 33 | Teacher Test Loss: 1.451 | Teacher Test Acc: 65.360 | Student Test Loss: 1.698 | Student Test Acc: 59.300 | Teacher Test F1: 0.652 | Student Test F1: 0.591 | Teacher Top 5 Accuracy: 0.889 | Student Top 5 Accuracy: 0.852 | Time: 2.547 | 
Running student landscape probe...
[LR policy] epoch=33 output=residual_log policy_pred=-0.265186 predicted_lr=0.006924 cosine_blend=0.750 lr_ema=0.000 cosine_after=0 next_student_lr=0.008501
[Train] Epoch: 34 | Teacher lr=0.0080 | Teacher Loss: 2.222 | Teacher Train Acc: 59.954 | Student lr=0.0085 | Student Train Acc: 55.304 | Time: 138.087 |
[Eval] Epoch: 34 | Teacher Test Loss: 1.443 | Teacher Test Acc: 65.320 | Student Test Loss: 1.662 | Student Test Acc: 59.710 | Teacher Test F1: 0.652 | Student Test F1: 0.596 | Teacher Top 5 Accuracy: 0.890 | Student Top 5 Accuracy: 0.854 | Time: 2.595 | 
Running student landscape probe...
[LR policy] epoch=34 output=residual_log policy_pred=-0.265659 predicted_lr=0.002308 cosine_blend=0.750 lr_ema=0.000 cosine_after=0 next_student_lr=0.002835
[Train] Epoch: 35 | Teacher lr=0.0020 | Teacher Loss: 2.189 | Teacher Train Acc: 60.712 | Student lr=0.0028 | Student Train Acc: 56.102 | Time: 138.561 |
[Eval] Epoch: 35 | Teacher Test Loss: 1.434 | Teacher Test Acc: 65.430 | Student Test Loss: 1.639 | Student Test Acc: 60.370 | Teacher Test F1: 0.653 | Student Test F1: 0.602 | Teacher Top 5 Accuracy: 0.889 | Student Top 5 Accuracy: 0.856 | Time: 2.613 | 
Running student landscape probe...
[LR policy] epoch=35 output=residual_log policy_pred=-0.264809 predicted_lr=0.001000 cosine_blend=0.750 lr_ema=0.000 cosine_after=0 next_student_lr=0.001000
ckpt location: ckpt/robust12h_industry/patchtst_lblnoise030_seed1_35ep.pt
