/home/jovyan/.mlspace/envs/egy_llm/lib/python3.11/site-packages/torchvision/datasets/cifar.py:83: VisibleDeprecationWarning: dtype(): align should be passed as Python or NumPy boolean but got `align=0`. Did you mean to pass a tuple to create a subarray type? (Deprecated NumPy 2.4)
  entry = pickle.load(f, encoding="latin1")
depth_list: [110, 20]
[LR policy] output=residual_log train_windows=1020 test_windows=170 test_mse=0.451300 test_mae=0.521712
[NoisyClassificationDataset] num_classes=100 label_noise_rate=0.300 input_noise_std=0.0000 flipped=14993/50000
Dataset information: cifar100	 50000 images for training 	 10000 images for testing	
teacher depth: 110
student depth: 20
Total number of teacher parameters: 1,169,972
Total number of student parameters: 278,132
Snapshots will be saved to: snapshots/robust12h_industry/residgru_lblnoise030_seed1_35ep
==== train and evaluate unequal restart ====
[Eval] Epoch: 0 | Teacher Test Loss: 12407.062 | Teacher Test Acc: 0.990 | Student Test Loss: 7.984 | Student Test Acc: 1.020 | Teacher Test F1: 0.000 | Student Test F1: 0.000 | Teacher Top 5 Accuracy: 0.050 | Student Top 5 Accuracy: 0.046 | Time: 2.858 | 
Running student landscape probe...
[Train] Epoch: 1 | Teacher lr=1.0000 | Teacher Loss: 4.413 | Teacher Train Acc: 5.294 | Student lr=0.0100 | Student Train Acc: 4.458 | Time: 138.203 |
[Eval] Epoch: 1 | Teacher Test Loss: 4.012 | Teacher Test Acc: 8.050 | Student Test Loss: 4.056 | Student Test Acc: 8.150 | Teacher Test F1: 0.047 | Student Test F1: 0.047 | Teacher Top 5 Accuracy: 0.269 | Student Top 5 Accuracy: 0.256 | Time: 2.584 | 
Running student landscape probe...
[LR policy] epoch=1 output=residual_log policy_pred=-0.058823 predicted_lr=0.940977 cosine_blend=0.000 lr_ema=0.000 cosine_after=0 next_student_lr=0.997989
[Train] Epoch: 2 | Teacher lr=0.9980 | Teacher Loss: 4.206 | Teacher Train Acc: 9.344 | Student lr=0.9980 | Student Train Acc: 10.188 | Time: 138.462 |
[Eval] Epoch: 2 | Teacher Test Loss: 3.657 | Teacher Test Acc: 14.080 | Student Test Loss: 3.701 | Student Test Acc: 14.440 | Teacher Test F1: 0.102 | Student Test F1: 0.116 | Teacher Top 5 Accuracy: 0.387 | Student Top 5 Accuracy: 0.394 | Time: 2.635 | 
Running student landscape probe...
[LR policy] epoch=2 output=residual_log policy_pred=-0.254347 predicted_lr=0.769198 cosine_blend=0.000 lr_ema=0.000 cosine_after=0 next_student_lr=0.991973
[Train] Epoch: 3 | Teacher lr=0.9920 | Teacher Loss: 4.020 | Teacher Train Acc: 14.898 | Student lr=0.9920 | Student Train Acc: 20.390 | Time: 134.830 |
[Eval] Epoch: 3 | Teacher Test Loss: 3.164 | Teacher Test Acc: 22.780 | Student Test Loss: 2.954 | Student Test Acc: 26.950 | Teacher Test F1: 0.198 | Student Test F1: 0.247 | Teacher Top 5 Accuracy: 0.523 | Student Top 5 Accuracy: 0.587 | Time: 2.755 | 
Running student landscape probe...
[LR policy] epoch=3 output=residual_log policy_pred=-0.525367 predicted_lr=0.580694 cosine_blend=0.000 lr_ema=0.000 cosine_after=0 next_student_lr=0.981999
[Train] Epoch: 4 | Teacher lr=0.9820 | Teacher Loss: 3.841 | Teacher Train Acc: 19.602 | Student lr=0.9820 | Student Train Acc: 25.156 | Time: 137.624 |
[Eval] Epoch: 4 | Teacher Test Loss: 3.257 | Teacher Test Acc: 20.490 | Student Test Loss: 2.976 | Student Test Acc: 26.990 | Teacher Test F1: 0.178 | Student Test F1: 0.249 | Teacher Top 5 Accuracy: 0.505 | Student Top 5 Accuracy: 0.578 | Time: 2.688 | 
Running student landscape probe...
[LR policy] epoch=4 output=residual_log policy_pred=-0.742901 predicted_lr=0.460579 cosine_blend=0.000 lr_ema=0.000 cosine_after=0 next_student_lr=0.968149
[Train] Epoch: 5 | Teacher lr=0.9681 | Teacher Loss: 3.724 | Teacher Train Acc: 23.000 | Student lr=0.9681 | Student Train Acc: 27.968 | Time: 138.247 |
[Eval] Epoch: 5 | Teacher Test Loss: 2.949 | Teacher Test Acc: 27.330 | Student Test Loss: 3.053 | Student Test Acc: 26.630 | Teacher Test F1: 0.244 | Student Test F1: 0.254 | Teacher Top 5 Accuracy: 0.587 | Student Top 5 Accuracy: 0.571 | Time: 2.918 | 
Running student landscape probe...
[LR policy] epoch=5 output=residual_log policy_pred=-0.918925 predicted_lr=0.379213 cosine_blend=0.000 lr_ema=0.000 cosine_after=0 next_student_lr=0.950534
[Train] Epoch: 6 | Teacher lr=0.9505 | Teacher Loss: 3.624 | Teacher Train Acc: 25.616 | Student lr=0.9505 | Student Train Acc: 29.856 | Time: 136.196 |
[Eval] Epoch: 6 | Teacher Test Loss: 2.858 | Teacher Test Acc: 29.220 | Student Test Loss: 2.664 | Student Test Acc: 34.160 | Teacher Test F1: 0.272 | Student Test F1: 0.322 | Teacher Top 5 Accuracy: 0.621 | Student Top 5 Accuracy: 0.660 | Time: 2.844 | 
Running student landscape probe...
[LR policy] epoch=6 output=residual_log policy_pred=-1.049420 predicted_lr=0.341869 cosine_blend=0.000 lr_ema=0.000 cosine_after=0 next_student_lr=0.341869
[Train] Epoch: 7 | Teacher lr=0.9292 | Teacher Loss: 3.544 | Teacher Train Acc: 27.762 | Student lr=0.3419 | Student Train Acc: 35.378 | Time: 137.197 |
[Eval] Epoch: 7 | Teacher Test Loss: 2.763 | Teacher Test Acc: 31.520 | Student Test Loss: 2.314 | Student Test Acc: 42.760 | Teacher Test F1: 0.293 | Student Test F1: 0.415 | Teacher Top 5 Accuracy: 0.646 | Student Top 5 Accuracy: 0.747 | Time: 2.792 | 
Running student landscape probe...
[LR policy] epoch=7 output=residual_log policy_pred=-1.139830 predicted_lr=0.332785 cosine_blend=0.000 lr_ema=0.000 cosine_after=0 next_student_lr=0.332785
[Train] Epoch: 8 | Teacher lr=0.9045 | Teacher Loss: 3.486 | Teacher Train Acc: 29.610 | Student lr=0.3328 | Student Train Acc: 36.698 | Time: 136.717 |
[Eval] Epoch: 8 | Teacher Test Loss: 3.170 | Teacher Test Acc: 25.800 | Student Test Loss: 2.337 | Student Test Acc: 40.960 | Teacher Test F1: 0.234 | Student Test F1: 0.402 | Teacher Top 5 Accuracy: 0.541 | Student Top 5 Accuracy: 0.724 | Time: 2.842 | 
Running student landscape probe...
[LR policy] epoch=8 output=residual_log policy_pred=-1.210779 predicted_lr=0.322505 cosine_blend=0.000 lr_ema=0.000 cosine_after=0 next_student_lr=0.322505
[Train] Epoch: 9 | Teacher lr=0.8765 | Teacher Loss: 3.444 | Teacher Train Acc: 30.824 | Student lr=0.3225 | Student Train Acc: 37.524 | Time: 138.858 |
[Eval] Epoch: 9 | Teacher Test Loss: 2.622 | Teacher Test Acc: 36.550 | Student Test Loss: 2.314 | Student Test Acc: 41.920 | Teacher Test F1: 0.351 | Student Test F1: 0.412 | Teacher Top 5 Accuracy: 0.684 | Student Top 5 Accuracy: 0.729 | Time: 2.956 | 
Running student landscape probe...
[LR policy] epoch=9 output=residual_log policy_pred=-1.237177 predicted_lr=0.311110 cosine_blend=0.000 lr_ema=0.000 cosine_after=0 next_student_lr=0.311110
[Train] Epoch: 10 | Teacher lr=0.8455 | Teacher Loss: 3.398 | Teacher Train Acc: 32.128 | Student lr=0.3111 | Student Train Acc: 38.386 | Time: 137.720 |
[Eval] Epoch: 10 | Teacher Test Loss: 2.610 | Teacher Test Acc: 34.950 | Student Test Loss: 2.242 | Student Test Acc: 45.140 | Teacher Test F1: 0.327 | Student Test F1: 0.440 | Teacher Top 5 Accuracy: 0.682 | Student Top 5 Accuracy: 0.759 | Time: 2.850 | 
Running student landscape probe...
[LR policy] epoch=10 output=residual_log policy_pred=-1.269849 predicted_lr=0.298694 cosine_blend=0.000 lr_ema=0.000 cosine_after=0 next_student_lr=0.298694
[Train] Epoch: 11 | Teacher lr=0.8117 | Teacher Loss: 3.353 | Teacher Train Acc: 33.406 | Student lr=0.2987 | Student Train Acc: 39.134 | Time: 137.595 |
[Eval] Epoch: 11 | Teacher Test Loss: 2.583 | Teacher Test Acc: 38.660 | Student Test Loss: 2.563 | Student Test Acc: 38.370 | Teacher Test F1: 0.370 | Student Test F1: 0.375 | Teacher Top 5 Accuracy: 0.699 | Student Top 5 Accuracy: 0.682 | Time: 2.785 | 
Running student landscape probe...
[LR policy] epoch=11 output=residual_log policy_pred=-1.299613 predicted_lr=0.285354 cosine_blend=0.000 lr_ema=0.000 cosine_after=0 next_student_lr=0.285354
[Train] Epoch: 12 | Teacher lr=0.7754 | Teacher Loss: 3.324 | Teacher Train Acc: 34.350 | Student lr=0.2854 | Student Train Acc: 39.986 | Time: 137.726 |
[Eval] Epoch: 12 | Teacher Test Loss: 2.268 | Teacher Test Acc: 43.380 | Student Test Loss: 2.437 | Student Test Acc: 40.180 | Teacher Test F1: 0.414 | Student Test F1: 0.400 | Teacher Top 5 Accuracy: 0.753 | Student Top 5 Accuracy: 0.709 | Time: 2.612 | 
Running student landscape probe...
[LR policy] epoch=12 output=residual_log policy_pred=-1.347068 predicted_lr=0.271200 cosine_blend=0.000 lr_ema=0.000 cosine_after=0 next_student_lr=0.271200
[Train] Epoch: 13 | Teacher lr=0.7369 | Teacher Loss: 3.285 | Teacher Train Acc: 35.464 | Student lr=0.2712 | Student Train Acc: 40.760 | Time: 136.860 |
[Eval] Epoch: 13 | Teacher Test Loss: 2.343 | Teacher Test Acc: 41.580 | Student Test Loss: 2.209 | Student Test Acc: 44.520 | Teacher Test F1: 0.417 | Student Test F1: 0.435 | Teacher Top 5 Accuracy: 0.741 | Student Top 5 Accuracy: 0.753 | Time: 2.812 | 
Running student landscape probe...
[LR policy] epoch=13 output=residual_log policy_pred=-1.357729 predicted_lr=0.256344 cosine_blend=0.000 lr_ema=0.000 cosine_after=0 next_student_lr=0.256344
[Train] Epoch: 14 | Teacher lr=0.6965 | Teacher Loss: 3.251 | Teacher Train Acc: 36.128 | Student lr=0.2563 | Student Train Acc: 41.016 | Time: 138.834 |
[Eval] Epoch: 14 | Teacher Test Loss: 2.269 | Teacher Test Acc: 45.110 | Student Test Loss: 2.259 | Student Test Acc: 44.730 | Teacher Test F1: 0.440 | Student Test F1: 0.441 | Teacher Top 5 Accuracy: 0.758 | Student Top 5 Accuracy: 0.747 | Time: 2.679 | 
Running student landscape probe...
[LR policy] epoch=14 output=residual_log policy_pred=-1.379658 predicted_lr=0.240907 cosine_blend=0.000 lr_ema=0.000 cosine_after=0 next_student_lr=0.240907
[Train] Epoch: 15 | Teacher lr=0.6545 | Teacher Loss: 3.211 | Teacher Train Acc: 37.532 | Student lr=0.2409 | Student Train Acc: 41.830 | Time: 137.579 |
[Eval] Epoch: 15 | Teacher Test Loss: 2.098 | Teacher Test Acc: 48.310 | Student Test Loss: 2.228 | Student Test Acc: 45.820 | Teacher Test F1: 0.469 | Student Test F1: 0.454 | Teacher Top 5 Accuracy: 0.789 | Student Top 5 Accuracy: 0.761 | Time: 2.648 | 
Running student landscape probe...
[LR policy] epoch=15 output=residual_log policy_pred=-1.386930 predicted_lr=0.225013 cosine_blend=0.000 lr_ema=0.000 cosine_after=0 next_student_lr=0.225013
[Train] Epoch: 16 | Teacher lr=0.6113 | Teacher Loss: 3.176 | Teacher Train Acc: 38.170 | Student lr=0.2250 | Student Train Acc: 42.584 | Time: 136.457 |
[Eval] Epoch: 16 | Teacher Test Loss: 2.101 | Teacher Test Acc: 49.160 | Student Test Loss: 2.340 | Student Test Acc: 43.230 | Teacher Test F1: 0.481 | Student Test F1: 0.431 | Teacher Top 5 Accuracy: 0.793 | Student Top 5 Accuracy: 0.726 | Time: 2.814 | 
Running student landscape probe...
[LR policy] epoch=16 output=residual_log policy_pred=-1.390711 predicted_lr=0.208790 cosine_blend=0.000 lr_ema=0.000 cosine_after=0 next_student_lr=0.208790
[Train] Epoch: 17 | Teacher lr=0.5671 | Teacher Loss: 3.144 | Teacher Train Acc: 39.382 | Student lr=0.2088 | Student Train Acc: 42.764 | Time: 137.878 |
[Eval] Epoch: 17 | Teacher Test Loss: 2.080 | Teacher Test Acc: 48.220 | Student Test Loss: 2.104 | Student Test Acc: 47.850 | Teacher Test F1: 0.479 | Student Test F1: 0.474 | Teacher Top 5 Accuracy: 0.788 | Student Top 5 Accuracy: 0.773 | Time: 2.870 | 
Running student landscape probe...
[LR policy] epoch=17 output=residual_log policy_pred=-1.404988 predicted_lr=0.192368 cosine_blend=0.000 lr_ema=0.000 cosine_after=0 next_student_lr=0.192368
[Train] Epoch: 18 | Teacher lr=0.5224 | Teacher Loss: 3.105 | Teacher Train Acc: 40.232 | Student lr=0.1924 | Student Train Acc: 43.970 | Time: 137.515 |
[Eval] Epoch: 18 | Teacher Test Loss: 1.972 | Teacher Test Acc: 51.050 | Student Test Loss: 2.156 | Student Test Acc: 46.730 | Teacher Test F1: 0.501 | Student Test F1: 0.456 | Teacher Top 5 Accuracy: 0.815 | Student Top 5 Accuracy: 0.768 | Time: 2.843 | 
Running student landscape probe...
[LR policy] epoch=18 output=residual_log policy_pred=-1.405190 predicted_lr=0.175879 cosine_blend=0.000 lr_ema=0.000 cosine_after=0 next_student_lr=0.175879
[Train] Epoch: 19 | Teacher lr=0.4776 | Teacher Loss: 3.064 | Teacher Train Acc: 41.110 | Student lr=0.1759 | Student Train Acc: 44.560 | Time: 137.302 |
[Eval] Epoch: 19 | Teacher Test Loss: 2.170 | Teacher Test Acc: 46.370 | Student Test Loss: 2.098 | Student Test Acc: 48.090 | Teacher Test F1: 0.455 | Student Test F1: 0.474 | Teacher Top 5 Accuracy: 0.772 | Student Top 5 Accuracy: 0.779 | Time: 2.824 | 
Running student landscape probe...
[LR policy] epoch=19 output=residual_log policy_pred=-1.403665 predicted_lr=0.159458 cosine_blend=0.000 lr_ema=0.000 cosine_after=0 next_student_lr=0.159458
[Train] Epoch: 20 | Teacher lr=0.4329 | Teacher Loss: 3.032 | Teacher Train Acc: 42.332 | Student lr=0.1595 | Student Train Acc: 44.824 | Time: 134.668 |
[Eval] Epoch: 20 | Teacher Test Loss: 1.919 | Teacher Test Acc: 53.590 | Student Test Loss: 2.121 | Student Test Acc: 48.040 | Teacher Test F1: 0.531 | Student Test F1: 0.473 | Teacher Top 5 Accuracy: 0.823 | Student Top 5 Accuracy: 0.778 | Time: 2.612 | 
Running student landscape probe...
[LR policy] epoch=20 output=residual_log policy_pred=-1.378757 predicted_lr=0.143234 cosine_blend=0.000 lr_ema=0.000 cosine_after=0 next_student_lr=0.143234
[Train] Epoch: 21 | Teacher lr=0.3887 | Teacher Loss: 2.987 | Teacher Train Acc: 43.366 | Student lr=0.1432 | Student Train Acc: 45.820 | Time: 136.904 |
[Eval] Epoch: 21 | Teacher Test Loss: 1.970 | Teacher Test Acc: 52.860 | Student Test Loss: 2.044 | Student Test Acc: 49.460 | Teacher Test F1: 0.523 | Student Test F1: 0.490 | Teacher Top 5 Accuracy: 0.828 | Student Top 5 Accuracy: 0.784 | Time: 2.901 | 
Running student landscape probe...
[LR policy] epoch=21 output=residual_log policy_pred=-1.389415 predicted_lr=0.127340 cosine_blend=0.000 lr_ema=0.000 cosine_after=0 next_student_lr=0.127340
[Train] Epoch: 22 | Teacher lr=0.3455 | Teacher Loss: 2.947 | Teacher Train Acc: 44.414 | Student lr=0.1273 | Student Train Acc: 46.250 | Time: 136.775 |
[Eval] Epoch: 22 | Teacher Test Loss: 1.866 | Teacher Test Acc: 54.470 | Student Test Loss: 2.008 | Student Test Acc: 50.490 | Teacher Test F1: 0.545 | Student Test F1: 0.503 | Teacher Top 5 Accuracy: 0.835 | Student Top 5 Accuracy: 0.794 | Time: 2.751 | 
Running student landscape probe...
[LR policy] epoch=22 output=residual_log policy_pred=-1.388354 predicted_lr=0.111903 cosine_blend=0.000 lr_ema=0.000 cosine_after=0 next_student_lr=0.111903
[Train] Epoch: 23 | Teacher lr=0.3035 | Teacher Loss: 2.901 | Teacher Train Acc: 45.394 | Student lr=0.1119 | Student Train Acc: 47.250 | Time: 137.281 |
[Eval] Epoch: 23 | Teacher Test Loss: 1.801 | Teacher Test Acc: 56.830 | Student Test Loss: 2.016 | Student Test Acc: 49.990 | Teacher Test F1: 0.567 | Student Test F1: 0.501 | Teacher Top 5 Accuracy: 0.843 | Student Top 5 Accuracy: 0.791 | Time: 2.804 | 
Running student landscape probe...
[LR policy] epoch=23 output=residual_log policy_pred=-1.360273 predicted_lr=0.097048 cosine_blend=0.000 lr_ema=0.000 cosine_after=0 next_student_lr=0.097048
[Train] Epoch: 24 | Teacher lr=0.2631 | Teacher Loss: 2.854 | Teacher Train Acc: 46.868 | Student lr=0.0970 | Student Train Acc: 48.028 | Time: 137.591 |
[Eval] Epoch: 24 | Teacher Test Loss: 1.841 | Teacher Test Acc: 55.880 | Student Test Loss: 1.919 | Student Test Acc: 52.930 | Teacher Test F1: 0.555 | Student Test F1: 0.528 | Teacher Top 5 Accuracy: 0.840 | Student Top 5 Accuracy: 0.809 | Time: 2.710 | 
Running student landscape probe...
[LR policy] epoch=24 output=residual_log policy_pred=-1.353300 predicted_lr=0.082893 cosine_blend=0.000 lr_ema=0.000 cosine_after=0 next_student_lr=0.082893
[Train] Epoch: 25 | Teacher lr=0.2246 | Teacher Loss: 2.804 | Teacher Train Acc: 47.952 | Student lr=0.0829 | Student Train Acc: 48.692 | Time: 137.502 |
[Eval] Epoch: 25 | Teacher Test Loss: 1.696 | Teacher Test Acc: 59.260 | Student Test Loss: 2.015 | Student Test Acc: 51.100 | Teacher Test F1: 0.591 | Student Test F1: 0.512 | Teacher Top 5 Accuracy: 0.863 | Student Top 5 Accuracy: 0.789 | Time: 2.577 | 
Running student landscape probe...
[LR policy] epoch=25 output=residual_log policy_pred=-1.324196 predicted_lr=0.069554 cosine_blend=0.000 lr_ema=0.000 cosine_after=0 next_student_lr=0.069554
[Train] Epoch: 26 | Teacher lr=0.1883 | Teacher Loss: 2.746 | Teacher Train Acc: 49.252 | Student lr=0.0696 | Student Train Acc: 49.534 | Time: 137.850 |
[Eval] Epoch: 26 | Teacher Test Loss: 1.674 | Teacher Test Acc: 59.110 | Student Test Loss: 1.872 | Student Test Acc: 53.610 | Teacher Test F1: 0.588 | Student Test F1: 0.537 | Teacher Top 5 Accuracy: 0.859 | Student Top 5 Accuracy: 0.819 | Time: 2.511 | 
Running student landscape probe...
[LR policy] epoch=26 output=residual_log policy_pred=-1.313435 predicted_lr=0.057137 cosine_blend=0.000 lr_ema=0.000 cosine_after=0 next_student_lr=0.057137
[Train] Epoch: 27 | Teacher lr=0.1545 | Teacher Loss: 2.691 | Teacher Train Acc: 50.422 | Student lr=0.0571 | Student Train Acc: 50.418 | Time: 136.160 |
[Eval] Epoch: 27 | Teacher Test Loss: 1.613 | Teacher Test Acc: 60.820 | Student Test Loss: 1.821 | Student Test Acc: 54.830 | Teacher Test F1: 0.606 | Student Test F1: 0.548 | Teacher Top 5 Accuracy: 0.872 | Student Top 5 Accuracy: 0.823 | Time: 2.587 | 
Running student landscape probe...
[LR policy] epoch=27 output=residual_log policy_pred=-1.302622 predicted_lr=0.045742 cosine_blend=0.000 lr_ema=0.000 cosine_after=0 next_student_lr=0.045742
[Train] Epoch: 28 | Teacher lr=0.1235 | Teacher Loss: 2.623 | Teacher Train Acc: 52.030 | Student lr=0.0457 | Student Train Acc: 51.306 | Time: 133.427 |
[Eval] Epoch: 28 | Teacher Test Loss: 1.553 | Teacher Test Acc: 62.520 | Student Test Loss: 1.850 | Student Test Acc: 54.960 | Teacher Test F1: 0.623 | Student Test F1: 0.550 | Teacher Top 5 Accuracy: 0.880 | Student Top 5 Accuracy: 0.823 | Time: 2.749 | 
Running student landscape probe...
[LR policy] epoch=28 output=residual_log policy_pred=-1.311404 predicted_lr=0.035462 cosine_blend=0.000 lr_ema=0.000 cosine_after=0 next_student_lr=0.035462
[Train] Epoch: 29 | Teacher lr=0.0955 | Teacher Loss: 2.560 | Teacher Train Acc: 53.572 | Student lr=0.0355 | Student Train Acc: 52.026 | Time: 137.351 |
[Eval] Epoch: 29 | Teacher Test Loss: 1.494 | Teacher Test Acc: 63.920 | Student Test Loss: 1.798 | Student Test Acc: 55.370 | Teacher Test F1: 0.638 | Student Test F1: 0.553 | Teacher Top 5 Accuracy: 0.883 | Student Top 5 Accuracy: 0.830 | Time: 2.790 | 
Running student landscape probe...
[LR policy] epoch=29 output=residual_log policy_pred=-1.312488 predicted_lr=0.026379 cosine_blend=0.000 lr_ema=0.000 cosine_after=0 next_student_lr=0.026379
[Train] Epoch: 30 | Teacher lr=0.0708 | Teacher Loss: 2.485 | Teacher Train Acc: 54.964 | Student lr=0.0264 | Student Train Acc: 52.840 | Time: 136.921 |
[Eval] Epoch: 30 | Teacher Test Loss: 1.495 | Teacher Test Acc: 63.760 | Student Test Loss: 1.810 | Student Test Acc: 56.050 | Teacher Test F1: 0.635 | Student Test F1: 0.559 | Teacher Top 5 Accuracy: 0.881 | Student Top 5 Accuracy: 0.826 | Time: 2.843 | 
Running student landscape probe...
[LR policy] epoch=30 output=residual_log policy_pred=-1.300037 predicted_lr=0.018565 cosine_blend=0.000 lr_ema=0.000 cosine_after=0 next_student_lr=0.018565
[Train] Epoch: 31 | Teacher lr=0.0495 | Teacher Loss: 2.412 | Teacher Train Acc: 56.480 | Student lr=0.0186 | Student Train Acc: 53.826 | Time: 137.491 |
[Eval] Epoch: 31 | Teacher Test Loss: 1.485 | Teacher Test Acc: 64.040 | Student Test Loss: 1.797 | Student Test Acc: 55.870 | Teacher Test F1: 0.637 | Student Test F1: 0.557 | Teacher Top 5 Accuracy: 0.882 | Student Top 5 Accuracy: 0.830 | Time: 2.806 | 
Running student landscape probe...
[LR policy] epoch=31 output=residual_log policy_pred=-1.287008 predicted_lr=0.012085 cosine_blend=0.000 lr_ema=0.000 cosine_after=0 next_student_lr=0.012085
[Train] Epoch: 32 | Teacher lr=0.0319 | Teacher Loss: 2.342 | Teacher Train Acc: 58.042 | Student lr=0.0121 | Student Train Acc: 54.798 | Time: 137.803 |
[Eval] Epoch: 32 | Teacher Test Loss: 1.494 | Teacher Test Acc: 64.630 | Student Test Loss: 1.764 | Student Test Acc: 56.750 | Teacher Test F1: 0.645 | Student Test F1: 0.567 | Teacher Top 5 Accuracy: 0.885 | Student Top 5 Accuracy: 0.835 | Time: 2.669 | 
Running student landscape probe...
[LR policy] epoch=32 output=residual_log policy_pred=-1.282138 predicted_lr=0.006990 cosine_blend=0.000 lr_ema=0.000 cosine_after=0 next_student_lr=0.006990
[Train] Epoch: 33 | Teacher lr=0.0180 | Teacher Loss: 2.279 | Teacher Train Acc: 59.230 | Student lr=0.0070 | Student Train Acc: 55.284 | Time: 137.213 |
[Eval] Epoch: 33 | Teacher Test Loss: 1.464 | Teacher Test Acc: 65.170 | Student Test Loss: 1.735 | Student Test Acc: 57.410 | Teacher Test F1: 0.650 | Student Test F1: 0.572 | Teacher Top 5 Accuracy: 0.886 | Student Top 5 Accuracy: 0.837 | Time: 2.798 | 
Running student landscape probe...
[LR policy] epoch=33 output=residual_log policy_pred=-1.282857 predicted_lr=0.003321 cosine_blend=0.000 lr_ema=0.000 cosine_after=0 next_student_lr=0.003321
[Train] Epoch: 34 | Teacher lr=0.0080 | Teacher Loss: 2.227 | Teacher Train Acc: 60.286 | Student lr=0.0033 | Student Train Acc: 55.930 | Time: 137.521 |
[Eval] Epoch: 34 | Teacher Test Loss: 1.444 | Teacher Test Acc: 65.330 | Student Test Loss: 1.715 | Student Test Acc: 58.160 | Teacher Test F1: 0.652 | Student Test F1: 0.579 | Teacher Top 5 Accuracy: 0.887 | Student Top 5 Accuracy: 0.841 | Time: 2.721 | 
Running student landscape probe...
[LR policy] epoch=34 output=residual_log policy_pred=-1.277363 predicted_lr=0.001108 cosine_blend=0.000 lr_ema=0.000 cosine_after=0 next_student_lr=0.001108
[Train] Epoch: 35 | Teacher lr=0.0020 | Teacher Loss: 2.196 | Teacher Train Acc: 60.854 | Student lr=0.0011 | Student Train Acc: 56.266 | Time: 132.471 |
[Eval] Epoch: 35 | Teacher Test Loss: 1.437 | Teacher Test Acc: 65.390 | Student Test Loss: 1.715 | Student Test Acc: 57.890 | Teacher Test F1: 0.652 | Student Test F1: 0.577 | Teacher Top 5 Accuracy: 0.888 | Student Top 5 Accuracy: 0.840 | Time: 0.990 | 
Running student landscape probe...
[LR policy] epoch=35 output=residual_log policy_pred=-1.270905 predicted_lr=0.001000 cosine_blend=0.000 lr_ema=0.000 cosine_after=0 next_student_lr=0.001000
ckpt location: ckpt/robust12h_industry/residgru_lblnoise030_seed1_35ep.pt
