/home/jovyan/.mlspace/envs/egy_llm/lib/python3.11/site-packages/torchvision/datasets/cifar.py:83: VisibleDeprecationWarning: dtype(): align should be passed as Python or NumPy boolean but got `align=0`. Did you mean to pass a tuple to create a subarray type? (Deprecated NumPy 2.4)
  entry = pickle.load(f, encoding="latin1")
depth_list: [110, 20]
[LR policy] output=residual_log train_windows=1020 test_windows=170 test_mse=0.499864 test_mae=0.513985
[NoisyClassificationDataset] num_classes=100 label_noise_rate=0.100 input_noise_std=0.0000 flipped=4987/50000
Dataset information: cifar100	 50000 images for training 	 10000 images for testing	
teacher depth: 110
student depth: 20
Total number of teacher parameters: 1,169,972
Total number of student parameters: 278,132
Snapshots will be saved to: snapshots/robust12h_industry/residgru_lblnoise010_seed2_35ep
==== train and evaluate unequal restart ====
[Eval] Epoch: 0 | Teacher Test Loss: 11623.433 | Teacher Test Acc: 1.000 | Student Test Loss: 6.044 | Student Test Acc: 1.110 | Teacher Test F1: 0.000 | Student Test F1: 0.000 | Teacher Top 5 Accuracy: 0.049 | Student Top 5 Accuracy: 0.052 | Time: 2.787 | 
Running student landscape probe...
[Train] Epoch: 1 | Teacher lr=1.0000 | Teacher Loss: 4.174 | Teacher Train Acc: 8.158 | Student lr=0.0100 | Student Train Acc: 6.342 | Time: 138.137 |
[Eval] Epoch: 1 | Teacher Test Loss: 3.825 | Teacher Test Acc: 10.380 | Student Test Loss: 3.896 | Student Test Acc: 10.030 | Teacher Test F1: 0.074 | Student Test F1: 0.062 | Teacher Top 5 Accuracy: 0.335 | Student Top 5 Accuracy: 0.297 | Time: 2.779 | 
Running student landscape probe...
[LR policy] epoch=1 output=residual_log policy_pred=0.119340 predicted_lr=1.124487 cosine_blend=0.000 lr_ema=0.000 cosine_after=0 next_student_lr=0.997989
[Train] Epoch: 2 | Teacher lr=0.9980 | Teacher Loss: 3.733 | Teacher Train Acc: 16.960 | Student lr=0.9980 | Student Train Acc: 15.098 | Time: 134.839 |
[Eval] Epoch: 2 | Teacher Test Loss: 3.538 | Teacher Test Acc: 15.840 | Student Test Loss: 3.373 | Student Test Acc: 19.060 | Teacher Test F1: 0.128 | Student Test F1: 0.162 | Teacher Top 5 Accuracy: 0.427 | Student Top 5 Accuracy: 0.459 | Time: 2.670 | 
Running student landscape probe...
[LR policy] epoch=2 output=residual_log policy_pred=0.016424 predicted_lr=1.008399 cosine_blend=0.000 lr_ema=0.000 cosine_after=0 next_student_lr=0.991973
[Train] Epoch: 3 | Teacher lr=0.9920 | Teacher Loss: 3.338 | Teacher Train Acc: 26.000 | Student lr=0.9920 | Student Train Acc: 31.968 | Time: 136.195 |
[Eval] Epoch: 3 | Teacher Test Loss: 2.746 | Teacher Test Acc: 28.940 | Student Test Loss: 3.108 | Student Test Acc: 22.450 | Teacher Test F1: 0.266 | Student Test F1: 0.215 | Teacher Top 5 Accuracy: 0.620 | Student Top 5 Accuracy: 0.532 | Time: 2.454 | 
Running student landscape probe...
[LR policy] epoch=3 output=residual_log policy_pred=-0.095316 predicted_lr=0.892722 cosine_blend=0.000 lr_ema=0.000 cosine_after=0 next_student_lr=0.981999
[Train] Epoch: 4 | Teacher lr=0.9820 | Teacher Loss: 3.042 | Teacher Train Acc: 33.460 | Student lr=0.9820 | Student Train Acc: 39.122 | Time: 138.012 |
[Eval] Epoch: 4 | Teacher Test Loss: 2.410 | Teacher Test Acc: 35.470 | Student Test Loss: 2.772 | Student Test Acc: 29.690 | Teacher Test F1: 0.345 | Student Test F1: 0.287 | Teacher Top 5 Accuracy: 0.704 | Student Top 5 Accuracy: 0.627 | Time: 2.757 | 
Running student landscape probe...
[LR policy] epoch=4 output=residual_log policy_pred=-0.226102 predicted_lr=0.772231 cosine_blend=0.000 lr_ema=0.000 cosine_after=0 next_student_lr=0.968149
[Train] Epoch: 5 | Teacher lr=0.9681 | Teacher Loss: 2.864 | Teacher Train Acc: 37.952 | Student lr=0.9681 | Student Train Acc: 42.624 | Time: 136.708 |
[Eval] Epoch: 5 | Teacher Test Loss: 2.443 | Teacher Test Acc: 35.780 | Student Test Loss: 3.340 | Student Test Acc: 22.870 | Teacher Test F1: 0.345 | Student Test F1: 0.210 | Teacher Top 5 Accuracy: 0.694 | Student Top 5 Accuracy: 0.500 | Time: 2.580 | 
Running student landscape probe...
[LR policy] epoch=5 output=residual_log policy_pred=-0.304542 predicted_lr=0.700982 cosine_blend=0.000 lr_ema=0.000 cosine_after=0 next_student_lr=0.950534
[Train] Epoch: 6 | Teacher lr=0.9505 | Teacher Loss: 2.749 | Teacher Train Acc: 40.922 | Student lr=0.9505 | Student Train Acc: 44.954 | Time: 136.838 |
[Eval] Epoch: 6 | Teacher Test Loss: 2.172 | Teacher Test Acc: 42.770 | Student Test Loss: 2.374 | Student Test Acc: 38.870 | Teacher Test F1: 0.420 | Student Test F1: 0.382 | Teacher Top 5 Accuracy: 0.755 | Student Top 5 Accuracy: 0.707 | Time: 2.568 | 
Running student landscape probe...
[LR policy] epoch=6 output=residual_log policy_pred=-0.364912 predicted_lr=0.645171 cosine_blend=0.000 lr_ema=0.000 cosine_after=0 next_student_lr=0.645171
[Train] Epoch: 7 | Teacher lr=0.9292 | Teacher Loss: 2.650 | Teacher Train Acc: 43.568 | Student lr=0.6452 | Student Train Acc: 48.822 | Time: 138.343 |
[Eval] Epoch: 7 | Teacher Test Loss: 2.297 | Teacher Test Acc: 39.170 | Student Test Loss: 2.267 | Student Test Acc: 39.840 | Teacher Test F1: 0.380 | Student Test F1: 0.397 | Teacher Top 5 Accuracy: 0.727 | Student Top 5 Accuracy: 0.735 | Time: 2.661 | 
Running student landscape probe...
[LR policy] epoch=7 output=residual_log policy_pred=-0.423320 predicted_lr=0.592397 cosine_blend=0.000 lr_ema=0.000 cosine_after=0 next_student_lr=0.592397
[Train] Epoch: 8 | Teacher lr=0.9045 | Teacher Loss: 2.697 | Teacher Train Acc: 42.960 | Student lr=0.5924 | Student Train Acc: 50.224 | Time: 137.171 |
[Eval] Epoch: 8 | Teacher Test Loss: 2.048 | Teacher Test Acc: 45.280 | Student Test Loss: 2.492 | Student Test Acc: 37.330 | Teacher Test F1: 0.436 | Student Test F1: 0.359 | Teacher Top 5 Accuracy: 0.770 | Student Top 5 Accuracy: 0.679 | Time: 2.800 | 
Running student landscape probe...
[LR policy] epoch=8 output=residual_log policy_pred=-0.450372 predicted_lr=0.558775 cosine_blend=0.000 lr_ema=0.000 cosine_after=0 next_student_lr=0.558775
[Train] Epoch: 9 | Teacher lr=0.8765 | Teacher Loss: 2.510 | Teacher Train Acc: 47.434 | Student lr=0.5588 | Student Train Acc: 51.872 | Time: 135.708 |
[Eval] Epoch: 9 | Teacher Test Loss: 2.152 | Teacher Test Acc: 43.260 | Student Test Loss: 2.311 | Student Test Acc: 41.570 | Teacher Test F1: 0.426 | Student Test F1: 0.403 | Teacher Top 5 Accuracy: 0.759 | Student Top 5 Accuracy: 0.725 | Time: 2.796 | 
Running student landscape probe...
[LR policy] epoch=9 output=residual_log policy_pred=-0.478535 predicted_lr=0.524064 cosine_blend=0.000 lr_ema=0.000 cosine_after=0 next_student_lr=0.524064
[Train] Epoch: 10 | Teacher lr=0.8455 | Teacher Loss: 2.454 | Teacher Train Acc: 48.956 | Student lr=0.5241 | Student Train Acc: 52.588 | Time: 136.494 |
[Eval] Epoch: 10 | Teacher Test Loss: 1.961 | Teacher Test Acc: 48.900 | Student Test Loss: 2.470 | Student Test Acc: 37.310 | Teacher Test F1: 0.481 | Student Test F1: 0.362 | Teacher Top 5 Accuracy: 0.794 | Student Top 5 Accuracy: 0.679 | Time: 2.778 | 
Running student landscape probe...
[LR policy] epoch=10 output=residual_log policy_pred=-0.485050 predicted_lr=0.499880 cosine_blend=0.000 lr_ema=0.000 cosine_after=0 next_student_lr=0.499880
[Train] Epoch: 11 | Teacher lr=0.8117 | Teacher Loss: 2.404 | Teacher Train Acc: 50.314 | Student lr=0.4999 | Student Train Acc: 53.620 | Time: 133.572 |
[Eval] Epoch: 11 | Teacher Test Loss: 1.851 | Teacher Test Acc: 49.740 | Student Test Loss: 2.192 | Student Test Acc: 43.030 | Teacher Test F1: 0.488 | Student Test F1: 0.433 | Teacher Top 5 Accuracy: 0.812 | Student Top 5 Accuracy: 0.747 | Time: 2.657 | 
Running student landscape probe...
[LR policy] epoch=11 output=residual_log policy_pred=-0.415837 predicted_lr=0.511779 cosine_blend=0.000 lr_ema=0.000 cosine_after=0 next_student_lr=0.511779
[Train] Epoch: 12 | Teacher lr=0.7754 | Teacher Loss: 2.362 | Teacher Train Acc: 51.410 | Student lr=0.5118 | Student Train Acc: 53.664 | Time: 135.412 |
[Eval] Epoch: 12 | Teacher Test Loss: 1.897 | Teacher Test Acc: 49.310 | Student Test Loss: 2.133 | Student Test Acc: 44.960 | Teacher Test F1: 0.493 | Student Test F1: 0.445 | Teacher Top 5 Accuracy: 0.803 | Student Top 5 Accuracy: 0.759 | Time: 2.695 | 
Running student landscape probe...
[LR policy] epoch=12 output=residual_log policy_pred=-0.361781 predicted_lr=0.513410 cosine_blend=0.000 lr_ema=0.000 cosine_after=0 next_student_lr=0.513410
[Train] Epoch: 13 | Teacher lr=0.7369 | Teacher Loss: 2.316 | Teacher Train Acc: 52.774 | Student lr=0.5134 | Student Train Acc: 54.468 | Time: 137.896 |
[Eval] Epoch: 13 | Teacher Test Loss: 1.871 | Teacher Test Acc: 50.440 | Student Test Loss: 2.073 | Student Test Acc: 46.390 | Teacher Test F1: 0.496 | Student Test F1: 0.463 | Teacher Top 5 Accuracy: 0.810 | Student Top 5 Accuracy: 0.763 | Time: 2.547 | 
Running student landscape probe...
[LR policy] epoch=13 output=residual_log policy_pred=-0.394699 predicted_lr=0.469572 cosine_blend=0.000 lr_ema=0.000 cosine_after=0 next_student_lr=0.469572
[Train] Epoch: 14 | Teacher lr=0.6965 | Teacher Loss: 2.271 | Teacher Train Acc: 53.954 | Student lr=0.4696 | Student Train Acc: 55.296 | Time: 137.468 |
[Eval] Epoch: 14 | Teacher Test Loss: 1.788 | Teacher Test Acc: 52.000 | Student Test Loss: 1.924 | Student Test Acc: 48.900 | Teacher Test F1: 0.516 | Student Test F1: 0.489 | Teacher Top 5 Accuracy: 0.821 | Student Top 5 Accuracy: 0.797 | Time: 2.754 | 
Running student landscape probe...
[LR policy] epoch=14 output=residual_log policy_pred=-0.454910 predicted_lr=0.415508 cosine_blend=0.000 lr_ema=0.000 cosine_after=0 next_student_lr=0.415508
[Train] Epoch: 15 | Teacher lr=0.6545 | Teacher Loss: 2.230 | Teacher Train Acc: 54.926 | Student lr=0.4155 | Student Train Acc: 56.154 | Time: 137.775 |
[Eval] Epoch: 15 | Teacher Test Loss: 1.795 | Teacher Test Acc: 51.330 | Student Test Loss: 1.887 | Student Test Acc: 49.500 | Teacher Test F1: 0.516 | Student Test F1: 0.489 | Teacher Top 5 Accuracy: 0.820 | Student Top 5 Accuracy: 0.799 | Time: 2.748 | 
Running student landscape probe...
[LR policy] epoch=15 output=residual_log policy_pred=-0.400986 predicted_lr=0.409597 cosine_blend=0.000 lr_ema=0.000 cosine_after=0 next_student_lr=0.409597
[Train] Epoch: 16 | Teacher lr=0.6113 | Teacher Loss: 2.184 | Teacher Train Acc: 56.168 | Student lr=0.4096 | Student Train Acc: 56.834 | Time: 137.528 |
[Eval] Epoch: 16 | Teacher Test Loss: 1.601 | Teacher Test Acc: 55.670 | Student Test Loss: 1.875 | Student Test Acc: 50.240 | Teacher Test F1: 0.552 | Student Test F1: 0.498 | Teacher Top 5 Accuracy: 0.855 | Student Top 5 Accuracy: 0.800 | Time: 2.674 | 
Running student landscape probe...
[LR policy] epoch=16 output=residual_log policy_pred=-0.393665 predicted_lr=0.382858 cosine_blend=0.000 lr_ema=0.000 cosine_after=0 next_student_lr=0.382858
[Train] Epoch: 17 | Teacher lr=0.5671 | Teacher Loss: 2.143 | Teacher Train Acc: 57.092 | Student lr=0.3829 | Student Train Acc: 57.584 | Time: 136.608 |
[Eval] Epoch: 17 | Teacher Test Loss: 1.698 | Teacher Test Acc: 54.460 | Student Test Loss: 1.946 | Student Test Acc: 49.620 | Teacher Test F1: 0.549 | Student Test F1: 0.490 | Teacher Top 5 Accuracy: 0.836 | Student Top 5 Accuracy: 0.785 | Time: 2.553 | 
Running student landscape probe...
[LR policy] epoch=17 output=residual_log policy_pred=-0.361638 predicted_lr=0.364225 cosine_blend=0.000 lr_ema=0.000 cosine_after=0 next_student_lr=0.364225
[Train] Epoch: 18 | Teacher lr=0.5224 | Teacher Loss: 2.097 | Teacher Train Acc: 58.602 | Student lr=0.3642 | Student Train Acc: 58.154 | Time: 137.519 |
[Eval] Epoch: 18 | Teacher Test Loss: 1.530 | Teacher Test Acc: 58.330 | Student Test Loss: 1.940 | Student Test Acc: 48.330 | Teacher Test F1: 0.581 | Student Test F1: 0.484 | Teacher Top 5 Accuracy: 0.862 | Student Top 5 Accuracy: 0.790 | Time: 2.642 | 
Running student landscape probe...
[LR policy] epoch=18 output=residual_log policy_pred=-0.346316 predicted_lr=0.338148 cosine_blend=0.000 lr_ema=0.000 cosine_after=0 next_student_lr=0.338148
[Train] Epoch: 19 | Teacher lr=0.4776 | Teacher Loss: 2.058 | Teacher Train Acc: 59.596 | Student lr=0.3381 | Student Train Acc: 58.544 | Time: 137.303 |
[Eval] Epoch: 19 | Teacher Test Loss: 1.581 | Teacher Test Acc: 56.480 | Student Test Loss: 1.811 | Student Test Acc: 52.000 | Teacher Test F1: 0.560 | Student Test F1: 0.513 | Teacher Top 5 Accuracy: 0.849 | Student Top 5 Accuracy: 0.806 | Time: 2.584 | 
Running student landscape probe...
[LR policy] epoch=19 output=residual_log policy_pred=-0.253773 predicted_lr=0.336300 cosine_blend=0.000 lr_ema=0.000 cosine_after=0 next_student_lr=0.336300
[Train] Epoch: 20 | Teacher lr=0.4329 | Teacher Loss: 2.014 | Teacher Train Acc: 60.834 | Student lr=0.3363 | Student Train Acc: 58.964 | Time: 137.768 |
[Eval] Epoch: 20 | Teacher Test Loss: 1.455 | Teacher Test Acc: 61.070 | Student Test Loss: 1.778 | Student Test Acc: 52.420 | Teacher Test F1: 0.611 | Student Test F1: 0.526 | Teacher Top 5 Accuracy: 0.877 | Student Top 5 Accuracy: 0.812 | Time: 2.715 | 
Running student landscape probe...
[LR policy] epoch=20 output=residual_log policy_pred=-0.187737 predicted_lr=0.322707 cosine_blend=0.000 lr_ema=0.000 cosine_after=0 next_student_lr=0.322707
[Train] Epoch: 21 | Teacher lr=0.3887 | Teacher Loss: 1.966 | Teacher Train Acc: 62.342 | Student lr=0.3227 | Student Train Acc: 59.080 | Time: 139.272 |
[Eval] Epoch: 21 | Teacher Test Loss: 1.441 | Teacher Test Acc: 61.090 | Student Test Loss: 1.688 | Student Test Acc: 54.830 | Teacher Test F1: 0.608 | Student Test F1: 0.548 | Teacher Top 5 Accuracy: 0.880 | Student Top 5 Accuracy: 0.836 | Time: 2.811 | 
Running student landscape probe...
[LR policy] epoch=21 output=residual_log policy_pred=-0.068345 predicted_lr=0.323279 cosine_blend=0.000 lr_ema=0.000 cosine_after=0 next_student_lr=0.323279
[Train] Epoch: 22 | Teacher lr=0.3455 | Teacher Loss: 1.920 | Teacher Train Acc: 63.278 | Student lr=0.3233 | Student Train Acc: 59.678 | Time: 138.156 |
[Eval] Epoch: 22 | Teacher Test Loss: 1.458 | Teacher Test Acc: 60.060 | Student Test Loss: 1.744 | Student Test Acc: 52.990 | Teacher Test F1: 0.601 | Student Test F1: 0.533 | Teacher Top 5 Accuracy: 0.871 | Student Top 5 Accuracy: 0.826 | Time: 2.814 | 
Running student landscape probe...
[LR policy] epoch=22 output=residual_log policy_pred=0.037695 predicted_lr=0.315869 cosine_blend=0.000 lr_ema=0.000 cosine_after=0 next_student_lr=0.315869
[Train] Epoch: 23 | Teacher lr=0.3035 | Teacher Loss: 1.872 | Teacher Train Acc: 64.710 | Student lr=0.3159 | Student Train Acc: 60.080 | Time: 137.491 |
[Eval] Epoch: 23 | Teacher Test Loss: 1.380 | Teacher Test Acc: 62.660 | Student Test Loss: 1.791 | Student Test Acc: 52.600 | Teacher Test F1: 0.628 | Student Test F1: 0.530 | Teacher Top 5 Accuracy: 0.883 | Student Top 5 Accuracy: 0.822 | Time: 2.539 | 
Running student landscape probe...
[LR policy] epoch=23 output=residual_log policy_pred=0.069407 predicted_lr=0.282763 cosine_blend=0.000 lr_ema=0.000 cosine_after=0 next_student_lr=0.282763
[Train] Epoch: 24 | Teacher lr=0.2631 | Teacher Loss: 1.818 | Teacher Train Acc: 66.234 | Student lr=0.2828 | Student Train Acc: 60.788 | Time: 137.863 |
[Eval] Epoch: 24 | Teacher Test Loss: 1.329 | Teacher Test Acc: 64.190 | Student Test Loss: 1.723 | Student Test Acc: 54.040 | Teacher Test F1: 0.636 | Student Test F1: 0.538 | Teacher Top 5 Accuracy: 0.891 | Student Top 5 Accuracy: 0.826 | Time: 2.812 | 
Running student landscape probe...
[LR policy] epoch=24 output=residual_log policy_pred=0.100496 predicted_lr=0.249148 cosine_blend=0.000 lr_ema=0.000 cosine_after=0 next_student_lr=0.249148
[Train] Epoch: 25 | Teacher lr=0.2246 | Teacher Loss: 1.760 | Teacher Train Acc: 67.704 | Student lr=0.2491 | Student Train Acc: 61.800 | Time: 135.108 |
[Eval] Epoch: 25 | Teacher Test Loss: 1.316 | Teacher Test Acc: 64.100 | Student Test Loss: 1.665 | Student Test Acc: 55.380 | Teacher Test F1: 0.642 | Student Test F1: 0.554 | Teacher Top 5 Accuracy: 0.900 | Student Top 5 Accuracy: 0.834 | Time: 2.837 | 
Running student landscape probe...
[LR policy] epoch=25 output=residual_log policy_pred=0.117005 predicted_lr=0.212535 cosine_blend=0.000 lr_ema=0.000 cosine_after=0 next_student_lr=0.212535
[Train] Epoch: 26 | Teacher lr=0.1883 | Teacher Loss: 1.700 | Teacher Train Acc: 69.460 | Student lr=0.2125 | Student Train Acc: 62.984 | Time: 138.221 |
[Eval] Epoch: 26 | Teacher Test Loss: 1.231 | Teacher Test Acc: 66.870 | Student Test Loss: 1.618 | Student Test Acc: 57.320 | Teacher Test F1: 0.669 | Student Test F1: 0.569 | Teacher Top 5 Accuracy: 0.909 | Student Top 5 Accuracy: 0.841 | Time: 2.626 | 
Running student landscape probe...
[LR policy] epoch=26 output=residual_log policy_pred=0.188202 predicted_lr=0.187476 cosine_blend=0.000 lr_ema=0.000 cosine_after=0 next_student_lr=0.187476
[Train] Epoch: 27 | Teacher lr=0.1545 | Teacher Loss: 1.641 | Teacher Train Acc: 70.784 | Student lr=0.1875 | Student Train Acc: 63.768 | Time: 137.887 |
[Eval] Epoch: 27 | Teacher Test Loss: 1.199 | Teacher Test Acc: 67.320 | Student Test Loss: 1.630 | Student Test Acc: 56.410 | Teacher Test F1: 0.673 | Student Test F1: 0.568 | Teacher Top 5 Accuracy: 0.910 | Student Top 5 Accuracy: 0.834 | Time: 2.816 | 
Running student landscape probe...
[LR policy] epoch=27 output=residual_log policy_pred=0.296492 predicted_lr=0.167255 cosine_blend=0.000 lr_ema=0.000 cosine_after=0 next_student_lr=0.167255
[Train] Epoch: 28 | Teacher lr=0.1235 | Teacher Loss: 1.575 | Teacher Train Acc: 72.758 | Student lr=0.1673 | Student Train Acc: 64.504 | Time: 135.833 |
[Eval] Epoch: 28 | Teacher Test Loss: 1.157 | Teacher Test Acc: 68.380 | Student Test Loss: 1.593 | Student Test Acc: 57.400 | Teacher Test F1: 0.681 | Student Test F1: 0.573 | Teacher Top 5 Accuracy: 0.911 | Student Top 5 Accuracy: 0.845 | Time: 2.738 | 
Running student landscape probe...
[LR policy] epoch=28 output=residual_log policy_pred=0.335168 predicted_lr=0.134778 cosine_blend=0.000 lr_ema=0.000 cosine_after=0 next_student_lr=0.134778
[Train] Epoch: 29 | Teacher lr=0.0955 | Teacher Loss: 1.507 | Teacher Train Acc: 74.460 | Student lr=0.1348 | Student Train Acc: 65.778 | Time: 137.935 |
[Eval] Epoch: 29 | Teacher Test Loss: 1.125 | Teacher Test Acc: 69.130 | Student Test Loss: 1.618 | Student Test Acc: 57.220 | Teacher Test F1: 0.690 | Student Test F1: 0.575 | Teacher Top 5 Accuracy: 0.917 | Student Top 5 Accuracy: 0.841 | Time: 2.828 | 
Running student landscape probe...
[LR policy] epoch=29 output=residual_log policy_pred=0.336610 predicted_lr=0.100401 cosine_blend=0.000 lr_ema=0.000 cosine_after=0 next_student_lr=0.100401
[Train] Epoch: 30 | Teacher lr=0.0708 | Teacher Loss: 1.433 | Teacher Train Acc: 76.136 | Student lr=0.1004 | Student Train Acc: 67.478 | Time: 137.365 |
[Eval] Epoch: 30 | Teacher Test Loss: 1.097 | Teacher Test Acc: 70.120 | Student Test Loss: 1.679 | Student Test Acc: 55.150 | Teacher Test F1: 0.699 | Student Test F1: 0.558 | Teacher Top 5 Accuracy: 0.919 | Student Top 5 Accuracy: 0.831 | Time: 2.826 | 
Running student landscape probe...
[LR policy] epoch=30 output=residual_log policy_pred=0.378942 predicted_lr=0.073718 cosine_blend=0.000 lr_ema=0.000 cosine_after=0 next_student_lr=0.073718
[Train] Epoch: 31 | Teacher lr=0.0495 | Teacher Loss: 1.365 | Teacher Train Acc: 77.758 | Student lr=0.0737 | Student Train Acc: 69.064 | Time: 138.043 |
[Eval] Epoch: 31 | Teacher Test Loss: 1.088 | Teacher Test Acc: 70.590 | Student Test Loss: 1.430 | Student Test Acc: 61.410 | Teacher Test F1: 0.707 | Student Test F1: 0.615 | Teacher Top 5 Accuracy: 0.922 | Student Top 5 Accuracy: 0.874 | Time: 2.789 | 
Running student landscape probe...
[LR policy] epoch=31 output=residual_log policy_pred=0.394395 predicted_lr=0.048734 cosine_blend=0.000 lr_ema=0.000 cosine_after=0 next_student_lr=0.048734
[Train] Epoch: 32 | Teacher lr=0.0319 | Teacher Loss: 1.293 | Teacher Train Acc: 79.272 | Student lr=0.0487 | Student Train Acc: 70.556 | Time: 137.903 |
[Eval] Epoch: 32 | Teacher Test Loss: 1.047 | Teacher Test Acc: 71.370 | Student Test Loss: 1.416 | Student Test Acc: 62.080 | Teacher Test F1: 0.713 | Student Test F1: 0.620 | Teacher Top 5 Accuracy: 0.925 | Student Top 5 Accuracy: 0.871 | Time: 2.809 | 
Running student landscape probe...
[LR policy] epoch=32 output=residual_log policy_pred=0.434380 predicted_lr=0.029337 cosine_blend=0.000 lr_ema=0.000 cosine_after=0 next_student_lr=0.029337
[Train] Epoch: 33 | Teacher lr=0.0180 | Teacher Loss: 1.239 | Teacher Train Acc: 80.380 | Student lr=0.0293 | Student Train Acc: 72.204 | Time: 137.770 |
[Eval] Epoch: 33 | Teacher Test Loss: 1.050 | Teacher Test Acc: 71.580 | Student Test Loss: 1.352 | Student Test Acc: 63.410 | Teacher Test F1: 0.715 | Student Test F1: 0.636 | Teacher Top 5 Accuracy: 0.925 | Student Top 5 Accuracy: 0.884 | Time: 2.802 | 
Running student landscape probe...
[LR policy] epoch=33 output=residual_log policy_pred=0.460476 predicted_lr=0.014307 cosine_blend=0.000 lr_ema=0.000 cosine_after=0 next_student_lr=0.014307
[Train] Epoch: 34 | Teacher lr=0.0080 | Teacher Loss: 1.191 | Teacher Train Acc: 81.348 | Student lr=0.0143 | Student Train Acc: 73.650 | Time: 135.613 |
[Eval] Epoch: 34 | Teacher Test Loss: 1.038 | Teacher Test Acc: 72.090 | Student Test Loss: 1.294 | Student Test Acc: 64.990 | Teacher Test F1: 0.720 | Student Test F1: 0.650 | Teacher Top 5 Accuracy: 0.924 | Student Top 5 Accuracy: 0.889 | Time: 2.800 | 
Running student landscape probe...
[LR policy] epoch=34 output=residual_log policy_pred=0.441287 predicted_lr=0.004681 cosine_blend=0.000 lr_ema=0.000 cosine_after=0 next_student_lr=0.004681
[Train] Epoch: 35 | Teacher lr=0.0020 | Teacher Loss: 1.163 | Teacher Train Acc: 81.792 | Student lr=0.0047 | Student Train Acc: 74.762 | Time: 125.659 |
[Eval] Epoch: 35 | Teacher Test Loss: 1.031 | Teacher Test Acc: 72.140 | Student Test Loss: 1.267 | Student Test Acc: 65.390 | Teacher Test F1: 0.721 | Student Test F1: 0.654 | Teacher Top 5 Accuracy: 0.925 | Student Top 5 Accuracy: 0.895 | Time: 1.044 | 
Running student landscape probe...
[LR policy] epoch=35 output=residual_log policy_pred=0.443943 predicted_lr=0.001559 cosine_blend=0.000 lr_ema=0.000 cosine_after=0 next_student_lr=0.001559
ckpt location: ckpt/robust12h_industry/residgru_lblnoise010_seed2_35ep.pt
