/home/jovyan/.mlspace/envs/egy_llm/lib/python3.11/site-packages/torchvision/datasets/cifar.py:83: VisibleDeprecationWarning: dtype(): align should be passed as Python or NumPy boolean but got `align=0`. Did you mean to pass a tuple to create a subarray type? (Deprecated NumPy 2.4)
  entry = pickle.load(f, encoding="latin1")
depth_list: [110, 20]
[LR policy] output=residual_log train_windows=1020 test_windows=170 test_mse=0.769072 test_mae=0.774285
[NoisyClassificationDataset] num_classes=100 label_noise_rate=0.100 input_noise_std=0.0000 flipped=5009/50000
Dataset information: cifar100	 50000 images for training 	 10000 images for testing	
teacher depth: 110
student depth: 20
Total number of teacher parameters: 1,169,972
Total number of student parameters: 278,132
Snapshots will be saved to: snapshots/robust12h_industry/residgru_lblnoise010_seed3_35ep
==== train and evaluate unequal restart ====
[Eval] Epoch: 0 | Teacher Test Loss: 9743.739 | Teacher Test Acc: 1.130 | Student Test Loss: 5.207 | Student Test Acc: 1.000 | Teacher Test F1: 0.001 | Student Test F1: 0.000 | Teacher Top 5 Accuracy: 0.048 | Student Top 5 Accuracy: 0.047 | Time: 2.779 | 
Running student landscape probe...
[Train] Epoch: 1 | Teacher lr=1.0000 | Teacher Loss: 4.181 | Teacher Train Acc: 7.896 | Student lr=0.0100 | Student Train Acc: 6.158 | Time: 136.472 |
[Eval] Epoch: 1 | Teacher Test Loss: 3.710 | Teacher Test Acc: 12.330 | Student Test Loss: 3.919 | Student Test Acc: 9.940 | Teacher Test F1: 0.086 | Student Test F1: 0.064 | Teacher Top 5 Accuracy: 0.362 | Student Top 5 Accuracy: 0.300 | Time: 2.722 | 
Running student landscape probe...
[LR policy] epoch=1 output=residual_log policy_pred=-0.111274 predicted_lr=0.892894 cosine_blend=0.000 lr_ema=0.000 cosine_after=0 next_student_lr=0.997989
[Train] Epoch: 2 | Teacher lr=0.9980 | Teacher Loss: 3.694 | Teacher Train Acc: 18.006 | Student lr=0.9980 | Student Train Acc: 15.872 | Time: 135.973 |
[Eval] Epoch: 2 | Teacher Test Loss: 3.257 | Teacher Test Acc: 18.750 | Student Test Loss: 3.202 | Student Test Acc: 21.150 | Teacher Test F1: 0.161 | Student Test F1: 0.185 | Teacher Top 5 Accuracy: 0.492 | Student Top 5 Accuracy: 0.516 | Time: 2.772 | 
Running student landscape probe...
[LR policy] epoch=2 output=residual_log policy_pred=-0.094121 predicted_lr=0.902866 cosine_blend=0.000 lr_ema=0.000 cosine_after=0 next_student_lr=0.991973
[Train] Epoch: 3 | Teacher lr=0.9920 | Teacher Loss: 3.281 | Teacher Train Acc: 27.284 | Student lr=0.9920 | Student Train Acc: 34.102 | Time: 132.643 |
[Eval] Epoch: 3 | Teacher Test Loss: 2.975 | Teacher Test Acc: 26.410 | Student Test Loss: 2.983 | Student Test Acc: 25.830 | Teacher Test F1: 0.246 | Student Test F1: 0.250 | Teacher Top 5 Accuracy: 0.573 | Student Top 5 Accuracy: 0.565 | Time: 2.807 | 
Running student landscape probe...
[LR policy] epoch=3 output=residual_log policy_pred=-0.067283 predicted_lr=0.918101 cosine_blend=0.000 lr_ema=0.000 cosine_after=0 next_student_lr=0.981999
[Train] Epoch: 4 | Teacher lr=0.9820 | Teacher Loss: 3.107 | Teacher Train Acc: 32.206 | Student lr=0.9820 | Student Train Acc: 39.890 | Time: 136.226 |
[Eval] Epoch: 4 | Teacher Test Loss: 2.710 | Teacher Test Acc: 30.440 | Student Test Loss: 2.776 | Student Test Acc: 29.890 | Teacher Test F1: 0.282 | Student Test F1: 0.279 | Teacher Top 5 Accuracy: 0.636 | Student Top 5 Accuracy: 0.619 | Time: 2.826 | 
Running student landscape probe...
[LR policy] epoch=4 output=residual_log policy_pred=-0.048723 predicted_lr=0.922109 cosine_blend=0.000 lr_ema=0.000 cosine_after=0 next_student_lr=0.968149
[Train] Epoch: 5 | Teacher lr=0.9681 | Teacher Loss: 2.874 | Teacher Train Acc: 37.754 | Student lr=0.9681 | Student Train Acc: 42.872 | Time: 136.337 |
[Eval] Epoch: 5 | Teacher Test Loss: 2.495 | Teacher Test Acc: 36.180 | Student Test Loss: 2.836 | Student Test Acc: 29.810 | Teacher Test F1: 0.349 | Student Test F1: 0.290 | Teacher Top 5 Accuracy: 0.684 | Student Top 5 Accuracy: 0.611 | Time: 2.811 | 
Running student landscape probe...
[LR policy] epoch=5 output=residual_log policy_pred=0.006253 predicted_lr=0.956496 cosine_blend=0.000 lr_ema=0.000 cosine_after=0 next_student_lr=0.950534
[Train] Epoch: 6 | Teacher lr=0.9505 | Teacher Loss: 2.756 | Teacher Train Acc: 40.908 | Student lr=0.9505 | Student Train Acc: 45.514 | Time: 135.709 |
[Eval] Epoch: 6 | Teacher Test Loss: 2.283 | Teacher Test Acc: 39.300 | Student Test Loss: 2.717 | Student Test Acc: 32.420 | Teacher Test F1: 0.391 | Student Test F1: 0.318 | Teacher Top 5 Accuracy: 0.720 | Student Top 5 Accuracy: 0.631 | Time: 2.736 | 
Running student landscape probe...
[LR policy] epoch=6 output=residual_log policy_pred=0.060536 predicted_lr=0.987288 cosine_blend=0.000 lr_ema=0.000 cosine_after=0 next_student_lr=0.987288
[Train] Epoch: 7 | Teacher lr=0.9292 | Teacher Loss: 2.674 | Teacher Train Acc: 43.252 | Student lr=0.9873 | Student Train Acc: 46.320 | Time: 135.661 |
[Eval] Epoch: 7 | Teacher Test Loss: 2.256 | Teacher Test Acc: 41.050 | Student Test Loss: 2.992 | Student Test Acc: 28.880 | Teacher Test F1: 0.401 | Student Test F1: 0.267 | Teacher Top 5 Accuracy: 0.731 | Student Top 5 Accuracy: 0.590 | Time: 2.648 | 
Running student landscape probe...
[LR policy] epoch=7 output=residual_log policy_pred=0.078365 predicted_lr=0.978345 cosine_blend=0.000 lr_ema=0.000 cosine_after=0 next_student_lr=0.978345
[Train] Epoch: 8 | Teacher lr=0.9045 | Teacher Loss: 2.642 | Teacher Train Acc: 44.372 | Student lr=0.9783 | Student Train Acc: 47.710 | Time: 137.541 |
[Eval] Epoch: 8 | Teacher Test Loss: 2.231 | Teacher Test Acc: 41.730 | Student Test Loss: 2.774 | Student Test Acc: 31.300 | Teacher Test F1: 0.407 | Student Test F1: 0.309 | Teacher Top 5 Accuracy: 0.735 | Student Top 5 Accuracy: 0.631 | Time: 2.617 | 
Running student landscape probe...
[LR policy] epoch=8 output=residual_log policy_pred=0.148630 predicted_lr=1.017138 cosine_blend=0.000 lr_ema=0.000 cosine_after=0 next_student_lr=1.017138
[Train] Epoch: 9 | Teacher lr=0.8765 | Teacher Loss: 2.542 | Teacher Train Acc: 46.864 | Student lr=1.0171 | Student Train Acc: 48.308 | Time: 136.323 |
[Eval] Epoch: 9 | Teacher Test Loss: 2.193 | Teacher Test Acc: 42.750 | Student Test Loss: 2.630 | Student Test Acc: 34.280 | Teacher Test F1: 0.416 | Student Test F1: 0.324 | Teacher Top 5 Accuracy: 0.746 | Student Top 5 Accuracy: 0.664 | Time: 2.548 | 
Running student landscape probe...
[LR policy] epoch=9 output=residual_log policy_pred=0.219323 predicted_lr=1.053077 cosine_blend=0.000 lr_ema=0.000 cosine_after=0 next_student_lr=1.053077
[Train] Epoch: 10 | Teacher lr=0.8455 | Teacher Loss: 2.487 | Teacher Train Acc: 48.578 | Student lr=1.0531 | Student Train Acc: 48.690 | Time: 135.099 |
[Eval] Epoch: 10 | Teacher Test Loss: 1.920 | Teacher Test Acc: 48.960 | Student Test Loss: 2.479 | Student Test Acc: 36.660 | Teacher Test F1: 0.479 | Student Test F1: 0.360 | Teacher Top 5 Accuracy: 0.799 | Student Top 5 Accuracy: 0.684 | Time: 2.468 | 
Running student landscape probe...
[LR policy] epoch=10 output=residual_log policy_pred=0.227790 predicted_lr=1.019643 cosine_blend=0.000 lr_ema=0.000 cosine_after=0 next_student_lr=1.019643
[Train] Epoch: 11 | Teacher lr=0.8117 | Teacher Loss: 2.437 | Teacher Train Acc: 49.904 | Student lr=1.0196 | Student Train Acc: 49.596 | Time: 137.938 |
[Eval] Epoch: 11 | Teacher Test Loss: 1.976 | Teacher Test Acc: 47.860 | Student Test Loss: 2.840 | Student Test Acc: 30.780 | Teacher Test F1: 0.465 | Student Test F1: 0.293 | Teacher Top 5 Accuracy: 0.780 | Student Top 5 Accuracy: 0.617 | Time: 2.409 | 
Running student landscape probe...
[LR policy] epoch=11 output=residual_log policy_pred=0.303552 predicted_lr=1.050775 cosine_blend=0.000 lr_ema=0.000 cosine_after=0 next_student_lr=1.050775
[Train] Epoch: 12 | Teacher lr=0.7754 | Teacher Loss: 2.387 | Teacher Train Acc: 51.532 | Student lr=1.0508 | Student Train Acc: 49.636 | Time: 134.944 |
[Eval] Epoch: 12 | Teacher Test Loss: 1.814 | Teacher Test Acc: 51.230 | Student Test Loss: 3.027 | Student Test Acc: 29.220 | Teacher Test F1: 0.502 | Student Test F1: 0.281 | Teacher Top 5 Accuracy: 0.821 | Student Top 5 Accuracy: 0.596 | Time: 2.317 | 
Running student landscape probe...
[LR policy] epoch=12 output=residual_log policy_pred=0.294354 predicted_lr=0.989510 cosine_blend=0.000 lr_ema=0.000 cosine_after=0 next_student_lr=0.989510
[Train] Epoch: 13 | Teacher lr=0.7369 | Teacher Loss: 2.344 | Teacher Train Acc: 52.552 | Student lr=0.9895 | Student Train Acc: 50.742 | Time: 135.254 |
[Eval] Epoch: 13 | Teacher Test Loss: 1.876 | Teacher Test Acc: 50.330 | Student Test Loss: 2.875 | Student Test Acc: 29.890 | Teacher Test F1: 0.499 | Student Test F1: 0.291 | Teacher Top 5 Accuracy: 0.811 | Student Top 5 Accuracy: 0.619 | Time: 2.069 | 
Running student landscape probe...
[LR policy] epoch=13 output=residual_log policy_pred=0.240333 predicted_lr=0.886122 cosine_blend=0.000 lr_ema=0.000 cosine_after=0 next_student_lr=0.886122
[Train] Epoch: 14 | Teacher lr=0.6965 | Teacher Loss: 2.303 | Teacher Train Acc: 53.648 | Student lr=0.8861 | Student Train Acc: 51.844 | Time: 136.049 |
[Eval] Epoch: 14 | Teacher Test Loss: 1.815 | Teacher Test Acc: 51.460 | Student Test Loss: 2.681 | Student Test Acc: 33.320 | Teacher Test F1: 0.514 | Student Test F1: 0.330 | Teacher Top 5 Accuracy: 0.817 | Student Top 5 Accuracy: 0.654 | Time: 2.135 | 
Running student landscape probe...
[LR policy] epoch=14 output=residual_log policy_pred=0.255298 predicted_lr=0.845316 cosine_blend=0.000 lr_ema=0.000 cosine_after=0 next_student_lr=0.845316
[Train] Epoch: 15 | Teacher lr=0.6545 | Teacher Loss: 2.263 | Teacher Train Acc: 54.846 | Student lr=0.8453 | Student Train Acc: 52.348 | Time: 138.462 |
[Eval] Epoch: 15 | Teacher Test Loss: 1.710 | Teacher Test Acc: 54.030 | Student Test Loss: 2.102 | Student Test Acc: 45.610 | Teacher Test F1: 0.535 | Student Test F1: 0.447 | Teacher Top 5 Accuracy: 0.837 | Student Top 5 Accuracy: 0.760 | Time: 2.137 | 
Running student landscape probe...
[LR policy] epoch=15 output=residual_log policy_pred=0.240436 predicted_lr=0.777898 cosine_blend=0.000 lr_ema=0.000 cosine_after=0 next_student_lr=0.777898
[Train] Epoch: 16 | Teacher lr=0.6113 | Teacher Loss: 2.216 | Teacher Train Acc: 55.812 | Student lr=0.7779 | Student Train Acc: 53.466 | Time: 136.747 |
[Eval] Epoch: 16 | Teacher Test Loss: 1.612 | Teacher Test Acc: 56.580 | Student Test Loss: 2.465 | Student Test Acc: 36.810 | Teacher Test F1: 0.563 | Student Test F1: 0.366 | Teacher Top 5 Accuracy: 0.853 | Student Top 5 Accuracy: 0.699 | Time: 2.226 | 
Running student landscape probe...
[LR policy] epoch=16 output=residual_log policy_pred=0.244422 predicted_lr=0.724695 cosine_blend=0.000 lr_ema=0.000 cosine_after=0 next_student_lr=0.724695
[Train] Epoch: 17 | Teacher lr=0.5671 | Teacher Loss: 2.173 | Teacher Train Acc: 57.052 | Student lr=0.7247 | Student Train Acc: 54.180 | Time: 137.479 |
[Eval] Epoch: 17 | Teacher Test Loss: 1.680 | Teacher Test Acc: 54.050 | Student Test Loss: 2.654 | Student Test Acc: 33.090 | Teacher Test F1: 0.541 | Student Test F1: 0.339 | Teacher Top 5 Accuracy: 0.843 | Student Top 5 Accuracy: 0.672 | Time: 2.477 | 
Running student landscape probe...
[LR policy] epoch=17 output=residual_log policy_pred=0.237208 predicted_lr=0.662896 cosine_blend=0.000 lr_ema=0.000 cosine_after=0 next_student_lr=0.662896
[Train] Epoch: 18 | Teacher lr=0.5224 | Teacher Loss: 2.132 | Teacher Train Acc: 57.920 | Student lr=0.6629 | Student Train Acc: 54.734 | Time: 138.382 |
[Eval] Epoch: 18 | Teacher Test Loss: 1.625 | Teacher Test Acc: 56.870 | Student Test Loss: 2.007 | Student Test Acc: 47.220 | Teacher Test F1: 0.562 | Student Test F1: 0.467 | Teacher Top 5 Accuracy: 0.841 | Student Top 5 Accuracy: 0.774 | Time: 2.480 | 
Running student landscape probe...
[LR policy] epoch=18 output=residual_log policy_pred=0.240384 predicted_lr=0.608005 cosine_blend=0.000 lr_ema=0.000 cosine_after=0 next_student_lr=0.608005
[Train] Epoch: 19 | Teacher lr=0.4776 | Teacher Loss: 2.086 | Teacher Train Acc: 59.170 | Student lr=0.6080 | Student Train Acc: 55.628 | Time: 135.972 |
[Eval] Epoch: 19 | Teacher Test Loss: 1.480 | Teacher Test Acc: 59.570 | Student Test Loss: 2.174 | Student Test Acc: 43.160 | Teacher Test F1: 0.592 | Student Test F1: 0.430 | Teacher Top 5 Accuracy: 0.873 | Student Top 5 Accuracy: 0.751 | Time: 2.340 | 
Running student landscape probe...
[LR policy] epoch=19 output=residual_log policy_pred=0.231146 predicted_lr=0.546166 cosine_blend=0.000 lr_ema=0.000 cosine_after=0 next_student_lr=0.546166
[Train] Epoch: 20 | Teacher lr=0.4329 | Teacher Loss: 2.034 | Teacher Train Acc: 60.558 | Student lr=0.5462 | Student Train Acc: 56.536 | Time: 138.086 |
[Eval] Epoch: 20 | Teacher Test Loss: 1.485 | Teacher Test Acc: 60.010 | Student Test Loss: 2.451 | Student Test Acc: 39.560 | Teacher Test F1: 0.600 | Student Test F1: 0.391 | Teacher Top 5 Accuracy: 0.875 | Student Top 5 Accuracy: 0.697 | Time: 2.488 | 
Running student landscape probe...
[LR policy] epoch=20 output=residual_log policy_pred=0.213227 predicted_lr=0.481886 cosine_blend=0.000 lr_ema=0.000 cosine_after=0 next_student_lr=0.481886
[Train] Epoch: 21 | Teacher lr=0.3887 | Teacher Loss: 1.990 | Teacher Train Acc: 61.804 | Student lr=0.4819 | Student Train Acc: 57.602 | Time: 137.845 |
[Eval] Epoch: 21 | Teacher Test Loss: 1.410 | Teacher Test Acc: 61.310 | Student Test Loss: 2.566 | Student Test Acc: 36.520 | Teacher Test F1: 0.611 | Student Test F1: 0.367 | Teacher Top 5 Accuracy: 0.883 | Student Top 5 Accuracy: 0.693 | Time: 2.394 | 
Running student landscape probe...
[LR policy] epoch=21 output=residual_log policy_pred=0.247301 predicted_lr=0.443262 cosine_blend=0.000 lr_ema=0.000 cosine_after=0 next_student_lr=0.443262
[Train] Epoch: 22 | Teacher lr=0.3455 | Teacher Loss: 1.938 | Teacher Train Acc: 63.104 | Student lr=0.4433 | Student Train Acc: 58.406 | Time: 137.438 |
[Eval] Epoch: 22 | Teacher Test Loss: 1.404 | Teacher Test Acc: 61.650 | Student Test Loss: 1.913 | Student Test Acc: 49.520 | Teacher Test F1: 0.618 | Student Test F1: 0.500 | Teacher Top 5 Accuracy: 0.883 | Student Top 5 Accuracy: 0.796 | Time: 2.290 | 
Running student landscape probe...
[LR policy] epoch=22 output=residual_log policy_pred=0.255600 predicted_lr=0.392773 cosine_blend=0.000 lr_ema=0.000 cosine_after=0 next_student_lr=0.392773
[Train] Epoch: 23 | Teacher lr=0.3035 | Teacher Loss: 1.888 | Teacher Train Acc: 64.170 | Student lr=0.3928 | Student Train Acc: 59.310 | Time: 137.604 |
[Eval] Epoch: 23 | Teacher Test Loss: 1.350 | Teacher Test Acc: 63.260 | Student Test Loss: 2.495 | Student Test Acc: 38.570 | Teacher Test F1: 0.630 | Student Test F1: 0.372 | Teacher Top 5 Accuracy: 0.890 | Student Top 5 Accuracy: 0.693 | Time: 2.207 | 
Running student landscape probe...
[LR policy] epoch=23 output=residual_log policy_pred=0.330612 predicted_lr=0.367166 cosine_blend=0.000 lr_ema=0.000 cosine_after=0 next_student_lr=0.367166
[Train] Epoch: 24 | Teacher lr=0.2631 | Teacher Loss: 1.834 | Teacher Train Acc: 65.958 | Student lr=0.3672 | Student Train Acc: 60.038 | Time: 134.786 |
[Eval] Epoch: 24 | Teacher Test Loss: 1.336 | Teacher Test Acc: 63.550 | Student Test Loss: 2.080 | Student Test Acc: 46.980 | Teacher Test F1: 0.634 | Student Test F1: 0.477 | Teacher Top 5 Accuracy: 0.891 | Student Top 5 Accuracy: 0.757 | Time: 2.421 | 
Running student landscape probe...
[LR policy] epoch=24 output=residual_log policy_pred=0.346120 predicted_lr=0.318516 cosine_blend=0.000 lr_ema=0.000 cosine_after=0 next_student_lr=0.318516
[Train] Epoch: 25 | Teacher lr=0.2246 | Teacher Loss: 1.773 | Teacher Train Acc: 67.504 | Student lr=0.3185 | Student Train Acc: 60.838 | Time: 135.413 |
[Eval] Epoch: 25 | Teacher Test Loss: 1.282 | Teacher Test Acc: 65.020 | Student Test Loss: 1.679 | Student Test Acc: 55.060 | Teacher Test F1: 0.651 | Student Test F1: 0.553 | Teacher Top 5 Accuracy: 0.900 | Student Top 5 Accuracy: 0.835 | Time: 2.538 | 
Running student landscape probe...
[LR policy] epoch=25 output=residual_log policy_pred=0.377793 predicted_lr=0.275860 cosine_blend=0.000 lr_ema=0.000 cosine_after=0 next_student_lr=0.275860
[Train] Epoch: 26 | Teacher lr=0.1883 | Teacher Loss: 1.717 | Teacher Train Acc: 68.966 | Student lr=0.2759 | Student Train Acc: 61.914 | Time: 136.716 |
[Eval] Epoch: 26 | Teacher Test Loss: 1.254 | Teacher Test Acc: 66.020 | Student Test Loss: 1.894 | Student Test Acc: 50.360 | Teacher Test F1: 0.659 | Student Test F1: 0.500 | Teacher Top 5 Accuracy: 0.904 | Student Top 5 Accuracy: 0.793 | Time: 2.529 | 
Running student landscape probe...
[LR policy] epoch=26 output=residual_log policy_pred=0.384434 predicted_lr=0.228123 cosine_blend=0.000 lr_ema=0.000 cosine_after=0 next_student_lr=0.228123
[Train] Epoch: 27 | Teacher lr=0.1545 | Teacher Loss: 1.646 | Teacher Train Acc: 70.684 | Student lr=0.2281 | Student Train Acc: 63.312 | Time: 137.608 |
[Eval] Epoch: 27 | Teacher Test Loss: 1.219 | Teacher Test Acc: 66.760 | Student Test Loss: 2.015 | Student Test Acc: 47.450 | Teacher Test F1: 0.668 | Student Test F1: 0.481 | Teacher Top 5 Accuracy: 0.906 | Student Top 5 Accuracy: 0.782 | Time: 2.549 | 
Running student landscape probe...
[LR policy] epoch=27 output=residual_log policy_pred=0.360644 predicted_lr=0.178336 cosine_blend=0.000 lr_ema=0.000 cosine_after=0 next_student_lr=0.178336
[Train] Epoch: 28 | Teacher lr=0.1235 | Teacher Loss: 1.577 | Teacher Train Acc: 72.276 | Student lr=0.1783 | Student Train Acc: 64.666 | Time: 138.369 |
[Eval] Epoch: 28 | Teacher Test Loss: 1.197 | Teacher Test Acc: 68.170 | Student Test Loss: 1.602 | Student Test Acc: 57.970 | Teacher Test F1: 0.682 | Student Test F1: 0.577 | Teacher Top 5 Accuracy: 0.913 | Student Top 5 Accuracy: 0.849 | Time: 2.560 | 
Running student landscape probe...
[LR policy] epoch=28 output=residual_log policy_pred=0.309919 predicted_lr=0.131418 cosine_blend=0.000 lr_ema=0.000 cosine_after=0 next_student_lr=0.131418
[Train] Epoch: 29 | Teacher lr=0.0955 | Teacher Loss: 1.502 | Teacher Train Acc: 74.318 | Student lr=0.1314 | Student Train Acc: 66.408 | Time: 133.708 |
[Eval] Epoch: 29 | Teacher Test Loss: 1.147 | Teacher Test Acc: 69.340 | Student Test Loss: 1.704 | Student Test Acc: 54.960 | Teacher Test F1: 0.695 | Student Test F1: 0.553 | Teacher Top 5 Accuracy: 0.915 | Student Top 5 Accuracy: 0.827 | Time: 2.464 | 
Running student landscape probe...
[LR policy] epoch=29 output=residual_log policy_pred=0.309502 predicted_lr=0.097715 cosine_blend=0.000 lr_ema=0.000 cosine_after=0 next_student_lr=0.097715
[Train] Epoch: 30 | Teacher lr=0.0708 | Teacher Loss: 1.431 | Teacher Train Acc: 76.024 | Student lr=0.0977 | Student Train Acc: 68.232 | Time: 138.682 |
[Eval] Epoch: 30 | Teacher Test Loss: 1.092 | Teacher Test Acc: 69.830 | Student Test Loss: 1.407 | Student Test Acc: 62.740 | Teacher Test F1: 0.699 | Student Test F1: 0.624 | Teacher Top 5 Accuracy: 0.918 | Student Top 5 Accuracy: 0.873 | Time: 2.559 | 
Running student landscape probe...
[LR policy] epoch=30 output=residual_log policy_pred=0.325390 predicted_lr=0.069874 cosine_blend=0.000 lr_ema=0.000 cosine_after=0 next_student_lr=0.069874
[Train] Epoch: 31 | Teacher lr=0.0495 | Teacher Loss: 1.362 | Teacher Train Acc: 77.500 | Student lr=0.0699 | Student Train Acc: 69.582 | Time: 138.843 |
[Eval] Epoch: 31 | Teacher Test Loss: 1.072 | Teacher Test Acc: 70.990 | Student Test Loss: 1.408 | Student Test Acc: 62.410 | Teacher Test F1: 0.710 | Student Test F1: 0.624 | Teacher Top 5 Accuracy: 0.922 | Student Top 5 Accuracy: 0.873 | Time: 2.489 | 
Running student landscape probe...
[LR policy] epoch=31 output=residual_log policy_pred=0.270832 predicted_lr=0.043069 cosine_blend=0.000 lr_ema=0.000 cosine_after=0 next_student_lr=0.043069
[Train] Epoch: 32 | Teacher lr=0.0319 | Teacher Loss: 1.291 | Teacher Train Acc: 79.146 | Student lr=0.0431 | Student Train Acc: 71.468 | Time: 134.146 |
[Eval] Epoch: 32 | Teacher Test Loss: 1.053 | Teacher Test Acc: 71.400 | Student Test Loss: 1.358 | Student Test Acc: 63.840 | Teacher Test F1: 0.714 | Student Test F1: 0.637 | Teacher Top 5 Accuracy: 0.926 | Student Top 5 Accuracy: 0.877 | Time: 2.502 | 
Running student landscape probe...
[LR policy] epoch=32 output=residual_log policy_pred=0.269134 predicted_lr=0.024869 cosine_blend=0.000 lr_ema=0.000 cosine_after=0 next_student_lr=0.024869
[Train] Epoch: 33 | Teacher lr=0.0180 | Teacher Loss: 1.230 | Teacher Train Acc: 80.330 | Student lr=0.0249 | Student Train Acc: 72.930 | Time: 138.088 |
[Eval] Epoch: 33 | Teacher Test Loss: 1.045 | Teacher Test Acc: 71.530 | Student Test Loss: 1.282 | Student Test Acc: 65.600 | Teacher Test F1: 0.715 | Student Test F1: 0.656 | Teacher Top 5 Accuracy: 0.925 | Student Top 5 Accuracy: 0.891 | Time: 2.543 | 
Running student landscape probe...
[LR policy] epoch=33 output=residual_log policy_pred=0.232265 predicted_lr=0.011387 cosine_blend=0.000 lr_ema=0.000 cosine_after=0 next_student_lr=0.011387
[Train] Epoch: 34 | Teacher lr=0.0080 | Teacher Loss: 1.186 | Teacher Train Acc: 81.320 | Student lr=0.0114 | Student Train Acc: 74.112 | Time: 137.874 |
[Eval] Epoch: 34 | Teacher Test Loss: 1.037 | Teacher Test Acc: 71.760 | Student Test Loss: 1.266 | Student Test Acc: 65.790 | Teacher Test F1: 0.717 | Student Test F1: 0.659 | Teacher Top 5 Accuracy: 0.927 | Student Top 5 Accuracy: 0.893 | Time: 2.535 | 
Running student landscape probe...
[LR policy] epoch=34 output=residual_log policy_pred=0.242261 predicted_lr=0.003836 cosine_blend=0.000 lr_ema=0.000 cosine_after=0 next_student_lr=0.003836
[Train] Epoch: 35 | Teacher lr=0.0020 | Teacher Loss: 1.158 | Teacher Train Acc: 81.820 | Student lr=0.0038 | Student Train Acc: 74.960 | Time: 138.445 |
[Eval] Epoch: 35 | Teacher Test Loss: 1.029 | Teacher Test Acc: 72.020 | Student Test Loss: 1.244 | Student Test Acc: 66.470 | Teacher Test F1: 0.720 | Student Test F1: 0.664 | Teacher Top 5 Accuracy: 0.927 | Student Top 5 Accuracy: 0.896 | Time: 2.499 | 
Running student landscape probe...
[LR policy] epoch=35 output=residual_log policy_pred=0.266083 predicted_lr=0.001305 cosine_blend=0.000 lr_ema=0.000 cosine_after=0 next_student_lr=0.001305
ckpt location: ckpt/robust12h_industry/residgru_lblnoise010_seed3_35ep.pt
