/home/jovyan/.mlspace/envs/egy_llm/lib/python3.11/site-packages/torchvision/datasets/cifar.py:83: VisibleDeprecationWarning: dtype(): align should be passed as Python or NumPy boolean but got `align=0`. Did you mean to pass a tuple to create a subarray type? (Deprecated NumPy 2.4)
  entry = pickle.load(f, encoding="latin1")
depth_list: [110, 20]
[LR policy] output=residual_log train_windows=1020 test_windows=170 test_mse=0.881219 test_mae=0.798606
[NoisyClassificationDataset] num_classes=100 label_noise_rate=0.300 input_noise_std=0.0000 flipped=14860/50000
Dataset information: cifar100	 50000 images for training 	 10000 images for testing	
teacher depth: 110
student depth: 20
Total number of teacher parameters: 1,169,972
Total number of student parameters: 278,132
Snapshots will be saved to: snapshots/robust12h_industry/residgru_lblnoise030_seed2_35ep
==== train and evaluate unequal restart ====
[Eval] Epoch: 0 | Teacher Test Loss: 11623.433 | Teacher Test Acc: 1.000 | Student Test Loss: 6.044 | Student Test Acc: 1.110 | Teacher Test F1: 0.000 | Student Test F1: 0.000 | Teacher Top 5 Accuracy: 0.049 | Student Top 5 Accuracy: 0.052 | Time: 3.079 | 
Running student landscape probe...
[Train] Epoch: 1 | Teacher lr=1.0000 | Teacher Loss: 4.440 | Teacher Train Acc: 4.460 | Student lr=0.0100 | Student Train Acc: 4.266 | Time: 138.303 |
[Eval] Epoch: 1 | Teacher Test Loss: 4.002 | Teacher Test Acc: 9.030 | Student Test Loss: 4.076 | Student Test Acc: 8.430 | Teacher Test F1: 0.053 | Student Test F1: 0.047 | Teacher Top 5 Accuracy: 0.284 | Student Top 5 Accuracy: 0.273 | Time: 2.775 | 
Running student landscape probe...
[LR policy] epoch=1 output=residual_log policy_pred=-0.326314 predicted_lr=0.720128 cosine_blend=0.000 lr_ema=0.000 cosine_after=0 next_student_lr=0.997989
[Train] Epoch: 2 | Teacher lr=0.9980 | Teacher Loss: 4.227 | Teacher Train Acc: 9.068 | Student lr=0.9980 | Student Train Acc: 10.994 | Time: 135.844 |
[Eval] Epoch: 2 | Teacher Test Loss: 3.785 | Teacher Test Acc: 12.030 | Student Test Loss: 3.448 | Student Test Acc: 17.900 | Teacher Test F1: 0.089 | Student Test F1: 0.146 | Teacher Top 5 Accuracy: 0.358 | Student Top 5 Accuracy: 0.446 | Time: 2.627 | 
Running student landscape probe...
[LR policy] epoch=2 output=residual_log policy_pred=-0.501051 predicted_lr=0.601030 cosine_blend=0.000 lr_ema=0.000 cosine_after=0 next_student_lr=0.991973
[Train] Epoch: 3 | Teacher lr=0.9920 | Teacher Loss: 4.033 | Teacher Train Acc: 14.672 | Student lr=0.9920 | Student Train Acc: 21.680 | Time: 135.101 |
[Eval] Epoch: 3 | Teacher Test Loss: 3.217 | Teacher Test Acc: 21.910 | Student Test Loss: 3.279 | Student Test Acc: 20.770 | Teacher Test F1: 0.196 | Student Test F1: 0.192 | Teacher Top 5 Accuracy: 0.520 | Student Top 5 Accuracy: 0.511 | Time: 2.605 | 
Running student landscape probe...
[LR policy] epoch=3 output=residual_log policy_pred=-0.645462 predicted_lr=0.514980 cosine_blend=0.000 lr_ema=0.000 cosine_after=0 next_student_lr=0.981999
[Train] Epoch: 4 | Teacher lr=0.9820 | Teacher Loss: 3.838 | Teacher Train Acc: 19.982 | Student lr=0.9820 | Student Train Acc: 26.736 | Time: 138.973 |
[Eval] Epoch: 4 | Teacher Test Loss: 2.825 | Teacher Test Acc: 29.440 | Student Test Loss: 3.473 | Student Test Acc: 18.240 | Teacher Test F1: 0.271 | Student Test F1: 0.179 | Teacher Top 5 Accuracy: 0.623 | Student Top 5 Accuracy: 0.469 | Time: 2.826 | 
Running student landscape probe...
[LR policy] epoch=4 output=residual_log policy_pred=-0.750449 predicted_lr=0.457116 cosine_blend=0.000 lr_ema=0.000 cosine_after=0 next_student_lr=0.968149
[Train] Epoch: 5 | Teacher lr=0.9681 | Teacher Loss: 3.708 | Teacher Train Acc: 23.546 | Student lr=0.9681 | Student Train Acc: 29.190 | Time: 133.930 |
[Eval] Epoch: 5 | Teacher Test Loss: 2.897 | Teacher Test Acc: 29.410 | Student Test Loss: 3.061 | Student Test Acc: 24.790 | Teacher Test F1: 0.281 | Student Test F1: 0.235 | Teacher Top 5 Accuracy: 0.627 | Student Top 5 Accuracy: 0.558 | Time: 2.842 | 
Running student landscape probe...
[LR policy] epoch=5 output=residual_log policy_pred=-0.828027 predicted_lr=0.415298 cosine_blend=0.000 lr_ema=0.000 cosine_after=0 next_student_lr=0.950534
[Train] Epoch: 6 | Teacher lr=0.9505 | Teacher Loss: 3.606 | Teacher Train Acc: 26.396 | Student lr=0.9505 | Student Train Acc: 31.032 | Time: 136.060 |
[Eval] Epoch: 6 | Teacher Test Loss: 2.580 | Teacher Test Acc: 36.170 | Student Test Loss: 3.184 | Student Test Acc: 22.910 | Teacher Test F1: 0.342 | Student Test F1: 0.191 | Teacher Top 5 Accuracy: 0.695 | Student Top 5 Accuracy: 0.525 | Time: 2.816 | 
Running student landscape probe...
[LR policy] epoch=6 output=residual_log policy_pred=-0.886518 predicted_lr=0.382951 cosine_blend=0.000 lr_ema=0.000 cosine_after=0 next_student_lr=0.382951
[Train] Epoch: 7 | Teacher lr=0.9292 | Teacher Loss: 3.534 | Teacher Train Acc: 28.178 | Student lr=0.3830 | Student Train Acc: 36.198 | Time: 138.257 |
[Eval] Epoch: 7 | Teacher Test Loss: 2.690 | Teacher Test Acc: 33.590 | Student Test Loss: 2.361 | Student Test Acc: 42.050 | Teacher Test F1: 0.322 | Student Test F1: 0.405 | Teacher Top 5 Accuracy: 0.650 | Student Top 5 Accuracy: 0.735 | Time: 2.539 | 
Running student landscape probe...
[LR policy] epoch=7 output=residual_log policy_pred=-0.931290 predicted_lr=0.356455 cosine_blend=0.000 lr_ema=0.000 cosine_after=0 next_student_lr=0.356455
[Train] Epoch: 8 | Teacher lr=0.9045 | Teacher Loss: 3.481 | Teacher Train Acc: 29.934 | Student lr=0.3565 | Student Train Acc: 37.464 | Time: 135.904 |
[Eval] Epoch: 8 | Teacher Test Loss: 2.479 | Teacher Test Acc: 39.020 | Student Test Loss: 2.482 | Student Test Acc: 39.880 | Teacher Test F1: 0.374 | Student Test F1: 0.393 | Teacher Top 5 Accuracy: 0.702 | Student Top 5 Accuracy: 0.718 | Time: 2.841 | 
Running student landscape probe...
[LR policy] epoch=8 output=residual_log policy_pred=-0.957294 predicted_lr=0.336576 cosine_blend=0.000 lr_ema=0.000 cosine_after=0 next_student_lr=0.336576
[Train] Epoch: 9 | Teacher lr=0.8765 | Teacher Loss: 3.434 | Teacher Train Acc: 31.258 | Student lr=0.3366 | Student Train Acc: 38.524 | Time: 135.381 |
[Eval] Epoch: 9 | Teacher Test Loss: 2.471 | Teacher Test Acc: 40.070 | Student Test Loss: 2.431 | Student Test Acc: 41.220 | Teacher Test F1: 0.397 | Student Test F1: 0.406 | Teacher Top 5 Accuracy: 0.719 | Student Top 5 Accuracy: 0.740 | Time: 2.547 | 
Running student landscape probe...
[LR policy] epoch=9 output=residual_log policy_pred=-0.979695 predicted_lr=0.317492 cosine_blend=0.000 lr_ema=0.000 cosine_after=0 next_student_lr=0.317492
[Train] Epoch: 10 | Teacher lr=0.8455 | Teacher Loss: 3.396 | Teacher Train Acc: 31.944 | Student lr=0.3175 | Student Train Acc: 39.216 | Time: 136.550 |
[Eval] Epoch: 10 | Teacher Test Loss: 2.412 | Teacher Test Acc: 39.840 | Student Test Loss: 2.302 | Student Test Acc: 44.680 | Teacher Test F1: 0.392 | Student Test F1: 0.437 | Teacher Top 5 Accuracy: 0.718 | Student Top 5 Accuracy: 0.747 | Time: 2.593 | 
Running student landscape probe...
[LR policy] epoch=10 output=residual_log policy_pred=-0.973515 predicted_lr=0.306710 cosine_blend=0.000 lr_ema=0.000 cosine_after=0 next_student_lr=0.306710
[Train] Epoch: 11 | Teacher lr=0.8117 | Teacher Loss: 3.357 | Teacher Train Acc: 33.632 | Student lr=0.3067 | Student Train Acc: 40.254 | Time: 138.059 |
[Eval] Epoch: 11 | Teacher Test Loss: 2.512 | Teacher Test Acc: 37.130 | Student Test Loss: 2.237 | Student Test Acc: 44.730 | Teacher Test F1: 0.359 | Student Test F1: 0.439 | Teacher Top 5 Accuracy: 0.710 | Student Top 5 Accuracy: 0.766 | Time: 2.482 | 
Running student landscape probe...
[LR policy] epoch=11 output=residual_log policy_pred=-0.948864 predicted_lr=0.300326 cosine_blend=0.000 lr_ema=0.000 cosine_after=0 next_student_lr=0.300326
[Train] Epoch: 12 | Teacher lr=0.7754 | Teacher Loss: 3.324 | Teacher Train Acc: 34.230 | Student lr=0.3003 | Student Train Acc: 40.524 | Time: 136.301 |
[Eval] Epoch: 12 | Teacher Test Loss: 2.392 | Teacher Test Acc: 41.350 | Student Test Loss: 2.307 | Student Test Acc: 43.210 | Teacher Test F1: 0.406 | Student Test F1: 0.428 | Teacher Top 5 Accuracy: 0.724 | Student Top 5 Accuracy: 0.747 | Time: 2.546 | 
Running student landscape probe...
[LR policy] epoch=12 output=residual_log policy_pred=-0.941059 predicted_lr=0.287665 cosine_blend=0.000 lr_ema=0.000 cosine_after=0 next_student_lr=0.287665
[Train] Epoch: 13 | Teacher lr=0.7369 | Teacher Loss: 3.304 | Teacher Train Acc: 34.950 | Student lr=0.2877 | Student Train Acc: 41.346 | Time: 136.133 |
[Eval] Epoch: 13 | Teacher Test Loss: 2.256 | Teacher Test Acc: 44.780 | Student Test Loss: 2.377 | Student Test Acc: 41.940 | Teacher Test F1: 0.443 | Student Test F1: 0.417 | Teacher Top 5 Accuracy: 0.754 | Student Top 5 Accuracy: 0.724 | Time: 2.551 | 
Running student landscape probe...
[LR policy] epoch=13 output=residual_log policy_pred=-0.946531 predicted_lr=0.270424 cosine_blend=0.000 lr_ema=0.000 cosine_after=0 next_student_lr=0.270424
[Train] Epoch: 14 | Teacher lr=0.6965 | Teacher Loss: 3.256 | Teacher Train Acc: 36.072 | Student lr=0.2704 | Student Train Acc: 42.012 | Time: 138.225 |
[Eval] Epoch: 14 | Teacher Test Loss: 2.167 | Teacher Test Acc: 46.080 | Student Test Loss: 2.380 | Student Test Acc: 41.820 | Teacher Test F1: 0.449 | Student Test F1: 0.408 | Teacher Top 5 Accuracy: 0.775 | Student Top 5 Accuracy: 0.736 | Time: 2.528 | 
Running student landscape probe...
[LR policy] epoch=14 output=residual_log policy_pred=-0.942960 predicted_lr=0.255048 cosine_blend=0.000 lr_ema=0.000 cosine_after=0 next_student_lr=0.255048
[Train] Epoch: 15 | Teacher lr=0.6545 | Teacher Loss: 3.224 | Teacher Train Acc: 36.956 | Student lr=0.2550 | Student Train Acc: 42.564 | Time: 137.913 |
[Eval] Epoch: 15 | Teacher Test Loss: 2.366 | Teacher Test Acc: 42.400 | Student Test Loss: 2.414 | Student Test Acc: 42.240 | Teacher Test F1: 0.424 | Student Test F1: 0.425 | Teacher Top 5 Accuracy: 0.736 | Student Top 5 Accuracy: 0.730 | Time: 2.604 | 
Running student landscape probe...
[LR policy] epoch=15 output=residual_log policy_pred=-0.932724 predicted_lr=0.240672 cosine_blend=0.000 lr_ema=0.000 cosine_after=0 next_student_lr=0.240672
[Train] Epoch: 16 | Teacher lr=0.6113 | Teacher Loss: 3.188 | Teacher Train Acc: 37.998 | Student lr=0.2407 | Student Train Acc: 43.102 | Time: 138.072 |
[Eval] Epoch: 16 | Teacher Test Loss: 2.098 | Teacher Test Acc: 48.470 | Student Test Loss: 2.181 | Student Test Acc: 47.710 | Teacher Test F1: 0.476 | Student Test F1: 0.472 | Teacher Top 5 Accuracy: 0.788 | Student Top 5 Accuracy: 0.777 | Time: 2.511 | 
Running student landscape probe...
[LR policy] epoch=16 output=residual_log policy_pred=-0.929699 predicted_lr=0.223996 cosine_blend=0.000 lr_ema=0.000 cosine_after=0 next_student_lr=0.223996
[Train] Epoch: 17 | Teacher lr=0.5671 | Teacher Loss: 3.155 | Teacher Train Acc: 39.096 | Student lr=0.2240 | Student Train Acc: 43.862 | Time: 136.294 |
[Eval] Epoch: 17 | Teacher Test Loss: 2.463 | Teacher Test Acc: 38.740 | Student Test Loss: 2.718 | Student Test Acc: 35.020 | Teacher Test F1: 0.387 | Student Test F1: 0.356 | Teacher Top 5 Accuracy: 0.711 | Student Top 5 Accuracy: 0.658 | Time: 2.669 | 
Running student landscape probe...
[LR policy] epoch=17 output=residual_log policy_pred=-0.927996 predicted_lr=0.206730 cosine_blend=0.000 lr_ema=0.000 cosine_after=0 next_student_lr=0.206730
[Train] Epoch: 18 | Teacher lr=0.5224 | Teacher Loss: 3.126 | Teacher Train Acc: 39.680 | Student lr=0.2067 | Student Train Acc: 44.402 | Time: 136.633 |
[Eval] Epoch: 18 | Teacher Test Loss: 2.087 | Teacher Test Acc: 50.050 | Student Test Loss: 2.220 | Student Test Acc: 46.530 | Teacher Test F1: 0.493 | Student Test F1: 0.461 | Teacher Top 5 Accuracy: 0.797 | Student Top 5 Accuracy: 0.763 | Time: 2.592 | 
Running student landscape probe...
[LR policy] epoch=18 output=residual_log policy_pred=-0.924986 predicted_lr=0.189580 cosine_blend=0.000 lr_ema=0.000 cosine_after=0 next_student_lr=0.189580
[Train] Epoch: 19 | Teacher lr=0.4776 | Teacher Loss: 3.087 | Teacher Train Acc: 40.650 | Student lr=0.1896 | Student Train Acc: 44.874 | Time: 137.336 |
[Eval] Epoch: 19 | Teacher Test Loss: 1.971 | Teacher Test Acc: 51.760 | Student Test Loss: 2.099 | Student Test Acc: 48.440 | Teacher Test F1: 0.509 | Student Test F1: 0.483 | Teacher Top 5 Accuracy: 0.813 | Student Top 5 Accuracy: 0.782 | Time: 2.663 | 
Running student landscape probe...
[LR policy] epoch=19 output=residual_log policy_pred=-0.925087 predicted_lr=0.171862 cosine_blend=0.000 lr_ema=0.000 cosine_after=0 next_student_lr=0.171862
[Train] Epoch: 20 | Teacher lr=0.4329 | Teacher Loss: 3.047 | Teacher Train Acc: 41.846 | Student lr=0.1719 | Student Train Acc: 45.602 | Time: 139.378 |
[Eval] Epoch: 20 | Teacher Test Loss: 2.040 | Teacher Test Acc: 49.940 | Student Test Loss: 2.082 | Student Test Acc: 50.560 | Teacher Test F1: 0.502 | Student Test F1: 0.498 | Teacher Top 5 Accuracy: 0.794 | Student Top 5 Accuracy: 0.797 | Time: 2.678 | 
Running student landscape probe...
[LR policy] epoch=20 output=residual_log policy_pred=-0.929393 predicted_lr=0.153713 cosine_blend=0.000 lr_ema=0.000 cosine_after=0 next_student_lr=0.153713
[Train] Epoch: 21 | Teacher lr=0.3887 | Teacher Loss: 3.012 | Teacher Train Acc: 42.710 | Student lr=0.1537 | Student Train Acc: 46.166 | Time: 137.253 |
[Eval] Epoch: 21 | Teacher Test Loss: 1.965 | Teacher Test Acc: 52.920 | Student Test Loss: 2.225 | Student Test Acc: 46.200 | Teacher Test F1: 0.524 | Student Test F1: 0.465 | Teacher Top 5 Accuracy: 0.820 | Student Top 5 Accuracy: 0.758 | Time: 2.605 | 
Running student landscape probe...
[LR policy] epoch=21 output=residual_log policy_pred=-0.933037 predicted_lr=0.136159 cosine_blend=0.000 lr_ema=0.000 cosine_after=0 next_student_lr=0.136159
[Train] Epoch: 22 | Teacher lr=0.3455 | Teacher Loss: 2.973 | Teacher Train Acc: 43.500 | Student lr=0.1362 | Student Train Acc: 46.784 | Time: 137.154 |
[Eval] Epoch: 22 | Teacher Test Loss: 1.892 | Teacher Test Acc: 54.110 | Student Test Loss: 2.133 | Student Test Acc: 49.150 | Teacher Test F1: 0.536 | Student Test F1: 0.487 | Teacher Top 5 Accuracy: 0.820 | Student Top 5 Accuracy: 0.777 | Time: 2.620 | 
Running student landscape probe...
[LR policy] epoch=22 output=residual_log policy_pred=-0.934314 predicted_lr=0.119500 cosine_blend=0.000 lr_ema=0.000 cosine_after=0 next_student_lr=0.119500
[Train] Epoch: 23 | Teacher lr=0.3035 | Teacher Loss: 2.923 | Teacher Train Acc: 44.870 | Student lr=0.1195 | Student Train Acc: 47.738 | Time: 138.920 |
[Eval] Epoch: 23 | Teacher Test Loss: 1.825 | Teacher Test Acc: 54.790 | Student Test Loss: 1.961 | Student Test Acc: 52.780 | Teacher Test F1: 0.544 | Student Test F1: 0.527 | Teacher Top 5 Accuracy: 0.831 | Student Top 5 Accuracy: 0.804 | Time: 2.633 | 
Running student landscape probe...
[LR policy] epoch=23 output=residual_log policy_pred=-0.932173 predicted_lr=0.103858 cosine_blend=0.000 lr_ema=0.000 cosine_after=0 next_student_lr=0.103858
[Train] Epoch: 24 | Teacher lr=0.2631 | Teacher Loss: 2.876 | Teacher Train Acc: 46.046 | Student lr=0.1039 | Student Train Acc: 48.304 | Time: 136.016 |
[Eval] Epoch: 24 | Teacher Test Loss: 1.767 | Teacher Test Acc: 56.200 | Student Test Loss: 2.039 | Student Test Acc: 51.430 | Teacher Test F1: 0.555 | Student Test F1: 0.505 | Teacher Top 5 Accuracy: 0.841 | Student Top 5 Accuracy: 0.786 | Time: 2.731 | 
Running student landscape probe...
[LR policy] epoch=24 output=residual_log policy_pred=-0.930778 predicted_lr=0.088834 cosine_blend=0.000 lr_ema=0.000 cosine_after=0 next_student_lr=0.088834
[Train] Epoch: 25 | Teacher lr=0.2246 | Teacher Loss: 2.824 | Teacher Train Acc: 47.304 | Student lr=0.0888 | Student Train Acc: 49.282 | Time: 136.401 |
[Eval] Epoch: 25 | Teacher Test Loss: 1.702 | Teacher Test Acc: 59.030 | Student Test Loss: 2.067 | Student Test Acc: 49.990 | Teacher Test F1: 0.588 | Student Test F1: 0.503 | Teacher Top 5 Accuracy: 0.854 | Student Top 5 Accuracy: 0.787 | Time: 2.818 | 
Running student landscape probe...
[LR policy] epoch=25 output=residual_log policy_pred=-0.932605 predicted_lr=0.074403 cosine_blend=0.000 lr_ema=0.000 cosine_after=0 next_student_lr=0.074403
[Train] Epoch: 26 | Teacher lr=0.1883 | Teacher Loss: 2.769 | Teacher Train Acc: 48.444 | Student lr=0.0744 | Student Train Acc: 50.034 | Time: 137.300 |
[Eval] Epoch: 26 | Teacher Test Loss: 1.684 | Teacher Test Acc: 59.090 | Student Test Loss: 1.907 | Student Test Acc: 54.030 | Teacher Test F1: 0.591 | Student Test F1: 0.540 | Teacher Top 5 Accuracy: 0.862 | Student Top 5 Accuracy: 0.815 | Time: 2.861 | 
Running student landscape probe...
[LR policy] epoch=26 output=residual_log policy_pred=-0.931625 predicted_lr=0.061180 cosine_blend=0.000 lr_ema=0.000 cosine_after=0 next_student_lr=0.061180
[Train] Epoch: 27 | Teacher lr=0.1545 | Teacher Loss: 2.708 | Teacher Train Acc: 49.928 | Student lr=0.0612 | Student Train Acc: 50.568 | Time: 134.742 |
[Eval] Epoch: 27 | Teacher Test Loss: 1.635 | Teacher Test Acc: 60.280 | Student Test Loss: 1.866 | Student Test Acc: 54.170 | Teacher Test F1: 0.600 | Student Test F1: 0.542 | Teacher Top 5 Accuracy: 0.861 | Student Top 5 Accuracy: 0.819 | Time: 2.834 | 
Running student landscape probe...
[LR policy] epoch=27 output=residual_log policy_pred=-0.923074 predicted_lr=0.049400 cosine_blend=0.000 lr_ema=0.000 cosine_after=0 next_student_lr=0.049400
[Train] Epoch: 28 | Teacher lr=0.1235 | Teacher Loss: 2.651 | Teacher Train Acc: 51.506 | Student lr=0.0494 | Student Train Acc: 51.554 | Time: 135.586 |
[Eval] Epoch: 28 | Teacher Test Loss: 1.621 | Teacher Test Acc: 61.460 | Student Test Loss: 1.901 | Student Test Acc: 54.850 | Teacher Test F1: 0.611 | Student Test F1: 0.546 | Teacher Top 5 Accuracy: 0.866 | Student Top 5 Accuracy: 0.818 | Time: 2.821 | 
Running student landscape probe...
[LR policy] epoch=28 output=residual_log policy_pred=-0.918485 predicted_lr=0.038474 cosine_blend=0.000 lr_ema=0.000 cosine_after=0 next_student_lr=0.038474
[Train] Epoch: 29 | Teacher lr=0.0955 | Teacher Loss: 2.574 | Teacher Train Acc: 52.932 | Student lr=0.0385 | Student Train Acc: 52.536 | Time: 136.455 |
[Eval] Epoch: 29 | Teacher Test Loss: 1.544 | Teacher Test Acc: 62.290 | Student Test Loss: 1.821 | Student Test Acc: 55.480 | Teacher Test F1: 0.623 | Student Test F1: 0.555 | Teacher Top 5 Accuracy: 0.874 | Student Top 5 Accuracy: 0.826 | Time: 2.820 | 
Running student landscape probe...
[LR policy] epoch=29 output=residual_log policy_pred=-0.916685 predicted_lr=0.028671 cosine_blend=0.000 lr_ema=0.000 cosine_after=0 next_student_lr=0.028671
[Train] Epoch: 30 | Teacher lr=0.0708 | Teacher Loss: 2.508 | Teacher Train Acc: 54.426 | Student lr=0.0287 | Student Train Acc: 53.164 | Time: 136.016 |
[Eval] Epoch: 30 | Teacher Test Loss: 1.521 | Teacher Test Acc: 62.530 | Student Test Loss: 1.787 | Student Test Acc: 56.680 | Teacher Test F1: 0.623 | Student Test F1: 0.565 | Teacher Top 5 Accuracy: 0.873 | Student Top 5 Accuracy: 0.833 | Time: 2.827 | 
Running student landscape probe...
[LR policy] epoch=30 output=residual_log policy_pred=-0.911222 predicted_lr=0.020289 cosine_blend=0.000 lr_ema=0.000 cosine_after=0 next_student_lr=0.020289
[Train] Epoch: 31 | Teacher lr=0.0495 | Teacher Loss: 2.431 | Teacher Train Acc: 56.096 | Student lr=0.0203 | Student Train Acc: 54.236 | Time: 137.727 |
[Eval] Epoch: 31 | Teacher Test Loss: 1.511 | Teacher Test Acc: 63.370 | Student Test Loss: 1.783 | Student Test Acc: 57.000 | Teacher Test F1: 0.633 | Student Test F1: 0.570 | Teacher Top 5 Accuracy: 0.876 | Student Top 5 Accuracy: 0.827 | Time: 2.831 | 
Running student landscape probe...
[LR policy] epoch=31 output=residual_log policy_pred=-0.909380 predicted_lr=0.013231 cosine_blend=0.000 lr_ema=0.000 cosine_after=0 next_student_lr=0.013231
[Train] Epoch: 32 | Teacher lr=0.0319 | Teacher Loss: 2.355 | Teacher Train Acc: 57.612 | Student lr=0.0132 | Student Train Acc: 54.980 | Time: 135.835 |
[Eval] Epoch: 32 | Teacher Test Loss: 1.484 | Teacher Test Acc: 63.920 | Student Test Loss: 1.766 | Student Test Acc: 57.560 | Teacher Test F1: 0.638 | Student Test F1: 0.575 | Teacher Top 5 Accuracy: 0.880 | Student Top 5 Accuracy: 0.828 | Time: 2.655 | 
Running student landscape probe...
[LR policy] epoch=32 output=residual_log policy_pred=-0.906689 predicted_lr=0.007674 cosine_blend=0.000 lr_ema=0.000 cosine_after=0 next_student_lr=0.007674
[Train] Epoch: 33 | Teacher lr=0.0180 | Teacher Loss: 2.288 | Teacher Train Acc: 58.918 | Student lr=0.0077 | Student Train Acc: 55.710 | Time: 136.999 |
[Eval] Epoch: 33 | Teacher Test Loss: 1.476 | Teacher Test Acc: 63.890 | Student Test Loss: 1.722 | Student Test Acc: 58.710 | Teacher Test F1: 0.637 | Student Test F1: 0.586 | Teacher Top 5 Accuracy: 0.878 | Student Top 5 Accuracy: 0.840 | Time: 2.821 | 
Running student landscape probe...
[LR policy] epoch=33 output=residual_log policy_pred=-0.906785 predicted_lr=0.003645 cosine_blend=0.000 lr_ema=0.000 cosine_after=0 next_student_lr=0.003645
[Train] Epoch: 34 | Teacher lr=0.0080 | Teacher Loss: 2.236 | Teacher Train Acc: 60.048 | Student lr=0.0036 | Student Train Acc: 56.612 | Time: 135.841 |
[Eval] Epoch: 34 | Teacher Test Loss: 1.456 | Teacher Test Acc: 64.450 | Student Test Loss: 1.698 | Student Test Acc: 58.950 | Teacher Test F1: 0.643 | Student Test F1: 0.588 | Teacher Top 5 Accuracy: 0.882 | Student Top 5 Accuracy: 0.840 | Time: 2.765 | 
Running student landscape probe...
[LR policy] epoch=34 output=residual_log policy_pred=-0.908485 predicted_lr=0.001214 cosine_blend=0.000 lr_ema=0.000 cosine_after=0 next_student_lr=0.001214
[Train] Epoch: 35 | Teacher lr=0.0020 | Teacher Loss: 2.202 | Teacher Train Acc: 60.654 | Student lr=0.0012 | Student Train Acc: 56.758 | Time: 134.798 |
[Eval] Epoch: 35 | Teacher Test Loss: 1.460 | Teacher Test Acc: 64.590 | Student Test Loss: 1.694 | Student Test Acc: 59.010 | Teacher Test F1: 0.645 | Student Test F1: 0.588 | Teacher Top 5 Accuracy: 0.881 | Student Top 5 Accuracy: 0.839 | Time: 1.685 | 
Running student landscape probe...
[LR policy] epoch=35 output=residual_log policy_pred=-0.908342 predicted_lr=0.001000 cosine_blend=0.000 lr_ema=0.000 cosine_after=0 next_student_lr=0.001000
ckpt location: ckpt/robust12h_industry/residgru_lblnoise030_seed2_35ep.pt
