/home/jovyan/.mlspace/envs/egy_llm/lib/python3.11/site-packages/torchvision/datasets/cifar.py:83: VisibleDeprecationWarning: dtype(): align should be passed as Python or NumPy boolean but got `align=0`. Did you mean to pass a tuple to create a subarray type? (Deprecated NumPy 2.4)
  entry = pickle.load(f, encoding="latin1")
depth_list: [110, 20]
[LR policy] output=residual_log train_windows=1020 test_windows=170 test_mse=0.746269 test_mae=0.703631
[NoisyClassificationDataset] num_classes=100 label_noise_rate=0.200 input_noise_std=0.0000 flipped=9890/50000
Dataset information: cifar100	 50000 images for training 	 10000 images for testing	
teacher depth: 110
student depth: 20
Total number of teacher parameters: 1,169,972
Total number of student parameters: 278,132
Snapshots will be saved to: snapshots/robust12h_industry/residgru_lblnoise020_seed4_35ep
==== train and evaluate unequal restart ====
[Eval] Epoch: 0 | Teacher Test Loss: 8723.027 | Teacher Test Acc: 1.000 | Student Test Loss: 5.114 | Student Test Acc: 0.930 | Teacher Test F1: 0.000 | Student Test F1: 0.001 | Teacher Top 5 Accuracy: 0.050 | Student Top 5 Accuracy: 0.051 | Time: 3.092 | 
Running student landscape probe...
[Train] Epoch: 1 | Teacher lr=1.0000 | Teacher Loss: 4.323 | Teacher Train Acc: 6.188 | Student lr=0.0100 | Student Train Acc: 5.130 | Time: 137.412 |
[Eval] Epoch: 1 | Teacher Test Loss: 3.874 | Teacher Test Acc: 10.550 | Student Test Loss: 3.927 | Student Test Acc: 9.650 | Teacher Test F1: 0.067 | Student Test F1: 0.057 | Teacher Top 5 Accuracy: 0.316 | Student Top 5 Accuracy: 0.301 | Time: 2.842 | 
Running student landscape probe...
[LR policy] epoch=1 output=residual_log policy_pred=-0.236994 predicted_lr=0.787410 cosine_blend=0.000 lr_ema=0.000 cosine_after=0 next_student_lr=0.997989
[Train] Epoch: 2 | Teacher lr=0.9980 | Teacher Loss: 4.050 | Teacher Train Acc: 11.774 | Student lr=0.9980 | Student Train Acc: 11.770 | Time: 136.070 |
[Eval] Epoch: 2 | Teacher Test Loss: 3.585 | Teacher Test Acc: 15.810 | Student Test Loss: 3.407 | Student Test Acc: 18.410 | Teacher Test F1: 0.126 | Student Test F1: 0.155 | Teacher Top 5 Accuracy: 0.413 | Student Top 5 Accuracy: 0.459 | Time: 2.727 | 
Running student landscape probe...
[LR policy] epoch=2 output=residual_log policy_pred=-0.374398 predicted_lr=0.682183 cosine_blend=0.000 lr_ema=0.000 cosine_after=0 next_student_lr=0.991973
[Train] Epoch: 3 | Teacher lr=0.9920 | Teacher Loss: 3.763 | Teacher Train Acc: 19.356 | Student lr=0.9920 | Student Train Acc: 25.786 | Time: 137.161 |
[Eval] Epoch: 3 | Teacher Test Loss: 3.245 | Teacher Test Acc: 21.290 | Student Test Loss: 2.896 | Student Test Acc: 27.380 | Teacher Test F1: 0.186 | Student Test F1: 0.257 | Teacher Top 5 Accuracy: 0.489 | Student Top 5 Accuracy: 0.596 | Time: 2.682 | 
Running student landscape probe...
[LR policy] epoch=3 output=residual_log policy_pred=-0.518753 predicted_lr=0.584547 cosine_blend=0.000 lr_ema=0.000 cosine_after=0 next_student_lr=0.981999
[Train] Epoch: 4 | Teacher lr=0.9820 | Teacher Loss: 3.497 | Teacher Train Acc: 25.942 | Student lr=0.9820 | Student Train Acc: 32.728 | Time: 136.022 |
[Eval] Epoch: 4 | Teacher Test Loss: 2.691 | Teacher Test Acc: 32.040 | Student Test Loss: 2.733 | Student Test Acc: 32.190 | Teacher Test F1: 0.305 | Student Test F1: 0.300 | Teacher Top 5 Accuracy: 0.649 | Student Top 5 Accuracy: 0.628 | Time: 2.694 | 
Running student landscape probe...
[LR policy] epoch=4 output=residual_log policy_pred=-0.655718 predicted_lr=0.502537 cosine_blend=0.000 lr_ema=0.000 cosine_after=0 next_student_lr=0.968149
[Train] Epoch: 5 | Teacher lr=0.9681 | Teacher Loss: 3.326 | Teacher Train Acc: 30.532 | Student lr=0.9681 | Student Train Acc: 35.578 | Time: 138.030 |
[Eval] Epoch: 5 | Teacher Test Loss: 2.651 | Teacher Test Acc: 32.310 | Student Test Loss: 2.822 | Student Test Acc: 29.430 | Teacher Test F1: 0.305 | Student Test F1: 0.287 | Teacher Top 5 Accuracy: 0.646 | Student Top 5 Accuracy: 0.610 | Time: 2.638 | 
Running student landscape probe...
[LR policy] epoch=5 output=residual_log policy_pred=-0.759840 predicted_lr=0.444604 cosine_blend=0.000 lr_ema=0.000 cosine_after=0 next_student_lr=0.950534
[Train] Epoch: 6 | Teacher lr=0.9505 | Teacher Loss: 3.228 | Teacher Train Acc: 33.442 | Student lr=0.9505 | Student Train Acc: 37.790 | Time: 136.278 |
[Eval] Epoch: 6 | Teacher Test Loss: 2.411 | Teacher Test Acc: 37.660 | Student Test Loss: 2.800 | Student Test Acc: 31.190 | Teacher Test F1: 0.361 | Student Test F1: 0.301 | Teacher Top 5 Accuracy: 0.707 | Student Top 5 Accuracy: 0.611 | Time: 2.747 | 
Running student landscape probe...
[LR policy] epoch=6 output=residual_log policy_pred=-0.821573 predicted_lr=0.408648 cosine_blend=0.000 lr_ema=0.000 cosine_after=0 next_student_lr=0.408648
[Train] Epoch: 7 | Teacher lr=0.9292 | Teacher Loss: 3.131 | Teacher Train Acc: 35.594 | Student lr=0.4086 | Student Train Acc: 43.366 | Time: 138.127 |
[Eval] Epoch: 7 | Teacher Test Loss: 2.605 | Teacher Test Acc: 34.130 | Student Test Loss: 2.496 | Student Test Acc: 38.150 | Teacher Test F1: 0.325 | Student Test F1: 0.372 | Teacher Top 5 Accuracy: 0.669 | Student Top 5 Accuracy: 0.699 | Time: 2.681 | 
Running student landscape probe...
[LR policy] epoch=7 output=residual_log policy_pred=-0.866316 predicted_lr=0.380384 cosine_blend=0.000 lr_ema=0.000 cosine_after=0 next_student_lr=0.380384
[Train] Epoch: 8 | Teacher lr=0.9045 | Teacher Loss: 3.070 | Teacher Train Acc: 37.294 | Student lr=0.3804 | Student Train Acc: 44.726 | Time: 138.033 |
[Eval] Epoch: 8 | Teacher Test Loss: 2.334 | Teacher Test Acc: 40.910 | Student Test Loss: 2.190 | Student Test Acc: 43.580 | Teacher Test F1: 0.401 | Student Test F1: 0.435 | Teacher Top 5 Accuracy: 0.735 | Student Top 5 Accuracy: 0.752 | Time: 2.786 | 
Running student landscape probe...
[LR policy] epoch=8 output=residual_log policy_pred=-0.879779 predicted_lr=0.363704 cosine_blend=0.000 lr_ema=0.000 cosine_after=0 next_student_lr=0.363704
[Train] Epoch: 9 | Teacher lr=0.8765 | Teacher Loss: 3.014 | Teacher Train Acc: 39.126 | Student lr=0.3637 | Student Train Acc: 45.716 | Time: 137.695 |
[Eval] Epoch: 9 | Teacher Test Loss: 2.299 | Teacher Test Acc: 40.630 | Student Test Loss: 2.068 | Student Test Acc: 47.310 | Teacher Test F1: 0.396 | Student Test F1: 0.477 | Teacher Top 5 Accuracy: 0.731 | Student Top 5 Accuracy: 0.780 | Time: 2.598 | 
Running student landscape probe...
[LR policy] epoch=9 output=residual_log policy_pred=-0.869493 predicted_lr=0.354481 cosine_blend=0.000 lr_ema=0.000 cosine_after=0 next_student_lr=0.354481
[Train] Epoch: 10 | Teacher lr=0.8455 | Teacher Loss: 2.958 | Teacher Train Acc: 40.058 | Student lr=0.3545 | Student Train Acc: 46.372 | Time: 133.614 |
[Eval] Epoch: 10 | Teacher Test Loss: 2.193 | Teacher Test Acc: 44.240 | Student Test Loss: 2.738 | Student Test Acc: 33.130 | Teacher Test F1: 0.432 | Student Test F1: 0.323 | Teacher Top 5 Accuracy: 0.754 | Student Top 5 Accuracy: 0.638 | Time: 2.744 | 
Running student landscape probe...
[LR policy] epoch=10 output=residual_log policy_pred=-0.824576 predicted_lr=0.355968 cosine_blend=0.000 lr_ema=0.000 cosine_after=0 next_student_lr=0.355968
[Train] Epoch: 11 | Teacher lr=0.8117 | Teacher Loss: 2.912 | Teacher Train Acc: 41.714 | Student lr=0.3560 | Student Train Acc: 46.966 | Time: 135.767 |
[Eval] Epoch: 11 | Teacher Test Loss: 2.169 | Teacher Test Acc: 44.690 | Student Test Loss: 2.000 | Student Test Acc: 48.320 | Teacher Test F1: 0.435 | Student Test F1: 0.480 | Teacher Top 5 Accuracy: 0.755 | Student Top 5 Accuracy: 0.780 | Time: 2.667 | 
Running student landscape probe...
[LR policy] epoch=11 output=residual_log policy_pred=-0.766254 predicted_lr=0.360495 cosine_blend=0.000 lr_ema=0.000 cosine_after=0 next_student_lr=0.360495
[Train] Epoch: 12 | Teacher lr=0.7754 | Teacher Loss: 2.874 | Teacher Train Acc: 43.108 | Student lr=0.3605 | Student Train Acc: 47.508 | Time: 133.799 |
[Eval] Epoch: 12 | Teacher Test Loss: 2.079 | Teacher Test Acc: 46.530 | Student Test Loss: 2.044 | Student Test Acc: 47.890 | Teacher Test F1: 0.454 | Student Test F1: 0.475 | Teacher Top 5 Accuracy: 0.775 | Student Top 5 Accuracy: 0.781 | Time: 2.867 | 
Running student landscape probe...
[LR policy] epoch=12 output=residual_log policy_pred=-0.770078 predicted_lr=0.341305 cosine_blend=0.000 lr_ema=0.000 cosine_after=0 next_student_lr=0.341305
[Train] Epoch: 13 | Teacher lr=0.7369 | Teacher Loss: 2.833 | Teacher Train Acc: 43.986 | Student lr=0.3413 | Student Train Acc: 48.368 | Time: 136.174 |
[Eval] Epoch: 13 | Teacher Test Loss: 2.051 | Teacher Test Acc: 46.900 | Student Test Loss: 2.757 | Student Test Acc: 34.080 | Teacher Test F1: 0.467 | Student Test F1: 0.334 | Teacher Top 5 Accuracy: 0.783 | Student Top 5 Accuracy: 0.631 | Time: 2.758 | 
Running student landscape probe...
[LR policy] epoch=13 output=residual_log policy_pred=-0.780203 predicted_lr=0.319360 cosine_blend=0.000 lr_ema=0.000 cosine_after=0 next_student_lr=0.319360
[Train] Epoch: 14 | Teacher lr=0.6965 | Teacher Loss: 2.783 | Teacher Train Acc: 45.116 | Student lr=0.3194 | Student Train Acc: 48.810 | Time: 138.396 |
[Eval] Epoch: 14 | Teacher Test Loss: 2.023 | Teacher Test Acc: 48.690 | Student Test Loss: 2.178 | Student Test Acc: 45.180 | Teacher Test F1: 0.483 | Student Test F1: 0.446 | Teacher Top 5 Accuracy: 0.793 | Student Top 5 Accuracy: 0.759 | Time: 2.804 | 
Running student landscape probe...
[LR policy] epoch=14 output=residual_log policy_pred=-0.790757 predicted_lr=0.296977 cosine_blend=0.000 lr_ema=0.000 cosine_after=0 next_student_lr=0.296977
[Train] Epoch: 15 | Teacher lr=0.6545 | Teacher Loss: 2.749 | Teacher Train Acc: 46.192 | Student lr=0.2970 | Student Train Acc: 49.736 | Time: 138.067 |
[Eval] Epoch: 15 | Teacher Test Loss: 1.889 | Teacher Test Acc: 50.470 | Student Test Loss: 1.968 | Student Test Acc: 49.180 | Teacher Test F1: 0.508 | Student Test F1: 0.488 | Teacher Top 5 Accuracy: 0.818 | Student Top 5 Accuracy: 0.795 | Time: 2.683 | 
Running student landscape probe...
[LR policy] epoch=15 output=residual_log policy_pred=-0.813887 predicted_lr=0.271041 cosine_blend=0.000 lr_ema=0.000 cosine_after=0 next_student_lr=0.271041
[Train] Epoch: 16 | Teacher lr=0.6113 | Teacher Loss: 2.703 | Teacher Train Acc: 47.354 | Student lr=0.2710 | Student Train Acc: 50.606 | Time: 136.823 |
[Eval] Epoch: 16 | Teacher Test Loss: 1.910 | Teacher Test Acc: 50.770 | Student Test Loss: 1.911 | Student Test Acc: 50.850 | Teacher Test F1: 0.511 | Student Test F1: 0.509 | Teacher Top 5 Accuracy: 0.810 | Student Top 5 Accuracy: 0.807 | Time: 2.618 | 
Running student landscape probe...
[LR policy] epoch=16 output=residual_log policy_pred=-0.800064 predicted_lr=0.255000 cosine_blend=0.000 lr_ema=0.000 cosine_after=0 next_student_lr=0.255000
[Train] Epoch: 17 | Teacher lr=0.5671 | Teacher Loss: 2.672 | Teacher Train Acc: 48.290 | Student lr=0.2550 | Student Train Acc: 51.246 | Time: 137.448 |
[Eval] Epoch: 17 | Teacher Test Loss: 1.954 | Teacher Test Acc: 49.930 | Student Test Loss: 1.905 | Student Test Acc: 50.650 | Teacher Test F1: 0.500 | Student Test F1: 0.502 | Teacher Top 5 Accuracy: 0.803 | Student Top 5 Accuracy: 0.805 | Time: 2.855 | 
Running student landscape probe...
[LR policy] epoch=17 output=residual_log policy_pred=-0.777675 predicted_lr=0.240263 cosine_blend=0.000 lr_ema=0.000 cosine_after=0 next_student_lr=0.240263
[Train] Epoch: 18 | Teacher lr=0.5224 | Teacher Loss: 2.628 | Teacher Train Acc: 49.558 | Student lr=0.2403 | Student Train Acc: 51.770 | Time: 138.490 |
[Eval] Epoch: 18 | Teacher Test Loss: 1.787 | Teacher Test Acc: 53.490 | Student Test Loss: 2.498 | Student Test Acc: 37.730 | Teacher Test F1: 0.533 | Student Test F1: 0.374 | Teacher Top 5 Accuracy: 0.832 | Student Top 5 Accuracy: 0.683 | Time: 2.838 | 
Running student landscape probe...
[LR policy] epoch=18 output=residual_log policy_pred=-0.771579 predicted_lr=0.221013 cosine_blend=0.000 lr_ema=0.000 cosine_after=0 next_student_lr=0.221013
[Train] Epoch: 19 | Teacher lr=0.4776 | Teacher Loss: 2.589 | Teacher Train Acc: 50.502 | Student lr=0.2210 | Student Train Acc: 52.542 | Time: 137.417 |
[Eval] Epoch: 19 | Teacher Test Loss: 1.707 | Teacher Test Acc: 56.650 | Student Test Loss: 1.998 | Student Test Acc: 48.940 | Teacher Test F1: 0.562 | Student Test F1: 0.495 | Teacher Top 5 Accuracy: 0.847 | Student Top 5 Accuracy: 0.792 | Time: 2.526 | 
Running student landscape probe...
[LR policy] epoch=19 output=residual_log policy_pred=-0.754022 predicted_lr=0.203926 cosine_blend=0.000 lr_ema=0.000 cosine_after=0 next_student_lr=0.203926
[Train] Epoch: 20 | Teacher lr=0.4329 | Teacher Loss: 2.545 | Teacher Train Acc: 51.526 | Student lr=0.2039 | Student Train Acc: 53.174 | Time: 135.951 |
[Eval] Epoch: 20 | Teacher Test Loss: 1.735 | Teacher Test Acc: 55.520 | Student Test Loss: 2.013 | Student Test Acc: 48.880 | Teacher Test F1: 0.552 | Student Test F1: 0.494 | Teacher Top 5 Accuracy: 0.842 | Student Top 5 Accuracy: 0.783 | Time: 2.819 | 
Running student landscape probe...
[LR policy] epoch=20 output=residual_log policy_pred=-0.722071 predicted_lr=0.189125 cosine_blend=0.000 lr_ema=0.000 cosine_after=0 next_student_lr=0.189125
[Train] Epoch: 21 | Teacher lr=0.3887 | Teacher Loss: 2.508 | Teacher Train Acc: 52.624 | Student lr=0.1891 | Student Train Acc: 53.664 | Time: 137.084 |
[Eval] Epoch: 21 | Teacher Test Loss: 1.720 | Teacher Test Acc: 56.380 | Student Test Loss: 1.925 | Student Test Acc: 50.540 | Teacher Test F1: 0.559 | Student Test F1: 0.503 | Teacher Top 5 Accuracy: 0.851 | Student Top 5 Accuracy: 0.801 | Time: 2.501 | 
Running student landscape probe...
[LR policy] epoch=21 output=residual_log policy_pred=-0.728226 predicted_lr=0.167107 cosine_blend=0.000 lr_ema=0.000 cosine_after=0 next_student_lr=0.167107
[Train] Epoch: 22 | Teacher lr=0.3455 | Teacher Loss: 2.460 | Teacher Train Acc: 53.808 | Student lr=0.1671 | Student Train Acc: 54.476 | Time: 136.275 |
[Eval] Epoch: 22 | Teacher Test Loss: 1.717 | Teacher Test Acc: 56.490 | Student Test Loss: 1.843 | Student Test Acc: 53.360 | Teacher Test F1: 0.561 | Student Test F1: 0.528 | Teacher Top 5 Accuracy: 0.842 | Student Top 5 Accuracy: 0.821 | Time: 2.622 | 
Running student landscape probe...
[LR policy] epoch=22 output=residual_log policy_pred=-0.740888 predicted_lr=0.145002 cosine_blend=0.000 lr_ema=0.000 cosine_after=0 next_student_lr=0.145002
[Train] Epoch: 23 | Teacher lr=0.3035 | Teacher Loss: 2.405 | Teacher Train Acc: 54.990 | Student lr=0.1450 | Student Train Acc: 55.034 | Time: 137.440 |
[Eval] Epoch: 23 | Teacher Test Loss: 1.608 | Teacher Test Acc: 58.650 | Student Test Loss: 2.001 | Student Test Acc: 50.440 | Teacher Test F1: 0.581 | Student Test F1: 0.506 | Teacher Top 5 Accuracy: 0.859 | Student Top 5 Accuracy: 0.788 | Time: 2.793 | 
Running student landscape probe...
[LR policy] epoch=23 output=residual_log policy_pred=-0.750489 predicted_lr=0.124551 cosine_blend=0.000 lr_ema=0.000 cosine_after=0 next_student_lr=0.124551
[Train] Epoch: 24 | Teacher lr=0.2631 | Teacher Loss: 2.357 | Teacher Train Acc: 56.428 | Student lr=0.1246 | Student Train Acc: 56.180 | Time: 137.472 |
[Eval] Epoch: 24 | Teacher Test Loss: 1.550 | Teacher Test Acc: 60.230 | Student Test Loss: 1.800 | Student Test Acc: 53.740 | Teacher Test F1: 0.598 | Student Test F1: 0.534 | Teacher Top 5 Accuracy: 0.867 | Student Top 5 Accuracy: 0.824 | Time: 2.601 | 
Running student landscape probe...
[LR policy] epoch=24 output=residual_log policy_pred=-0.745784 predicted_lr=0.106887 cosine_blend=0.000 lr_ema=0.000 cosine_after=0 next_student_lr=0.106887
[Train] Epoch: 25 | Teacher lr=0.2246 | Teacher Loss: 2.307 | Teacher Train Acc: 57.482 | Student lr=0.1069 | Student Train Acc: 57.082 | Time: 138.465 |
[Eval] Epoch: 25 | Teacher Test Loss: 1.445 | Teacher Test Acc: 62.510 | Student Test Loss: 1.779 | Student Test Acc: 54.070 | Teacher Test F1: 0.626 | Student Test F1: 0.541 | Teacher Top 5 Accuracy: 0.884 | Student Top 5 Accuracy: 0.823 | Time: 2.613 | 
Running student landscape probe...
[LR policy] epoch=25 output=residual_log policy_pred=-0.744655 predicted_lr=0.089787 cosine_blend=0.000 lr_ema=0.000 cosine_after=0 next_student_lr=0.089787
[Train] Epoch: 26 | Teacher lr=0.1883 | Teacher Loss: 2.246 | Teacher Train Acc: 59.098 | Student lr=0.0898 | Student Train Acc: 57.724 | Time: 137.008 |
[Eval] Epoch: 26 | Teacher Test Loss: 1.423 | Teacher Test Acc: 63.540 | Student Test Loss: 1.725 | Student Test Acc: 55.890 | Teacher Test F1: 0.632 | Student Test F1: 0.556 | Teacher Top 5 Accuracy: 0.882 | Student Top 5 Accuracy: 0.832 | Time: 2.625 | 
Running student landscape probe...
[LR policy] epoch=26 output=residual_log policy_pred=-0.744723 predicted_lr=0.073753 cosine_blend=0.000 lr_ema=0.000 cosine_after=0 next_student_lr=0.073753
[Train] Epoch: 27 | Teacher lr=0.1545 | Teacher Loss: 2.177 | Teacher Train Acc: 60.568 | Student lr=0.0738 | Student Train Acc: 58.742 | Time: 138.217 |
[Eval] Epoch: 27 | Teacher Test Loss: 1.409 | Teacher Test Acc: 64.360 | Student Test Loss: 1.729 | Student Test Acc: 55.750 | Teacher Test F1: 0.644 | Student Test F1: 0.564 | Teacher Top 5 Accuracy: 0.890 | Student Top 5 Accuracy: 0.830 | Time: 2.341 | 
Running student landscape probe...
[LR policy] epoch=27 output=residual_log policy_pred=-0.755314 predicted_lr=0.058423 cosine_blend=0.000 lr_ema=0.000 cosine_after=0 next_student_lr=0.058423
[Train] Epoch: 28 | Teacher lr=0.1235 | Teacher Loss: 2.120 | Teacher Train Acc: 61.998 | Student lr=0.0584 | Student Train Acc: 59.784 | Time: 137.046 |
[Eval] Epoch: 28 | Teacher Test Loss: 1.375 | Teacher Test Acc: 66.050 | Student Test Loss: 1.700 | Student Test Acc: 56.850 | Teacher Test F1: 0.658 | Student Test F1: 0.569 | Teacher Top 5 Accuracy: 0.894 | Student Top 5 Accuracy: 0.837 | Time: 2.735 | 
Running student landscape probe...
[LR policy] epoch=28 output=residual_log policy_pred=-0.764522 predicted_lr=0.044878 cosine_blend=0.000 lr_ema=0.000 cosine_after=0 next_student_lr=0.044878
[Train] Epoch: 29 | Teacher lr=0.0955 | Teacher Loss: 2.046 | Teacher Train Acc: 63.734 | Student lr=0.0449 | Student Train Acc: 60.982 | Time: 136.139 |
[Eval] Epoch: 29 | Teacher Test Loss: 1.299 | Teacher Test Acc: 66.610 | Student Test Loss: 1.607 | Student Test Acc: 58.590 | Teacher Test F1: 0.666 | Student Test F1: 0.586 | Teacher Top 5 Accuracy: 0.898 | Student Top 5 Accuracy: 0.847 | Time: 2.797 | 
Running student landscape probe...
[LR policy] epoch=29 output=residual_log policy_pred=-0.763320 predicted_lr=0.033423 cosine_blend=0.000 lr_ema=0.000 cosine_after=0 next_student_lr=0.033423
[Train] Epoch: 30 | Teacher lr=0.0708 | Teacher Loss: 1.973 | Teacher Train Acc: 65.430 | Student lr=0.0334 | Student Train Acc: 61.890 | Time: 137.483 |
[Eval] Epoch: 30 | Teacher Test Loss: 1.271 | Teacher Test Acc: 67.650 | Student Test Loss: 1.668 | Student Test Acc: 57.410 | Teacher Test F1: 0.674 | Student Test F1: 0.576 | Teacher Top 5 Accuracy: 0.903 | Student Top 5 Accuracy: 0.839 | Time: 2.847 | 
Running student landscape probe...
[LR policy] epoch=30 output=residual_log policy_pred=-0.755311 predicted_lr=0.023712 cosine_blend=0.000 lr_ema=0.000 cosine_after=0 next_student_lr=0.023712
[Train] Epoch: 31 | Teacher lr=0.0495 | Teacher Loss: 1.900 | Teacher Train Acc: 67.046 | Student lr=0.0237 | Student Train Acc: 62.856 | Time: 136.811 |
[Eval] Epoch: 31 | Teacher Test Loss: 1.261 | Teacher Test Acc: 67.330 | Student Test Loss: 1.528 | Student Test Acc: 60.070 | Teacher Test F1: 0.674 | Student Test F1: 0.601 | Teacher Top 5 Accuracy: 0.906 | Student Top 5 Accuracy: 0.862 | Time: 2.869 | 
Running student landscape probe...
[LR policy] epoch=31 output=residual_log policy_pred=-0.733985 predicted_lr=0.015768 cosine_blend=0.000 lr_ema=0.000 cosine_after=0 next_student_lr=0.015768
[Train] Epoch: 32 | Teacher lr=0.0319 | Teacher Loss: 1.823 | Teacher Train Acc: 68.690 | Student lr=0.0158 | Student Train Acc: 64.060 | Time: 133.664 |
[Eval] Epoch: 32 | Teacher Test Loss: 1.249 | Teacher Test Acc: 68.120 | Student Test Loss: 1.520 | Student Test Acc: 60.890 | Teacher Test F1: 0.680 | Student Test F1: 0.609 | Teacher Top 5 Accuracy: 0.903 | Student Top 5 Accuracy: 0.864 | Time: 2.801 | 
Running student landscape probe...
[LR policy] epoch=32 output=residual_log policy_pred=-0.709410 predicted_lr=0.009347 cosine_blend=0.000 lr_ema=0.000 cosine_after=0 next_student_lr=0.009347
[Train] Epoch: 33 | Teacher lr=0.0180 | Teacher Loss: 1.764 | Teacher Train Acc: 69.972 | Student lr=0.0093 | Student Train Acc: 64.652 | Time: 135.418 |
[Eval] Epoch: 33 | Teacher Test Loss: 1.246 | Teacher Test Acc: 68.340 | Student Test Loss: 1.497 | Student Test Acc: 61.070 | Teacher Test F1: 0.682 | Student Test F1: 0.609 | Teacher Top 5 Accuracy: 0.903 | Student Top 5 Accuracy: 0.866 | Time: 2.685 | 
Running student landscape probe...
[LR policy] epoch=33 output=residual_log policy_pred=-0.696901 predicted_lr=0.004497 cosine_blend=0.000 lr_ema=0.000 cosine_after=0 next_student_lr=0.004497
[Train] Epoch: 34 | Teacher lr=0.0080 | Teacher Loss: 1.717 | Teacher Train Acc: 71.018 | Student lr=0.0045 | Student Train Acc: 65.470 | Time: 137.699 |
[Eval] Epoch: 34 | Teacher Test Loss: 1.229 | Teacher Test Acc: 68.560 | Student Test Loss: 1.488 | Student Test Acc: 61.700 | Teacher Test F1: 0.685 | Student Test F1: 0.615 | Teacher Top 5 Accuracy: 0.906 | Student Top 5 Accuracy: 0.867 | Time: 2.839 | 
Running student landscape probe...
[LR policy] epoch=34 output=residual_log policy_pred=-0.689784 predicted_lr=0.001510 cosine_blend=0.000 lr_ema=0.000 cosine_after=0 next_student_lr=0.001510
[Train] Epoch: 35 | Teacher lr=0.0020 | Teacher Loss: 1.687 | Teacher Train Acc: 71.530 | Student lr=0.0015 | Student Train Acc: 65.944 | Time: 134.054 |
[Eval] Epoch: 35 | Teacher Test Loss: 1.231 | Teacher Test Acc: 68.740 | Student Test Loss: 1.481 | Student Test Acc: 61.850 | Teacher Test F1: 0.686 | Student Test F1: 0.617 | Teacher Top 5 Accuracy: 0.907 | Student Top 5 Accuracy: 0.868 | Time: 0.988 | 
Running student landscape probe...
[LR policy] epoch=35 output=residual_log policy_pred=-0.687010 predicted_lr=0.001000 cosine_blend=0.000 lr_ema=0.000 cosine_after=0 next_student_lr=0.001000
ckpt location: ckpt/robust12h_industry/residgru_lblnoise020_seed4_35ep.pt
