/home/jovyan/.mlspace/envs/egy_llm/lib/python3.11/site-packages/torchvision/datasets/cifar.py:83: VisibleDeprecationWarning: dtype(): align should be passed as Python or NumPy boolean but got `align=0`. Did you mean to pass a tuple to create a subarray type? (Deprecated NumPy 2.4)
  entry = pickle.load(f, encoding="latin1")
depth_list: [110, 20]
[LR policy] output=residual_log train_windows=1020 test_windows=170 test_mse=0.926316 test_mae=0.837049
[NoisyClassificationDataset] num_classes=100 label_noise_rate=0.100 input_noise_std=0.0000 flipped=5016/50000
Dataset information: cifar100	 50000 images for training 	 10000 images for testing	
teacher depth: 110
student depth: 20
Total number of teacher parameters: 1,169,972
Total number of student parameters: 278,132
Snapshots will be saved to: snapshots/robust12h_industry/residgru_lblnoise010_seed4_35ep
==== train and evaluate unequal restart ====
[Eval] Epoch: 0 | Teacher Test Loss: 8723.027 | Teacher Test Acc: 1.000 | Student Test Loss: 5.114 | Student Test Acc: 0.930 | Teacher Test F1: 0.000 | Student Test F1: 0.001 | Teacher Top 5 Accuracy: 0.050 | Student Top 5 Accuracy: 0.051 | Time: 2.920 | 
Running student landscape probe...
[Train] Epoch: 1 | Teacher lr=1.0000 | Teacher Loss: 4.199 | Teacher Train Acc: 7.616 | Student lr=0.0100 | Student Train Acc: 6.002 | Time: 139.145 |
[Eval] Epoch: 1 | Teacher Test Loss: 3.762 | Teacher Test Acc: 11.760 | Student Test Loss: 3.895 | Student Test Acc: 9.640 | Teacher Test F1: 0.080 | Student Test F1: 0.056 | Teacher Top 5 Accuracy: 0.345 | Student Top 5 Accuracy: 0.301 | Time: 2.729 | 
Running student landscape probe...
[LR policy] epoch=1 output=residual_log policy_pred=-0.268628 predicted_lr=0.762890 cosine_blend=0.000 lr_ema=0.000 cosine_after=0 next_student_lr=0.997989
[Train] Epoch: 2 | Teacher lr=0.9980 | Teacher Loss: 3.762 | Teacher Train Acc: 16.048 | Student lr=0.9980 | Student Train Acc: 16.926 | Time: 136.287 |
[Eval] Epoch: 2 | Teacher Test Loss: 3.247 | Teacher Test Acc: 19.680 | Student Test Loss: 3.790 | Student Test Acc: 16.000 | Teacher Test F1: 0.165 | Student Test F1: 0.128 | Teacher Top 5 Accuracy: 0.494 | Student Top 5 Accuracy: 0.370 | Time: 2.812 | 
Running student landscape probe...
[LR policy] epoch=2 output=residual_log policy_pred=-0.308750 predicted_lr=0.728469 cosine_blend=0.000 lr_ema=0.000 cosine_after=0 next_student_lr=0.991973
[Train] Epoch: 3 | Teacher lr=0.9920 | Teacher Loss: 3.358 | Teacher Train Acc: 25.688 | Student lr=0.9920 | Student Train Acc: 32.790 | Time: 136.924 |
[Eval] Epoch: 3 | Teacher Test Loss: 2.736 | Teacher Test Acc: 29.620 | Student Test Loss: 2.890 | Student Test Acc: 28.470 | Teacher Test F1: 0.270 | Student Test F1: 0.265 | Teacher Top 5 Accuracy: 0.620 | Student Top 5 Accuracy: 0.590 | Time: 2.758 | 
Running student landscape probe...
[LR policy] epoch=3 output=residual_log policy_pred=-0.437009 predicted_lr=0.634338 cosine_blend=0.000 lr_ema=0.000 cosine_after=0 next_student_lr=0.981999
[Train] Epoch: 4 | Teacher lr=0.9820 | Teacher Loss: 3.081 | Teacher Train Acc: 32.498 | Student lr=0.9820 | Student Train Acc: 39.042 | Time: 135.812 |
[Eval] Epoch: 4 | Teacher Test Loss: 2.816 | Teacher Test Acc: 27.450 | Student Test Loss: 2.609 | Student Test Acc: 33.730 | Teacher Test F1: 0.267 | Student Test F1: 0.321 | Teacher Top 5 Accuracy: 0.605 | Student Top 5 Accuracy: 0.645 | Time: 2.829 | 
Running student landscape probe...
[LR policy] epoch=4 output=residual_log policy_pred=-0.534612 predicted_lr=0.567236 cosine_blend=0.000 lr_ema=0.000 cosine_after=0 next_student_lr=0.968149
[Train] Epoch: 5 | Teacher lr=0.9681 | Teacher Loss: 2.878 | Teacher Train Acc: 37.592 | Student lr=0.9681 | Student Train Acc: 42.070 | Time: 137.681 |
[Eval] Epoch: 5 | Teacher Test Loss: 2.395 | Teacher Test Acc: 37.750 | Student Test Loss: 2.867 | Student Test Acc: 29.420 | Teacher Test F1: 0.370 | Student Test F1: 0.281 | Teacher Top 5 Accuracy: 0.702 | Student Top 5 Accuracy: 0.608 | Time: 2.595 | 
Running student landscape probe...
[LR policy] epoch=5 output=residual_log policy_pred=-0.617733 predicted_lr=0.512495 cosine_blend=0.000 lr_ema=0.000 cosine_after=0 next_student_lr=0.950534
[Train] Epoch: 6 | Teacher lr=0.9505 | Teacher Loss: 2.756 | Teacher Train Acc: 41.052 | Student lr=0.9505 | Student Train Acc: 44.114 | Time: 138.291 |
[Eval] Epoch: 6 | Teacher Test Loss: 2.334 | Teacher Test Acc: 38.050 | Student Test Loss: 2.888 | Student Test Acc: 29.850 | Teacher Test F1: 0.374 | Student Test F1: 0.281 | Teacher Top 5 Accuracy: 0.726 | Student Top 5 Accuracy: 0.604 | Time: 2.640 | 
Running student landscape probe...
[LR policy] epoch=6 output=residual_log policy_pred=-0.681742 predicted_lr=0.469977 cosine_blend=0.000 lr_ema=0.000 cosine_after=0 next_student_lr=0.469977
[Train] Epoch: 7 | Teacher lr=0.9292 | Teacher Loss: 2.658 | Teacher Train Acc: 43.218 | Student lr=0.4700 | Student Train Acc: 50.252 | Time: 135.593 |
[Eval] Epoch: 7 | Teacher Test Loss: 2.578 | Teacher Test Acc: 33.650 | Student Test Loss: 2.835 | Student Test Acc: 30.460 | Teacher Test F1: 0.323 | Student Test F1: 0.301 | Teacher Top 5 Accuracy: 0.665 | Student Top 5 Accuracy: 0.609 | Time: 2.825 | 
Running student landscape probe...
[LR policy] epoch=7 output=residual_log policy_pred=-0.723813 predicted_lr=0.438643 cosine_blend=0.000 lr_ema=0.000 cosine_after=0 next_student_lr=0.438643
[Train] Epoch: 8 | Teacher lr=0.9045 | Teacher Loss: 2.609 | Teacher Train Acc: 44.708 | Student lr=0.4386 | Student Train Acc: 51.590 | Time: 138.568 |
[Eval] Epoch: 8 | Teacher Test Loss: 2.046 | Teacher Test Acc: 46.030 | Student Test Loss: 2.126 | Student Test Acc: 43.660 | Teacher Test F1: 0.450 | Student Test F1: 0.426 | Teacher Top 5 Accuracy: 0.779 | Student Top 5 Accuracy: 0.759 | Time: 2.680 | 
Running student landscape probe...
[LR policy] epoch=8 output=residual_log policy_pred=-0.753179 predicted_lr=0.412790 cosine_blend=0.000 lr_ema=0.000 cosine_after=0 next_student_lr=0.412790
[Train] Epoch: 9 | Teacher lr=0.8765 | Teacher Loss: 2.531 | Teacher Train Acc: 46.846 | Student lr=0.4128 | Student Train Acc: 52.822 | Time: 137.846 |
[Eval] Epoch: 9 | Teacher Test Loss: 2.097 | Teacher Test Acc: 44.410 | Student Test Loss: 1.961 | Student Test Acc: 48.020 | Teacher Test F1: 0.434 | Student Test F1: 0.472 | Teacher Top 5 Accuracy: 0.764 | Student Top 5 Accuracy: 0.788 | Time: 2.631 | 
Running student landscape probe...
[LR policy] epoch=9 output=residual_log policy_pred=-0.767519 predicted_lr=0.392536 cosine_blend=0.000 lr_ema=0.000 cosine_after=0 next_student_lr=0.392536
[Train] Epoch: 10 | Teacher lr=0.8455 | Teacher Loss: 2.474 | Teacher Train Acc: 48.060 | Student lr=0.3925 | Student Train Acc: 53.750 | Time: 138.242 |
[Eval] Epoch: 10 | Teacher Test Loss: 1.826 | Teacher Test Acc: 50.390 | Student Test Loss: 2.079 | Student Test Acc: 45.520 | Teacher Test F1: 0.493 | Student Test F1: 0.448 | Teacher Top 5 Accuracy: 0.812 | Student Top 5 Accuracy: 0.765 | Time: 2.661 | 
Running student landscape probe...
[LR policy] epoch=10 output=residual_log policy_pred=-0.780507 predicted_lr=0.372006 cosine_blend=0.000 lr_ema=0.000 cosine_after=0 next_student_lr=0.372006
[Train] Epoch: 11 | Teacher lr=0.8117 | Teacher Loss: 2.414 | Teacher Train Acc: 49.826 | Student lr=0.3720 | Student Train Acc: 54.738 | Time: 135.342 |
[Eval] Epoch: 11 | Teacher Test Loss: 1.978 | Teacher Test Acc: 47.750 | Student Test Loss: 2.226 | Student Test Acc: 42.680 | Teacher Test F1: 0.468 | Student Test F1: 0.412 | Teacher Top 5 Accuracy: 0.780 | Student Top 5 Accuracy: 0.738 | Time: 2.814 | 
Running student landscape probe...
[LR policy] epoch=11 output=residual_log policy_pred=-0.764328 predicted_lr=0.361190 cosine_blend=0.000 lr_ema=0.000 cosine_after=0 next_student_lr=0.361190
[Train] Epoch: 12 | Teacher lr=0.7754 | Teacher Loss: 2.374 | Teacher Train Acc: 50.770 | Student lr=0.3612 | Student Train Acc: 55.460 | Time: 138.684 |
[Eval] Epoch: 12 | Teacher Test Loss: 1.854 | Teacher Test Acc: 50.980 | Student Test Loss: 2.026 | Student Test Acc: 47.370 | Teacher Test F1: 0.500 | Student Test F1: 0.469 | Teacher Top 5 Accuracy: 0.807 | Student Top 5 Accuracy: 0.770 | Time: 2.709 | 
Running student landscape probe...
[LR policy] epoch=12 output=residual_log policy_pred=-0.783501 predicted_lr=0.336755 cosine_blend=0.000 lr_ema=0.000 cosine_after=0 next_student_lr=0.336755
[Train] Epoch: 13 | Teacher lr=0.7369 | Teacher Loss: 2.316 | Teacher Train Acc: 52.374 | Student lr=0.3368 | Student Train Acc: 56.500 | Time: 136.390 |
[Eval] Epoch: 13 | Teacher Test Loss: 2.078 | Teacher Test Acc: 45.620 | Student Test Loss: 2.085 | Student Test Acc: 45.250 | Teacher Test F1: 0.457 | Student Test F1: 0.455 | Teacher Top 5 Accuracy: 0.758 | Student Top 5 Accuracy: 0.771 | Time: 2.736 | 
Running student landscape probe...
[LR policy] epoch=13 output=residual_log policy_pred=-0.783798 predicted_lr=0.318214 cosine_blend=0.000 lr_ema=0.000 cosine_after=0 next_student_lr=0.318214
[Train] Epoch: 14 | Teacher lr=0.6965 | Teacher Loss: 2.266 | Teacher Train Acc: 53.822 | Student lr=0.3182 | Student Train Acc: 57.216 | Time: 137.907 |
[Eval] Epoch: 14 | Teacher Test Loss: 1.854 | Teacher Test Acc: 50.190 | Student Test Loss: 2.514 | Student Test Acc: 38.140 | Teacher Test F1: 0.500 | Student Test F1: 0.380 | Teacher Top 5 Accuracy: 0.814 | Student Top 5 Accuracy: 0.687 | Time: 2.574 | 
Running student landscape probe...
[LR policy] epoch=14 output=residual_log policy_pred=-0.802389 predicted_lr=0.293543 cosine_blend=0.000 lr_ema=0.000 cosine_after=0 next_student_lr=0.293543
[Train] Epoch: 15 | Teacher lr=0.6545 | Teacher Loss: 2.226 | Teacher Train Acc: 55.394 | Student lr=0.2935 | Student Train Acc: 58.122 | Time: 137.962 |
[Eval] Epoch: 15 | Teacher Test Loss: 1.652 | Teacher Test Acc: 54.490 | Student Test Loss: 1.992 | Student Test Acc: 47.180 | Teacher Test F1: 0.545 | Student Test F1: 0.476 | Teacher Top 5 Accuracy: 0.843 | Student Top 5 Accuracy: 0.782 | Time: 2.760 | 
Running student landscape probe...
[LR policy] epoch=15 output=residual_log policy_pred=-0.810629 predicted_lr=0.271926 cosine_blend=0.000 lr_ema=0.000 cosine_after=0 next_student_lr=0.271926
[Train] Epoch: 16 | Teacher lr=0.6113 | Teacher Loss: 2.182 | Teacher Train Acc: 55.914 | Student lr=0.2719 | Student Train Acc: 58.574 | Time: 137.725 |
[Eval] Epoch: 16 | Teacher Test Loss: 1.650 | Teacher Test Acc: 55.300 | Student Test Loss: 1.741 | Student Test Acc: 53.410 | Teacher Test F1: 0.554 | Student Test F1: 0.534 | Teacher Top 5 Accuracy: 0.843 | Student Top 5 Accuracy: 0.827 | Time: 2.602 | 
Running student landscape probe...
[LR policy] epoch=16 output=residual_log policy_pred=-0.827435 predicted_lr=0.248115 cosine_blend=0.000 lr_ema=0.000 cosine_after=0 next_student_lr=0.248115
[Train] Epoch: 17 | Teacher lr=0.5671 | Teacher Loss: 2.141 | Teacher Train Acc: 57.372 | Student lr=0.2481 | Student Train Acc: 59.654 | Time: 135.202 |
[Eval] Epoch: 17 | Teacher Test Loss: 1.559 | Teacher Test Acc: 57.750 | Student Test Loss: 1.885 | Student Test Acc: 50.240 | Teacher Test F1: 0.577 | Student Test F1: 0.505 | Teacher Top 5 Accuracy: 0.859 | Student Top 5 Accuracy: 0.800 | Time: 2.824 | 
Running student landscape probe...
[LR policy] epoch=17 output=residual_log policy_pred=-0.854460 predicted_lr=0.222505 cosine_blend=0.000 lr_ema=0.000 cosine_after=0 next_student_lr=0.222505
[Train] Epoch: 18 | Teacher lr=0.5224 | Teacher Loss: 2.092 | Teacher Train Acc: 58.740 | Student lr=0.2225 | Student Train Acc: 60.820 | Time: 137.003 |
[Eval] Epoch: 18 | Teacher Test Loss: 1.630 | Teacher Test Acc: 55.880 | Student Test Loss: 1.673 | Student Test Acc: 55.440 | Teacher Test F1: 0.558 | Student Test F1: 0.558 | Teacher Top 5 Accuracy: 0.852 | Student Top 5 Accuracy: 0.836 | Time: 2.849 | 
Running student landscape probe...
[LR policy] epoch=18 output=residual_log policy_pred=-0.866302 predicted_lr=0.201039 cosine_blend=0.000 lr_ema=0.000 cosine_after=0 next_student_lr=0.201039
[Train] Epoch: 19 | Teacher lr=0.4776 | Teacher Loss: 2.053 | Teacher Train Acc: 59.706 | Student lr=0.2010 | Student Train Acc: 61.360 | Time: 138.859 |
[Eval] Epoch: 19 | Teacher Test Loss: 1.513 | Teacher Test Acc: 58.830 | Student Test Loss: 1.734 | Student Test Acc: 53.910 | Teacher Test F1: 0.588 | Student Test F1: 0.537 | Teacher Top 5 Accuracy: 0.865 | Student Top 5 Accuracy: 0.824 | Time: 2.844 | 
Running student landscape probe...
[LR policy] epoch=19 output=residual_log policy_pred=-0.862188 predicted_lr=0.183019 cosine_blend=0.000 lr_ema=0.000 cosine_after=0 next_student_lr=0.183019
[Train] Epoch: 20 | Teacher lr=0.4329 | Teacher Loss: 2.007 | Teacher Train Acc: 60.732 | Student lr=0.1830 | Student Train Acc: 62.304 | Time: 133.977 |
[Eval] Epoch: 20 | Teacher Test Loss: 1.546 | Teacher Test Acc: 57.690 | Student Test Loss: 1.628 | Student Test Acc: 56.310 | Teacher Test F1: 0.577 | Student Test F1: 0.562 | Teacher Top 5 Accuracy: 0.865 | Student Top 5 Accuracy: 0.838 | Time: 2.802 | 
Running student landscape probe...
[LR policy] epoch=20 output=residual_log policy_pred=-0.859752 predicted_lr=0.164799 cosine_blend=0.000 lr_ema=0.000 cosine_after=0 next_student_lr=0.164799
[Train] Epoch: 21 | Teacher lr=0.3887 | Teacher Loss: 1.958 | Teacher Train Acc: 62.110 | Student lr=0.1648 | Student Train Acc: 62.996 | Time: 138.860 |
[Eval] Epoch: 21 | Teacher Test Loss: 1.417 | Teacher Test Acc: 61.900 | Student Test Loss: 1.710 | Student Test Acc: 55.560 | Teacher Test F1: 0.616 | Student Test F1: 0.551 | Teacher Top 5 Accuracy: 0.880 | Student Top 5 Accuracy: 0.828 | Time: 2.821 | 
Running student landscape probe...
[LR policy] epoch=21 output=residual_log policy_pred=-0.885897 predicted_lr=0.142731 cosine_blend=0.000 lr_ema=0.000 cosine_after=0 next_student_lr=0.142731
[Train] Epoch: 22 | Teacher lr=0.3455 | Teacher Loss: 1.904 | Teacher Train Acc: 63.430 | Student lr=0.1427 | Student Train Acc: 63.824 | Time: 133.157 |
[Eval] Epoch: 22 | Teacher Test Loss: 1.406 | Teacher Test Acc: 62.280 | Student Test Loss: 1.623 | Student Test Acc: 57.270 | Teacher Test F1: 0.619 | Student Test F1: 0.566 | Teacher Top 5 Accuracy: 0.883 | Student Top 5 Accuracy: 0.838 | Time: 2.689 | 
Running student landscape probe...
[LR policy] epoch=22 output=residual_log policy_pred=-0.885736 predicted_lr=0.125449 cosine_blend=0.000 lr_ema=0.000 cosine_after=0 next_student_lr=0.125449
[Train] Epoch: 23 | Teacher lr=0.3035 | Teacher Loss: 1.851 | Teacher Train Acc: 64.918 | Student lr=0.1254 | Student Train Acc: 64.888 | Time: 138.431 |
[Eval] Epoch: 23 | Teacher Test Loss: 1.466 | Teacher Test Acc: 60.830 | Student Test Loss: 2.118 | Student Test Acc: 46.440 | Teacher Test F1: 0.607 | Student Test F1: 0.467 | Teacher Top 5 Accuracy: 0.874 | Student Top 5 Accuracy: 0.759 | Time: 2.556 | 
Running student landscape probe...
[LR policy] epoch=23 output=residual_log policy_pred=-0.905931 predicted_lr=0.106620 cosine_blend=0.000 lr_ema=0.000 cosine_after=0 next_student_lr=0.106620
[Train] Epoch: 24 | Teacher lr=0.2631 | Teacher Loss: 1.798 | Teacher Train Acc: 66.106 | Student lr=0.1066 | Student Train Acc: 65.788 | Time: 136.106 |
[Eval] Epoch: 24 | Teacher Test Loss: 1.352 | Teacher Test Acc: 63.510 | Student Test Loss: 1.582 | Student Test Acc: 58.550 | Teacher Test F1: 0.634 | Student Test F1: 0.579 | Teacher Top 5 Accuracy: 0.887 | Student Top 5 Accuracy: 0.847 | Time: 2.828 | 
Running student landscape probe...
[LR policy] epoch=24 output=residual_log policy_pred=-0.901493 predicted_lr=0.091474 cosine_blend=0.000 lr_ema=0.000 cosine_after=0 next_student_lr=0.091474
[Train] Epoch: 25 | Teacher lr=0.2246 | Teacher Loss: 1.742 | Teacher Train Acc: 67.842 | Student lr=0.0915 | Student Train Acc: 66.810 | Time: 136.757 |
[Eval] Epoch: 25 | Teacher Test Loss: 1.320 | Teacher Test Acc: 63.990 | Student Test Loss: 1.443 | Student Test Acc: 60.460 | Teacher Test F1: 0.642 | Student Test F1: 0.602 | Teacher Top 5 Accuracy: 0.893 | Student Top 5 Accuracy: 0.867 | Time: 2.807 | 
Running student landscape probe...
[LR policy] epoch=25 output=residual_log policy_pred=-0.881553 predicted_lr=0.078300 cosine_blend=0.000 lr_ema=0.000 cosine_after=0 next_student_lr=0.078300
[Train] Epoch: 26 | Teacher lr=0.1883 | Teacher Loss: 1.683 | Teacher Train Acc: 69.260 | Student lr=0.0783 | Student Train Acc: 67.734 | Time: 137.213 |
[Eval] Epoch: 26 | Teacher Test Loss: 1.222 | Teacher Test Acc: 67.030 | Student Test Loss: 1.439 | Student Test Acc: 61.130 | Teacher Test F1: 0.668 | Student Test F1: 0.613 | Teacher Top 5 Accuracy: 0.903 | Student Top 5 Accuracy: 0.870 | Time: 2.723 | 
Running student landscape probe...
[LR policy] epoch=26 output=residual_log policy_pred=-0.871855 predicted_lr=0.064949 cosine_blend=0.000 lr_ema=0.000 cosine_after=0 next_student_lr=0.064949
[Train] Epoch: 27 | Teacher lr=0.1545 | Teacher Loss: 1.614 | Teacher Train Acc: 71.082 | Student lr=0.0649 | Student Train Acc: 68.718 | Time: 137.984 |
[Eval] Epoch: 27 | Teacher Test Loss: 1.216 | Teacher Test Acc: 67.420 | Student Test Loss: 1.463 | Student Test Acc: 61.220 | Teacher Test F1: 0.675 | Student Test F1: 0.610 | Teacher Top 5 Accuracy: 0.906 | Student Top 5 Accuracy: 0.864 | Time: 2.605 | 
Running student landscape probe...
[LR policy] epoch=27 output=residual_log policy_pred=-0.863836 predicted_lr=0.052415 cosine_blend=0.000 lr_ema=0.000 cosine_after=0 next_student_lr=0.052415
[Train] Epoch: 28 | Teacher lr=0.1235 | Teacher Loss: 1.550 | Teacher Train Acc: 72.684 | Student lr=0.0524 | Student Train Acc: 69.796 | Time: 139.322 |
[Eval] Epoch: 28 | Teacher Test Loss: 1.144 | Teacher Test Acc: 69.640 | Student Test Loss: 1.555 | Student Test Acc: 58.730 | Teacher Test F1: 0.695 | Student Test F1: 0.586 | Teacher Top 5 Accuracy: 0.913 | Student Top 5 Accuracy: 0.850 | Time: 2.776 | 
Running student landscape probe...
[LR policy] epoch=28 output=residual_log policy_pred=-0.858225 predicted_lr=0.040864 cosine_blend=0.000 lr_ema=0.000 cosine_after=0 next_student_lr=0.040864
[Train] Epoch: 29 | Teacher lr=0.0955 | Teacher Loss: 1.478 | Teacher Train Acc: 74.526 | Student lr=0.0409 | Student Train Acc: 70.690 | Time: 138.265 |
[Eval] Epoch: 29 | Teacher Test Loss: 1.109 | Teacher Test Acc: 69.920 | Student Test Loss: 1.388 | Student Test Acc: 62.690 | Teacher Test F1: 0.699 | Student Test F1: 0.628 | Teacher Top 5 Accuracy: 0.920 | Student Top 5 Accuracy: 0.874 | Time: 2.743 | 
Running student landscape probe...
[LR policy] epoch=29 output=residual_log policy_pred=-0.856178 predicted_lr=0.030459 cosine_blend=0.000 lr_ema=0.000 cosine_after=0 next_student_lr=0.030459
[Train] Epoch: 30 | Teacher lr=0.0708 | Teacher Loss: 1.408 | Teacher Train Acc: 76.348 | Student lr=0.0305 | Student Train Acc: 71.688 | Time: 138.446 |
[Eval] Epoch: 30 | Teacher Test Loss: 1.091 | Teacher Test Acc: 70.570 | Student Test Loss: 1.416 | Student Test Acc: 62.040 | Teacher Test F1: 0.706 | Student Test F1: 0.619 | Teacher Top 5 Accuracy: 0.918 | Student Top 5 Accuracy: 0.866 | Time: 2.752 | 
Running student landscape probe...
[LR policy] epoch=30 output=residual_log policy_pred=-0.860990 predicted_lr=0.021334 cosine_blend=0.000 lr_ema=0.000 cosine_after=0 next_student_lr=0.021334
[Train] Epoch: 31 | Teacher lr=0.0495 | Teacher Loss: 1.331 | Teacher Train Acc: 78.124 | Student lr=0.0213 | Student Train Acc: 73.036 | Time: 138.311 |
[Eval] Epoch: 31 | Teacher Test Loss: 1.079 | Teacher Test Acc: 71.030 | Student Test Loss: 1.355 | Student Test Acc: 63.020 | Teacher Test F1: 0.710 | Student Test F1: 0.628 | Teacher Top 5 Accuracy: 0.921 | Student Top 5 Accuracy: 0.882 | Time: 2.667 | 
Running student landscape probe...
[LR policy] epoch=31 output=residual_log policy_pred=-0.860823 predicted_lr=0.013890 cosine_blend=0.000 lr_ema=0.000 cosine_after=0 next_student_lr=0.013890
[Train] Epoch: 32 | Teacher lr=0.0319 | Teacher Loss: 1.265 | Teacher Train Acc: 79.658 | Student lr=0.0139 | Student Train Acc: 74.090 | Time: 138.140 |
[Eval] Epoch: 32 | Teacher Test Loss: 1.076 | Teacher Test Acc: 71.330 | Student Test Loss: 1.338 | Student Test Acc: 63.740 | Teacher Test F1: 0.713 | Student Test F1: 0.635 | Teacher Top 5 Accuracy: 0.921 | Student Top 5 Accuracy: 0.881 | Time: 2.815 | 
Running student landscape probe...
[LR policy] epoch=32 output=residual_log policy_pred=-0.858472 predicted_lr=0.008053 cosine_blend=0.000 lr_ema=0.000 cosine_after=0 next_student_lr=0.008053
[Train] Epoch: 33 | Teacher lr=0.0180 | Teacher Loss: 1.214 | Teacher Train Acc: 80.788 | Student lr=0.0081 | Student Train Acc: 74.768 | Time: 138.915 |
[Eval] Epoch: 33 | Teacher Test Loss: 1.055 | Teacher Test Acc: 71.500 | Student Test Loss: 1.321 | Student Test Acc: 64.380 | Teacher Test F1: 0.715 | Student Test F1: 0.643 | Teacher Top 5 Accuracy: 0.922 | Student Top 5 Accuracy: 0.884 | Time: 2.802 | 
Running student landscape probe...
[LR policy] epoch=33 output=residual_log policy_pred=-0.877276 predicted_lr=0.003755 cosine_blend=0.000 lr_ema=0.000 cosine_after=0 next_student_lr=0.003755
[Train] Epoch: 34 | Teacher lr=0.0080 | Teacher Loss: 1.169 | Teacher Train Acc: 81.926 | Student lr=0.0038 | Student Train Acc: 75.534 | Time: 136.190 |
[Eval] Epoch: 34 | Teacher Test Loss: 1.048 | Teacher Test Acc: 71.990 | Student Test Loss: 1.303 | Student Test Acc: 64.940 | Teacher Test F1: 0.720 | Student Test F1: 0.649 | Teacher Top 5 Accuracy: 0.923 | Student Top 5 Accuracy: 0.885 | Time: 2.823 | 
Running student landscape probe...
[LR policy] epoch=34 output=residual_log policy_pred=-0.874610 predicted_lr=0.001256 cosine_blend=0.000 lr_ema=0.000 cosine_after=0 next_student_lr=0.001256
[Train] Epoch: 35 | Teacher lr=0.0020 | Teacher Loss: 1.147 | Teacher Train Acc: 82.246 | Student lr=0.0013 | Student Train Acc: 76.060 | Time: 135.866 |
[Eval] Epoch: 35 | Teacher Test Loss: 1.048 | Teacher Test Acc: 72.020 | Student Test Loss: 1.305 | Student Test Acc: 65.040 | Teacher Test F1: 0.720 | Student Test F1: 0.650 | Teacher Top 5 Accuracy: 0.922 | Student Top 5 Accuracy: 0.885 | Time: 0.984 | 
Running student landscape probe...
[LR policy] epoch=35 output=residual_log policy_pred=-0.863280 predicted_lr=0.001000 cosine_blend=0.000 lr_ema=0.000 cosine_after=0 next_student_lr=0.001000
ckpt location: ckpt/robust12h_industry/residgru_lblnoise010_seed4_35ep.pt
