/home/jovyan/.mlspace/envs/egy_llm/lib/python3.11/site-packages/torchvision/datasets/cifar.py:83: VisibleDeprecationWarning: dtype(): align should be passed as Python or NumPy boolean but got `align=0`. Did you mean to pass a tuple to create a subarray type? (Deprecated NumPy 2.4)
  entry = pickle.load(f, encoding="latin1")
depth_list: [110, 20]
[LR policy] output=residual_log train_windows=1020 test_windows=170 test_mse=0.740317 test_mae=0.683132
[NoisyClassificationDataset] num_classes=100 label_noise_rate=0.200 input_noise_std=0.0000 flipped=9886/50000
Dataset information: cifar100	 50000 images for training 	 10000 images for testing	
teacher depth: 110
student depth: 20
Total number of teacher parameters: 1,169,972
Total number of student parameters: 278,132
Snapshots will be saved to: snapshots/robust12h_industry/residgru_lblnoise020_seed2_35ep
==== train and evaluate unequal restart ====
[Eval] Epoch: 0 | Teacher Test Loss: 11623.433 | Teacher Test Acc: 1.000 | Student Test Loss: 6.044 | Student Test Acc: 1.110 | Teacher Test F1: 0.000 | Student Test F1: 0.000 | Teacher Top 5 Accuracy: 0.049 | Student Top 5 Accuracy: 0.052 | Time: 2.890 | 
Running student landscape probe...
[Train] Epoch: 1 | Teacher lr=1.0000 | Teacher Loss: 4.305 | Teacher Train Acc: 6.280 | Student lr=0.0100 | Student Train Acc: 5.202 | Time: 137.034 |
[Eval] Epoch: 1 | Teacher Test Loss: 3.857 | Teacher Test Acc: 9.920 | Student Test Loss: 3.959 | Student Test Acc: 9.450 | Teacher Test F1: 0.068 | Student Test F1: 0.056 | Teacher Top 5 Accuracy: 0.318 | Student Top 5 Accuracy: 0.294 | Time: 2.724 | 
Running student landscape probe...
[LR policy] epoch=1 output=residual_log policy_pred=-0.355729 predicted_lr=0.699253 cosine_blend=0.000 lr_ema=0.000 cosine_after=0 next_student_lr=0.997989
[Train] Epoch: 2 | Teacher lr=0.9980 | Teacher Loss: 3.981 | Teacher Train Acc: 13.260 | Student lr=0.9980 | Student Train Acc: 13.720 | Time: 135.969 |
[Eval] Epoch: 2 | Teacher Test Loss: 3.425 | Teacher Test Acc: 18.360 | Student Test Loss: 3.430 | Student Test Acc: 17.920 | Teacher Test F1: 0.152 | Student Test F1: 0.163 | Teacher Top 5 Accuracy: 0.460 | Student Top 5 Accuracy: 0.448 | Time: 2.626 | 
Running student landscape probe...
[LR policy] epoch=2 output=residual_log policy_pred=-0.554387 predicted_lr=0.569813 cosine_blend=0.000 lr_ema=0.000 cosine_after=0 next_student_lr=0.991973
[Train] Epoch: 3 | Teacher lr=0.9920 | Teacher Loss: 3.697 | Teacher Train Acc: 20.596 | Student lr=0.9920 | Student Train Acc: 26.946 | Time: 135.260 |
[Eval] Epoch: 3 | Teacher Test Loss: 2.998 | Teacher Test Acc: 25.150 | Student Test Loss: 3.292 | Student Test Acc: 21.190 | Teacher Test F1: 0.234 | Student Test F1: 0.199 | Teacher Top 5 Accuracy: 0.570 | Student Top 5 Accuracy: 0.511 | Time: 2.710 | 
Running student landscape probe...
[LR policy] epoch=3 output=residual_log policy_pred=-0.710195 predicted_lr=0.482700 cosine_blend=0.000 lr_ema=0.000 cosine_after=0 next_student_lr=0.981999
[Train] Epoch: 4 | Teacher lr=0.9820 | Teacher Loss: 3.464 | Teacher Train Acc: 26.888 | Student lr=0.9820 | Student Train Acc: 32.208 | Time: 138.605 |
[Eval] Epoch: 4 | Teacher Test Loss: 2.656 | Teacher Test Acc: 32.750 | Student Test Loss: 2.710 | Student Test Acc: 31.960 | Teacher Test F1: 0.310 | Student Test F1: 0.299 | Teacher Top 5 Accuracy: 0.646 | Student Top 5 Accuracy: 0.645 | Time: 2.567 | 
Running student landscape probe...
[LR policy] epoch=4 output=residual_log policy_pred=-0.810810 predicted_lr=0.430340 cosine_blend=0.000 lr_ema=0.000 cosine_after=0 next_student_lr=0.968149
[Train] Epoch: 5 | Teacher lr=0.9681 | Teacher Loss: 3.304 | Teacher Train Acc: 30.918 | Student lr=0.9681 | Student Train Acc: 35.110 | Time: 137.817 |
[Eval] Epoch: 5 | Teacher Test Loss: 2.590 | Teacher Test Acc: 33.610 | Student Test Loss: 4.142 | Student Test Acc: 14.390 | Teacher Test F1: 0.326 | Student Test F1: 0.147 | Teacher Top 5 Accuracy: 0.680 | Student Top 5 Accuracy: 0.388 | Time: 2.760 | 
Running student landscape probe...
[LR policy] epoch=5 output=residual_log policy_pred=-0.883297 predicted_lr=0.392967 cosine_blend=0.000 lr_ema=0.000 cosine_after=0 next_student_lr=0.950534
[Train] Epoch: 6 | Teacher lr=0.9505 | Teacher Loss: 3.206 | Teacher Train Acc: 33.708 | Student lr=0.9505 | Student Train Acc: 36.892 | Time: 138.341 |
[Eval] Epoch: 6 | Teacher Test Loss: 2.547 | Teacher Test Acc: 34.550 | Student Test Loss: 2.609 | Student Test Acc: 33.130 | Teacher Test F1: 0.333 | Student Test F1: 0.326 | Teacher Top 5 Accuracy: 0.678 | Student Top 5 Accuracy: 0.682 | Time: 2.659 | 
Running student landscape probe...
[LR policy] epoch=6 output=residual_log policy_pred=-0.936447 predicted_lr=0.364300 cosine_blend=0.000 lr_ema=0.000 cosine_after=0 next_student_lr=0.364300
[Train] Epoch: 7 | Teacher lr=0.9292 | Teacher Loss: 3.118 | Teacher Train Acc: 35.838 | Student lr=0.3643 | Student Train Acc: 43.250 | Time: 136.787 |
[Eval] Epoch: 7 | Teacher Test Loss: 2.332 | Teacher Test Acc: 39.190 | Student Test Loss: 2.166 | Student Test Acc: 45.310 | Teacher Test F1: 0.375 | Student Test F1: 0.448 | Teacher Top 5 Accuracy: 0.724 | Student Top 5 Accuracy: 0.768 | Time: 2.619 | 
Running student landscape probe...
[LR policy] epoch=7 output=residual_log policy_pred=-0.963232 predicted_lr=0.345249 cosine_blend=0.000 lr_ema=0.000 cosine_after=0 next_student_lr=0.345249
[Train] Epoch: 8 | Teacher lr=0.9045 | Teacher Loss: 3.072 | Teacher Train Acc: 37.196 | Student lr=0.3452 | Student Train Acc: 44.574 | Time: 137.948 |
[Eval] Epoch: 8 | Teacher Test Loss: 2.180 | Teacher Test Acc: 43.930 | Student Test Loss: 2.157 | Student Test Acc: 45.260 | Teacher Test F1: 0.426 | Student Test F1: 0.447 | Teacher Top 5 Accuracy: 0.762 | Student Top 5 Accuracy: 0.763 | Time: 2.520 | 
Running student landscape probe...
[LR policy] epoch=8 output=residual_log policy_pred=-0.971258 predicted_lr=0.331909 cosine_blend=0.000 lr_ema=0.000 cosine_after=0 next_student_lr=0.331909
[Train] Epoch: 9 | Teacher lr=0.8765 | Teacher Loss: 3.003 | Teacher Train Acc: 39.376 | Student lr=0.3319 | Student Train Acc: 45.624 | Time: 137.387 |
[Eval] Epoch: 9 | Teacher Test Loss: 2.513 | Teacher Test Acc: 36.010 | Student Test Loss: 2.355 | Student Test Acc: 41.190 | Teacher Test F1: 0.363 | Student Test F1: 0.420 | Teacher Top 5 Accuracy: 0.687 | Student Top 5 Accuracy: 0.734 | Time: 2.648 | 
Running student landscape probe...
[LR policy] epoch=9 output=residual_log policy_pred=-0.964756 predicted_lr=0.322271 cosine_blend=0.000 lr_ema=0.000 cosine_after=0 next_student_lr=0.322271
[Train] Epoch: 10 | Teacher lr=0.8455 | Teacher Loss: 2.964 | Teacher Train Acc: 40.302 | Student lr=0.3223 | Student Train Acc: 46.278 | Time: 137.533 |
[Eval] Epoch: 10 | Teacher Test Loss: 2.216 | Teacher Test Acc: 43.620 | Student Test Loss: 2.319 | Student Test Acc: 43.140 | Teacher Test F1: 0.428 | Student Test F1: 0.431 | Teacher Top 5 Accuracy: 0.753 | Student Top 5 Accuracy: 0.730 | Time: 2.468 | 
Running student landscape probe...
[LR policy] epoch=10 output=residual_log policy_pred=-0.944367 predicted_lr=0.315782 cosine_blend=0.000 lr_ema=0.000 cosine_after=0 next_student_lr=0.315782
[Train] Epoch: 11 | Teacher lr=0.8117 | Teacher Loss: 2.915 | Teacher Train Acc: 41.672 | Student lr=0.3158 | Student Train Acc: 47.346 | Time: 137.865 |
[Eval] Epoch: 11 | Teacher Test Loss: 2.368 | Teacher Test Acc: 40.500 | Student Test Loss: 2.117 | Student Test Acc: 46.700 | Teacher Test F1: 0.383 | Student Test F1: 0.454 | Teacher Top 5 Accuracy: 0.722 | Student Top 5 Accuracy: 0.769 | Time: 2.839 | 
Running student landscape probe...
[LR policy] epoch=11 output=residual_log policy_pred=-0.862906 predicted_lr=0.327283 cosine_blend=0.000 lr_ema=0.000 cosine_after=0 next_student_lr=0.327283
[Train] Epoch: 12 | Teacher lr=0.7754 | Teacher Loss: 2.877 | Teacher Train Acc: 42.612 | Student lr=0.3273 | Student Train Acc: 47.334 | Time: 137.099 |
[Eval] Epoch: 12 | Teacher Test Loss: 2.029 | Teacher Test Acc: 47.230 | Student Test Loss: 2.522 | Student Test Acc: 38.490 | Teacher Test F1: 0.464 | Student Test F1: 0.382 | Teacher Top 5 Accuracy: 0.793 | Student Top 5 Accuracy: 0.690 | Time: 2.637 | 
Running student landscape probe...
[LR policy] epoch=12 output=residual_log policy_pred=-0.827635 predicted_lr=0.322216 cosine_blend=0.000 lr_ema=0.000 cosine_after=0 next_student_lr=0.322216
[Train] Epoch: 13 | Teacher lr=0.7369 | Teacher Loss: 2.834 | Teacher Train Acc: 44.024 | Student lr=0.3222 | Student Train Acc: 48.048 | Time: 137.596 |
[Eval] Epoch: 13 | Teacher Test Loss: 1.974 | Teacher Test Acc: 48.870 | Student Test Loss: 2.290 | Student Test Acc: 42.930 | Teacher Test F1: 0.484 | Student Test F1: 0.419 | Teacher Top 5 Accuracy: 0.794 | Student Top 5 Accuracy: 0.737 | Time: 2.677 | 
Running student landscape probe...
[LR policy] epoch=13 output=residual_log policy_pred=-0.803496 predicted_lr=0.312007 cosine_blend=0.000 lr_ema=0.000 cosine_after=0 next_student_lr=0.312007
[Train] Epoch: 14 | Teacher lr=0.6965 | Teacher Loss: 2.797 | Teacher Train Acc: 45.016 | Student lr=0.3120 | Student Train Acc: 48.496 | Time: 137.966 |
[Eval] Epoch: 14 | Teacher Test Loss: 2.036 | Teacher Test Acc: 47.740 | Student Test Loss: 2.152 | Student Test Acc: 44.130 | Teacher Test F1: 0.471 | Student Test F1: 0.434 | Teacher Top 5 Accuracy: 0.783 | Student Top 5 Accuracy: 0.756 | Time: 2.581 | 
Running student landscape probe...
[LR policy] epoch=14 output=residual_log policy_pred=-0.749817 predicted_lr=0.309388 cosine_blend=0.000 lr_ema=0.000 cosine_after=0 next_student_lr=0.309388
[Train] Epoch: 15 | Teacher lr=0.6545 | Teacher Loss: 2.760 | Teacher Train Acc: 45.800 | Student lr=0.3094 | Student Train Acc: 49.096 | Time: 138.154 |
[Eval] Epoch: 15 | Teacher Test Loss: 1.958 | Teacher Test Acc: 48.640 | Student Test Loss: 1.999 | Student Test Acc: 50.410 | Teacher Test F1: 0.494 | Student Test F1: 0.497 | Teacher Top 5 Accuracy: 0.800 | Student Top 5 Accuracy: 0.796 | Time: 2.563 | 
Running student landscape probe...
[LR policy] epoch=15 output=residual_log policy_pred=-0.778333 predicted_lr=0.280852 cosine_blend=0.000 lr_ema=0.000 cosine_after=0 next_student_lr=0.280852
[Train] Epoch: 16 | Teacher lr=0.6113 | Teacher Loss: 2.715 | Teacher Train Acc: 46.968 | Student lr=0.2809 | Student Train Acc: 50.114 | Time: 137.111 |
[Eval] Epoch: 16 | Teacher Test Loss: 1.844 | Teacher Test Acc: 52.140 | Student Test Loss: 1.973 | Student Test Acc: 49.500 | Teacher Test F1: 0.523 | Student Test F1: 0.493 | Teacher Top 5 Accuracy: 0.815 | Student Top 5 Accuracy: 0.793 | Time: 2.585 | 
Running student landscape probe...
[LR policy] epoch=16 output=residual_log policy_pred=-0.747609 predicted_lr=0.268733 cosine_blend=0.000 lr_ema=0.000 cosine_after=0 next_student_lr=0.268733
[Train] Epoch: 17 | Teacher lr=0.5671 | Teacher Loss: 2.677 | Teacher Train Acc: 48.092 | Student lr=0.2687 | Student Train Acc: 50.580 | Time: 135.822 |
[Eval] Epoch: 17 | Teacher Test Loss: 1.834 | Teacher Test Acc: 52.460 | Student Test Loss: 2.235 | Student Test Acc: 44.820 | Teacher Test F1: 0.526 | Student Test F1: 0.450 | Teacher Top 5 Accuracy: 0.820 | Student Top 5 Accuracy: 0.746 | Time: 2.450 | 
Running student landscape probe...
[LR policy] epoch=17 output=residual_log policy_pred=-0.699219 predicted_lr=0.259872 cosine_blend=0.000 lr_ema=0.000 cosine_after=0 next_student_lr=0.259872
[Train] Epoch: 18 | Teacher lr=0.5224 | Teacher Loss: 2.637 | Teacher Train Acc: 49.158 | Student lr=0.2599 | Student Train Acc: 51.016 | Time: 137.090 |
[Eval] Epoch: 18 | Teacher Test Loss: 1.763 | Teacher Test Acc: 54.250 | Student Test Loss: 1.898 | Student Test Acc: 51.330 | Teacher Test F1: 0.540 | Student Test F1: 0.509 | Teacher Top 5 Accuracy: 0.838 | Student Top 5 Accuracy: 0.812 | Time: 2.436 | 
Running student landscape probe...
[LR policy] epoch=18 output=residual_log policy_pred=-0.666043 predicted_lr=0.245613 cosine_blend=0.000 lr_ema=0.000 cosine_after=0 next_student_lr=0.245613
[Train] Epoch: 19 | Teacher lr=0.4776 | Teacher Loss: 2.596 | Teacher Train Acc: 50.152 | Student lr=0.2456 | Student Train Acc: 51.574 | Time: 137.160 |
[Eval] Epoch: 19 | Teacher Test Loss: 1.799 | Teacher Test Acc: 54.220 | Student Test Loss: 2.521 | Student Test Acc: 37.890 | Teacher Test F1: 0.535 | Student Test F1: 0.386 | Teacher Top 5 Accuracy: 0.832 | Student Top 5 Accuracy: 0.687 | Time: 2.503 | 
Running student landscape probe...
[LR policy] epoch=19 output=residual_log policy_pred=-0.614466 predicted_lr=0.234466 cosine_blend=0.000 lr_ema=0.000 cosine_after=0 next_student_lr=0.234466
[Train] Epoch: 20 | Teacher lr=0.4329 | Teacher Loss: 2.558 | Teacher Train Acc: 51.124 | Student lr=0.2345 | Student Train Acc: 52.036 | Time: 136.892 |
[Eval] Epoch: 20 | Teacher Test Loss: 1.779 | Teacher Test Acc: 55.030 | Student Test Loss: 2.101 | Student Test Acc: 47.500 | Teacher Test F1: 0.552 | Student Test F1: 0.474 | Teacher Top 5 Accuracy: 0.838 | Student Top 5 Accuracy: 0.777 | Time: 2.745 | 
Running student landscape probe...
[LR policy] epoch=20 output=residual_log policy_pred=-0.584042 predicted_lr=0.217118 cosine_blend=0.000 lr_ema=0.000 cosine_after=0 next_student_lr=0.217118
[Train] Epoch: 21 | Teacher lr=0.3887 | Teacher Loss: 2.508 | Teacher Train Acc: 52.480 | Student lr=0.2171 | Student Train Acc: 52.820 | Time: 138.884 |
[Eval] Epoch: 21 | Teacher Test Loss: 1.702 | Teacher Test Acc: 57.010 | Student Test Loss: 1.877 | Student Test Acc: 52.360 | Teacher Test F1: 0.568 | Student Test F1: 0.522 | Teacher Top 5 Accuracy: 0.856 | Student Top 5 Accuracy: 0.815 | Time: 2.609 | 
Running student landscape probe...
[LR policy] epoch=21 output=residual_log policy_pred=-0.578892 predicted_lr=0.194021 cosine_blend=0.000 lr_ema=0.000 cosine_after=0 next_student_lr=0.194021
[Train] Epoch: 22 | Teacher lr=0.3455 | Teacher Loss: 2.462 | Teacher Train Acc: 53.396 | Student lr=0.1940 | Student Train Acc: 53.292 | Time: 138.676 |
[Eval] Epoch: 22 | Teacher Test Loss: 1.573 | Teacher Test Acc: 59.560 | Student Test Loss: 1.782 | Student Test Acc: 54.250 | Teacher Test F1: 0.596 | Student Test F1: 0.544 | Teacher Top 5 Accuracy: 0.863 | Student Top 5 Accuracy: 0.822 | Time: 2.677 | 
Running student landscape probe...
[LR policy] epoch=22 output=residual_log policy_pred=-0.576623 predicted_lr=0.170888 cosine_blend=0.000 lr_ema=0.000 cosine_after=0 next_student_lr=0.170888
[Train] Epoch: 23 | Teacher lr=0.3035 | Teacher Loss: 2.412 | Teacher Train Acc: 54.996 | Student lr=0.1709 | Student Train Acc: 54.420 | Time: 138.568 |
[Eval] Epoch: 23 | Teacher Test Loss: 1.584 | Teacher Test Acc: 59.220 | Student Test Loss: 1.970 | Student Test Acc: 50.800 | Teacher Test F1: 0.592 | Student Test F1: 0.514 | Teacher Top 5 Accuracy: 0.869 | Student Top 5 Accuracy: 0.797 | Time: 2.666 | 
Running student landscape probe...
[LR policy] epoch=23 output=residual_log policy_pred=-0.616338 predicted_lr=0.142432 cosine_blend=0.000 lr_ema=0.000 cosine_after=0 next_student_lr=0.142432
[Train] Epoch: 24 | Teacher lr=0.2631 | Teacher Loss: 2.362 | Teacher Train Acc: 56.080 | Student lr=0.1424 | Student Train Acc: 55.468 | Time: 138.362 |
[Eval] Epoch: 24 | Teacher Test Loss: 1.468 | Teacher Test Acc: 61.970 | Student Test Loss: 1.849 | Student Test Acc: 53.720 | Teacher Test F1: 0.614 | Student Test F1: 0.534 | Teacher Top 5 Accuracy: 0.880 | Student Top 5 Accuracy: 0.812 | Time: 2.769 | 
Running student landscape probe...
[LR policy] epoch=24 output=residual_log policy_pred=-0.674708 predicted_lr=0.114760 cosine_blend=0.000 lr_ema=0.000 cosine_after=0 next_student_lr=0.114760
[Train] Epoch: 25 | Teacher lr=0.2246 | Teacher Loss: 2.303 | Teacher Train Acc: 57.380 | Student lr=0.1148 | Student Train Acc: 56.652 | Time: 137.374 |
[Eval] Epoch: 25 | Teacher Test Loss: 1.524 | Teacher Test Acc: 61.380 | Student Test Loss: 1.909 | Student Test Acc: 51.660 | Teacher Test F1: 0.612 | Student Test F1: 0.517 | Teacher Top 5 Accuracy: 0.874 | Student Top 5 Accuracy: 0.807 | Time: 2.690 | 
Running student landscape probe...
[LR policy] epoch=25 output=residual_log policy_pred=-0.691868 predicted_lr=0.094654 cosine_blend=0.000 lr_ema=0.000 cosine_after=0 next_student_lr=0.094654
[Train] Epoch: 26 | Teacher lr=0.1883 | Teacher Loss: 2.244 | Teacher Train Acc: 59.022 | Student lr=0.0947 | Student Train Acc: 57.678 | Time: 138.604 |
[Eval] Epoch: 26 | Teacher Test Loss: 1.420 | Teacher Test Acc: 63.750 | Student Test Loss: 1.737 | Student Test Acc: 55.520 | Teacher Test F1: 0.638 | Student Test F1: 0.558 | Teacher Top 5 Accuracy: 0.887 | Student Top 5 Accuracy: 0.833 | Time: 2.669 | 
Running student landscape probe...
[LR policy] epoch=26 output=residual_log policy_pred=-0.690328 predicted_lr=0.077876 cosine_blend=0.000 lr_ema=0.000 cosine_after=0 next_student_lr=0.077876
[Train] Epoch: 27 | Teacher lr=0.1545 | Teacher Loss: 2.185 | Teacher Train Acc: 60.356 | Student lr=0.0779 | Student Train Acc: 58.476 | Time: 137.910 |
[Eval] Epoch: 27 | Teacher Test Loss: 1.373 | Teacher Test Acc: 64.770 | Student Test Loss: 1.767 | Student Test Acc: 55.510 | Teacher Test F1: 0.645 | Student Test F1: 0.557 | Teacher Top 5 Accuracy: 0.891 | Student Top 5 Accuracy: 0.822 | Time: 2.676 | 
Running student landscape probe...
[LR policy] epoch=27 output=residual_log policy_pred=-0.692379 predicted_lr=0.062218 cosine_blend=0.000 lr_ema=0.000 cosine_after=0 next_student_lr=0.062218
[Train] Epoch: 28 | Teacher lr=0.1235 | Teacher Loss: 2.115 | Teacher Train Acc: 62.092 | Student lr=0.0622 | Student Train Acc: 59.696 | Time: 138.055 |
[Eval] Epoch: 28 | Teacher Test Loss: 1.360 | Teacher Test Acc: 65.560 | Student Test Loss: 1.663 | Student Test Acc: 58.330 | Teacher Test F1: 0.654 | Student Test F1: 0.581 | Teacher Top 5 Accuracy: 0.892 | Student Top 5 Accuracy: 0.840 | Time: 2.618 | 
Running student landscape probe...
[LR policy] epoch=28 output=residual_log policy_pred=-0.682734 predicted_lr=0.048703 cosine_blend=0.000 lr_ema=0.000 cosine_after=0 next_student_lr=0.048703
[Train] Epoch: 29 | Teacher lr=0.0955 | Teacher Loss: 2.043 | Teacher Train Acc: 63.664 | Student lr=0.0487 | Student Train Acc: 60.348 | Time: 137.247 |
[Eval] Epoch: 29 | Teacher Test Loss: 1.300 | Teacher Test Acc: 66.710 | Student Test Loss: 1.619 | Student Test Acc: 58.710 | Teacher Test F1: 0.666 | Student Test F1: 0.588 | Teacher Top 5 Accuracy: 0.901 | Student Top 5 Accuracy: 0.844 | Time: 2.632 | 
Running student landscape probe...
[LR policy] epoch=29 output=residual_log policy_pred=-0.704893 predicted_lr=0.035434 cosine_blend=0.000 lr_ema=0.000 cosine_after=0 next_student_lr=0.035434
[Train] Epoch: 30 | Teacher lr=0.0708 | Teacher Loss: 1.971 | Teacher Train Acc: 65.280 | Student lr=0.0354 | Student Train Acc: 61.584 | Time: 136.830 |
[Eval] Epoch: 30 | Teacher Test Loss: 1.299 | Teacher Test Acc: 66.950 | Student Test Loss: 1.685 | Student Test Acc: 57.080 | Teacher Test F1: 0.667 | Student Test F1: 0.573 | Teacher Top 5 Accuracy: 0.897 | Student Top 5 Accuracy: 0.835 | Time: 2.578 | 
Running student landscape probe...
[LR policy] epoch=30 output=residual_log policy_pred=-0.679294 predicted_lr=0.025585 cosine_blend=0.000 lr_ema=0.000 cosine_after=0 next_student_lr=0.025585
[Train] Epoch: 31 | Teacher lr=0.0495 | Teacher Loss: 1.894 | Teacher Train Acc: 66.888 | Student lr=0.0256 | Student Train Acc: 62.800 | Time: 137.644 |
[Eval] Epoch: 31 | Teacher Test Loss: 1.271 | Teacher Test Acc: 67.840 | Student Test Loss: 1.578 | Student Test Acc: 59.400 | Teacher Test F1: 0.678 | Student Test F1: 0.593 | Teacher Top 5 Accuracy: 0.902 | Student Top 5 Accuracy: 0.848 | Time: 2.606 | 
Running student landscape probe...
[LR policy] epoch=31 output=residual_log policy_pred=-0.648902 predicted_lr=0.017168 cosine_blend=0.000 lr_ema=0.000 cosine_after=0 next_student_lr=0.017168
[Train] Epoch: 32 | Teacher lr=0.0319 | Teacher Loss: 1.822 | Teacher Train Acc: 68.580 | Student lr=0.0172 | Student Train Acc: 63.726 | Time: 136.739 |
[Eval] Epoch: 32 | Teacher Test Loss: 1.252 | Teacher Test Acc: 68.130 | Student Test Loss: 1.542 | Student Test Acc: 60.280 | Teacher Test F1: 0.680 | Student Test F1: 0.603 | Teacher Top 5 Accuracy: 0.904 | Student Top 5 Accuracy: 0.858 | Time: 2.649 | 
Running student landscape probe...
[LR policy] epoch=32 output=residual_log policy_pred=-0.619072 predicted_lr=0.010231 cosine_blend=0.000 lr_ema=0.000 cosine_after=0 next_student_lr=0.010231
[Train] Epoch: 33 | Teacher lr=0.0180 | Teacher Loss: 1.758 | Teacher Train Acc: 69.884 | Student lr=0.0102 | Student Train Acc: 64.536 | Time: 135.240 |
[Eval] Epoch: 33 | Teacher Test Loss: 1.247 | Teacher Test Acc: 68.770 | Student Test Loss: 1.525 | Student Test Acc: 61.330 | Teacher Test F1: 0.687 | Student Test F1: 0.612 | Teacher Top 5 Accuracy: 0.903 | Student Top 5 Accuracy: 0.860 | Time: 2.654 | 
Running student landscape probe...
[LR policy] epoch=33 output=residual_log policy_pred=-0.567084 predicted_lr=0.005120 cosine_blend=0.000 lr_ema=0.000 cosine_after=0 next_student_lr=0.005120
[Train] Epoch: 34 | Teacher lr=0.0080 | Teacher Loss: 1.713 | Teacher Train Acc: 70.810 | Student lr=0.0051 | Student Train Acc: 65.332 | Time: 137.134 |
[Eval] Epoch: 34 | Teacher Test Loss: 1.236 | Teacher Test Acc: 68.730 | Student Test Loss: 1.499 | Student Test Acc: 61.970 | Teacher Test F1: 0.686 | Student Test F1: 0.619 | Teacher Top 5 Accuracy: 0.903 | Student Top 5 Accuracy: 0.864 | Time: 2.538 | 
Running student landscape probe...
[LR policy] epoch=34 output=residual_log policy_pred=-0.546483 predicted_lr=0.001743 cosine_blend=0.000 lr_ema=0.000 cosine_after=0 next_student_lr=0.001743
[Train] Epoch: 35 | Teacher lr=0.0020 | Teacher Loss: 1.684 | Teacher Train Acc: 71.458 | Student lr=0.0017 | Student Train Acc: 65.642 | Time: 133.752 |
[Eval] Epoch: 35 | Teacher Test Loss: 1.231 | Teacher Test Acc: 68.760 | Student Test Loss: 1.490 | Student Test Acc: 62.500 | Teacher Test F1: 0.687 | Student Test F1: 0.624 | Teacher Top 5 Accuracy: 0.904 | Student Top 5 Accuracy: 0.865 | Time: 1.501 | 
Running student landscape probe...
[LR policy] epoch=35 output=residual_log policy_pred=-0.574929 predicted_lr=0.001000 cosine_blend=0.000 lr_ema=0.000 cosine_after=0 next_student_lr=0.001000
ckpt location: ckpt/robust12h_industry/residgru_lblnoise020_seed2_35ep.pt
