/home/jovyan/.mlspace/envs/egy_llm/lib/python3.11/site-packages/torchvision/datasets/cifar.py:83: VisibleDeprecationWarning: dtype(): align should be passed as Python or NumPy boolean but got `align=0`. Did you mean to pass a tuple to create a subarray type? (Deprecated NumPy 2.4)
  entry = pickle.load(f, encoding="latin1")
depth_list: [110, 20]
[LR policy] output=residual_log train_windows=1020 test_windows=170 test_mse=0.547458 test_mae=0.577139
[NoisyClassificationDataset] num_classes=100 label_noise_rate=0.300 input_noise_std=0.0000 flipped=14958/50000
Dataset information: cifar100	 50000 images for training 	 10000 images for testing	
teacher depth: 110
student depth: 20
Total number of teacher parameters: 1,169,972
Total number of student parameters: 278,132
Snapshots will be saved to: snapshots/robust12h_industry/residgru_lblnoise030_seed3_35ep
==== train and evaluate unequal restart ====
[Eval] Epoch: 0 | Teacher Test Loss: 9743.739 | Teacher Test Acc: 1.130 | Student Test Loss: 5.207 | Student Test Acc: 1.000 | Teacher Test F1: 0.001 | Student Test F1: 0.000 | Teacher Top 5 Accuracy: 0.048 | Student Top 5 Accuracy: 0.047 | Time: 2.765 | 
Running student landscape probe...
[Train] Epoch: 1 | Teacher lr=1.0000 | Teacher Loss: 4.392 | Teacher Train Acc: 5.504 | Student lr=0.0100 | Student Train Acc: 4.490 | Time: 136.800 |
[Eval] Epoch: 1 | Teacher Test Loss: 3.980 | Teacher Test Acc: 8.950 | Student Test Loss: 4.094 | Student Test Acc: 8.120 | Teacher Test F1: 0.056 | Student Test F1: 0.047 | Teacher Top 5 Accuracy: 0.294 | Student Top 5 Accuracy: 0.255 | Time: 2.843 | 
Running student landscape probe...
[LR policy] epoch=1 output=residual_log policy_pred=-0.026635 predicted_lr=0.971758 cosine_blend=0.000 lr_ema=0.000 cosine_after=0 next_student_lr=0.997989
[Train] Epoch: 2 | Teacher lr=0.9980 | Teacher Loss: 4.168 | Teacher Train Acc: 10.260 | Student lr=0.9980 | Student Train Acc: 10.836 | Time: 137.563 |
[Eval] Epoch: 2 | Teacher Test Loss: 3.577 | Teacher Test Acc: 14.520 | Student Test Loss: 3.523 | Student Test Acc: 15.830 | Teacher Test F1: 0.117 | Student Test F1: 0.138 | Teacher Top 5 Accuracy: 0.424 | Student Top 5 Accuracy: 0.424 | Time: 2.638 | 
Running student landscape probe...
[LR policy] epoch=2 output=residual_log policy_pred=-0.020131 predicted_lr=0.972203 cosine_blend=0.000 lr_ema=0.000 cosine_after=0 next_student_lr=0.991973
[Train] Epoch: 3 | Teacher lr=0.9920 | Teacher Loss: 3.983 | Teacher Train Acc: 15.866 | Student lr=0.9920 | Student Train Acc: 21.004 | Time: 135.249 |
[Eval] Epoch: 3 | Teacher Test Loss: 3.250 | Teacher Test Acc: 20.940 | Student Test Loss: 3.010 | Student Test Acc: 25.990 | Teacher Test F1: 0.179 | Student Test F1: 0.232 | Teacher Top 5 Accuracy: 0.508 | Student Top 5 Accuracy: 0.573 | Time: 2.821 | 
Running student landscape probe...
[LR policy] epoch=3 output=residual_log policy_pred=0.019965 predicted_lr=1.001802 cosine_blend=0.000 lr_ema=0.000 cosine_after=0 next_student_lr=0.981999
[Train] Epoch: 4 | Teacher lr=0.9820 | Teacher Loss: 3.809 | Teacher Train Acc: 20.730 | Student lr=0.9820 | Student Train Acc: 26.400 | Time: 132.905 |
[Eval] Epoch: 4 | Teacher Test Loss: 2.898 | Teacher Test Acc: 26.810 | Student Test Loss: 2.990 | Student Test Acc: 27.130 | Teacher Test F1: 0.246 | Student Test F1: 0.260 | Teacher Top 5 Accuracy: 0.605 | Student Top 5 Accuracy: 0.586 | Time: 2.493 | 
Running student landscape probe...
[LR policy] epoch=4 output=residual_log policy_pred=0.060273 predicted_lr=1.028297 cosine_blend=0.000 lr_ema=0.000 cosine_after=0 next_student_lr=0.968149
[Train] Epoch: 5 | Teacher lr=0.9681 | Teacher Loss: 3.679 | Teacher Train Acc: 24.084 | Student lr=0.9681 | Student Train Acc: 29.238 | Time: 136.165 |
[Eval] Epoch: 5 | Teacher Test Loss: 2.890 | Teacher Test Acc: 28.770 | Student Test Loss: 3.038 | Student Test Acc: 25.470 | Teacher Test F1: 0.273 | Student Test F1: 0.230 | Teacher Top 5 Accuracy: 0.611 | Student Top 5 Accuracy: 0.547 | Time: 2.754 | 
Running student landscape probe...
[LR policy] epoch=5 output=residual_log policy_pred=0.137429 predicted_lr=1.090566 cosine_blend=0.000 lr_ema=0.000 cosine_after=0 next_student_lr=0.950534
[Train] Epoch: 6 | Teacher lr=0.9505 | Teacher Loss: 3.596 | Teacher Train Acc: 26.606 | Student lr=0.9505 | Student Train Acc: 30.460 | Time: 135.592 |
[Eval] Epoch: 6 | Teacher Test Loss: 2.861 | Teacher Test Acc: 29.410 | Student Test Loss: 2.578 | Student Test Acc: 35.910 | Teacher Test F1: 0.277 | Student Test F1: 0.347 | Teacher Top 5 Accuracy: 0.605 | Student Top 5 Accuracy: 0.671 | Time: 2.813 | 
Running student landscape probe...
[LR policy] epoch=6 output=residual_log policy_pred=0.221890 predicted_lr=1.160164 cosine_blend=0.000 lr_ema=0.000 cosine_after=0 next_student_lr=1.160164
[Train] Epoch: 7 | Teacher lr=0.9292 | Teacher Loss: 3.531 | Teacher Train Acc: 28.494 | Student lr=1.1602 | Student Train Acc: 30.626 | Time: 133.884 |
[Eval] Epoch: 7 | Teacher Test Loss: 2.555 | Teacher Test Acc: 35.670 | Student Test Loss: 3.693 | Student Test Acc: 15.310 | Teacher Test F1: 0.336 | Student Test F1: 0.124 | Teacher Top 5 Accuracy: 0.693 | Student Top 5 Accuracy: 0.390 | Time: 2.640 | 
Running student landscape probe...
[LR policy] epoch=7 output=residual_log policy_pred=0.260720 predicted_lr=1.174053 cosine_blend=0.000 lr_ema=0.000 cosine_after=0 next_student_lr=1.174053
[Train] Epoch: 8 | Teacher lr=0.9045 | Teacher Loss: 3.478 | Teacher Train Acc: 30.112 | Student lr=1.1741 | Student Train Acc: 31.368 | Time: 135.925 |
[Eval] Epoch: 8 | Teacher Test Loss: 2.534 | Teacher Test Acc: 36.520 | Student Test Loss: 2.932 | Student Test Acc: 28.460 | Teacher Test F1: 0.356 | Student Test F1: 0.260 | Teacher Top 5 Accuracy: 0.694 | Student Top 5 Accuracy: 0.590 | Time: 2.550 | 
Running student landscape probe...
[LR policy] epoch=8 output=residual_log policy_pred=0.295307 predicted_lr=1.177826 cosine_blend=0.000 lr_ema=0.000 cosine_after=0 next_student_lr=1.177826
[Train] Epoch: 9 | Teacher lr=0.8765 | Teacher Loss: 3.436 | Teacher Train Acc: 31.426 | Student lr=1.1778 | Student Train Acc: 32.184 | Time: 136.035 |
[Eval] Epoch: 9 | Teacher Test Loss: 2.443 | Teacher Test Acc: 39.950 | Student Test Loss: 4.755 | Student Test Acc: 8.900 | Teacher Test F1: 0.385 | Student Test F1: 0.072 | Teacher Top 5 Accuracy: 0.716 | Student Top 5 Accuracy: 0.251 | Time: 2.815 | 
Running student landscape probe...
[LR policy] epoch=9 output=residual_log policy_pred=0.270329 predicted_lr=1.108183 cosine_blend=0.000 lr_ema=0.000 cosine_after=0 next_student_lr=1.108183
[Train] Epoch: 10 | Teacher lr=0.8455 | Teacher Loss: 3.393 | Teacher Train Acc: 32.384 | Student lr=1.1082 | Student Train Acc: 33.100 | Time: 135.068 |
[Eval] Epoch: 10 | Teacher Test Loss: 2.434 | Teacher Test Acc: 39.980 | Student Test Loss: 2.680 | Student Test Acc: 33.410 | Teacher Test F1: 0.385 | Student Test F1: 0.312 | Teacher Top 5 Accuracy: 0.725 | Student Top 5 Accuracy: 0.653 | Time: 2.461 | 
Running student landscape probe...
[LR policy] epoch=10 output=residual_log policy_pred=0.309169 predicted_lr=1.106091 cosine_blend=0.000 lr_ema=0.000 cosine_after=0 next_student_lr=1.106091
[Train] Epoch: 11 | Teacher lr=0.8117 | Teacher Loss: 3.364 | Teacher Train Acc: 33.294 | Student lr=1.1061 | Student Train Acc: 33.368 | Time: 136.213 |
[Eval] Epoch: 11 | Teacher Test Loss: 2.330 | Teacher Test Acc: 42.200 | Student Test Loss: 2.642 | Student Test Acc: 35.310 | Teacher Test F1: 0.410 | Student Test F1: 0.334 | Teacher Top 5 Accuracy: 0.746 | Student Top 5 Accuracy: 0.654 | Time: 2.807 | 
Running student landscape probe...
[LR policy] epoch=11 output=residual_log policy_pred=0.412906 predicted_lr=1.172199 cosine_blend=0.000 lr_ema=0.000 cosine_after=0 next_student_lr=1.172199
[Train] Epoch: 12 | Teacher lr=0.7754 | Teacher Loss: 3.328 | Teacher Train Acc: 34.510 | Student lr=1.1722 | Student Train Acc: 33.632 | Time: 136.417 |
[Eval] Epoch: 12 | Teacher Test Loss: 2.394 | Teacher Test Acc: 39.460 | Student Test Loss: 2.723 | Student Test Acc: 32.860 | Teacher Test F1: 0.380 | Student Test F1: 0.310 | Teacher Top 5 Accuracy: 0.724 | Student Top 5 Accuracy: 0.632 | Time: 2.722 | 
Running student landscape probe...
[LR policy] epoch=12 output=residual_log policy_pred=0.474873 predicted_lr=1.185274 cosine_blend=0.000 lr_ema=0.000 cosine_after=0 next_student_lr=1.185274
[Train] Epoch: 13 | Teacher lr=0.7369 | Teacher Loss: 3.298 | Teacher Train Acc: 35.012 | Student lr=1.1853 | Student Train Acc: 33.674 | Time: 136.908 |
[Eval] Epoch: 13 | Teacher Test Loss: 2.447 | Teacher Test Acc: 39.230 | Student Test Loss: 4.081 | Student Test Acc: 13.890 | Teacher Test F1: 0.382 | Student Test F1: 0.129 | Teacher Top 5 Accuracy: 0.720 | Student Top 5 Accuracy: 0.413 | Time: 2.422 | 
Running student landscape probe...
[LR policy] epoch=13 output=residual_log policy_pred=0.498135 predicted_lr=1.146715 cosine_blend=0.000 lr_ema=0.000 cosine_after=0 next_student_lr=1.146715
[Train] Epoch: 14 | Teacher lr=0.6965 | Teacher Loss: 3.267 | Teacher Train Acc: 36.092 | Student lr=1.1467 | Student Train Acc: 34.070 | Time: 134.118 |
[Eval] Epoch: 14 | Teacher Test Loss: 2.614 | Teacher Test Acc: 37.180 | Student Test Loss: 3.092 | Student Test Acc: 26.990 | Teacher Test F1: 0.369 | Student Test F1: 0.257 | Teacher Top 5 Accuracy: 0.686 | Student Top 5 Accuracy: 0.557 | Time: 2.379 | 
Running student landscape probe...
[LR policy] epoch=14 output=residual_log policy_pred=0.549460 predicted_lr=1.134414 cosine_blend=0.000 lr_ema=0.000 cosine_after=0 next_student_lr=1.134414
[Train] Epoch: 15 | Teacher lr=0.6545 | Teacher Loss: 3.241 | Teacher Train Acc: 36.724 | Student lr=1.1344 | Student Train Acc: 34.478 | Time: 136.268 |
[Eval] Epoch: 15 | Teacher Test Loss: 2.278 | Teacher Test Acc: 45.190 | Student Test Loss: 2.616 | Student Test Acc: 36.410 | Teacher Test F1: 0.442 | Student Test F1: 0.355 | Teacher Top 5 Accuracy: 0.772 | Student Top 5 Accuracy: 0.686 | Time: 2.316 | 
Running student landscape probe...
[LR policy] epoch=15 output=residual_log policy_pred=0.586693 predicted_lr=1.099765 cosine_blend=0.000 lr_ema=0.000 cosine_after=0 next_student_lr=1.099765
[Train] Epoch: 16 | Teacher lr=0.6113 | Teacher Loss: 3.204 | Teacher Train Acc: 37.792 | Student lr=1.0998 | Student Train Acc: 34.838 | Time: 134.657 |
[Eval] Epoch: 16 | Teacher Test Loss: 2.250 | Teacher Test Acc: 45.370 | Student Test Loss: 3.061 | Student Test Acc: 25.420 | Teacher Test F1: 0.445 | Student Test F1: 0.250 | Teacher Top 5 Accuracy: 0.765 | Student Top 5 Accuracy: 0.562 | Time: 2.324 | 
Running student landscape probe...
[LR policy] epoch=16 output=residual_log policy_pred=0.610643 predicted_lr=1.045208 cosine_blend=0.000 lr_ema=0.000 cosine_after=0 next_student_lr=1.045208
[Train] Epoch: 17 | Teacher lr=0.5671 | Teacher Loss: 3.174 | Teacher Train Acc: 38.816 | Student lr=1.0452 | Student Train Acc: 35.520 | Time: 135.909 |
[Eval] Epoch: 17 | Teacher Test Loss: 2.040 | Teacher Test Acc: 50.200 | Student Test Loss: 3.277 | Student Test Acc: 23.270 | Teacher Test F1: 0.498 | Student Test F1: 0.214 | Teacher Top 5 Accuracy: 0.806 | Student Top 5 Accuracy: 0.509 | Time: 2.377 | 
Running student landscape probe...
[LR policy] epoch=17 output=residual_log policy_pred=0.630467 predicted_lr=0.982280 cosine_blend=0.000 lr_ema=0.000 cosine_after=0 next_student_lr=0.982280
[Train] Epoch: 18 | Teacher lr=0.5224 | Teacher Loss: 3.135 | Teacher Train Acc: 39.696 | Student lr=0.9823 | Student Train Acc: 36.002 | Time: 136.314 |
[Eval] Epoch: 18 | Teacher Test Loss: 2.063 | Teacher Test Acc: 48.480 | Student Test Loss: 2.792 | Student Test Acc: 32.510 | Teacher Test F1: 0.480 | Student Test F1: 0.320 | Teacher Top 5 Accuracy: 0.797 | Student Top 5 Accuracy: 0.628 | Time: 2.241 | 
Running student landscape probe...
[LR policy] epoch=18 output=residual_log policy_pred=0.583678 predicted_lr=0.857034 cosine_blend=0.000 lr_ema=0.000 cosine_after=0 next_student_lr=0.857034
[Train] Epoch: 19 | Teacher lr=0.4776 | Teacher Loss: 3.101 | Teacher Train Acc: 40.336 | Student lr=0.8570 | Student Train Acc: 37.090 | Time: 136.749 |
[Eval] Epoch: 19 | Teacher Test Loss: 2.079 | Teacher Test Acc: 49.440 | Student Test Loss: 2.717 | Student Test Acc: 34.160 | Teacher Test F1: 0.484 | Student Test F1: 0.335 | Teacher Top 5 Accuracy: 0.801 | Student Top 5 Accuracy: 0.649 | Time: 2.262 | 
Running student landscape probe...
[LR policy] epoch=19 output=residual_log policy_pred=0.586282 predicted_lr=0.779038 cosine_blend=0.000 lr_ema=0.000 cosine_after=0 next_student_lr=0.779038
[Train] Epoch: 20 | Teacher lr=0.4329 | Teacher Loss: 3.062 | Teacher Train Acc: 41.510 | Student lr=0.7790 | Student Train Acc: 37.622 | Time: 136.948 |
[Eval] Epoch: 20 | Teacher Test Loss: 2.001 | Teacher Test Acc: 51.010 | Student Test Loss: 2.692 | Student Test Acc: 34.650 | Teacher Test F1: 0.507 | Student Test F1: 0.327 | Teacher Top 5 Accuracy: 0.816 | Student Top 5 Accuracy: 0.647 | Time: 2.174 | 
Running student landscape probe...
[LR policy] epoch=20 output=residual_log policy_pred=0.538320 predicted_lr=0.667007 cosine_blend=0.000 lr_ema=0.000 cosine_after=0 next_student_lr=0.667007
[Train] Epoch: 21 | Teacher lr=0.3887 | Teacher Loss: 3.018 | Teacher Train Acc: 42.550 | Student lr=0.6670 | Student Train Acc: 38.684 | Time: 134.848 |
[Eval] Epoch: 21 | Teacher Test Loss: 1.840 | Teacher Test Acc: 54.290 | Student Test Loss: 2.315 | Student Test Acc: 42.780 | Teacher Test F1: 0.536 | Student Test F1: 0.423 | Teacher Top 5 Accuracy: 0.834 | Student Top 5 Accuracy: 0.742 | Time: 2.354 | 
Running student landscape probe...
[LR policy] epoch=21 output=residual_log policy_pred=0.485557 predicted_lr=0.562515 cosine_blend=0.000 lr_ema=0.000 cosine_after=0 next_student_lr=0.562515
[Train] Epoch: 22 | Teacher lr=0.3455 | Teacher Loss: 2.975 | Teacher Train Acc: 43.280 | Student lr=0.5625 | Student Train Acc: 40.000 | Time: 136.917 |
[Eval] Epoch: 22 | Teacher Test Loss: 1.875 | Teacher Test Acc: 53.720 | Student Test Loss: 2.494 | Student Test Acc: 39.470 | Teacher Test F1: 0.533 | Student Test F1: 0.384 | Teacher Top 5 Accuracy: 0.830 | Student Top 5 Accuracy: 0.705 | Time: 2.416 | 
Running student landscape probe...
[LR policy] epoch=22 output=residual_log policy_pred=0.400894 predicted_lr=0.454195 cosine_blend=0.000 lr_ema=0.000 cosine_after=0 next_student_lr=0.454195
[Train] Epoch: 23 | Teacher lr=0.3035 | Teacher Loss: 2.930 | Teacher Train Acc: 44.360 | Student lr=0.4542 | Student Train Acc: 41.182 | Time: 138.160 |
[Eval] Epoch: 23 | Teacher Test Loss: 1.889 | Teacher Test Acc: 55.090 | Student Test Loss: 2.546 | Student Test Acc: 39.330 | Teacher Test F1: 0.547 | Student Test F1: 0.393 | Teacher Top 5 Accuracy: 0.832 | Student Top 5 Accuracy: 0.697 | Time: 2.393 | 
Running student landscape probe...
[LR policy] epoch=23 output=residual_log policy_pred=0.378478 predicted_lr=0.385168 cosine_blend=0.000 lr_ema=0.000 cosine_after=0 next_student_lr=0.385168
[Train] Epoch: 24 | Teacher lr=0.2631 | Teacher Loss: 2.879 | Teacher Train Acc: 45.672 | Student lr=0.3852 | Student Train Acc: 42.458 | Time: 136.458 |
[Eval] Epoch: 24 | Teacher Test Loss: 1.773 | Teacher Test Acc: 55.710 | Student Test Loss: 2.192 | Student Test Acc: 45.830 | Teacher Test F1: 0.557 | Student Test F1: 0.455 | Teacher Top 5 Accuracy: 0.844 | Student Top 5 Accuracy: 0.769 | Time: 2.525 | 
Running student landscape probe...
[LR policy] epoch=24 output=residual_log policy_pred=0.376030 predicted_lr=0.328187 cosine_blend=0.000 lr_ema=0.000 cosine_after=0 next_student_lr=0.328187
[Train] Epoch: 25 | Teacher lr=0.2246 | Teacher Loss: 2.827 | Teacher Train Acc: 47.102 | Student lr=0.3282 | Student Train Acc: 43.254 | Time: 134.746 |
[Eval] Epoch: 25 | Teacher Test Loss: 1.724 | Teacher Test Acc: 57.360 | Student Test Loss: 2.358 | Student Test Acc: 42.750 | Teacher Test F1: 0.570 | Student Test F1: 0.433 | Teacher Top 5 Accuracy: 0.848 | Student Top 5 Accuracy: 0.733 | Time: 2.512 | 
Running student landscape probe...
[LR policy] epoch=25 output=residual_log policy_pred=0.393930 predicted_lr=0.280348 cosine_blend=0.000 lr_ema=0.000 cosine_after=0 next_student_lr=0.280348
[Train] Epoch: 26 | Teacher lr=0.1883 | Teacher Loss: 2.776 | Teacher Train Acc: 48.220 | Student lr=0.2803 | Student Train Acc: 44.152 | Time: 137.150 |
[Eval] Epoch: 26 | Teacher Test Loss: 1.705 | Teacher Test Acc: 58.710 | Student Test Loss: 2.048 | Student Test Acc: 50.030 | Teacher Test F1: 0.581 | Student Test F1: 0.492 | Teacher Top 5 Accuracy: 0.858 | Student Top 5 Accuracy: 0.787 | Time: 2.583 | 
Running student landscape probe...
[LR policy] epoch=26 output=residual_log policy_pred=0.460543 predicted_lr=0.246163 cosine_blend=0.000 lr_ema=0.000 cosine_after=0 next_student_lr=0.246163
[Train] Epoch: 27 | Teacher lr=0.1545 | Teacher Loss: 2.715 | Teacher Train Acc: 49.788 | Student lr=0.2462 | Student Train Acc: 44.854 | Time: 137.113 |
[Eval] Epoch: 27 | Teacher Test Loss: 1.659 | Teacher Test Acc: 60.200 | Student Test Loss: 2.317 | Student Test Acc: 44.380 | Teacher Test F1: 0.599 | Student Test F1: 0.439 | Teacher Top 5 Accuracy: 0.868 | Student Top 5 Accuracy: 0.747 | Time: 2.566 | 
Running student landscape probe...
[LR policy] epoch=27 output=residual_log policy_pred=0.485971 predicted_lr=0.202147 cosine_blend=0.000 lr_ema=0.000 cosine_after=0 next_student_lr=0.202147
[Train] Epoch: 28 | Teacher lr=0.1235 | Teacher Loss: 2.653 | Teacher Train Acc: 50.984 | Student lr=0.2021 | Student Train Acc: 46.030 | Time: 134.618 |
[Eval] Epoch: 28 | Teacher Test Loss: 1.637 | Teacher Test Acc: 60.940 | Student Test Loss: 1.979 | Student Test Acc: 51.520 | Teacher Test F1: 0.608 | Student Test F1: 0.512 | Teacher Top 5 Accuracy: 0.868 | Student Top 5 Accuracy: 0.807 | Time: 2.613 | 
Running student landscape probe...
[LR policy] epoch=28 output=residual_log policy_pred=0.495784 predicted_lr=0.158262 cosine_blend=0.000 lr_ema=0.000 cosine_after=0 next_student_lr=0.158262
[Train] Epoch: 29 | Teacher lr=0.0955 | Teacher Loss: 2.580 | Teacher Train Acc: 52.622 | Student lr=0.1583 | Student Train Acc: 46.978 | Time: 136.244 |
[Eval] Epoch: 29 | Teacher Test Loss: 1.542 | Teacher Test Acc: 62.280 | Student Test Loss: 1.996 | Student Test Acc: 52.170 | Teacher Test F1: 0.621 | Student Test F1: 0.519 | Teacher Top 5 Accuracy: 0.875 | Student Top 5 Accuracy: 0.804 | Time: 2.355 | 
Running student landscape probe...
[LR policy] epoch=29 output=residual_log policy_pred=0.559971 predicted_lr=0.125528 cosine_blend=0.000 lr_ema=0.000 cosine_after=0 next_student_lr=0.125528
[Train] Epoch: 30 | Teacher lr=0.0708 | Teacher Loss: 2.507 | Teacher Train Acc: 54.258 | Student lr=0.1255 | Student Train Acc: 48.220 | Time: 133.629 |
[Eval] Epoch: 30 | Teacher Test Loss: 1.526 | Teacher Test Acc: 62.560 | Student Test Loss: 1.959 | Student Test Acc: 51.570 | Teacher Test F1: 0.624 | Student Test F1: 0.511 | Teacher Top 5 Accuracy: 0.876 | Student Top 5 Accuracy: 0.806 | Time: 2.553 | 
Running student landscape probe...
[LR policy] epoch=30 output=residual_log policy_pred=0.585310 predicted_lr=0.090614 cosine_blend=0.000 lr_ema=0.000 cosine_after=0 next_student_lr=0.090614
[Train] Epoch: 31 | Teacher lr=0.0495 | Teacher Loss: 2.437 | Teacher Train Acc: 55.876 | Student lr=0.0906 | Student Train Acc: 49.386 | Time: 137.721 |
[Eval] Epoch: 31 | Teacher Test Loss: 1.509 | Teacher Test Acc: 63.600 | Student Test Loss: 1.860 | Student Test Acc: 56.060 | Teacher Test F1: 0.635 | Student Test F1: 0.556 | Teacher Top 5 Accuracy: 0.879 | Student Top 5 Accuracy: 0.835 | Time: 2.409 | 
Running student landscape probe...
[LR policy] epoch=31 output=residual_log policy_pred=0.609282 predicted_lr=0.060416 cosine_blend=0.000 lr_ema=0.000 cosine_after=0 next_student_lr=0.060416
[Train] Epoch: 32 | Teacher lr=0.0319 | Teacher Loss: 2.361 | Teacher Train Acc: 57.214 | Student lr=0.0604 | Student Train Acc: 51.126 | Time: 138.091 |
[Eval] Epoch: 32 | Teacher Test Loss: 1.492 | Teacher Test Acc: 64.390 | Student Test Loss: 1.920 | Student Test Acc: 54.670 | Teacher Test F1: 0.641 | Student Test F1: 0.542 | Teacher Top 5 Accuracy: 0.880 | Student Top 5 Accuracy: 0.815 | Time: 2.393 | 
Running student landscape probe...
[LR policy] epoch=32 output=residual_log policy_pred=0.632511 predicted_lr=0.035765 cosine_blend=0.000 lr_ema=0.000 cosine_after=0 next_student_lr=0.035765
[Train] Epoch: 33 | Teacher lr=0.0180 | Teacher Loss: 2.290 | Teacher Train Acc: 58.900 | Student lr=0.0358 | Student Train Acc: 52.282 | Time: 133.613 |
[Eval] Epoch: 33 | Teacher Test Loss: 1.467 | Teacher Test Acc: 64.740 | Student Test Loss: 1.770 | Student Test Acc: 57.550 | Teacher Test F1: 0.647 | Student Test F1: 0.570 | Teacher Top 5 Accuracy: 0.880 | Student Top 5 Accuracy: 0.839 | Time: 2.468 | 
Running student landscape probe...
[LR policy] epoch=33 output=residual_log policy_pred=0.673928 predicted_lr=0.017711 cosine_blend=0.000 lr_ema=0.000 cosine_after=0 next_student_lr=0.017711
[Train] Epoch: 34 | Teacher lr=0.0080 | Teacher Loss: 2.238 | Teacher Train Acc: 59.620 | Student lr=0.0177 | Student Train Acc: 53.730 | Time: 136.213 |
[Eval] Epoch: 34 | Teacher Test Loss: 1.458 | Teacher Test Acc: 65.080 | Student Test Loss: 1.670 | Student Test Acc: 59.850 | Teacher Test F1: 0.649 | Student Test F1: 0.595 | Teacher Top 5 Accuracy: 0.882 | Student Top 5 Accuracy: 0.852 | Time: 2.612 | 
Running student landscape probe...
[LR policy] epoch=34 output=residual_log policy_pred=0.693905 predicted_lr=0.006026 cosine_blend=0.000 lr_ema=0.000 cosine_after=0 next_student_lr=0.006026
[Train] Epoch: 35 | Teacher lr=0.0020 | Teacher Loss: 2.200 | Teacher Train Acc: 60.300 | Student lr=0.0060 | Student Train Acc: 54.632 | Time: 134.272 |
[Eval] Epoch: 35 | Teacher Test Loss: 1.446 | Teacher Test Acc: 65.190 | Student Test Loss: 1.628 | Student Test Acc: 60.430 | Teacher Test F1: 0.650 | Student Test F1: 0.602 | Teacher Top 5 Accuracy: 0.882 | Student Top 5 Accuracy: 0.858 | Time: 1.892 | 
Running student landscape probe...
[LR policy] epoch=35 output=residual_log policy_pred=0.698855 predicted_lr=0.002011 cosine_blend=0.000 lr_ema=0.000 cosine_after=0 next_student_lr=0.002011
ckpt location: ckpt/robust12h_industry/residgru_lblnoise030_seed3_35ep.pt
