/home/jovyan/.mlspace/envs/egy_llm/lib/python3.11/site-packages/torchvision/datasets/cifar.py:83: VisibleDeprecationWarning: dtype(): align should be passed as Python or NumPy boolean but got `align=0`. Did you mean to pass a tuple to create a subarray type? (Deprecated NumPy 2.4)
  entry = pickle.load(f, encoding="latin1")
depth_list: [110, 20]
[LR policy] output=residual_log train_windows=1020 test_windows=170 test_mse=0.656449 test_mae=0.661882
[NoisyClassificationDataset] num_classes=100 label_noise_rate=0.200 input_noise_std=0.0000 flipped=9956/50000
Dataset information: cifar100	 50000 images for training 	 10000 images for testing	
teacher depth: 110
student depth: 20
Total number of teacher parameters: 1,169,972
Total number of student parameters: 278,132
Snapshots will be saved to: snapshots/robust12h_industry/residgru_lblnoise020_seed1_35ep
==== train and evaluate unequal restart ====
[Eval] Epoch: 0 | Teacher Test Loss: 12407.062 | Teacher Test Acc: 0.990 | Student Test Loss: 7.984 | Student Test Acc: 1.020 | Teacher Test F1: 0.000 | Student Test F1: 0.000 | Teacher Top 5 Accuracy: 0.050 | Student Top 5 Accuracy: 0.046 | Time: 3.093 | 
Running student landscape probe...
[Train] Epoch: 1 | Teacher lr=1.0000 | Teacher Loss: 4.316 | Teacher Train Acc: 6.274 | Student lr=0.0100 | Student Train Acc: 5.056 | Time: 139.418 |
[Eval] Epoch: 1 | Teacher Test Loss: 3.909 | Teacher Test Acc: 9.720 | Student Test Loss: 3.982 | Student Test Acc: 9.310 | Teacher Test F1: 0.063 | Student Test F1: 0.057 | Teacher Top 5 Accuracy: 0.297 | Student Top 5 Accuracy: 0.280 | Time: 2.854 | 
Running student landscape probe...
[LR policy] epoch=1 output=residual_log policy_pred=-0.436796 predicted_lr=0.644804 cosine_blend=0.000 lr_ema=0.000 cosine_after=0 next_student_lr=0.997989
[Train] Epoch: 2 | Teacher lr=0.9980 | Teacher Loss: 3.992 | Teacher Train Acc: 12.862 | Student lr=0.9980 | Student Train Acc: 13.878 | Time: 137.828 |
[Eval] Epoch: 2 | Teacher Test Loss: 3.444 | Teacher Test Acc: 17.340 | Student Test Loss: 3.605 | Student Test Acc: 15.950 | Teacher Test F1: 0.138 | Student Test F1: 0.132 | Teacher Top 5 Accuracy: 0.442 | Student Top 5 Accuracy: 0.418 | Time: 2.861 | 
Running student landscape probe...
[LR policy] epoch=2 output=residual_log policy_pred=-0.635230 predicted_lr=0.525561 cosine_blend=0.000 lr_ema=0.000 cosine_after=0 next_student_lr=0.991973
[Train] Epoch: 3 | Teacher lr=0.9920 | Teacher Loss: 3.692 | Teacher Train Acc: 20.780 | Student lr=0.9920 | Student Train Acc: 26.422 | Time: 138.638 |
[Eval] Epoch: 3 | Teacher Test Loss: 3.006 | Teacher Test Acc: 24.620 | Student Test Loss: 3.189 | Student Test Acc: 24.100 | Teacher Test F1: 0.227 | Student Test F1: 0.224 | Teacher Top 5 Accuracy: 0.561 | Student Top 5 Accuracy: 0.510 | Time: 2.574 | 
Running student landscape probe...
[LR policy] epoch=3 output=residual_log policy_pred=-0.761331 predicted_lr=0.458637 cosine_blend=0.000 lr_ema=0.000 cosine_after=0 next_student_lr=0.981999
[Train] Epoch: 4 | Teacher lr=0.9820 | Teacher Loss: 3.476 | Teacher Train Acc: 26.276 | Student lr=0.9820 | Student Train Acc: 32.792 | Time: 138.182 |
[Eval] Epoch: 4 | Teacher Test Loss: 2.751 | Teacher Test Acc: 29.770 | Student Test Loss: 2.581 | Student Test Acc: 33.460 | Teacher Test F1: 0.281 | Student Test F1: 0.325 | Teacher Top 5 Accuracy: 0.644 | Student Top 5 Accuracy: 0.669 | Time: 2.686 | 
Running student landscape probe...
[LR policy] epoch=4 output=residual_log policy_pred=-0.852729 predicted_lr=0.412674 cosine_blend=0.000 lr_ema=0.000 cosine_after=0 next_student_lr=0.968149
[Train] Epoch: 5 | Teacher lr=0.9681 | Teacher Loss: 3.324 | Teacher Train Acc: 30.708 | Student lr=0.9681 | Student Train Acc: 35.846 | Time: 138.373 |
[Eval] Epoch: 5 | Teacher Test Loss: 2.720 | Teacher Test Acc: 30.490 | Student Test Loss: 2.501 | Student Test Acc: 35.930 | Teacher Test F1: 0.287 | Student Test F1: 0.341 | Teacher Top 5 Accuracy: 0.636 | Student Top 5 Accuracy: 0.674 | Time: 2.704 | 
Running student landscape probe...
[LR policy] epoch=5 output=residual_log policy_pred=-0.911593 predicted_lr=0.382004 cosine_blend=0.000 lr_ema=0.000 cosine_after=0 next_student_lr=0.950534
[Train] Epoch: 6 | Teacher lr=0.9505 | Teacher Loss: 3.222 | Teacher Train Acc: 33.558 | Student lr=0.9505 | Student Train Acc: 37.828 | Time: 138.886 |
[Eval] Epoch: 6 | Teacher Test Loss: 2.381 | Teacher Test Acc: 38.760 | Student Test Loss: 2.448 | Student Test Acc: 37.280 | Teacher Test F1: 0.376 | Student Test F1: 0.366 | Teacher Top 5 Accuracy: 0.715 | Student Top 5 Accuracy: 0.694 | Time: 2.632 | 
Running student landscape probe...
[LR policy] epoch=6 output=residual_log policy_pred=-0.947112 predicted_lr=0.360436 cosine_blend=0.000 lr_ema=0.000 cosine_after=0 next_student_lr=0.360436
[Train] Epoch: 7 | Teacher lr=0.9292 | Teacher Loss: 3.129 | Teacher Train Acc: 35.508 | Student lr=0.3604 | Student Train Acc: 43.808 | Time: 138.469 |
[Eval] Epoch: 7 | Teacher Test Loss: 2.321 | Teacher Test Acc: 39.870 | Student Test Loss: 2.291 | Student Test Acc: 42.350 | Teacher Test F1: 0.379 | Student Test F1: 0.418 | Teacher Top 5 Accuracy: 0.726 | Student Top 5 Accuracy: 0.727 | Time: 2.634 | 
Running student landscape probe...
[LR policy] epoch=7 output=residual_log policy_pred=-0.957326 predicted_lr=0.347294 cosine_blend=0.000 lr_ema=0.000 cosine_after=0 next_student_lr=0.347294
[Train] Epoch: 8 | Teacher lr=0.9045 | Teacher Loss: 3.076 | Teacher Train Acc: 37.344 | Student lr=0.3473 | Student Train Acc: 44.826 | Time: 139.660 |
[Eval] Epoch: 8 | Teacher Test Loss: 2.555 | Teacher Test Acc: 36.010 | Student Test Loss: 2.224 | Student Test Acc: 43.250 | Teacher Test F1: 0.343 | Student Test F1: 0.426 | Teacher Top 5 Accuracy: 0.674 | Student Top 5 Accuracy: 0.742 | Time: 2.624 | 
Running student landscape probe...
[LR policy] epoch=8 output=residual_log policy_pred=-0.963926 predicted_lr=0.334351 cosine_blend=0.000 lr_ema=0.000 cosine_after=0 next_student_lr=0.334351
[Train] Epoch: 9 | Teacher lr=0.8765 | Teacher Loss: 3.029 | Teacher Train Acc: 38.620 | Student lr=0.3344 | Student Train Acc: 45.840 | Time: 138.710 |
[Eval] Epoch: 9 | Teacher Test Loss: 2.191 | Teacher Test Acc: 42.990 | Student Test Loss: 2.093 | Student Test Acc: 46.220 | Teacher Test F1: 0.420 | Student Test F1: 0.454 | Teacher Top 5 Accuracy: 0.752 | Student Top 5 Accuracy: 0.774 | Time: 2.818 | 
Running student landscape probe...
[LR policy] epoch=9 output=residual_log policy_pred=-0.952986 predicted_lr=0.326086 cosine_blend=0.000 lr_ema=0.000 cosine_after=0 next_student_lr=0.326086
[Train] Epoch: 10 | Teacher lr=0.8455 | Teacher Loss: 2.971 | Teacher Train Acc: 40.316 | Student lr=0.3261 | Student Train Acc: 46.846 | Time: 136.588 |
[Eval] Epoch: 10 | Teacher Test Loss: 2.197 | Teacher Test Acc: 42.680 | Student Test Loss: 2.088 | Student Test Acc: 45.520 | Teacher Test F1: 0.417 | Student Test F1: 0.454 | Teacher Top 5 Accuracy: 0.749 | Student Top 5 Accuracy: 0.766 | Time: 2.640 | 
Running student landscape probe...
[LR policy] epoch=10 output=residual_log policy_pred=-0.957293 predicted_lr=0.311726 cosine_blend=0.000 lr_ema=0.000 cosine_after=0 next_student_lr=0.311726
[Train] Epoch: 11 | Teacher lr=0.8117 | Teacher Loss: 2.936 | Teacher Train Acc: 41.258 | Student lr=0.3117 | Student Train Acc: 47.550 | Time: 137.200 |
[Eval] Epoch: 11 | Teacher Test Loss: 2.170 | Teacher Test Acc: 44.280 | Student Test Loss: 2.235 | Student Test Acc: 43.090 | Teacher Test F1: 0.438 | Student Test F1: 0.427 | Teacher Top 5 Accuracy: 0.767 | Student Top 5 Accuracy: 0.741 | Time: 2.615 | 
Running student landscape probe...
[LR policy] epoch=11 output=residual_log policy_pred=-0.977229 predicted_lr=0.291927 cosine_blend=0.000 lr_ema=0.000 cosine_after=0 next_student_lr=0.291927
[Train] Epoch: 12 | Teacher lr=0.7754 | Teacher Loss: 2.880 | Teacher Train Acc: 42.608 | Student lr=0.2919 | Student Train Acc: 48.450 | Time: 139.585 |
[Eval] Epoch: 12 | Teacher Test Loss: 2.047 | Teacher Test Acc: 48.570 | Student Test Loss: 2.152 | Student Test Acc: 45.250 | Teacher Test F1: 0.476 | Student Test F1: 0.453 | Teacher Top 5 Accuracy: 0.794 | Student Top 5 Accuracy: 0.758 | Time: 2.750 | 
Running student landscape probe...
[LR policy] epoch=12 output=residual_log policy_pred=-0.983038 predicted_lr=0.275839 cosine_blend=0.000 lr_ema=0.000 cosine_after=0 next_student_lr=0.275839
[Train] Epoch: 13 | Teacher lr=0.7369 | Teacher Loss: 2.839 | Teacher Train Acc: 43.794 | Student lr=0.2758 | Student Train Acc: 49.146 | Time: 138.373 |
[Eval] Epoch: 13 | Teacher Test Loss: 2.098 | Teacher Test Acc: 45.410 | Student Test Loss: 1.950 | Student Test Acc: 50.110 | Teacher Test F1: 0.447 | Student Test F1: 0.496 | Teacher Top 5 Accuracy: 0.770 | Student Top 5 Accuracy: 0.804 | Time: 2.678 | 
Running student landscape probe...
[LR policy] epoch=13 output=residual_log policy_pred=-0.980797 predicted_lr=0.261314 cosine_blend=0.000 lr_ema=0.000 cosine_after=0 next_student_lr=0.261314
[Train] Epoch: 14 | Teacher lr=0.6965 | Teacher Loss: 2.807 | Teacher Train Acc: 44.588 | Student lr=0.2613 | Student Train Acc: 49.702 | Time: 138.957 |
[Eval] Epoch: 14 | Teacher Test Loss: 1.901 | Teacher Test Acc: 50.120 | Student Test Loss: 1.846 | Student Test Acc: 52.330 | Teacher Test F1: 0.492 | Student Test F1: 0.520 | Teacher Top 5 Accuracy: 0.810 | Student Top 5 Accuracy: 0.815 | Time: 2.812 | 
Running student landscape probe...
[LR policy] epoch=14 output=residual_log policy_pred=-0.969214 predicted_lr=0.248439 cosine_blend=0.000 lr_ema=0.000 cosine_after=0 next_student_lr=0.248439
[Train] Epoch: 15 | Teacher lr=0.6545 | Teacher Loss: 2.758 | Teacher Train Acc: 46.146 | Student lr=0.2484 | Student Train Acc: 50.520 | Time: 138.299 |
[Eval] Epoch: 15 | Teacher Test Loss: 1.938 | Teacher Test Acc: 50.230 | Student Test Loss: 1.900 | Student Test Acc: 50.090 | Teacher Test F1: 0.497 | Student Test F1: 0.498 | Teacher Top 5 Accuracy: 0.804 | Student Top 5 Accuracy: 0.801 | Time: 2.597 | 
Running student landscape probe...
[LR policy] epoch=15 output=residual_log policy_pred=-0.965865 predicted_lr=0.232827 cosine_blend=0.000 lr_ema=0.000 cosine_after=0 next_student_lr=0.232827
[Train] Epoch: 16 | Teacher lr=0.6113 | Teacher Loss: 2.727 | Teacher Train Acc: 46.878 | Student lr=0.2328 | Student Train Acc: 51.004 | Time: 138.526 |
[Eval] Epoch: 16 | Teacher Test Loss: 1.826 | Teacher Test Acc: 52.850 | Student Test Loss: 1.972 | Student Test Acc: 49.010 | Teacher Test F1: 0.525 | Student Test F1: 0.491 | Teacher Top 5 Accuracy: 0.824 | Student Top 5 Accuracy: 0.782 | Time: 2.866 | 
Running student landscape probe...
[LR policy] epoch=16 output=residual_log policy_pred=-0.951946 predicted_lr=0.219068 cosine_blend=0.000 lr_ema=0.000 cosine_after=0 next_student_lr=0.219068
[Train] Epoch: 17 | Teacher lr=0.5671 | Teacher Loss: 2.679 | Teacher Train Acc: 48.176 | Student lr=0.2191 | Student Train Acc: 51.650 | Time: 135.435 |
[Eval] Epoch: 17 | Teacher Test Loss: 1.821 | Teacher Test Acc: 53.880 | Student Test Loss: 1.868 | Student Test Acc: 52.160 | Teacher Test F1: 0.531 | Student Test F1: 0.517 | Teacher Top 5 Accuracy: 0.827 | Student Top 5 Accuracy: 0.809 | Time: 2.795 | 
Running student landscape probe...
[LR policy] epoch=17 output=residual_log policy_pred=-0.944258 predicted_lr=0.203395 cosine_blend=0.000 lr_ema=0.000 cosine_after=0 next_student_lr=0.203395
[Train] Epoch: 18 | Teacher lr=0.5224 | Teacher Loss: 2.638 | Teacher Train Acc: 49.272 | Student lr=0.2034 | Student Train Acc: 52.444 | Time: 139.636 |
[Eval] Epoch: 18 | Teacher Test Loss: 1.806 | Teacher Test Acc: 52.870 | Student Test Loss: 1.847 | Student Test Acc: 52.050 | Teacher Test F1: 0.521 | Student Test F1: 0.520 | Teacher Top 5 Accuracy: 0.824 | Student Top 5 Accuracy: 0.805 | Time: 2.653 | 
Running student landscape probe...
[LR policy] epoch=18 output=residual_log policy_pred=-0.936011 predicted_lr=0.187502 cosine_blend=0.000 lr_ema=0.000 cosine_after=0 next_student_lr=0.187502
[Train] Epoch: 19 | Teacher lr=0.4776 | Teacher Loss: 2.592 | Teacher Train Acc: 50.410 | Student lr=0.1875 | Student Train Acc: 53.186 | Time: 137.506 |
[Eval] Epoch: 19 | Teacher Test Loss: 1.702 | Teacher Test Acc: 55.540 | Student Test Loss: 1.861 | Student Test Acc: 51.980 | Teacher Test F1: 0.550 | Student Test F1: 0.513 | Teacher Top 5 Accuracy: 0.843 | Student Top 5 Accuracy: 0.813 | Time: 2.649 | 
Running student landscape probe...
[LR policy] epoch=19 output=residual_log policy_pred=-0.938603 predicted_lr=0.169554 cosine_blend=0.000 lr_ema=0.000 cosine_after=0 next_student_lr=0.169554
[Train] Epoch: 20 | Teacher lr=0.4329 | Teacher Loss: 2.556 | Teacher Train Acc: 51.552 | Student lr=0.1696 | Student Train Acc: 53.650 | Time: 136.779 |
[Eval] Epoch: 20 | Teacher Test Loss: 1.746 | Teacher Test Acc: 55.790 | Student Test Loss: 1.906 | Student Test Acc: 51.080 | Teacher Test F1: 0.557 | Student Test F1: 0.509 | Teacher Top 5 Accuracy: 0.843 | Student Top 5 Accuracy: 0.799 | Time: 2.824 | 
Running student landscape probe...
[LR policy] epoch=20 output=residual_log policy_pred=-0.938562 predicted_lr=0.152310 cosine_blend=0.000 lr_ema=0.000 cosine_after=0 next_student_lr=0.152310
[Train] Epoch: 21 | Teacher lr=0.3887 | Teacher Loss: 2.511 | Teacher Train Acc: 52.454 | Student lr=0.1523 | Student Train Acc: 54.486 | Time: 138.241 |
[Eval] Epoch: 21 | Teacher Test Loss: 1.706 | Teacher Test Acc: 56.400 | Student Test Loss: 1.847 | Student Test Acc: 52.260 | Teacher Test F1: 0.561 | Student Test F1: 0.526 | Teacher Top 5 Accuracy: 0.852 | Student Top 5 Accuracy: 0.815 | Time: 2.809 | 
Running student landscape probe...
[LR policy] epoch=21 output=residual_log policy_pred=-0.935901 predicted_lr=0.135770 cosine_blend=0.000 lr_ema=0.000 cosine_after=0 next_student_lr=0.135770
[Train] Epoch: 22 | Teacher lr=0.3455 | Teacher Loss: 2.467 | Teacher Train Acc: 53.690 | Student lr=0.1358 | Student Train Acc: 55.002 | Time: 138.541 |
[Eval] Epoch: 22 | Teacher Test Loss: 1.597 | Teacher Test Acc: 59.290 | Student Test Loss: 1.826 | Student Test Acc: 52.970 | Teacher Test F1: 0.594 | Student Test F1: 0.532 | Teacher Top 5 Accuracy: 0.866 | Student Top 5 Accuracy: 0.809 | Time: 2.814 | 
Running student landscape probe...
[LR policy] epoch=22 output=residual_log policy_pred=-0.938979 predicted_lr=0.118944 cosine_blend=0.000 lr_ema=0.000 cosine_after=0 next_student_lr=0.118944
[Train] Epoch: 23 | Teacher lr=0.3035 | Teacher Loss: 2.417 | Teacher Train Acc: 54.788 | Student lr=0.1189 | Student Train Acc: 55.838 | Time: 136.577 |
[Eval] Epoch: 23 | Teacher Test Loss: 1.529 | Teacher Test Acc: 61.150 | Student Test Loss: 1.826 | Student Test Acc: 52.590 | Teacher Test F1: 0.610 | Student Test F1: 0.532 | Teacher Top 5 Accuracy: 0.873 | Student Top 5 Accuracy: 0.806 | Time: 2.877 | 
Running student landscape probe...
[LR policy] epoch=23 output=residual_log policy_pred=-0.935852 predicted_lr=0.103477 cosine_blend=0.000 lr_ema=0.000 cosine_after=0 next_student_lr=0.103477
[Train] Epoch: 24 | Teacher lr=0.2631 | Teacher Loss: 2.365 | Teacher Train Acc: 56.162 | Student lr=0.1035 | Student Train Acc: 56.828 | Time: 137.808 |
[Eval] Epoch: 24 | Teacher Test Loss: 1.529 | Teacher Test Acc: 61.170 | Student Test Loss: 1.741 | Student Test Acc: 55.260 | Teacher Test F1: 0.606 | Student Test F1: 0.549 | Teacher Top 5 Accuracy: 0.876 | Student Top 5 Accuracy: 0.829 | Time: 2.837 | 
Running student landscape probe...
[LR policy] epoch=24 output=residual_log policy_pred=-0.932367 predicted_lr=0.088693 cosine_blend=0.000 lr_ema=0.000 cosine_after=0 next_student_lr=0.088693
[Train] Epoch: 25 | Teacher lr=0.2246 | Teacher Loss: 2.307 | Teacher Train Acc: 57.746 | Student lr=0.0887 | Student Train Acc: 57.804 | Time: 138.519 |
[Eval] Epoch: 25 | Teacher Test Loss: 1.481 | Teacher Test Acc: 61.840 | Student Test Loss: 1.714 | Student Test Acc: 56.270 | Teacher Test F1: 0.618 | Student Test F1: 0.562 | Teacher Top 5 Accuracy: 0.882 | Student Top 5 Accuracy: 0.834 | Time: 2.560 | 
Running student landscape probe...
[LR policy] epoch=25 output=residual_log policy_pred=-0.923013 predicted_lr=0.075120 cosine_blend=0.000 lr_ema=0.000 cosine_after=0 next_student_lr=0.075120
[Train] Epoch: 26 | Teacher lr=0.1883 | Teacher Loss: 2.246 | Teacher Train Acc: 59.056 | Student lr=0.0751 | Student Train Acc: 58.424 | Time: 137.068 |
[Eval] Epoch: 26 | Teacher Test Loss: 1.459 | Teacher Test Acc: 62.600 | Student Test Loss: 1.710 | Student Test Acc: 56.970 | Teacher Test F1: 0.626 | Student Test F1: 0.567 | Teacher Top 5 Accuracy: 0.884 | Student Top 5 Accuracy: 0.842 | Time: 2.845 | 
Running student landscape probe...
[LR policy] epoch=26 output=residual_log policy_pred=-0.907460 predicted_lr=0.062677 cosine_blend=0.000 lr_ema=0.000 cosine_after=0 next_student_lr=0.062677
[Train] Epoch: 27 | Teacher lr=0.1545 | Teacher Loss: 2.182 | Teacher Train Acc: 60.642 | Student lr=0.0627 | Student Train Acc: 59.322 | Time: 138.087 |
[Eval] Epoch: 27 | Teacher Test Loss: 1.400 | Teacher Test Acc: 63.800 | Student Test Loss: 1.691 | Student Test Acc: 56.980 | Teacher Test F1: 0.638 | Student Test F1: 0.570 | Teacher Top 5 Accuracy: 0.894 | Student Top 5 Accuracy: 0.840 | Time: 2.742 | 
Running student landscape probe...
[LR policy] epoch=27 output=residual_log policy_pred=-0.896437 predicted_lr=0.050734 cosine_blend=0.000 lr_ema=0.000 cosine_after=0 next_student_lr=0.050734
[Train] Epoch: 28 | Teacher lr=0.1235 | Teacher Loss: 2.114 | Teacher Train Acc: 62.418 | Student lr=0.0507 | Student Train Acc: 60.220 | Time: 139.203 |
[Eval] Epoch: 28 | Teacher Test Loss: 1.340 | Teacher Test Acc: 66.070 | Student Test Loss: 1.645 | Student Test Acc: 58.030 | Teacher Test F1: 0.660 | Student Test F1: 0.583 | Teacher Top 5 Accuracy: 0.897 | Student Top 5 Accuracy: 0.848 | Time: 2.663 | 
Running student landscape probe...
[LR policy] epoch=28 output=residual_log policy_pred=-0.890911 predicted_lr=0.039550 cosine_blend=0.000 lr_ema=0.000 cosine_after=0 next_student_lr=0.039550
[Train] Epoch: 29 | Teacher lr=0.0955 | Teacher Loss: 2.045 | Teacher Train Acc: 63.954 | Student lr=0.0395 | Student Train Acc: 61.070 | Time: 137.312 |
[Eval] Epoch: 29 | Teacher Test Loss: 1.335 | Teacher Test Acc: 66.130 | Student Test Loss: 1.606 | Student Test Acc: 58.680 | Teacher Test F1: 0.660 | Student Test F1: 0.589 | Teacher Top 5 Accuracy: 0.899 | Student Top 5 Accuracy: 0.854 | Time: 2.825 | 
Running student landscape probe...
[LR policy] epoch=29 output=residual_log policy_pred=-0.890461 predicted_lr=0.029432 cosine_blend=0.000 lr_ema=0.000 cosine_after=0 next_student_lr=0.029432
[Train] Epoch: 30 | Teacher lr=0.0708 | Teacher Loss: 1.969 | Teacher Train Acc: 65.614 | Student lr=0.0294 | Student Train Acc: 61.794 | Time: 138.460 |
[Eval] Epoch: 30 | Teacher Test Loss: 1.297 | Teacher Test Acc: 67.550 | Student Test Loss: 1.595 | Student Test Acc: 59.210 | Teacher Test F1: 0.676 | Student Test F1: 0.592 | Teacher Top 5 Accuracy: 0.901 | Student Top 5 Accuracy: 0.853 | Time: 2.735 | 
Running student landscape probe...
[LR policy] epoch=30 output=residual_log policy_pred=-0.888464 predicted_lr=0.020756 cosine_blend=0.000 lr_ema=0.000 cosine_after=0 next_student_lr=0.020756
[Train] Epoch: 31 | Teacher lr=0.0495 | Teacher Loss: 1.896 | Teacher Train Acc: 67.298 | Student lr=0.0208 | Student Train Acc: 63.046 | Time: 136.175 |
[Eval] Epoch: 31 | Teacher Test Loss: 1.270 | Teacher Test Acc: 68.000 | Student Test Loss: 1.568 | Student Test Acc: 60.420 | Teacher Test F1: 0.678 | Student Test F1: 0.602 | Teacher Top 5 Accuracy: 0.904 | Student Top 5 Accuracy: 0.859 | Time: 2.757 | 
Running student landscape probe...
[LR policy] epoch=31 output=residual_log policy_pred=-0.885072 predicted_lr=0.013557 cosine_blend=0.000 lr_ema=0.000 cosine_after=0 next_student_lr=0.013557
[Train] Epoch: 32 | Teacher lr=0.0319 | Teacher Loss: 1.824 | Teacher Train Acc: 68.700 | Student lr=0.0136 | Student Train Acc: 64.010 | Time: 138.934 |
[Eval] Epoch: 32 | Teacher Test Loss: 1.265 | Teacher Test Acc: 68.610 | Student Test Loss: 1.542 | Student Test Acc: 61.270 | Teacher Test F1: 0.685 | Student Test F1: 0.612 | Teacher Top 5 Accuracy: 0.904 | Student Top 5 Accuracy: 0.864 | Time: 2.839 | 
Running student landscape probe...
[LR policy] epoch=32 output=residual_log policy_pred=-0.889173 predicted_lr=0.007809 cosine_blend=0.000 lr_ema=0.000 cosine_after=0 next_student_lr=0.007809
[Train] Epoch: 33 | Teacher lr=0.0180 | Teacher Loss: 1.760 | Teacher Train Acc: 70.048 | Student lr=0.0078 | Student Train Acc: 64.862 | Time: 138.626 |
[Eval] Epoch: 33 | Teacher Test Loss: 1.241 | Teacher Test Acc: 68.710 | Student Test Loss: 1.512 | Student Test Acc: 62.090 | Teacher Test F1: 0.686 | Student Test F1: 0.620 | Teacher Top 5 Accuracy: 0.905 | Student Top 5 Accuracy: 0.867 | Time: 2.606 | 
Running student landscape probe...
[LR policy] epoch=33 output=residual_log policy_pred=-0.894678 predicted_lr=0.003690 cosine_blend=0.000 lr_ema=0.000 cosine_after=0 next_student_lr=0.003690
[Train] Epoch: 34 | Teacher lr=0.0080 | Teacher Loss: 1.712 | Teacher Train Acc: 71.102 | Student lr=0.0037 | Student Train Acc: 65.416 | Time: 138.014 |
[Eval] Epoch: 34 | Teacher Test Loss: 1.231 | Teacher Test Acc: 69.230 | Student Test Loss: 1.505 | Student Test Acc: 62.300 | Teacher Test F1: 0.691 | Student Test F1: 0.621 | Teacher Top 5 Accuracy: 0.907 | Student Top 5 Accuracy: 0.870 | Time: 2.707 | 
Running student landscape probe...
[LR policy] epoch=34 output=residual_log policy_pred=-0.901309 predicted_lr=0.001223 cosine_blend=0.000 lr_ema=0.000 cosine_after=0 next_student_lr=0.001223
[Train] Epoch: 35 | Teacher lr=0.0020 | Teacher Loss: 1.683 | Teacher Train Acc: 71.690 | Student lr=0.0012 | Student Train Acc: 66.094 | Time: 130.931 |
[Eval] Epoch: 35 | Teacher Test Loss: 1.225 | Teacher Test Acc: 69.220 | Student Test Loss: 1.495 | Student Test Acc: 62.680 | Teacher Test F1: 0.691 | Student Test F1: 0.625 | Teacher Top 5 Accuracy: 0.907 | Student Top 5 Accuracy: 0.870 | Time: 0.972 | 
Running student landscape probe...
[LR policy] epoch=35 output=residual_log policy_pred=-0.907151 predicted_lr=0.001000 cosine_blend=0.000 lr_ema=0.000 cosine_after=0 next_student_lr=0.001000
ckpt location: ckpt/robust12h_industry/residgru_lblnoise020_seed1_35ep.pt
