/home/jovyan/.mlspace/envs/egy_llm/lib/python3.11/site-packages/torchvision/datasets/cifar.py:83: VisibleDeprecationWarning: dtype(): align should be passed as Python or NumPy boolean but got `align=0`. Did you mean to pass a tuple to create a subarray type? (Deprecated NumPy 2.4)
  entry = pickle.load(f, encoding="latin1")
depth_list: [110, 20]
[LR policy] output=residual_log train_windows=1020 test_windows=170 test_mse=0.711071 test_mae=0.614960
[NoisyClassificationDataset] num_classes=100 label_noise_rate=0.100 input_noise_std=0.0000 flipped=5010/50000
Dataset information: cifar100	 50000 images for training 	 10000 images for testing	
teacher depth: 110
student depth: 20
Total number of teacher parameters: 1,169,972
Total number of student parameters: 278,132
Snapshots will be saved to: snapshots/robust12h_industry/residgru_lblnoise010_seed1_35ep
==== train and evaluate unequal restart ====
[Eval] Epoch: 0 | Teacher Test Loss: 12407.062 | Teacher Test Acc: 0.990 | Student Test Loss: 7.984 | Student Test Acc: 1.020 | Teacher Test F1: 0.000 | Student Test F1: 0.000 | Teacher Top 5 Accuracy: 0.050 | Student Top 5 Accuracy: 0.046 | Time: 3.066 | 
Running student landscape probe...
[Train] Epoch: 1 | Teacher lr=1.0000 | Teacher Loss: 4.205 | Teacher Train Acc: 7.590 | Student lr=0.0100 | Student Train Acc: 5.994 | Time: 137.692 |
[Eval] Epoch: 1 | Teacher Test Loss: 3.812 | Teacher Test Acc: 10.620 | Student Test Loss: 3.951 | Student Test Acc: 9.100 | Teacher Test F1: 0.080 | Student Test F1: 0.056 | Teacher Top 5 Accuracy: 0.331 | Student Top 5 Accuracy: 0.282 | Time: 2.651 | 
Running student landscape probe...
[LR policy] epoch=1 output=residual_log policy_pred=-0.062510 predicted_lr=0.937514 cosine_blend=0.000 lr_ema=0.000 cosine_after=0 next_student_lr=0.997989
[Train] Epoch: 2 | Teacher lr=0.9980 | Teacher Loss: 3.762 | Teacher Train Acc: 16.284 | Student lr=0.9980 | Student Train Acc: 17.126 | Time: 135.430 |
[Eval] Epoch: 2 | Teacher Test Loss: 3.330 | Teacher Test Acc: 18.870 | Student Test Loss: 3.694 | Student Test Acc: 17.230 | Teacher Test F1: 0.158 | Student Test F1: 0.145 | Teacher Top 5 Accuracy: 0.465 | Student Top 5 Accuracy: 0.431 | Time: 2.828 | 
Running student landscape probe...
[LR policy] epoch=2 output=residual_log policy_pred=-0.246298 predicted_lr=0.775415 cosine_blend=0.000 lr_ema=0.000 cosine_after=0 next_student_lr=0.991973
[Train] Epoch: 3 | Teacher lr=0.9920 | Teacher Loss: 3.355 | Teacher Train Acc: 25.766 | Student lr=0.9920 | Student Train Acc: 33.594 | Time: 135.159 |
[Eval] Epoch: 3 | Teacher Test Loss: 2.936 | Teacher Test Acc: 24.850 | Student Test Loss: 2.834 | Student Test Acc: 29.900 | Teacher Test F1: 0.232 | Student Test F1: 0.289 | Teacher Top 5 Accuracy: 0.584 | Student Top 5 Accuracy: 0.607 | Time: 2.567 | 
Running student landscape probe...
[LR policy] epoch=3 output=residual_log policy_pred=-0.447438 predicted_lr=0.627757 cosine_blend=0.000 lr_ema=0.000 cosine_after=0 next_student_lr=0.981999
[Train] Epoch: 4 | Teacher lr=0.9820 | Teacher Loss: 3.056 | Teacher Train Acc: 33.004 | Student lr=0.9820 | Student Train Acc: 40.618 | Time: 134.649 |
[Eval] Epoch: 4 | Teacher Test Loss: 2.748 | Teacher Test Acc: 30.410 | Student Test Loss: 2.812 | Student Test Acc: 31.580 | Teacher Test F1: 0.285 | Student Test F1: 0.315 | Teacher Top 5 Accuracy: 0.626 | Student Top 5 Accuracy: 0.631 | Time: 2.859 | 
Running student landscape probe...
[LR policy] epoch=4 output=residual_log policy_pred=-0.598527 predicted_lr=0.532115 cosine_blend=0.000 lr_ema=0.000 cosine_after=0 next_student_lr=0.968149
[Train] Epoch: 5 | Teacher lr=0.9681 | Teacher Loss: 2.887 | Teacher Train Acc: 37.528 | Student lr=0.9681 | Student Train Acc: 43.968 | Time: 134.016 |
[Eval] Epoch: 5 | Teacher Test Loss: 2.695 | Teacher Test Acc: 30.440 | Student Test Loss: 2.370 | Student Test Acc: 38.950 | Teacher Test F1: 0.290 | Student Test F1: 0.374 | Teacher Top 5 Accuracy: 0.644 | Student Top 5 Accuracy: 0.705 | Time: 2.531 | 
Running student landscape probe...
[LR policy] epoch=5 output=residual_log policy_pred=-0.719531 predicted_lr=0.462892 cosine_blend=0.000 lr_ema=0.000 cosine_after=0 next_student_lr=0.950534
[Train] Epoch: 6 | Teacher lr=0.9505 | Teacher Loss: 2.772 | Teacher Train Acc: 40.524 | Student lr=0.9505 | Student Train Acc: 46.004 | Time: 135.439 |
[Eval] Epoch: 6 | Teacher Test Loss: 2.845 | Teacher Test Acc: 28.230 | Student Test Loss: 2.445 | Student Test Acc: 37.760 | Teacher Test F1: 0.275 | Student Test F1: 0.366 | Teacher Top 5 Accuracy: 0.611 | Student Top 5 Accuracy: 0.689 | Time: 2.691 | 
Running student landscape probe...
[LR policy] epoch=6 output=residual_log policy_pred=-0.807934 predicted_lr=0.414259 cosine_blend=0.000 lr_ema=0.000 cosine_after=0 next_student_lr=0.414259
[Train] Epoch: 7 | Teacher lr=0.9292 | Teacher Loss: 2.797 | Teacher Train Acc: 40.102 | Student lr=0.4143 | Student Train Acc: 51.894 | Time: 133.129 |
[Eval] Epoch: 7 | Teacher Test Loss: 2.174 | Teacher Test Acc: 42.540 | Student Test Loss: 1.961 | Student Test Acc: 48.220 | Teacher Test F1: 0.413 | Student Test F1: 0.478 | Teacher Top 5 Accuracy: 0.751 | Student Top 5 Accuracy: 0.793 | Time: 2.762 | 
Running student landscape probe...
[LR policy] epoch=7 output=residual_log policy_pred=-0.874736 predicted_lr=0.377194 cosine_blend=0.000 lr_ema=0.000 cosine_after=0 next_student_lr=0.377194
[Train] Epoch: 8 | Teacher lr=0.9045 | Teacher Loss: 2.596 | Teacher Train Acc: 44.932 | Student lr=0.3772 | Student Train Acc: 53.340 | Time: 135.223 |
[Eval] Epoch: 8 | Teacher Test Loss: 2.401 | Teacher Test Acc: 38.390 | Student Test Loss: 1.915 | Student Test Acc: 48.260 | Teacher Test F1: 0.373 | Student Test F1: 0.478 | Teacher Top 5 Accuracy: 0.697 | Student Top 5 Accuracy: 0.796 | Time: 2.829 | 
Running student landscape probe...
[LR policy] epoch=8 output=residual_log policy_pred=-0.919866 predicted_lr=0.349412 cosine_blend=0.000 lr_ema=0.000 cosine_after=0 next_student_lr=0.349412
[Train] Epoch: 9 | Teacher lr=0.8765 | Teacher Loss: 2.527 | Teacher Train Acc: 46.884 | Student lr=0.3494 | Student Train Acc: 54.292 | Time: 135.579 |
[Eval] Epoch: 9 | Teacher Test Loss: 2.347 | Teacher Test Acc: 39.410 | Student Test Loss: 2.049 | Student Test Acc: 46.730 | Teacher Test F1: 0.386 | Student Test F1: 0.464 | Teacher Top 5 Accuracy: 0.713 | Student Top 5 Accuracy: 0.768 | Time: 2.830 | 
Running student landscape probe...
[LR policy] epoch=9 output=residual_log policy_pred=-0.934442 predicted_lr=0.332190 cosine_blend=0.000 lr_ema=0.000 cosine_after=0 next_student_lr=0.332190
[Train] Epoch: 10 | Teacher lr=0.8455 | Teacher Loss: 2.473 | Teacher Train Acc: 48.176 | Student lr=0.3322 | Student Train Acc: 55.628 | Time: 135.565 |
[Eval] Epoch: 10 | Teacher Test Loss: 2.013 | Teacher Test Acc: 45.220 | Student Test Loss: 1.941 | Student Test Acc: 48.780 | Teacher Test F1: 0.436 | Student Test F1: 0.483 | Teacher Top 5 Accuracy: 0.774 | Student Top 5 Accuracy: 0.789 | Time: 2.809 | 
Running student landscape probe...
[LR policy] epoch=10 output=residual_log policy_pred=-0.898692 predicted_lr=0.330539 cosine_blend=0.000 lr_ema=0.000 cosine_after=0 next_student_lr=0.330539
[Train] Epoch: 11 | Teacher lr=0.8117 | Teacher Loss: 2.415 | Teacher Train Acc: 50.014 | Student lr=0.3305 | Student Train Acc: 55.908 | Time: 136.455 |
[Eval] Epoch: 11 | Teacher Test Loss: 2.042 | Teacher Test Acc: 45.660 | Student Test Loss: 2.174 | Student Test Acc: 43.890 | Teacher Test F1: 0.454 | Student Test F1: 0.437 | Teacher Top 5 Accuracy: 0.780 | Student Top 5 Accuracy: 0.748 | Time: 2.388 | 
Running student landscape probe...
[LR policy] epoch=11 output=residual_log policy_pred=-0.916221 predicted_lr=0.310291 cosine_blend=0.000 lr_ema=0.000 cosine_after=0 next_student_lr=0.310291
[Train] Epoch: 12 | Teacher lr=0.7754 | Teacher Loss: 2.364 | Teacher Train Acc: 51.114 | Student lr=0.3103 | Student Train Acc: 56.862 | Time: 135.978 |
[Eval] Epoch: 12 | Teacher Test Loss: 1.922 | Teacher Test Acc: 49.210 | Student Test Loss: 2.215 | Student Test Acc: 43.250 | Teacher Test F1: 0.485 | Student Test F1: 0.431 | Teacher Top 5 Accuracy: 0.800 | Student Top 5 Accuracy: 0.741 | Time: 2.431 | 
Running student landscape probe...
[LR policy] epoch=12 output=residual_log policy_pred=-0.907918 predicted_lr=0.297358 cosine_blend=0.000 lr_ema=0.000 cosine_after=0 next_student_lr=0.297358
[Train] Epoch: 13 | Teacher lr=0.7369 | Teacher Loss: 2.317 | Teacher Train Acc: 52.438 | Student lr=0.2974 | Student Train Acc: 57.760 | Time: 137.886 |
[Eval] Epoch: 13 | Teacher Test Loss: 1.804 | Teacher Test Acc: 50.770 | Student Test Loss: 1.836 | Student Test Acc: 51.680 | Teacher Test F1: 0.497 | Student Test F1: 0.508 | Teacher Top 5 Accuracy: 0.814 | Student Top 5 Accuracy: 0.809 | Time: 2.470 | 
Running student landscape probe...
[LR policy] epoch=13 output=residual_log policy_pred=-0.919850 predicted_lr=0.277736 cosine_blend=0.000 lr_ema=0.000 cosine_after=0 next_student_lr=0.277736
[Train] Epoch: 14 | Teacher lr=0.6965 | Teacher Loss: 2.280 | Teacher Train Acc: 53.470 | Student lr=0.2777 | Student Train Acc: 58.218 | Time: 136.414 |
[Eval] Epoch: 14 | Teacher Test Loss: 1.771 | Teacher Test Acc: 51.970 | Student Test Loss: 1.776 | Student Test Acc: 52.870 | Teacher Test F1: 0.515 | Student Test F1: 0.520 | Teacher Top 5 Accuracy: 0.825 | Student Top 5 Accuracy: 0.813 | Time: 2.468 | 
Running student landscape probe...
[LR policy] epoch=14 output=residual_log policy_pred=-0.917898 predicted_lr=0.261521 cosine_blend=0.000 lr_ema=0.000 cosine_after=0 next_student_lr=0.261521
[Train] Epoch: 15 | Teacher lr=0.6545 | Teacher Loss: 2.221 | Teacher Train Acc: 54.924 | Student lr=0.2615 | Student Train Acc: 59.274 | Time: 137.516 |
[Eval] Epoch: 15 | Teacher Test Loss: 1.809 | Teacher Test Acc: 51.120 | Student Test Loss: 1.738 | Student Test Acc: 53.960 | Teacher Test F1: 0.509 | Student Test F1: 0.535 | Teacher Top 5 Accuracy: 0.810 | Student Top 5 Accuracy: 0.830 | Time: 2.354 | 
Running student landscape probe...
[LR policy] epoch=15 output=residual_log policy_pred=-0.917322 predicted_lr=0.244407 cosine_blend=0.000 lr_ema=0.000 cosine_after=0 next_student_lr=0.244407
[Train] Epoch: 16 | Teacher lr=0.6113 | Teacher Loss: 2.179 | Teacher Train Acc: 56.022 | Student lr=0.2444 | Student Train Acc: 59.842 | Time: 133.882 |
[Eval] Epoch: 16 | Teacher Test Loss: 1.666 | Teacher Test Acc: 54.880 | Student Test Loss: 1.849 | Student Test Acc: 51.220 | Teacher Test F1: 0.546 | Student Test F1: 0.512 | Teacher Top 5 Accuracy: 0.844 | Student Top 5 Accuracy: 0.802 | Time: 2.359 | 
Running student landscape probe...
[LR policy] epoch=16 output=residual_log policy_pred=-0.919683 predicted_lr=0.226251 cosine_blend=0.000 lr_ema=0.000 cosine_after=0 next_student_lr=0.226251
[Train] Epoch: 17 | Teacher lr=0.5671 | Teacher Loss: 2.140 | Teacher Train Acc: 57.158 | Student lr=0.2263 | Student Train Acc: 60.564 | Time: 133.699 |
[Eval] Epoch: 17 | Teacher Test Loss: 1.734 | Teacher Test Acc: 53.790 | Student Test Loss: 1.705 | Student Test Acc: 54.560 | Teacher Test F1: 0.533 | Student Test F1: 0.545 | Teacher Top 5 Accuracy: 0.828 | Student Top 5 Accuracy: 0.837 | Time: 2.314 | 
Running student landscape probe...
[LR policy] epoch=17 output=residual_log policy_pred=-0.927241 predicted_lr=0.206886 cosine_blend=0.000 lr_ema=0.000 cosine_after=0 next_student_lr=0.206886
[Train] Epoch: 18 | Teacher lr=0.5224 | Teacher Loss: 2.093 | Teacher Train Acc: 58.610 | Student lr=0.2069 | Student Train Acc: 61.466 | Time: 136.997 |
[Eval] Epoch: 18 | Teacher Test Loss: 1.593 | Teacher Test Acc: 57.280 | Student Test Loss: 1.733 | Student Test Acc: 54.000 | Teacher Test F1: 0.569 | Student Test F1: 0.536 | Teacher Top 5 Accuracy: 0.851 | Student Top 5 Accuracy: 0.826 | Time: 2.341 | 
Running student landscape probe...
[LR policy] epoch=18 output=residual_log policy_pred=-0.912776 predicted_lr=0.191909 cosine_blend=0.000 lr_ema=0.000 cosine_after=0 next_student_lr=0.191909
[Train] Epoch: 19 | Teacher lr=0.4776 | Teacher Loss: 2.048 | Teacher Train Acc: 59.518 | Student lr=0.1919 | Student Train Acc: 62.158 | Time: 136.125 |
[Eval] Epoch: 19 | Teacher Test Loss: 1.576 | Teacher Test Acc: 56.820 | Student Test Loss: 1.634 | Student Test Acc: 55.860 | Teacher Test F1: 0.566 | Student Test F1: 0.560 | Teacher Top 5 Accuracy: 0.854 | Student Top 5 Accuracy: 0.844 | Time: 2.101 | 
Running student landscape probe...
[LR policy] epoch=19 output=residual_log policy_pred=-0.911272 predicted_lr=0.174253 cosine_blend=0.000 lr_ema=0.000 cosine_after=0 next_student_lr=0.174253
[Train] Epoch: 20 | Teacher lr=0.4329 | Teacher Loss: 2.002 | Teacher Train Acc: 60.710 | Student lr=0.1743 | Student Train Acc: 62.800 | Time: 133.878 |
[Eval] Epoch: 20 | Teacher Test Loss: 1.606 | Teacher Test Acc: 58.100 | Student Test Loss: 1.639 | Student Test Acc: 56.320 | Teacher Test F1: 0.572 | Student Test F1: 0.561 | Teacher Top 5 Accuracy: 0.854 | Student Top 5 Accuracy: 0.841 | Time: 2.156 | 
Running student landscape probe...
[LR policy] epoch=20 output=residual_log policy_pred=-0.912546 predicted_lr=0.156325 cosine_blend=0.000 lr_ema=0.000 cosine_after=0 next_student_lr=0.156325
[Train] Epoch: 21 | Teacher lr=0.3887 | Teacher Loss: 1.957 | Teacher Train Acc: 61.922 | Student lr=0.1563 | Student Train Acc: 63.482 | Time: 134.254 |
[Eval] Epoch: 21 | Teacher Test Loss: 1.574 | Teacher Test Acc: 57.800 | Student Test Loss: 1.711 | Student Test Acc: 54.920 | Teacher Test F1: 0.581 | Student Test F1: 0.555 | Teacher Top 5 Accuracy: 0.854 | Student Top 5 Accuracy: 0.830 | Time: 2.443 | 
Running student landscape probe...
[LR policy] epoch=21 output=residual_log policy_pred=-0.919084 predicted_lr=0.138072 cosine_blend=0.000 lr_ema=0.000 cosine_after=0 next_student_lr=0.138072
[Train] Epoch: 22 | Teacher lr=0.3455 | Teacher Loss: 1.907 | Teacher Train Acc: 63.142 | Student lr=0.1381 | Student Train Acc: 64.276 | Time: 136.648 |
[Eval] Epoch: 22 | Teacher Test Loss: 1.457 | Teacher Test Acc: 59.740 | Student Test Loss: 1.613 | Student Test Acc: 57.090 | Teacher Test F1: 0.599 | Student Test F1: 0.578 | Teacher Top 5 Accuracy: 0.877 | Student Top 5 Accuracy: 0.849 | Time: 2.434 | 
Running student landscape probe...
[LR policy] epoch=22 output=residual_log policy_pred=-0.912849 predicted_lr=0.122093 cosine_blend=0.000 lr_ema=0.000 cosine_after=0 next_student_lr=0.122093
[Train] Epoch: 23 | Teacher lr=0.3035 | Teacher Loss: 1.853 | Teacher Train Acc: 64.664 | Student lr=0.1221 | Student Train Acc: 65.106 | Time: 134.121 |
[Eval] Epoch: 23 | Teacher Test Loss: 1.341 | Teacher Test Acc: 63.630 | Student Test Loss: 1.492 | Student Test Acc: 59.630 | Teacher Test F1: 0.638 | Student Test F1: 0.601 | Teacher Top 5 Accuracy: 0.888 | Student Top 5 Accuracy: 0.863 | Time: 2.357 | 
Running student landscape probe...
[LR policy] epoch=23 output=residual_log policy_pred=-0.902006 predicted_lr=0.107039 cosine_blend=0.000 lr_ema=0.000 cosine_after=0 next_student_lr=0.107039
[Train] Epoch: 24 | Teacher lr=0.2631 | Teacher Loss: 1.796 | Teacher Train Acc: 66.176 | Student lr=0.1070 | Student Train Acc: 66.056 | Time: 135.948 |
[Eval] Epoch: 24 | Teacher Test Loss: 1.305 | Teacher Test Acc: 65.220 | Student Test Loss: 1.504 | Student Test Acc: 60.010 | Teacher Test F1: 0.648 | Student Test F1: 0.599 | Teacher Top 5 Accuracy: 0.896 | Student Top 5 Accuracy: 0.860 | Time: 2.259 | 
Running student landscape probe...
[LR policy] epoch=24 output=residual_log policy_pred=-0.895450 predicted_lr=0.092029 cosine_blend=0.000 lr_ema=0.000 cosine_after=0 next_student_lr=0.092029
[Train] Epoch: 25 | Teacher lr=0.2246 | Teacher Loss: 1.740 | Teacher Train Acc: 67.648 | Student lr=0.0920 | Student Train Acc: 67.010 | Time: 135.004 |
[Eval] Epoch: 25 | Teacher Test Loss: 1.301 | Teacher Test Acc: 65.110 | Student Test Loss: 1.510 | Student Test Acc: 59.590 | Teacher Test F1: 0.650 | Student Test F1: 0.595 | Teacher Top 5 Accuracy: 0.894 | Student Top 5 Accuracy: 0.858 | Time: 2.218 | 
Running student landscape probe...
[LR policy] epoch=25 output=residual_log policy_pred=-0.904114 predicted_lr=0.076553 cosine_blend=0.000 lr_ema=0.000 cosine_after=0 next_student_lr=0.076553
[Train] Epoch: 26 | Teacher lr=0.1883 | Teacher Loss: 1.672 | Teacher Train Acc: 69.324 | Student lr=0.0766 | Student Train Acc: 67.952 | Time: 134.594 |
[Eval] Epoch: 26 | Teacher Test Loss: 1.251 | Teacher Test Acc: 66.250 | Student Test Loss: 1.487 | Student Test Acc: 60.140 | Teacher Test F1: 0.664 | Student Test F1: 0.600 | Teacher Top 5 Accuracy: 0.899 | Student Top 5 Accuracy: 0.865 | Time: 2.423 | 
Running student landscape probe...
[LR policy] epoch=26 output=residual_log policy_pred=-0.913086 predicted_lr=0.062325 cosine_blend=0.000 lr_ema=0.000 cosine_after=0 next_student_lr=0.062325
[Train] Epoch: 27 | Teacher lr=0.1545 | Teacher Loss: 1.609 | Teacher Train Acc: 70.932 | Student lr=0.0623 | Student Train Acc: 68.908 | Time: 136.289 |
[Eval] Epoch: 27 | Teacher Test Loss: 1.183 | Teacher Test Acc: 67.680 | Student Test Loss: 1.508 | Student Test Acc: 59.720 | Teacher Test F1: 0.675 | Student Test F1: 0.599 | Teacher Top 5 Accuracy: 0.909 | Student Top 5 Accuracy: 0.861 | Time: 2.414 | 
Running student landscape probe...
[LR policy] epoch=27 output=residual_log policy_pred=-0.907135 predicted_lr=0.050194 cosine_blend=0.000 lr_ema=0.000 cosine_after=0 next_student_lr=0.050194
[Train] Epoch: 28 | Teacher lr=0.1235 | Teacher Loss: 1.542 | Teacher Train Acc: 72.682 | Student lr=0.0502 | Student Train Acc: 70.208 | Time: 135.883 |
[Eval] Epoch: 28 | Teacher Test Loss: 1.155 | Teacher Test Acc: 68.610 | Student Test Loss: 1.397 | Student Test Acc: 62.450 | Teacher Test F1: 0.685 | Student Test F1: 0.628 | Teacher Top 5 Accuracy: 0.913 | Student Top 5 Accuracy: 0.875 | Time: 2.419 | 
Running student landscape probe...
[LR policy] epoch=28 output=residual_log policy_pred=-0.912066 predicted_lr=0.038722 cosine_blend=0.000 lr_ema=0.000 cosine_after=0 next_student_lr=0.038722
[Train] Epoch: 29 | Teacher lr=0.0955 | Teacher Loss: 1.471 | Teacher Train Acc: 74.202 | Student lr=0.0387 | Student Train Acc: 71.076 | Time: 139.669 |
[Eval] Epoch: 29 | Teacher Test Loss: 1.141 | Teacher Test Acc: 69.330 | Student Test Loss: 1.397 | Student Test Acc: 62.610 | Teacher Test F1: 0.693 | Student Test F1: 0.626 | Teacher Top 5 Accuracy: 0.911 | Student Top 5 Accuracy: 0.877 | Time: 2.319 | 
Running student landscape probe...
[LR policy] epoch=29 output=residual_log policy_pred=-0.920643 predicted_lr=0.028557 cosine_blend=0.000 lr_ema=0.000 cosine_after=0 next_student_lr=0.028557
[Train] Epoch: 30 | Teacher lr=0.0708 | Teacher Loss: 1.395 | Teacher Train Acc: 76.398 | Student lr=0.0286 | Student Train Acc: 72.298 | Time: 139.187 |
[Eval] Epoch: 30 | Teacher Test Loss: 1.113 | Teacher Test Acc: 69.600 | Student Test Loss: 1.413 | Student Test Acc: 62.230 | Teacher Test F1: 0.697 | Student Test F1: 0.625 | Teacher Top 5 Accuracy: 0.916 | Student Top 5 Accuracy: 0.873 | Time: 2.363 | 
Running student landscape probe...
[LR policy] epoch=30 output=residual_log policy_pred=-0.916729 predicted_lr=0.020178 cosine_blend=0.000 lr_ema=0.000 cosine_after=0 next_student_lr=0.020178
[Train] Epoch: 31 | Teacher lr=0.0495 | Teacher Loss: 1.331 | Teacher Train Acc: 78.022 | Student lr=0.0202 | Student Train Acc: 73.366 | Time: 137.407 |
[Eval] Epoch: 31 | Teacher Test Loss: 1.081 | Teacher Test Acc: 70.700 | Student Test Loss: 1.346 | Student Test Acc: 63.820 | Teacher Test F1: 0.706 | Student Test F1: 0.637 | Teacher Top 5 Accuracy: 0.917 | Student Top 5 Accuracy: 0.880 | Time: 2.212 | 
Running student landscape probe...
[LR policy] epoch=31 output=residual_log policy_pred=-0.907804 predicted_lr=0.013252 cosine_blend=0.000 lr_ema=0.000 cosine_after=0 next_student_lr=0.013252
[Train] Epoch: 32 | Teacher lr=0.0319 | Teacher Loss: 1.265 | Teacher Train Acc: 79.518 | Student lr=0.0133 | Student Train Acc: 74.214 | Time: 136.728 |
[Eval] Epoch: 32 | Teacher Test Loss: 1.072 | Teacher Test Acc: 71.050 | Student Test Loss: 1.330 | Student Test Acc: 63.980 | Teacher Test F1: 0.710 | Student Test F1: 0.639 | Teacher Top 5 Accuracy: 0.916 | Student Top 5 Accuracy: 0.883 | Time: 2.376 | 
Running student landscape probe...
[LR policy] epoch=32 output=residual_log policy_pred=-0.908390 predicted_lr=0.007661 cosine_blend=0.000 lr_ema=0.000 cosine_after=0 next_student_lr=0.007661
[Train] Epoch: 33 | Teacher lr=0.0180 | Teacher Loss: 1.213 | Teacher Train Acc: 80.788 | Student lr=0.0077 | Student Train Acc: 75.064 | Time: 134.134 |
[Eval] Epoch: 33 | Teacher Test Loss: 1.058 | Teacher Test Acc: 71.620 | Student Test Loss: 1.319 | Student Test Acc: 64.450 | Teacher Test F1: 0.716 | Student Test F1: 0.643 | Teacher Top 5 Accuracy: 0.920 | Student Top 5 Accuracy: 0.885 | Time: 2.371 | 
Running student landscape probe...
[LR policy] epoch=33 output=residual_log policy_pred=-0.905795 predicted_lr=0.003649 cosine_blend=0.000 lr_ema=0.000 cosine_after=0 next_student_lr=0.003649
[Train] Epoch: 34 | Teacher lr=0.0080 | Teacher Loss: 1.169 | Teacher Train Acc: 81.772 | Student lr=0.0036 | Student Train Acc: 76.034 | Time: 136.291 |
[Eval] Epoch: 34 | Teacher Test Loss: 1.048 | Teacher Test Acc: 71.860 | Student Test Loss: 1.310 | Student Test Acc: 64.540 | Teacher Test F1: 0.718 | Student Test F1: 0.645 | Teacher Top 5 Accuracy: 0.922 | Student Top 5 Accuracy: 0.885 | Time: 2.328 | 
Running student landscape probe...
[LR policy] epoch=34 output=residual_log policy_pred=-0.908123 predicted_lr=0.001214 cosine_blend=0.000 lr_ema=0.000 cosine_after=0 next_student_lr=0.001214
[Train] Epoch: 35 | Teacher lr=0.0020 | Teacher Loss: 1.147 | Teacher Train Acc: 82.328 | Student lr=0.0012 | Student Train Acc: 76.166 | Time: 136.776 |
[Eval] Epoch: 35 | Teacher Test Loss: 1.043 | Teacher Test Acc: 71.990 | Student Test Loss: 1.300 | Student Test Acc: 64.910 | Teacher Test F1: 0.720 | Student Test F1: 0.648 | Teacher Top 5 Accuracy: 0.922 | Student Top 5 Accuracy: 0.886 | Time: 2.364 | 
Running student landscape probe...
[LR policy] epoch=35 output=residual_log policy_pred=-0.904654 predicted_lr=0.001000 cosine_blend=0.000 lr_ema=0.000 cosine_after=0 next_student_lr=0.001000
ckpt location: ckpt/robust12h_industry/residgru_lblnoise010_seed1_35ep.pt
