/home/jovyan/.mlspace/envs/egy_llm/lib/python3.11/site-packages/torchvision/datasets/cifar.py:83: VisibleDeprecationWarning: dtype(): align should be passed as Python or NumPy boolean but got `align=0`. Did you mean to pass a tuple to create a subarray type? (Deprecated NumPy 2.4)
  entry = pickle.load(f, encoding="latin1")
depth_list: [110, 20]
Dataset information: cifar100	 50000 images for training 	 10000 images for testing	
teacher depth: 110
student depth: 20
Total number of teacher parameters: 1,169,972
Total number of student parameters: 278,132
Snapshots will be saved to: snapshots/sota_adalrs_stars/adalrs_narrow_safe_seed2_60ep
==== train and evaluate unequal restart ====
[scheduler] AdaLRS active init_lr=0.01 alpha=0.7 beta=1.3 margin=0.001 clamp=0.8
[Eval] Epoch: 0 | Teacher Test Loss: 11623.433 | Teacher Test Acc: 1.000 | Student Test Loss: 6.044 | Student Test Acc: 1.110 | Teacher Test F1: 0.000 | Student Test F1: 0.000 | Teacher Top 5 Accuracy: 0.049 | Student Top 5 Accuracy: 0.052 | Time: 3.259 | 
Running student landscape probe...
[Train] Epoch: 1 | Teacher lr=1.0000 | Teacher Loss: 4.054 | Teacher Train Acc: 9.292 | Student lr=0.0100 | Student Train Acc: 7.046 | Time: 138.794 |
[Eval] Epoch: 1 | Teacher Test Loss: 3.686 | Teacher Test Acc: 12.250 | Student Test Loss: 3.839 | Student Test Acc: 9.820 | Teacher Test F1: 0.092 | Student Test F1: 0.064 | Teacher Top 5 Accuracy: 0.369 | Student Top 5 Accuracy: 0.313 | Time: 2.428 | 
Running student landscape probe...
[adalrs] epoch=1 decision=warmup_cosine best_lr=0.999315 cosine_lr=0.999315 improvement=0.000000 next_student_lr=0.999315
[Train] Epoch: 2 | Teacher lr=0.9993 | Teacher Loss: 3.471 | Teacher Train Acc: 19.680 | Student lr=0.9993 | Student Train Acc: 19.374 | Time: 135.515 |
[Eval] Epoch: 2 | Teacher Test Loss: 3.463 | Teacher Test Acc: 17.790 | Student Test Loss: 3.009 | Student Test Acc: 24.830 | Teacher Test F1: 0.149 | Student Test F1: 0.228 | Teacher Top 5 Accuracy: 0.440 | Student Top 5 Accuracy: 0.556 | Time: 2.304 | 
Running student landscape probe...
[adalrs] epoch=2 decision=warmup_cosine best_lr=0.997264 cosine_lr=0.997264 improvement=0.000000 next_student_lr=0.997264
[Train] Epoch: 3 | Teacher lr=0.9973 | Teacher Loss: 2.888 | Teacher Train Acc: 31.278 | Student lr=0.9973 | Student Train Acc: 40.076 | Time: 135.374 |
[Eval] Epoch: 3 | Teacher Test Loss: 2.717 | Teacher Test Acc: 29.800 | Student Test Loss: 3.364 | Student Test Acc: 22.980 | Teacher Test F1: 0.284 | Student Test F1: 0.223 | Teacher Top 5 Accuracy: 0.625 | Student Top 5 Accuracy: 0.506 | Time: 2.252 | 
Running student landscape probe...
[adalrs] epoch=3 decision=warmup_cosine best_lr=0.993850 cosine_lr=0.993850 improvement=0.000000 next_student_lr=0.993850
[Train] Epoch: 4 | Teacher lr=0.9938 | Teacher Loss: 2.510 | Teacher Train Acc: 39.860 | Student lr=0.9939 | Student Train Acc: 47.544 | Time: 137.554 |
[Eval] Epoch: 4 | Teacher Test Loss: 2.400 | Teacher Test Acc: 36.940 | Student Test Loss: 2.755 | Student Test Acc: 31.580 | Teacher Test F1: 0.346 | Student Test F1: 0.306 | Teacher Top 5 Accuracy: 0.706 | Student Top 5 Accuracy: 0.637 | Time: 2.259 | 
Running student landscape probe...
[adalrs] epoch=4 decision=warmup_cosine best_lr=0.989085 cosine_lr=0.989085 improvement=0.000000 next_student_lr=0.989085
[Train] Epoch: 5 | Teacher lr=0.9891 | Teacher Loss: 2.289 | Teacher Train Acc: 45.072 | Student lr=0.9891 | Student Train Acc: 51.560 | Time: 135.551 |
[Eval] Epoch: 5 | Teacher Test Loss: 2.996 | Teacher Test Acc: 32.360 | Student Test Loss: 7.138 | Student Test Acc: 9.310 | Teacher Test F1: 0.312 | Student Test F1: 0.069 | Teacher Top 5 Accuracy: 0.637 | Student Top 5 Accuracy: 0.247 | Time: 2.296 | 
Running student landscape probe...
[adalrs] epoch=5 decision=warmup_cosine best_lr=0.982980 cosine_lr=0.982980 improvement=0.000000 next_student_lr=0.982980
[Train] Epoch: 6 | Teacher lr=0.9830 | Teacher Loss: 2.142 | Teacher Train Acc: 48.974 | Student lr=0.9830 | Student Train Acc: 54.138 | Time: 135.432 |
[Eval] Epoch: 6 | Teacher Test Loss: 2.352 | Teacher Test Acc: 39.220 | Student Test Loss: 3.171 | Student Test Acc: 30.490 | Teacher Test F1: 0.388 | Student Test F1: 0.300 | Teacher Top 5 Accuracy: 0.734 | Student Top 5 Accuracy: 0.612 | Time: 2.311 | 
Running student landscape probe...
[adalrs] epoch=6 decision=accept_probe best_lr=1.200000 cosine_lr=0.975553 improvement=0.015817 next_student_lr=1.200000
[Train] Epoch: 7 | Teacher lr=0.9755 | Teacher Loss: 2.033 | Teacher Train Acc: 51.890 | Student lr=1.2000 | Student Train Acc: 53.906 | Time: 136.355 |
[Eval] Epoch: 7 | Teacher Test Loss: 2.067 | Teacher Test Acc: 44.100 | Student Test Loss: 2.708 | Student Test Acc: 34.300 | Teacher Test F1: 0.439 | Student Test F1: 0.343 | Teacher Top 5 Accuracy: 0.778 | Student Top 5 Accuracy: 0.673 | Time: 2.393 | 
Running student landscape probe...
[adalrs] epoch=7 decision=accept_probe best_lr=1.200000 cosine_lr=0.966823 improvement=0.010702 next_student_lr=1.200000
[Train] Epoch: 8 | Teacher lr=0.9668 | Teacher Loss: 2.140 | Teacher Train Acc: 50.266 | Student lr=1.2000 | Student Train Acc: 54.640 | Time: 137.687 |
[Eval] Epoch: 8 | Teacher Test Loss: 2.060 | Teacher Test Acc: 44.490 | Student Test Loss: 2.804 | Student Test Acc: 32.210 | Teacher Test F1: 0.437 | Student Test F1: 0.327 | Teacher Top 5 Accuracy: 0.768 | Student Top 5 Accuracy: 0.656 | Time: 2.288 | 
Running student landscape probe...
[adalrs] epoch=8 decision=accept_probe best_lr=1.200000 cosine_lr=0.956816 improvement=0.010333 next_student_lr=1.200000
[Train] Epoch: 9 | Teacher lr=0.9568 | Teacher Loss: 1.897 | Teacher Train Acc: 55.838 | Student lr=1.2000 | Student Train Acc: 55.882 | Time: 135.538 |
[Eval] Epoch: 9 | Teacher Test Loss: 1.891 | Teacher Test Acc: 48.700 | Student Test Loss: 2.201 | Student Test Acc: 41.990 | Teacher Test F1: 0.480 | Student Test F1: 0.419 | Teacher Top 5 Accuracy: 0.801 | Student Top 5 Accuracy: 0.744 | Time: 2.439 | 
Running student landscape probe...
[adalrs] epoch=9 decision=accept_probe best_lr=1.200000 cosine_lr=0.945558 improvement=0.012984 next_student_lr=1.200000
[Train] Epoch: 10 | Teacher lr=0.9455 | Teacher Loss: 1.832 | Teacher Train Acc: 57.384 | Student lr=1.2000 | Student Train Acc: 56.520 | Time: 137.273 |
[Eval] Epoch: 10 | Teacher Test Loss: 1.808 | Teacher Test Acc: 51.230 | Student Test Loss: 3.206 | Student Test Acc: 27.720 | Teacher Test F1: 0.505 | Student Test F1: 0.256 | Teacher Top 5 Accuracy: 0.803 | Student Top 5 Accuracy: 0.580 | Time: 2.225 | 
Running student landscape probe...
[adalrs] epoch=10 decision=accept_probe best_lr=1.200000 cosine_lr=0.933080 improvement=0.017875 next_student_lr=1.200000
[Train] Epoch: 11 | Teacher lr=0.9330 | Teacher Loss: 1.806 | Teacher Train Acc: 58.114 | Student lr=1.2000 | Student Train Acc: 57.102 | Time: 138.847 |
[Eval] Epoch: 11 | Teacher Test Loss: 1.745 | Teacher Test Acc: 51.330 | Student Test Loss: 2.787 | Student Test Acc: 34.440 | Teacher Test F1: 0.503 | Student Test F1: 0.345 | Teacher Top 5 Accuracy: 0.829 | Student Top 5 Accuracy: 0.667 | Time: 2.185 | 
Running student landscape probe...
[adalrs] epoch=11 decision=accept_probe best_lr=1.100000 cosine_lr=0.919416 improvement=0.008925 next_student_lr=1.100000
[Train] Epoch: 12 | Teacher lr=0.9193 | Teacher Loss: 1.758 | Teacher Train Acc: 59.406 | Student lr=1.1000 | Student Train Acc: 57.992 | Time: 137.431 |
[Eval] Epoch: 12 | Teacher Test Loss: 1.772 | Teacher Test Acc: 51.770 | Student Test Loss: 2.645 | Student Test Acc: 35.770 | Teacher Test F1: 0.514 | Student Test F1: 0.355 | Teacher Top 5 Accuracy: 0.821 | Student Top 5 Accuracy: 0.675 | Time: 2.235 | 
Running student landscape probe...
[adalrs] epoch=12 decision=accept_probe best_lr=1.100000 cosine_lr=0.904604 improvement=0.016252 next_student_lr=1.100000
[Train] Epoch: 13 | Teacher lr=0.9045 | Teacher Loss: 1.726 | Teacher Train Acc: 60.654 | Student lr=1.1000 | Student Train Acc: 58.298 | Time: 136.192 |
[Eval] Epoch: 13 | Teacher Test Loss: 1.654 | Teacher Test Acc: 53.900 | Student Test Loss: 2.253 | Student Test Acc: 41.580 | Teacher Test F1: 0.531 | Student Test F1: 0.408 | Teacher Top 5 Accuracy: 0.839 | Student Top 5 Accuracy: 0.738 | Time: 2.398 | 
Running student landscape probe...
[adalrs] epoch=13 decision=accept_probe best_lr=1.100000 cosine_lr=0.888684 improvement=0.021393 next_student_lr=1.100000
[Train] Epoch: 14 | Teacher lr=0.8886 | Teacher Loss: 1.708 | Teacher Train Acc: 61.044 | Student lr=1.1000 | Student Train Acc: 58.790 | Time: 136.081 |
[Eval] Epoch: 14 | Teacher Test Loss: 2.338 | Teacher Test Acc: 40.650 | Student Test Loss: 2.180 | Student Test Acc: 42.010 | Teacher Test F1: 0.388 | Student Test F1: 0.419 | Teacher Top 5 Accuracy: 0.721 | Student Top 5 Accuracy: 0.747 | Time: 2.400 | 
Running student landscape probe...
[adalrs] epoch=14 decision=accept_probe best_lr=1.100000 cosine_lr=0.871701 improvement=0.012607 next_student_lr=1.100000
[Train] Epoch: 15 | Teacher lr=0.8716 | Teacher Loss: 2.017 | Teacher Train Acc: 54.584 | Student lr=1.1000 | Student Train Acc: 58.586 | Time: 137.726 |
[Eval] Epoch: 15 | Teacher Test Loss: 1.767 | Teacher Test Acc: 52.360 | Student Test Loss: 2.858 | Student Test Acc: 32.440 | Teacher Test F1: 0.526 | Student Test F1: 0.323 | Teacher Top 5 Accuracy: 0.822 | Student Top 5 Accuracy: 0.646 | Time: 2.356 | 
Running student landscape probe...
[adalrs] epoch=15 decision=accept_probe best_lr=1.100000 cosine_lr=0.853700 improvement=0.014784 next_student_lr=1.100000
[Train] Epoch: 16 | Teacher lr=0.8536 | Teacher Loss: 1.653 | Teacher Train Acc: 62.428 | Student lr=1.1000 | Student Train Acc: 59.006 | Time: 137.086 |
[Eval] Epoch: 16 | Teacher Test Loss: 1.567 | Teacher Test Acc: 56.320 | Student Test Loss: 2.367 | Student Test Acc: 39.380 | Teacher Test F1: 0.559 | Student Test F1: 0.385 | Teacher Top 5 Accuracy: 0.848 | Student Top 5 Accuracy: 0.706 | Time: 2.592 | 
Running student landscape probe...
[adalrs] epoch=16 decision=accept_probe best_lr=1.000000 cosine_lr=0.834731 improvement=0.015237 next_student_lr=1.000000
[Train] Epoch: 17 | Teacher lr=0.8346 | Teacher Loss: 1.627 | Teacher Train Acc: 62.976 | Student lr=1.0000 | Student Train Acc: 60.046 | Time: 137.931 |
[Eval] Epoch: 17 | Teacher Test Loss: 1.711 | Teacher Test Acc: 53.030 | Student Test Loss: 2.438 | Student Test Acc: 38.330 | Teacher Test F1: 0.532 | Student Test F1: 0.380 | Teacher Top 5 Accuracy: 0.833 | Student Top 5 Accuracy: 0.703 | Time: 2.521 | 
Running student landscape probe...
[adalrs] epoch=17 decision=accept_probe best_lr=1.000000 cosine_lr=0.814846 improvement=0.014762 next_student_lr=1.000000
[Train] Epoch: 18 | Teacher lr=0.8147 | Teacher Loss: 1.599 | Teacher Train Acc: 64.024 | Student lr=1.0000 | Student Train Acc: 60.424 | Time: 135.538 |
[Eval] Epoch: 18 | Teacher Test Loss: 1.754 | Teacher Test Acc: 52.630 | Student Test Loss: 2.311 | Student Test Acc: 41.030 | Teacher Test F1: 0.525 | Student Test F1: 0.404 | Teacher Top 5 Accuracy: 0.827 | Student Top 5 Accuracy: 0.735 | Time: 2.302 | 
Running student landscape probe...
[adalrs] epoch=18 decision=accept_probe best_lr=1.000000 cosine_lr=0.794099 improvement=0.017121 next_student_lr=1.000000
[Train] Epoch: 19 | Teacher lr=0.7939 | Teacher Loss: 1.583 | Teacher Train Acc: 64.364 | Student lr=1.0000 | Student Train Acc: 60.414 | Time: 135.560 |
[Eval] Epoch: 19 | Teacher Test Loss: 1.690 | Teacher Test Acc: 53.220 | Student Test Loss: 2.055 | Student Test Acc: 45.760 | Teacher Test F1: 0.524 | Student Test F1: 0.456 | Teacher Top 5 Accuracy: 0.838 | Student Top 5 Accuracy: 0.780 | Time: 2.211 | 
Running student landscape probe...
[adalrs] epoch=19 decision=accept_probe best_lr=1.000000 cosine_lr=0.772547 improvement=0.010857 next_student_lr=1.000000
[Train] Epoch: 20 | Teacher lr=0.7723 | Teacher Loss: 1.568 | Teacher Train Acc: 65.036 | Student lr=1.0000 | Student Train Acc: 60.540 | Time: 137.382 |
[Eval] Epoch: 20 | Teacher Test Loss: 1.607 | Teacher Test Acc: 55.260 | Student Test Loss: 2.275 | Student Test Acc: 42.130 | Teacher Test F1: 0.553 | Student Test F1: 0.422 | Teacher Top 5 Accuracy: 0.844 | Student Top 5 Accuracy: 0.741 | Time: 2.449 | 
Running student landscape probe...
[adalrs] epoch=20 decision=accept_probe best_lr=0.900000 cosine_lr=0.750250 improvement=0.007011 next_student_lr=0.900000
[Train] Epoch: 21 | Teacher lr=0.7500 | Teacher Loss: 1.541 | Teacher Train Acc: 65.738 | Student lr=0.9000 | Student Train Acc: 61.558 | Time: 138.503 |
[Eval] Epoch: 21 | Teacher Test Loss: 1.546 | Teacher Test Acc: 56.860 | Student Test Loss: 1.996 | Student Test Acc: 46.840 | Teacher Test F1: 0.569 | Student Test F1: 0.461 | Teacher Top 5 Accuracy: 0.854 | Student Top 5 Accuracy: 0.786 | Time: 2.443 | 
Running student landscape probe...
[adalrs] epoch=21 decision=accept_probe best_lr=0.900000 cosine_lr=0.727268 improvement=0.010128 next_student_lr=0.900000
[Train] Epoch: 22 | Teacher lr=0.7270 | Teacher Loss: 1.513 | Teacher Train Acc: 66.310 | Student lr=0.9000 | Student Train Acc: 61.878 | Time: 135.486 |
[Eval] Epoch: 22 | Teacher Test Loss: 1.430 | Teacher Test Acc: 59.810 | Student Test Loss: 2.252 | Student Test Acc: 42.550 | Teacher Test F1: 0.596 | Student Test F1: 0.426 | Teacher Top 5 Accuracy: 0.868 | Student Top 5 Accuracy: 0.747 | Time: 2.582 | 
Running student landscape probe...
[adalrs] epoch=22 decision=accept_probe best_lr=0.900000 cosine_lr=0.703665 improvement=0.011789 next_student_lr=0.900000
[Train] Epoch: 23 | Teacher lr=0.7034 | Teacher Loss: 1.491 | Teacher Train Acc: 66.878 | Student lr=0.9000 | Student Train Acc: 61.862 | Time: 137.628 |
[Eval] Epoch: 23 | Teacher Test Loss: 1.560 | Teacher Test Acc: 56.160 | Student Test Loss: 2.499 | Student Test Acc: 37.880 | Teacher Test F1: 0.563 | Student Test F1: 0.383 | Teacher Top 5 Accuracy: 0.854 | Student Top 5 Accuracy: 0.700 | Time: 2.484 | 
Running student landscape probe...
[adalrs] epoch=23 decision=rising_loss_clamp best_lr=0.800000 cosine_lr=0.679505 improvement=0.006021 next_student_lr=0.543604
[Train] Epoch: 24 | Teacher lr=0.6792 | Teacher Loss: 1.437 | Teacher Train Acc: 67.068 | Student lr=0.5436 | Student Train Acc: 65.958 | Time: 135.833 |
[Eval] Epoch: 24 | Teacher Test Loss: 1.515 | Teacher Test Acc: 58.040 | Student Test Loss: 1.740 | Student Test Acc: 51.930 | Teacher Test F1: 0.574 | Student Test F1: 0.516 | Teacher Top 5 Accuracy: 0.864 | Student Top 5 Accuracy: 0.828 | Time: 2.581 | 
Running student landscape probe...
[adalrs] epoch=24 decision=accept_probe best_lr=0.800000 cosine_lr=0.654854 improvement=0.007768 next_student_lr=0.800000
[Train] Epoch: 25 | Teacher lr=0.6545 | Teacher Loss: 1.446 | Teacher Train Acc: 68.370 | Student lr=0.8000 | Student Train Acc: 62.978 | Time: 136.184 |
[Eval] Epoch: 25 | Teacher Test Loss: 1.450 | Teacher Test Acc: 59.190 | Student Test Loss: 2.940 | Student Test Acc: 31.960 | Teacher Test F1: 0.589 | Student Test F1: 0.324 | Teacher Top 5 Accuracy: 0.868 | Student Top 5 Accuracy: 0.649 | Time: 2.522 | 
Running student landscape probe...
[adalrs] epoch=25 decision=accept_probe best_lr=0.800000 cosine_lr=0.629780 improvement=0.025716 next_student_lr=0.800000
[Train] Epoch: 26 | Teacher lr=0.6294 | Teacher Loss: 1.421 | Teacher Train Acc: 69.126 | Student lr=0.8000 | Student Train Acc: 63.234 | Time: 137.368 |
[Eval] Epoch: 26 | Teacher Test Loss: 1.527 | Teacher Test Acc: 56.800 | Student Test Loss: 2.259 | Student Test Acc: 42.120 | Teacher Test F1: 0.571 | Student Test F1: 0.421 | Teacher Top 5 Accuracy: 0.860 | Student Top 5 Accuracy: 0.735 | Time: 2.530 | 
Running student landscape probe...
[adalrs] epoch=26 decision=accept_probe best_lr=0.700000 cosine_lr=0.604352 improvement=0.010481 next_student_lr=0.700000
[Train] Epoch: 27 | Teacher lr=0.6040 | Teacher Loss: 1.396 | Teacher Train Acc: 69.394 | Student lr=0.7000 | Student Train Acc: 64.542 | Time: 137.746 |
[Eval] Epoch: 27 | Teacher Test Loss: 1.531 | Teacher Test Acc: 57.580 | Student Test Loss: 2.285 | Student Test Acc: 42.270 | Teacher Test F1: 0.567 | Student Test F1: 0.412 | Teacher Top 5 Accuracy: 0.850 | Student Top 5 Accuracy: 0.736 | Time: 2.532 | 
Running student landscape probe...
[adalrs] epoch=27 decision=accept_probe best_lr=0.700000 cosine_lr=0.578639 improvement=0.011064 next_student_lr=0.700000
[Train] Epoch: 28 | Teacher lr=0.5782 | Teacher Loss: 1.369 | Teacher Train Acc: 70.410 | Student lr=0.7000 | Student Train Acc: 64.656 | Time: 136.520 |
[Eval] Epoch: 28 | Teacher Test Loss: 1.483 | Teacher Test Acc: 59.000 | Student Test Loss: 2.130 | Student Test Acc: 45.000 | Teacher Test F1: 0.591 | Student Test F1: 0.445 | Teacher Top 5 Accuracy: 0.863 | Student Top 5 Accuracy: 0.757 | Time: 2.597 | 
Running student landscape probe...
[adalrs] epoch=28 decision=accept_probe best_lr=0.700000 cosine_lr=0.552712 improvement=0.011160 next_student_lr=0.700000
[Train] Epoch: 29 | Teacher lr=0.5523 | Teacher Loss: 1.345 | Teacher Train Acc: 71.072 | Student lr=0.7000 | Student Train Acc: 64.444 | Time: 140.963 |
[Eval] Epoch: 29 | Teacher Test Loss: 1.320 | Teacher Test Acc: 62.460 | Student Test Loss: 2.318 | Student Test Acc: 42.460 | Teacher Test F1: 0.625 | Student Test F1: 0.424 | Teacher Top 5 Accuracy: 0.890 | Student Top 5 Accuracy: 0.734 | Time: 2.586 | 
Running student landscape probe...
[adalrs] epoch=29 decision=accept_probe best_lr=0.600000 cosine_lr=0.526642 improvement=0.015580 next_student_lr=0.600000
[Train] Epoch: 30 | Teacher lr=0.5262 | Teacher Loss: 1.313 | Teacher Train Acc: 71.782 | Student lr=0.6000 | Student Train Acc: 65.772 | Time: 136.794 |
[Eval] Epoch: 30 | Teacher Test Loss: 1.354 | Teacher Test Acc: 61.860 | Student Test Loss: 1.888 | Student Test Acc: 48.980 | Teacher Test F1: 0.615 | Student Test F1: 0.491 | Teacher Top 5 Accuracy: 0.881 | Student Top 5 Accuracy: 0.796 | Time: 2.664 | 
Running student landscape probe...
[adalrs] epoch=30 decision=accept_probe best_lr=0.600000 cosine_lr=0.500500 improvement=0.009961 next_student_lr=0.600000
[Train] Epoch: 31 | Teacher lr=0.5000 | Teacher Loss: 1.295 | Teacher Train Acc: 72.338 | Student lr=0.6000 | Student Train Acc: 65.762 | Time: 137.381 |
[Eval] Epoch: 31 | Teacher Test Loss: 1.277 | Teacher Test Acc: 63.040 | Student Test Loss: 1.952 | Student Test Acc: 48.880 | Teacher Test F1: 0.631 | Student Test F1: 0.499 | Teacher Top 5 Accuracy: 0.894 | Student Top 5 Accuracy: 0.809 | Time: 2.572 | 
Running student landscape probe...
[adalrs] epoch=31 decision=accept_probe best_lr=0.600000 cosine_lr=0.474358 improvement=0.010354 next_student_lr=0.600000
[Train] Epoch: 32 | Teacher lr=0.4738 | Teacher Loss: 1.270 | Teacher Train Acc: 73.106 | Student lr=0.6000 | Student Train Acc: 66.282 | Time: 138.119 |
[Eval] Epoch: 32 | Teacher Test Loss: 1.311 | Teacher Test Acc: 62.730 | Student Test Loss: 1.942 | Student Test Acc: 48.810 | Teacher Test F1: 0.628 | Student Test F1: 0.485 | Teacher Top 5 Accuracy: 0.888 | Student Top 5 Accuracy: 0.794 | Time: 2.629 | 
Running student landscape probe...
[adalrs] epoch=32 decision=accept_probe best_lr=0.500000 cosine_lr=0.448288 improvement=0.010199 next_student_lr=0.500000
[Train] Epoch: 33 | Teacher lr=0.4477 | Teacher Loss: 1.228 | Teacher Train Acc: 73.814 | Student lr=0.5000 | Student Train Acc: 67.708 | Time: 137.215 |
[Eval] Epoch: 33 | Teacher Test Loss: 1.260 | Teacher Test Acc: 64.040 | Student Test Loss: 1.743 | Student Test Acc: 52.910 | Teacher Test F1: 0.638 | Student Test F1: 0.531 | Teacher Top 5 Accuracy: 0.898 | Student Top 5 Accuracy: 0.825 | Time: 2.599 | 
Running student landscape probe...
[adalrs] epoch=33 decision=accept_probe best_lr=0.500000 cosine_lr=0.422361 improvement=0.014048 next_student_lr=0.500000
[Train] Epoch: 34 | Teacher lr=0.4218 | Teacher Loss: 1.211 | Teacher Train Acc: 74.584 | Student lr=0.5000 | Student Train Acc: 67.622 | Time: 138.231 |
[Eval] Epoch: 34 | Teacher Test Loss: 1.157 | Teacher Test Acc: 65.540 | Student Test Loss: 1.641 | Student Test Acc: 54.460 | Teacher Test F1: 0.652 | Student Test F1: 0.539 | Teacher Top 5 Accuracy: 0.910 | Student Top 5 Accuracy: 0.832 | Time: 2.629 | 
Running student landscape probe...
[adalrs] epoch=34 decision=accept_probe best_lr=0.500000 cosine_lr=0.396648 improvement=0.016341 next_student_lr=0.500000
[Train] Epoch: 35 | Teacher lr=0.3960 | Teacher Loss: 1.191 | Teacher Train Acc: 75.556 | Student lr=0.5000 | Student Train Acc: 67.744 | Time: 137.415 |
[Eval] Epoch: 35 | Teacher Test Loss: 1.177 | Teacher Test Acc: 66.070 | Student Test Loss: 2.047 | Student Test Acc: 47.700 | Teacher Test F1: 0.661 | Student Test F1: 0.469 | Teacher Top 5 Accuracy: 0.909 | Student Top 5 Accuracy: 0.775 | Time: 2.624 | 
Running student landscape probe...
[adalrs] epoch=35 decision=fallback_cosine_clamp best_lr=0.400000 cosine_lr=0.371220 improvement=0.000000 next_student_lr=0.296976
[Train] Epoch: 36 | Teacher lr=0.3706 | Teacher Loss: 1.113 | Teacher Train Acc: 76.072 | Student lr=0.2970 | Student Train Acc: 71.642 | Time: 137.076 |
[Eval] Epoch: 36 | Teacher Test Loss: 1.251 | Teacher Test Acc: 64.280 | Student Test Loss: 1.459 | Student Test Acc: 59.420 | Teacher Test F1: 0.644 | Student Test F1: 0.593 | Teacher Top 5 Accuracy: 0.899 | Student Top 5 Accuracy: 0.867 | Time: 2.572 | 
Running student landscape probe...
[adalrs] epoch=36 decision=accept_probe best_lr=0.400000 cosine_lr=0.346146 improvement=0.010726 next_student_lr=0.400000
[Train] Epoch: 37 | Teacher lr=0.3455 | Teacher Loss: 1.124 | Teacher Train Acc: 77.294 | Student lr=0.4000 | Student Train Acc: 69.362 | Time: 137.559 |
[Eval] Epoch: 37 | Teacher Test Loss: 1.120 | Teacher Test Acc: 68.070 | Student Test Loss: 1.937 | Student Test Acc: 49.310 | Teacher Test F1: 0.681 | Student Test F1: 0.497 | Teacher Top 5 Accuracy: 0.911 | Student Top 5 Accuracy: 0.799 | Time: 2.618 | 
Running student landscape probe...
[adalrs] epoch=37 decision=accept_probe best_lr=0.400000 cosine_lr=0.321495 improvement=0.010855 next_student_lr=0.400000
[Train] Epoch: 38 | Teacher lr=0.3208 | Teacher Loss: 1.095 | Teacher Train Acc: 78.360 | Student lr=0.4000 | Student Train Acc: 69.704 | Time: 137.481 |
[Eval] Epoch: 38 | Teacher Test Loss: 1.191 | Teacher Test Acc: 65.730 | Student Test Loss: 1.658 | Student Test Acc: 55.650 | Teacher Test F1: 0.658 | Student Test F1: 0.550 | Teacher Top 5 Accuracy: 0.907 | Student Top 5 Accuracy: 0.834 | Time: 2.605 | 
Running student landscape probe...
[adalrs] epoch=38 decision=fallback_cosine_clamp best_lr=0.300000 cosine_lr=0.297335 improvement=0.000000 next_student_lr=0.237868
[Train] Epoch: 39 | Teacher lr=0.2966 | Teacher Loss: 1.017 | Teacher Train Acc: 79.148 | Student lr=0.2379 | Student Train Acc: 73.374 | Time: 138.970 |
[Eval] Epoch: 39 | Teacher Test Loss: 1.110 | Teacher Test Acc: 67.890 | Student Test Loss: 1.434 | Student Test Acc: 60.130 | Teacher Test F1: 0.677 | Student Test F1: 0.598 | Teacher Top 5 Accuracy: 0.914 | Student Top 5 Accuracy: 0.870 | Time: 2.635 | 
Running student landscape probe...
[adalrs] epoch=39 decision=fallback_cosine_clamp best_lr=0.300000 cosine_lr=0.273732 improvement=0.000000 next_student_lr=0.218985
[Train] Epoch: 40 | Teacher lr=0.2730 | Teacher Loss: 1.002 | Teacher Train Acc: 79.606 | Student lr=0.2190 | Student Train Acc: 74.172 | Time: 136.313 |
[Eval] Epoch: 40 | Teacher Test Loss: 1.065 | Teacher Test Acc: 69.030 | Student Test Loss: 1.543 | Student Test Acc: 57.880 | Teacher Test F1: 0.689 | Student Test F1: 0.584 | Teacher Top 5 Accuracy: 0.921 | Student Top 5 Accuracy: 0.858 | Time: 2.630 | 
Running student landscape probe...
[adalrs] epoch=40 decision=fallback_cosine_clamp best_lr=0.300000 cosine_lr=0.250750 improvement=0.000000 next_student_lr=0.200600
[Train] Epoch: 41 | Teacher lr=0.2500 | Teacher Loss: 0.962 | Teacher Train Acc: 80.894 | Student lr=0.2006 | Student Train Acc: 74.606 | Time: 137.128 |
[Eval] Epoch: 41 | Teacher Test Loss: 1.126 | Teacher Test Acc: 67.520 | Student Test Loss: 1.503 | Student Test Acc: 58.590 | Teacher Test F1: 0.676 | Student Test F1: 0.585 | Teacher Top 5 Accuracy: 0.914 | Student Top 5 Accuracy: 0.862 | Time: 2.618 | 
Running student landscape probe...
[adalrs] epoch=41 decision=fallback_cosine_clamp best_lr=0.200000 cosine_lr=0.228453 improvement=0.000000 next_student_lr=0.182762
[Train] Epoch: 42 | Teacher lr=0.2277 | Teacher Loss: 0.926 | Teacher Train Acc: 82.206 | Student lr=0.1828 | Student Train Acc: 75.544 | Time: 137.631 |
[Eval] Epoch: 42 | Teacher Test Loss: 1.087 | Teacher Test Acc: 68.610 | Student Test Loss: 1.635 | Student Test Acc: 56.120 | Teacher Test F1: 0.684 | Student Test F1: 0.563 | Teacher Top 5 Accuracy: 0.917 | Student Top 5 Accuracy: 0.849 | Time: 2.597 | 
Running student landscape probe...
[adalrs] epoch=42 decision=fallback_cosine_clamp best_lr=0.200000 cosine_lr=0.206901 improvement=0.000000 next_student_lr=0.165521
[Train] Epoch: 43 | Teacher lr=0.2061 | Teacher Loss: 0.890 | Teacher Train Acc: 83.320 | Student lr=0.1655 | Student Train Acc: 75.958 | Time: 138.357 |
[Eval] Epoch: 43 | Teacher Test Loss: 1.036 | Teacher Test Acc: 69.760 | Student Test Loss: 1.387 | Student Test Acc: 61.060 | Teacher Test F1: 0.697 | Student Test F1: 0.612 | Teacher Top 5 Accuracy: 0.925 | Student Top 5 Accuracy: 0.881 | Time: 2.609 | 
Running student landscape probe...
[adalrs] epoch=43 decision=fallback_cosine_clamp best_lr=0.200000 cosine_lr=0.186154 improvement=0.000000 next_student_lr=0.148924
[Train] Epoch: 44 | Teacher lr=0.1853 | Teacher Loss: 0.849 | Teacher Train Acc: 84.578 | Student lr=0.1489 | Student Train Acc: 76.862 | Time: 138.990 |
[Eval] Epoch: 44 | Teacher Test Loss: 1.015 | Teacher Test Acc: 71.180 | Student Test Loss: 1.377 | Student Test Acc: 61.730 | Teacher Test F1: 0.712 | Student Test F1: 0.621 | Teacher Top 5 Accuracy: 0.925 | Student Top 5 Accuracy: 0.879 | Time: 2.626 | 
Running student landscape probe...
[adalrs] epoch=44 decision=fallback_cosine_clamp best_lr=0.200000 cosine_lr=0.166269 improvement=0.000000 next_student_lr=0.133015
[Train] Epoch: 45 | Teacher lr=0.1654 | Teacher Loss: 0.814 | Teacher Train Acc: 85.610 | Student lr=0.1330 | Student Train Acc: 77.674 | Time: 138.671 |
[Eval] Epoch: 45 | Teacher Test Loss: 0.972 | Teacher Test Acc: 71.850 | Student Test Loss: 1.304 | Student Test Acc: 63.520 | Teacher Test F1: 0.720 | Student Test F1: 0.635 | Teacher Top 5 Accuracy: 0.933 | Student Top 5 Accuracy: 0.891 | Time: 2.640 | 
Running student landscape probe...
[adalrs] epoch=45 decision=accept_probe best_lr=0.800000 cosine_lr=0.147300 improvement=0.058950 next_student_lr=0.800000
[Train] Epoch: 46 | Teacher lr=0.1464 | Teacher Loss: 1.671 | Teacher Train Acc: 84.104 | Student lr=0.8000 | Student Train Acc: 15.742 | Time: 138.944 |
[Eval] Epoch: 46 | Teacher Test Loss: 1.101 | Teacher Test Acc: 71.890 | Student Test Loss: 4.109 | Student Test Acc: 13.380 | Teacher Test F1: 0.718 | Student Test F1: 0.106 | Teacher Top 5 Accuracy: 0.924 | Student Top 5 Accuracy: 0.345 | Time: 2.604 | 
Running student landscape probe...
[adalrs] epoch=46 decision=fallback_cosine_clamp best_lr=0.100000 cosine_lr=0.129299 improvement=0.000000 next_student_lr=0.103439
[Train] Epoch: 47 | Teacher lr=0.1284 | Teacher Loss: 1.272 | Teacher Train Acc: 86.722 | Student lr=0.1034 | Student Train Acc: 38.224 | Time: 139.075 |
[Eval] Epoch: 47 | Teacher Test Loss: 1.041 | Teacher Test Acc: 72.040 | Student Test Loss: 2.578 | Student Test Acc: 34.370 | Teacher Test F1: 0.720 | Student Test F1: 0.332 | Teacher Top 5 Accuracy: 0.928 | Student Top 5 Accuracy: 0.668 | Time: 2.667 | 
Running student landscape probe...
[adalrs] epoch=47 decision=fallback_cosine_clamp best_lr=0.100000 cosine_lr=0.112316 improvement=0.000000 next_student_lr=0.089852
[Train] Epoch: 48 | Teacher lr=0.1114 | Teacher Loss: 1.143 | Teacher Train Acc: 88.256 | Student lr=0.0899 | Student Train Acc: 45.424 | Time: 138.178 |
[Eval] Epoch: 48 | Teacher Test Loss: 1.026 | Teacher Test Acc: 71.940 | Student Test Loss: 2.142 | Student Test Acc: 42.940 | Teacher Test F1: 0.720 | Student Test F1: 0.421 | Teacher Top 5 Accuracy: 0.928 | Student Top 5 Accuracy: 0.754 | Time: 2.641 | 
Running student landscape probe...
[adalrs] epoch=48 decision=fallback_cosine_clamp best_lr=0.100000 cosine_lr=0.096396 improvement=0.000000 next_student_lr=0.077117
[Train] Epoch: 49 | Teacher lr=0.0955 | Teacher Loss: 1.049 | Teacher Train Acc: 89.478 | Student lr=0.0771 | Student Train Acc: 50.930 | Time: 137.357 |
[Eval] Epoch: 49 | Teacher Test Loss: 0.963 | Teacher Test Acc: 73.500 | Student Test Loss: 2.084 | Student Test Acc: 44.500 | Teacher Test F1: 0.735 | Student Test F1: 0.437 | Teacher Top 5 Accuracy: 0.934 | Student Top 5 Accuracy: 0.762 | Time: 2.647 | 
Running student landscape probe...
[adalrs] epoch=49 decision=fallback_cosine_clamp best_lr=0.100000 cosine_lr=0.081584 improvement=0.000000 next_student_lr=0.065267
[Train] Epoch: 50 | Teacher lr=0.0807 | Teacher Loss: 0.977 | Teacher Train Acc: 90.698 | Student lr=0.0653 | Student Train Acc: 54.624 | Time: 135.737 |
[Eval] Epoch: 50 | Teacher Test Loss: 0.944 | Teacher Test Acc: 74.290 | Student Test Loss: 1.994 | Student Test Acc: 46.510 | Teacher Test F1: 0.743 | Student Test F1: 0.458 | Teacher Top 5 Accuracy: 0.937 | Student Top 5 Accuracy: 0.779 | Time: 2.578 | 
Running student landscape probe...
[adalrs] epoch=50 decision=fallback_cosine_clamp best_lr=0.050000 cosine_lr=0.067920 improvement=0.000000 next_student_lr=0.054336
[Train] Epoch: 51 | Teacher lr=0.0670 | Teacher Loss: 0.917 | Teacher Train Acc: 91.764 | Student lr=0.0543 | Student Train Acc: 57.618 | Time: 137.157 |
[Eval] Epoch: 51 | Teacher Test Loss: 0.933 | Teacher Test Acc: 74.220 | Student Test Loss: 1.830 | Student Test Acc: 50.530 | Teacher Test F1: 0.742 | Student Test F1: 0.499 | Teacher Top 5 Accuracy: 0.934 | Student Top 5 Accuracy: 0.809 | Time: 2.644 | 
Running student landscape probe...
[adalrs] epoch=51 decision=fallback_cosine_clamp best_lr=0.050000 cosine_lr=0.055442 improvement=0.000000 next_student_lr=0.044354
[Train] Epoch: 52 | Teacher lr=0.0545 | Teacher Loss: 0.864 | Teacher Train Acc: 92.754 | Student lr=0.0444 | Student Train Acc: 59.928 | Time: 138.276 |
[Eval] Epoch: 52 | Teacher Test Loss: 0.914 | Teacher Test Acc: 74.400 | Student Test Loss: 1.850 | Student Test Acc: 50.490 | Teacher Test F1: 0.744 | Student Test F1: 0.503 | Teacher Top 5 Accuracy: 0.937 | Student Top 5 Accuracy: 0.810 | Time: 2.601 | 
Running student landscape probe...
[adalrs] epoch=52 decision=fallback_cosine_clamp best_lr=0.050000 cosine_lr=0.044184 improvement=0.000000 next_student_lr=0.035347
[Train] Epoch: 53 | Teacher lr=0.0432 | Teacher Loss: 0.821 | Teacher Train Acc: 93.434 | Student lr=0.0353 | Student Train Acc: 62.062 | Time: 136.615 |
[Eval] Epoch: 53 | Teacher Test Loss: 0.903 | Teacher Test Acc: 74.590 | Student Test Loss: 1.759 | Student Test Acc: 52.760 | Teacher Test F1: 0.746 | Student Test F1: 0.522 | Teacher Top 5 Accuracy: 0.938 | Student Top 5 Accuracy: 0.822 | Time: 2.570 | 
Running student landscape probe...
[adalrs] epoch=53 decision=fallback_cosine_clamp best_lr=0.025000 cosine_lr=0.034177 improvement=0.000000 next_student_lr=0.027341
[Train] Epoch: 54 | Teacher lr=0.0332 | Teacher Loss: 0.782 | Teacher Train Acc: 94.216 | Student lr=0.0273 | Student Train Acc: 63.926 | Time: 137.192 |
[Eval] Epoch: 54 | Teacher Test Loss: 0.890 | Teacher Test Acc: 74.920 | Student Test Loss: 1.662 | Student Test Acc: 55.150 | Teacher Test F1: 0.749 | Student Test F1: 0.551 | Teacher Top 5 Accuracy: 0.940 | Student Top 5 Accuracy: 0.838 | Time: 2.585 | 
Running student landscape probe...
[adalrs] epoch=54 decision=fallback_cosine_clamp best_lr=0.025000 cosine_lr=0.025447 improvement=0.000000 next_student_lr=0.020358
[Train] Epoch: 55 | Teacher lr=0.0245 | Teacher Loss: 0.748 | Teacher Train Acc: 94.852 | Student lr=0.0204 | Student Train Acc: 65.834 | Time: 138.284 |
[Eval] Epoch: 55 | Teacher Test Loss: 0.885 | Teacher Test Acc: 75.090 | Student Test Loss: 1.539 | Student Test Acc: 57.680 | Teacher Test F1: 0.751 | Student Test F1: 0.573 | Teacher Top 5 Accuracy: 0.940 | Student Top 5 Accuracy: 0.854 | Time: 2.631 | 
Running student landscape probe...
[adalrs] epoch=55 decision=accept_probe best_lr=0.200000 cosine_lr=0.018020 improvement=0.039819 next_student_lr=0.200000
[Train] Epoch: 56 | Teacher lr=0.0170 | Teacher Loss: 0.904 | Teacher Train Acc: 95.378 | Student lr=0.2000 | Student Train Acc: 55.470 | Time: 137.322 |
[Eval] Epoch: 56 | Teacher Test Loss: 0.901 | Teacher Test Acc: 75.260 | Student Test Loss: 2.235 | Student Test Acc: 42.300 | Teacher Test F1: 0.752 | Student Test F1: 0.422 | Teacher Top 5 Accuracy: 0.941 | Student Top 5 Accuracy: 0.748 | Time: 2.668 | 
Running student landscape probe...
[adalrs] epoch=56 decision=fallback_cosine_clamp best_lr=0.010000 cosine_lr=0.011915 improvement=0.000000 next_student_lr=0.009532
[Train] Epoch: 57 | Teacher lr=0.0109 | Teacher Loss: 0.713 | Teacher Train Acc: 95.704 | Student lr=0.0095 | Student Train Acc: 65.058 | Time: 138.114 |
[Eval] Epoch: 57 | Teacher Test Loss: 0.878 | Teacher Test Acc: 75.180 | Student Test Loss: 1.421 | Student Test Acc: 60.050 | Teacher Test F1: 0.752 | Student Test F1: 0.598 | Teacher Top 5 Accuracy: 0.942 | Student Top 5 Accuracy: 0.871 | Time: 2.627 | 
Running student landscape probe...
[adalrs] epoch=57 decision=accept_probe best_lr=0.300000 cosine_lr=0.007150 improvement=0.033840 next_student_lr=0.300000
[Train] Epoch: 58 | Teacher lr=0.0062 | Teacher Loss: 0.864 | Teacher Train Acc: 96.032 | Student lr=0.3000 | Student Train Acc: 56.642 | Time: 137.959 |
[Eval] Epoch: 58 | Teacher Test Loss: 0.895 | Teacher Test Acc: 75.100 | Student Test Loss: 2.292 | Student Test Acc: 43.160 | Teacher Test F1: 0.751 | Student Test F1: 0.424 | Teacher Top 5 Accuracy: 0.940 | Student Top 5 Accuracy: 0.739 | Time: 2.598 | 
Running student landscape probe...
[adalrs] epoch=58 decision=accept_probe best_lr=0.700000 cosine_lr=0.003736 improvement=0.065036 next_student_lr=0.700000
[Train] Epoch: 59 | Teacher lr=0.0027 | Teacher Loss: 0.932 | Teacher Train Acc: 96.396 | Student lr=0.7000 | Student Train Acc: 52.736 | Time: 138.340 |
[Eval] Epoch: 59 | Teacher Test Loss: 0.906 | Teacher Test Acc: 75.070 | Student Test Loss: 3.084 | Student Test Acc: 28.830 | Teacher Test F1: 0.750 | Student Test F1: 0.275 | Teacher Top 5 Accuracy: 0.940 | Student Top 5 Accuracy: 0.593 | Time: 2.605 | 
Running student landscape probe...
[adalrs] epoch=59 decision=rising_loss_clamp best_lr=1.200000 cosine_lr=0.001685 improvement=0.064453 next_student_lr=0.001348
[Train] Epoch: 60 | Teacher lr=0.0007 | Teacher Loss: 0.807 | Teacher Train Acc: 96.364 | Student lr=0.0013 | Student Train Acc: 58.932 | Time: 138.367 |
[Eval] Epoch: 60 | Teacher Test Loss: 0.901 | Teacher Test Acc: 75.200 | Student Test Loss: 1.505 | Student Test Acc: 57.420 | Teacher Test F1: 0.752 | Student Test F1: 0.570 | Teacher Top 5 Accuracy: 0.940 | Student Top 5 Accuracy: 0.854 | Time: 2.618 | 
Running student landscape probe...
[adalrs] epoch=60 decision=fallback_cosine_clamp best_lr=0.001000 cosine_lr=0.001000 improvement=0.000000 next_student_lr=0.001000
ckpt location: ckpt/sota_adalrs_stars/adalrs_narrow_safe_seed2_60ep.pt
