/home/jovyan/.mlspace/envs/egy_llm/lib/python3.11/site-packages/torchvision/datasets/cifar.py:83: VisibleDeprecationWarning: dtype(): align should be passed as Python or NumPy boolean but got `align=0`. Did you mean to pass a tuple to create a subarray type? (Deprecated NumPy 2.4)
  entry = pickle.load(f, encoding="latin1")
depth_list: [110, 20]
Dataset information: cifar100	 50000 images for training 	 10000 images for testing	
teacher depth: 110
student depth: 20
Total number of teacher parameters: 1,169,972
Total number of student parameters: 278,132
Snapshots will be saved to: snapshots/sota_adalrs_stars/adalrs_default_seed3_60ep
==== train and evaluate unequal restart ====
[scheduler] AdaLRS active init_lr=0.01 alpha=0.5 beta=1.5 margin=0.002 clamp=0.7
[Eval] Epoch: 0 | Teacher Test Loss: 9743.739 | Teacher Test Acc: 1.130 | Student Test Loss: 5.207 | Student Test Acc: 1.000 | Teacher Test F1: 0.001 | Student Test F1: 0.000 | Teacher Top 5 Accuracy: 0.048 | Student Top 5 Accuracy: 0.047 | Time: 2.793 | 
Running student landscape probe...
[Train] Epoch: 1 | Teacher lr=1.0000 | Teacher Loss: 4.149 | Teacher Train Acc: 7.578 | Student lr=0.0100 | Student Train Acc: 6.924 | Time: 140.069 |
[Eval] Epoch: 1 | Teacher Test Loss: 3.744 | Teacher Test Acc: 11.800 | Student Test Loss: 3.864 | Student Test Acc: 10.180 | Teacher Test F1: 0.081 | Student Test F1: 0.066 | Teacher Top 5 Accuracy: 0.344 | Student Top 5 Accuracy: 0.306 | Time: 2.303 | 
Running student landscape probe...
[adalrs] epoch=1 decision=warmup_cosine best_lr=0.999315 cosine_lr=0.999315 improvement=0.000000 next_student_lr=0.999315
[Train] Epoch: 2 | Teacher lr=0.9993 | Teacher Loss: 3.555 | Teacher Train Acc: 17.600 | Student lr=0.9993 | Student Train Acc: 17.866 | Time: 136.413 |
[Eval] Epoch: 2 | Teacher Test Loss: 3.281 | Teacher Test Acc: 19.400 | Student Test Loss: 3.238 | Student Test Acc: 21.900 | Teacher Test F1: 0.172 | Student Test F1: 0.200 | Teacher Top 5 Accuracy: 0.494 | Student Top 5 Accuracy: 0.529 | Time: 2.522 | 
Running student landscape probe...
[adalrs] epoch=2 decision=warmup_cosine best_lr=0.997264 cosine_lr=0.997264 improvement=0.000000 next_student_lr=0.997264
[Train] Epoch: 3 | Teacher lr=0.9973 | Teacher Loss: 2.934 | Teacher Train Acc: 30.234 | Student lr=0.9973 | Student Train Acc: 38.784 | Time: 138.707 |
[Eval] Epoch: 3 | Teacher Test Loss: 2.995 | Teacher Test Acc: 26.820 | Student Test Loss: 3.119 | Student Test Acc: 25.570 | Teacher Test F1: 0.249 | Student Test F1: 0.240 | Teacher Top 5 Accuracy: 0.597 | Student Top 5 Accuracy: 0.574 | Time: 2.504 | 
Running student landscape probe...
[adalrs] epoch=3 decision=warmup_cosine best_lr=0.993850 cosine_lr=0.993850 improvement=0.000000 next_student_lr=0.993850
[Train] Epoch: 4 | Teacher lr=0.9938 | Teacher Loss: 2.590 | Teacher Train Acc: 38.306 | Student lr=0.9939 | Student Train Acc: 46.250 | Time: 136.007 |
[Eval] Epoch: 4 | Teacher Test Loss: 2.576 | Teacher Test Acc: 33.310 | Student Test Loss: 2.789 | Student Test Acc: 30.800 | Teacher Test F1: 0.328 | Student Test F1: 0.300 | Teacher Top 5 Accuracy: 0.667 | Student Top 5 Accuracy: 0.629 | Time: 2.616 | 
Running student landscape probe...
[adalrs] epoch=4 decision=warmup_cosine best_lr=0.989085 cosine_lr=0.989085 improvement=0.000000 next_student_lr=0.989085
[Train] Epoch: 5 | Teacher lr=0.9891 | Teacher Loss: 2.346 | Teacher Train Acc: 43.674 | Student lr=0.9891 | Student Train Acc: 50.626 | Time: 135.976 |
[Eval] Epoch: 5 | Teacher Test Loss: 2.304 | Teacher Test Acc: 39.330 | Student Test Loss: 3.584 | Student Test Acc: 25.310 | Teacher Test F1: 0.382 | Student Test F1: 0.230 | Teacher Top 5 Accuracy: 0.724 | Student Top 5 Accuracy: 0.534 | Time: 2.590 | 
Running student landscape probe...
[adalrs] epoch=5 decision=warmup_cosine best_lr=0.982980 cosine_lr=0.982980 improvement=0.000000 next_student_lr=0.982980
[Train] Epoch: 6 | Teacher lr=0.9830 | Teacher Loss: 2.218 | Teacher Train Acc: 47.178 | Student lr=0.9830 | Student Train Acc: 53.120 | Time: 136.022 |
[Eval] Epoch: 6 | Teacher Test Loss: 2.476 | Teacher Test Acc: 36.660 | Student Test Loss: 2.269 | Student Test Acc: 41.000 | Teacher Test F1: 0.366 | Student Test F1: 0.405 | Teacher Top 5 Accuracy: 0.689 | Student Top 5 Accuracy: 0.736 | Time: 2.641 | 
Running student landscape probe...
[adalrs] epoch=6 decision=fallback_cosine_clamp best_lr=1.100000 cosine_lr=0.975553 improvement=0.000238 next_student_lr=0.682887
[Train] Epoch: 7 | Teacher lr=0.9755 | Teacher Loss: 2.099 | Teacher Train Acc: 49.500 | Student lr=0.6829 | Student Train Acc: 56.850 | Time: 135.386 |
[Eval] Epoch: 7 | Teacher Test Loss: 1.994 | Teacher Test Acc: 46.280 | Student Test Loss: 2.524 | Student Test Acc: 37.280 | Teacher Test F1: 0.451 | Student Test F1: 0.351 | Teacher Top 5 Accuracy: 0.789 | Student Top 5 Accuracy: 0.682 | Time: 2.677 | 
Running student landscape probe...
[adalrs] epoch=7 decision=accept_probe best_lr=1.400000 cosine_lr=0.966823 improvement=0.005683 next_student_lr=1.400000
[Train] Epoch: 8 | Teacher lr=0.9668 | Teacher Loss: 2.094 | Teacher Train Acc: 52.294 | Student lr=1.4000 | Student Train Acc: 47.368 | Time: 137.763 |
[Eval] Epoch: 8 | Teacher Test Loss: 2.004 | Teacher Test Acc: 44.970 | Student Test Loss: 3.470 | Student Test Acc: 24.370 | Teacher Test F1: 0.440 | Student Test F1: 0.257 | Teacher Top 5 Accuracy: 0.782 | Student Top 5 Accuracy: 0.568 | Time: 2.587 | 
Running student landscape probe...
[adalrs] epoch=8 decision=rising_loss_clamp best_lr=1.400000 cosine_lr=0.956816 improvement=0.015563 next_student_lr=0.669771
[Train] Epoch: 9 | Teacher lr=0.9568 | Teacher Loss: 2.430 | Teacher Train Acc: 44.458 | Student lr=0.6698 | Student Train Acc: 57.604 | Time: 136.416 |
[Eval] Epoch: 9 | Teacher Test Loss: 1.924 | Teacher Test Acc: 47.880 | Student Test Loss: 3.758 | Student Test Acc: 22.970 | Teacher Test F1: 0.469 | Student Test F1: 0.210 | Teacher Top 5 Accuracy: 0.796 | Student Top 5 Accuracy: 0.498 | Time: 2.747 | 
Running student landscape probe...
[adalrs] epoch=9 decision=rising_loss_clamp best_lr=1.400000 cosine_lr=0.945558 improvement=0.010601 next_student_lr=0.661890
[Train] Epoch: 10 | Teacher lr=0.9455 | Teacher Loss: 1.908 | Teacher Train Acc: 54.840 | Student lr=0.6619 | Student Train Acc: 58.728 | Time: 136.857 |
[Eval] Epoch: 10 | Teacher Test Loss: 1.869 | Teacher Test Acc: 49.160 | Student Test Loss: 2.271 | Student Test Acc: 42.740 | Teacher Test F1: 0.484 | Student Test F1: 0.432 | Teacher Top 5 Accuracy: 0.800 | Student Top 5 Accuracy: 0.733 | Time: 2.649 | 
Running student landscape probe...
[adalrs] epoch=10 decision=accept_probe best_lr=1.300000 cosine_lr=0.933080 improvement=0.005662 next_student_lr=1.300000
[Train] Epoch: 11 | Teacher lr=0.9330 | Teacher Loss: 1.873 | Teacher Train Acc: 57.148 | Student lr=1.3000 | Student Train Acc: 54.250 | Time: 138.293 |
[Eval] Epoch: 11 | Teacher Test Loss: 1.789 | Teacher Test Acc: 50.620 | Student Test Loss: 3.280 | Student Test Acc: 28.370 | Teacher Test F1: 0.500 | Student Test F1: 0.266 | Teacher Top 5 Accuracy: 0.816 | Student Top 5 Accuracy: 0.576 | Time: 2.653 | 
Running student landscape probe...
[adalrs] epoch=11 decision=accept_probe best_lr=1.300000 cosine_lr=0.919416 improvement=0.021752 next_student_lr=1.300000
[Train] Epoch: 12 | Teacher lr=0.9193 | Teacher Loss: 1.832 | Teacher Train Acc: 57.652 | Student lr=1.3000 | Student Train Acc: 55.168 | Time: 136.842 |
[Eval] Epoch: 12 | Teacher Test Loss: 1.808 | Teacher Test Acc: 51.100 | Student Test Loss: 4.349 | Student Test Acc: 14.390 | Teacher Test F1: 0.503 | Student Test F1: 0.144 | Teacher Top 5 Accuracy: 0.809 | Student Top 5 Accuracy: 0.403 | Time: 2.578 | 
Running student landscape probe...
[adalrs] epoch=12 decision=rising_loss_clamp best_lr=1.300000 cosine_lr=0.904604 improvement=0.015788 next_student_lr=0.633223
[Train] Epoch: 13 | Teacher lr=0.9045 | Teacher Loss: 1.754 | Teacher Train Acc: 58.168 | Student lr=0.6332 | Student Train Acc: 61.342 | Time: 138.403 |
[Eval] Epoch: 13 | Teacher Test Loss: 1.916 | Teacher Test Acc: 48.130 | Student Test Loss: 2.033 | Student Test Acc: 46.390 | Teacher Test F1: 0.478 | Student Test F1: 0.462 | Teacher Top 5 Accuracy: 0.799 | Student Top 5 Accuracy: 0.773 | Time: 2.642 | 
Running student landscape probe...
[adalrs] epoch=13 decision=accept_probe best_lr=1.300000 cosine_lr=0.888684 improvement=0.012155 next_student_lr=1.300000
[Train] Epoch: 14 | Teacher lr=0.8886 | Teacher Loss: 1.776 | Teacher Train Acc: 59.958 | Student lr=1.3000 | Student Train Acc: 55.252 | Time: 136.928 |
[Eval] Epoch: 14 | Teacher Test Loss: 1.646 | Teacher Test Acc: 53.530 | Student Test Loss: 2.929 | Student Test Acc: 31.660 | Teacher Test F1: 0.530 | Student Test F1: 0.326 | Teacher Top 5 Accuracy: 0.839 | Student Top 5 Accuracy: 0.648 | Time: 2.579 | 
Running student landscape probe...
[adalrs] epoch=14 decision=accept_probe best_lr=1.300000 cosine_lr=0.871701 improvement=0.020630 next_student_lr=1.300000
[Train] Epoch: 15 | Teacher lr=0.8716 | Teacher Loss: 1.897 | Teacher Train Acc: 57.566 | Student lr=1.3000 | Student Train Acc: 56.252 | Time: 138.021 |
[Eval] Epoch: 15 | Teacher Test Loss: 3.830 | Teacher Test Acc: 13.940 | Student Test Loss: 2.366 | Student Test Acc: 37.560 | Teacher Test F1: 0.112 | Student Test F1: 0.389 | Teacher Top 5 Accuracy: 0.358 | Student Top 5 Accuracy: 0.712 | Time: 2.615 | 
Running student landscape probe...
[adalrs] epoch=15 decision=accept_probe best_lr=1.200000 cosine_lr=0.853700 improvement=0.014255 next_student_lr=1.200000
[Train] Epoch: 16 | Teacher lr=0.8536 | Teacher Loss: 1.896 | Teacher Train Acc: 56.634 | Student lr=1.2000 | Student Train Acc: 56.468 | Time: 137.820 |
[Eval] Epoch: 16 | Teacher Test Loss: 1.810 | Teacher Test Acc: 50.910 | Student Test Loss: 2.373 | Student Test Acc: 38.210 | Teacher Test F1: 0.503 | Student Test F1: 0.380 | Teacher Top 5 Accuracy: 0.815 | Student Top 5 Accuracy: 0.715 | Time: 2.681 | 
Running student landscape probe...
[adalrs] epoch=16 decision=accept_probe best_lr=1.200000 cosine_lr=0.834731 improvement=0.026895 next_student_lr=1.200000
[Train] Epoch: 17 | Teacher lr=0.8346 | Teacher Loss: 1.694 | Teacher Train Acc: 61.836 | Student lr=1.2000 | Student Train Acc: 57.638 | Time: 137.378 |
[Eval] Epoch: 17 | Teacher Test Loss: 1.550 | Teacher Test Acc: 56.120 | Student Test Loss: 2.632 | Student Test Acc: 35.810 | Teacher Test F1: 0.557 | Student Test F1: 0.343 | Teacher Top 5 Accuracy: 0.852 | Student Top 5 Accuracy: 0.675 | Time: 2.477 | 
Running student landscape probe...
[adalrs] epoch=17 decision=rising_loss_clamp best_lr=1.200000 cosine_lr=0.814846 improvement=0.023514 next_student_lr=0.570392
[Train] Epoch: 18 | Teacher lr=0.8147 | Teacher Loss: 1.611 | Teacher Train Acc: 62.096 | Student lr=0.5704 | Student Train Acc: 63.146 | Time: 138.562 |
[Eval] Epoch: 18 | Teacher Test Loss: 1.824 | Teacher Test Acc: 51.230 | Student Test Loss: 2.222 | Student Test Acc: 42.540 | Teacher Test F1: 0.506 | Student Test F1: 0.427 | Teacher Top 5 Accuracy: 0.810 | Student Top 5 Accuracy: 0.756 | Time: 2.472 | 
Running student landscape probe...
[adalrs] epoch=18 decision=accept_probe best_lr=1.100000 cosine_lr=0.794099 improvement=0.012409 next_student_lr=1.100000
[Train] Epoch: 19 | Teacher lr=0.7939 | Teacher Loss: 1.638 | Teacher Train Acc: 63.516 | Student lr=1.1000 | Student Train Acc: 58.094 | Time: 137.464 |
[Eval] Epoch: 19 | Teacher Test Loss: 1.589 | Teacher Test Acc: 55.160 | Student Test Loss: 3.670 | Student Test Acc: 20.950 | Teacher Test F1: 0.548 | Student Test F1: 0.192 | Teacher Top 5 Accuracy: 0.846 | Student Top 5 Accuracy: 0.524 | Time: 2.552 | 
Running student landscape probe...
[adalrs] epoch=19 decision=accept_probe best_lr=1.100000 cosine_lr=0.772547 improvement=0.022991 next_student_lr=1.100000
[Train] Epoch: 20 | Teacher lr=0.7723 | Teacher Loss: 1.630 | Teacher Train Acc: 64.140 | Student lr=1.1000 | Student Train Acc: 57.636 | Time: 138.448 |
[Eval] Epoch: 20 | Teacher Test Loss: 1.660 | Teacher Test Acc: 55.020 | Student Test Loss: 2.671 | Student Test Acc: 32.570 | Teacher Test F1: 0.545 | Student Test F1: 0.323 | Teacher Top 5 Accuracy: 0.835 | Student Top 5 Accuracy: 0.636 | Time: 2.340 | 
Running student landscape probe...
[adalrs] epoch=20 decision=accept_probe best_lr=1.100000 cosine_lr=0.750250 improvement=0.007562 next_student_lr=1.100000
[Train] Epoch: 21 | Teacher lr=0.7500 | Teacher Loss: 1.587 | Teacher Train Acc: 64.842 | Student lr=1.1000 | Student Train Acc: 58.510 | Time: 135.443 |
[Eval] Epoch: 21 | Teacher Test Loss: 1.644 | Teacher Test Acc: 54.810 | Student Test Loss: 2.361 | Student Test Acc: 38.880 | Teacher Test F1: 0.545 | Student Test F1: 0.385 | Teacher Top 5 Accuracy: 0.832 | Student Top 5 Accuracy: 0.719 | Time: 2.638 | 
Running student landscape probe...
[adalrs] epoch=21 decision=accept_probe best_lr=1.000000 cosine_lr=0.727268 improvement=0.019700 next_student_lr=1.000000
[Train] Epoch: 22 | Teacher lr=0.7270 | Teacher Loss: 1.574 | Teacher Train Acc: 65.046 | Student lr=1.0000 | Student Train Acc: 59.736 | Time: 135.780 |
[Eval] Epoch: 22 | Teacher Test Loss: 1.460 | Teacher Test Acc: 58.790 | Student Test Loss: 2.379 | Student Test Acc: 40.820 | Teacher Test F1: 0.587 | Student Test F1: 0.412 | Teacher Top 5 Accuracy: 0.859 | Student Top 5 Accuracy: 0.718 | Time: 2.476 | 
Running student landscape probe...
[adalrs] epoch=22 decision=accept_probe best_lr=1.000000 cosine_lr=0.703665 improvement=0.022044 next_student_lr=1.000000
[Train] Epoch: 23 | Teacher lr=0.7034 | Teacher Loss: 1.540 | Teacher Train Acc: 65.958 | Student lr=1.0000 | Student Train Acc: 59.960 | Time: 137.386 |
[Eval] Epoch: 23 | Teacher Test Loss: 1.460 | Teacher Test Acc: 58.910 | Student Test Loss: 2.002 | Student Test Acc: 46.600 | Teacher Test F1: 0.585 | Student Test F1: 0.462 | Teacher Top 5 Accuracy: 0.869 | Student Top 5 Accuracy: 0.775 | Time: 2.445 | 
Running student landscape probe...
[adalrs] epoch=23 decision=accept_probe best_lr=1.000000 cosine_lr=0.679505 improvement=0.011818 next_student_lr=1.000000
[Train] Epoch: 24 | Teacher lr=0.6792 | Teacher Loss: 1.526 | Teacher Train Acc: 66.732 | Student lr=1.0000 | Student Train Acc: 60.136 | Time: 137.513 |
[Eval] Epoch: 24 | Teacher Test Loss: 1.549 | Teacher Test Acc: 56.730 | Student Test Loss: 2.414 | Student Test Acc: 38.840 | Teacher Test F1: 0.569 | Student Test F1: 0.395 | Teacher Top 5 Accuracy: 0.847 | Student Top 5 Accuracy: 0.713 | Time: 2.466 | 
Running student landscape probe...
[adalrs] epoch=24 decision=accept_probe best_lr=0.900000 cosine_lr=0.654854 improvement=0.016455 next_student_lr=0.900000
[Train] Epoch: 25 | Teacher lr=0.6545 | Teacher Loss: 1.491 | Teacher Train Acc: 67.090 | Student lr=0.9000 | Student Train Acc: 60.958 | Time: 135.075 |
[Eval] Epoch: 25 | Teacher Test Loss: 1.469 | Teacher Test Acc: 59.220 | Student Test Loss: 2.154 | Student Test Acc: 43.400 | Teacher Test F1: 0.593 | Student Test F1: 0.437 | Teacher Top 5 Accuracy: 0.869 | Student Top 5 Accuracy: 0.760 | Time: 2.593 | 
Running student landscape probe...
[adalrs] epoch=25 decision=accept_probe best_lr=0.900000 cosine_lr=0.629780 improvement=0.021595 next_student_lr=0.900000
[Train] Epoch: 26 | Teacher lr=0.6294 | Teacher Loss: 1.472 | Teacher Train Acc: 68.294 | Student lr=0.9000 | Student Train Acc: 61.200 | Time: 138.786 |
[Eval] Epoch: 26 | Teacher Test Loss: 1.589 | Teacher Test Acc: 56.180 | Student Test Loss: 2.326 | Student Test Acc: 41.260 | Teacher Test F1: 0.563 | Student Test F1: 0.423 | Teacher Top 5 Accuracy: 0.843 | Student Top 5 Accuracy: 0.739 | Time: 2.484 | 
Running student landscape probe...
[adalrs] epoch=26 decision=accept_probe best_lr=0.900000 cosine_lr=0.604352 improvement=0.021594 next_student_lr=0.900000
[Train] Epoch: 27 | Teacher lr=0.6040 | Teacher Loss: 1.453 | Teacher Train Acc: 68.454 | Student lr=0.9000 | Student Train Acc: 60.882 | Time: 138.369 |
[Eval] Epoch: 27 | Teacher Test Loss: 1.343 | Teacher Test Acc: 61.180 | Student Test Loss: 2.264 | Student Test Acc: 40.000 | Teacher Test F1: 0.611 | Student Test F1: 0.402 | Teacher Top 5 Accuracy: 0.885 | Student Top 5 Accuracy: 0.734 | Time: 2.487 | 
Running student landscape probe...
[adalrs] epoch=27 decision=accept_probe best_lr=0.800000 cosine_lr=0.578639 improvement=0.023017 next_student_lr=0.800000
[Train] Epoch: 28 | Teacher lr=0.5782 | Teacher Loss: 1.419 | Teacher Train Acc: 69.364 | Student lr=0.8000 | Student Train Acc: 62.578 | Time: 136.468 |
[Eval] Epoch: 28 | Teacher Test Loss: 1.401 | Teacher Test Acc: 60.320 | Student Test Loss: 2.062 | Student Test Acc: 46.190 | Teacher Test F1: 0.608 | Student Test F1: 0.463 | Teacher Top 5 Accuracy: 0.873 | Student Top 5 Accuracy: 0.775 | Time: 2.646 | 
Running student landscape probe...
[adalrs] epoch=28 decision=accept_probe best_lr=0.800000 cosine_lr=0.552712 improvement=0.018336 next_student_lr=0.800000
[Train] Epoch: 29 | Teacher lr=0.5523 | Teacher Loss: 1.398 | Teacher Train Acc: 70.154 | Student lr=0.8000 | Student Train Acc: 62.494 | Time: 138.579 |
[Eval] Epoch: 29 | Teacher Test Loss: 1.364 | Teacher Test Acc: 60.880 | Student Test Loss: 1.900 | Student Test Acc: 49.280 | Teacher Test F1: 0.609 | Student Test F1: 0.500 | Teacher Top 5 Accuracy: 0.879 | Student Top 5 Accuracy: 0.797 | Time: 2.474 | 
Running student landscape probe...
[adalrs] epoch=29 decision=accept_probe best_lr=0.700000 cosine_lr=0.526642 improvement=0.016565 next_student_lr=0.700000
[Train] Epoch: 30 | Teacher lr=0.5262 | Teacher Loss: 1.360 | Teacher Train Acc: 70.892 | Student lr=0.7000 | Student Train Acc: 63.688 | Time: 136.819 |
[Eval] Epoch: 30 | Teacher Test Loss: 1.337 | Teacher Test Acc: 61.840 | Student Test Loss: 1.941 | Student Test Acc: 47.890 | Teacher Test F1: 0.618 | Student Test F1: 0.480 | Teacher Top 5 Accuracy: 0.887 | Student Top 5 Accuracy: 0.792 | Time: 2.486 | 
Running student landscape probe...
[adalrs] epoch=30 decision=accept_probe best_lr=0.700000 cosine_lr=0.500500 improvement=0.008581 next_student_lr=0.700000
[Train] Epoch: 31 | Teacher lr=0.5000 | Teacher Loss: 1.347 | Teacher Train Acc: 71.262 | Student lr=0.7000 | Student Train Acc: 63.710 | Time: 138.620 |
[Eval] Epoch: 31 | Teacher Test Loss: 1.321 | Teacher Test Acc: 62.090 | Student Test Loss: 1.889 | Student Test Acc: 48.480 | Teacher Test F1: 0.622 | Student Test F1: 0.486 | Teacher Top 5 Accuracy: 0.892 | Student Top 5 Accuracy: 0.799 | Time: 2.468 | 
Running student landscape probe...
[adalrs] epoch=31 decision=accept_probe best_lr=0.700000 cosine_lr=0.474358 improvement=0.014674 next_student_lr=0.700000
[Train] Epoch: 32 | Teacher lr=0.4738 | Teacher Loss: 1.319 | Teacher Train Acc: 72.300 | Student lr=0.7000 | Student Train Acc: 63.676 | Time: 134.866 |
[Eval] Epoch: 32 | Teacher Test Loss: 1.407 | Teacher Test Acc: 60.520 | Student Test Loss: 2.371 | Student Test Acc: 40.020 | Teacher Test F1: 0.608 | Student Test F1: 0.396 | Teacher Top 5 Accuracy: 0.873 | Student Top 5 Accuracy: 0.727 | Time: 2.500 | 
Running student landscape probe...
[adalrs] epoch=32 decision=accept_probe best_lr=0.600000 cosine_lr=0.448288 improvement=0.027468 next_student_lr=0.600000
[Train] Epoch: 33 | Teacher lr=0.4477 | Teacher Loss: 1.279 | Teacher Train Acc: 73.028 | Student lr=0.6000 | Student Train Acc: 65.258 | Time: 137.403 |
[Eval] Epoch: 33 | Teacher Test Loss: 1.399 | Teacher Test Acc: 60.890 | Student Test Loss: 1.896 | Student Test Acc: 49.090 | Teacher Test F1: 0.607 | Student Test F1: 0.494 | Teacher Top 5 Accuracy: 0.875 | Student Top 5 Accuracy: 0.802 | Time: 2.472 | 
Running student landscape probe...
[adalrs] epoch=33 decision=accept_probe best_lr=0.600000 cosine_lr=0.422361 improvement=0.019725 next_student_lr=0.600000
[Train] Epoch: 34 | Teacher lr=0.4218 | Teacher Loss: 1.272 | Teacher Train Acc: 73.376 | Student lr=0.6000 | Student Train Acc: 65.216 | Time: 137.187 |
[Eval] Epoch: 34 | Teacher Test Loss: 1.273 | Teacher Test Acc: 63.480 | Student Test Loss: 1.745 | Student Test Acc: 52.290 | Teacher Test F1: 0.635 | Student Test F1: 0.521 | Teacher Top 5 Accuracy: 0.896 | Student Top 5 Accuracy: 0.820 | Time: 2.490 | 
Running student landscape probe...
[adalrs] epoch=34 decision=accept_probe best_lr=0.500000 cosine_lr=0.396648 improvement=0.008611 next_student_lr=0.500000
[Train] Epoch: 35 | Teacher lr=0.3960 | Teacher Loss: 1.217 | Teacher Train Acc: 74.606 | Student lr=0.5000 | Student Train Acc: 66.736 | Time: 135.633 |
[Eval] Epoch: 35 | Teacher Test Loss: 1.200 | Teacher Test Acc: 65.320 | Student Test Loss: 1.637 | Student Test Acc: 54.630 | Teacher Test F1: 0.650 | Student Test F1: 0.545 | Teacher Top 5 Accuracy: 0.902 | Student Top 5 Accuracy: 0.842 | Time: 2.687 | 
Running student landscape probe...
[adalrs] epoch=35 decision=accept_probe best_lr=0.500000 cosine_lr=0.371220 improvement=0.009967 next_student_lr=0.500000
[Train] Epoch: 36 | Teacher lr=0.3706 | Teacher Loss: 1.201 | Teacher Train Acc: 75.284 | Student lr=0.5000 | Student Train Acc: 66.576 | Time: 136.575 |
[Eval] Epoch: 36 | Teacher Test Loss: 1.160 | Teacher Test Acc: 66.160 | Student Test Loss: 1.717 | Student Test Acc: 54.030 | Teacher Test F1: 0.662 | Student Test F1: 0.539 | Teacher Top 5 Accuracy: 0.908 | Student Top 5 Accuracy: 0.819 | Time: 2.596 | 
Running student landscape probe...
[adalrs] epoch=36 decision=accept_probe best_lr=0.500000 cosine_lr=0.346146 improvement=0.021213 next_student_lr=0.500000
[Train] Epoch: 37 | Teacher lr=0.3455 | Teacher Loss: 1.173 | Teacher Train Acc: 76.312 | Student lr=0.5000 | Student Train Acc: 66.714 | Time: 136.919 |
[Eval] Epoch: 37 | Teacher Test Loss: 1.171 | Teacher Test Acc: 65.850 | Student Test Loss: 1.621 | Student Test Acc: 55.410 | Teacher Test F1: 0.659 | Student Test F1: 0.553 | Teacher Top 5 Accuracy: 0.906 | Student Top 5 Accuracy: 0.843 | Time: 2.603 | 
Running student landscape probe...
[adalrs] epoch=37 decision=accept_probe best_lr=0.400000 cosine_lr=0.321495 improvement=0.009049 next_student_lr=0.400000
[Train] Epoch: 38 | Teacher lr=0.3208 | Teacher Loss: 1.124 | Teacher Train Acc: 77.224 | Student lr=0.4000 | Student Train Acc: 68.582 | Time: 136.937 |
[Eval] Epoch: 38 | Teacher Test Loss: 1.188 | Teacher Test Acc: 66.190 | Student Test Loss: 1.553 | Student Test Acc: 56.990 | Teacher Test F1: 0.661 | Student Test F1: 0.571 | Teacher Top 5 Accuracy: 0.901 | Student Top 5 Accuracy: 0.848 | Time: 2.583 | 
Running student landscape probe...
[adalrs] epoch=38 decision=accept_probe best_lr=0.400000 cosine_lr=0.297335 improvement=0.014349 next_student_lr=0.400000
[Train] Epoch: 39 | Teacher lr=0.2966 | Teacher Loss: 1.102 | Teacher Train Acc: 78.134 | Student lr=0.4000 | Student Train Acc: 68.780 | Time: 138.665 |
[Eval] Epoch: 39 | Teacher Test Loss: 1.161 | Teacher Test Acc: 66.680 | Student Test Loss: 1.631 | Student Test Acc: 56.170 | Teacher Test F1: 0.666 | Student Test F1: 0.562 | Teacher Top 5 Accuracy: 0.908 | Student Top 5 Accuracy: 0.841 | Time: 2.671 | 
Running student landscape probe...
[adalrs] epoch=39 decision=accept_probe best_lr=0.400000 cosine_lr=0.273732 improvement=0.020981 next_student_lr=0.400000
[Train] Epoch: 40 | Teacher lr=0.2730 | Teacher Loss: 1.075 | Teacher Train Acc: 79.192 | Student lr=0.4000 | Student Train Acc: 68.666 | Time: 138.446 |
[Eval] Epoch: 40 | Teacher Test Loss: 1.086 | Teacher Test Acc: 68.290 | Student Test Loss: 1.849 | Student Test Acc: 51.880 | Teacher Test F1: 0.681 | Student Test F1: 0.515 | Teacher Top 5 Accuracy: 0.920 | Student Top 5 Accuracy: 0.813 | Time: 2.718 | 
Running student landscape probe...
[adalrs] epoch=40 decision=rising_loss_clamp best_lr=0.300000 cosine_lr=0.250750 improvement=0.000000 next_student_lr=0.175525
[Train] Epoch: 41 | Teacher lr=0.2500 | Teacher Loss: 0.972 | Teacher Train Acc: 80.316 | Student lr=0.1755 | Student Train Acc: 73.948 | Time: 137.509 |
[Eval] Epoch: 41 | Teacher Test Loss: 1.145 | Teacher Test Acc: 66.730 | Student Test Loss: 1.323 | Student Test Acc: 62.980 | Teacher Test F1: 0.666 | Student Test F1: 0.629 | Teacher Top 5 Accuracy: 0.909 | Student Top 5 Accuracy: 0.884 | Time: 2.626 | 
Running student landscape probe...
[adalrs] epoch=41 decision=accept_probe best_lr=0.300000 cosine_lr=0.228453 improvement=0.018088 next_student_lr=0.300000
[Train] Epoch: 42 | Teacher lr=0.2277 | Teacher Loss: 1.006 | Teacher Train Acc: 81.118 | Student lr=0.3000 | Student Train Acc: 71.004 | Time: 138.593 |
[Eval] Epoch: 42 | Teacher Test Loss: 1.043 | Teacher Test Acc: 69.430 | Student Test Loss: 1.641 | Student Test Acc: 56.660 | Teacher Test F1: 0.692 | Student Test F1: 0.564 | Teacher Top 5 Accuracy: 0.928 | Student Top 5 Accuracy: 0.842 | Time: 2.473 | 
Running student landscape probe...
[adalrs] epoch=42 decision=accept_probe best_lr=0.300000 cosine_lr=0.206901 improvement=0.021827 next_student_lr=0.300000
[Train] Epoch: 43 | Teacher lr=0.2061 | Teacher Loss: 0.970 | Teacher Train Acc: 82.564 | Student lr=0.3000 | Student Train Acc: 70.898 | Time: 138.446 |
[Eval] Epoch: 43 | Teacher Test Loss: 1.036 | Teacher Test Acc: 69.730 | Student Test Loss: 1.688 | Student Test Acc: 54.600 | Teacher Test F1: 0.695 | Student Test F1: 0.546 | Teacher Top 5 Accuracy: 0.922 | Student Top 5 Accuracy: 0.835 | Time: 2.462 | 
Running student landscape probe...
[adalrs] epoch=43 decision=rising_loss_clamp best_lr=0.200000 cosine_lr=0.186154 improvement=0.000000 next_student_lr=0.130308
[Train] Epoch: 44 | Teacher lr=0.1853 | Teacher Loss: 0.855 | Teacher Train Acc: 83.930 | Student lr=0.1303 | Student Train Acc: 76.112 | Time: 137.668 |
[Eval] Epoch: 44 | Teacher Test Loss: 1.027 | Teacher Test Acc: 70.090 | Student Test Loss: 1.271 | Student Test Acc: 64.200 | Teacher Test F1: 0.699 | Student Test F1: 0.642 | Teacher Top 5 Accuracy: 0.927 | Student Top 5 Accuracy: 0.892 | Time: 2.503 | 
Running student landscape probe...
[adalrs] epoch=44 decision=fallback_cosine_clamp best_lr=0.200000 cosine_lr=0.166269 improvement=0.000000 next_student_lr=0.116388
[Train] Epoch: 45 | Teacher lr=0.1654 | Teacher Loss: 0.827 | Teacher Train Acc: 84.760 | Student lr=0.1164 | Student Train Acc: 77.480 | Time: 137.863 |
[Eval] Epoch: 45 | Teacher Test Loss: 1.008 | Teacher Test Acc: 70.370 | Student Test Loss: 1.270 | Student Test Acc: 64.190 | Teacher Test F1: 0.705 | Student Test F1: 0.642 | Teacher Top 5 Accuracy: 0.927 | Student Top 5 Accuracy: 0.891 | Time: 2.466 | 
Running student landscape probe...
[adalrs] epoch=45 decision=accept_probe best_lr=0.200000 cosine_lr=0.147300 improvement=0.024344 next_student_lr=0.200000
[Train] Epoch: 46 | Teacher lr=0.1464 | Teacher Loss: 0.855 | Teacher Train Acc: 86.156 | Student lr=0.2000 | Student Train Acc: 73.850 | Time: 138.764 |
[Eval] Epoch: 46 | Teacher Test Loss: 0.968 | Teacher Test Acc: 71.660 | Student Test Loss: 1.533 | Student Test Acc: 58.970 | Teacher Test F1: 0.715 | Student Test F1: 0.589 | Teacher Top 5 Accuracy: 0.930 | Student Top 5 Accuracy: 0.853 | Time: 2.472 | 
Running student landscape probe...
[adalrs] epoch=46 decision=fallback_cosine_clamp best_lr=0.100000 cosine_lr=0.129299 improvement=0.000000 next_student_lr=0.090509
[Train] Epoch: 47 | Teacher lr=0.1284 | Teacher Loss: 0.742 | Teacher Train Acc: 87.568 | Student lr=0.0905 | Student Train Acc: 78.260 | Time: 138.810 |
[Eval] Epoch: 47 | Teacher Test Loss: 0.960 | Teacher Test Acc: 72.220 | Student Test Loss: 1.262 | Student Test Acc: 64.610 | Teacher Test F1: 0.722 | Student Test F1: 0.646 | Teacher Top 5 Accuracy: 0.930 | Student Top 5 Accuracy: 0.896 | Time: 2.523 | 
Running student landscape probe...
[adalrs] epoch=47 decision=fallback_cosine_clamp best_lr=0.100000 cosine_lr=0.112316 improvement=0.000000 next_student_lr=0.078621
[Train] Epoch: 48 | Teacher lr=0.1114 | Teacher Loss: 0.705 | Teacher Train Acc: 88.744 | Student lr=0.0786 | Student Train Acc: 79.802 | Time: 135.604 |
[Eval] Epoch: 48 | Teacher Test Loss: 0.933 | Teacher Test Acc: 72.800 | Student Test Loss: 1.272 | Student Test Acc: 64.840 | Teacher Test F1: 0.728 | Student Test F1: 0.648 | Teacher Top 5 Accuracy: 0.938 | Student Top 5 Accuracy: 0.894 | Time: 2.469 | 
Running student landscape probe...
[adalrs] epoch=48 decision=fallback_cosine_clamp best_lr=0.100000 cosine_lr=0.096396 improvement=0.000000 next_student_lr=0.067477
[Train] Epoch: 49 | Teacher lr=0.0955 | Teacher Loss: 0.665 | Teacher Train Acc: 89.944 | Student lr=0.0675 | Student Train Acc: 80.436 | Time: 137.234 |
[Eval] Epoch: 49 | Teacher Test Loss: 0.920 | Teacher Test Acc: 73.220 | Student Test Loss: 1.270 | Student Test Acc: 65.610 | Teacher Test F1: 0.732 | Student Test F1: 0.657 | Teacher Top 5 Accuracy: 0.938 | Student Top 5 Accuracy: 0.897 | Time: 2.483 | 
Running student landscape probe...
[adalrs] epoch=49 decision=fallback_cosine_clamp best_lr=0.100000 cosine_lr=0.081584 improvement=0.000000 next_student_lr=0.057109
[Train] Epoch: 50 | Teacher lr=0.0807 | Teacher Loss: 0.628 | Teacher Train Acc: 91.440 | Student lr=0.0571 | Student Train Acc: 81.420 | Time: 136.962 |
[Eval] Epoch: 50 | Teacher Test Loss: 0.922 | Teacher Test Acc: 72.710 | Student Test Loss: 1.260 | Student Test Acc: 65.400 | Teacher Test F1: 0.727 | Student Test F1: 0.652 | Teacher Top 5 Accuracy: 0.938 | Student Top 5 Accuracy: 0.898 | Time: 2.481 | 
Running student landscape probe...
[adalrs] epoch=50 decision=accept_probe best_lr=0.100000 cosine_lr=0.067920 improvement=0.023317 next_student_lr=0.100000
[Train] Epoch: 51 | Teacher lr=0.0670 | Teacher Loss: 0.655 | Teacher Train Acc: 92.582 | Student lr=0.1000 | Student Train Acc: 78.658 | Time: 138.507 |
[Eval] Epoch: 51 | Teacher Test Loss: 0.885 | Teacher Test Acc: 74.090 | Student Test Loss: 1.340 | Student Test Acc: 62.950 | Teacher Test F1: 0.740 | Student Test F1: 0.628 | Teacher Top 5 Accuracy: 0.939 | Student Top 5 Accuracy: 0.889 | Time: 2.467 | 
Running student landscape probe...
[adalrs] epoch=51 decision=fallback_cosine_clamp best_lr=0.050000 cosine_lr=0.055442 improvement=0.000000 next_student_lr=0.038810
[Train] Epoch: 52 | Teacher lr=0.0545 | Teacher Loss: 0.555 | Teacher Train Acc: 93.720 | Student lr=0.0388 | Student Train Acc: 82.448 | Time: 138.264 |
[Eval] Epoch: 52 | Teacher Test Loss: 0.881 | Teacher Test Acc: 74.270 | Student Test Loss: 1.190 | Student Test Acc: 67.310 | Teacher Test F1: 0.743 | Student Test F1: 0.672 | Teacher Top 5 Accuracy: 0.941 | Student Top 5 Accuracy: 0.908 | Time: 2.467 | 
Running student landscape probe...
[adalrs] epoch=52 decision=fallback_cosine_clamp best_lr=0.050000 cosine_lr=0.044184 improvement=0.000000 next_student_lr=0.030929
[Train] Epoch: 53 | Teacher lr=0.0432 | Teacher Loss: 0.518 | Teacher Train Acc: 94.594 | Student lr=0.0309 | Student Train Acc: 84.052 | Time: 137.507 |
[Eval] Epoch: 53 | Teacher Test Loss: 0.862 | Teacher Test Acc: 74.680 | Student Test Loss: 1.172 | Student Test Acc: 67.640 | Teacher Test F1: 0.747 | Student Test F1: 0.676 | Teacher Top 5 Accuracy: 0.943 | Student Top 5 Accuracy: 0.911 | Time: 2.456 | 
Running student landscape probe...
[adalrs] epoch=53 decision=accept_probe best_lr=0.050000 cosine_lr=0.034177 improvement=0.009167 next_student_lr=0.050000
[Train] Epoch: 54 | Teacher lr=0.0332 | Teacher Loss: 0.532 | Teacher Train Acc: 95.402 | Student lr=0.0500 | Student Train Acc: 82.722 | Time: 134.850 |
[Eval] Epoch: 54 | Teacher Test Loss: 0.862 | Teacher Test Acc: 74.560 | Student Test Loss: 1.324 | Student Test Acc: 64.710 | Teacher Test F1: 0.746 | Student Test F1: 0.643 | Teacher Top 5 Accuracy: 0.942 | Student Top 5 Accuracy: 0.892 | Time: 2.475 | 
Running student landscape probe...
[adalrs] epoch=54 decision=fallback_cosine_clamp best_lr=0.025000 cosine_lr=0.025447 improvement=0.000000 next_student_lr=0.017813
[Train] Epoch: 55 | Teacher lr=0.0245 | Teacher Loss: 0.468 | Teacher Train Acc: 95.936 | Student lr=0.0178 | Student Train Acc: 85.614 | Time: 138.565 |
[Eval] Epoch: 55 | Teacher Test Loss: 0.855 | Teacher Test Acc: 74.820 | Student Test Loss: 1.148 | Student Test Acc: 68.490 | Teacher Test F1: 0.748 | Student Test F1: 0.685 | Teacher Top 5 Accuracy: 0.943 | Student Top 5 Accuracy: 0.914 | Time: 2.304 | 
Running student landscape probe...
[adalrs] epoch=55 decision=fallback_cosine_clamp best_lr=0.025000 cosine_lr=0.018020 improvement=0.000000 next_student_lr=0.012614
[Train] Epoch: 56 | Teacher lr=0.0170 | Teacher Loss: 0.444 | Teacher Train Acc: 96.406 | Student lr=0.0126 | Student Train Acc: 86.732 | Time: 136.638 |
[Eval] Epoch: 56 | Teacher Test Loss: 0.851 | Teacher Test Acc: 75.330 | Student Test Loss: 1.153 | Student Test Acc: 68.930 | Teacher Test F1: 0.754 | Student Test F1: 0.689 | Teacher Top 5 Accuracy: 0.945 | Student Top 5 Accuracy: 0.914 | Time: 2.287 | 
Running student landscape probe...
[adalrs] epoch=56 decision=fallback_cosine_clamp best_lr=0.010000 cosine_lr=0.011915 improvement=0.000000 next_student_lr=0.008341
[Train] Epoch: 57 | Teacher lr=0.0109 | Teacher Loss: 0.424 | Teacher Train Acc: 96.884 | Student lr=0.0083 | Student Train Acc: 87.476 | Time: 137.731 |
[Eval] Epoch: 57 | Teacher Test Loss: 0.846 | Teacher Test Acc: 75.270 | Student Test Loss: 1.145 | Student Test Acc: 69.060 | Teacher Test F1: 0.753 | Student Test F1: 0.689 | Teacher Top 5 Accuracy: 0.944 | Student Top 5 Accuracy: 0.914 | Time: 2.283 | 
Running student landscape probe...
[adalrs] epoch=57 decision=fallback_cosine_clamp best_lr=0.010000 cosine_lr=0.007150 improvement=0.000000 next_student_lr=0.005005
[Train] Epoch: 58 | Teacher lr=0.0062 | Teacher Loss: 0.410 | Teacher Train Acc: 97.168 | Student lr=0.0050 | Student Train Acc: 87.996 | Time: 136.934 |
[Eval] Epoch: 58 | Teacher Test Loss: 0.849 | Teacher Test Acc: 75.140 | Student Test Loss: 1.139 | Student Test Acc: 69.180 | Teacher Test F1: 0.751 | Student Test F1: 0.691 | Teacher Top 5 Accuracy: 0.944 | Student Top 5 Accuracy: 0.915 | Time: 2.556 | 
Running student landscape probe...
[adalrs] epoch=58 decision=accept_probe best_lr=0.300000 cosine_lr=0.003736 improvement=0.107679 next_student_lr=0.300000
[Train] Epoch: 59 | Teacher lr=0.0027 | Teacher Loss: 0.888 | Teacher Train Acc: 97.184 | Student lr=0.3000 | Student Train Acc: 65.150 | Time: 138.456 |
[Eval] Epoch: 59 | Teacher Test Loss: 0.863 | Teacher Test Acc: 74.760 | Student Test Loss: 1.750 | Student Test Acc: 54.920 | Teacher Test F1: 0.748 | Student Test F1: 0.543 | Teacher Top 5 Accuracy: 0.943 | Student Top 5 Accuracy: 0.835 | Time: 2.666 | 
Running student landscape probe...
[adalrs] epoch=59 decision=fallback_cosine_clamp best_lr=0.001000 cosine_lr=0.001685 improvement=0.000000 next_student_lr=0.001179
[Train] Epoch: 60 | Teacher lr=0.0007 | Teacher Loss: 0.614 | Teacher Train Acc: 97.188 | Student lr=0.0012 | Student Train Acc: 73.374 | Time: 138.444 |
[Eval] Epoch: 60 | Teacher Test Loss: 0.860 | Teacher Test Acc: 74.810 | Student Test Loss: 1.181 | Student Test Acc: 66.580 | Teacher Test F1: 0.748 | Student Test F1: 0.665 | Teacher Top 5 Accuracy: 0.943 | Student Top 5 Accuracy: 0.908 | Time: 2.529 | 
Running student landscape probe...
[adalrs] epoch=60 decision=fallback_cosine_clamp best_lr=0.001000 cosine_lr=0.001000 improvement=0.000000 next_student_lr=0.001000
ckpt location: ckpt/sota_adalrs_stars/adalrs_default_seed3_60ep.pt
