/home/jovyan/.mlspace/envs/egy_llm/lib/python3.11/site-packages/torchvision/datasets/cifar.py:83: VisibleDeprecationWarning: dtype(): align should be passed as Python or NumPy boolean but got `align=0`. Did you mean to pass a tuple to create a subarray type? (Deprecated NumPy 2.4)
  entry = pickle.load(f, encoding="latin1")
depth_list: [110, 20]
Dataset information: cifar100	 50000 images for training 	 10000 images for testing	
teacher depth: 110
student depth: 20
Total number of teacher parameters: 1,169,972
Total number of student parameters: 278,132
Snapshots will be saved to: snapshots/sota_adalrs_stars/adalrs_narrow_safe_seed3_60ep
==== train and evaluate unequal restart ====
[scheduler] AdaLRS active init_lr=0.01 alpha=0.7 beta=1.3 margin=0.001 clamp=0.8
[Eval] Epoch: 0 | Teacher Test Loss: 9743.739 | Teacher Test Acc: 1.130 | Student Test Loss: 5.207 | Student Test Acc: 1.000 | Teacher Test F1: 0.001 | Student Test F1: 0.000 | Teacher Top 5 Accuracy: 0.048 | Student Top 5 Accuracy: 0.047 | Time: 3.253 | 
Running student landscape probe...
[Train] Epoch: 1 | Teacher lr=1.0000 | Teacher Loss: 4.119 | Teacher Train Acc: 7.940 | Student lr=0.0100 | Student Train Acc: 6.788 | Time: 138.769 |
[Eval] Epoch: 1 | Teacher Test Loss: 3.714 | Teacher Test Acc: 12.030 | Student Test Loss: 3.835 | Student Test Acc: 10.450 | Teacher Test F1: 0.083 | Student Test F1: 0.069 | Teacher Top 5 Accuracy: 0.364 | Student Top 5 Accuracy: 0.314 | Time: 2.416 | 
Running student landscape probe...
[adalrs] epoch=1 decision=warmup_cosine best_lr=0.999315 cosine_lr=0.999315 improvement=0.000000 next_student_lr=0.999315
[Train] Epoch: 2 | Teacher lr=0.9993 | Teacher Loss: 3.465 | Teacher Train Acc: 19.820 | Student lr=0.9993 | Student Train Acc: 16.658 | Time: 135.561 |
[Eval] Epoch: 2 | Teacher Test Loss: 3.678 | Teacher Test Acc: 15.950 | Student Test Loss: 3.286 | Student Test Acc: 20.280 | Teacher Test F1: 0.135 | Student Test F1: 0.193 | Teacher Top 5 Accuracy: 0.438 | Student Top 5 Accuracy: 0.494 | Time: 2.470 | 
Running student landscape probe...
[adalrs] epoch=2 decision=warmup_cosine best_lr=0.997264 cosine_lr=0.997264 improvement=0.000000 next_student_lr=0.997264
[Train] Epoch: 3 | Teacher lr=0.9973 | Teacher Loss: 2.897 | Teacher Train Acc: 31.184 | Student lr=0.9973 | Student Train Acc: 38.266 | Time: 135.543 |
[Eval] Epoch: 3 | Teacher Test Loss: 3.516 | Teacher Test Acc: 21.920 | Student Test Loss: 3.317 | Student Test Acc: 22.370 | Teacher Test F1: 0.198 | Student Test F1: 0.230 | Teacher Top 5 Accuracy: 0.507 | Student Top 5 Accuracy: 0.553 | Time: 2.422 | 
Running student landscape probe...
[adalrs] epoch=3 decision=warmup_cosine best_lr=0.993850 cosine_lr=0.993850 improvement=0.000000 next_student_lr=0.993850
[Train] Epoch: 4 | Teacher lr=0.9938 | Teacher Loss: 2.606 | Teacher Train Acc: 38.192 | Student lr=0.9939 | Student Train Acc: 45.888 | Time: 137.683 |
[Eval] Epoch: 4 | Teacher Test Loss: 2.446 | Teacher Test Acc: 35.140 | Student Test Loss: 3.788 | Student Test Acc: 23.840 | Teacher Test F1: 0.340 | Student Test F1: 0.235 | Teacher Top 5 Accuracy: 0.682 | Student Top 5 Accuracy: 0.520 | Time: 2.410 | 
Running student landscape probe...
[adalrs] epoch=4 decision=warmup_cosine best_lr=0.989085 cosine_lr=0.989085 improvement=0.000000 next_student_lr=0.989085
[Train] Epoch: 5 | Teacher lr=0.9891 | Teacher Loss: 2.319 | Teacher Train Acc: 44.490 | Student lr=0.9891 | Student Train Acc: 50.626 | Time: 135.437 |
[Eval] Epoch: 5 | Teacher Test Loss: 2.385 | Teacher Test Acc: 37.790 | Student Test Loss: 2.522 | Student Test Acc: 35.820 | Teacher Test F1: 0.374 | Student Test F1: 0.342 | Teacher Top 5 Accuracy: 0.709 | Student Top 5 Accuracy: 0.679 | Time: 2.477 | 
Running student landscape probe...
[adalrs] epoch=5 decision=warmup_cosine best_lr=0.982980 cosine_lr=0.982980 improvement=0.000000 next_student_lr=0.982980
[Train] Epoch: 6 | Teacher lr=0.9830 | Teacher Loss: 2.178 | Teacher Train Acc: 48.152 | Student lr=0.9830 | Student Train Acc: 53.244 | Time: 135.502 |
[Eval] Epoch: 6 | Teacher Test Loss: 2.193 | Teacher Test Acc: 41.840 | Student Test Loss: 2.302 | Student Test Acc: 39.140 | Teacher Test F1: 0.419 | Student Test F1: 0.384 | Teacher Top 5 Accuracy: 0.733 | Student Top 5 Accuracy: 0.719 | Time: 2.484 | 
Running student landscape probe...
[adalrs] epoch=6 decision=accept_probe best_lr=1.200000 cosine_lr=0.975553 improvement=0.006547 next_student_lr=1.200000
[Train] Epoch: 7 | Teacher lr=0.9755 | Teacher Loss: 2.078 | Teacher Train Acc: 51.020 | Student lr=1.2000 | Student Train Acc: 53.402 | Time: 136.260 |
[Eval] Epoch: 7 | Teacher Test Loss: 2.223 | Teacher Test Acc: 41.410 | Student Test Loss: 2.908 | Student Test Acc: 32.920 | Teacher Test F1: 0.405 | Student Test F1: 0.320 | Teacher Top 5 Accuracy: 0.745 | Student Top 5 Accuracy: 0.625 | Time: 2.593 | 
Running student landscape probe...
[adalrs] epoch=7 decision=accept_probe best_lr=1.200000 cosine_lr=0.966823 improvement=0.011140 next_student_lr=1.200000
[Train] Epoch: 8 | Teacher lr=0.9668 | Teacher Loss: 2.000 | Teacher Train Acc: 53.026 | Student lr=1.2000 | Student Train Acc: 54.546 | Time: 137.571 |
[Eval] Epoch: 8 | Teacher Test Loss: 1.911 | Teacher Test Acc: 47.840 | Student Test Loss: 2.226 | Student Test Acc: 41.310 | Teacher Test F1: 0.476 | Student Test F1: 0.407 | Teacher Top 5 Accuracy: 0.796 | Student Top 5 Accuracy: 0.740 | Time: 2.595 | 
Running student landscape probe...
[adalrs] epoch=8 decision=accept_probe best_lr=1.200000 cosine_lr=0.956816 improvement=0.005952 next_student_lr=1.200000
[Train] Epoch: 9 | Teacher lr=0.9568 | Teacher Loss: 1.973 | Teacher Train Acc: 54.040 | Student lr=1.2000 | Student Train Acc: 55.232 | Time: 135.534 |
[Eval] Epoch: 9 | Teacher Test Loss: 3.038 | Teacher Test Acc: 28.700 | Student Test Loss: 2.490 | Student Test Acc: 35.840 | Teacher Test F1: 0.270 | Student Test F1: 0.345 | Teacher Top 5 Accuracy: 0.612 | Student Top 5 Accuracy: 0.681 | Time: 2.551 | 
Running student landscape probe...
[adalrs] epoch=9 decision=accept_probe best_lr=1.200000 cosine_lr=0.945558 improvement=0.018080 next_student_lr=1.200000
[Train] Epoch: 10 | Teacher lr=0.9455 | Teacher Loss: 1.986 | Teacher Train Acc: 53.904 | Student lr=1.2000 | Student Train Acc: 55.478 | Time: 137.307 |
[Eval] Epoch: 10 | Teacher Test Loss: 1.630 | Teacher Test Acc: 54.360 | Student Test Loss: 2.612 | Student Test Acc: 37.300 | Teacher Test F1: 0.538 | Student Test F1: 0.378 | Teacher Top 5 Accuracy: 0.839 | Student Top 5 Accuracy: 0.692 | Time: 2.405 | 
Running student landscape probe...
[adalrs] epoch=10 decision=rising_loss_clamp best_lr=1.200000 cosine_lr=0.933080 improvement=0.006674 next_student_lr=0.746464
[Train] Epoch: 11 | Teacher lr=0.9330 | Teacher Loss: 1.788 | Teacher Train Acc: 57.710 | Student lr=0.7465 | Student Train Acc: 60.298 | Time: 138.749 |
[Eval] Epoch: 11 | Teacher Test Loss: 1.919 | Teacher Test Acc: 48.400 | Student Test Loss: 2.281 | Student Test Acc: 41.150 | Teacher Test F1: 0.472 | Student Test F1: 0.404 | Teacher Top 5 Accuracy: 0.792 | Student Top 5 Accuracy: 0.734 | Time: 2.400 | 
Running student landscape probe...
[adalrs] epoch=11 decision=accept_probe best_lr=1.100000 cosine_lr=0.919416 improvement=0.016847 next_student_lr=1.100000
[Train] Epoch: 12 | Teacher lr=0.9193 | Teacher Loss: 1.783 | Teacher Train Acc: 59.078 | Student lr=1.1000 | Student Train Acc: 57.076 | Time: 137.490 |
[Eval] Epoch: 12 | Teacher Test Loss: 1.619 | Teacher Test Acc: 55.040 | Student Test Loss: 2.575 | Student Test Acc: 37.350 | Teacher Test F1: 0.544 | Student Test F1: 0.364 | Teacher Top 5 Accuracy: 0.841 | Student Top 5 Accuracy: 0.682 | Time: 2.472 | 
Running student landscape probe...
[adalrs] epoch=12 decision=accept_probe best_lr=1.100000 cosine_lr=0.904604 improvement=0.010912 next_student_lr=1.100000
[Train] Epoch: 13 | Teacher lr=0.9045 | Teacher Loss: 1.744 | Teacher Train Acc: 59.872 | Student lr=1.1000 | Student Train Acc: 57.788 | Time: 136.697 |
[Eval] Epoch: 13 | Teacher Test Loss: 1.807 | Teacher Test Acc: 50.490 | Student Test Loss: 2.198 | Student Test Acc: 42.860 | Teacher Test F1: 0.510 | Student Test F1: 0.420 | Teacher Top 5 Accuracy: 0.817 | Student Top 5 Accuracy: 0.756 | Time: 2.372 | 
Running student landscape probe...
[adalrs] epoch=13 decision=accept_probe best_lr=1.100000 cosine_lr=0.888684 improvement=0.011553 next_student_lr=1.100000
[Train] Epoch: 14 | Teacher lr=0.8886 | Teacher Loss: 1.725 | Teacher Train Acc: 60.702 | Student lr=1.1000 | Student Train Acc: 58.322 | Time: 136.503 |
[Eval] Epoch: 14 | Teacher Test Loss: 1.688 | Teacher Test Acc: 52.820 | Student Test Loss: 2.558 | Student Test Acc: 38.280 | Teacher Test F1: 0.524 | Student Test F1: 0.389 | Teacher Top 5 Accuracy: 0.841 | Student Top 5 Accuracy: 0.720 | Time: 2.216 | 
Running student landscape probe...
[adalrs] epoch=14 decision=accept_probe best_lr=1.100000 cosine_lr=0.871701 improvement=0.007938 next_student_lr=1.100000
[Train] Epoch: 15 | Teacher lr=0.8716 | Teacher Loss: 1.708 | Teacher Train Acc: 61.356 | Student lr=1.1000 | Student Train Acc: 58.624 | Time: 137.596 |
[Eval] Epoch: 15 | Teacher Test Loss: 1.972 | Teacher Test Acc: 47.000 | Student Test Loss: 2.510 | Student Test Acc: 38.300 | Teacher Test F1: 0.468 | Student Test F1: 0.391 | Teacher Top 5 Accuracy: 0.784 | Student Top 5 Accuracy: 0.719 | Time: 2.161 | 
Running student landscape probe...
[adalrs] epoch=15 decision=accept_probe best_lr=1.100000 cosine_lr=0.853700 improvement=0.019228 next_student_lr=1.100000
[Train] Epoch: 16 | Teacher lr=0.8536 | Teacher Loss: 1.679 | Teacher Train Acc: 62.084 | Student lr=1.1000 | Student Train Acc: 58.942 | Time: 137.167 |
[Eval] Epoch: 16 | Teacher Test Loss: 1.689 | Teacher Test Acc: 53.320 | Student Test Loss: 2.375 | Student Test Acc: 40.990 | Teacher Test F1: 0.530 | Student Test F1: 0.399 | Teacher Top 5 Accuracy: 0.837 | Student Top 5 Accuracy: 0.713 | Time: 2.368 | 
Running student landscape probe...
[adalrs] epoch=16 decision=accept_probe best_lr=1.000000 cosine_lr=0.834731 improvement=0.008752 next_student_lr=1.000000
[Train] Epoch: 17 | Teacher lr=0.8346 | Teacher Loss: 1.640 | Teacher Train Acc: 63.038 | Student lr=1.0000 | Student Train Acc: 59.776 | Time: 137.531 |
[Eval] Epoch: 17 | Teacher Test Loss: 1.592 | Teacher Test Acc: 55.150 | Student Test Loss: 2.198 | Student Test Acc: 43.170 | Teacher Test F1: 0.551 | Student Test F1: 0.436 | Teacher Top 5 Accuracy: 0.852 | Student Top 5 Accuracy: 0.763 | Time: 2.541 | 
Running student landscape probe...
[adalrs] epoch=17 decision=accept_probe best_lr=1.000000 cosine_lr=0.814846 improvement=0.011609 next_student_lr=1.000000
[Train] Epoch: 18 | Teacher lr=0.8147 | Teacher Loss: 1.618 | Teacher Train Acc: 63.548 | Student lr=1.0000 | Student Train Acc: 59.676 | Time: 135.541 |
[Eval] Epoch: 18 | Teacher Test Loss: 1.759 | Teacher Test Acc: 51.700 | Student Test Loss: 2.330 | Student Test Acc: 42.160 | Teacher Test F1: 0.518 | Student Test F1: 0.419 | Teacher Top 5 Accuracy: 0.824 | Student Top 5 Accuracy: 0.743 | Time: 2.491 | 
Running student landscape probe...
[adalrs] epoch=18 decision=accept_probe best_lr=1.000000 cosine_lr=0.794099 improvement=0.012383 next_student_lr=1.000000
[Train] Epoch: 19 | Teacher lr=0.7939 | Teacher Loss: 1.594 | Teacher Train Acc: 64.306 | Student lr=1.0000 | Student Train Acc: 59.844 | Time: 135.422 |
[Eval] Epoch: 19 | Teacher Test Loss: 1.520 | Teacher Test Acc: 56.830 | Student Test Loss: 2.313 | Student Test Acc: 42.450 | Teacher Test F1: 0.565 | Student Test F1: 0.428 | Teacher Top 5 Accuracy: 0.864 | Student Top 5 Accuracy: 0.747 | Time: 2.499 | 
Running student landscape probe...
[adalrs] epoch=19 decision=accept_probe best_lr=1.000000 cosine_lr=0.772547 improvement=0.015665 next_student_lr=1.000000
[Train] Epoch: 20 | Teacher lr=0.7723 | Teacher Loss: 1.582 | Teacher Train Acc: 64.694 | Student lr=1.0000 | Student Train Acc: 59.818 | Time: 137.868 |
[Eval] Epoch: 20 | Teacher Test Loss: 1.744 | Teacher Test Acc: 51.570 | Student Test Loss: 2.345 | Student Test Acc: 41.010 | Teacher Test F1: 0.513 | Student Test F1: 0.402 | Teacher Top 5 Accuracy: 0.821 | Student Top 5 Accuracy: 0.724 | Time: 2.447 | 
Running student landscape probe...
[adalrs] epoch=20 decision=accept_probe best_lr=0.900000 cosine_lr=0.750250 improvement=0.010584 next_student_lr=0.900000
[Train] Epoch: 21 | Teacher lr=0.7500 | Teacher Loss: 1.543 | Teacher Train Acc: 65.254 | Student lr=0.9000 | Student Train Acc: 61.152 | Time: 138.390 |
[Eval] Epoch: 21 | Teacher Test Loss: 1.469 | Teacher Test Acc: 58.970 | Student Test Loss: 2.395 | Student Test Acc: 41.100 | Teacher Test F1: 0.583 | Student Test F1: 0.407 | Teacher Top 5 Accuracy: 0.869 | Student Top 5 Accuracy: 0.729 | Time: 2.425 | 
Running student landscape probe...
[adalrs] epoch=21 decision=rising_loss_clamp best_lr=0.900000 cosine_lr=0.727268 improvement=0.009848 next_student_lr=0.581815
[Train] Epoch: 22 | Teacher lr=0.7270 | Teacher Loss: 1.493 | Teacher Train Acc: 65.736 | Student lr=0.5818 | Student Train Acc: 64.886 | Time: 135.933 |
[Eval] Epoch: 22 | Teacher Test Loss: 1.461 | Teacher Test Acc: 58.240 | Student Test Loss: 1.825 | Student Test Acc: 50.900 | Teacher Test F1: 0.584 | Student Test F1: 0.510 | Teacher Top 5 Accuracy: 0.866 | Student Top 5 Accuracy: 0.820 | Time: 2.291 | 
Running student landscape probe...
[adalrs] epoch=22 decision=accept_probe best_lr=0.900000 cosine_lr=0.703665 improvement=0.008157 next_student_lr=0.900000
[Train] Epoch: 23 | Teacher lr=0.7034 | Teacher Loss: 1.505 | Teacher Train Acc: 67.178 | Student lr=0.9000 | Student Train Acc: 61.056 | Time: 137.528 |
[Eval] Epoch: 23 | Teacher Test Loss: 1.371 | Teacher Test Acc: 60.930 | Student Test Loss: 2.125 | Student Test Acc: 45.630 | Teacher Test F1: 0.607 | Student Test F1: 0.455 | Teacher Top 5 Accuracy: 0.879 | Student Top 5 Accuracy: 0.769 | Time: 2.293 | 
Running student landscape probe...
[adalrs] epoch=23 decision=accept_probe best_lr=0.800000 cosine_lr=0.679505 improvement=0.006169 next_student_lr=0.800000
[Train] Epoch: 24 | Teacher lr=0.6792 | Teacher Loss: 1.467 | Teacher Train Acc: 67.680 | Student lr=0.8000 | Student Train Acc: 62.628 | Time: 135.950 |
[Eval] Epoch: 24 | Teacher Test Loss: 1.418 | Teacher Test Acc: 60.090 | Student Test Loss: 2.135 | Student Test Acc: 45.570 | Teacher Test F1: 0.600 | Student Test F1: 0.458 | Teacher Top 5 Accuracy: 0.868 | Student Top 5 Accuracy: 0.765 | Time: 2.317 | 
Running student landscape probe...
[adalrs] epoch=24 decision=rising_loss_clamp best_lr=0.800000 cosine_lr=0.654854 improvement=0.003438 next_student_lr=0.523883
[Train] Epoch: 25 | Teacher lr=0.6545 | Teacher Loss: 1.420 | Teacher Train Acc: 67.748 | Student lr=0.5239 | Student Train Acc: 66.160 | Time: 136.290 |
[Eval] Epoch: 25 | Teacher Test Loss: 1.504 | Teacher Test Acc: 58.050 | Student Test Loss: 1.814 | Student Test Acc: 51.610 | Teacher Test F1: 0.584 | Student Test F1: 0.525 | Teacher Top 5 Accuracy: 0.862 | Student Top 5 Accuracy: 0.822 | Time: 2.408 | 
Running student landscape probe...
[adalrs] epoch=25 decision=accept_probe best_lr=0.800000 cosine_lr=0.629780 improvement=0.008171 next_student_lr=0.800000
[Train] Epoch: 26 | Teacher lr=0.6294 | Teacher Loss: 1.439 | Teacher Train Acc: 68.976 | Student lr=0.8000 | Student Train Acc: 62.524 | Time: 137.454 |
[Eval] Epoch: 26 | Teacher Test Loss: 1.385 | Teacher Test Acc: 60.850 | Student Test Loss: 2.133 | Student Test Acc: 44.040 | Teacher Test F1: 0.602 | Student Test F1: 0.449 | Teacher Top 5 Accuracy: 0.872 | Student Top 5 Accuracy: 0.759 | Time: 2.387 | 
Running student landscape probe...
[adalrs] epoch=26 decision=accept_probe best_lr=0.700000 cosine_lr=0.604352 improvement=0.009610 next_student_lr=0.700000
[Train] Epoch: 27 | Teacher lr=0.6040 | Teacher Loss: 1.394 | Teacher Train Acc: 69.570 | Student lr=0.7000 | Student Train Acc: 63.948 | Time: 137.830 |
[Eval] Epoch: 27 | Teacher Test Loss: 1.409 | Teacher Test Acc: 60.310 | Student Test Loss: 1.846 | Student Test Acc: 50.680 | Teacher Test F1: 0.604 | Student Test F1: 0.503 | Teacher Top 5 Accuracy: 0.876 | Student Top 5 Accuracy: 0.822 | Time: 2.406 | 
Running student landscape probe...
[adalrs] epoch=27 decision=accept_probe best_lr=0.700000 cosine_lr=0.578639 improvement=0.003526 next_student_lr=0.700000
[Train] Epoch: 28 | Teacher lr=0.5782 | Teacher Loss: 1.371 | Teacher Train Acc: 70.334 | Student lr=0.7000 | Student Train Acc: 63.918 | Time: 137.043 |
[Eval] Epoch: 28 | Teacher Test Loss: 1.270 | Teacher Test Acc: 63.740 | Student Test Loss: 2.610 | Student Test Acc: 37.560 | Teacher Test F1: 0.638 | Student Test F1: 0.380 | Teacher Top 5 Accuracy: 0.894 | Student Top 5 Accuracy: 0.684 | Time: 2.426 | 
Running student landscape probe...
[adalrs] epoch=28 decision=accept_probe best_lr=0.700000 cosine_lr=0.552712 improvement=0.008144 next_student_lr=0.700000
[Train] Epoch: 29 | Teacher lr=0.5523 | Teacher Loss: 1.350 | Teacher Train Acc: 71.194 | Student lr=0.7000 | Student Train Acc: 64.218 | Time: 141.054 |
[Eval] Epoch: 29 | Teacher Test Loss: 1.304 | Teacher Test Acc: 62.400 | Student Test Loss: 2.037 | Student Test Acc: 47.090 | Teacher Test F1: 0.624 | Student Test F1: 0.478 | Teacher Top 5 Accuracy: 0.891 | Student Top 5 Accuracy: 0.783 | Time: 2.339 | 
Running student landscape probe...
[adalrs] epoch=29 decision=accept_probe best_lr=0.600000 cosine_lr=0.526642 improvement=0.006286 next_student_lr=0.600000
[Train] Epoch: 30 | Teacher lr=0.5262 | Teacher Loss: 1.314 | Teacher Train Acc: 71.646 | Student lr=0.6000 | Student Train Acc: 65.464 | Time: 137.226 |
[Eval] Epoch: 30 | Teacher Test Loss: 1.315 | Teacher Test Acc: 62.040 | Student Test Loss: 2.094 | Student Test Acc: 46.000 | Teacher Test F1: 0.619 | Student Test F1: 0.465 | Teacher Top 5 Accuracy: 0.888 | Student Top 5 Accuracy: 0.774 | Time: 2.373 | 
Running student landscape probe...
[adalrs] epoch=30 decision=accept_probe best_lr=0.600000 cosine_lr=0.500500 improvement=0.007231 next_student_lr=0.600000
[Train] Epoch: 31 | Teacher lr=0.5000 | Teacher Loss: 1.305 | Teacher Train Acc: 72.026 | Student lr=0.6000 | Student Train Acc: 65.494 | Time: 137.319 |
[Eval] Epoch: 31 | Teacher Test Loss: 1.274 | Teacher Test Acc: 63.120 | Student Test Loss: 2.025 | Student Test Acc: 47.120 | Teacher Test F1: 0.632 | Student Test F1: 0.478 | Teacher Top 5 Accuracy: 0.895 | Student Top 5 Accuracy: 0.785 | Time: 2.496 | 
Running student landscape probe...
[adalrs] epoch=31 decision=accept_probe best_lr=0.600000 cosine_lr=0.474358 improvement=0.011096 next_student_lr=0.600000
[Train] Epoch: 32 | Teacher lr=0.4738 | Teacher Loss: 1.278 | Teacher Train Acc: 73.112 | Student lr=0.6000 | Student Train Acc: 65.986 | Time: 138.477 |
[Eval] Epoch: 32 | Teacher Test Loss: 1.315 | Teacher Test Acc: 63.180 | Student Test Loss: 1.873 | Student Test Acc: 50.490 | Teacher Test F1: 0.634 | Student Test F1: 0.502 | Teacher Top 5 Accuracy: 0.887 | Student Top 5 Accuracy: 0.805 | Time: 2.450 | 
Running student landscape probe...
[adalrs] epoch=32 decision=accept_probe best_lr=0.500000 cosine_lr=0.448288 improvement=0.010213 next_student_lr=0.500000
[Train] Epoch: 33 | Teacher lr=0.4477 | Teacher Loss: 1.231 | Teacher Train Acc: 73.964 | Student lr=0.5000 | Student Train Acc: 67.430 | Time: 137.423 |
[Eval] Epoch: 33 | Teacher Test Loss: 1.275 | Teacher Test Acc: 63.810 | Student Test Loss: 1.892 | Student Test Acc: 49.940 | Teacher Test F1: 0.638 | Student Test F1: 0.506 | Teacher Top 5 Accuracy: 0.892 | Student Top 5 Accuracy: 0.810 | Time: 2.477 | 
Running student landscape probe...
[adalrs] epoch=33 decision=accept_probe best_lr=0.500000 cosine_lr=0.422361 improvement=0.012930 next_student_lr=0.500000
[Train] Epoch: 34 | Teacher lr=0.4218 | Teacher Loss: 1.220 | Teacher Train Acc: 74.272 | Student lr=0.5000 | Student Train Acc: 67.298 | Time: 138.380 |
[Eval] Epoch: 34 | Teacher Test Loss: 1.195 | Teacher Test Acc: 65.440 | Student Test Loss: 1.696 | Student Test Acc: 53.710 | Teacher Test F1: 0.656 | Student Test F1: 0.537 | Teacher Top 5 Accuracy: 0.905 | Student Top 5 Accuracy: 0.840 | Time: 2.465 | 
Running student landscape probe...
[adalrs] epoch=34 decision=accept_probe best_lr=0.500000 cosine_lr=0.396648 improvement=0.011264 next_student_lr=0.500000
[Train] Epoch: 35 | Teacher lr=0.3960 | Teacher Loss: 1.196 | Teacher Train Acc: 75.466 | Student lr=0.5000 | Student Train Acc: 67.222 | Time: 137.382 |
[Eval] Epoch: 35 | Teacher Test Loss: 1.187 | Teacher Test Acc: 66.320 | Student Test Loss: 1.780 | Student Test Acc: 52.520 | Teacher Test F1: 0.661 | Student Test F1: 0.529 | Teacher Top 5 Accuracy: 0.906 | Student Top 5 Accuracy: 0.825 | Time: 2.506 | 
Running student landscape probe...
[adalrs] epoch=35 decision=fallback_cosine_clamp best_lr=0.400000 cosine_lr=0.371220 improvement=0.000000 next_student_lr=0.296976
[Train] Epoch: 36 | Teacher lr=0.3706 | Teacher Loss: 1.124 | Teacher Train Acc: 75.928 | Student lr=0.2970 | Student Train Acc: 71.008 | Time: 137.389 |
[Eval] Epoch: 36 | Teacher Test Loss: 1.176 | Teacher Test Acc: 66.010 | Student Test Loss: 1.531 | Student Test Acc: 57.710 | Teacher Test F1: 0.660 | Student Test F1: 0.576 | Teacher Top 5 Accuracy: 0.906 | Student Top 5 Accuracy: 0.858 | Time: 2.484 | 
Running student landscape probe...
[adalrs] epoch=36 decision=accept_probe best_lr=0.400000 cosine_lr=0.346146 improvement=0.015200 next_student_lr=0.400000
[Train] Epoch: 37 | Teacher lr=0.3455 | Teacher Loss: 1.137 | Teacher Train Acc: 77.012 | Student lr=0.4000 | Student Train Acc: 68.858 | Time: 137.661 |
[Eval] Epoch: 37 | Teacher Test Loss: 1.162 | Teacher Test Acc: 66.290 | Student Test Loss: 1.943 | Student Test Acc: 48.860 | Teacher Test F1: 0.661 | Student Test F1: 0.494 | Teacher Top 5 Accuracy: 0.906 | Student Top 5 Accuracy: 0.798 | Time: 2.338 | 
Running student landscape probe...
[adalrs] epoch=37 decision=accept_probe best_lr=0.400000 cosine_lr=0.321495 improvement=0.010501 next_student_lr=0.400000
[Train] Epoch: 38 | Teacher lr=0.3208 | Teacher Loss: 1.100 | Teacher Train Acc: 78.030 | Student lr=0.4000 | Student Train Acc: 68.996 | Time: 137.530 |
[Eval] Epoch: 38 | Teacher Test Loss: 1.185 | Teacher Test Acc: 66.680 | Student Test Loss: 1.773 | Student Test Acc: 52.970 | Teacher Test F1: 0.667 | Student Test F1: 0.531 | Teacher Top 5 Accuracy: 0.905 | Student Top 5 Accuracy: 0.830 | Time: 2.473 | 
Running student landscape probe...
[adalrs] epoch=38 decision=fallback_cosine_clamp best_lr=0.300000 cosine_lr=0.297335 improvement=0.000000 next_student_lr=0.237868
[Train] Epoch: 39 | Teacher lr=0.2966 | Teacher Loss: 1.022 | Teacher Train Acc: 79.016 | Student lr=0.2379 | Student Train Acc: 73.108 | Time: 139.077 |
[Eval] Epoch: 39 | Teacher Test Loss: 1.123 | Teacher Test Acc: 68.360 | Student Test Loss: 1.388 | Student Test Acc: 61.660 | Teacher Test F1: 0.681 | Student Test F1: 0.615 | Teacher Top 5 Accuracy: 0.914 | Student Top 5 Accuracy: 0.879 | Time: 2.484 | 
Running student landscape probe...
[adalrs] epoch=39 decision=fallback_cosine_clamp best_lr=0.300000 cosine_lr=0.273732 improvement=0.000000 next_student_lr=0.218985
[Train] Epoch: 40 | Teacher lr=0.2730 | Teacher Loss: 0.999 | Teacher Train Acc: 79.806 | Student lr=0.2190 | Student Train Acc: 74.122 | Time: 136.298 |
[Eval] Epoch: 40 | Teacher Test Loss: 1.106 | Teacher Test Acc: 68.550 | Student Test Loss: 1.458 | Student Test Acc: 59.900 | Teacher Test F1: 0.685 | Student Test F1: 0.599 | Teacher Top 5 Accuracy: 0.914 | Student Top 5 Accuracy: 0.874 | Time: 2.449 | 
Running student landscape probe...
[adalrs] epoch=40 decision=fallback_cosine_clamp best_lr=0.300000 cosine_lr=0.250750 improvement=0.000000 next_student_lr=0.200600
[Train] Epoch: 41 | Teacher lr=0.2500 | Teacher Loss: 0.967 | Teacher Train Acc: 80.842 | Student lr=0.2006 | Student Train Acc: 74.650 | Time: 137.482 |
[Eval] Epoch: 41 | Teacher Test Loss: 1.063 | Teacher Test Acc: 69.050 | Student Test Loss: 1.537 | Student Test Acc: 58.860 | Teacher Test F1: 0.691 | Student Test F1: 0.589 | Teacher Top 5 Accuracy: 0.921 | Student Top 5 Accuracy: 0.858 | Time: 2.470 | 
Running student landscape probe...
[adalrs] epoch=41 decision=rising_loss_clamp best_lr=0.200000 cosine_lr=0.228453 improvement=0.000000 next_student_lr=0.182762
[Train] Epoch: 42 | Teacher lr=0.2277 | Teacher Loss: 0.931 | Teacher Train Acc: 82.010 | Student lr=0.1828 | Student Train Acc: 75.394 | Time: 137.735 |
[Eval] Epoch: 42 | Teacher Test Loss: 1.015 | Teacher Test Acc: 70.920 | Student Test Loss: 1.399 | Student Test Acc: 61.250 | Teacher Test F1: 0.709 | Student Test F1: 0.613 | Teacher Top 5 Accuracy: 0.925 | Student Top 5 Accuracy: 0.881 | Time: 2.413 | 
Running student landscape probe...
[adalrs] epoch=42 decision=fallback_cosine_clamp best_lr=0.200000 cosine_lr=0.206901 improvement=0.000000 next_student_lr=0.165521
[Train] Epoch: 43 | Teacher lr=0.2061 | Teacher Loss: 0.894 | Teacher Train Acc: 83.324 | Student lr=0.1655 | Student Train Acc: 75.808 | Time: 137.971 |
[Eval] Epoch: 43 | Teacher Test Loss: 1.022 | Teacher Test Acc: 70.020 | Student Test Loss: 1.549 | Student Test Acc: 58.360 | Teacher Test F1: 0.699 | Student Test F1: 0.582 | Teacher Top 5 Accuracy: 0.924 | Student Top 5 Accuracy: 0.863 | Time: 2.502 | 
Running student landscape probe...
[adalrs] epoch=43 decision=fallback_cosine_clamp best_lr=0.200000 cosine_lr=0.186154 improvement=0.000000 next_student_lr=0.148924
[Train] Epoch: 44 | Teacher lr=0.1853 | Teacher Loss: 0.851 | Teacher Train Acc: 84.772 | Student lr=0.1489 | Student Train Acc: 76.710 | Time: 139.029 |
[Eval] Epoch: 44 | Teacher Test Loss: 1.016 | Teacher Test Acc: 71.020 | Student Test Loss: 1.381 | Student Test Acc: 61.880 | Teacher Test F1: 0.707 | Student Test F1: 0.622 | Teacher Top 5 Accuracy: 0.924 | Student Top 5 Accuracy: 0.882 | Time: 2.488 | 
Running student landscape probe...
[adalrs] epoch=44 decision=fallback_cosine_clamp best_lr=0.200000 cosine_lr=0.166269 improvement=0.000000 next_student_lr=0.133015
[Train] Epoch: 45 | Teacher lr=0.1654 | Teacher Loss: 0.814 | Teacher Train Acc: 85.974 | Student lr=0.1330 | Student Train Acc: 77.516 | Time: 138.785 |
[Eval] Epoch: 45 | Teacher Test Loss: 0.960 | Teacher Test Acc: 72.070 | Student Test Loss: 1.341 | Student Test Acc: 63.020 | Teacher Test F1: 0.720 | Student Test F1: 0.632 | Teacher Top 5 Accuracy: 0.930 | Student Top 5 Accuracy: 0.889 | Time: 2.494 | 
Running student landscape probe...
[adalrs] epoch=45 decision=accept_probe best_lr=0.900000 cosine_lr=0.147300 improvement=0.088033 next_student_lr=0.900000
[Train] Epoch: 46 | Teacher lr=0.1464 | Teacher Loss: 1.709 | Teacher Train Acc: 83.964 | Student lr=0.9000 | Student Train Acc: 12.438 | Time: 139.052 |
[Eval] Epoch: 46 | Teacher Test Loss: 1.163 | Teacher Test Acc: 71.930 | Student Test Loss: 3.793 | Student Test Acc: 12.810 | Teacher Test F1: 0.718 | Student Test F1: 0.092 | Teacher Top 5 Accuracy: 0.923 | Student Top 5 Accuracy: 0.374 | Time: 2.477 | 
Running student landscape probe...
[adalrs] epoch=46 decision=fallback_cosine_clamp best_lr=0.100000 cosine_lr=0.129299 improvement=0.000000 next_student_lr=0.103439
[Train] Epoch: 47 | Teacher lr=0.1284 | Teacher Loss: 1.391 | Teacher Train Acc: 86.962 | Student lr=0.1034 | Student Train Acc: 26.766 | Time: 139.364 |
[Eval] Epoch: 47 | Teacher Test Loss: 1.115 | Teacher Test Acc: 71.900 | Student Test Loss: 2.954 | Student Test Acc: 24.820 | Teacher Test F1: 0.717 | Student Test F1: 0.222 | Teacher Top 5 Accuracy: 0.924 | Student Top 5 Accuracy: 0.572 | Time: 2.492 | 
Running student landscape probe...
[adalrs] epoch=47 decision=fallback_cosine_clamp best_lr=0.100000 cosine_lr=0.112316 improvement=0.000000 next_student_lr=0.089852
[Train] Epoch: 48 | Teacher lr=0.1114 | Teacher Loss: 1.297 | Teacher Train Acc: 88.224 | Student lr=0.0899 | Student Train Acc: 31.684 | Time: 138.348 |
[Eval] Epoch: 48 | Teacher Test Loss: 1.077 | Teacher Test Acc: 72.590 | Student Test Loss: 2.712 | Student Test Acc: 29.580 | Teacher Test F1: 0.725 | Student Test F1: 0.277 | Teacher Top 5 Accuracy: 0.926 | Student Top 5 Accuracy: 0.632 | Time: 2.460 | 
Running student landscape probe...
[adalrs] epoch=48 decision=fallback_cosine_clamp best_lr=0.100000 cosine_lr=0.096396 improvement=0.000000 next_student_lr=0.077117
[Train] Epoch: 49 | Teacher lr=0.0955 | Teacher Loss: 1.211 | Teacher Train Acc: 89.392 | Student lr=0.0771 | Student Train Acc: 37.262 | Time: 137.564 |
[Eval] Epoch: 49 | Teacher Test Loss: 1.026 | Teacher Test Acc: 73.610 | Student Test Loss: 2.428 | Student Test Acc: 35.510 | Teacher Test F1: 0.736 | Student Test F1: 0.333 | Teacher Top 5 Accuracy: 0.930 | Student Top 5 Accuracy: 0.688 | Time: 2.900 | 
Running student landscape probe...
[adalrs] epoch=49 decision=fallback_cosine_clamp best_lr=0.100000 cosine_lr=0.081584 improvement=0.000000 next_student_lr=0.065267
[Train] Epoch: 50 | Teacher lr=0.0807 | Teacher Loss: 1.143 | Teacher Train Acc: 90.422 | Student lr=0.0653 | Student Train Acc: 41.182 | Time: 136.043 |
[Eval] Epoch: 50 | Teacher Test Loss: 1.013 | Teacher Test Acc: 73.860 | Student Test Loss: 2.310 | Student Test Acc: 38.760 | Teacher Test F1: 0.739 | Student Test F1: 0.369 | Teacher Top 5 Accuracy: 0.930 | Student Top 5 Accuracy: 0.714 | Time: 2.394 | 
Running student landscape probe...
[adalrs] epoch=50 decision=fallback_cosine_clamp best_lr=0.050000 cosine_lr=0.067920 improvement=0.000000 next_student_lr=0.054336
[Train] Epoch: 51 | Teacher lr=0.0670 | Teacher Loss: 1.082 | Teacher Train Acc: 91.472 | Student lr=0.0543 | Student Train Acc: 44.628 | Time: 137.382 |
[Eval] Epoch: 51 | Teacher Test Loss: 1.007 | Teacher Test Acc: 73.400 | Student Test Loss: 2.227 | Student Test Acc: 41.220 | Teacher Test F1: 0.734 | Student Test F1: 0.402 | Teacher Top 5 Accuracy: 0.931 | Student Top 5 Accuracy: 0.731 | Time: 2.455 | 
Running student landscape probe...
[adalrs] epoch=51 decision=fallback_cosine_clamp best_lr=0.050000 cosine_lr=0.055442 improvement=0.000000 next_student_lr=0.044354
[Train] Epoch: 52 | Teacher lr=0.0545 | Teacher Loss: 1.029 | Teacher Train Acc: 92.304 | Student lr=0.0444 | Student Train Acc: 47.712 | Time: 138.352 |
[Eval] Epoch: 52 | Teacher Test Loss: 0.990 | Teacher Test Acc: 73.710 | Student Test Loss: 2.103 | Student Test Acc: 43.700 | Teacher Test F1: 0.736 | Student Test F1: 0.429 | Teacher Top 5 Accuracy: 0.931 | Student Top 5 Accuracy: 0.757 | Time: 2.450 | 
Running student landscape probe...
[adalrs] epoch=52 decision=fallback_cosine_clamp best_lr=0.050000 cosine_lr=0.044184 improvement=0.000000 next_student_lr=0.035347
[Train] Epoch: 53 | Teacher lr=0.0432 | Teacher Loss: 0.979 | Teacher Train Acc: 92.950 | Student lr=0.0353 | Student Train Acc: 50.526 | Time: 136.933 |
[Eval] Epoch: 53 | Teacher Test Loss: 0.971 | Teacher Test Acc: 74.080 | Student Test Loss: 2.010 | Student Test Acc: 45.700 | Teacher Test F1: 0.740 | Student Test F1: 0.448 | Teacher Top 5 Accuracy: 0.932 | Student Top 5 Accuracy: 0.774 | Time: 2.407 | 
Running student landscape probe...
[adalrs] epoch=53 decision=fallback_cosine_clamp best_lr=0.025000 cosine_lr=0.034177 improvement=0.000000 next_student_lr=0.027341
[Train] Epoch: 54 | Teacher lr=0.0332 | Teacher Loss: 0.937 | Teacher Train Acc: 93.840 | Student lr=0.0273 | Student Train Acc: 52.786 | Time: 137.481 |
[Eval] Epoch: 54 | Teacher Test Loss: 0.959 | Teacher Test Acc: 74.540 | Student Test Loss: 1.919 | Student Test Acc: 47.640 | Teacher Test F1: 0.745 | Student Test F1: 0.469 | Teacher Top 5 Accuracy: 0.934 | Student Top 5 Accuracy: 0.789 | Time: 2.420 | 
Running student landscape probe...
[adalrs] epoch=54 decision=fallback_cosine_clamp best_lr=0.025000 cosine_lr=0.025447 improvement=0.000000 next_student_lr=0.020358
[Train] Epoch: 55 | Teacher lr=0.0245 | Teacher Loss: 0.901 | Teacher Train Acc: 94.630 | Student lr=0.0204 | Student Train Acc: 54.508 | Time: 138.598 |
[Eval] Epoch: 55 | Teacher Test Loss: 0.953 | Teacher Test Acc: 74.220 | Student Test Loss: 1.858 | Student Test Acc: 49.360 | Teacher Test F1: 0.742 | Student Test F1: 0.486 | Teacher Top 5 Accuracy: 0.933 | Student Top 5 Accuracy: 0.802 | Time: 2.433 | 
Running student landscape probe...
[adalrs] epoch=55 decision=accept_probe best_lr=0.200000 cosine_lr=0.018020 improvement=0.035633 next_student_lr=0.200000
[Train] Epoch: 56 | Teacher lr=0.0170 | Teacher Loss: 1.007 | Teacher Train Acc: 95.308 | Student lr=0.2000 | Student Train Acc: 46.110 | Time: 137.083 |
[Eval] Epoch: 56 | Teacher Test Loss: 0.962 | Teacher Test Acc: 74.920 | Student Test Loss: 2.437 | Student Test Acc: 36.960 | Teacher Test F1: 0.749 | Student Test F1: 0.355 | Teacher Top 5 Accuracy: 0.934 | Student Top 5 Accuracy: 0.700 | Time: 2.471 | 
Running student landscape probe...
[adalrs] epoch=56 decision=fallback_cosine_clamp best_lr=0.010000 cosine_lr=0.011915 improvement=0.000000 next_student_lr=0.009532
[Train] Epoch: 57 | Teacher lr=0.0109 | Teacher Loss: 0.851 | Teacher Train Acc: 95.520 | Student lr=0.0095 | Student Train Acc: 55.244 | Time: 138.204 |
[Eval] Epoch: 57 | Teacher Test Loss: 0.937 | Teacher Test Acc: 75.050 | Student Test Loss: 1.731 | Student Test Acc: 52.490 | Teacher Test F1: 0.750 | Student Test F1: 0.516 | Teacher Top 5 Accuracy: 0.934 | Student Top 5 Accuracy: 0.823 | Time: 2.484 | 
Running student landscape probe...
[adalrs] epoch=57 decision=accept_probe best_lr=0.600000 cosine_lr=0.007150 improvement=0.043139 next_student_lr=0.600000
[Train] Epoch: 58 | Teacher lr=0.0062 | Teacher Loss: 1.066 | Teacher Train Acc: 96.102 | Student lr=0.6000 | Student Train Acc: 42.220 | Time: 138.052 |
[Eval] Epoch: 58 | Teacher Test Loss: 0.966 | Teacher Test Acc: 74.960 | Student Test Loss: 2.592 | Student Test Acc: 33.490 | Teacher Test F1: 0.749 | Student Test F1: 0.325 | Teacher Top 5 Accuracy: 0.935 | Student Top 5 Accuracy: 0.672 | Time: 2.484 | 
Running student landscape probe...
[adalrs] epoch=58 decision=accept_probe best_lr=1.500000 cosine_lr=0.003736 improvement=0.158849 next_student_lr=1.500000
[Train] Epoch: 59 | Teacher lr=0.0027 | Teacher Loss: 1.075 | Teacher Train Acc: 96.248 | Student lr=1.5000 | Student Train Acc: 41.372 | Time: 138.525 |
[Eval] Epoch: 59 | Teacher Test Loss: 0.977 | Teacher Test Acc: 74.910 | Student Test Loss: 2.980 | Student Test Acc: 29.660 | Teacher Test F1: 0.748 | Student Test F1: 0.282 | Teacher Top 5 Accuracy: 0.936 | Student Top 5 Accuracy: 0.637 | Time: 2.477 | 
Running student landscape probe...
[adalrs] epoch=59 decision=rising_loss_clamp best_lr=2.500000 cosine_lr=0.001685 improvement=0.152098 next_student_lr=0.001348
[Train] Epoch: 60 | Teacher lr=0.0007 | Teacher Loss: 0.976 | Teacher Train Acc: 96.376 | Student lr=0.0013 | Student Train Acc: 46.610 | Time: 138.412 |
[Eval] Epoch: 60 | Teacher Test Loss: 0.972 | Teacher Test Acc: 75.040 | Student Test Loss: 1.855 | Student Test Acc: 49.050 | Teacher Test F1: 0.749 | Student Test F1: 0.481 | Teacher Top 5 Accuracy: 0.936 | Student Top 5 Accuracy: 0.802 | Time: 2.494 | 
Running student landscape probe...
[adalrs] epoch=60 decision=fallback_cosine_clamp best_lr=0.001000 cosine_lr=0.001000 improvement=0.000000 next_student_lr=0.001000
ckpt location: ckpt/sota_adalrs_stars/adalrs_narrow_safe_seed3_60ep.pt
