/home/jovyan/.mlspace/envs/egy_llm/lib/python3.11/site-packages/torchvision/datasets/cifar.py:83: VisibleDeprecationWarning: dtype(): align should be passed as Python or NumPy boolean but got `align=0`. Did you mean to pass a tuple to create a subarray type? (Deprecated NumPy 2.4)
  entry = pickle.load(f, encoding="latin1")
depth_list: [110, 20]
Dataset information: cifar100	 50000 images for training 	 10000 images for testing	
teacher depth: 110
student depth: 20
Total number of teacher parameters: 1,169,972
Total number of student parameters: 278,132
Snapshots will be saved to: snapshots/sota_adalrs_stars/adalrs_aggressive_seed2_60ep
==== train and evaluate unequal restart ====
[scheduler] AdaLRS active init_lr=0.01 alpha=0.4 beta=1.8 margin=0.0005 clamp=0.9
[Eval] Epoch: 0 | Teacher Test Loss: 11623.433 | Teacher Test Acc: 1.000 | Student Test Loss: 6.044 | Student Test Acc: 1.110 | Teacher Test F1: 0.000 | Student Test F1: 0.000 | Teacher Top 5 Accuracy: 0.049 | Student Top 5 Accuracy: 0.052 | Time: 2.977 | 
Running student landscape probe...
[Train] Epoch: 1 | Teacher lr=1.0000 | Teacher Loss: 4.063 | Teacher Train Acc: 8.968 | Student lr=0.0100 | Student Train Acc: 7.048 | Time: 137.470 |
[Eval] Epoch: 1 | Teacher Test Loss: 3.675 | Teacher Test Acc: 12.070 | Student Test Loss: 3.861 | Student Test Acc: 9.280 | Teacher Test F1: 0.090 | Student Test F1: 0.057 | Teacher Top 5 Accuracy: 0.368 | Student Top 5 Accuracy: 0.303 | Time: 2.655 | 
Running student landscape probe...
[adalrs] epoch=1 decision=warmup_cosine best_lr=0.999315 cosine_lr=0.999315 improvement=0.000000 next_student_lr=0.999315
[Train] Epoch: 2 | Teacher lr=0.9993 | Teacher Loss: 3.460 | Teacher Train Acc: 20.018 | Student lr=0.9993 | Student Train Acc: 16.172 | Time: 134.682 |
[Eval] Epoch: 2 | Teacher Test Loss: 3.487 | Teacher Test Acc: 16.830 | Student Test Loss: 3.220 | Student Test Acc: 20.890 | Teacher Test F1: 0.142 | Student Test F1: 0.193 | Teacher Top 5 Accuracy: 0.451 | Student Top 5 Accuracy: 0.505 | Time: 2.931 | 
Running student landscape probe...
[adalrs] epoch=2 decision=warmup_cosine best_lr=0.997264 cosine_lr=0.997264 improvement=0.000000 next_student_lr=0.997264
[Train] Epoch: 3 | Teacher lr=0.9973 | Teacher Loss: 2.867 | Teacher Train Acc: 31.626 | Student lr=0.9973 | Student Train Acc: 37.678 | Time: 139.241 |
[Eval] Epoch: 3 | Teacher Test Loss: 3.302 | Teacher Test Acc: 21.260 | Student Test Loss: 4.308 | Student Test Acc: 15.330 | Teacher Test F1: 0.186 | Student Test F1: 0.131 | Teacher Top 5 Accuracy: 0.500 | Student Top 5 Accuracy: 0.394 | Time: 2.246 | 
Running student landscape probe...
[adalrs] epoch=3 decision=warmup_cosine best_lr=0.993850 cosine_lr=0.993850 improvement=0.000000 next_student_lr=0.993850
[Train] Epoch: 4 | Teacher lr=0.9938 | Teacher Loss: 2.681 | Teacher Train Acc: 36.760 | Student lr=0.9939 | Student Train Acc: 45.828 | Time: 138.282 |
[Eval] Epoch: 4 | Teacher Test Loss: 2.450 | Teacher Test Acc: 36.220 | Student Test Loss: 2.750 | Student Test Acc: 31.690 | Teacher Test F1: 0.342 | Student Test F1: 0.303 | Teacher Top 5 Accuracy: 0.696 | Student Top 5 Accuracy: 0.640 | Time: 2.422 | 
Running student landscape probe...
[adalrs] epoch=4 decision=accept_probe best_lr=1.500000 cosine_lr=0.989085 improvement=0.014814 next_student_lr=1.500000
[Train] Epoch: 5 | Teacher lr=0.9891 | Teacher Loss: 2.324 | Teacher Train Acc: 44.968 | Student lr=1.5000 | Student Train Acc: 46.184 | Time: 135.796 |
[Eval] Epoch: 5 | Teacher Test Loss: 2.306 | Teacher Test Acc: 40.540 | Student Test Loss: 3.124 | Student Test Acc: 25.080 | Teacher Test F1: 0.392 | Student Test F1: 0.243 | Teacher Top 5 Accuracy: 0.732 | Student Top 5 Accuracy: 0.567 | Time: 2.245 | 
Running student landscape probe...
[adalrs] epoch=5 decision=accept_probe best_lr=1.500000 cosine_lr=0.982980 improvement=0.017613 next_student_lr=1.500000
[Train] Epoch: 6 | Teacher lr=0.9830 | Teacher Loss: 2.194 | Teacher Train Acc: 48.168 | Student lr=1.5000 | Student Train Acc: 49.704 | Time: 136.598 |
[Eval] Epoch: 6 | Teacher Test Loss: 2.295 | Teacher Test Acc: 39.630 | Student Test Loss: 3.188 | Student Test Acc: 25.910 | Teacher Test F1: 0.385 | Student Test F1: 0.252 | Teacher Top 5 Accuracy: 0.718 | Student Top 5 Accuracy: 0.578 | Time: 2.676 | 
Running student landscape probe...
[adalrs] epoch=6 decision=rising_loss_clamp best_lr=1.500000 cosine_lr=0.975553 improvement=0.028708 next_student_lr=0.877997
[Train] Epoch: 7 | Teacher lr=0.9755 | Teacher Loss: 2.116 | Teacher Train Acc: 49.498 | Student lr=0.8780 | Student Train Acc: 55.060 | Time: 138.290 |
[Eval] Epoch: 7 | Teacher Test Loss: 1.960 | Teacher Test Acc: 46.690 | Student Test Loss: 4.464 | Student Test Acc: 20.070 | Teacher Test F1: 0.461 | Student Test F1: 0.195 | Teacher Top 5 Accuracy: 0.789 | Student Top 5 Accuracy: 0.475 | Time: 2.644 | 
Running student landscape probe...
[adalrs] epoch=7 decision=rising_loss_clamp best_lr=0.800000 cosine_lr=0.966823 improvement=0.002138 next_student_lr=0.870141
[Train] Epoch: 8 | Teacher lr=0.9668 | Teacher Loss: 1.984 | Teacher Train Acc: 52.918 | Student lr=0.8701 | Student Train Acc: 56.134 | Time: 137.221 |
[Eval] Epoch: 8 | Teacher Test Loss: 2.030 | Teacher Test Acc: 45.290 | Student Test Loss: 2.603 | Student Test Acc: 36.770 | Teacher Test F1: 0.447 | Student Test F1: 0.352 | Teacher Top 5 Accuracy: 0.774 | Student Top 5 Accuracy: 0.678 | Time: 2.517 | 
Running student landscape probe...
[adalrs] epoch=8 decision=accept_probe best_lr=1.500000 cosine_lr=0.956816 improvement=0.011554 next_student_lr=1.500000
[Train] Epoch: 9 | Teacher lr=0.9568 | Teacher Loss: 2.083 | Teacher Train Acc: 55.132 | Student lr=1.5000 | Student Train Acc: 41.126 | Time: 136.640 |
[Eval] Epoch: 9 | Teacher Test Loss: 1.893 | Teacher Test Acc: 47.310 | Student Test Loss: 2.695 | Student Test Acc: 32.310 | Teacher Test F1: 0.469 | Student Test F1: 0.324 | Teacher Top 5 Accuracy: 0.798 | Student Top 5 Accuracy: 0.654 | Time: 2.769 | 
Running student landscape probe...
[adalrs] epoch=9 decision=accept_probe best_lr=1.500000 cosine_lr=0.945558 improvement=0.029706 next_student_lr=1.500000
[Train] Epoch: 10 | Teacher lr=0.9455 | Teacher Loss: 1.919 | Teacher Train Acc: 56.150 | Student lr=1.5000 | Student Train Acc: 50.988 | Time: 136.538 |
[Eval] Epoch: 10 | Teacher Test Loss: 1.839 | Teacher Test Acc: 49.510 | Student Test Loss: 2.784 | Student Test Acc: 33.020 | Teacher Test F1: 0.488 | Student Test F1: 0.330 | Teacher Top 5 Accuracy: 0.806 | Student Top 5 Accuracy: 0.656 | Time: 2.750 | 
Running student landscape probe...
[adalrs] epoch=10 decision=rising_loss_clamp best_lr=1.500000 cosine_lr=0.933080 improvement=0.033760 next_student_lr=0.839772
[Train] Epoch: 11 | Teacher lr=0.9330 | Teacher Loss: 1.844 | Teacher Train Acc: 56.700 | Student lr=0.8398 | Student Train Acc: 57.100 | Time: 135.784 |
[Eval] Epoch: 11 | Teacher Test Loss: 1.841 | Teacher Test Acc: 48.980 | Student Test Loss: 1.999 | Student Test Acc: 45.890 | Teacher Test F1: 0.482 | Student Test F1: 0.448 | Teacher Top 5 Accuracy: 0.813 | Student Top 5 Accuracy: 0.782 | Time: 2.716 | 
Running student landscape probe...
[adalrs] epoch=11 decision=accept_probe best_lr=1.500000 cosine_lr=0.919416 improvement=0.021403 next_student_lr=1.500000
[Train] Epoch: 12 | Teacher lr=0.9193 | Teacher Loss: 1.831 | Teacher Train Acc: 58.878 | Student lr=1.5000 | Student Train Acc: 52.216 | Time: 137.139 |
[Eval] Epoch: 12 | Teacher Test Loss: 1.813 | Teacher Test Acc: 49.870 | Student Test Loss: 3.274 | Student Test Acc: 29.840 | Teacher Test F1: 0.494 | Student Test F1: 0.311 | Teacher Top 5 Accuracy: 0.809 | Student Top 5 Accuracy: 0.644 | Time: 2.774 | 
Running student landscape probe...
[adalrs] epoch=12 decision=accept_probe best_lr=1.500000 cosine_lr=0.904604 improvement=0.023989 next_student_lr=1.500000
[Train] Epoch: 13 | Teacher lr=0.9045 | Teacher Loss: 1.796 | Teacher Train Acc: 59.948 | Student lr=1.5000 | Student Train Acc: 53.280 | Time: 136.745 |
[Eval] Epoch: 13 | Teacher Test Loss: 1.693 | Teacher Test Acc: 53.180 | Student Test Loss: 2.194 | Student Test Acc: 42.700 | Teacher Test F1: 0.524 | Student Test F1: 0.414 | Teacher Top 5 Accuracy: 0.829 | Student Top 5 Accuracy: 0.744 | Time: 2.746 | 
Running student landscape probe...
[adalrs] epoch=13 decision=accept_probe best_lr=1.500000 cosine_lr=0.888684 improvement=0.024919 next_student_lr=1.500000
[Train] Epoch: 14 | Teacher lr=0.8886 | Teacher Loss: 1.762 | Teacher Train Acc: 60.546 | Student lr=1.5000 | Student Train Acc: 54.084 | Time: 134.794 |
[Eval] Epoch: 14 | Teacher Test Loss: 1.866 | Teacher Test Acc: 48.840 | Student Test Loss: 3.184 | Student Test Acc: 29.070 | Teacher Test F1: 0.489 | Student Test F1: 0.286 | Teacher Top 5 Accuracy: 0.801 | Student Top 5 Accuracy: 0.597 | Time: 2.538 | 
Running student landscape probe...
[adalrs] epoch=14 decision=accept_probe best_lr=1.500000 cosine_lr=0.871701 improvement=0.035410 next_student_lr=1.500000
[Train] Epoch: 15 | Teacher lr=0.8716 | Teacher Loss: 1.740 | Teacher Train Acc: 61.336 | Student lr=1.5000 | Student Train Acc: 54.124 | Time: 137.075 |
[Eval] Epoch: 15 | Teacher Test Loss: 1.835 | Teacher Test Acc: 50.260 | Student Test Loss: 3.308 | Student Test Acc: 25.030 | Teacher Test F1: 0.507 | Student Test F1: 0.233 | Teacher Top 5 Accuracy: 0.817 | Student Top 5 Accuracy: 0.547 | Time: 2.771 | 
Running student landscape probe...
[adalrs] epoch=15 decision=rising_loss_clamp best_lr=1.500000 cosine_lr=0.853700 improvement=0.025796 next_student_lr=0.768330
[Train] Epoch: 16 | Teacher lr=0.8536 | Teacher Loss: 1.656 | Teacher Train Acc: 61.666 | Student lr=0.7683 | Student Train Acc: 59.880 | Time: 137.046 |
[Eval] Epoch: 16 | Teacher Test Loss: 1.751 | Teacher Test Acc: 51.410 | Student Test Loss: 1.880 | Student Test Acc: 48.160 | Teacher Test F1: 0.509 | Student Test F1: 0.477 | Teacher Top 5 Accuracy: 0.825 | Student Top 5 Accuracy: 0.801 | Time: 2.662 | 
Running student landscape probe...
[adalrs] epoch=16 decision=accept_probe best_lr=1.500000 cosine_lr=0.834731 improvement=0.018469 next_student_lr=1.500000
[Train] Epoch: 17 | Teacher lr=0.8346 | Teacher Loss: 1.702 | Teacher Train Acc: 62.662 | Student lr=1.5000 | Student Train Acc: 54.180 | Time: 136.891 |
[Eval] Epoch: 17 | Teacher Test Loss: 1.714 | Teacher Test Acc: 52.380 | Student Test Loss: 2.510 | Student Test Acc: 35.760 | Teacher Test F1: 0.527 | Student Test F1: 0.343 | Teacher Top 5 Accuracy: 0.830 | Student Top 5 Accuracy: 0.687 | Time: 2.730 | 
Running student landscape probe...
[adalrs] epoch=17 decision=accept_probe best_lr=1.400000 cosine_lr=0.814846 improvement=0.032215 next_student_lr=1.400000
[Train] Epoch: 18 | Teacher lr=0.8147 | Teacher Loss: 1.651 | Teacher Train Acc: 63.826 | Student lr=1.4000 | Student Train Acc: 55.566 | Time: 137.153 |
[Eval] Epoch: 18 | Teacher Test Loss: 1.566 | Teacher Test Acc: 56.520 | Student Test Loss: 2.251 | Student Test Acc: 42.210 | Teacher Test F1: 0.564 | Student Test F1: 0.416 | Teacher Top 5 Accuracy: 0.855 | Student Top 5 Accuracy: 0.744 | Time: 2.716 | 
Running student landscape probe...
[adalrs] epoch=18 decision=accept_probe best_lr=1.400000 cosine_lr=0.794099 improvement=0.038364 next_student_lr=1.400000
[Train] Epoch: 19 | Teacher lr=0.7939 | Teacher Loss: 1.639 | Teacher Train Acc: 64.186 | Student lr=1.4000 | Student Train Acc: 55.556 | Time: 134.791 |
[Eval] Epoch: 19 | Teacher Test Loss: 1.799 | Teacher Test Acc: 50.210 | Student Test Loss: 2.960 | Student Test Acc: 31.910 | Teacher Test F1: 0.493 | Student Test F1: 0.310 | Teacher Top 5 Accuracy: 0.815 | Student Top 5 Accuracy: 0.640 | Time: 2.655 | 
Running student landscape probe...
[adalrs] epoch=19 decision=accept_probe best_lr=1.300000 cosine_lr=0.772547 improvement=0.021783 next_student_lr=1.300000
[Train] Epoch: 20 | Teacher lr=0.7723 | Teacher Loss: 1.610 | Teacher Train Acc: 64.886 | Student lr=1.3000 | Student Train Acc: 56.534 | Time: 134.592 |
[Eval] Epoch: 20 | Teacher Test Loss: 1.615 | Teacher Test Acc: 55.110 | Student Test Loss: 2.809 | Student Test Acc: 33.780 | Teacher Test F1: 0.552 | Student Test F1: 0.335 | Teacher Top 5 Accuracy: 0.845 | Student Top 5 Accuracy: 0.643 | Time: 2.649 | 
Running student landscape probe...
[adalrs] epoch=20 decision=accept_probe best_lr=1.300000 cosine_lr=0.750250 improvement=0.055227 next_student_lr=1.300000
[Train] Epoch: 21 | Teacher lr=0.7500 | Teacher Loss: 1.592 | Teacher Train Acc: 65.496 | Student lr=1.3000 | Student Train Acc: 56.838 | Time: 134.404 |
[Eval] Epoch: 21 | Teacher Test Loss: 1.467 | Teacher Test Acc: 58.910 | Student Test Loss: 3.346 | Student Test Acc: 29.690 | Teacher Test F1: 0.586 | Student Test F1: 0.312 | Teacher Top 5 Accuracy: 0.866 | Student Top 5 Accuracy: 0.603 | Time: 2.639 | 
Running student landscape probe...
[adalrs] epoch=21 decision=accept_probe best_lr=1.300000 cosine_lr=0.727268 improvement=0.042795 next_student_lr=1.300000
[Train] Epoch: 22 | Teacher lr=0.7270 | Teacher Loss: 1.566 | Teacher Train Acc: 66.380 | Student lr=1.3000 | Student Train Acc: 57.062 | Time: 137.080 |
[Eval] Epoch: 22 | Teacher Test Loss: 1.549 | Teacher Test Acc: 56.210 | Student Test Loss: 2.276 | Student Test Acc: 41.210 | Teacher Test F1: 0.557 | Student Test F1: 0.406 | Teacher Top 5 Accuracy: 0.852 | Student Top 5 Accuracy: 0.735 | Time: 2.647 | 
Running student landscape probe...
[adalrs] epoch=22 decision=accept_probe best_lr=1.200000 cosine_lr=0.703665 improvement=0.024841 next_student_lr=1.200000
[Train] Epoch: 23 | Teacher lr=0.7034 | Teacher Loss: 1.539 | Teacher Train Acc: 66.850 | Student lr=1.2000 | Student Train Acc: 57.702 | Time: 135.513 |
[Eval] Epoch: 23 | Teacher Test Loss: 1.527 | Teacher Test Acc: 56.800 | Student Test Loss: 2.527 | Student Test Acc: 37.210 | Teacher Test F1: 0.566 | Student Test F1: 0.365 | Teacher Top 5 Accuracy: 0.859 | Student Top 5 Accuracy: 0.703 | Time: 2.593 | 
Running student landscape probe...
[adalrs] epoch=23 decision=accept_probe best_lr=1.200000 cosine_lr=0.679505 improvement=0.041101 next_student_lr=1.200000
[Train] Epoch: 24 | Teacher lr=0.6792 | Teacher Loss: 1.521 | Teacher Train Acc: 67.356 | Student lr=1.2000 | Student Train Acc: 57.588 | Time: 136.543 |
[Eval] Epoch: 24 | Teacher Test Loss: 1.423 | Teacher Test Acc: 59.860 | Student Test Loss: 2.259 | Student Test Acc: 40.910 | Teacher Test F1: 0.592 | Student Test F1: 0.407 | Teacher Top 5 Accuracy: 0.871 | Student Top 5 Accuracy: 0.750 | Time: 2.635 | 
Running student landscape probe...
[adalrs] epoch=24 decision=accept_probe best_lr=1.100000 cosine_lr=0.654854 improvement=0.025896 next_student_lr=1.100000
[Train] Epoch: 25 | Teacher lr=0.6545 | Teacher Loss: 1.495 | Teacher Train Acc: 68.028 | Student lr=1.1000 | Student Train Acc: 58.866 | Time: 137.143 |
[Eval] Epoch: 25 | Teacher Test Loss: 1.628 | Teacher Test Acc: 54.700 | Student Test Loss: 2.362 | Student Test Acc: 39.970 | Teacher Test F1: 0.549 | Student Test F1: 0.402 | Teacher Top 5 Accuracy: 0.848 | Student Top 5 Accuracy: 0.718 | Time: 2.631 | 
Running student landscape probe...
[adalrs] epoch=25 decision=accept_probe best_lr=1.100000 cosine_lr=0.629780 improvement=0.031900 next_student_lr=1.100000
[Train] Epoch: 26 | Teacher lr=0.6294 | Teacher Loss: 1.475 | Teacher Train Acc: 68.780 | Student lr=1.1000 | Student Train Acc: 58.862 | Time: 136.804 |
[Eval] Epoch: 26 | Teacher Test Loss: 1.459 | Teacher Test Acc: 58.330 | Student Test Loss: 1.949 | Student Test Acc: 47.630 | Teacher Test F1: 0.592 | Student Test F1: 0.476 | Teacher Top 5 Accuracy: 0.872 | Student Top 5 Accuracy: 0.791 | Time: 2.583 | 
Running student landscape probe...
[adalrs] epoch=26 decision=accept_probe best_lr=1.000000 cosine_lr=0.604352 improvement=0.021737 next_student_lr=1.000000
[Train] Epoch: 27 | Teacher lr=0.6040 | Teacher Loss: 1.446 | Teacher Train Acc: 69.286 | Student lr=1.0000 | Student Train Acc: 59.752 | Time: 134.386 |
[Eval] Epoch: 27 | Teacher Test Loss: 1.496 | Teacher Test Acc: 57.770 | Student Test Loss: 2.108 | Student Test Acc: 44.640 | Teacher Test F1: 0.578 | Student Test F1: 0.448 | Teacher Top 5 Accuracy: 0.861 | Student Top 5 Accuracy: 0.772 | Time: 2.578 | 
Running student landscape probe...
[adalrs] epoch=27 decision=accept_probe best_lr=1.000000 cosine_lr=0.578639 improvement=0.028140 next_student_lr=1.000000
[Train] Epoch: 28 | Teacher lr=0.5782 | Teacher Loss: 1.427 | Teacher Train Acc: 69.930 | Student lr=1.0000 | Student Train Acc: 59.894 | Time: 136.910 |
[Eval] Epoch: 28 | Teacher Test Loss: 1.354 | Teacher Test Acc: 61.670 | Student Test Loss: 2.361 | Student Test Acc: 41.610 | Teacher Test F1: 0.612 | Student Test F1: 0.413 | Teacher Top 5 Accuracy: 0.881 | Student Top 5 Accuracy: 0.729 | Time: 2.552 | 
Running student landscape probe...
[adalrs] epoch=28 decision=rising_loss_clamp best_lr=0.900000 cosine_lr=0.552712 improvement=0.030465 next_student_lr=0.497441
[Train] Epoch: 29 | Teacher lr=0.5523 | Teacher Loss: 1.333 | Teacher Train Acc: 70.496 | Student lr=0.4974 | Student Train Acc: 65.068 | Time: 136.829 |
[Eval] Epoch: 29 | Teacher Test Loss: 1.398 | Teacher Test Acc: 60.410 | Student Test Loss: 1.697 | Student Test Acc: 53.560 | Teacher Test F1: 0.602 | Student Test F1: 0.531 | Teacher Top 5 Accuracy: 0.874 | Student Top 5 Accuracy: 0.831 | Time: 2.627 | 
Running student landscape probe...
[adalrs] epoch=29 decision=accept_probe best_lr=0.900000 cosine_lr=0.526642 improvement=0.030316 next_student_lr=0.900000
[Train] Epoch: 30 | Teacher lr=0.5262 | Teacher Loss: 1.383 | Teacher Train Acc: 71.530 | Student lr=0.9000 | Student Train Acc: 60.650 | Time: 136.819 |
[Eval] Epoch: 30 | Teacher Test Loss: 1.308 | Teacher Test Acc: 62.810 | Student Test Loss: 2.090 | Student Test Acc: 45.210 | Teacher Test F1: 0.622 | Student Test F1: 0.444 | Teacher Top 5 Accuracy: 0.890 | Student Top 5 Accuracy: 0.764 | Time: 2.558 | 
Running student landscape probe...
[adalrs] epoch=30 decision=accept_probe best_lr=0.900000 cosine_lr=0.500500 improvement=0.030060 next_student_lr=0.900000
[Train] Epoch: 31 | Teacher lr=0.5000 | Teacher Loss: 1.349 | Teacher Train Acc: 72.390 | Student lr=0.9000 | Student Train Acc: 60.764 | Time: 136.740 |
[Eval] Epoch: 31 | Teacher Test Loss: 1.309 | Teacher Test Acc: 62.310 | Student Test Loss: 2.140 | Student Test Acc: 42.760 | Teacher Test F1: 0.626 | Student Test F1: 0.425 | Teacher Top 5 Accuracy: 0.888 | Student Top 5 Accuracy: 0.763 | Time: 2.556 | 
Running student landscape probe...
[adalrs] epoch=31 decision=rising_loss_clamp best_lr=0.800000 cosine_lr=0.474358 improvement=0.029574 next_student_lr=0.426922
[Train] Epoch: 32 | Teacher lr=0.4738 | Teacher Loss: 1.255 | Teacher Train Acc: 72.554 | Student lr=0.4269 | Student Train Acc: 66.732 | Time: 136.897 |
[Eval] Epoch: 32 | Teacher Test Loss: 1.374 | Teacher Test Acc: 60.900 | Student Test Loss: 1.739 | Student Test Acc: 52.630 | Teacher Test F1: 0.613 | Student Test F1: 0.529 | Teacher Top 5 Accuracy: 0.878 | Student Top 5 Accuracy: 0.818 | Time: 2.568 | 
Running student landscape probe...
[adalrs] epoch=32 decision=accept_probe best_lr=0.800000 cosine_lr=0.448288 improvement=0.031610 next_student_lr=0.800000
[Train] Epoch: 33 | Teacher lr=0.4477 | Teacher Loss: 1.307 | Teacher Train Acc: 73.642 | Student lr=0.8000 | Student Train Acc: 61.756 | Time: 137.268 |
[Eval] Epoch: 33 | Teacher Test Loss: 1.217 | Teacher Test Acc: 64.820 | Student Test Loss: 2.165 | Student Test Acc: 43.530 | Teacher Test F1: 0.646 | Student Test F1: 0.431 | Teacher Top 5 Accuracy: 0.905 | Student Top 5 Accuracy: 0.749 | Time: 2.613 | 
Running student landscape probe...
[adalrs] epoch=33 decision=accept_probe best_lr=0.700000 cosine_lr=0.422361 improvement=0.032038 next_student_lr=0.700000
[Train] Epoch: 34 | Teacher lr=0.4218 | Teacher Loss: 1.258 | Teacher Train Acc: 74.732 | Student lr=0.7000 | Student Train Acc: 63.288 | Time: 138.199 |
[Eval] Epoch: 34 | Teacher Test Loss: 1.234 | Teacher Test Acc: 64.220 | Student Test Loss: 1.985 | Student Test Acc: 47.640 | Teacher Test F1: 0.641 | Student Test F1: 0.479 | Teacher Top 5 Accuracy: 0.901 | Student Top 5 Accuracy: 0.788 | Time: 2.593 | 
Running student landscape probe...
[adalrs] epoch=34 decision=accept_probe best_lr=0.700000 cosine_lr=0.396648 improvement=0.023763 next_student_lr=0.700000
[Train] Epoch: 35 | Teacher lr=0.3960 | Teacher Loss: 1.237 | Teacher Train Acc: 75.446 | Student lr=0.7000 | Student Train Acc: 63.350 | Time: 136.432 |
[Eval] Epoch: 35 | Teacher Test Loss: 1.213 | Teacher Test Acc: 65.310 | Student Test Loss: 1.724 | Student Test Acc: 52.280 | Teacher Test F1: 0.655 | Student Test F1: 0.518 | Teacher Top 5 Accuracy: 0.899 | Student Top 5 Accuracy: 0.829 | Time: 2.612 | 
Running student landscape probe...
[adalrs] epoch=35 decision=accept_probe best_lr=0.600000 cosine_lr=0.371220 improvement=0.016395 next_student_lr=0.600000
[Train] Epoch: 36 | Teacher lr=0.3706 | Teacher Loss: 1.191 | Teacher Train Acc: 76.474 | Student lr=0.6000 | Student Train Acc: 64.786 | Time: 136.783 |
[Eval] Epoch: 36 | Teacher Test Loss: 1.211 | Teacher Test Acc: 64.830 | Student Test Loss: 1.989 | Student Test Acc: 48.590 | Teacher Test F1: 0.647 | Student Test F1: 0.489 | Teacher Top 5 Accuracy: 0.901 | Student Top 5 Accuracy: 0.789 | Time: 2.590 | 
Running student landscape probe...
[adalrs] epoch=36 decision=accept_probe best_lr=0.600000 cosine_lr=0.346146 improvement=0.033383 next_student_lr=0.600000
[Train] Epoch: 37 | Teacher lr=0.3455 | Teacher Loss: 1.172 | Teacher Train Acc: 77.138 | Student lr=0.6000 | Student Train Acc: 64.778 | Time: 138.120 |
[Eval] Epoch: 37 | Teacher Test Loss: 1.116 | Teacher Test Acc: 68.140 | Student Test Loss: 1.760 | Student Test Acc: 52.390 | Teacher Test F1: 0.679 | Student Test F1: 0.516 | Teacher Top 5 Accuracy: 0.910 | Student Top 5 Accuracy: 0.823 | Time: 2.608 | 
Running student landscape probe...
[adalrs] epoch=37 decision=accept_probe best_lr=0.500000 cosine_lr=0.321495 improvement=0.025831 next_student_lr=0.500000
[Train] Epoch: 38 | Teacher lr=0.3208 | Teacher Loss: 1.128 | Teacher Train Acc: 78.076 | Student lr=0.5000 | Student Train Acc: 66.232 | Time: 136.674 |
[Eval] Epoch: 38 | Teacher Test Loss: 1.156 | Teacher Test Acc: 66.720 | Student Test Loss: 1.703 | Student Test Acc: 53.520 | Teacher Test F1: 0.668 | Student Test F1: 0.528 | Teacher Top 5 Accuracy: 0.908 | Student Top 5 Accuracy: 0.834 | Time: 2.488 | 
Running student landscape probe...
[adalrs] epoch=38 decision=accept_probe best_lr=0.500000 cosine_lr=0.297335 improvement=0.022388 next_student_lr=0.500000
[Train] Epoch: 39 | Teacher lr=0.2966 | Teacher Loss: 1.107 | Teacher Train Acc: 79.132 | Student lr=0.5000 | Student Train Acc: 66.246 | Time: 136.923 |
[Eval] Epoch: 39 | Teacher Test Loss: 1.164 | Teacher Test Acc: 66.010 | Student Test Loss: 1.735 | Student Test Acc: 52.960 | Teacher Test F1: 0.660 | Student Test F1: 0.521 | Teacher Top 5 Accuracy: 0.907 | Student Top 5 Accuracy: 0.824 | Time: 2.500 | 
Running student landscape probe...
[adalrs] epoch=39 decision=accept_probe best_lr=0.400000 cosine_lr=0.273732 improvement=0.019086 next_student_lr=0.400000
[Train] Epoch: 40 | Teacher lr=0.2730 | Teacher Loss: 1.063 | Teacher Train Acc: 79.896 | Student lr=0.4000 | Student Train Acc: 67.972 | Time: 136.852 |
[Eval] Epoch: 40 | Teacher Test Loss: 1.071 | Teacher Test Acc: 69.410 | Student Test Loss: 1.669 | Student Test Acc: 54.890 | Teacher Test F1: 0.694 | Student Test F1: 0.541 | Teacher Top 5 Accuracy: 0.920 | Student Top 5 Accuracy: 0.834 | Time: 2.484 | 
Running student landscape probe...
[adalrs] epoch=40 decision=accept_probe best_lr=0.400000 cosine_lr=0.250750 improvement=0.014209 next_student_lr=0.400000
[Train] Epoch: 41 | Teacher lr=0.2500 | Teacher Loss: 1.037 | Teacher Train Acc: 81.172 | Student lr=0.4000 | Student Train Acc: 68.014 | Time: 136.779 |
[Eval] Epoch: 41 | Teacher Test Loss: 1.111 | Teacher Test Acc: 68.100 | Student Test Loss: 1.639 | Student Test Acc: 54.930 | Teacher Test F1: 0.681 | Student Test F1: 0.543 | Teacher Top 5 Accuracy: 0.916 | Student Top 5 Accuracy: 0.834 | Time: 2.479 | 
Running student landscape probe...
[adalrs] epoch=41 decision=accept_probe best_lr=0.400000 cosine_lr=0.228453 improvement=0.028884 next_student_lr=0.400000
[Train] Epoch: 42 | Teacher lr=0.2277 | Teacher Loss: 1.012 | Teacher Train Acc: 82.120 | Student lr=0.4000 | Student Train Acc: 68.184 | Time: 137.315 |
[Eval] Epoch: 42 | Teacher Test Loss: 1.040 | Teacher Test Acc: 69.710 | Student Test Loss: 1.571 | Student Test Acc: 56.790 | Teacher Test F1: 0.696 | Student Test F1: 0.563 | Teacher Top 5 Accuracy: 0.923 | Student Top 5 Accuracy: 0.851 | Time: 2.479 | 
Running student landscape probe...
[adalrs] epoch=42 decision=accept_probe best_lr=0.300000 cosine_lr=0.206901 improvement=0.016462 next_student_lr=0.300000
[Train] Epoch: 43 | Teacher lr=0.2061 | Teacher Loss: 0.945 | Teacher Train Acc: 83.386 | Student lr=0.3000 | Student Train Acc: 70.202 | Time: 138.133 |
[Eval] Epoch: 43 | Teacher Test Loss: 0.992 | Teacher Test Acc: 71.130 | Student Test Loss: 1.601 | Student Test Acc: 55.790 | Teacher Test F1: 0.711 | Student Test F1: 0.555 | Teacher Top 5 Accuracy: 0.929 | Student Top 5 Accuracy: 0.847 | Time: 2.473 | 
Running student landscape probe...
[adalrs] epoch=43 decision=accept_probe best_lr=0.300000 cosine_lr=0.186154 improvement=0.012572 next_student_lr=0.300000
[Train] Epoch: 44 | Teacher lr=0.1853 | Teacher Loss: 0.927 | Teacher Train Acc: 84.500 | Student lr=0.3000 | Student Train Acc: 70.324 | Time: 137.962 |
[Eval] Epoch: 44 | Teacher Test Loss: 0.999 | Teacher Test Acc: 71.160 | Student Test Loss: 1.541 | Student Test Acc: 57.410 | Teacher Test F1: 0.712 | Student Test F1: 0.575 | Teacher Top 5 Accuracy: 0.927 | Student Top 5 Accuracy: 0.857 | Time: 2.479 | 
Running student landscape probe...
[adalrs] epoch=44 decision=fallback_cosine_clamp best_lr=0.200000 cosine_lr=0.166269 improvement=0.000000 next_student_lr=0.149642
[Train] Epoch: 45 | Teacher lr=0.1654 | Teacher Loss: 0.830 | Teacher Train Acc: 85.522 | Student lr=0.1496 | Student Train Acc: 74.854 | Time: 137.369 |
[Eval] Epoch: 45 | Teacher Test Loss: 0.972 | Teacher Test Acc: 71.590 | Student Test Loss: 1.316 | Student Test Acc: 63.200 | Teacher Test F1: 0.718 | Student Test F1: 0.631 | Teacher Top 5 Accuracy: 0.931 | Student Top 5 Accuracy: 0.888 | Time: 2.471 | 
Running student landscape probe...
[adalrs] epoch=45 decision=accept_probe best_lr=0.200000 cosine_lr=0.147300 improvement=0.021044 next_student_lr=0.200000
[Train] Epoch: 46 | Teacher lr=0.1464 | Teacher Loss: 0.838 | Teacher Train Acc: 86.630 | Student lr=0.2000 | Student Train Acc: 73.386 | Time: 136.759 |
[Eval] Epoch: 46 | Teacher Test Loss: 0.943 | Teacher Test Acc: 72.570 | Student Test Loss: 1.426 | Student Test Acc: 60.500 | Teacher Test F1: 0.725 | Student Test F1: 0.600 | Teacher Top 5 Accuracy: 0.934 | Student Top 5 Accuracy: 0.874 | Time: 2.678 | 
Running student landscape probe...
[adalrs] epoch=46 decision=accept_probe best_lr=0.200000 cosine_lr=0.129299 improvement=0.016455 next_student_lr=0.200000
[Train] Epoch: 47 | Teacher lr=0.1284 | Teacher Loss: 0.810 | Teacher Train Acc: 88.138 | Student lr=0.2000 | Student Train Acc: 72.900 | Time: 137.744 |
[Eval] Epoch: 47 | Teacher Test Loss: 0.918 | Teacher Test Acc: 73.040 | Student Test Loss: 1.471 | Student Test Acc: 60.020 | Teacher Test F1: 0.731 | Student Test F1: 0.596 | Teacher Top 5 Accuracy: 0.937 | Student Top 5 Accuracy: 0.866 | Time: 2.479 | 
Running student landscape probe...
[adalrs] epoch=47 decision=rising_loss_clamp best_lr=0.200000 cosine_lr=0.112316 improvement=0.017131 next_student_lr=0.101084
[Train] Epoch: 48 | Teacher lr=0.1114 | Teacher Loss: 0.706 | Teacher Train Acc: 89.630 | Student lr=0.1011 | Student Train Acc: 77.166 | Time: 137.005 |
[Eval] Epoch: 48 | Teacher Test Loss: 0.922 | Teacher Test Acc: 72.930 | Student Test Loss: 1.285 | Student Test Acc: 64.170 | Teacher Test F1: 0.729 | Student Test F1: 0.642 | Teacher Top 5 Accuracy: 0.938 | Student Top 5 Accuracy: 0.897 | Time: 2.468 | 
Running student landscape probe...
[adalrs] epoch=48 decision=fallback_cosine_clamp best_lr=0.100000 cosine_lr=0.096396 improvement=0.000000 next_student_lr=0.086756
[Train] Epoch: 49 | Teacher lr=0.0955 | Teacher Loss: 0.676 | Teacher Train Acc: 90.588 | Student lr=0.0868 | Student Train Acc: 78.186 | Time: 136.557 |
[Eval] Epoch: 49 | Teacher Test Loss: 0.901 | Teacher Test Acc: 74.070 | Student Test Loss: 1.266 | Student Test Acc: 64.190 | Teacher Test F1: 0.741 | Student Test F1: 0.642 | Teacher Top 5 Accuracy: 0.940 | Student Top 5 Accuracy: 0.900 | Time: 2.618 | 
Running student landscape probe...
[adalrs] epoch=49 decision=fallback_cosine_clamp best_lr=0.100000 cosine_lr=0.081584 improvement=0.000000 next_student_lr=0.073426
[Train] Epoch: 50 | Teacher lr=0.0807 | Teacher Loss: 0.637 | Teacher Train Acc: 91.996 | Student lr=0.0734 | Student Train Acc: 79.394 | Time: 136.748 |
[Eval] Epoch: 50 | Teacher Test Loss: 0.867 | Teacher Test Acc: 74.900 | Student Test Loss: 1.223 | Student Test Acc: 65.780 | Teacher Test F1: 0.749 | Student Test F1: 0.657 | Teacher Top 5 Accuracy: 0.943 | Student Top 5 Accuracy: 0.903 | Time: 2.620 | 
Running student landscape probe...
[adalrs] epoch=50 decision=accept_probe best_lr=0.100000 cosine_lr=0.067920 improvement=0.015113 next_student_lr=0.100000
[Train] Epoch: 51 | Teacher lr=0.0670 | Teacher Loss: 0.646 | Teacher Train Acc: 93.022 | Student lr=0.1000 | Student Train Acc: 77.740 | Time: 136.745 |
[Eval] Epoch: 51 | Teacher Test Loss: 0.861 | Teacher Test Acc: 74.860 | Student Test Loss: 1.325 | Student Test Acc: 63.730 | Teacher Test F1: 0.749 | Student Test F1: 0.636 | Teacher Top 5 Accuracy: 0.942 | Student Top 5 Accuracy: 0.891 | Time: 2.610 | 
Running student landscape probe...
[adalrs] epoch=51 decision=fallback_cosine_clamp best_lr=0.050000 cosine_lr=0.055442 improvement=0.000000 next_student_lr=0.049898
[Train] Epoch: 52 | Teacher lr=0.0545 | Teacher Loss: 0.565 | Teacher Train Acc: 94.146 | Student lr=0.0499 | Student Train Acc: 81.080 | Time: 136.360 |
[Eval] Epoch: 52 | Teacher Test Loss: 0.852 | Teacher Test Acc: 75.540 | Student Test Loss: 1.196 | Student Test Acc: 66.870 | Teacher Test F1: 0.755 | Student Test F1: 0.667 | Teacher Top 5 Accuracy: 0.943 | Student Top 5 Accuracy: 0.908 | Time: 2.563 | 
Running student landscape probe...
[adalrs] epoch=52 decision=fallback_cosine_clamp best_lr=0.050000 cosine_lr=0.044184 improvement=0.000000 next_student_lr=0.039766
[Train] Epoch: 53 | Teacher lr=0.0432 | Teacher Loss: 0.531 | Teacher Train Acc: 95.062 | Student lr=0.0398 | Student Train Acc: 82.136 | Time: 138.188 |
[Eval] Epoch: 53 | Teacher Test Loss: 0.854 | Teacher Test Acc: 75.320 | Student Test Loss: 1.217 | Student Test Acc: 66.140 | Teacher Test F1: 0.754 | Student Test F1: 0.659 | Teacher Top 5 Accuracy: 0.943 | Student Top 5 Accuracy: 0.908 | Time: 2.648 | 
Running student landscape probe...
[adalrs] epoch=53 decision=accept_probe best_lr=0.050000 cosine_lr=0.034177 improvement=0.016557 next_student_lr=0.050000
[Train] Epoch: 54 | Teacher lr=0.0332 | Teacher Loss: 0.533 | Teacher Train Acc: 95.670 | Student lr=0.0500 | Student Train Acc: 81.720 | Time: 137.500 |
[Eval] Epoch: 54 | Teacher Test Loss: 0.840 | Teacher Test Acc: 75.670 | Student Test Loss: 1.235 | Student Test Acc: 66.140 | Teacher Test F1: 0.757 | Student Test F1: 0.660 | Teacher Top 5 Accuracy: 0.944 | Student Top 5 Accuracy: 0.906 | Time: 2.598 | 
Running student landscape probe...
[adalrs] epoch=54 decision=rising_loss_clamp best_lr=0.025000 cosine_lr=0.025447 improvement=0.000000 next_student_lr=0.022903
[Train] Epoch: 55 | Teacher lr=0.0245 | Teacher Loss: 0.478 | Teacher Train Acc: 96.422 | Student lr=0.0229 | Student Train Acc: 84.322 | Time: 137.070 |
[Eval] Epoch: 55 | Teacher Test Loss: 0.837 | Teacher Test Acc: 75.690 | Student Test Loss: 1.156 | Student Test Acc: 68.260 | Teacher Test F1: 0.757 | Student Test F1: 0.681 | Teacher Top 5 Accuracy: 0.944 | Student Top 5 Accuracy: 0.914 | Time: 2.688 | 
Running student landscape probe...
[adalrs] epoch=55 decision=fallback_cosine_clamp best_lr=0.025000 cosine_lr=0.018020 improvement=0.000000 next_student_lr=0.016218
[Train] Epoch: 56 | Teacher lr=0.0170 | Teacher Loss: 0.452 | Teacher Train Acc: 96.750 | Student lr=0.0162 | Student Train Acc: 85.384 | Time: 136.022 |
[Eval] Epoch: 56 | Teacher Test Loss: 0.831 | Teacher Test Acc: 75.840 | Student Test Loss: 1.141 | Student Test Acc: 68.430 | Teacher Test F1: 0.758 | Student Test F1: 0.684 | Teacher Top 5 Accuracy: 0.946 | Student Top 5 Accuracy: 0.917 | Time: 2.567 | 
Running student landscape probe...
[adalrs] epoch=56 decision=fallback_cosine_clamp best_lr=0.010000 cosine_lr=0.011915 improvement=0.000000 next_student_lr=0.010724
[Train] Epoch: 57 | Teacher lr=0.0109 | Teacher Loss: 0.431 | Teacher Train Acc: 97.194 | Student lr=0.0107 | Student Train Acc: 86.478 | Time: 135.371 |
[Eval] Epoch: 57 | Teacher Test Loss: 0.828 | Teacher Test Acc: 75.890 | Student Test Loss: 1.130 | Student Test Acc: 68.810 | Teacher Test F1: 0.759 | Student Test F1: 0.688 | Teacher Top 5 Accuracy: 0.946 | Student Top 5 Accuracy: 0.918 | Time: 2.582 | 
Running student landscape probe...
[adalrs] epoch=57 decision=fallback_cosine_clamp best_lr=0.010000 cosine_lr=0.007150 improvement=0.000000 next_student_lr=0.006435
[Train] Epoch: 58 | Teacher lr=0.0062 | Teacher Loss: 0.417 | Teacher Train Acc: 97.334 | Student lr=0.0064 | Student Train Acc: 86.866 | Time: 137.952 |
[Eval] Epoch: 58 | Teacher Test Loss: 0.828 | Teacher Test Acc: 75.870 | Student Test Loss: 1.119 | Student Test Acc: 69.200 | Teacher Test F1: 0.759 | Student Test F1: 0.692 | Teacher Top 5 Accuracy: 0.945 | Student Top 5 Accuracy: 0.919 | Time: 2.658 | 
Running student landscape probe...
[adalrs] epoch=58 decision=accept_probe best_lr=0.300000 cosine_lr=0.003736 improvement=0.043883 next_student_lr=0.300000
[Train] Epoch: 59 | Teacher lr=0.0027 | Teacher Loss: 0.856 | Teacher Train Acc: 97.512 | Student lr=0.3000 | Student Train Acc: 65.368 | Time: 136.896 |
[Eval] Epoch: 59 | Teacher Test Loss: 0.839 | Teacher Test Acc: 75.620 | Student Test Loss: 2.017 | Student Test Acc: 49.720 | Teacher Test F1: 0.756 | Student Test F1: 0.509 | Teacher Top 5 Accuracy: 0.943 | Student Top 5 Accuracy: 0.807 | Time: 2.556 | 
Running student landscape probe...
[adalrs] epoch=59 decision=fallback_cosine_clamp best_lr=0.001000 cosine_lr=0.001685 improvement=0.000000 next_student_lr=0.001516
[Train] Epoch: 60 | Teacher lr=0.0007 | Teacher Loss: 0.603 | Teacher Train Acc: 97.434 | Student lr=0.0015 | Student Train Acc: 73.352 | Time: 135.672 |
[Eval] Epoch: 60 | Teacher Test Loss: 0.839 | Teacher Test Acc: 75.710 | Student Test Loss: 1.177 | Student Test Acc: 66.710 | Teacher Test F1: 0.757 | Student Test F1: 0.666 | Teacher Top 5 Accuracy: 0.943 | Student Top 5 Accuracy: 0.909 | Time: 2.535 | 
Running student landscape probe...
[adalrs] epoch=60 decision=fallback_cosine_clamp best_lr=0.001000 cosine_lr=0.001000 improvement=0.000000 next_student_lr=0.001000
ckpt location: ckpt/sota_adalrs_stars/adalrs_aggressive_seed2_60ep.pt
