/home/jovyan/.mlspace/envs/egy_llm/lib/python3.11/site-packages/torchvision/datasets/cifar.py:83: VisibleDeprecationWarning: dtype(): align should be passed as Python or NumPy boolean but got `align=0`. Did you mean to pass a tuple to create a subarray type? (Deprecated NumPy 2.4)
  entry = pickle.load(f, encoding="latin1")
depth_list: [110, 20]
Dataset information: cifar100	 50000 images for training 	 10000 images for testing	
teacher depth: 110
student depth: 20
Total number of teacher parameters: 1,169,972
Total number of student parameters: 278,132
Snapshots will be saved to: snapshots/sota_adalrs_stars/adalrs_aggressive_seed3_60ep
==== train and evaluate unequal restart ====
[scheduler] AdaLRS active init_lr=0.01 alpha=0.4 beta=1.8 margin=0.0005 clamp=0.9
[Eval] Epoch: 0 | Teacher Test Loss: 9743.739 | Teacher Test Acc: 1.130 | Student Test Loss: 5.207 | Student Test Acc: 1.000 | Teacher Test F1: 0.001 | Student Test F1: 0.000 | Teacher Top 5 Accuracy: 0.048 | Student Top 5 Accuracy: 0.047 | Time: 3.002 | 
Running student landscape probe...
[Train] Epoch: 1 | Teacher lr=1.0000 | Teacher Loss: 4.200 | Teacher Train Acc: 6.744 | Student lr=0.0100 | Student Train Acc: 6.870 | Time: 137.451 |
[Eval] Epoch: 1 | Teacher Test Loss: 3.819 | Teacher Test Acc: 10.660 | Student Test Loss: 3.879 | Student Test Acc: 9.750 | Teacher Test F1: 0.069 | Student Test F1: 0.063 | Teacher Top 5 Accuracy: 0.328 | Student Top 5 Accuracy: 0.301 | Time: 2.690 | 
Running student landscape probe...
[adalrs] epoch=1 decision=warmup_cosine best_lr=0.999315 cosine_lr=0.999315 improvement=0.000000 next_student_lr=0.999315
[Train] Epoch: 2 | Teacher lr=0.9993 | Teacher Loss: 3.532 | Teacher Train Acc: 18.252 | Student lr=0.9993 | Student Train Acc: 19.380 | Time: 134.844 |
[Eval] Epoch: 2 | Teacher Test Loss: 3.633 | Teacher Test Acc: 15.170 | Student Test Loss: 3.261 | Student Test Acc: 21.460 | Teacher Test F1: 0.124 | Student Test F1: 0.194 | Teacher Top 5 Accuracy: 0.426 | Student Top 5 Accuracy: 0.529 | Time: 2.527 | 
Running student landscape probe...
[adalrs] epoch=2 decision=warmup_cosine best_lr=0.997264 cosine_lr=0.997264 improvement=0.000000 next_student_lr=0.997264
[Train] Epoch: 3 | Teacher lr=0.9973 | Teacher Loss: 2.992 | Teacher Train Acc: 29.348 | Student lr=0.9973 | Student Train Acc: 39.294 | Time: 139.928 |
[Eval] Epoch: 3 | Teacher Test Loss: 2.967 | Teacher Test Acc: 26.790 | Student Test Loss: 2.908 | Student Test Acc: 28.300 | Teacher Test F1: 0.248 | Student Test F1: 0.264 | Teacher Top 5 Accuracy: 0.586 | Student Top 5 Accuracy: 0.606 | Time: 2.394 | 
Running student landscape probe...
[adalrs] epoch=3 decision=warmup_cosine best_lr=0.993850 cosine_lr=0.993850 improvement=0.000000 next_student_lr=0.993850
[Train] Epoch: 4 | Teacher lr=0.9938 | Teacher Loss: 2.606 | Teacher Train Acc: 37.982 | Student lr=0.9939 | Student Train Acc: 47.344 | Time: 138.191 |
[Eval] Epoch: 4 | Teacher Test Loss: 2.486 | Teacher Test Acc: 35.350 | Student Test Loss: 2.496 | Student Test Acc: 34.880 | Teacher Test F1: 0.339 | Student Test F1: 0.347 | Teacher Top 5 Accuracy: 0.683 | Student Top 5 Accuracy: 0.693 | Time: 2.393 | 
Running student landscape probe...
[adalrs] epoch=4 decision=accept_probe best_lr=1.500000 cosine_lr=0.989085 improvement=0.022125 next_student_lr=1.500000
[Train] Epoch: 5 | Teacher lr=0.9891 | Teacher Loss: 2.397 | Teacher Train Acc: 43.252 | Student lr=1.5000 | Student Train Acc: 48.056 | Time: 137.396 |
[Eval] Epoch: 5 | Teacher Test Loss: 2.223 | Teacher Test Acc: 40.250 | Student Test Loss: 2.857 | Student Test Acc: 31.810 | Teacher Test F1: 0.393 | Student Test F1: 0.301 | Teacher Top 5 Accuracy: 0.741 | Student Top 5 Accuracy: 0.639 | Time: 2.380 | 
Running student landscape probe...
[adalrs] epoch=5 decision=accept_probe best_lr=1.500000 cosine_lr=0.982980 improvement=0.028075 next_student_lr=1.500000
[Train] Epoch: 6 | Teacher lr=0.9830 | Teacher Loss: 2.280 | Teacher Train Acc: 46.128 | Student lr=1.5000 | Student Train Acc: 50.882 | Time: 137.286 |
[Eval] Epoch: 6 | Teacher Test Loss: 2.321 | Teacher Test Acc: 39.160 | Student Test Loss: 2.618 | Student Test Acc: 33.410 | Teacher Test F1: 0.391 | Student Test F1: 0.330 | Teacher Top 5 Accuracy: 0.712 | Student Top 5 Accuracy: 0.675 | Time: 2.387 | 
Running student landscape probe...
[adalrs] epoch=6 decision=accept_probe best_lr=1.500000 cosine_lr=0.975553 improvement=0.023974 next_student_lr=1.500000
[Train] Epoch: 7 | Teacher lr=0.9755 | Teacher Loss: 2.122 | Teacher Train Acc: 50.078 | Student lr=1.5000 | Student Train Acc: 52.182 | Time: 139.189 |
[Eval] Epoch: 7 | Teacher Test Loss: 2.023 | Teacher Test Acc: 45.870 | Student Test Loss: 2.456 | Student Test Acc: 37.860 | Teacher Test F1: 0.444 | Student Test F1: 0.370 | Teacher Top 5 Accuracy: 0.779 | Student Top 5 Accuracy: 0.704 | Time: 2.459 | 
Running student landscape probe...
[adalrs] epoch=7 decision=accept_probe best_lr=1.500000 cosine_lr=0.966823 improvement=0.028275 next_student_lr=1.500000
[Train] Epoch: 8 | Teacher lr=0.9668 | Teacher Loss: 2.198 | Teacher Train Acc: 49.096 | Student lr=1.5000 | Student Train Acc: 53.350 | Time: 137.282 |
[Eval] Epoch: 8 | Teacher Test Loss: 1.961 | Teacher Test Acc: 46.340 | Student Test Loss: 3.040 | Student Test Acc: 28.830 | Teacher Test F1: 0.460 | Student Test F1: 0.284 | Teacher Top 5 Accuracy: 0.784 | Student Top 5 Accuracy: 0.626 | Time: 2.443 | 
Running student landscape probe...
[adalrs] epoch=8 decision=accept_probe best_lr=1.500000 cosine_lr=0.956816 improvement=0.022340 next_student_lr=1.500000
[Train] Epoch: 9 | Teacher lr=0.9568 | Teacher Loss: 1.978 | Teacher Train Acc: 53.750 | Student lr=1.5000 | Student Train Acc: 54.028 | Time: 137.047 |
[Eval] Epoch: 9 | Teacher Test Loss: 1.940 | Teacher Test Acc: 47.410 | Student Test Loss: 2.518 | Student Test Acc: 36.620 | Teacher Test F1: 0.465 | Student Test F1: 0.356 | Teacher Top 5 Accuracy: 0.795 | Student Top 5 Accuracy: 0.694 | Time: 2.488 | 
Running student landscape probe...
[adalrs] epoch=9 decision=accept_probe best_lr=1.500000 cosine_lr=0.945558 improvement=0.031736 next_student_lr=1.500000
[Train] Epoch: 10 | Teacher lr=0.9455 | Teacher Loss: 1.915 | Teacher Train Acc: 55.470 | Student lr=1.5000 | Student Train Acc: 54.856 | Time: 136.380 |
[Eval] Epoch: 10 | Teacher Test Loss: 1.971 | Teacher Test Acc: 46.960 | Student Test Loss: 2.824 | Student Test Acc: 30.310 | Teacher Test F1: 0.462 | Student Test F1: 0.290 | Teacher Top 5 Accuracy: 0.787 | Student Top 5 Accuracy: 0.640 | Time: 2.464 | 
Running student landscape probe...
[adalrs] epoch=10 decision=accept_probe best_lr=1.500000 cosine_lr=0.933080 improvement=0.036418 next_student_lr=1.500000
[Train] Epoch: 11 | Teacher lr=0.9330 | Teacher Loss: 1.870 | Teacher Train Acc: 57.046 | Student lr=1.5000 | Student Train Acc: 55.082 | Time: 135.815 |
[Eval] Epoch: 11 | Teacher Test Loss: 1.817 | Teacher Test Acc: 50.200 | Student Test Loss: 2.788 | Student Test Acc: 33.430 | Teacher Test F1: 0.492 | Student Test F1: 0.328 | Teacher Top 5 Accuracy: 0.807 | Student Top 5 Accuracy: 0.646 | Time: 2.539 | 
Running student landscape probe...
[adalrs] epoch=11 decision=accept_probe best_lr=1.500000 cosine_lr=0.919416 improvement=0.029205 next_student_lr=1.500000
[Train] Epoch: 12 | Teacher lr=0.9193 | Teacher Loss: 1.838 | Teacher Train Acc: 57.778 | Student lr=1.5000 | Student Train Acc: 55.200 | Time: 137.273 |
[Eval] Epoch: 12 | Teacher Test Loss: 1.785 | Teacher Test Acc: 50.920 | Student Test Loss: 2.655 | Student Test Acc: 36.000 | Teacher Test F1: 0.502 | Student Test F1: 0.347 | Teacher Top 5 Accuracy: 0.816 | Student Top 5 Accuracy: 0.685 | Time: 2.453 | 
Running student landscape probe...
[adalrs] epoch=12 decision=accept_probe best_lr=1.500000 cosine_lr=0.904604 improvement=0.028892 next_student_lr=1.500000
[Train] Epoch: 13 | Teacher lr=0.9045 | Teacher Loss: 1.797 | Teacher Train Acc: 58.824 | Student lr=1.5000 | Student Train Acc: 55.592 | Time: 137.156 |
[Eval] Epoch: 13 | Teacher Test Loss: 1.892 | Teacher Test Acc: 47.960 | Student Test Loss: 3.319 | Student Test Acc: 28.540 | Teacher Test F1: 0.473 | Student Test F1: 0.263 | Teacher Top 5 Accuracy: 0.804 | Student Top 5 Accuracy: 0.570 | Time: 2.488 | 
Running student landscape probe...
[adalrs] epoch=13 decision=accept_probe best_lr=1.500000 cosine_lr=0.888684 improvement=0.005733 next_student_lr=1.500000
[Train] Epoch: 14 | Teacher lr=0.8886 | Teacher Loss: 1.780 | Teacher Train Acc: 59.658 | Student lr=1.5000 | Student Train Acc: 55.664 | Time: 135.305 |
[Eval] Epoch: 14 | Teacher Test Loss: 1.725 | Teacher Test Acc: 52.090 | Student Test Loss: 2.540 | Student Test Acc: 36.030 | Teacher Test F1: 0.513 | Student Test F1: 0.348 | Teacher Top 5 Accuracy: 0.832 | Student Top 5 Accuracy: 0.696 | Time: 2.525 | 
Running student landscape probe...
[adalrs] epoch=14 decision=accept_probe best_lr=1.500000 cosine_lr=0.871701 improvement=0.026917 next_student_lr=1.500000
[Train] Epoch: 15 | Teacher lr=0.8716 | Teacher Loss: 1.755 | Teacher Train Acc: 60.302 | Student lr=1.5000 | Student Train Acc: 56.092 | Time: 137.023 |
[Eval] Epoch: 15 | Teacher Test Loss: 1.816 | Teacher Test Acc: 50.170 | Student Test Loss: 2.956 | Student Test Acc: 30.880 | Teacher Test F1: 0.501 | Student Test F1: 0.301 | Teacher Top 5 Accuracy: 0.810 | Student Top 5 Accuracy: 0.626 | Time: 2.545 | 
Running student landscape probe...
[adalrs] epoch=15 decision=accept_probe best_lr=1.500000 cosine_lr=0.853700 improvement=0.039882 next_student_lr=1.500000
[Train] Epoch: 16 | Teacher lr=0.8536 | Teacher Loss: 1.719 | Teacher Train Acc: 61.316 | Student lr=1.5000 | Student Train Acc: 56.346 | Time: 137.058 |
[Eval] Epoch: 16 | Teacher Test Loss: 1.649 | Teacher Test Acc: 54.000 | Student Test Loss: 2.503 | Student Test Acc: 37.210 | Teacher Test F1: 0.537 | Student Test F1: 0.361 | Teacher Top 5 Accuracy: 0.836 | Student Top 5 Accuracy: 0.688 | Time: 2.518 | 
Running student landscape probe...
[adalrs] epoch=16 decision=accept_probe best_lr=1.500000 cosine_lr=0.834731 improvement=0.049602 next_student_lr=1.500000
[Train] Epoch: 17 | Teacher lr=0.8346 | Teacher Loss: 1.701 | Teacher Train Acc: 61.756 | Student lr=1.5000 | Student Train Acc: 56.284 | Time: 136.769 |
[Eval] Epoch: 17 | Teacher Test Loss: 1.852 | Teacher Test Acc: 49.850 | Student Test Loss: 2.579 | Student Test Acc: 36.160 | Teacher Test F1: 0.497 | Student Test F1: 0.352 | Teacher Top 5 Accuracy: 0.806 | Student Top 5 Accuracy: 0.689 | Time: 2.476 | 
Running student landscape probe...
[adalrs] epoch=17 decision=accept_probe best_lr=1.400000 cosine_lr=0.814846 improvement=0.021580 next_student_lr=1.400000
[Train] Epoch: 18 | Teacher lr=0.8147 | Teacher Loss: 1.671 | Teacher Train Acc: 62.424 | Student lr=1.4000 | Student Train Acc: 57.192 | Time: 137.332 |
[Eval] Epoch: 18 | Teacher Test Loss: 1.607 | Teacher Test Acc: 55.240 | Student Test Loss: 2.433 | Student Test Acc: 38.630 | Teacher Test F1: 0.551 | Student Test F1: 0.379 | Teacher Top 5 Accuracy: 0.844 | Student Top 5 Accuracy: 0.711 | Time: 2.481 | 
Running student landscape probe...
[adalrs] epoch=18 decision=accept_probe best_lr=1.400000 cosine_lr=0.794099 improvement=0.050993 next_student_lr=1.400000
[Train] Epoch: 19 | Teacher lr=0.7939 | Teacher Loss: 1.639 | Teacher Train Acc: 63.430 | Student lr=1.4000 | Student Train Acc: 57.200 | Time: 134.768 |
[Eval] Epoch: 19 | Teacher Test Loss: 1.542 | Teacher Test Acc: 56.390 | Student Test Loss: 2.419 | Student Test Acc: 38.320 | Teacher Test F1: 0.562 | Student Test F1: 0.377 | Teacher Top 5 Accuracy: 0.854 | Student Top 5 Accuracy: 0.716 | Time: 2.511 | 
Running student landscape probe...
[adalrs] epoch=19 decision=accept_probe best_lr=1.300000 cosine_lr=0.772547 improvement=0.040130 next_student_lr=1.300000
[Train] Epoch: 20 | Teacher lr=0.7723 | Teacher Loss: 1.841 | Teacher Train Acc: 60.308 | Student lr=1.3000 | Student Train Acc: 58.054 | Time: 134.672 |
[Eval] Epoch: 20 | Teacher Test Loss: 4.856 | Teacher Test Acc: 1.690 | Student Test Loss: 2.388 | Student Test Acc: 40.350 | Teacher Test F1: 0.003 | Student Test F1: 0.411 | Teacher Top 5 Accuracy: 0.088 | Student Top 5 Accuracy: 0.726 | Time: 2.458 | 
Running student landscape probe...
[adalrs] epoch=20 decision=accept_probe best_lr=1.300000 cosine_lr=0.750250 improvement=0.030110 next_student_lr=1.300000
[Train] Epoch: 21 | Teacher lr=0.7500 | Teacher Loss: 2.904 | Teacher Train Acc: 38.694 | Student lr=1.3000 | Student Train Acc: 56.676 | Time: 134.622 |
[Eval] Epoch: 21 | Teacher Test Loss: 1.679 | Teacher Test Acc: 53.780 | Student Test Loss: 2.742 | Student Test Acc: 32.550 | Teacher Test F1: 0.539 | Student Test F1: 0.339 | Teacher Top 5 Accuracy: 0.842 | Student Top 5 Accuracy: 0.658 | Time: 2.446 | 
Running student landscape probe...
[adalrs] epoch=21 decision=accept_probe best_lr=1.300000 cosine_lr=0.727268 improvement=0.037109 next_student_lr=1.300000
[Train] Epoch: 22 | Teacher lr=0.7270 | Teacher Loss: 1.641 | Teacher Train Acc: 63.348 | Student lr=1.3000 | Student Train Acc: 57.860 | Time: 136.976 |
[Eval] Epoch: 22 | Teacher Test Loss: 1.576 | Teacher Test Acc: 55.430 | Student Test Loss: 2.357 | Student Test Acc: 39.650 | Teacher Test F1: 0.556 | Student Test F1: 0.383 | Teacher Top 5 Accuracy: 0.852 | Student Top 5 Accuracy: 0.712 | Time: 2.417 | 
Running student landscape probe...
[adalrs] epoch=22 decision=accept_probe best_lr=1.200000 cosine_lr=0.703665 improvement=0.031303 next_student_lr=1.200000
[Train] Epoch: 23 | Teacher lr=0.7034 | Teacher Loss: 1.574 | Teacher Train Acc: 65.062 | Student lr=1.2000 | Student Train Acc: 59.156 | Time: 135.537 |
[Eval] Epoch: 23 | Teacher Test Loss: 1.483 | Teacher Test Acc: 58.150 | Student Test Loss: 2.392 | Student Test Acc: 41.090 | Teacher Test F1: 0.579 | Student Test F1: 0.406 | Teacher Top 5 Accuracy: 0.866 | Student Top 5 Accuracy: 0.739 | Time: 2.512 | 
Running student landscape probe...
[adalrs] epoch=23 decision=accept_probe best_lr=1.200000 cosine_lr=0.679505 improvement=0.030590 next_student_lr=1.200000
[Train] Epoch: 24 | Teacher lr=0.6792 | Teacher Loss: 1.545 | Teacher Train Acc: 65.862 | Student lr=1.2000 | Student Train Acc: 59.156 | Time: 136.797 |
[Eval] Epoch: 24 | Teacher Test Loss: 1.554 | Teacher Test Acc: 56.800 | Student Test Loss: 2.230 | Student Test Acc: 42.120 | Teacher Test F1: 0.572 | Student Test F1: 0.420 | Teacher Top 5 Accuracy: 0.848 | Student Top 5 Accuracy: 0.749 | Time: 2.455 | 
Running student landscape probe...
[adalrs] epoch=24 decision=accept_probe best_lr=1.100000 cosine_lr=0.654854 improvement=0.034999 next_student_lr=1.100000
[Train] Epoch: 25 | Teacher lr=0.6545 | Teacher Loss: 1.506 | Teacher Train Acc: 66.820 | Student lr=1.1000 | Student Train Acc: 60.042 | Time: 136.959 |
[Eval] Epoch: 25 | Teacher Test Loss: 1.572 | Teacher Test Acc: 56.260 | Student Test Loss: 1.958 | Student Test Acc: 47.670 | Teacher Test F1: 0.567 | Student Test F1: 0.470 | Teacher Top 5 Accuracy: 0.854 | Student Top 5 Accuracy: 0.789 | Time: 2.389 | 
Running student landscape probe...
[adalrs] epoch=25 decision=accept_probe best_lr=1.100000 cosine_lr=0.629780 improvement=0.043640 next_student_lr=1.100000
[Train] Epoch: 26 | Teacher lr=0.6294 | Teacher Loss: 1.490 | Teacher Train Acc: 67.662 | Student lr=1.1000 | Student Train Acc: 60.188 | Time: 136.924 |
[Eval] Epoch: 26 | Teacher Test Loss: 1.476 | Teacher Test Acc: 58.410 | Student Test Loss: 2.192 | Student Test Acc: 42.670 | Teacher Test F1: 0.579 | Student Test F1: 0.422 | Teacher Top 5 Accuracy: 0.865 | Student Top 5 Accuracy: 0.751 | Time: 2.462 | 
Running student landscape probe...
[adalrs] epoch=26 decision=accept_probe best_lr=1.000000 cosine_lr=0.604352 improvement=0.034936 next_student_lr=1.000000
[Train] Epoch: 27 | Teacher lr=0.6040 | Teacher Loss: 1.455 | Teacher Train Acc: 68.374 | Student lr=1.0000 | Student Train Acc: 61.028 | Time: 134.520 |
[Eval] Epoch: 27 | Teacher Test Loss: 1.520 | Teacher Test Acc: 57.090 | Student Test Loss: 2.037 | Student Test Acc: 45.640 | Teacher Test F1: 0.575 | Student Test F1: 0.450 | Teacher Top 5 Accuracy: 0.860 | Student Top 5 Accuracy: 0.776 | Time: 2.394 | 
Running student landscape probe...
[adalrs] epoch=27 decision=accept_probe best_lr=1.000000 cosine_lr=0.578639 improvement=0.027387 next_student_lr=1.000000
[Train] Epoch: 28 | Teacher lr=0.5782 | Teacher Loss: 1.430 | Teacher Train Acc: 69.196 | Student lr=1.0000 | Student Train Acc: 61.296 | Time: 136.860 |
[Eval] Epoch: 28 | Teacher Test Loss: 1.342 | Teacher Test Acc: 62.000 | Student Test Loss: 1.829 | Student Test Acc: 49.550 | Teacher Test F1: 0.620 | Student Test F1: 0.492 | Teacher Top 5 Accuracy: 0.888 | Student Top 5 Accuracy: 0.816 | Time: 2.505 | 
Running student landscape probe...
[adalrs] epoch=28 decision=accept_probe best_lr=0.900000 cosine_lr=0.552712 improvement=0.017245 next_student_lr=0.900000
[Train] Epoch: 29 | Teacher lr=0.5523 | Teacher Loss: 1.403 | Teacher Train Acc: 69.546 | Student lr=0.9000 | Student Train Acc: 62.102 | Time: 136.749 |
[Eval] Epoch: 29 | Teacher Test Loss: 1.398 | Teacher Test Acc: 59.870 | Student Test Loss: 2.366 | Student Test Acc: 42.060 | Teacher Test F1: 0.599 | Student Test F1: 0.415 | Teacher Top 5 Accuracy: 0.878 | Student Top 5 Accuracy: 0.737 | Time: 2.490 | 
Running student landscape probe...
[adalrs] epoch=29 decision=accept_probe best_lr=0.900000 cosine_lr=0.526642 improvement=0.028951 next_student_lr=0.900000
[Train] Epoch: 30 | Teacher lr=0.5262 | Teacher Loss: 1.386 | Teacher Train Acc: 70.272 | Student lr=0.9000 | Student Train Acc: 62.316 | Time: 137.077 |
[Eval] Epoch: 30 | Teacher Test Loss: 1.336 | Teacher Test Acc: 62.090 | Student Test Loss: 2.430 | Student Test Acc: 40.050 | Teacher Test F1: 0.618 | Student Test F1: 0.397 | Teacher Top 5 Accuracy: 0.884 | Student Top 5 Accuracy: 0.709 | Time: 2.449 | 
Running student landscape probe...
[adalrs] epoch=30 decision=rising_loss_clamp best_lr=0.900000 cosine_lr=0.500500 improvement=0.032771 next_student_lr=0.450450
[Train] Epoch: 31 | Teacher lr=0.5000 | Teacher Loss: 1.303 | Teacher Train Acc: 70.546 | Student lr=0.4505 | Student Train Acc: 67.476 | Time: 136.255 |
[Eval] Epoch: 31 | Teacher Test Loss: 1.379 | Teacher Test Acc: 60.790 | Student Test Loss: 1.601 | Student Test Acc: 55.240 | Teacher Test F1: 0.613 | Student Test F1: 0.550 | Teacher Top 5 Accuracy: 0.880 | Student Top 5 Accuracy: 0.845 | Time: 2.387 | 
Running student landscape probe...
[adalrs] epoch=31 decision=accept_probe best_lr=0.800000 cosine_lr=0.474358 improvement=0.016252 next_student_lr=0.800000
[Train] Epoch: 32 | Teacher lr=0.4738 | Teacher Loss: 1.337 | Teacher Train Acc: 72.070 | Student lr=0.8000 | Student Train Acc: 62.962 | Time: 137.227 |
[Eval] Epoch: 32 | Teacher Test Loss: 1.271 | Teacher Test Acc: 64.120 | Student Test Loss: 2.164 | Student Test Acc: 44.740 | Teacher Test F1: 0.640 | Student Test F1: 0.436 | Teacher Top 5 Accuracy: 0.895 | Student Top 5 Accuracy: 0.766 | Time: 2.405 | 
Running student landscape probe...
[adalrs] epoch=32 decision=accept_probe best_lr=0.800000 cosine_lr=0.448288 improvement=0.024004 next_student_lr=0.800000
[Train] Epoch: 33 | Teacher lr=0.4477 | Teacher Loss: 1.297 | Teacher Train Acc: 72.898 | Student lr=0.8000 | Student Train Acc: 63.420 | Time: 136.772 |
[Eval] Epoch: 33 | Teacher Test Loss: 1.285 | Teacher Test Acc: 63.540 | Student Test Loss: 2.033 | Student Test Acc: 46.490 | Teacher Test F1: 0.636 | Student Test F1: 0.471 | Teacher Top 5 Accuracy: 0.891 | Student Top 5 Accuracy: 0.784 | Time: 2.425 | 
Running student landscape probe...
[adalrs] epoch=33 decision=accept_probe best_lr=0.700000 cosine_lr=0.422361 improvement=0.035831 next_student_lr=0.700000
[Train] Epoch: 34 | Teacher lr=0.4218 | Teacher Loss: 1.264 | Teacher Train Acc: 73.808 | Student lr=0.7000 | Student Train Acc: 64.492 | Time: 137.854 |
[Eval] Epoch: 34 | Teacher Test Loss: 1.356 | Teacher Test Acc: 62.170 | Student Test Loss: 2.579 | Student Test Acc: 37.130 | Teacher Test F1: 0.623 | Student Test F1: 0.378 | Teacher Top 5 Accuracy: 0.889 | Student Top 5 Accuracy: 0.694 | Time: 2.504 | 
Running student landscape probe...
[adalrs] epoch=34 decision=accept_probe best_lr=0.700000 cosine_lr=0.396648 improvement=0.031039 next_student_lr=0.700000
[Train] Epoch: 35 | Teacher lr=0.3960 | Teacher Loss: 1.239 | Teacher Train Acc: 74.434 | Student lr=0.7000 | Student Train Acc: 64.784 | Time: 136.560 |
[Eval] Epoch: 35 | Teacher Test Loss: 1.222 | Teacher Test Acc: 64.900 | Student Test Loss: 1.872 | Student Test Acc: 49.370 | Teacher Test F1: 0.648 | Student Test F1: 0.497 | Teacher Top 5 Accuracy: 0.904 | Student Top 5 Accuracy: 0.811 | Time: 2.471 | 
Running student landscape probe...
[adalrs] epoch=35 decision=accept_probe best_lr=0.600000 cosine_lr=0.371220 improvement=0.015060 next_student_lr=0.600000
[Train] Epoch: 36 | Teacher lr=0.3706 | Teacher Loss: 1.202 | Teacher Train Acc: 75.452 | Student lr=0.6000 | Student Train Acc: 65.900 | Time: 136.981 |
[Eval] Epoch: 36 | Teacher Test Loss: 1.204 | Teacher Test Acc: 65.220 | Student Test Loss: 1.865 | Student Test Acc: 49.370 | Teacher Test F1: 0.653 | Student Test F1: 0.495 | Teacher Top 5 Accuracy: 0.904 | Student Top 5 Accuracy: 0.810 | Time: 2.537 | 
Running student landscape probe...
[adalrs] epoch=36 decision=accept_probe best_lr=0.600000 cosine_lr=0.346146 improvement=0.028084 next_student_lr=0.600000
[Train] Epoch: 37 | Teacher lr=0.3455 | Teacher Loss: 1.183 | Teacher Train Acc: 76.148 | Student lr=0.6000 | Student Train Acc: 66.218 | Time: 138.136 |
[Eval] Epoch: 37 | Teacher Test Loss: 1.194 | Teacher Test Acc: 65.910 | Student Test Loss: 1.773 | Student Test Acc: 51.960 | Teacher Test F1: 0.659 | Student Test F1: 0.520 | Teacher Top 5 Accuracy: 0.904 | Student Top 5 Accuracy: 0.820 | Time: 2.477 | 
Running student landscape probe...
[adalrs] epoch=37 decision=accept_probe best_lr=0.500000 cosine_lr=0.321495 improvement=0.023297 next_student_lr=0.500000
[Train] Epoch: 38 | Teacher lr=0.3208 | Teacher Loss: 1.133 | Teacher Train Acc: 77.020 | Student lr=0.5000 | Student Train Acc: 67.670 | Time: 136.153 |
[Eval] Epoch: 38 | Teacher Test Loss: 1.167 | Teacher Test Acc: 66.410 | Student Test Loss: 1.799 | Student Test Acc: 52.250 | Teacher Test F1: 0.663 | Student Test F1: 0.524 | Teacher Top 5 Accuracy: 0.907 | Student Top 5 Accuracy: 0.817 | Time: 2.641 | 
Running student landscape probe...
[adalrs] epoch=38 decision=accept_probe best_lr=0.500000 cosine_lr=0.297335 improvement=0.013156 next_student_lr=0.500000
[Train] Epoch: 39 | Teacher lr=0.2966 | Teacher Loss: 1.112 | Teacher Train Acc: 77.830 | Student lr=0.5000 | Student Train Acc: 67.304 | Time: 136.465 |
[Eval] Epoch: 39 | Teacher Test Loss: 1.141 | Teacher Test Acc: 66.960 | Student Test Loss: 1.627 | Student Test Acc: 55.720 | Teacher Test F1: 0.668 | Student Test F1: 0.552 | Teacher Top 5 Accuracy: 0.914 | Student Top 5 Accuracy: 0.842 | Time: 2.600 | 
Running student landscape probe...
[adalrs] epoch=39 decision=accept_probe best_lr=0.400000 cosine_lr=0.273732 improvement=0.009837 next_student_lr=0.400000
[Train] Epoch: 40 | Teacher lr=0.2730 | Teacher Loss: 1.059 | Teacher Train Acc: 79.110 | Student lr=0.4000 | Student Train Acc: 69.282 | Time: 136.721 |
[Eval] Epoch: 40 | Teacher Test Loss: 1.082 | Teacher Test Acc: 68.810 | Student Test Loss: 1.746 | Student Test Acc: 54.140 | Teacher Test F1: 0.687 | Student Test F1: 0.537 | Teacher Top 5 Accuracy: 0.918 | Student Top 5 Accuracy: 0.830 | Time: 2.625 | 
Running student landscape probe...
[adalrs] epoch=40 decision=accept_probe best_lr=0.400000 cosine_lr=0.250750 improvement=0.008108 next_student_lr=0.400000
[Train] Epoch: 41 | Teacher lr=0.2500 | Teacher Loss: 1.039 | Teacher Train Acc: 80.308 | Student lr=0.4000 | Student Train Acc: 69.276 | Time: 136.627 |
[Eval] Epoch: 41 | Teacher Test Loss: 1.102 | Teacher Test Acc: 67.990 | Student Test Loss: 1.601 | Student Test Acc: 56.010 | Teacher Test F1: 0.680 | Student Test F1: 0.559 | Teacher Top 5 Accuracy: 0.914 | Student Top 5 Accuracy: 0.845 | Time: 2.656 | 
Running student landscape probe...
[adalrs] epoch=41 decision=accept_probe best_lr=0.400000 cosine_lr=0.228453 improvement=0.029216 next_student_lr=0.400000
[Train] Epoch: 42 | Teacher lr=0.2277 | Teacher Loss: 1.008 | Teacher Train Acc: 81.282 | Student lr=0.4000 | Student Train Acc: 69.366 | Time: 137.241 |
[Eval] Epoch: 42 | Teacher Test Loss: 1.039 | Teacher Test Acc: 69.770 | Student Test Loss: 1.578 | Student Test Acc: 56.790 | Teacher Test F1: 0.698 | Student Test F1: 0.570 | Teacher Top 5 Accuracy: 0.927 | Student Top 5 Accuracy: 0.851 | Time: 2.627 | 
Running student landscape probe...
[adalrs] epoch=42 decision=accept_probe best_lr=0.300000 cosine_lr=0.206901 improvement=0.010415 next_student_lr=0.300000
[Train] Epoch: 43 | Teacher lr=0.2061 | Teacher Loss: 0.950 | Teacher Train Acc: 82.316 | Student lr=0.3000 | Student Train Acc: 71.528 | Time: 138.088 |
[Eval] Epoch: 43 | Teacher Test Loss: 1.004 | Teacher Test Acc: 70.610 | Student Test Loss: 1.535 | Student Test Acc: 58.390 | Teacher Test F1: 0.704 | Student Test F1: 0.583 | Teacher Top 5 Accuracy: 0.926 | Student Top 5 Accuracy: 0.859 | Time: 2.641 | 
Running student landscape probe...
[adalrs] epoch=43 decision=accept_probe best_lr=0.300000 cosine_lr=0.186154 improvement=0.014037 next_student_lr=0.300000
[Train] Epoch: 44 | Teacher lr=0.1853 | Teacher Loss: 0.922 | Teacher Train Acc: 83.776 | Student lr=0.3000 | Student Train Acc: 71.632 | Time: 137.802 |
[Eval] Epoch: 44 | Teacher Test Loss: 1.010 | Teacher Test Acc: 70.960 | Student Test Loss: 1.524 | Student Test Acc: 58.110 | Teacher Test F1: 0.710 | Student Test F1: 0.579 | Teacher Top 5 Accuracy: 0.926 | Student Top 5 Accuracy: 0.854 | Time: 2.622 | 
Running student landscape probe...
[adalrs] epoch=44 decision=fallback_cosine_clamp best_lr=0.200000 cosine_lr=0.166269 improvement=0.000000 next_student_lr=0.149642
[Train] Epoch: 45 | Teacher lr=0.1654 | Teacher Loss: 0.825 | Teacher Train Acc: 84.796 | Student lr=0.1496 | Student Train Acc: 76.040 | Time: 137.350 |
[Eval] Epoch: 45 | Teacher Test Loss: 0.980 | Teacher Test Acc: 71.800 | Student Test Loss: 1.259 | Student Test Acc: 64.520 | Teacher Test F1: 0.718 | Student Test F1: 0.647 | Teacher Top 5 Accuracy: 0.927 | Student Top 5 Accuracy: 0.894 | Time: 2.633 | 
Running student landscape probe...
[adalrs] epoch=45 decision=accept_probe best_lr=0.200000 cosine_lr=0.147300 improvement=0.007177 next_student_lr=0.200000
[Train] Epoch: 46 | Teacher lr=0.1464 | Teacher Loss: 0.835 | Teacher Train Acc: 85.874 | Student lr=0.2000 | Student Train Acc: 74.540 | Time: 137.069 |
[Eval] Epoch: 46 | Teacher Test Loss: 0.951 | Teacher Test Acc: 72.450 | Student Test Loss: 1.493 | Student Test Acc: 59.570 | Teacher Test F1: 0.724 | Student Test F1: 0.595 | Teacher Top 5 Accuracy: 0.931 | Student Top 5 Accuracy: 0.867 | Time: 2.646 | 
Running student landscape probe...
[adalrs] epoch=46 decision=accept_probe best_lr=0.200000 cosine_lr=0.129299 improvement=0.008576 next_student_lr=0.200000
[Train] Epoch: 47 | Teacher lr=0.1284 | Teacher Loss: 0.805 | Teacher Train Acc: 87.216 | Student lr=0.2000 | Student Train Acc: 74.614 | Time: 137.680 |
[Eval] Epoch: 47 | Teacher Test Loss: 0.920 | Teacher Test Acc: 73.080 | Student Test Loss: 1.724 | Student Test Acc: 55.730 | Teacher Test F1: 0.729 | Student Test F1: 0.561 | Teacher Top 5 Accuracy: 0.934 | Student Top 5 Accuracy: 0.838 | Time: 2.639 | 
Running student landscape probe...
[adalrs] epoch=47 decision=rising_loss_clamp best_lr=0.200000 cosine_lr=0.112316 improvement=0.016731 next_student_lr=0.101084
[Train] Epoch: 48 | Teacher lr=0.1114 | Teacher Loss: 0.705 | Teacher Train Acc: 88.994 | Student lr=0.1011 | Student Train Acc: 78.542 | Time: 136.903 |
[Eval] Epoch: 48 | Teacher Test Loss: 0.923 | Teacher Test Acc: 72.800 | Student Test Loss: 1.242 | Student Test Acc: 65.550 | Teacher Test F1: 0.727 | Student Test F1: 0.656 | Teacher Top 5 Accuracy: 0.936 | Student Top 5 Accuracy: 0.898 | Time: 2.651 | 
Running student landscape probe...
[adalrs] epoch=48 decision=fallback_cosine_clamp best_lr=0.100000 cosine_lr=0.096396 improvement=0.000000 next_student_lr=0.086756
[Train] Epoch: 49 | Teacher lr=0.0955 | Teacher Loss: 0.665 | Teacher Train Acc: 90.160 | Student lr=0.0868 | Student Train Acc: 79.850 | Time: 137.053 |
[Eval] Epoch: 49 | Teacher Test Loss: 0.920 | Teacher Test Acc: 73.640 | Student Test Loss: 1.236 | Student Test Acc: 65.550 | Teacher Test F1: 0.737 | Student Test F1: 0.655 | Teacher Top 5 Accuracy: 0.937 | Student Top 5 Accuracy: 0.901 | Time: 2.710 | 
Running student landscape probe...
[adalrs] epoch=49 decision=fallback_cosine_clamp best_lr=0.100000 cosine_lr=0.081584 improvement=0.000000 next_student_lr=0.073426
[Train] Epoch: 50 | Teacher lr=0.0807 | Teacher Loss: 0.630 | Teacher Train Acc: 91.208 | Student lr=0.0734 | Student Train Acc: 81.146 | Time: 136.866 |
[Eval] Epoch: 50 | Teacher Test Loss: 0.907 | Teacher Test Acc: 73.710 | Student Test Loss: 1.230 | Student Test Acc: 65.760 | Teacher Test F1: 0.737 | Student Test F1: 0.658 | Teacher Top 5 Accuracy: 0.939 | Student Top 5 Accuracy: 0.903 | Time: 2.524 | 
Running student landscape probe...
[adalrs] epoch=50 decision=accept_probe best_lr=0.100000 cosine_lr=0.067920 improvement=0.009469 next_student_lr=0.100000
[Train] Epoch: 51 | Teacher lr=0.0670 | Teacher Loss: 0.638 | Teacher Train Acc: 92.466 | Student lr=0.1000 | Student Train Acc: 79.432 | Time: 136.868 |
[Eval] Epoch: 51 | Teacher Test Loss: 0.890 | Teacher Test Acc: 74.200 | Student Test Loss: 1.296 | Student Test Acc: 64.390 | Teacher Test F1: 0.742 | Student Test F1: 0.645 | Teacher Top 5 Accuracy: 0.940 | Student Top 5 Accuracy: 0.895 | Time: 2.480 | 
Running student landscape probe...
[adalrs] epoch=51 decision=fallback_cosine_clamp best_lr=0.050000 cosine_lr=0.055442 improvement=0.000000 next_student_lr=0.049898
[Train] Epoch: 52 | Teacher lr=0.0545 | Teacher Loss: 0.556 | Teacher Train Acc: 93.464 | Student lr=0.0499 | Student Train Acc: 82.494 | Time: 136.026 |
[Eval] Epoch: 52 | Teacher Test Loss: 0.872 | Teacher Test Acc: 74.740 | Student Test Loss: 1.175 | Student Test Acc: 67.410 | Teacher Test F1: 0.747 | Student Test F1: 0.674 | Teacher Top 5 Accuracy: 0.941 | Student Top 5 Accuracy: 0.908 | Time: 2.658 | 
Running student landscape probe...
[adalrs] epoch=52 decision=fallback_cosine_clamp best_lr=0.050000 cosine_lr=0.044184 improvement=0.000000 next_student_lr=0.039766
[Train] Epoch: 53 | Teacher lr=0.0432 | Teacher Loss: 0.521 | Teacher Train Acc: 94.382 | Student lr=0.0398 | Student Train Acc: 83.894 | Time: 138.059 |
[Eval] Epoch: 53 | Teacher Test Loss: 0.856 | Teacher Test Acc: 75.160 | Student Test Loss: 1.161 | Student Test Acc: 67.960 | Teacher Test F1: 0.752 | Student Test F1: 0.677 | Teacher Top 5 Accuracy: 0.942 | Student Top 5 Accuracy: 0.910 | Time: 2.448 | 
Running student landscape probe...
[adalrs] epoch=53 decision=accept_probe best_lr=0.050000 cosine_lr=0.034177 improvement=0.004529 next_student_lr=0.050000
[Train] Epoch: 54 | Teacher lr=0.0332 | Teacher Loss: 0.520 | Teacher Train Acc: 95.140 | Student lr=0.0500 | Student Train Acc: 83.428 | Time: 137.603 |
[Eval] Epoch: 54 | Teacher Test Loss: 0.854 | Teacher Test Acc: 75.170 | Student Test Loss: 1.247 | Student Test Acc: 66.140 | Teacher Test F1: 0.752 | Student Test F1: 0.661 | Teacher Top 5 Accuracy: 0.944 | Student Top 5 Accuracy: 0.903 | Time: 2.480 | 
Running student landscape probe...
[adalrs] epoch=54 decision=fallback_cosine_clamp best_lr=0.025000 cosine_lr=0.025447 improvement=0.000000 next_student_lr=0.022903
[Train] Epoch: 55 | Teacher lr=0.0245 | Teacher Loss: 0.463 | Teacher Train Acc: 95.926 | Student lr=0.0229 | Student Train Acc: 85.804 | Time: 136.996 |
[Eval] Epoch: 55 | Teacher Test Loss: 0.846 | Teacher Test Acc: 75.590 | Student Test Loss: 1.126 | Student Test Acc: 68.630 | Teacher Test F1: 0.757 | Student Test F1: 0.686 | Teacher Top 5 Accuracy: 0.943 | Student Top 5 Accuracy: 0.919 | Time: 2.534 | 
Running student landscape probe...
[adalrs] epoch=55 decision=fallback_cosine_clamp best_lr=0.025000 cosine_lr=0.018020 improvement=0.000000 next_student_lr=0.016218
[Train] Epoch: 56 | Teacher lr=0.0170 | Teacher Loss: 0.438 | Teacher Train Acc: 96.384 | Student lr=0.0162 | Student Train Acc: 86.840 | Time: 136.441 |
[Eval] Epoch: 56 | Teacher Test Loss: 0.840 | Teacher Test Acc: 75.820 | Student Test Loss: 1.121 | Student Test Acc: 68.920 | Teacher Test F1: 0.759 | Student Test F1: 0.688 | Teacher Top 5 Accuracy: 0.943 | Student Top 5 Accuracy: 0.915 | Time: 2.520 | 
Running student landscape probe...
[adalrs] epoch=56 decision=fallback_cosine_clamp best_lr=0.010000 cosine_lr=0.011915 improvement=0.000000 next_student_lr=0.010724
[Train] Epoch: 57 | Teacher lr=0.0109 | Teacher Loss: 0.419 | Teacher Train Acc: 96.808 | Student lr=0.0107 | Student Train Acc: 87.754 | Time: 135.416 |
[Eval] Epoch: 57 | Teacher Test Loss: 0.836 | Teacher Test Acc: 75.860 | Student Test Loss: 1.123 | Student Test Acc: 69.320 | Teacher Test F1: 0.759 | Student Test F1: 0.693 | Teacher Top 5 Accuracy: 0.944 | Student Top 5 Accuracy: 0.918 | Time: 2.461 | 
Running student landscape probe...
[adalrs] epoch=57 decision=fallback_cosine_clamp best_lr=0.010000 cosine_lr=0.007150 improvement=0.000000 next_student_lr=0.006435
[Train] Epoch: 58 | Teacher lr=0.0062 | Teacher Loss: 0.402 | Teacher Train Acc: 97.212 | Student lr=0.0064 | Student Train Acc: 88.390 | Time: 138.129 |
[Eval] Epoch: 58 | Teacher Test Loss: 0.836 | Teacher Test Acc: 75.760 | Student Test Loss: 1.112 | Student Test Acc: 69.350 | Teacher Test F1: 0.758 | Student Test F1: 0.693 | Teacher Top 5 Accuracy: 0.944 | Student Top 5 Accuracy: 0.920 | Time: 2.507 | 
Running student landscape probe...
[adalrs] epoch=58 decision=accept_probe best_lr=0.200000 cosine_lr=0.003736 improvement=0.027140 next_student_lr=0.200000
[Train] Epoch: 59 | Teacher lr=0.0027 | Teacher Loss: 0.754 | Teacher Train Acc: 97.170 | Student lr=0.2000 | Student Train Acc: 70.128 | Time: 136.488 |
[Eval] Epoch: 59 | Teacher Test Loss: 0.842 | Teacher Test Acc: 75.540 | Student Test Loss: 1.695 | Student Test Acc: 55.930 | Teacher Test F1: 0.756 | Student Test F1: 0.562 | Teacher Top 5 Accuracy: 0.943 | Student Top 5 Accuracy: 0.840 | Time: 2.683 | 
Running student landscape probe...
[adalrs] epoch=59 decision=fallback_cosine_clamp best_lr=0.001000 cosine_lr=0.001685 improvement=0.000000 next_student_lr=0.001516
[Train] Epoch: 60 | Teacher lr=0.0007 | Teacher Loss: 0.545 | Teacher Train Acc: 97.198 | Student lr=0.0015 | Student Train Acc: 77.434 | Time: 135.782 |
[Eval] Epoch: 60 | Teacher Test Loss: 0.841 | Teacher Test Acc: 75.480 | Student Test Loss: 1.122 | Student Test Acc: 67.830 | Teacher Test F1: 0.755 | Student Test F1: 0.678 | Teacher Top 5 Accuracy: 0.943 | Student Top 5 Accuracy: 0.913 | Time: 2.542 | 
Running student landscape probe...
[adalrs] epoch=60 decision=fallback_cosine_clamp best_lr=0.001000 cosine_lr=0.001000 improvement=0.000000 next_student_lr=0.001000
ckpt location: ckpt/sota_adalrs_stars/adalrs_aggressive_seed3_60ep.pt
