/home/jovyan/.mlspace/envs/egy_llm/lib/python3.11/site-packages/torchvision/datasets/cifar.py:83: VisibleDeprecationWarning: dtype(): align should be passed as Python or NumPy boolean but got `align=0`. Did you mean to pass a tuple to create a subarray type? (Deprecated NumPy 2.4)
  entry = pickle.load(f, encoding="latin1")
depth_list: [110, 20]
Dataset information: cifar100	 50000 images for training 	 10000 images for testing	
teacher depth: 110
student depth: 20
Total number of teacher parameters: 1,169,972
Total number of student parameters: 278,132
Snapshots will be saved to: snapshots/sota_adalrs_stars/adalrs_narrow_safe_seed1_60ep
==== train and evaluate unequal restart ====
[scheduler] AdaLRS active init_lr=0.01 alpha=0.7 beta=1.3 margin=0.001 clamp=0.8
[Eval] Epoch: 0 | Teacher Test Loss: 12407.062 | Teacher Test Acc: 0.990 | Student Test Loss: 7.984 | Student Test Acc: 1.020 | Teacher Test F1: 0.000 | Student Test F1: 0.000 | Teacher Top 5 Accuracy: 0.050 | Student Top 5 Accuracy: 0.046 | Time: 3.175 | 
Running student landscape probe...
[Train] Epoch: 1 | Teacher lr=1.0000 | Teacher Loss: 4.015 | Teacher Train Acc: 9.846 | Student lr=0.0100 | Student Train Acc: 6.988 | Time: 138.316 |
[Eval] Epoch: 1 | Teacher Test Loss: 3.711 | Teacher Test Acc: 12.870 | Student Test Loss: 3.826 | Student Test Acc: 10.480 | Teacher Test F1: 0.101 | Student Test F1: 0.068 | Teacher Top 5 Accuracy: 0.368 | Student Top 5 Accuracy: 0.310 | Time: 2.336 | 
Running student landscape probe...
[adalrs] epoch=1 decision=warmup_cosine best_lr=0.999315 cosine_lr=0.999315 improvement=0.000000 next_student_lr=0.999315
[Train] Epoch: 2 | Teacher lr=0.9993 | Teacher Loss: 3.411 | Teacher Train Acc: 21.298 | Student lr=0.9993 | Student Train Acc: 17.552 | Time: 135.597 |
[Eval] Epoch: 2 | Teacher Test Loss: 3.352 | Teacher Test Acc: 19.720 | Student Test Loss: 3.380 | Student Test Acc: 19.480 | Teacher Test F1: 0.165 | Student Test F1: 0.173 | Teacher Top 5 Accuracy: 0.481 | Student Top 5 Accuracy: 0.491 | Time: 2.457 | 
Running student landscape probe...
[adalrs] epoch=2 decision=warmup_cosine best_lr=0.997264 cosine_lr=0.997264 improvement=0.000000 next_student_lr=0.997264
[Train] Epoch: 3 | Teacher lr=0.9973 | Teacher Loss: 2.873 | Teacher Train Acc: 31.300 | Student lr=0.9973 | Student Train Acc: 38.932 | Time: 135.292 |
[Eval] Epoch: 3 | Teacher Test Loss: 2.649 | Teacher Test Acc: 30.970 | Student Test Loss: 2.520 | Student Test Acc: 34.260 | Teacher Test F1: 0.299 | Student Test F1: 0.335 | Teacher Top 5 Accuracy: 0.651 | Student Top 5 Accuracy: 0.680 | Time: 2.479 | 
Running student landscape probe...
[adalrs] epoch=3 decision=warmup_cosine best_lr=0.993850 cosine_lr=0.993850 improvement=0.000000 next_student_lr=0.993850
[Train] Epoch: 4 | Teacher lr=0.9938 | Teacher Loss: 2.694 | Teacher Train Acc: 36.782 | Student lr=0.9939 | Student Train Acc: 47.012 | Time: 137.610 |
[Eval] Epoch: 4 | Teacher Test Loss: 2.431 | Teacher Test Acc: 35.630 | Student Test Loss: 2.722 | Student Test Acc: 31.180 | Teacher Test F1: 0.343 | Student Test F1: 0.305 | Teacher Top 5 Accuracy: 0.703 | Student Top 5 Accuracy: 0.651 | Time: 2.461 | 
Running student landscape probe...
[adalrs] epoch=4 decision=warmup_cosine best_lr=0.989085 cosine_lr=0.989085 improvement=0.000000 next_student_lr=0.989085
[Train] Epoch: 5 | Teacher lr=0.9891 | Teacher Loss: 2.303 | Teacher Train Acc: 44.764 | Student lr=0.9891 | Student Train Acc: 51.252 | Time: 135.531 |
[Eval] Epoch: 5 | Teacher Test Loss: 2.260 | Teacher Test Acc: 40.030 | Student Test Loss: 3.179 | Student Test Acc: 25.400 | Teacher Test F1: 0.386 | Student Test F1: 0.247 | Teacher Top 5 Accuracy: 0.732 | Student Top 5 Accuracy: 0.581 | Time: 2.485 | 
Running student landscape probe...
[adalrs] epoch=5 decision=warmup_cosine best_lr=0.982980 cosine_lr=0.982980 improvement=0.000000 next_student_lr=0.982980
[Train] Epoch: 6 | Teacher lr=0.9830 | Teacher Loss: 2.173 | Teacher Train Acc: 48.060 | Student lr=0.9830 | Student Train Acc: 53.536 | Time: 135.470 |
[Eval] Epoch: 6 | Teacher Test Loss: 2.292 | Teacher Test Acc: 39.750 | Student Test Loss: 2.747 | Student Test Acc: 33.540 | Teacher Test F1: 0.395 | Student Test F1: 0.324 | Teacher Top 5 Accuracy: 0.726 | Student Top 5 Accuracy: 0.642 | Time: 2.420 | 
Running student landscape probe...
[adalrs] epoch=6 decision=accept_probe best_lr=1.200000 cosine_lr=0.975553 improvement=0.011127 next_student_lr=1.200000
[Train] Epoch: 7 | Teacher lr=0.9755 | Teacher Loss: 2.081 | Teacher Train Acc: 50.872 | Student lr=1.2000 | Student Train Acc: 53.666 | Time: 136.413 |
[Eval] Epoch: 7 | Teacher Test Loss: 2.124 | Teacher Test Acc: 43.310 | Student Test Loss: 2.717 | Student Test Acc: 32.390 | Teacher Test F1: 0.422 | Student Test F1: 0.311 | Teacher Top 5 Accuracy: 0.759 | Student Top 5 Accuracy: 0.653 | Time: 2.593 | 
Running student landscape probe...
[adalrs] epoch=7 decision=accept_probe best_lr=1.200000 cosine_lr=0.966823 improvement=0.007087 next_student_lr=1.200000
[Train] Epoch: 8 | Teacher lr=0.9668 | Teacher Loss: 2.006 | Teacher Train Acc: 53.212 | Student lr=1.2000 | Student Train Acc: 54.668 | Time: 137.675 |
[Eval] Epoch: 8 | Teacher Test Loss: 1.998 | Teacher Test Acc: 46.310 | Student Test Loss: 2.449 | Student Test Acc: 37.850 | Teacher Test F1: 0.452 | Student Test F1: 0.381 | Teacher Top 5 Accuracy: 0.777 | Student Top 5 Accuracy: 0.704 | Time: 2.579 | 
Running student landscape probe...
[adalrs] epoch=8 decision=accept_probe best_lr=1.200000 cosine_lr=0.956816 improvement=0.008983 next_student_lr=1.200000
[Train] Epoch: 9 | Teacher lr=0.9568 | Teacher Loss: 1.929 | Teacher Train Acc: 54.998 | Student lr=1.2000 | Student Train Acc: 55.692 | Time: 135.444 |
[Eval] Epoch: 9 | Teacher Test Loss: 1.851 | Teacher Test Acc: 49.310 | Student Test Loss: 2.496 | Student Test Acc: 36.380 | Teacher Test F1: 0.488 | Student Test F1: 0.355 | Teacher Top 5 Accuracy: 0.803 | Student Top 5 Accuracy: 0.691 | Time: 2.503 | 
Running student landscape probe...
[adalrs] epoch=9 decision=accept_probe best_lr=1.200000 cosine_lr=0.945558 improvement=0.019203 next_student_lr=1.200000
[Train] Epoch: 10 | Teacher lr=0.9455 | Teacher Loss: 1.858 | Teacher Train Acc: 56.952 | Student lr=1.2000 | Student Train Acc: 56.278 | Time: 136.809 |
[Eval] Epoch: 10 | Teacher Test Loss: 1.942 | Teacher Test Acc: 45.930 | Student Test Loss: 2.341 | Student Test Acc: 39.730 | Teacher Test F1: 0.458 | Student Test F1: 0.396 | Teacher Top 5 Accuracy: 0.791 | Student Top 5 Accuracy: 0.724 | Time: 2.522 | 
Running student landscape probe...
[adalrs] epoch=10 decision=accept_probe best_lr=1.200000 cosine_lr=0.933080 improvement=0.017674 next_student_lr=1.200000
[Train] Epoch: 11 | Teacher lr=0.9330 | Teacher Loss: 1.841 | Teacher Train Acc: 57.624 | Student lr=1.2000 | Student Train Acc: 56.512 | Time: 138.596 |
[Eval] Epoch: 11 | Teacher Test Loss: 1.991 | Teacher Test Acc: 46.520 | Student Test Loss: 2.852 | Student Test Acc: 33.620 | Teacher Test F1: 0.463 | Student Test F1: 0.320 | Teacher Top 5 Accuracy: 0.789 | Student Top 5 Accuracy: 0.663 | Time: 2.520 | 
Running student landscape probe...
[adalrs] epoch=11 decision=accept_probe best_lr=1.100000 cosine_lr=0.919416 improvement=0.013267 next_student_lr=1.100000
[Train] Epoch: 12 | Teacher lr=0.9193 | Teacher Loss: 1.775 | Teacher Train Acc: 59.052 | Student lr=1.1000 | Student Train Acc: 57.710 | Time: 137.616 |
[Eval] Epoch: 12 | Teacher Test Loss: 1.726 | Teacher Test Acc: 52.490 | Student Test Loss: 3.266 | Student Test Acc: 29.020 | Teacher Test F1: 0.517 | Student Test F1: 0.283 | Teacher Top 5 Accuracy: 0.830 | Student Top 5 Accuracy: 0.584 | Time: 2.520 | 
Running student landscape probe...
[adalrs] epoch=12 decision=rising_loss_clamp best_lr=1.100000 cosine_lr=0.904604 improvement=0.012207 next_student_lr=0.723683
[Train] Epoch: 13 | Teacher lr=0.9045 | Teacher Loss: 1.970 | Teacher Train Acc: 54.514 | Student lr=0.7237 | Student Train Acc: 61.292 | Time: 135.965 |
[Eval] Epoch: 13 | Teacher Test Loss: 1.701 | Teacher Test Acc: 52.360 | Student Test Loss: 2.224 | Student Test Acc: 42.560 | Teacher Test F1: 0.513 | Student Test F1: 0.431 | Teacher Top 5 Accuracy: 0.832 | Student Top 5 Accuracy: 0.742 | Time: 2.341 | 
Running student landscape probe...
[adalrs] epoch=13 decision=accept_probe best_lr=1.100000 cosine_lr=0.888684 improvement=0.010735 next_student_lr=1.100000
[Train] Epoch: 14 | Teacher lr=0.8886 | Teacher Loss: 1.762 | Teacher Train Acc: 60.114 | Student lr=1.1000 | Student Train Acc: 55.752 | Time: 136.488 |
[Eval] Epoch: 14 | Teacher Test Loss: 1.628 | Teacher Test Acc: 54.560 | Student Test Loss: 3.560 | Student Test Acc: 23.750 | Teacher Test F1: 0.543 | Student Test F1: 0.216 | Teacher Top 5 Accuracy: 0.839 | Student Top 5 Accuracy: 0.513 | Time: 2.518 | 
Running student landscape probe...
[adalrs] epoch=14 decision=accept_probe best_lr=1.100000 cosine_lr=0.871701 improvement=0.014423 next_student_lr=1.100000
[Train] Epoch: 15 | Teacher lr=0.8716 | Teacher Loss: 1.680 | Teacher Train Acc: 61.796 | Student lr=1.1000 | Student Train Acc: 58.164 | Time: 137.527 |
[Eval] Epoch: 15 | Teacher Test Loss: 1.669 | Teacher Test Acc: 54.020 | Student Test Loss: 2.107 | Student Test Acc: 44.830 | Teacher Test F1: 0.534 | Student Test F1: 0.442 | Teacher Top 5 Accuracy: 0.836 | Student Top 5 Accuracy: 0.766 | Time: 2.440 | 
Running student landscape probe...
[adalrs] epoch=15 decision=accept_probe best_lr=1.100000 cosine_lr=0.853700 improvement=0.012010 next_student_lr=1.100000
[Train] Epoch: 16 | Teacher lr=0.8536 | Teacher Loss: 1.653 | Teacher Train Acc: 62.630 | Student lr=1.1000 | Student Train Acc: 58.674 | Time: 137.242 |
[Eval] Epoch: 16 | Teacher Test Loss: 1.676 | Teacher Test Acc: 53.600 | Student Test Loss: 2.800 | Student Test Acc: 33.290 | Teacher Test F1: 0.536 | Student Test F1: 0.346 | Teacher Top 5 Accuracy: 0.830 | Student Top 5 Accuracy: 0.651 | Time: 2.575 | 
Running student landscape probe...
[adalrs] epoch=16 decision=accept_probe best_lr=1.000000 cosine_lr=0.834731 improvement=0.015800 next_student_lr=1.000000
[Train] Epoch: 17 | Teacher lr=0.8346 | Teacher Loss: 1.674 | Teacher Train Acc: 61.908 | Student lr=1.0000 | Student Train Acc: 59.526 | Time: 137.737 |
[Eval] Epoch: 17 | Teacher Test Loss: 1.656 | Teacher Test Acc: 52.950 | Student Test Loss: 4.794 | Student Test Acc: 17.300 | Teacher Test F1: 0.529 | Student Test F1: 0.167 | Teacher Top 5 Accuracy: 0.839 | Student Top 5 Accuracy: 0.428 | Time: 2.389 | 
Running student landscape probe...
[adalrs] epoch=17 decision=rising_loss_clamp best_lr=1.000000 cosine_lr=0.814846 improvement=0.013680 next_student_lr=0.651876
[Train] Epoch: 18 | Teacher lr=0.8147 | Teacher Loss: 1.591 | Teacher Train Acc: 63.176 | Student lr=0.6519 | Student Train Acc: 63.300 | Time: 135.396 |
[Eval] Epoch: 18 | Teacher Test Loss: 1.585 | Teacher Test Acc: 56.600 | Student Test Loss: 2.203 | Student Test Acc: 44.290 | Teacher Test F1: 0.562 | Student Test F1: 0.434 | Teacher Top 5 Accuracy: 0.846 | Student Top 5 Accuracy: 0.750 | Time: 2.504 | 
Running student landscape probe...
[adalrs] epoch=18 decision=accept_probe best_lr=1.000000 cosine_lr=0.794099 improvement=0.014490 next_student_lr=1.000000
[Train] Epoch: 19 | Teacher lr=0.7939 | Teacher Loss: 1.601 | Teacher Train Acc: 64.538 | Student lr=1.0000 | Student Train Acc: 59.310 | Time: 135.456 |
[Eval] Epoch: 19 | Teacher Test Loss: 1.605 | Teacher Test Acc: 55.210 | Student Test Loss: 2.371 | Student Test Acc: 40.670 | Teacher Test F1: 0.547 | Student Test F1: 0.402 | Teacher Top 5 Accuracy: 0.847 | Student Top 5 Accuracy: 0.725 | Time: 2.442 | 
Running student landscape probe...
[adalrs] epoch=19 decision=accept_probe best_lr=1.000000 cosine_lr=0.772547 improvement=0.013445 next_student_lr=1.000000
[Train] Epoch: 20 | Teacher lr=0.7723 | Teacher Loss: 1.565 | Teacher Train Acc: 65.240 | Student lr=1.0000 | Student Train Acc: 60.066 | Time: 137.579 |
[Eval] Epoch: 20 | Teacher Test Loss: 1.537 | Teacher Test Acc: 55.640 | Student Test Loss: 2.989 | Student Test Acc: 32.400 | Teacher Test F1: 0.554 | Student Test F1: 0.342 | Teacher Top 5 Accuracy: 0.859 | Student Top 5 Accuracy: 0.668 | Time: 2.303 | 
Running student landscape probe...
[adalrs] epoch=20 decision=rising_loss_clamp best_lr=0.900000 cosine_lr=0.750250 improvement=0.006347 next_student_lr=0.600200
[Train] Epoch: 21 | Teacher lr=0.7500 | Teacher Loss: 1.509 | Teacher Train Acc: 65.224 | Student lr=0.6002 | Student Train Acc: 64.270 | Time: 138.507 |
[Eval] Epoch: 21 | Teacher Test Loss: 1.701 | Teacher Test Acc: 52.290 | Student Test Loss: 1.722 | Student Test Acc: 52.230 | Teacher Test F1: 0.527 | Student Test F1: 0.514 | Teacher Top 5 Accuracy: 0.828 | Student Top 5 Accuracy: 0.823 | Time: 2.348 | 
Running student landscape probe...
[adalrs] epoch=21 decision=accept_probe best_lr=0.900000 cosine_lr=0.727268 improvement=0.014992 next_student_lr=0.900000
[Train] Epoch: 22 | Teacher lr=0.7270 | Teacher Loss: 1.533 | Teacher Train Acc: 66.038 | Student lr=0.9000 | Student Train Acc: 60.976 | Time: 135.942 |
[Eval] Epoch: 22 | Teacher Test Loss: 1.456 | Teacher Test Acc: 58.710 | Student Test Loss: 2.287 | Student Test Acc: 41.530 | Teacher Test F1: 0.585 | Student Test F1: 0.412 | Teacher Top 5 Accuracy: 0.873 | Student Top 5 Accuracy: 0.738 | Time: 2.548 | 
Running student landscape probe...
[adalrs] epoch=22 decision=accept_probe best_lr=0.900000 cosine_lr=0.703665 improvement=0.018105 next_student_lr=0.900000
[Train] Epoch: 23 | Teacher lr=0.7034 | Teacher Loss: 1.506 | Teacher Train Acc: 67.156 | Student lr=0.9000 | Student Train Acc: 60.662 | Time: 137.165 |
[Eval] Epoch: 23 | Teacher Test Loss: 1.641 | Teacher Test Acc: 54.860 | Student Test Loss: 2.078 | Student Test Acc: 45.090 | Teacher Test F1: 0.549 | Student Test F1: 0.454 | Teacher Top 5 Accuracy: 0.834 | Student Top 5 Accuracy: 0.765 | Time: 2.552 | 
Running student landscape probe...
[adalrs] epoch=23 decision=accept_probe best_lr=0.800000 cosine_lr=0.679505 improvement=0.005053 next_student_lr=0.800000
[Train] Epoch: 24 | Teacher lr=0.6792 | Teacher Loss: 1.470 | Teacher Train Acc: 67.450 | Student lr=0.8000 | Student Train Acc: 62.158 | Time: 136.103 |
[Eval] Epoch: 24 | Teacher Test Loss: 1.503 | Teacher Test Acc: 57.870 | Student Test Loss: 2.066 | Student Test Acc: 44.840 | Teacher Test F1: 0.576 | Student Test F1: 0.448 | Teacher Top 5 Accuracy: 0.860 | Student Top 5 Accuracy: 0.772 | Time: 2.552 | 
Running student landscape probe...
[adalrs] epoch=24 decision=accept_probe best_lr=0.800000 cosine_lr=0.654854 improvement=0.008615 next_student_lr=0.800000
[Train] Epoch: 25 | Teacher lr=0.6545 | Teacher Loss: 1.452 | Teacher Train Acc: 68.174 | Student lr=0.8000 | Student Train Acc: 62.552 | Time: 136.449 |
[Eval] Epoch: 25 | Teacher Test Loss: 1.519 | Teacher Test Acc: 56.920 | Student Test Loss: 2.402 | Student Test Acc: 39.800 | Teacher Test F1: 0.568 | Student Test F1: 0.408 | Teacher Top 5 Accuracy: 0.863 | Student Top 5 Accuracy: 0.728 | Time: 2.546 | 
Running student landscape probe...
[adalrs] epoch=25 decision=accept_probe best_lr=0.800000 cosine_lr=0.629780 improvement=0.012319 next_student_lr=0.800000
[Train] Epoch: 26 | Teacher lr=0.6294 | Teacher Loss: 1.435 | Teacher Train Acc: 68.584 | Student lr=0.8000 | Student Train Acc: 62.348 | Time: 138.353 |
[Eval] Epoch: 26 | Teacher Test Loss: 1.433 | Teacher Test Acc: 59.960 | Student Test Loss: 1.776 | Student Test Acc: 51.410 | Teacher Test F1: 0.598 | Student Test F1: 0.508 | Teacher Top 5 Accuracy: 0.871 | Student Top 5 Accuracy: 0.817 | Time: 2.236 | 
Running student landscape probe...
[adalrs] epoch=26 decision=accept_probe best_lr=0.700000 cosine_lr=0.604352 improvement=0.006361 next_student_lr=0.700000
[Train] Epoch: 27 | Teacher lr=0.6040 | Teacher Loss: 1.392 | Teacher Train Acc: 69.620 | Student lr=0.7000 | Student Train Acc: 63.894 | Time: 138.348 |
[Eval] Epoch: 27 | Teacher Test Loss: 1.406 | Teacher Test Acc: 60.320 | Student Test Loss: 2.037 | Student Test Acc: 45.720 | Teacher Test F1: 0.602 | Student Test F1: 0.455 | Teacher Top 5 Accuracy: 0.871 | Student Top 5 Accuracy: 0.772 | Time: 2.114 | 
Running student landscape probe...
[adalrs] epoch=27 decision=accept_probe best_lr=0.700000 cosine_lr=0.578639 improvement=0.006252 next_student_lr=0.700000
[Train] Epoch: 28 | Teacher lr=0.5782 | Teacher Loss: 1.382 | Teacher Train Acc: 70.094 | Student lr=0.7000 | Student Train Acc: 63.976 | Time: 137.790 |
[Eval] Epoch: 28 | Teacher Test Loss: 1.402 | Teacher Test Acc: 60.110 | Student Test Loss: 1.905 | Student Test Acc: 48.400 | Teacher Test F1: 0.604 | Student Test F1: 0.481 | Teacher Top 5 Accuracy: 0.879 | Student Top 5 Accuracy: 0.803 | Time: 2.319 | 
Running student landscape probe...
[adalrs] epoch=28 decision=accept_probe best_lr=0.700000 cosine_lr=0.552712 improvement=0.008642 next_student_lr=0.700000
[Train] Epoch: 29 | Teacher lr=0.5523 | Teacher Loss: 1.357 | Teacher Train Acc: 71.216 | Student lr=0.7000 | Student Train Acc: 64.028 | Time: 141.245 |
[Eval] Epoch: 29 | Teacher Test Loss: 1.311 | Teacher Test Acc: 62.460 | Student Test Loss: 1.819 | Student Test Acc: 50.500 | Teacher Test F1: 0.625 | Student Test F1: 0.501 | Teacher Top 5 Accuracy: 0.894 | Student Top 5 Accuracy: 0.818 | Time: 2.339 | 
Running student landscape probe...
[adalrs] epoch=29 decision=accept_probe best_lr=0.600000 cosine_lr=0.526642 improvement=0.008533 next_student_lr=0.600000
[Train] Epoch: 30 | Teacher lr=0.5262 | Teacher Loss: 1.318 | Teacher Train Acc: 71.594 | Student lr=0.6000 | Student Train Acc: 65.314 | Time: 137.702 |
[Eval] Epoch: 30 | Teacher Test Loss: 1.357 | Teacher Test Acc: 61.550 | Student Test Loss: 1.892 | Student Test Acc: 48.910 | Teacher Test F1: 0.615 | Student Test F1: 0.489 | Teacher Top 5 Accuracy: 0.884 | Student Top 5 Accuracy: 0.800 | Time: 2.483 | 
Running student landscape probe...
[adalrs] epoch=30 decision=accept_probe best_lr=0.600000 cosine_lr=0.500500 improvement=0.009608 next_student_lr=0.600000
[Train] Epoch: 31 | Teacher lr=0.5000 | Teacher Loss: 1.303 | Teacher Train Acc: 72.092 | Student lr=0.6000 | Student Train Acc: 65.368 | Time: 137.482 |
[Eval] Epoch: 31 | Teacher Test Loss: 1.282 | Teacher Test Acc: 62.690 | Student Test Loss: 2.509 | Student Test Acc: 39.110 | Teacher Test F1: 0.624 | Student Test F1: 0.380 | Teacher Top 5 Accuracy: 0.891 | Student Top 5 Accuracy: 0.711 | Time: 2.408 | 
Running student landscape probe...
[adalrs] epoch=31 decision=rising_loss_clamp best_lr=0.400000 cosine_lr=0.474358 improvement=0.006458 next_student_lr=0.379487
[Train] Epoch: 32 | Teacher lr=0.4738 | Teacher Loss: 1.242 | Teacher Train Acc: 72.612 | Student lr=0.3795 | Student Train Acc: 69.356 | Time: 138.297 |
[Eval] Epoch: 32 | Teacher Test Loss: 1.326 | Teacher Test Acc: 61.750 | Student Test Loss: 1.608 | Student Test Acc: 56.030 | Teacher Test F1: 0.621 | Student Test F1: 0.563 | Teacher Top 5 Accuracy: 0.887 | Student Top 5 Accuracy: 0.847 | Time: 2.427 | 
Running student landscape probe...
[adalrs] epoch=32 decision=accept_probe best_lr=0.500000 cosine_lr=0.448288 improvement=0.009047 next_student_lr=0.500000
[Train] Epoch: 33 | Teacher lr=0.4477 | Teacher Loss: 1.255 | Teacher Train Acc: 73.408 | Student lr=0.5000 | Student Train Acc: 66.802 | Time: 137.807 |
[Eval] Epoch: 33 | Teacher Test Loss: 1.306 | Teacher Test Acc: 62.210 | Student Test Loss: 1.763 | Student Test Acc: 52.570 | Teacher Test F1: 0.622 | Student Test F1: 0.524 | Teacher Top 5 Accuracy: 0.889 | Student Top 5 Accuracy: 0.819 | Time: 2.615 | 
Running student landscape probe...
[adalrs] epoch=33 decision=accept_probe best_lr=0.500000 cosine_lr=0.422361 improvement=0.015054 next_student_lr=0.500000
[Train] Epoch: 34 | Teacher lr=0.4218 | Teacher Loss: 1.217 | Teacher Train Acc: 74.828 | Student lr=0.5000 | Student Train Acc: 67.320 | Time: 139.081 |
[Eval] Epoch: 34 | Teacher Test Loss: 1.371 | Teacher Test Acc: 61.420 | Student Test Loss: 1.983 | Student Test Acc: 48.010 | Teacher Test F1: 0.610 | Student Test F1: 0.476 | Teacher Top 5 Accuracy: 0.877 | Student Top 5 Accuracy: 0.777 | Time: 2.639 | 
Running student landscape probe...
[adalrs] epoch=34 decision=rising_loss_clamp best_lr=0.500000 cosine_lr=0.396648 improvement=0.010881 next_student_lr=0.317318
[Train] Epoch: 35 | Teacher lr=0.3960 | Teacher Loss: 1.151 | Teacher Train Acc: 75.402 | Student lr=0.3173 | Student Train Acc: 70.804 | Time: 137.423 |
[Eval] Epoch: 35 | Teacher Test Loss: 1.336 | Teacher Test Acc: 62.370 | Student Test Loss: 1.744 | Student Test Acc: 52.950 | Teacher Test F1: 0.623 | Student Test F1: 0.532 | Teacher Top 5 Accuracy: 0.882 | Student Top 5 Accuracy: 0.822 | Time: 2.790 | 
Running student landscape probe...
[adalrs] epoch=35 decision=fallback_cosine_clamp best_lr=0.400000 cosine_lr=0.371220 improvement=0.000000 next_student_lr=0.296976
[Train] Epoch: 36 | Teacher lr=0.3706 | Teacher Loss: 1.132 | Teacher Train Acc: 76.050 | Student lr=0.2970 | Student Train Acc: 71.396 | Time: 137.328 |
[Eval] Epoch: 36 | Teacher Test Loss: 1.164 | Teacher Test Acc: 66.590 | Student Test Loss: 1.490 | Student Test Acc: 58.980 | Teacher Test F1: 0.666 | Student Test F1: 0.592 | Teacher Top 5 Accuracy: 0.904 | Student Top 5 Accuracy: 0.870 | Time: 2.498 | 
Running student landscape probe...
[adalrs] epoch=36 decision=accept_probe best_lr=0.400000 cosine_lr=0.346146 improvement=0.010287 next_student_lr=0.400000
[Train] Epoch: 37 | Teacher lr=0.3455 | Teacher Loss: 1.130 | Teacher Train Acc: 77.348 | Student lr=0.4000 | Student Train Acc: 68.598 | Time: 137.572 |
[Eval] Epoch: 37 | Teacher Test Loss: 1.187 | Teacher Test Acc: 66.210 | Student Test Loss: 1.674 | Student Test Acc: 53.460 | Teacher Test F1: 0.663 | Student Test F1: 0.535 | Teacher Top 5 Accuracy: 0.906 | Student Top 5 Accuracy: 0.833 | Time: 2.602 | 
Running student landscape probe...
[adalrs] epoch=37 decision=accept_probe best_lr=0.400000 cosine_lr=0.321495 improvement=0.008388 next_student_lr=0.400000
[Train] Epoch: 38 | Teacher lr=0.3208 | Teacher Loss: 1.094 | Teacher Train Acc: 78.586 | Student lr=0.4000 | Student Train Acc: 69.256 | Time: 137.422 |
[Eval] Epoch: 38 | Teacher Test Loss: 1.125 | Teacher Test Acc: 67.130 | Student Test Loss: 1.925 | Student Test Acc: 49.670 | Teacher Test F1: 0.671 | Student Test F1: 0.502 | Teacher Top 5 Accuracy: 0.914 | Student Top 5 Accuracy: 0.807 | Time: 2.724 | 
Running student landscape probe...
[adalrs] epoch=38 decision=rising_loss_clamp best_lr=0.300000 cosine_lr=0.297335 improvement=0.000000 next_student_lr=0.237868
[Train] Epoch: 39 | Teacher lr=0.2966 | Teacher Loss: 1.022 | Teacher Train Acc: 79.042 | Student lr=0.2379 | Student Train Acc: 73.368 | Time: 138.065 |
[Eval] Epoch: 39 | Teacher Test Loss: 1.151 | Teacher Test Acc: 66.890 | Student Test Loss: 1.453 | Student Test Acc: 59.190 | Teacher Test F1: 0.670 | Student Test F1: 0.595 | Teacher Top 5 Accuracy: 0.907 | Student Top 5 Accuracy: 0.868 | Time: 2.793 | 
Running student landscape probe...
[adalrs] epoch=39 decision=fallback_cosine_clamp best_lr=0.300000 cosine_lr=0.273732 improvement=0.000000 next_student_lr=0.218985
[Train] Epoch: 40 | Teacher lr=0.2730 | Teacher Loss: 1.004 | Teacher Train Acc: 79.756 | Student lr=0.2190 | Student Train Acc: 74.322 | Time: 136.666 |
[Eval] Epoch: 40 | Teacher Test Loss: 1.089 | Teacher Test Acc: 68.140 | Student Test Loss: 1.557 | Student Test Acc: 57.500 | Teacher Test F1: 0.682 | Student Test F1: 0.576 | Teacher Top 5 Accuracy: 0.915 | Student Top 5 Accuracy: 0.857 | Time: 2.795 | 
Running student landscape probe...
[adalrs] epoch=40 decision=fallback_cosine_clamp best_lr=0.300000 cosine_lr=0.250750 improvement=0.000000 next_student_lr=0.200600
[Train] Epoch: 41 | Teacher lr=0.2500 | Teacher Loss: 0.963 | Teacher Train Acc: 81.250 | Student lr=0.2006 | Student Train Acc: 74.610 | Time: 137.311 |
[Eval] Epoch: 41 | Teacher Test Loss: 1.209 | Teacher Test Acc: 65.400 | Student Test Loss: 1.631 | Student Test Acc: 54.970 | Teacher Test F1: 0.659 | Student Test F1: 0.550 | Teacher Top 5 Accuracy: 0.900 | Student Top 5 Accuracy: 0.846 | Time: 2.582 | 
Running student landscape probe...
[adalrs] epoch=41 decision=rising_loss_clamp best_lr=0.200000 cosine_lr=0.228453 improvement=0.000000 next_student_lr=0.182762
[Train] Epoch: 42 | Teacher lr=0.2277 | Teacher Loss: 0.926 | Teacher Train Acc: 82.310 | Student lr=0.1828 | Student Train Acc: 75.104 | Time: 137.735 |
[Eval] Epoch: 42 | Teacher Test Loss: 1.071 | Teacher Test Acc: 68.950 | Student Test Loss: 1.465 | Student Test Acc: 59.680 | Teacher Test F1: 0.691 | Student Test F1: 0.599 | Teacher Top 5 Accuracy: 0.919 | Student Top 5 Accuracy: 0.869 | Time: 2.799 | 
Running student landscape probe...
[adalrs] epoch=42 decision=fallback_cosine_clamp best_lr=0.200000 cosine_lr=0.206901 improvement=0.000000 next_student_lr=0.165521
[Train] Epoch: 43 | Teacher lr=0.2061 | Teacher Loss: 0.896 | Teacher Train Acc: 83.186 | Student lr=0.1655 | Student Train Acc: 75.728 | Time: 138.208 |
[Eval] Epoch: 43 | Teacher Test Loss: 1.014 | Teacher Test Acc: 70.410 | Student Test Loss: 1.442 | Student Test Acc: 60.170 | Teacher Test F1: 0.705 | Student Test F1: 0.601 | Teacher Top 5 Accuracy: 0.923 | Student Top 5 Accuracy: 0.871 | Time: 2.647 | 
Running student landscape probe...
[adalrs] epoch=43 decision=fallback_cosine_clamp best_lr=0.200000 cosine_lr=0.186154 improvement=0.000000 next_student_lr=0.148924
[Train] Epoch: 44 | Teacher lr=0.1853 | Teacher Loss: 0.853 | Teacher Train Acc: 84.548 | Student lr=0.1489 | Student Train Acc: 76.582 | Time: 138.274 |
[Eval] Epoch: 44 | Teacher Test Loss: 1.004 | Teacher Test Acc: 70.870 | Student Test Loss: 1.378 | Student Test Acc: 61.610 | Teacher Test F1: 0.709 | Student Test F1: 0.616 | Teacher Top 5 Accuracy: 0.926 | Student Top 5 Accuracy: 0.887 | Time: 2.749 | 
Running student landscape probe...
[adalrs] epoch=44 decision=fallback_cosine_clamp best_lr=0.200000 cosine_lr=0.166269 improvement=0.000000 next_student_lr=0.133015
[Train] Epoch: 45 | Teacher lr=0.1654 | Teacher Loss: 0.815 | Teacher Train Acc: 85.918 | Student lr=0.1330 | Student Train Acc: 77.230 | Time: 138.403 |
[Eval] Epoch: 45 | Teacher Test Loss: 0.964 | Teacher Test Acc: 71.600 | Student Test Loss: 1.346 | Student Test Acc: 62.700 | Teacher Test F1: 0.715 | Student Test F1: 0.626 | Teacher Top 5 Accuracy: 0.927 | Student Top 5 Accuracy: 0.889 | Time: 2.727 | 
Running student landscape probe...
[adalrs] epoch=45 decision=accept_probe best_lr=0.800000 cosine_lr=0.147300 improvement=0.113341 next_student_lr=0.800000
[Train] Epoch: 46 | Teacher lr=0.1464 | Teacher Loss: 1.414 | Teacher Train Acc: 84.550 | Student lr=0.8000 | Student Train Acc: 38.602 | Time: 138.359 |
[Eval] Epoch: 46 | Teacher Test Loss: 0.966 | Teacher Test Acc: 72.800 | Student Test Loss: 2.253 | Student Test Acc: 42.290 | Teacher Test F1: 0.728 | Student Test F1: 0.420 | Teacher Top 5 Accuracy: 0.933 | Student Top 5 Accuracy: 0.751 | Time: 2.816 | 
Running student landscape probe...
[adalrs] epoch=46 decision=fallback_cosine_clamp best_lr=0.100000 cosine_lr=0.129299 improvement=0.000000 next_student_lr=0.103439
[Train] Epoch: 47 | Teacher lr=0.1284 | Teacher Loss: 0.841 | Teacher Train Acc: 88.296 | Student lr=0.1034 | Student Train Acc: 65.696 | Time: 138.963 |
[Eval] Epoch: 47 | Teacher Test Loss: 0.940 | Teacher Test Acc: 72.430 | Student Test Loss: 1.437 | Student Test Acc: 60.200 | Teacher Test F1: 0.727 | Student Test F1: 0.600 | Teacher Top 5 Accuracy: 0.935 | Student Top 5 Accuracy: 0.869 | Time: 2.791 | 
Running student landscape probe...
[adalrs] epoch=47 decision=fallback_cosine_clamp best_lr=0.100000 cosine_lr=0.112316 improvement=0.000000 next_student_lr=0.089852
[Train] Epoch: 48 | Teacher lr=0.1114 | Teacher Loss: 0.761 | Teacher Train Acc: 89.504 | Student lr=0.0899 | Student Train Acc: 70.178 | Time: 137.815 |
[Eval] Epoch: 48 | Teacher Test Loss: 0.915 | Teacher Test Acc: 73.130 | Student Test Loss: 1.298 | Student Test Acc: 63.650 | Teacher Test F1: 0.732 | Student Test F1: 0.634 | Teacher Top 5 Accuracy: 0.937 | Student Top 5 Accuracy: 0.887 | Time: 2.760 | 
Running student landscape probe...
[adalrs] epoch=48 decision=fallback_cosine_clamp best_lr=0.100000 cosine_lr=0.096396 improvement=0.000000 next_student_lr=0.077117
[Train] Epoch: 49 | Teacher lr=0.0955 | Teacher Loss: 0.711 | Teacher Train Acc: 90.724 | Student lr=0.0771 | Student Train Acc: 72.406 | Time: 137.377 |
[Eval] Epoch: 49 | Teacher Test Loss: 0.919 | Teacher Test Acc: 72.670 | Student Test Loss: 1.292 | Student Test Acc: 64.180 | Teacher Test F1: 0.727 | Student Test F1: 0.639 | Teacher Top 5 Accuracy: 0.932 | Student Top 5 Accuracy: 0.894 | Time: 2.821 | 
Running student landscape probe...
[adalrs] epoch=49 decision=fallback_cosine_clamp best_lr=0.100000 cosine_lr=0.081584 improvement=0.000000 next_student_lr=0.065267
[Train] Epoch: 50 | Teacher lr=0.0807 | Teacher Loss: 0.669 | Teacher Train Acc: 91.812 | Student lr=0.0653 | Student Train Acc: 74.338 | Time: 137.366 |
[Eval] Epoch: 50 | Teacher Test Loss: 0.892 | Teacher Test Acc: 73.380 | Student Test Loss: 1.322 | Student Test Acc: 63.420 | Teacher Test F1: 0.733 | Student Test F1: 0.634 | Teacher Top 5 Accuracy: 0.940 | Student Top 5 Accuracy: 0.891 | Time: 2.829 | 
Running student landscape probe...
[adalrs] epoch=50 decision=fallback_cosine_clamp best_lr=0.050000 cosine_lr=0.067920 improvement=0.000000 next_student_lr=0.054336
[Train] Epoch: 51 | Teacher lr=0.0670 | Teacher Loss: 0.635 | Teacher Train Acc: 92.768 | Student lr=0.0543 | Student Train Acc: 75.728 | Time: 138.064 |
[Eval] Epoch: 51 | Teacher Test Loss: 0.881 | Teacher Test Acc: 73.930 | Student Test Loss: 1.273 | Student Test Acc: 64.860 | Teacher Test F1: 0.739 | Student Test F1: 0.648 | Teacher Top 5 Accuracy: 0.939 | Student Top 5 Accuracy: 0.895 | Time: 2.704 | 
Running student landscape probe...
[adalrs] epoch=51 decision=fallback_cosine_clamp best_lr=0.050000 cosine_lr=0.055442 improvement=0.000000 next_student_lr=0.044354
[Train] Epoch: 52 | Teacher lr=0.0545 | Teacher Loss: 0.600 | Teacher Train Acc: 93.838 | Student lr=0.0444 | Student Train Acc: 77.344 | Time: 137.776 |
[Eval] Epoch: 52 | Teacher Test Loss: 0.864 | Teacher Test Acc: 74.360 | Student Test Loss: 1.221 | Student Test Acc: 65.950 | Teacher Test F1: 0.745 | Student Test F1: 0.658 | Teacher Top 5 Accuracy: 0.941 | Student Top 5 Accuracy: 0.902 | Time: 2.832 | 
Running student landscape probe...
[adalrs] epoch=52 decision=fallback_cosine_clamp best_lr=0.050000 cosine_lr=0.044184 improvement=0.000000 next_student_lr=0.035347
[Train] Epoch: 53 | Teacher lr=0.0432 | Teacher Loss: 0.569 | Teacher Train Acc: 94.498 | Student lr=0.0353 | Student Train Acc: 78.282 | Time: 137.801 |
[Eval] Epoch: 53 | Teacher Test Loss: 0.860 | Teacher Test Acc: 74.670 | Student Test Loss: 1.250 | Student Test Acc: 65.900 | Teacher Test F1: 0.747 | Student Test F1: 0.657 | Teacher Top 5 Accuracy: 0.941 | Student Top 5 Accuracy: 0.900 | Time: 2.834 | 
Running student landscape probe...
[adalrs] epoch=53 decision=fallback_cosine_clamp best_lr=0.025000 cosine_lr=0.034177 improvement=0.000000 next_student_lr=0.027341
[Train] Epoch: 54 | Teacher lr=0.0332 | Teacher Loss: 0.539 | Teacher Train Acc: 95.356 | Student lr=0.0273 | Student Train Acc: 79.548 | Time: 138.153 |
[Eval] Epoch: 54 | Teacher Test Loss: 0.853 | Teacher Test Acc: 74.960 | Student Test Loss: 1.185 | Student Test Acc: 67.020 | Teacher Test F1: 0.750 | Student Test F1: 0.669 | Teacher Top 5 Accuracy: 0.942 | Student Top 5 Accuracy: 0.908 | Time: 2.673 | 
Running student landscape probe...
[adalrs] epoch=54 decision=fallback_cosine_clamp best_lr=0.025000 cosine_lr=0.025447 improvement=0.000000 next_student_lr=0.020358
[Train] Epoch: 55 | Teacher lr=0.0245 | Teacher Loss: 0.515 | Teacher Train Acc: 95.766 | Student lr=0.0204 | Student Train Acc: 80.658 | Time: 138.353 |
[Eval] Epoch: 55 | Teacher Test Loss: 0.853 | Teacher Test Acc: 74.790 | Student Test Loss: 1.198 | Student Test Acc: 67.150 | Teacher Test F1: 0.749 | Student Test F1: 0.670 | Teacher Top 5 Accuracy: 0.942 | Student Top 5 Accuracy: 0.907 | Time: 2.661 | 
Running student landscape probe...
[adalrs] epoch=55 decision=accept_probe best_lr=0.400000 cosine_lr=0.018020 improvement=0.059434 next_student_lr=0.400000
[Train] Epoch: 56 | Teacher lr=0.0170 | Teacher Loss: 0.842 | Teacher Train Acc: 95.970 | Student lr=0.4000 | Student Train Acc: 62.894 | Time: 137.449 |
[Eval] Epoch: 56 | Teacher Test Loss: 0.874 | Teacher Test Acc: 74.440 | Student Test Loss: 2.050 | Student Test Acc: 48.390 | Teacher Test F1: 0.745 | Student Test F1: 0.485 | Teacher Top 5 Accuracy: 0.940 | Student Top 5 Accuracy: 0.784 | Time: 2.766 | 
Running student landscape probe...
[adalrs] epoch=56 decision=rising_loss_clamp best_lr=0.010000 cosine_lr=0.011915 improvement=0.000000 next_student_lr=0.009532
[Train] Epoch: 57 | Teacher lr=0.0109 | Teacher Loss: 0.579 | Teacher Train Acc: 96.358 | Student lr=0.0095 | Student Train Acc: 73.156 | Time: 137.689 |
[Eval] Epoch: 57 | Teacher Test Loss: 0.853 | Teacher Test Acc: 75.040 | Student Test Loss: 1.169 | Student Test Acc: 66.810 | Teacher Test F1: 0.751 | Student Test F1: 0.667 | Teacher Top 5 Accuracy: 0.942 | Student Top 5 Accuracy: 0.906 | Time: 2.833 | 
Running student landscape probe...
[adalrs] epoch=57 decision=accept_probe best_lr=0.800000 cosine_lr=0.007150 improvement=0.053644 next_student_lr=0.800000
[Train] Epoch: 58 | Teacher lr=0.0062 | Teacher Loss: 0.861 | Teacher Train Acc: 96.636 | Student lr=0.8000 | Student Train Acc: 60.074 | Time: 137.988 |
[Eval] Epoch: 58 | Teacher Test Loss: 0.876 | Teacher Test Acc: 74.950 | Student Test Loss: 2.378 | Student Test Acc: 43.890 | Teacher Test F1: 0.750 | Student Test F1: 0.437 | Teacher Top 5 Accuracy: 0.940 | Student Top 5 Accuracy: 0.754 | Time: 2.801 | 
Running student landscape probe...
[adalrs] epoch=58 decision=accept_probe best_lr=2.000000 cosine_lr=0.003736 improvement=0.111608 next_student_lr=1.500000
[Train] Epoch: 59 | Teacher lr=0.0027 | Teacher Loss: 0.984 | Teacher Train Acc: 96.802 | Student lr=1.5000 | Student Train Acc: 53.398 | Time: 137.820 |
[Eval] Epoch: 59 | Teacher Test Loss: 0.896 | Teacher Test Acc: 74.390 | Student Test Loss: 2.878 | Student Test Acc: 32.910 | Teacher Test F1: 0.744 | Student Test F1: 0.307 | Teacher Top 5 Accuracy: 0.939 | Student Top 5 Accuracy: 0.640 | Time: 2.762 | 
Running student landscape probe...
[adalrs] epoch=59 decision=rising_loss_clamp best_lr=2.500000 cosine_lr=0.001685 improvement=0.102608 next_student_lr=0.001348
[Train] Epoch: 60 | Teacher lr=0.0007 | Teacher Loss: 0.862 | Teacher Train Acc: 96.776 | Student lr=0.0013 | Student Train Acc: 57.852 | Time: 134.544 |
[Eval] Epoch: 60 | Teacher Test Loss: 0.897 | Teacher Test Acc: 74.360 | Student Test Loss: 1.491 | Student Test Acc: 57.730 | Teacher Test F1: 0.744 | Student Test F1: 0.575 | Teacher Top 5 Accuracy: 0.939 | Student Top 5 Accuracy: 0.862 | Time: 0.951 | 
Running student landscape probe...
[adalrs] epoch=60 decision=fallback_cosine_clamp best_lr=0.001000 cosine_lr=0.001000 improvement=0.000000 next_student_lr=0.001000
ckpt location: ckpt/sota_adalrs_stars/adalrs_narrow_safe_seed1_60ep.pt
