/home/jovyan/.mlspace/envs/egy_llm/lib/python3.11/site-packages/torchvision/datasets/cifar.py:83: VisibleDeprecationWarning: dtype(): align should be passed as Python or NumPy boolean but got `align=0`. Did you mean to pass a tuple to create a subarray type? (Deprecated NumPy 2.4)
  entry = pickle.load(f, encoding="latin1")
depth_list: [110, 20]
Dataset information: cifar100	 50000 images for training 	 10000 images for testing	
teacher depth: 110
student depth: 20
Total number of teacher parameters: 1,169,972
Total number of student parameters: 278,132
Snapshots will be saved to: snapshots/sota_bandit_industry/bandit_ucb_seed3_60ep
==== train and evaluate unequal restart ====
[scheduler] Bandit LR active mode=ucb init_lr=0.01 eta=0.05 gamma=0.2
[Eval] Epoch: 0 | Teacher Test Loss: 9743.739 | Teacher Test Acc: 1.130 | Student Test Loss: 5.207 | Student Test Acc: 1.000 | Teacher Test F1: 0.001 | Student Test F1: 0.000 | Teacher Top 5 Accuracy: 0.048 | Student Top 5 Accuracy: 0.047 | Time: 2.996 | 
Running student landscape probe...
[Train] Epoch: 1 | Teacher lr=1.0000 | Teacher Loss: 4.182 | Teacher Train Acc: 7.108 | Student lr=0.0100 | Student Train Acc: 6.904 | Time: 137.742 |
[Eval] Epoch: 1 | Teacher Test Loss: 3.808 | Teacher Test Acc: 10.910 | Student Test Loss: 3.880 | Student Test Acc: 9.610 | Teacher Test F1: 0.071 | Student Test F1: 0.062 | Teacher Top 5 Accuracy: 0.325 | Student Top 5 Accuracy: 0.303 | Time: 2.490 | 
Running student landscape probe...
[bandit] epoch=1 mode=ucb decision=warmup_cosine reward=0.000000 arm=14 value=0.000000 count=0 next_student_lr=0.999315
[Train] Epoch: 2 | Teacher lr=0.9993 | Teacher Loss: 3.536 | Teacher Train Acc: 18.042 | Student lr=0.9993 | Student Train Acc: 19.672 | Time: 138.372 |
[Eval] Epoch: 2 | Teacher Test Loss: 3.393 | Teacher Test Acc: 17.400 | Student Test Loss: 3.534 | Student Test Acc: 19.120 | Teacher Test F1: 0.150 | Student Test F1: 0.163 | Teacher Top 5 Accuracy: 0.486 | Student Top 5 Accuracy: 0.471 | Time: 2.478 | 
Running student landscape probe...
[bandit] epoch=2 mode=ucb decision=warmup_cosine reward=0.346506 arm=14 value=0.346506 count=1 next_student_lr=0.997264
[Train] Epoch: 3 | Teacher lr=0.9973 | Teacher Loss: 2.962 | Teacher Train Acc: 30.012 | Student lr=0.9973 | Student Train Acc: 40.072 | Time: 137.337 |
[Eval] Epoch: 3 | Teacher Test Loss: 2.747 | Teacher Test Acc: 30.990 | Student Test Loss: 2.681 | Student Test Acc: 32.310 | Teacher Test F1: 0.288 | Student Test F1: 0.306 | Teacher Top 5 Accuracy: 0.643 | Student Top 5 Accuracy: 0.647 | Time: 2.483 | 
Running student landscape probe...
[bandit] epoch=3 mode=ucb decision=warmup_cosine reward=0.853249 arm=14 value=0.599877 count=2 next_student_lr=0.993850
[Train] Epoch: 4 | Teacher lr=0.9938 | Teacher Loss: 3.159 | Teacher Train Acc: 29.860 | Student lr=0.9939 | Student Train Acc: 46.854 | Time: 139.568 |
[Eval] Epoch: 4 | Teacher Test Loss: 4.311 | Teacher Test Acc: 4.240 | Student Test Loss: 2.810 | Student Test Acc: 29.750 | Teacher Test F1: 0.016 | Student Test F1: 0.293 | Teacher Top 5 Accuracy: 0.166 | Student Top 5 Accuracy: 0.610 | Time: 2.515 | 
Running student landscape probe...
[bandit] epoch=4 mode=ucb decision=warmup_cosine reward=-0.129241 arm=14 value=0.356838 count=3 next_student_lr=0.989085
[Train] Epoch: 5 | Teacher lr=0.9891 | Teacher Loss: 3.556 | Teacher Train Acc: 22.754 | Student lr=0.9891 | Student Train Acc: 50.318 | Time: 138.164 |
[Eval] Epoch: 5 | Teacher Test Loss: 2.559 | Teacher Test Acc: 32.960 | Student Test Loss: 2.612 | Student Test Acc: 34.130 | Teacher Test F1: 0.317 | Student Test F1: 0.332 | Teacher Top 5 Accuracy: 0.675 | Student Top 5 Accuracy: 0.659 | Time: 2.458 | 
Running student landscape probe...
[bandit] epoch=5 mode=ucb decision=warmup_cosine reward=0.198003 arm=14 value=0.317129 count=4 next_student_lr=0.982980
[Train] Epoch: 6 | Teacher lr=0.9830 | Teacher Loss: 2.418 | Teacher Train Acc: 42.792 | Student lr=0.9830 | Student Train Acc: 52.932 | Time: 137.986 |
[Eval] Epoch: 6 | Teacher Test Loss: 2.507 | Teacher Test Acc: 35.290 | Student Test Loss: 2.852 | Student Test Acc: 29.950 | Teacher Test F1: 0.348 | Student Test F1: 0.295 | Teacher Top 5 Accuracy: 0.683 | Student Top 5 Accuracy: 0.623 | Time: 2.499 | 
Running student landscape probe...
[bandit] epoch=6 mode=ucb decision=ucb reward=-0.240239 arm=14 value=0.205656 count=5 next_student_lr=1.000000
[Train] Epoch: 7 | Teacher lr=0.9755 | Teacher Loss: 2.358 | Teacher Train Acc: 44.738 | Student lr=1.0000 | Student Train Acc: 54.170 | Time: 137.317 |
[Eval] Epoch: 7 | Teacher Test Loss: 3.358 | Teacher Test Acc: 21.170 | Student Test Loss: 2.520 | Student Test Acc: 36.850 | Teacher Test F1: 0.194 | Student Test F1: 0.354 | Teacher Top 5 Accuracy: 0.503 | Student Top 5 Accuracy: 0.682 | Time: 2.450 | 
Running student landscape probe...
[bandit] epoch=7 mode=ucb decision=ucb reward=0.332246 arm=14 value=0.226754 count=6 next_student_lr=1.000000
[Train] Epoch: 8 | Teacher lr=0.9668 | Teacher Loss: 2.212 | Teacher Train Acc: 47.808 | Student lr=1.0000 | Student Train Acc: 55.808 | Time: 138.535 |
[Eval] Epoch: 8 | Teacher Test Loss: 2.184 | Teacher Test Acc: 41.140 | Student Test Loss: 2.756 | Student Test Acc: 32.790 | Teacher Test F1: 0.407 | Student Test F1: 0.320 | Teacher Top 5 Accuracy: 0.748 | Student Top 5 Accuracy: 0.649 | Time: 2.503 | 
Running student landscape probe...
[bandit] epoch=8 mode=ucb decision=ucb reward=-0.235996 arm=1 value=0.000000 count=0 next_student_lr=0.001000
[Train] Epoch: 9 | Teacher lr=0.9568 | Teacher Loss: 1.963 | Teacher Train Acc: 53.392 | Student lr=0.0010 | Student Train Acc: 58.994 | Time: 138.243 |
[Eval] Epoch: 9 | Teacher Test Loss: 2.030 | Teacher Test Acc: 45.390 | Student Test Loss: 1.495 | Student Test Acc: 57.500 | Teacher Test F1: 0.445 | Student Test F1: 0.570 | Teacher Top 5 Accuracy: 0.772 | Student Top 5 Accuracy: 0.864 | Time: 2.538 | 
Running student landscape probe...
[bandit] epoch=9 mode=ucb decision=ucb reward=1.000000 arm=1 value=1.000000 count=1 next_student_lr=0.001000
[Train] Epoch: 10 | Teacher lr=0.9455 | Teacher Loss: 1.878 | Teacher Train Acc: 54.904 | Student lr=0.0010 | Student Train Acc: 62.372 | Time: 137.572 |
[Eval] Epoch: 10 | Teacher Test Loss: 1.903 | Teacher Test Acc: 48.360 | Student Test Loss: 1.448 | Student Test Acc: 59.190 | Teacher Test F1: 0.480 | Student Test F1: 0.588 | Teacher Top 5 Accuracy: 0.805 | Student Top 5 Accuracy: 0.871 | Time: 2.419 | 
Running student landscape probe...
[bandit] epoch=10 mode=ucb decision=ucb reward=0.046578 arm=1 value=0.523289 count=2 next_student_lr=0.001000
[Train] Epoch: 11 | Teacher lr=0.9330 | Teacher Loss: 1.797 | Teacher Train Acc: 56.968 | Student lr=0.0010 | Student Train Acc: 63.322 | Time: 137.597 |
[Eval] Epoch: 11 | Teacher Test Loss: 2.149 | Teacher Test Acc: 43.580 | Student Test Loss: 1.425 | Student Test Acc: 59.820 | Teacher Test F1: 0.422 | Student Test F1: 0.594 | Teacher Top 5 Accuracy: 0.744 | Student Top 5 Accuracy: 0.873 | Time: 2.569 | 
Running student landscape probe...
[bandit] epoch=11 mode=ucb decision=ucb reward=0.023778 arm=1 value=0.356786 count=3 next_student_lr=0.001000
[Train] Epoch: 12 | Teacher lr=0.9193 | Teacher Loss: 1.749 | Teacher Train Acc: 57.938 | Student lr=0.0010 | Student Train Acc: 63.918 | Time: 137.432 |
[Eval] Epoch: 12 | Teacher Test Loss: 1.780 | Teacher Test Acc: 51.300 | Student Test Loss: 1.406 | Student Test Acc: 60.340 | Teacher Test F1: 0.511 | Student Test F1: 0.600 | Teacher Top 5 Accuracy: 0.822 | Student Top 5 Accuracy: 0.877 | Time: 2.573 | 
Running student landscape probe...
[bandit] epoch=12 mode=ucb decision=ucb reward=0.018204 arm=1 value=0.272140 count=4 next_student_lr=0.001000
[Train] Epoch: 13 | Teacher lr=0.9045 | Teacher Loss: 1.702 | Teacher Train Acc: 59.228 | Student lr=0.0010 | Student Train Acc: 64.450 | Time: 137.778 |
[Eval] Epoch: 13 | Teacher Test Loss: 2.132 | Teacher Test Acc: 43.880 | Student Test Loss: 1.395 | Student Test Acc: 60.520 | Teacher Test F1: 0.440 | Student Test F1: 0.602 | Teacher Top 5 Accuracy: 0.776 | Student Top 5 Accuracy: 0.878 | Time: 2.599 | 
Running student landscape probe...
[bandit] epoch=13 mode=ucb decision=ucb reward=0.011805 arm=1 value=0.220073 count=5 next_student_lr=0.001000
[Train] Epoch: 14 | Teacher lr=0.8886 | Teacher Loss: 1.690 | Teacher Train Acc: 59.426 | Student lr=0.0010 | Student Train Acc: 64.560 | Time: 137.457 |
[Eval] Epoch: 14 | Teacher Test Loss: 1.678 | Teacher Test Acc: 53.780 | Student Test Loss: 1.383 | Student Test Acc: 60.680 | Teacher Test F1: 0.531 | Student Test F1: 0.603 | Teacher Top 5 Accuracy: 0.835 | Student Top 5 Accuracy: 0.880 | Time: 2.609 | 
Running student landscape probe...
[bandit] epoch=14 mode=ucb decision=ucb reward=0.012003 arm=2 value=0.000000 count=0 next_student_lr=0.010000
[Train] Epoch: 15 | Teacher lr=0.8716 | Teacher Loss: 2.116 | Teacher Train Acc: 53.028 | Student lr=0.0100 | Student Train Acc: 65.748 | Time: 137.130 |
[Eval] Epoch: 15 | Teacher Test Loss: 1.945 | Teacher Test Acc: 47.900 | Student Test Loss: 1.366 | Student Test Acc: 61.450 | Teacher Test F1: 0.477 | Student Test F1: 0.611 | Teacher Top 5 Accuracy: 0.786 | Student Top 5 Accuracy: 0.882 | Time: 2.579 | 
Running student landscape probe...
[bandit] epoch=15 mode=ucb decision=ucb reward=0.016826 arm=2 value=0.016826 count=1 next_student_lr=0.010000
[Train] Epoch: 16 | Teacher lr=0.8536 | Teacher Loss: 1.639 | Teacher Train Acc: 60.248 | Student lr=0.0100 | Student Train Acc: 67.050 | Time: 137.112 |
[Eval] Epoch: 16 | Teacher Test Loss: 1.680 | Teacher Test Acc: 53.660 | Student Test Loss: 1.312 | Student Test Acc: 62.200 | Teacher Test F1: 0.532 | Student Test F1: 0.620 | Teacher Top 5 Accuracy: 0.833 | Student Top 5 Accuracy: 0.889 | Time: 2.677 | 
Running student landscape probe...
[bandit] epoch=16 mode=ucb decision=ucb reward=0.053345 arm=3 value=0.000000 count=0 next_student_lr=0.025000
[Train] Epoch: 17 | Teacher lr=0.8346 | Teacher Loss: 1.563 | Teacher Train Acc: 62.532 | Student lr=0.0250 | Student Train Acc: 67.818 | Time: 136.425 |
[Eval] Epoch: 17 | Teacher Test Loss: 1.672 | Teacher Test Acc: 53.290 | Student Test Loss: 1.290 | Student Test Acc: 62.840 | Teacher Test F1: 0.527 | Student Test F1: 0.626 | Teacher Top 5 Accuracy: 0.834 | Student Top 5 Accuracy: 0.891 | Time: 2.772 | 
Running student landscape probe...
[bandit] epoch=17 mode=ucb decision=ucb reward=0.022748 arm=3 value=0.022748 count=1 next_student_lr=0.025000
[Train] Epoch: 18 | Teacher lr=0.8147 | Teacher Loss: 1.543 | Teacher Train Acc: 63.122 | Student lr=0.0250 | Student Train Acc: 69.502 | Time: 137.608 |
[Eval] Epoch: 18 | Teacher Test Loss: 1.739 | Teacher Test Acc: 53.380 | Student Test Loss: 1.273 | Student Test Acc: 63.420 | Teacher Test F1: 0.538 | Student Test F1: 0.631 | Teacher Top 5 Accuracy: 0.832 | Student Top 5 Accuracy: 0.892 | Time: 2.695 | 
Running student landscape probe...
[bandit] epoch=18 mode=ucb decision=ucb reward=0.016536 arm=4 value=0.000000 count=0 next_student_lr=0.050000
[Train] Epoch: 19 | Teacher lr=0.7939 | Teacher Loss: 1.515 | Teacher Train Acc: 63.312 | Student lr=0.0500 | Student Train Acc: 69.764 | Time: 137.548 |
[Eval] Epoch: 19 | Teacher Test Loss: 1.611 | Teacher Test Acc: 55.400 | Student Test Loss: 1.260 | Student Test Acc: 63.290 | Teacher Test F1: 0.553 | Student Test F1: 0.629 | Teacher Top 5 Accuracy: 0.849 | Student Top 5 Accuracy: 0.895 | Time: 2.681 | 
Running student landscape probe...
[bandit] epoch=19 mode=ucb decision=ucb reward=0.013343 arm=4 value=0.013343 count=1 next_student_lr=0.050000
[Train] Epoch: 20 | Teacher lr=0.7723 | Teacher Loss: 1.490 | Teacher Train Acc: 64.264 | Student lr=0.0500 | Student Train Acc: 70.684 | Time: 137.290 |
[Eval] Epoch: 20 | Teacher Test Loss: 1.769 | Teacher Test Acc: 52.940 | Student Test Loss: 1.273 | Student Test Acc: 63.140 | Teacher Test F1: 0.529 | Student Test F1: 0.630 | Teacher Top 5 Accuracy: 0.832 | Student Top 5 Accuracy: 0.897 | Time: 2.660 | 
Running student landscape probe...
[bandit] epoch=20 mode=ucb decision=ucb reward=-0.013408 arm=5 value=0.000000 count=0 next_student_lr=0.100000
[Train] Epoch: 21 | Teacher lr=0.7500 | Teacher Loss: 1.475 | Teacher Train Acc: 64.520 | Student lr=0.1000 | Student Train Acc: 70.120 | Time: 137.469 |
[Eval] Epoch: 21 | Teacher Test Loss: 1.584 | Teacher Test Acc: 56.450 | Student Test Loss: 1.382 | Student Test Acc: 60.490 | Teacher Test F1: 0.560 | Student Test F1: 0.603 | Teacher Top 5 Accuracy: 0.857 | Student Top 5 Accuracy: 0.879 | Time: 2.593 | 
Running student landscape probe...
[bandit] epoch=21 mode=ucb decision=ucb reward=-0.108649 arm=6 value=0.000000 count=0 next_student_lr=0.200000
[Train] Epoch: 22 | Teacher lr=0.7270 | Teacher Loss: 1.487 | Teacher Train Acc: 64.644 | Student lr=0.2000 | Student Train Acc: 68.298 | Time: 136.963 |
[Eval] Epoch: 22 | Teacher Test Loss: 1.661 | Teacher Test Acc: 54.790 | Student Test Loss: 1.621 | Student Test Acc: 55.180 | Teacher Test F1: 0.544 | Student Test F1: 0.549 | Teacher Top 5 Accuracy: 0.838 | Student Top 5 Accuracy: 0.837 | Time: 2.570 | 
Running student landscape probe...
[bandit] epoch=22 mode=ucb decision=ucb reward=-0.239367 arm=7 value=0.000000 count=0 next_student_lr=0.300000
[Train] Epoch: 23 | Teacher lr=0.7034 | Teacher Loss: 1.479 | Teacher Train Acc: 66.034 | Student lr=0.3000 | Student Train Acc: 66.348 | Time: 136.328 |
[Eval] Epoch: 23 | Teacher Test Loss: 1.516 | Teacher Test Acc: 58.020 | Student Test Loss: 1.626 | Student Test Acc: 54.030 | Teacher Test F1: 0.577 | Student Test F1: 0.545 | Teacher Top 5 Accuracy: 0.860 | Student Top 5 Accuracy: 0.843 | Time: 2.697 | 
Running student landscape probe...
[bandit] epoch=23 mode=ucb decision=ucb reward=-0.004547 arm=8 value=0.000000 count=0 next_student_lr=0.400000
[Train] Epoch: 24 | Teacher lr=0.6792 | Teacher Loss: 1.470 | Teacher Train Acc: 66.354 | Student lr=0.4000 | Student Train Acc: 64.864 | Time: 137.749 |
[Eval] Epoch: 24 | Teacher Test Loss: 1.605 | Teacher Test Acc: 55.980 | Student Test Loss: 2.295 | Student Test Acc: 43.040 | Teacher Test F1: 0.561 | Student Test F1: 0.430 | Teacher Top 5 Accuracy: 0.841 | Student Top 5 Accuracy: 0.757 | Time: 2.717 | 
Running student landscape probe...
[bandit] epoch=24 mode=ucb decision=ucb reward=-0.668943 arm=9 value=0.000000 count=0 next_student_lr=0.500000
[Train] Epoch: 25 | Teacher lr=0.6545 | Teacher Loss: 1.467 | Teacher Train Acc: 67.000 | Student lr=0.5000 | Student Train Acc: 64.014 | Time: 135.620 |
[Eval] Epoch: 25 | Teacher Test Loss: 1.435 | Teacher Test Acc: 59.970 | Student Test Loss: 1.723 | Student Test Acc: 52.410 | Teacher Test F1: 0.604 | Student Test F1: 0.522 | Teacher Top 5 Accuracy: 0.875 | Student Top 5 Accuracy: 0.830 | Time: 2.574 | 
Running student landscape probe...
[bandit] epoch=25 mode=ucb decision=ucb reward=0.571933 arm=9 value=0.571933 count=1 next_student_lr=0.500000
[Train] Epoch: 26 | Teacher lr=0.6294 | Teacher Loss: 1.429 | Teacher Train Acc: 68.066 | Student lr=0.5000 | Student Train Acc: 64.826 | Time: 136.386 |
[Eval] Epoch: 26 | Teacher Test Loss: 1.468 | Teacher Test Acc: 58.700 | Student Test Loss: 1.932 | Student Test Acc: 48.180 | Teacher Test F1: 0.580 | Student Test F1: 0.479 | Teacher Top 5 Accuracy: 0.861 | Student Top 5 Accuracy: 0.803 | Time: 2.563 | 
Running student landscape probe...
[bandit] epoch=26 mode=ucb decision=ucb reward=-0.209697 arm=9 value=0.181118 count=2 next_student_lr=0.500000
[Train] Epoch: 27 | Teacher lr=0.6040 | Teacher Loss: 1.413 | Teacher Train Acc: 68.662 | Student lr=0.5000 | Student Train Acc: 65.418 | Time: 136.398 |
[Eval] Epoch: 27 | Teacher Test Loss: 1.432 | Teacher Test Acc: 59.460 | Student Test Loss: 2.014 | Student Test Acc: 47.170 | Teacher Test F1: 0.595 | Student Test F1: 0.475 | Teacher Top 5 Accuracy: 0.878 | Student Top 5 Accuracy: 0.788 | Time: 2.610 | 
Running student landscape probe...
[bandit] epoch=27 mode=ucb decision=ucb reward=-0.081431 arm=10 value=0.000000 count=0 next_student_lr=0.600000
[Train] Epoch: 28 | Teacher lr=0.5782 | Teacher Loss: 1.398 | Teacher Train Acc: 69.484 | Student lr=0.6000 | Student Train Acc: 64.168 | Time: 137.190 |
[Eval] Epoch: 28 | Teacher Test Loss: 1.467 | Teacher Test Acc: 58.810 | Student Test Loss: 3.685 | Student Test Acc: 24.160 | Teacher Test F1: 0.591 | Student Test F1: 0.252 | Teacher Top 5 Accuracy: 0.864 | Student Top 5 Accuracy: 0.546 | Time: 2.696 | 
Running student landscape probe...
[bandit] epoch=28 mode=ucb decision=ucb reward=-1.000000 arm=11 value=0.000000 count=0 next_student_lr=0.700000
[Train] Epoch: 29 | Teacher lr=0.5523 | Teacher Loss: 1.394 | Teacher Train Acc: 69.882 | Student lr=0.7000 | Student Train Acc: 63.158 | Time: 136.411 |
[Eval] Epoch: 29 | Teacher Test Loss: 1.377 | Teacher Test Acc: 60.550 | Student Test Loss: 2.434 | Student Test Acc: 40.310 | Teacher Test F1: 0.607 | Student Test F1: 0.405 | Teacher Top 5 Accuracy: 0.881 | Student Top 5 Accuracy: 0.729 | Time: 2.598 | 
Running student landscape probe...
[bandit] epoch=29 mode=ucb decision=ucb reward=1.000000 arm=11 value=1.000000 count=1 next_student_lr=0.700000
[Train] Epoch: 30 | Teacher lr=0.5262 | Teacher Loss: 1.366 | Teacher Train Acc: 71.004 | Student lr=0.7000 | Student Train Acc: 63.292 | Time: 137.443 |
[Eval] Epoch: 30 | Teacher Test Loss: 1.448 | Teacher Test Acc: 58.860 | Student Test Loss: 2.174 | Student Test Acc: 45.910 | Teacher Test F1: 0.584 | Student Test F1: 0.456 | Teacher Top 5 Accuracy: 0.873 | Student Top 5 Accuracy: 0.750 | Time: 2.605 | 
Running student landscape probe...
[bandit] epoch=30 mode=ucb decision=ucb reward=0.259776 arm=11 value=0.629888 count=2 next_student_lr=0.700000
[Train] Epoch: 31 | Teacher lr=0.5000 | Teacher Loss: 1.351 | Teacher Train Acc: 71.274 | Student lr=0.7000 | Student Train Acc: 63.612 | Time: 137.587 |
[Eval] Epoch: 31 | Teacher Test Loss: 1.338 | Teacher Test Acc: 62.090 | Student Test Loss: 2.113 | Student Test Acc: 45.530 | Teacher Test F1: 0.621 | Student Test F1: 0.454 | Teacher Top 5 Accuracy: 0.883 | Student Top 5 Accuracy: 0.777 | Time: 2.608 | 
Running student landscape probe...
[bandit] epoch=31 mode=ucb decision=ucb reward=0.061444 arm=11 value=0.440407 count=3 next_student_lr=0.700000
[Train] Epoch: 32 | Teacher lr=0.4738 | Teacher Loss: 1.324 | Teacher Train Acc: 72.382 | Student lr=0.7000 | Student Train Acc: 63.558 | Time: 138.324 |
[Eval] Epoch: 32 | Teacher Test Loss: 1.287 | Teacher Test Acc: 63.010 | Student Test Loss: 2.517 | Student Test Acc: 39.210 | Teacher Test F1: 0.629 | Student Test F1: 0.402 | Teacher Top 5 Accuracy: 0.894 | Student Top 5 Accuracy: 0.707 | Time: 2.571 | 
Running student landscape probe...
[bandit] epoch=32 mode=ucb decision=ucb reward=-0.404055 arm=11 value=0.229291 count=4 next_student_lr=0.700000
[Train] Epoch: 33 | Teacher lr=0.4477 | Teacher Loss: 1.303 | Teacher Train Acc: 72.718 | Student lr=0.7000 | Student Train Acc: 64.012 | Time: 137.800 |
[Eval] Epoch: 33 | Teacher Test Loss: 1.268 | Teacher Test Acc: 64.090 | Student Test Loss: 3.413 | Student Test Acc: 27.790 | Teacher Test F1: 0.637 | Student Test F1: 0.274 | Teacher Top 5 Accuracy: 0.895 | Student Top 5 Accuracy: 0.593 | Time: 2.481 | 
Running student landscape probe...
[bandit] epoch=33 mode=ucb decision=ucb reward=-0.896502 arm=12 value=0.000000 count=0 next_student_lr=0.800000
[Train] Epoch: 34 | Teacher lr=0.4218 | Teacher Loss: 1.300 | Teacher Train Acc: 73.436 | Student lr=0.8000 | Student Train Acc: 62.672 | Time: 138.072 |
[Eval] Epoch: 34 | Teacher Test Loss: 1.359 | Teacher Test Acc: 61.290 | Student Test Loss: 2.420 | Student Test Acc: 38.850 | Teacher Test F1: 0.613 | Student Test F1: 0.396 | Teacher Top 5 Accuracy: 0.884 | Student Top 5 Accuracy: 0.727 | Time: 2.583 | 
Running student landscape probe...
[bandit] epoch=34 mode=ucb decision=ucb reward=0.993119 arm=12 value=0.993119 count=1 next_student_lr=0.800000
[Train] Epoch: 35 | Teacher lr=0.3960 | Teacher Loss: 1.263 | Teacher Train Acc: 74.658 | Student lr=0.8000 | Student Train Acc: 63.100 | Time: 137.737 |
[Eval] Epoch: 35 | Teacher Test Loss: 1.237 | Teacher Test Acc: 64.330 | Student Test Loss: 2.446 | Student Test Acc: 39.190 | Teacher Test F1: 0.640 | Student Test F1: 0.404 | Teacher Top 5 Accuracy: 0.902 | Student Top 5 Accuracy: 0.739 | Time: 2.602 | 
Running student landscape probe...
[bandit] epoch=35 mode=ucb decision=ucb reward=-0.025767 arm=12 value=0.483676 count=2 next_student_lr=0.800000
[Train] Epoch: 36 | Teacher lr=0.3706 | Teacher Loss: 1.248 | Teacher Train Acc: 75.242 | Student lr=0.8000 | Student Train Acc: 63.020 | Time: 137.904 |
[Eval] Epoch: 36 | Teacher Test Loss: 1.201 | Teacher Test Acc: 65.830 | Student Test Loss: 1.904 | Student Test Acc: 49.170 | Teacher Test F1: 0.659 | Student Test F1: 0.488 | Teacher Top 5 Accuracy: 0.902 | Student Top 5 Accuracy: 0.800 | Time: 2.557 | 
Running student landscape probe...
[bandit] epoch=36 mode=ucb decision=ucb reward=0.541577 arm=12 value=0.502976 count=3 next_student_lr=0.800000
[Train] Epoch: 37 | Teacher lr=0.3455 | Teacher Loss: 1.223 | Teacher Train Acc: 76.228 | Student lr=0.8000 | Student Train Acc: 63.358 | Time: 137.987 |
[Eval] Epoch: 37 | Teacher Test Loss: 1.225 | Teacher Test Acc: 64.930 | Student Test Loss: 3.023 | Student Test Acc: 32.050 | Teacher Test F1: 0.650 | Student Test F1: 0.317 | Teacher Top 5 Accuracy: 0.902 | Student Top 5 Accuracy: 0.630 | Time: 2.595 | 
Running student landscape probe...
[bandit] epoch=37 mode=ucb decision=ucb reward=-1.000000 arm=13 value=0.000000 count=0 next_student_lr=0.900000
[Train] Epoch: 38 | Teacher lr=0.3208 | Teacher Loss: 1.217 | Teacher Train Acc: 77.160 | Student lr=0.9000 | Student Train Acc: 62.054 | Time: 137.499 |
[Eval] Epoch: 38 | Teacher Test Loss: 1.190 | Teacher Test Acc: 65.480 | Student Test Loss: 2.216 | Student Test Acc: 42.320 | Teacher Test F1: 0.656 | Student Test F1: 0.418 | Teacher Top 5 Accuracy: 0.904 | Student Top 5 Accuracy: 0.751 | Time: 2.710 | 
Running student landscape probe...
[bandit] epoch=38 mode=ucb decision=ucb reward=0.807014 arm=13 value=0.807014 count=1 next_student_lr=0.900000
[Train] Epoch: 39 | Teacher lr=0.2966 | Teacher Loss: 1.186 | Teacher Train Acc: 78.134 | Student lr=0.9000 | Student Train Acc: 62.100 | Time: 136.945 |
[Eval] Epoch: 39 | Teacher Test Loss: 1.131 | Teacher Test Acc: 67.430 | Student Test Loss: 2.424 | Student Test Acc: 38.810 | Teacher Test F1: 0.673 | Student Test F1: 0.378 | Teacher Top 5 Accuracy: 0.914 | Student Top 5 Accuracy: 0.700 | Time: 2.701 | 
Running student landscape probe...
[bandit] epoch=39 mode=ucb decision=ucb reward=-0.207624 arm=13 value=0.299695 count=2 next_student_lr=0.900000
[Train] Epoch: 40 | Teacher lr=0.2730 | Teacher Loss: 1.158 | Teacher Train Acc: 79.330 | Student lr=0.9000 | Student Train Acc: 62.180 | Time: 135.466 |
[Eval] Epoch: 40 | Teacher Test Loss: 1.098 | Teacher Test Acc: 68.220 | Student Test Loss: 3.465 | Student Test Acc: 30.680 | Teacher Test F1: 0.682 | Student Test F1: 0.303 | Teacher Top 5 Accuracy: 0.917 | Student Top 5 Accuracy: 0.598 | Time: 2.710 | 
Running student landscape probe...
[bandit] epoch=40 mode=ucb decision=ucb reward=-1.000000 arm=15 value=0.000000 count=0 next_student_lr=1.100000
[Train] Epoch: 41 | Teacher lr=0.2500 | Teacher Loss: 1.169 | Teacher Train Acc: 80.238 | Student lr=1.1000 | Student Train Acc: 60.220 | Time: 136.479 |
[Eval] Epoch: 41 | Teacher Test Loss: 1.083 | Teacher Test Acc: 68.870 | Student Test Loss: 4.567 | Student Test Acc: 16.480 | Teacher Test F1: 0.689 | Student Test F1: 0.167 | Teacher Top 5 Accuracy: 0.921 | Student Top 5 Accuracy: 0.431 | Time: 2.716 | 
Running student landscape probe...
[bandit] epoch=41 mode=ucb decision=ucb reward=-1.000000 arm=16 value=0.000000 count=0 next_student_lr=1.200000
[Train] Epoch: 42 | Teacher lr=0.2277 | Teacher Loss: 1.153 | Teacher Train Acc: 81.452 | Student lr=1.2000 | Student Train Acc: 59.342 | Time: 138.302 |
[Eval] Epoch: 42 | Teacher Test Loss: 1.054 | Teacher Test Acc: 70.070 | Student Test Loss: 5.416 | Student Test Acc: 14.450 | Teacher Test F1: 0.701 | Student Test F1: 0.127 | Teacher Top 5 Accuracy: 0.927 | Student Top 5 Accuracy: 0.358 | Time: 2.697 | 
Running student landscape probe...
[bandit] epoch=42 mode=ucb decision=ucb reward=-0.849345 arm=17 value=0.000000 count=0 next_student_lr=1.300000
[Train] Epoch: 43 | Teacher lr=0.2061 | Teacher Loss: 1.142 | Teacher Train Acc: 82.490 | Student lr=1.3000 | Student Train Acc: 58.278 | Time: 137.152 |
[Eval] Epoch: 43 | Teacher Test Loss: 1.072 | Teacher Test Acc: 69.460 | Student Test Loss: 3.625 | Student Test Acc: 26.060 | Teacher Test F1: 0.693 | Student Test F1: 0.261 | Teacher Top 5 Accuracy: 0.920 | Student Top 5 Accuracy: 0.552 | Time: 2.697 | 
Running student landscape probe...
[bandit] epoch=43 mode=ucb decision=ucb reward=1.000000 arm=17 value=1.000000 count=1 next_student_lr=1.300000
[Train] Epoch: 44 | Teacher lr=0.1853 | Teacher Loss: 1.113 | Teacher Train Acc: 83.788 | Student lr=1.3000 | Student Train Acc: 58.434 | Time: 137.297 |
[Eval] Epoch: 44 | Teacher Test Loss: 1.020 | Teacher Test Acc: 71.310 | Student Test Loss: 2.173 | Student Test Acc: 42.830 | Teacher Test F1: 0.711 | Student Test F1: 0.417 | Teacher Top 5 Accuracy: 0.929 | Student Top 5 Accuracy: 0.744 | Time: 2.708 | 
Running student landscape probe...
[bandit] epoch=44 mode=ucb decision=ucb reward=1.000000 arm=17 value=1.000000 count=2 next_student_lr=1.300000
[Train] Epoch: 45 | Teacher lr=0.1654 | Teacher Loss: 1.087 | Teacher Train Acc: 84.874 | Student lr=1.3000 | Student Train Acc: 58.434 | Time: 137.090 |
[Eval] Epoch: 45 | Teacher Test Loss: 1.016 | Teacher Test Acc: 70.730 | Student Test Loss: 2.610 | Student Test Acc: 35.960 | Teacher Test F1: 0.707 | Student Test F1: 0.369 | Teacher Top 5 Accuracy: 0.927 | Student Top 5 Accuracy: 0.712 | Time: 2.725 | 
Running student landscape probe...
[bandit] epoch=45 mode=ucb decision=ucb reward=-0.436705 arm=17 value=0.521098 count=3 next_student_lr=1.300000
[Train] Epoch: 46 | Teacher lr=0.1464 | Teacher Loss: 1.063 | Teacher Train Acc: 85.798 | Student lr=1.3000 | Student Train Acc: 58.246 | Time: 137.030 |
[Eval] Epoch: 46 | Teacher Test Loss: 0.988 | Teacher Test Acc: 71.810 | Student Test Loss: 5.527 | Student Test Acc: 11.020 | Teacher Test F1: 0.717 | Student Test F1: 0.111 | Teacher Top 5 Accuracy: 0.930 | Student Top 5 Accuracy: 0.307 | Time: 2.710 | 
Running student landscape probe...
[bandit] epoch=46 mode=ucb decision=ucb reward=-1.000000 arm=18 value=0.000000 count=0 next_student_lr=1.400000
[Train] Epoch: 47 | Teacher lr=0.1284 | Teacher Loss: 1.053 | Teacher Train Acc: 87.066 | Student lr=1.4000 | Student Train Acc: 57.510 | Time: 136.717 |
[Eval] Epoch: 47 | Teacher Test Loss: 0.999 | Teacher Test Acc: 71.860 | Student Test Loss: 3.235 | Student Test Acc: 26.690 | Teacher Test F1: 0.717 | Student Test F1: 0.269 | Teacher Top 5 Accuracy: 0.931 | Student Top 5 Accuracy: 0.587 | Time: 2.695 | 
Running student landscape probe...
[bandit] epoch=47 mode=ucb decision=ucb reward=1.000000 arm=18 value=1.000000 count=1 next_student_lr=1.400000
[Train] Epoch: 48 | Teacher lr=0.1114 | Teacher Loss: 1.027 | Teacher Train Acc: 88.154 | Student lr=1.4000 | Student Train Acc: 57.600 | Time: 137.860 |
[Eval] Epoch: 48 | Teacher Test Loss: 0.964 | Teacher Test Acc: 72.930 | Student Test Loss: 2.627 | Student Test Acc: 36.030 | Teacher Test F1: 0.728 | Student Test F1: 0.353 | Teacher Top 5 Accuracy: 0.935 | Student Top 5 Accuracy: 0.697 | Time: 2.697 | 
Running student landscape probe...
[bandit] epoch=48 mode=ucb decision=ucb reward=0.607966 arm=18 value=0.803983 count=2 next_student_lr=1.400000
[Train] Epoch: 49 | Teacher lr=0.0955 | Teacher Loss: 1.005 | Teacher Train Acc: 89.512 | Student lr=1.4000 | Student Train Acc: 57.144 | Time: 138.003 |
[Eval] Epoch: 49 | Teacher Test Loss: 0.960 | Teacher Test Acc: 73.190 | Student Test Loss: 2.595 | Student Test Acc: 35.880 | Teacher Test F1: 0.732 | Student Test F1: 0.352 | Teacher Top 5 Accuracy: 0.934 | Student Top 5 Accuracy: 0.680 | Time: 2.713 | 
Running student landscape probe...
[bandit] epoch=49 mode=ucb decision=ucb reward=0.031981 arm=18 value=0.546649 count=3 next_student_lr=1.400000
[Train] Epoch: 50 | Teacher lr=0.0807 | Teacher Loss: 0.978 | Teacher Train Acc: 90.668 | Student lr=1.4000 | Student Train Acc: 57.238 | Time: 136.769 |
[Eval] Epoch: 50 | Teacher Test Loss: 0.945 | Teacher Test Acc: 73.820 | Student Test Loss: 2.850 | Student Test Acc: 31.550 | Teacher Test F1: 0.737 | Student Test F1: 0.313 | Teacher Top 5 Accuracy: 0.935 | Student Top 5 Accuracy: 0.637 | Time: 2.658 | 
Running student landscape probe...
[bandit] epoch=50 mode=ucb decision=ucb reward=-0.255146 arm=18 value=0.346200 count=4 next_student_lr=1.400000
[Train] Epoch: 51 | Teacher lr=0.0670 | Teacher Loss: 0.957 | Teacher Train Acc: 91.806 | Student lr=1.4000 | Student Train Acc: 57.112 | Time: 136.946 |
[Eval] Epoch: 51 | Teacher Test Loss: 0.950 | Teacher Test Acc: 73.350 | Student Test Loss: 3.314 | Student Test Acc: 27.540 | Teacher Test F1: 0.733 | Student Test F1: 0.289 | Teacher Top 5 Accuracy: 0.937 | Student Top 5 Accuracy: 0.634 | Time: 2.708 | 
Running student landscape probe...
[bandit] epoch=51 mode=ucb decision=ucb reward=-0.463242 arm=19 value=0.000000 count=0 next_student_lr=1.500000
[Train] Epoch: 52 | Teacher lr=0.0545 | Teacher Loss: 0.949 | Teacher Train Acc: 92.792 | Student lr=1.5000 | Student Train Acc: 56.292 | Time: 137.645 |
[Eval] Epoch: 52 | Teacher Test Loss: 0.937 | Teacher Test Acc: 74.040 | Student Test Loss: 5.202 | Student Test Acc: 14.560 | Teacher Test F1: 0.740 | Student Test F1: 0.141 | Teacher Top 5 Accuracy: 0.940 | Student Top 5 Accuracy: 0.360 | Time: 2.707 | 
Running student landscape probe...
[bandit] epoch=52 mode=ucb decision=ucb reward=-1.000000 arm=7 value=-0.004547 count=1 next_student_lr=0.300000
[Train] Epoch: 53 | Teacher lr=0.0432 | Teacher Loss: 0.700 | Teacher Train Acc: 93.370 | Student lr=0.3000 | Student Train Acc: 68.784 | Time: 136.153 |
[Eval] Epoch: 53 | Teacher Test Loss: 0.881 | Teacher Test Acc: 74.470 | Student Test Loss: 1.498 | Student Test Acc: 59.170 | Teacher Test F1: 0.745 | Student Test F1: 0.590 | Teacher Top 5 Accuracy: 0.941 | Student Top 5 Accuracy: 0.858 | Time: 2.681 | 
Running student landscape probe...
[bandit] epoch=53 mode=ucb decision=ucb reward=1.000000 arm=7 value=0.497727 count=2 next_student_lr=0.300000
[Train] Epoch: 54 | Teacher lr=0.0332 | Teacher Loss: 0.673 | Teacher Train Acc: 94.310 | Student lr=0.3000 | Student Train Acc: 70.408 | Time: 135.850 |
[Eval] Epoch: 54 | Teacher Test Loss: 0.882 | Teacher Test Acc: 74.720 | Student Test Loss: 1.626 | Student Test Acc: 56.040 | Teacher Test F1: 0.747 | Student Test F1: 0.557 | Teacher Top 5 Accuracy: 0.941 | Student Top 5 Accuracy: 0.848 | Time: 2.680 | 
Running student landscape probe...
[bandit] epoch=54 mode=ucb decision=ucb reward=-0.127423 arm=7 value=0.289344 count=3 next_student_lr=0.300000
[Train] Epoch: 55 | Teacher lr=0.0245 | Teacher Loss: 0.674 | Teacher Train Acc: 94.922 | Student lr=0.3000 | Student Train Acc: 70.476 | Time: 138.245 |
[Eval] Epoch: 55 | Teacher Test Loss: 0.877 | Teacher Test Acc: 74.620 | Student Test Loss: 1.691 | Student Test Acc: 54.750 | Teacher Test F1: 0.746 | Student Test F1: 0.545 | Teacher Top 5 Accuracy: 0.944 | Student Top 5 Accuracy: 0.835 | Time: 2.458 | 
Running student landscape probe...
[bandit] epoch=55 mode=ucb decision=ucb reward=-0.064799 arm=7 value=0.200808 count=4 next_student_lr=0.300000
[Train] Epoch: 56 | Teacher lr=0.0170 | Teacher Loss: 0.669 | Teacher Train Acc: 95.596 | Student lr=0.3000 | Student Train Acc: 70.542 | Time: 137.680 |
[Eval] Epoch: 56 | Teacher Test Loss: 0.866 | Teacher Test Acc: 75.180 | Student Test Loss: 1.664 | Student Test Acc: 56.350 | Teacher Test F1: 0.752 | Student Test F1: 0.564 | Teacher Top 5 Accuracy: 0.943 | Student Top 5 Accuracy: 0.844 | Time: 2.444 | 
Running student landscape probe...
[bandit] epoch=56 mode=ucb decision=ucb reward=0.026564 arm=18 value=0.184312 count=5 next_student_lr=1.400000
[Train] Epoch: 57 | Teacher lr=0.0109 | Teacher Loss: 1.559 | Teacher Train Acc: 94.732 | Student lr=1.4000 | Student Train Acc: 18.482 | Time: 138.026 |
[Eval] Epoch: 57 | Teacher Test Loss: 1.065 | Teacher Test Acc: 73.680 | Student Test Loss: 3.514 | Student Test Acc: 17.760 | Teacher Test F1: 0.735 | Student Test F1: 0.161 | Teacher Top 5 Accuracy: 0.932 | Student Top 5 Accuracy: 0.462 | Time: 2.473 | 
Running student landscape probe...
[bandit] epoch=57 mode=ucb decision=ucb reward=-1.000000 arm=1 value=0.185395 count=6 next_student_lr=0.001000
[Train] Epoch: 58 | Teacher lr=0.0062 | Teacher Loss: 1.184 | Teacher Train Acc: 95.844 | Student lr=0.0010 | Student Train Acc: 32.062 | Time: 137.815 |
[Eval] Epoch: 58 | Teacher Test Loss: 1.056 | Teacher Test Acc: 73.400 | Student Test Loss: 2.522 | Student Test Acc: 33.250 | Teacher Test F1: 0.733 | Student Test F1: 0.315 | Teacher Top 5 Accuracy: 0.933 | Student Top 5 Accuracy: 0.672 | Time: 2.495 | 
Running student landscape probe...
[bandit] epoch=58 mode=ucb decision=ucb reward=0.992052 arm=1 value=0.300631 count=7 next_student_lr=0.001000
[Train] Epoch: 59 | Teacher lr=0.0027 | Teacher Loss: 1.125 | Teacher Train Acc: 95.934 | Student lr=0.0010 | Student Train Acc: 35.100 | Time: 138.115 |
[Eval] Epoch: 59 | Teacher Test Loss: 1.052 | Teacher Test Acc: 73.550 | Student Test Loss: 2.472 | Student Test Acc: 34.610 | Teacher Test F1: 0.734 | Student Test F1: 0.330 | Teacher Top 5 Accuracy: 0.933 | Student Top 5 Accuracy: 0.682 | Time: 2.491 | 
Running student landscape probe...
[bandit] epoch=59 mode=ucb decision=ucb reward=0.049779 arm=1 value=0.269275 count=8 next_student_lr=0.001000
[Train] Epoch: 60 | Teacher lr=0.0007 | Teacher Loss: 1.111 | Teacher Train Acc: 96.074 | Student lr=0.0010 | Student Train Acc: 35.928 | Time: 137.507 |
[Eval] Epoch: 60 | Teacher Test Loss: 1.048 | Teacher Test Acc: 73.530 | Student Test Loss: 2.445 | Student Test Acc: 35.380 | Teacher Test F1: 0.734 | Student Test F1: 0.338 | Teacher Top 5 Accuracy: 0.934 | Student Top 5 Accuracy: 0.689 | Time: 2.493 | 
Running student landscape probe...
[bandit] epoch=60 mode=ucb decision=ucb reward=0.027094 arm=1 value=0.242366 count=9 next_student_lr=0.001000
ckpt location: ckpt/sota_bandit_industry/bandit_ucb_seed3_60ep.pt
