/home/jovyan/.mlspace/envs/egy_llm/lib/python3.11/site-packages/torchvision/datasets/cifar.py:83: VisibleDeprecationWarning: dtype(): align should be passed as Python or NumPy boolean but got `align=0`. Did you mean to pass a tuple to create a subarray type? (Deprecated NumPy 2.4)
  entry = pickle.load(f, encoding="latin1")
depth_list: [110, 20]
Dataset information: cifar100	 50000 images for training 	 10000 images for testing	
teacher depth: 110
student depth: 20
Total number of teacher parameters: 1,169,972
Total number of student parameters: 278,132
Snapshots will be saved to: snapshots/sota_bandit_industry/bandit_ucb_seed2_60ep
==== train and evaluate unequal restart ====
[scheduler] Bandit LR active mode=ucb init_lr=0.01 eta=0.05 gamma=0.2
[Eval] Epoch: 0 | Teacher Test Loss: 11623.433 | Teacher Test Acc: 1.000 | Student Test Loss: 6.044 | Student Test Acc: 1.110 | Teacher Test F1: 0.000 | Student Test F1: 0.000 | Teacher Top 5 Accuracy: 0.049 | Student Top 5 Accuracy: 0.052 | Time: 3.063 | 
Running student landscape probe...
[Train] Epoch: 1 | Teacher lr=1.0000 | Teacher Loss: 4.071 | Teacher Train Acc: 8.950 | Student lr=0.0100 | Student Train Acc: 7.110 | Time: 138.950 |
[Eval] Epoch: 1 | Teacher Test Loss: 3.749 | Teacher Test Acc: 11.590 | Student Test Loss: 3.845 | Student Test Acc: 10.020 | Teacher Test F1: 0.080 | Student Test F1: 0.065 | Teacher Top 5 Accuracy: 0.349 | Student Top 5 Accuracy: 0.313 | Time: 2.146 | 
Running student landscape probe...
[bandit] epoch=1 mode=ucb decision=warmup_cosine reward=0.000000 arm=14 value=0.000000 count=0 next_student_lr=0.999315
[Train] Epoch: 2 | Teacher lr=0.9993 | Teacher Loss: 3.509 | Teacher Train Acc: 18.912 | Student lr=0.9993 | Student Train Acc: 19.926 | Time: 138.624 |
[Eval] Epoch: 2 | Teacher Test Loss: 3.799 | Teacher Test Acc: 12.380 | Student Test Loss: 2.965 | Student Test Acc: 25.720 | Teacher Test F1: 0.101 | Student Test F1: 0.237 | Teacher Top 5 Accuracy: 0.367 | Student Top 5 Accuracy: 0.559 | Time: 2.182 | 
Running student landscape probe...
[bandit] epoch=2 mode=ucb decision=warmup_cosine reward=0.879306 arm=14 value=0.879306 count=1 next_student_lr=0.997264
[Train] Epoch: 3 | Teacher lr=0.9973 | Teacher Loss: 2.946 | Teacher Train Acc: 30.344 | Student lr=0.9973 | Student Train Acc: 40.668 | Time: 138.227 |
[Eval] Epoch: 3 | Teacher Test Loss: 2.805 | Teacher Test Acc: 28.900 | Student Test Loss: 2.697 | Student Test Acc: 31.210 | Teacher Test F1: 0.268 | Student Test F1: 0.297 | Teacher Top 5 Accuracy: 0.606 | Student Top 5 Accuracy: 0.641 | Time: 2.198 | 
Running student landscape probe...
[bandit] epoch=3 mode=ucb decision=warmup_cosine reward=0.267710 arm=14 value=0.573508 count=2 next_student_lr=0.993850
[Train] Epoch: 4 | Teacher lr=0.9938 | Teacher Loss: 2.600 | Teacher Train Acc: 38.158 | Student lr=0.9939 | Student Train Acc: 47.988 | Time: 139.756 |
[Eval] Epoch: 4 | Teacher Test Loss: 2.425 | Teacher Test Acc: 35.650 | Student Test Loss: 2.493 | Student Test Acc: 36.410 | Teacher Test F1: 0.340 | Student Test F1: 0.357 | Teacher Top 5 Accuracy: 0.696 | Student Top 5 Accuracy: 0.694 | Time: 2.117 | 
Running student landscape probe...
[bandit] epoch=4 mode=ucb decision=warmup_cosine reward=0.204903 arm=14 value=0.450640 count=3 next_student_lr=0.989085
[Train] Epoch: 5 | Teacher lr=0.9891 | Teacher Loss: 2.291 | Teacher Train Acc: 45.166 | Student lr=0.9891 | Student Train Acc: 51.664 | Time: 137.970 |
[Eval] Epoch: 5 | Teacher Test Loss: 2.284 | Teacher Test Acc: 40.710 | Student Test Loss: 2.322 | Student Test Acc: 39.790 | Teacher Test F1: 0.393 | Student Test F1: 0.383 | Teacher Top 5 Accuracy: 0.740 | Student Top 5 Accuracy: 0.716 | Time: 2.154 | 
Running student landscape probe...
[bandit] epoch=5 mode=ucb decision=warmup_cosine reward=0.170878 arm=14 value=0.380699 count=4 next_student_lr=0.982980
[Train] Epoch: 6 | Teacher lr=0.9830 | Teacher Loss: 2.158 | Teacher Train Acc: 48.276 | Student lr=0.9830 | Student Train Acc: 54.040 | Time: 137.996 |
[Eval] Epoch: 6 | Teacher Test Loss: 2.235 | Teacher Test Acc: 41.020 | Student Test Loss: 2.123 | Student Test Acc: 43.590 | Teacher Test F1: 0.406 | Student Test F1: 0.423 | Teacher Top 5 Accuracy: 0.744 | Student Top 5 Accuracy: 0.751 | Time: 2.137 | 
Running student landscape probe...
[bandit] epoch=6 mode=ucb decision=ucb reward=0.198787 arm=14 value=0.344317 count=5 next_student_lr=1.000000
[Train] Epoch: 7 | Teacher lr=0.9755 | Teacher Loss: 2.055 | Teacher Train Acc: 51.314 | Student lr=1.0000 | Student Train Acc: 55.202 | Time: 138.322 |
[Eval] Epoch: 7 | Teacher Test Loss: 1.880 | Teacher Test Acc: 47.640 | Student Test Loss: 2.500 | Student Test Acc: 37.180 | Teacher Test F1: 0.470 | Student Test F1: 0.364 | Teacher Top 5 Accuracy: 0.802 | Student Top 5 Accuracy: 0.687 | Time: 2.135 | 
Running student landscape probe...
[bandit] epoch=7 mode=ucb decision=ucb reward=-0.376914 arm=14 value=0.224112 count=6 next_student_lr=1.000000
[Train] Epoch: 8 | Teacher lr=0.9668 | Teacher Loss: 1.965 | Teacher Train Acc: 53.622 | Student lr=1.0000 | Student Train Acc: 56.584 | Time: 138.841 |
[Eval] Epoch: 8 | Teacher Test Loss: 2.083 | Teacher Test Acc: 44.900 | Student Test Loss: 2.409 | Student Test Acc: 38.880 | Teacher Test F1: 0.438 | Student Test F1: 0.392 | Teacher Top 5 Accuracy: 0.763 | Student Top 5 Accuracy: 0.717 | Time: 2.106 | 
Running student landscape probe...
[bandit] epoch=8 mode=ucb decision=ucb reward=0.090867 arm=14 value=0.205077 count=7 next_student_lr=1.000000
[Train] Epoch: 9 | Teacher lr=0.9568 | Teacher Loss: 1.895 | Teacher Train Acc: 55.642 | Student lr=1.0000 | Student Train Acc: 57.392 | Time: 138.624 |
[Eval] Epoch: 9 | Teacher Test Loss: 2.098 | Teacher Test Acc: 43.280 | Student Test Loss: 3.172 | Student Test Acc: 26.750 | Teacher Test F1: 0.428 | Student Test F1: 0.262 | Teacher Top 5 Accuracy: 0.769 | Student Top 5 Accuracy: 0.588 | Time: 2.115 | 
Running student landscape probe...
[bandit] epoch=9 mode=ucb decision=ucb reward=-0.762818 arm=1 value=0.000000 count=0 next_student_lr=0.001000
[Train] Epoch: 10 | Teacher lr=0.9455 | Teacher Loss: 1.803 | Teacher Train Acc: 57.840 | Student lr=0.0010 | Student Train Acc: 59.972 | Time: 138.192 |
[Eval] Epoch: 10 | Teacher Test Loss: 1.947 | Teacher Test Acc: 48.780 | Student Test Loss: 1.441 | Student Test Acc: 59.370 | Teacher Test F1: 0.476 | Student Test F1: 0.590 | Teacher Top 5 Accuracy: 0.784 | Student Top 5 Accuracy: 0.867 | Time: 2.185 | 
Running student landscape probe...
[bandit] epoch=10 mode=ucb decision=ucb reward=1.000000 arm=1 value=1.000000 count=1 next_student_lr=0.001000
[Train] Epoch: 11 | Teacher lr=0.9330 | Teacher Loss: 1.735 | Teacher Train Acc: 58.952 | Student lr=0.0010 | Student Train Acc: 63.818 | Time: 138.428 |
[Eval] Epoch: 11 | Teacher Test Loss: 1.770 | Teacher Test Acc: 50.710 | Student Test Loss: 1.398 | Student Test Acc: 60.440 | Teacher Test F1: 0.496 | Student Test F1: 0.601 | Teacher Top 5 Accuracy: 0.827 | Student Top 5 Accuracy: 0.874 | Time: 2.263 | 
Running student landscape probe...
[bandit] epoch=11 mode=ucb decision=ucb reward=0.042992 arm=1 value=0.521496 count=2 next_student_lr=0.001000
[Train] Epoch: 12 | Teacher lr=0.9193 | Teacher Loss: 1.668 | Teacher Train Acc: 60.224 | Student lr=0.0010 | Student Train Acc: 64.588 | Time: 138.030 |
[Eval] Epoch: 12 | Teacher Test Loss: 1.687 | Teacher Test Acc: 53.390 | Student Test Loss: 1.375 | Student Test Acc: 61.240 | Teacher Test F1: 0.531 | Student Test F1: 0.609 | Teacher Top 5 Accuracy: 0.835 | Student Top 5 Accuracy: 0.876 | Time: 2.401 | 
Running student landscape probe...
[bandit] epoch=12 mode=ucb decision=ucb reward=0.022992 arm=1 value=0.355328 count=3 next_student_lr=0.001000
[Train] Epoch: 13 | Teacher lr=0.9045 | Teacher Loss: 1.632 | Teacher Train Acc: 61.212 | Student lr=0.0010 | Student Train Acc: 65.058 | Time: 138.072 |
[Eval] Epoch: 13 | Teacher Test Loss: 1.724 | Teacher Test Acc: 52.650 | Student Test Loss: 1.357 | Student Test Acc: 61.690 | Teacher Test F1: 0.529 | Student Test F1: 0.614 | Teacher Top 5 Accuracy: 0.828 | Student Top 5 Accuracy: 0.877 | Time: 2.374 | 
Running student landscape probe...
[bandit] epoch=13 mode=ucb decision=ucb reward=0.017915 arm=1 value=0.270975 count=4 next_student_lr=0.001000
[Train] Epoch: 14 | Teacher lr=0.8886 | Teacher Loss: 1.607 | Teacher Train Acc: 61.836 | Student lr=0.0010 | Student Train Acc: 65.782 | Time: 138.163 |
[Eval] Epoch: 14 | Teacher Test Loss: 1.826 | Teacher Test Acc: 50.380 | Student Test Loss: 1.344 | Student Test Acc: 62.020 | Teacher Test F1: 0.511 | Student Test F1: 0.618 | Teacher Top 5 Accuracy: 0.813 | Student Top 5 Accuracy: 0.879 | Time: 2.497 | 
Running student landscape probe...
[bandit] epoch=14 mode=ucb decision=ucb reward=0.012651 arm=1 value=0.219310 count=5 next_student_lr=0.001000
[Train] Epoch: 15 | Teacher lr=0.8716 | Teacher Loss: 1.569 | Teacher Train Acc: 62.918 | Student lr=0.0010 | Student Train Acc: 66.144 | Time: 137.928 |
[Eval] Epoch: 15 | Teacher Test Loss: 1.623 | Teacher Test Acc: 54.520 | Student Test Loss: 1.333 | Student Test Acc: 62.370 | Teacher Test F1: 0.547 | Student Test F1: 0.621 | Teacher Top 5 Accuracy: 0.845 | Student Top 5 Accuracy: 0.880 | Time: 2.775 | 
Running student landscape probe...
[bandit] epoch=15 mode=ucb decision=ucb reward=0.010867 arm=2 value=0.000000 count=0 next_student_lr=0.010000
[Train] Epoch: 16 | Teacher lr=0.8536 | Teacher Loss: 1.536 | Teacher Train Acc: 63.538 | Student lr=0.0100 | Student Train Acc: 67.306 | Time: 137.347 |
[Eval] Epoch: 16 | Teacher Test Loss: 1.617 | Teacher Test Acc: 55.590 | Student Test Loss: 1.286 | Student Test Acc: 63.570 | Teacher Test F1: 0.554 | Student Test F1: 0.634 | Teacher Top 5 Accuracy: 0.847 | Student Top 5 Accuracy: 0.888 | Time: 2.438 | 
Running student landscape probe...
[bandit] epoch=16 mode=ucb decision=ucb reward=0.046905 arm=2 value=0.046905 count=1 next_student_lr=0.010000
[Train] Epoch: 17 | Teacher lr=0.8346 | Teacher Loss: 4.881 | Teacher Train Acc: 11.012 | Student lr=0.0100 | Student Train Acc: 66.334 | Time: 136.380 |
[Eval] Epoch: 17 | Teacher Test Loss: 4.215 | Teacher Test Acc: 5.400 | Student Test Loss: 1.641 | Student Test Acc: 61.810 | Teacher Test F1: 0.022 | Student Test F1: 0.611 | Teacher Top 5 Accuracy: 0.197 | Student Top 5 Accuracy: 0.875 | Time: 2.620 | 
Running student landscape probe...
[bandit] epoch=17 mode=ucb decision=ucb reward=-0.354770 arm=3 value=0.000000 count=0 next_student_lr=0.025000
[Train] Epoch: 18 | Teacher lr=0.8147 | Teacher Loss: 4.826 | Teacher Train Acc: 6.754 | Student lr=0.0250 | Student Train Acc: 67.372 | Time: 137.477 |
[Eval] Epoch: 18 | Teacher Test Loss: 3.994 | Teacher Test Acc: 8.480 | Student Test Loss: 1.594 | Student Test Acc: 62.090 | Teacher Test F1: 0.059 | Student Test F1: 0.615 | Teacher Top 5 Accuracy: 0.271 | Student Top 5 Accuracy: 0.876 | Time: 2.541 | 
Running student landscape probe...
[bandit] epoch=18 mode=ucb decision=ucb reward=0.046762 arm=3 value=0.046762 count=1 next_student_lr=0.025000
[Train] Epoch: 19 | Teacher lr=0.7939 | Teacher Loss: 4.352 | Teacher Train Acc: 12.702 | Student lr=0.0250 | Student Train Acc: 67.862 | Time: 137.710 |
[Eval] Epoch: 19 | Teacher Test Loss: 3.580 | Teacher Test Acc: 13.990 | Student Test Loss: 1.522 | Student Test Acc: 61.940 | Teacher Test F1: 0.113 | Student Test F1: 0.615 | Teacher Top 5 Accuracy: 0.394 | Student Top 5 Accuracy: 0.875 | Time: 2.596 | 
Running student landscape probe...
[bandit] epoch=19 mode=ucb decision=ucb reward=0.072399 arm=4 value=0.000000 count=0 next_student_lr=0.050000
[Train] Epoch: 20 | Teacher lr=0.7723 | Teacher Loss: 3.177 | Teacher Train Acc: 31.186 | Student lr=0.0500 | Student Train Acc: 68.304 | Time: 136.784 |
[Eval] Epoch: 20 | Teacher Test Loss: 2.437 | Teacher Test Acc: 37.310 | Student Test Loss: 1.317 | Student Test Acc: 62.830 | Teacher Test F1: 0.364 | Student Test F1: 0.625 | Teacher Top 5 Accuracy: 0.717 | Student Top 5 Accuracy: 0.888 | Time: 2.667 | 
Running student landscape probe...
[bandit] epoch=20 mode=ucb decision=ucb reward=0.205048 arm=4 value=0.205048 count=1 next_student_lr=0.050000
[Train] Epoch: 21 | Teacher lr=0.7500 | Teacher Loss: 1.893 | Teacher Train Acc: 54.964 | Student lr=0.0500 | Student Train Acc: 70.014 | Time: 138.050 |
[Eval] Epoch: 21 | Teacher Test Loss: 1.838 | Teacher Test Acc: 50.440 | Student Test Loss: 1.256 | Student Test Acc: 64.380 | Teacher Test F1: 0.505 | Student Test F1: 0.641 | Teacher Top 5 Accuracy: 0.811 | Student Top 5 Accuracy: 0.892 | Time: 2.895 | 
Running student landscape probe...
[bandit] epoch=21 mode=ucb decision=ucb reward=0.061388 arm=4 value=0.133218 count=2 next_student_lr=0.050000
[Train] Epoch: 22 | Teacher lr=0.7270 | Teacher Loss: 1.660 | Teacher Train Acc: 60.194 | Student lr=0.0500 | Student Train Acc: 71.450 | Time: 138.033 |
[Eval] Epoch: 22 | Teacher Test Loss: 1.686 | Teacher Test Acc: 53.510 | Student Test Loss: 1.233 | Student Test Acc: 64.830 | Teacher Test F1: 0.533 | Student Test F1: 0.647 | Teacher Top 5 Accuracy: 0.831 | Student Top 5 Accuracy: 0.897 | Time: 2.797 | 
Running student landscape probe...
[bandit] epoch=22 mode=ucb decision=ucb reward=0.022792 arm=5 value=0.000000 count=0 next_student_lr=0.100000
[Train] Epoch: 23 | Teacher lr=0.7034 | Teacher Loss: 1.558 | Teacher Train Acc: 62.196 | Student lr=0.1000 | Student Train Acc: 71.200 | Time: 137.193 |
[Eval] Epoch: 23 | Teacher Test Loss: 1.660 | Teacher Test Acc: 54.570 | Student Test Loss: 1.272 | Student Test Acc: 63.490 | Teacher Test F1: 0.544 | Student Test F1: 0.632 | Teacher Top 5 Accuracy: 0.841 | Student Top 5 Accuracy: 0.894 | Time: 2.546 | 
Running student landscape probe...
[bandit] epoch=23 mode=ucb decision=ucb reward=-0.039360 arm=6 value=0.000000 count=0 next_student_lr=0.200000
[Train] Epoch: 24 | Teacher lr=0.6792 | Teacher Loss: 1.523 | Teacher Train Acc: 63.510 | Student lr=0.2000 | Student Train Acc: 68.916 | Time: 136.904 |
[Eval] Epoch: 24 | Teacher Test Loss: 1.590 | Teacher Test Acc: 55.860 | Student Test Loss: 1.609 | Student Test Acc: 55.860 | Teacher Test F1: 0.549 | Student Test F1: 0.551 | Teacher Top 5 Accuracy: 0.847 | Student Top 5 Accuracy: 0.845 | Time: 2.779 | 
Running student landscape probe...
[bandit] epoch=24 mode=ucb decision=ucb reward=-0.337260 arm=7 value=0.000000 count=0 next_student_lr=0.300000
[Train] Epoch: 25 | Teacher lr=0.6545 | Teacher Loss: 1.488 | Teacher Train Acc: 65.516 | Student lr=0.3000 | Student Train Acc: 67.064 | Time: 136.702 |
[Eval] Epoch: 25 | Teacher Test Loss: 1.583 | Teacher Test Acc: 56.010 | Student Test Loss: 1.796 | Student Test Acc: 51.830 | Teacher Test F1: 0.563 | Student Test F1: 0.518 | Teacher Top 5 Accuracy: 0.851 | Student Top 5 Accuracy: 0.815 | Time: 2.812 | 
Running student landscape probe...
[bandit] epoch=25 mode=ucb decision=ucb reward=-0.186158 arm=8 value=0.000000 count=0 next_student_lr=0.400000
[Train] Epoch: 26 | Teacher lr=0.6294 | Teacher Loss: 1.475 | Teacher Train Acc: 66.382 | Student lr=0.4000 | Student Train Acc: 65.540 | Time: 137.195 |
[Eval] Epoch: 26 | Teacher Test Loss: 1.453 | Teacher Test Acc: 59.010 | Student Test Loss: 1.918 | Student Test Acc: 49.630 | Teacher Test F1: 0.595 | Student Test F1: 0.486 | Teacher Top 5 Accuracy: 0.871 | Student Top 5 Accuracy: 0.791 | Time: 2.805 | 
Running student landscape probe...
[bandit] epoch=26 mode=ucb decision=ucb reward=-0.122011 arm=9 value=0.000000 count=0 next_student_lr=0.500000
[Train] Epoch: 27 | Teacher lr=0.6040 | Teacher Loss: 1.455 | Teacher Train Acc: 67.492 | Student lr=0.5000 | Student Train Acc: 64.878 | Time: 137.496 |
[Eval] Epoch: 27 | Teacher Test Loss: 1.429 | Teacher Test Acc: 59.400 | Student Test Loss: 1.857 | Student Test Acc: 50.110 | Teacher Test F1: 0.589 | Student Test F1: 0.499 | Teacher Top 5 Accuracy: 0.874 | Student Top 5 Accuracy: 0.806 | Time: 2.800 | 
Running student landscape probe...
[bandit] epoch=27 mode=ucb decision=ucb reward=0.060223 arm=9 value=0.060223 count=1 next_student_lr=0.500000
[Train] Epoch: 28 | Teacher lr=0.5782 | Teacher Loss: 1.416 | Teacher Train Acc: 68.322 | Student lr=0.5000 | Student Train Acc: 65.334 | Time: 137.197 |
[Eval] Epoch: 28 | Teacher Test Loss: 1.390 | Teacher Test Acc: 60.690 | Student Test Loss: 1.819 | Student Test Acc: 51.340 | Teacher Test F1: 0.602 | Student Test F1: 0.507 | Teacher Top 5 Accuracy: 0.875 | Student Top 5 Accuracy: 0.817 | Time: 2.790 | 
Running student landscape probe...
[bandit] epoch=28 mode=ucb decision=ucb reward=0.038237 arm=10 value=0.000000 count=0 next_student_lr=0.600000
[Train] Epoch: 29 | Teacher lr=0.5523 | Teacher Loss: 1.400 | Teacher Train Acc: 68.992 | Student lr=0.6000 | Student Train Acc: 64.076 | Time: 137.336 |
[Eval] Epoch: 29 | Teacher Test Loss: 1.505 | Teacher Test Acc: 57.860 | Student Test Loss: 2.320 | Student Test Acc: 42.850 | Teacher Test F1: 0.581 | Student Test F1: 0.435 | Teacher Top 5 Accuracy: 0.867 | Student Top 5 Accuracy: 0.732 | Time: 2.759 | 
Running student landscape probe...
[bandit] epoch=29 mode=ucb decision=ucb reward=-0.500791 arm=11 value=0.000000 count=0 next_student_lr=0.700000
[Train] Epoch: 30 | Teacher lr=0.5262 | Teacher Loss: 1.388 | Teacher Train Acc: 70.080 | Student lr=0.7000 | Student Train Acc: 63.360 | Time: 138.034 |
[Eval] Epoch: 30 | Teacher Test Loss: 1.386 | Teacher Test Acc: 60.710 | Student Test Loss: 3.349 | Student Test Acc: 27.060 | Teacher Test F1: 0.598 | Student Test F1: 0.268 | Teacher Top 5 Accuracy: 0.880 | Student Top 5 Accuracy: 0.574 | Time: 2.558 | 
Running student landscape probe...
[bandit] epoch=30 mode=ucb decision=ucb reward=-1.000000 arm=12 value=0.000000 count=0 next_student_lr=0.800000
[Train] Epoch: 31 | Teacher lr=0.5000 | Teacher Loss: 1.378 | Teacher Train Acc: 70.718 | Student lr=0.8000 | Student Train Acc: 62.574 | Time: 138.100 |
[Eval] Epoch: 31 | Teacher Test Loss: 1.338 | Teacher Test Acc: 60.990 | Student Test Loss: 2.117 | Student Test Acc: 44.300 | Teacher Test F1: 0.612 | Student Test F1: 0.442 | Teacher Top 5 Accuracy: 0.888 | Student Top 5 Accuracy: 0.772 | Time: 2.796 | 
Running student landscape probe...
[bandit] epoch=31 mode=ucb decision=ucb reward=1.000000 arm=12 value=1.000000 count=1 next_student_lr=0.800000
[Train] Epoch: 32 | Teacher lr=0.4738 | Teacher Loss: 1.348 | Teacher Train Acc: 71.526 | Student lr=0.8000 | Student Train Acc: 62.852 | Time: 138.957 |
[Eval] Epoch: 32 | Teacher Test Loss: 1.346 | Teacher Test Acc: 62.290 | Student Test Loss: 2.173 | Student Test Acc: 44.780 | Teacher Test F1: 0.623 | Student Test F1: 0.445 | Teacher Top 5 Accuracy: 0.879 | Student Top 5 Accuracy: 0.763 | Time: 2.625 | 
Running student landscape probe...
[bandit] epoch=32 mode=ucb decision=ucb reward=-0.055758 arm=12 value=0.472121 count=2 next_student_lr=0.800000
[Train] Epoch: 33 | Teacher lr=0.4477 | Teacher Loss: 1.325 | Teacher Train Acc: 72.168 | Student lr=0.8000 | Student Train Acc: 62.972 | Time: 137.914 |
[Eval] Epoch: 33 | Teacher Test Loss: 1.306 | Teacher Test Acc: 62.410 | Student Test Loss: 1.978 | Student Test Acc: 47.160 | Teacher Test F1: 0.621 | Student Test F1: 0.466 | Teacher Top 5 Accuracy: 0.892 | Student Top 5 Accuracy: 0.793 | Time: 2.538 | 
Running student landscape probe...
[bandit] epoch=33 mode=ucb decision=ucb reward=0.194584 arm=12 value=0.379609 count=3 next_student_lr=0.800000
[Train] Epoch: 34 | Teacher lr=0.4218 | Teacher Loss: 1.303 | Teacher Train Acc: 73.212 | Student lr=0.8000 | Student Train Acc: 63.126 | Time: 137.472 |
[Eval] Epoch: 34 | Teacher Test Loss: 1.228 | Teacher Test Acc: 64.670 | Student Test Loss: 2.130 | Student Test Acc: 43.870 | Teacher Test F1: 0.644 | Student Test F1: 0.445 | Teacher Top 5 Accuracy: 0.901 | Student Top 5 Accuracy: 0.766 | Time: 2.589 | 
Running student landscape probe...
[bandit] epoch=34 mode=ucb decision=ucb reward=-0.151215 arm=12 value=0.246903 count=4 next_student_lr=0.800000
[Train] Epoch: 35 | Teacher lr=0.3960 | Teacher Loss: 1.285 | Teacher Train Acc: 73.724 | Student lr=0.8000 | Student Train Acc: 63.190 | Time: 137.988 |
[Eval] Epoch: 35 | Teacher Test Loss: 1.231 | Teacher Test Acc: 64.640 | Student Test Loss: 1.987 | Student Test Acc: 46.460 | Teacher Test F1: 0.644 | Student Test F1: 0.470 | Teacher Top 5 Accuracy: 0.899 | Student Top 5 Accuracy: 0.790 | Time: 2.532 | 
Running student landscape probe...
[bandit] epoch=35 mode=ucb decision=ucb reward=0.142537 arm=12 value=0.226030 count=5 next_student_lr=0.800000
[Train] Epoch: 36 | Teacher lr=0.3706 | Teacher Loss: 1.256 | Teacher Train Acc: 74.852 | Student lr=0.8000 | Student Train Acc: 63.102 | Time: 137.772 |
[Eval] Epoch: 36 | Teacher Test Loss: 1.274 | Teacher Test Acc: 63.030 | Student Test Loss: 2.203 | Student Test Acc: 43.500 | Teacher Test F1: 0.631 | Student Test F1: 0.436 | Teacher Top 5 Accuracy: 0.892 | Student Top 5 Accuracy: 0.757 | Time: 2.581 | 
Running student landscape probe...
[bandit] epoch=36 mode=ucb decision=ucb reward=-0.216289 arm=13 value=0.000000 count=0 next_student_lr=0.900000
[Train] Epoch: 37 | Teacher lr=0.3455 | Teacher Loss: 1.242 | Teacher Train Acc: 76.026 | Student lr=0.9000 | Student Train Acc: 62.374 | Time: 137.516 |
[Eval] Epoch: 37 | Teacher Test Loss: 1.134 | Teacher Test Acc: 67.640 | Student Test Loss: 4.032 | Student Test Acc: 18.250 | Teacher Test F1: 0.675 | Student Test F1: 0.189 | Teacher Top 5 Accuracy: 0.909 | Student Top 5 Accuracy: 0.508 | Time: 2.665 | 
Running student landscape probe...
[bandit] epoch=37 mode=ucb decision=ucb reward=-1.000000 arm=15 value=0.000000 count=0 next_student_lr=1.100000
[Train] Epoch: 38 | Teacher lr=0.3208 | Teacher Loss: 1.249 | Teacher Train Acc: 76.866 | Student lr=1.1000 | Student Train Acc: 60.190 | Time: 137.493 |
[Eval] Epoch: 38 | Teacher Test Loss: 1.162 | Teacher Test Acc: 66.600 | Student Test Loss: 2.877 | Student Test Acc: 35.340 | Teacher Test F1: 0.665 | Student Test F1: 0.349 | Teacher Top 5 Accuracy: 0.909 | Student Top 5 Accuracy: 0.681 | Time: 2.802 | 
Running student landscape probe...
[bandit] epoch=38 mode=ucb decision=ucb reward=1.000000 arm=15 value=1.000000 count=1 next_student_lr=1.100000
[Train] Epoch: 39 | Teacher lr=0.2966 | Teacher Loss: 1.221 | Teacher Train Acc: 77.762 | Student lr=1.1000 | Student Train Acc: 60.676 | Time: 137.171 |
[Eval] Epoch: 39 | Teacher Test Loss: 1.144 | Teacher Test Acc: 67.660 | Student Test Loss: 2.997 | Student Test Acc: 32.750 | Teacher Test F1: 0.676 | Student Test F1: 0.323 | Teacher Top 5 Accuracy: 0.909 | Student Top 5 Accuracy: 0.633 | Time: 2.791 | 
Running student landscape probe...
[bandit] epoch=39 mode=ucb decision=ucb reward=-0.120768 arm=15 value=0.439616 count=2 next_student_lr=1.100000
[Train] Epoch: 40 | Teacher lr=0.2730 | Teacher Loss: 1.196 | Teacher Train Acc: 78.648 | Student lr=1.1000 | Student Train Acc: 60.394 | Time: 136.835 |
[Eval] Epoch: 40 | Teacher Test Loss: 1.121 | Teacher Test Acc: 67.910 | Student Test Loss: 2.153 | Student Test Acc: 44.140 | Teacher Test F1: 0.679 | Student Test F1: 0.433 | Teacher Top 5 Accuracy: 0.916 | Student Top 5 Accuracy: 0.762 | Time: 2.579 | 
Running student landscape probe...
[bandit] epoch=40 mode=ucb decision=ucb reward=0.844533 arm=15 value=0.574588 count=3 next_student_lr=1.100000
[Train] Epoch: 41 | Teacher lr=0.2500 | Teacher Loss: 1.166 | Teacher Train Acc: 79.912 | Student lr=1.1000 | Student Train Acc: 60.820 | Time: 137.364 |
[Eval] Epoch: 41 | Teacher Test Loss: 1.097 | Teacher Test Acc: 68.060 | Student Test Loss: 2.154 | Student Test Acc: 43.860 | Teacher Test F1: 0.680 | Student Test F1: 0.436 | Teacher Top 5 Accuracy: 0.916 | Student Top 5 Accuracy: 0.762 | Time: 2.567 | 
Running student landscape probe...
[bandit] epoch=41 mode=ucb decision=ucb reward=-0.001421 arm=15 value=0.430586 count=4 next_student_lr=1.100000
[Train] Epoch: 42 | Teacher lr=0.2277 | Teacher Loss: 1.138 | Teacher Train Acc: 80.890 | Student lr=1.1000 | Student Train Acc: 60.864 | Time: 137.438 |
[Eval] Epoch: 42 | Teacher Test Loss: 1.071 | Teacher Test Acc: 69.010 | Student Test Loss: 2.311 | Student Test Acc: 41.260 | Teacher Test F1: 0.688 | Student Test F1: 0.413 | Teacher Top 5 Accuracy: 0.922 | Student Top 5 Accuracy: 0.750 | Time: 2.611 | 
Running student landscape probe...
[bandit] epoch=42 mode=ucb decision=ucb reward=-0.156612 arm=15 value=0.313146 count=5 next_student_lr=1.100000
[Train] Epoch: 43 | Teacher lr=0.2061 | Teacher Loss: 1.112 | Teacher Train Acc: 82.020 | Student lr=1.1000 | Student Train Acc: 60.604 | Time: 136.391 |
[Eval] Epoch: 43 | Teacher Test Loss: 1.023 | Teacher Test Acc: 70.620 | Student Test Loss: 4.367 | Student Test Acc: 16.890 | Teacher Test F1: 0.704 | Student Test F1: 0.157 | Teacher Top 5 Accuracy: 0.926 | Student Top 5 Accuracy: 0.453 | Time: 2.557 | 
Running student landscape probe...
[bandit] epoch=43 mode=ucb decision=ucb reward=-1.000000 arm=16 value=0.000000 count=0 next_student_lr=1.200000
[Train] Epoch: 44 | Teacher lr=0.1853 | Teacher Loss: 1.104 | Teacher Train Acc: 83.246 | Student lr=1.2000 | Student Train Acc: 59.708 | Time: 136.853 |
[Eval] Epoch: 44 | Teacher Test Loss: 1.020 | Teacher Test Acc: 71.010 | Student Test Loss: 3.335 | Student Test Acc: 29.610 | Teacher Test F1: 0.709 | Student Test F1: 0.312 | Teacher Top 5 Accuracy: 0.927 | Student Top 5 Accuracy: 0.622 | Time: 2.676 | 
Running student landscape probe...
[bandit] epoch=44 mode=ucb decision=ucb reward=1.000000 arm=16 value=1.000000 count=1 next_student_lr=1.200000
[Train] Epoch: 45 | Teacher lr=0.1654 | Teacher Loss: 1.076 | Teacher Train Acc: 84.190 | Student lr=1.2000 | Student Train Acc: 59.952 | Time: 137.289 |
[Eval] Epoch: 45 | Teacher Test Loss: 1.027 | Teacher Test Acc: 71.150 | Student Test Loss: 2.518 | Student Test Acc: 38.650 | Teacher Test F1: 0.713 | Student Test F1: 0.393 | Teacher Top 5 Accuracy: 0.929 | Student Top 5 Accuracy: 0.732 | Time: 2.798 | 
Running student landscape probe...
[bandit] epoch=45 mode=ucb decision=ucb reward=0.817023 arm=16 value=0.908512 count=2 next_student_lr=1.200000
[Train] Epoch: 46 | Teacher lr=0.1464 | Teacher Loss: 1.054 | Teacher Train Acc: 85.508 | Student lr=1.2000 | Student Train Acc: 59.354 | Time: 137.289 |
[Eval] Epoch: 46 | Teacher Test Loss: 0.994 | Teacher Test Acc: 71.840 | Student Test Loss: 2.388 | Student Test Acc: 39.750 | Teacher Test F1: 0.718 | Student Test F1: 0.388 | Teacher Top 5 Accuracy: 0.930 | Student Top 5 Accuracy: 0.720 | Time: 2.549 | 
Running student landscape probe...
[bandit] epoch=46 mode=ucb decision=ucb reward=0.130242 arm=16 value=0.649088 count=3 next_student_lr=1.200000
[Train] Epoch: 47 | Teacher lr=0.1284 | Teacher Loss: 1.026 | Teacher Train Acc: 86.758 | Student lr=1.2000 | Student Train Acc: 59.554 | Time: 137.398 |
[Eval] Epoch: 47 | Teacher Test Loss: 0.953 | Teacher Test Acc: 72.600 | Student Test Loss: 2.560 | Student Test Acc: 36.850 | Teacher Test F1: 0.726 | Student Test F1: 0.362 | Teacher Top 5 Accuracy: 0.936 | Student Top 5 Accuracy: 0.691 | Time: 2.567 | 
Running student landscape probe...
[bandit] epoch=47 mode=ucb decision=ucb reward=-0.171768 arm=16 value=0.443874 count=4 next_student_lr=1.200000
[Train] Epoch: 48 | Teacher lr=0.1114 | Teacher Loss: 1.000 | Teacher Train Acc: 88.016 | Student lr=1.2000 | Student Train Acc: 59.634 | Time: 137.077 |
[Eval] Epoch: 48 | Teacher Test Loss: 0.961 | Teacher Test Acc: 72.510 | Student Test Loss: 3.108 | Student Test Acc: 30.440 | Teacher Test F1: 0.726 | Student Test F1: 0.303 | Teacher Top 5 Accuracy: 0.931 | Student Top 5 Accuracy: 0.621 | Time: 2.588 | 
Running student landscape probe...
[bandit] epoch=48 mode=ucb decision=ucb reward=-0.547949 arm=16 value=0.245509 count=5 next_student_lr=1.200000
[Train] Epoch: 49 | Teacher lr=0.0955 | Teacher Loss: 0.974 | Teacher Train Acc: 89.202 | Student lr=1.2000 | Student Train Acc: 59.470 | Time: 136.863 |
[Eval] Epoch: 49 | Teacher Test Loss: 0.951 | Teacher Test Acc: 73.230 | Student Test Loss: 4.741 | Student Test Acc: 19.290 | Teacher Test F1: 0.732 | Student Test F1: 0.193 | Teacher Top 5 Accuracy: 0.934 | Student Top 5 Accuracy: 0.468 | Time: 2.835 | 
Running student landscape probe...
[bandit] epoch=49 mode=ucb decision=ucb reward=-1.000000 arm=17 value=0.000000 count=0 next_student_lr=1.300000
[Train] Epoch: 50 | Teacher lr=0.0807 | Teacher Loss: 0.967 | Teacher Train Acc: 90.222 | Student lr=1.3000 | Student Train Acc: 58.756 | Time: 137.262 |
[Eval] Epoch: 50 | Teacher Test Loss: 0.934 | Teacher Test Acc: 73.800 | Student Test Loss: 2.574 | Student Test Acc: 36.930 | Teacher Test F1: 0.738 | Student Test F1: 0.366 | Teacher Top 5 Accuracy: 0.937 | Student Top 5 Accuracy: 0.708 | Time: 2.630 | 
Running student landscape probe...
[bandit] epoch=50 mode=ucb decision=ucb reward=1.000000 arm=17 value=1.000000 count=1 next_student_lr=1.300000
[Train] Epoch: 51 | Teacher lr=0.0670 | Teacher Loss: 0.953 | Teacher Train Acc: 91.442 | Student lr=1.3000 | Student Train Acc: 58.148 | Time: 135.964 |
[Eval] Epoch: 51 | Teacher Test Loss: 0.916 | Teacher Test Acc: 74.360 | Student Test Loss: 2.881 | Student Test Acc: 33.920 | Teacher Test F1: 0.743 | Student Test F1: 0.329 | Teacher Top 5 Accuracy: 0.937 | Student Top 5 Accuracy: 0.655 | Time: 2.475 | 
Running student landscape probe...
[bandit] epoch=51 mode=ucb decision=ucb reward=-0.307796 arm=17 value=0.346102 count=2 next_student_lr=1.300000
[Train] Epoch: 52 | Teacher lr=0.0545 | Teacher Loss: 0.924 | Teacher Train Acc: 92.432 | Student lr=1.3000 | Student Train Acc: 58.514 | Time: 136.586 |
[Eval] Epoch: 52 | Teacher Test Loss: 0.914 | Teacher Test Acc: 74.610 | Student Test Loss: 3.145 | Student Test Acc: 30.020 | Teacher Test F1: 0.745 | Student Test F1: 0.304 | Teacher Top 5 Accuracy: 0.938 | Student Top 5 Accuracy: 0.614 | Time: 2.683 | 
Running student landscape probe...
[bandit] epoch=52 mode=ucb decision=ucb reward=-0.263652 arm=18 value=0.000000 count=0 next_student_lr=1.400000
[Train] Epoch: 53 | Teacher lr=0.0432 | Teacher Loss: 0.924 | Teacher Train Acc: 93.352 | Student lr=1.4000 | Student Train Acc: 57.456 | Time: 135.987 |
[Eval] Epoch: 53 | Teacher Test Loss: 0.910 | Teacher Test Acc: 75.110 | Student Test Loss: 3.265 | Student Test Acc: 29.030 | Teacher Test F1: 0.750 | Student Test F1: 0.279 | Teacher Top 5 Accuracy: 0.939 | Student Top 5 Accuracy: 0.604 | Time: 2.547 | 
Running student landscape probe...
[bandit] epoch=53 mode=ucb decision=ucb reward=-0.120210 arm=19 value=0.000000 count=0 next_student_lr=1.500000
[Train] Epoch: 54 | Teacher lr=0.0332 | Teacher Loss: 0.913 | Teacher Train Acc: 94.176 | Student lr=1.5000 | Student Train Acc: 56.644 | Time: 135.657 |
[Eval] Epoch: 54 | Teacher Test Loss: 0.914 | Teacher Test Acc: 74.990 | Student Test Loss: 2.914 | Student Test Acc: 30.940 | Teacher Test F1: 0.750 | Student Test F1: 0.305 | Teacher Top 5 Accuracy: 0.940 | Student Top 5 Accuracy: 0.649 | Time: 2.564 | 
Running student landscape probe...
[bandit] epoch=54 mode=ucb decision=ucb reward=0.350854 arm=19 value=0.350854 count=1 next_student_lr=1.500000
[Train] Epoch: 55 | Teacher lr=0.0245 | Teacher Loss: 0.899 | Teacher Train Acc: 94.882 | Student lr=1.5000 | Student Train Acc: 56.808 | Time: 137.854 |
[Eval] Epoch: 55 | Teacher Test Loss: 0.913 | Teacher Test Acc: 74.830 | Student Test Loss: 2.604 | Student Test Acc: 38.210 | Teacher Test F1: 0.748 | Student Test F1: 0.364 | Teacher Top 5 Accuracy: 0.940 | Student Top 5 Accuracy: 0.690 | Time: 2.546 | 
Running student landscape probe...
[bandit] epoch=55 mode=ucb decision=ucb reward=0.310033 arm=19 value=0.330443 count=2 next_student_lr=1.500000
[Train] Epoch: 56 | Teacher lr=0.0170 | Teacher Loss: 0.887 | Teacher Train Acc: 95.464 | Student lr=1.5000 | Student Train Acc: 56.748 | Time: 137.722 |
[Eval] Epoch: 56 | Teacher Test Loss: 0.909 | Teacher Test Acc: 74.930 | Student Test Loss: 4.907 | Student Test Acc: 17.000 | Teacher Test F1: 0.749 | Student Test F1: 0.164 | Teacher Top 5 Accuracy: 0.939 | Student Top 5 Accuracy: 0.493 | Time: 2.546 | 
Running student landscape probe...
[bandit] epoch=56 mode=ucb decision=ucb reward=-1.000000 arm=17 value=0.142851 count=3 next_student_lr=1.300000
[Train] Epoch: 57 | Teacher lr=0.0109 | Teacher Loss: 0.847 | Teacher Train Acc: 95.764 | Student lr=1.3000 | Student Train Acc: 58.466 | Time: 137.453 |
[Eval] Epoch: 57 | Teacher Test Loss: 0.896 | Teacher Test Acc: 75.070 | Student Test Loss: 3.079 | Student Test Acc: 31.100 | Teacher Test F1: 0.750 | Student Test F1: 0.314 | Teacher Top 5 Accuracy: 0.941 | Student Top 5 Accuracy: 0.630 | Time: 2.783 | 
Running student landscape probe...
[bandit] epoch=57 mode=ucb decision=ucb reward=1.000000 arm=17 value=0.357138 count=4 next_student_lr=1.300000
[Train] Epoch: 58 | Teacher lr=0.0062 | Teacher Loss: 0.843 | Teacher Train Acc: 96.062 | Student lr=1.3000 | Student Train Acc: 58.232 | Time: 137.760 |
[Eval] Epoch: 58 | Teacher Test Loss: 0.895 | Teacher Test Acc: 75.400 | Student Test Loss: 3.381 | Student Test Acc: 26.090 | Teacher Test F1: 0.753 | Student Test F1: 0.256 | Teacher Top 5 Accuracy: 0.941 | Student Top 5 Accuracy: 0.558 | Time: 2.799 | 
Running student landscape probe...
[bandit] epoch=58 mode=ucb decision=ucb reward=-0.302475 arm=17 value=0.225216 count=5 next_student_lr=1.300000
[Train] Epoch: 59 | Teacher lr=0.0027 | Teacher Loss: 0.836 | Teacher Train Acc: 96.198 | Student lr=1.3000 | Student Train Acc: 58.592 | Time: 138.022 |
[Eval] Epoch: 59 | Teacher Test Loss: 0.893 | Teacher Test Acc: 75.280 | Student Test Loss: 3.201 | Student Test Acc: 31.790 | Teacher Test F1: 0.752 | Student Test F1: 0.319 | Teacher Top 5 Accuracy: 0.941 | Student Top 5 Accuracy: 0.647 | Time: 2.805 | 
Running student landscape probe...
[bandit] epoch=59 mode=ucb decision=ucb reward=0.180039 arm=17 value=0.217686 count=6 next_student_lr=1.300000
[Train] Epoch: 60 | Teacher lr=0.0007 | Teacher Loss: 0.835 | Teacher Train Acc: 96.326 | Student lr=1.3000 | Student Train Acc: 58.616 | Time: 131.628 |
[Eval] Epoch: 60 | Teacher Test Loss: 0.893 | Teacher Test Acc: 75.370 | Student Test Loss: 3.968 | Student Test Acc: 20.690 | Teacher Test F1: 0.753 | Student Test F1: 0.201 | Teacher Top 5 Accuracy: 0.941 | Student Top 5 Accuracy: 0.475 | Time: 0.910 | 
Running student landscape probe...
[bandit] epoch=60 mode=ucb decision=ucb reward=-0.766889 arm=5 value=-0.039360 count=1 next_student_lr=0.100000
ckpt location: ckpt/sota_bandit_industry/bandit_ucb_seed2_60ep.pt
