/home/jovyan/.mlspace/envs/egy_llm/lib/python3.11/site-packages/torchvision/datasets/cifar.py:83: VisibleDeprecationWarning: dtype(): align should be passed as Python or NumPy boolean but got `align=0`. Did you mean to pass a tuple to create a subarray type? (Deprecated NumPy 2.4)
  entry = pickle.load(f, encoding="latin1")
depth_list: [110, 20]
Dataset information: cifar100	 50000 images for training 	 10000 images for testing	
teacher depth: 110
student depth: 20
Total number of teacher parameters: 1,169,972
Total number of student parameters: 278,132
Snapshots will be saved to: snapshots/sota_bandit_industry/bandit_exp3_fast_seed3_60ep
==== train and evaluate unequal restart ====
[scheduler] Bandit LR active mode=exp3 init_lr=0.01 eta=0.1 gamma=0.2
[Eval] Epoch: 0 | Teacher Test Loss: 9743.739 | Teacher Test Acc: 1.130 | Student Test Loss: 5.207 | Student Test Acc: 1.000 | Teacher Test F1: 0.001 | Student Test F1: 0.000 | Teacher Top 5 Accuracy: 0.048 | Student Top 5 Accuracy: 0.047 | Time: 2.783 | 
Running student landscape probe...
[Train] Epoch: 1 | Teacher lr=1.0000 | Teacher Loss: 4.160 | Teacher Train Acc: 7.520 | Student lr=0.0100 | Student Train Acc: 6.970 | Time: 136.419 |
[Eval] Epoch: 1 | Teacher Test Loss: 3.759 | Teacher Test Acc: 11.440 | Student Test Loss: 3.863 | Student Test Acc: 10.420 | Teacher Test F1: 0.077 | Student Test F1: 0.068 | Teacher Top 5 Accuracy: 0.346 | Student Top 5 Accuracy: 0.309 | Time: 2.475 | 
Running student landscape probe...
[bandit] epoch=1 mode=exp3 decision=warmup_cosine reward=0.000000 arm=14 value=0.000000 count=0 next_student_lr=0.999315
[Train] Epoch: 2 | Teacher lr=0.9993 | Teacher Loss: 3.521 | Teacher Train Acc: 18.478 | Student lr=0.9993 | Student Train Acc: 19.504 | Time: 138.029 |
[Eval] Epoch: 2 | Teacher Test Loss: 3.479 | Teacher Test Acc: 17.840 | Student Test Loss: 3.049 | Student Test Acc: 23.780 | Teacher Test F1: 0.166 | Student Test F1: 0.224 | Teacher Top 5 Accuracy: 0.458 | Student Top 5 Accuracy: 0.554 | Time: 2.662 | 
Running student landscape probe...
[bandit] epoch=2 mode=exp3 decision=warmup_cosine reward=0.814399 arm=14 value=0.814399 count=1 next_student_lr=0.997264
[Train] Epoch: 3 | Teacher lr=0.9973 | Teacher Loss: 2.940 | Teacher Train Acc: 30.322 | Student lr=0.9973 | Student Train Acc: 40.054 | Time: 136.704 |
[Eval] Epoch: 3 | Teacher Test Loss: 2.809 | Teacher Test Acc: 31.010 | Student Test Loss: 2.753 | Student Test Acc: 30.790 | Teacher Test F1: 0.296 | Student Test F1: 0.287 | Teacher Top 5 Accuracy: 0.627 | Student Top 5 Accuracy: 0.625 | Time: 2.628 | 
Running student landscape probe...
[bandit] epoch=3 mode=exp3 decision=warmup_cosine reward=0.295250 arm=14 value=0.554825 count=2 next_student_lr=0.993850
[Train] Epoch: 4 | Teacher lr=0.9938 | Teacher Loss: 2.612 | Teacher Train Acc: 38.068 | Student lr=0.9939 | Student Train Acc: 47.010 | Time: 135.982 |
[Eval] Epoch: 4 | Teacher Test Loss: 2.649 | Teacher Test Acc: 32.840 | Student Test Loss: 2.464 | Student Test Acc: 35.730 | Teacher Test F1: 0.316 | Student Test F1: 0.344 | Teacher Top 5 Accuracy: 0.662 | Student Top 5 Accuracy: 0.684 | Time: 2.426 | 
Running student landscape probe...
[bandit] epoch=4 mode=exp3 decision=exp3 reward=0.289735 arm=15 value=0.000000 count=0 next_student_lr=1.100000
[Train] Epoch: 5 | Teacher lr=0.9891 | Teacher Loss: 2.344 | Teacher Train Acc: 44.076 | Student lr=1.1000 | Student Train Acc: 50.146 | Time: 134.700 |
[Eval] Epoch: 5 | Teacher Test Loss: 2.228 | Teacher Test Acc: 41.150 | Student Test Loss: 3.400 | Student Test Acc: 26.540 | Teacher Test F1: 0.404 | Student Test F1: 0.250 | Teacher Top 5 Accuracy: 0.738 | Student Top 5 Accuracy: 0.554 | Time: 2.593 | 
Running student landscape probe...
[bandit] epoch=5 mode=exp3 decision=exp3 reward=-0.935956 arm=13 value=0.000000 count=0 next_student_lr=0.900000
[Train] Epoch: 6 | Teacher lr=0.9830 | Teacher Loss: 2.199 | Teacher Train Acc: 47.496 | Student lr=0.9000 | Student Train Acc: 53.894 | Time: 136.249 |
[Eval] Epoch: 6 | Teacher Test Loss: 2.541 | Teacher Test Acc: 34.780 | Student Test Loss: 2.267 | Student Test Acc: 39.930 | Teacher Test F1: 0.340 | Student Test F1: 0.389 | Teacher Top 5 Accuracy: 0.683 | Student Top 5 Accuracy: 0.727 | Time: 2.651 | 
Running student landscape probe...
[bandit] epoch=6 mode=exp3 decision=exp3 reward=1.000000 arm=4 value=0.000000 count=0 next_student_lr=0.050000
[Train] Epoch: 7 | Teacher lr=0.9755 | Teacher Loss: 2.287 | Teacher Train Acc: 46.158 | Student lr=0.0500 | Student Train Acc: 62.488 | Time: 134.748 |
[Eval] Epoch: 7 | Teacher Test Loss: 2.320 | Teacher Test Acc: 40.950 | Student Test Loss: 1.425 | Student Test Acc: 60.030 | Teacher Test F1: 0.394 | Student Test F1: 0.597 | Teacher Top 5 Accuracy: 0.731 | Student Top 5 Accuracy: 0.873 | Time: 2.656 | 
Running student landscape probe...
[bandit] epoch=7 mode=exp3 decision=exp3 reward=0.841804 arm=18 value=0.000000 count=0 next_student_lr=1.400000
[Train] Epoch: 8 | Teacher lr=0.9668 | Teacher Loss: 2.025 | Teacher Train Acc: 53.232 | Student lr=1.4000 | Student Train Acc: 51.214 | Time: 135.439 |
[Eval] Epoch: 8 | Teacher Test Loss: 1.858 | Teacher Test Acc: 48.690 | Student Test Loss: 4.056 | Student Test Acc: 21.490 | Teacher Test F1: 0.484 | Student Test F1: 0.225 | Teacher Top 5 Accuracy: 0.806 | Student Top 5 Accuracy: 0.538 | Time: 2.452 | 
Running student landscape probe...
[bandit] epoch=8 mode=exp3 decision=exp3 reward=-1.000000 arm=10 value=0.000000 count=0 next_student_lr=0.600000
[Train] Epoch: 9 | Teacher lr=0.9568 | Teacher Loss: 1.899 | Teacher Train Acc: 54.188 | Student lr=0.6000 | Student Train Acc: 59.318 | Time: 137.179 |
[Eval] Epoch: 9 | Teacher Test Loss: 1.956 | Teacher Test Acc: 46.630 | Student Test Loss: 2.097 | Student Test Acc: 44.350 | Teacher Test F1: 0.454 | Student Test F1: 0.442 | Teacher Top 5 Accuracy: 0.790 | Student Top 5 Accuracy: 0.779 | Time: 2.299 | 
Running student landscape probe...
[bandit] epoch=9 mode=exp3 decision=exp3 reward=1.000000 arm=3 value=0.000000 count=0 next_student_lr=0.025000
[Train] Epoch: 10 | Teacher lr=0.9455 | Teacher Loss: 1.816 | Teacher Train Acc: 56.814 | Student lr=0.0250 | Student Train Acc: 66.876 | Time: 137.180 |
[Eval] Epoch: 10 | Teacher Test Loss: 2.274 | Teacher Test Acc: 40.650 | Student Test Loss: 1.309 | Student Test Acc: 62.970 | Teacher Test F1: 0.397 | Student Test F1: 0.628 | Teacher Top 5 Accuracy: 0.733 | Student Top 5 Accuracy: 0.888 | Time: 2.426 | 
Running student landscape probe...
[bandit] epoch=10 mode=exp3 decision=exp3 reward=0.787855 arm=8 value=0.000000 count=0 next_student_lr=0.400000
[Train] Epoch: 11 | Teacher lr=0.9330 | Teacher Loss: 1.779 | Teacher Train Acc: 57.514 | Student lr=0.4000 | Student Train Acc: 63.204 | Time: 135.276 |
[Eval] Epoch: 11 | Teacher Test Loss: 1.952 | Teacher Test Acc: 47.600 | Student Test Loss: 2.036 | Student Test Acc: 46.050 | Teacher Test F1: 0.472 | Student Test F1: 0.466 | Teacher Top 5 Accuracy: 0.787 | Student Top 5 Accuracy: 0.791 | Time: 2.318 | 
Running student landscape probe...
[bandit] epoch=11 mode=exp3 decision=exp3 reward=-0.726793 arm=11 value=0.000000 count=0 next_student_lr=0.700000
[Train] Epoch: 12 | Teacher lr=0.9193 | Teacher Loss: 1.769 | Teacher Train Acc: 58.908 | Student lr=0.7000 | Student Train Acc: 59.318 | Time: 136.093 |
[Eval] Epoch: 12 | Teacher Test Loss: 1.689 | Teacher Test Acc: 53.110 | Student Test Loss: 2.231 | Student Test Acc: 42.430 | Teacher Test F1: 0.525 | Student Test F1: 0.421 | Teacher Top 5 Accuracy: 0.833 | Student Top 5 Accuracy: 0.744 | Time: 2.435 | 
Running student landscape probe...
[bandit] epoch=12 mode=exp3 decision=exp3 reward=-0.195122 arm=19 value=0.000000 count=0 next_student_lr=1.500000
[Train] Epoch: 13 | Teacher lr=0.9045 | Teacher Loss: 1.866 | Teacher Train Acc: 59.848 | Student lr=1.5000 | Student Train Acc: 47.420 | Time: 136.660 |
[Eval] Epoch: 13 | Teacher Test Loss: 1.820 | Teacher Test Acc: 50.930 | Student Test Loss: 3.300 | Student Test Acc: 24.480 | Teacher Test F1: 0.507 | Student Test F1: 0.234 | Teacher Top 5 Accuracy: 0.815 | Student Top 5 Accuracy: 0.538 | Time: 2.302 | 
Running student landscape probe...
[bandit] epoch=13 mode=exp3 decision=exp3 reward=-1.000000 arm=10 value=1.000000 count=1 next_student_lr=0.600000
[Train] Epoch: 14 | Teacher lr=0.8886 | Teacher Loss: 1.696 | Teacher Train Acc: 60.012 | Student lr=0.6000 | Student Train Acc: 59.416 | Time: 135.386 |
[Eval] Epoch: 14 | Teacher Test Loss: 1.769 | Teacher Test Acc: 51.470 | Student Test Loss: 2.176 | Student Test Acc: 43.210 | Teacher Test F1: 0.509 | Student Test F1: 0.428 | Teacher Top 5 Accuracy: 0.823 | Student Top 5 Accuracy: 0.757 | Time: 2.459 | 
Running student landscape probe...
[bandit] epoch=14 mode=exp3 decision=exp3 reward=1.000000 arm=14 value=0.466461 count=3 next_student_lr=1.000000
[Train] Epoch: 15 | Teacher lr=0.8716 | Teacher Loss: 1.721 | Teacher Train Acc: 61.372 | Student lr=1.0000 | Student Train Acc: 56.498 | Time: 134.290 |
[Eval] Epoch: 15 | Teacher Test Loss: 1.787 | Teacher Test Acc: 50.120 | Student Test Loss: 2.269 | Student Test Acc: 43.100 | Teacher Test F1: 0.503 | Student Test F1: 0.423 | Teacher Top 5 Accuracy: 0.812 | Student Top 5 Accuracy: 0.739 | Time: 2.302 | 
Running student landscape probe...
[bandit] epoch=15 mode=exp3 decision=exp3 reward=-0.092396 arm=5 value=0.000000 count=0 next_student_lr=0.100000
[Train] Epoch: 16 | Teacher lr=0.8536 | Teacher Loss: 1.586 | Teacher Train Acc: 62.084 | Student lr=0.1000 | Student Train Acc: 66.202 | Time: 138.529 |
[Eval] Epoch: 16 | Teacher Test Loss: 1.697 | Teacher Test Acc: 53.570 | Student Test Loss: 1.333 | Student Test Acc: 61.940 | Teacher Test F1: 0.535 | Student Test F1: 0.618 | Teacher Top 5 Accuracy: 0.833 | Student Top 5 Accuracy: 0.886 | Time: 2.398 | 
Running student landscape probe...
[bandit] epoch=16 mode=exp3 decision=exp3 reward=0.935582 arm=16 value=0.000000 count=0 next_student_lr=1.200000
[Train] Epoch: 17 | Teacher lr=0.8346 | Teacher Loss: 1.688 | Teacher Train Acc: 62.948 | Student lr=1.2000 | Student Train Acc: 55.904 | Time: 135.361 |
[Eval] Epoch: 17 | Teacher Test Loss: 1.731 | Teacher Test Acc: 51.340 | Student Test Loss: 2.965 | Student Test Acc: 31.750 | Teacher Test F1: 0.512 | Student Test F1: 0.324 | Teacher Top 5 Accuracy: 0.827 | Student Top 5 Accuracy: 0.642 | Time: 2.413 | 
Running student landscape probe...
[bandit] epoch=17 mode=exp3 decision=exp3 reward=-1.000000 arm=11 value=-0.195122 count=1 next_student_lr=0.700000
[Train] Epoch: 18 | Teacher lr=0.8147 | Teacher Loss: 1.607 | Teacher Train Acc: 63.034 | Student lr=0.7000 | Student Train Acc: 60.784 | Time: 136.094 |
[Eval] Epoch: 18 | Teacher Test Loss: 1.712 | Teacher Test Acc: 53.670 | Student Test Loss: 2.173 | Student Test Acc: 44.740 | Teacher Test F1: 0.534 | Student Test F1: 0.450 | Teacher Top 5 Accuracy: 0.831 | Student Top 5 Accuracy: 0.759 | Time: 2.437 | 
Running student landscape probe...
[bandit] epoch=18 mode=exp3 decision=exp3 reward=0.792498 arm=10 value=1.000000 count=2 next_student_lr=0.600000
[Train] Epoch: 19 | Teacher lr=0.7939 | Teacher Loss: 1.572 | Teacher Train Acc: 64.006 | Student lr=0.6000 | Student Train Acc: 61.982 | Time: 134.987 |
[Eval] Epoch: 19 | Teacher Test Loss: 1.809 | Teacher Test Acc: 50.690 | Student Test Loss: 3.075 | Student Test Acc: 31.950 | Teacher Test F1: 0.504 | Student Test F1: 0.331 | Teacher Top 5 Accuracy: 0.810 | Student Top 5 Accuracy: 0.641 | Time: 2.401 | 
Running student landscape probe...
[bandit] epoch=19 mode=exp3 decision=exp3 reward=-0.902129 arm=10 value=0.365957 count=3 next_student_lr=0.600000
[Train] Epoch: 20 | Teacher lr=0.7723 | Teacher Loss: 1.554 | Teacher Train Acc: 64.492 | Student lr=0.6000 | Student Train Acc: 62.098 | Time: 134.777 |
[Eval] Epoch: 20 | Teacher Test Loss: 1.548 | Teacher Test Acc: 56.800 | Student Test Loss: 2.393 | Student Test Acc: 40.570 | Teacher Test F1: 0.566 | Student Test F1: 0.410 | Teacher Top 5 Accuracy: 0.851 | Student Top 5 Accuracy: 0.721 | Time: 2.471 | 
Running student landscape probe...
[bandit] epoch=20 mode=exp3 decision=exp3 reward=0.682464 arm=7 value=0.000000 count=0 next_student_lr=0.300000
[Train] Epoch: 21 | Teacher lr=0.7500 | Teacher Loss: 1.496 | Teacher Train Acc: 65.010 | Student lr=0.3000 | Student Train Acc: 67.194 | Time: 134.223 |
[Eval] Epoch: 21 | Teacher Test Loss: 1.650 | Teacher Test Acc: 54.660 | Student Test Loss: 1.601 | Student Test Acc: 55.570 | Teacher Test F1: 0.542 | Student Test F1: 0.556 | Teacher Top 5 Accuracy: 0.843 | Student Top 5 Accuracy: 0.847 | Time: 2.423 | 
Running student landscape probe...
[bandit] epoch=21 mode=exp3 decision=exp3 reward=0.791728 arm=12 value=0.000000 count=0 next_student_lr=0.800000
[Train] Epoch: 22 | Teacher lr=0.7270 | Teacher Loss: 1.553 | Teacher Train Acc: 65.754 | Student lr=0.8000 | Student Train Acc: 60.148 | Time: 134.518 |
[Eval] Epoch: 22 | Teacher Test Loss: 1.551 | Teacher Test Acc: 56.550 | Student Test Loss: 2.026 | Student Test Acc: 46.510 | Teacher Test F1: 0.565 | Student Test F1: 0.459 | Teacher Top 5 Accuracy: 0.848 | Student Top 5 Accuracy: 0.775 | Time: 2.429 | 
Running student landscape probe...
[bandit] epoch=22 mode=exp3 decision=exp3 reward=-0.425217 arm=19 value=-1.000000 count=1 next_student_lr=1.500000
[Train] Epoch: 23 | Teacher lr=0.7034 | Teacher Loss: 1.582 | Teacher Train Acc: 67.294 | Student lr=1.5000 | Student Train Acc: 53.978 | Time: 135.168 |
[Eval] Epoch: 23 | Teacher Test Loss: 1.397 | Teacher Test Acc: 60.880 | Student Test Loss: 2.429 | Student Test Acc: 38.100 | Teacher Test F1: 0.607 | Student Test F1: 0.374 | Teacher Top 5 Accuracy: 0.878 | Student Top 5 Accuracy: 0.708 | Time: 2.409 | 
Running student landscape probe...
[bandit] epoch=23 mode=exp3 decision=exp3 reward=-0.402553 arm=14 value=0.326747 count=4 next_student_lr=1.000000
[Train] Epoch: 24 | Teacher lr=0.6792 | Teacher Loss: 1.497 | Teacher Train Acc: 67.332 | Student lr=1.0000 | Student Train Acc: 59.340 | Time: 136.827 |
[Eval] Epoch: 24 | Teacher Test Loss: 1.440 | Teacher Test Acc: 59.650 | Student Test Loss: 2.373 | Student Test Acc: 40.430 | Teacher Test F1: 0.596 | Student Test F1: 0.406 | Teacher Top 5 Accuracy: 0.867 | Student Top 5 Accuracy: 0.742 | Time: 2.376 | 
Running student landscape probe...
[bandit] epoch=24 mode=exp3 decision=exp3 reward=0.055521 arm=1 value=0.000000 count=0 next_student_lr=0.001000
[Train] Epoch: 25 | Teacher lr=0.6545 | Teacher Loss: 1.411 | Teacher Train Acc: 69.114 | Student lr=0.0010 | Student Train Acc: 61.558 | Time: 136.539 |
[Eval] Epoch: 25 | Teacher Test Loss: 1.424 | Teacher Test Acc: 60.180 | Student Test Loss: 1.413 | Student Test Acc: 59.940 | Teacher Test F1: 0.604 | Student Test F1: 0.595 | Teacher Top 5 Accuracy: 0.871 | Student Top 5 Accuracy: 0.872 | Time: 2.586 | 
Running student landscape probe...
[bandit] epoch=25 mode=exp3 decision=exp3 reward=0.960016 arm=15 value=-0.935956 count=1 next_student_lr=1.100000
[Train] Epoch: 26 | Teacher lr=0.6294 | Teacher Loss: 1.481 | Teacher Train Acc: 68.882 | Student lr=1.1000 | Student Train Acc: 58.752 | Time: 133.089 |
[Eval] Epoch: 26 | Teacher Test Loss: 1.474 | Teacher Test Acc: 58.410 | Student Test Loss: 2.167 | Student Test Acc: 44.860 | Teacher Test F1: 0.582 | Student Test F1: 0.453 | Teacher Top 5 Accuracy: 0.863 | Student Top 5 Accuracy: 0.772 | Time: 2.511 | 
Running student landscape probe...
[bandit] epoch=26 mode=exp3 decision=exp3 reward=-0.754335 arm=17 value=0.000000 count=0 next_student_lr=1.300000
[Train] Epoch: 27 | Teacher lr=0.6040 | Teacher Loss: 1.482 | Teacher Train Acc: 69.490 | Student lr=1.3000 | Student Train Acc: 56.746 | Time: 133.703 |
[Eval] Epoch: 27 | Teacher Test Loss: 1.480 | Teacher Test Acc: 58.370 | Student Test Loss: 2.577 | Student Test Acc: 37.020 | Teacher Test F1: 0.589 | Student Test F1: 0.362 | Teacher Top 5 Accuracy: 0.867 | Student Top 5 Accuracy: 0.699 | Time: 2.463 | 
Running student landscape probe...
[bandit] epoch=27 mode=exp3 decision=exp3 reward=-0.409316 arm=4 value=0.841804 count=1 next_student_lr=0.050000
[Train] Epoch: 28 | Teacher lr=0.5782 | Teacher Loss: 1.300 | Teacher Train Acc: 70.254 | Student lr=0.0500 | Student Train Acc: 66.964 | Time: 133.833 |
[Eval] Epoch: 28 | Teacher Test Loss: 1.325 | Teacher Test Acc: 61.940 | Student Test Loss: 1.250 | Student Test Acc: 64.270 | Teacher Test F1: 0.621 | Student Test F1: 0.642 | Teacher Top 5 Accuracy: 0.889 | Student Top 5 Accuracy: 0.896 | Time: 2.528 | 
Running student landscape probe...
[bandit] epoch=28 mode=exp3 decision=exp3 reward=1.000000 arm=4 value=0.920902 count=2 next_student_lr=0.050000
[Train] Epoch: 29 | Teacher lr=0.5523 | Teacher Loss: 1.262 | Teacher Train Acc: 70.584 | Student lr=0.0500 | Student Train Acc: 70.140 | Time: 133.715 |
[Eval] Epoch: 29 | Teacher Test Loss: 1.421 | Teacher Test Acc: 59.660 | Student Test Loss: 1.215 | Student Test Acc: 64.980 | Teacher Test F1: 0.598 | Student Test F1: 0.648 | Teacher Top 5 Accuracy: 0.873 | Student Top 5 Accuracy: 0.901 | Time: 2.577 | 
Running student landscape probe...
[bandit] epoch=29 mode=exp3 decision=exp3 reward=0.035497 arm=9 value=0.000000 count=0 next_student_lr=0.500000
[Train] Epoch: 30 | Teacher lr=0.5262 | Teacher Loss: 1.322 | Teacher Train Acc: 71.078 | Student lr=0.5000 | Student Train Acc: 65.342 | Time: 136.557 |
[Eval] Epoch: 30 | Teacher Test Loss: 1.335 | Teacher Test Acc: 61.410 | Student Test Loss: 1.614 | Student Test Acc: 55.250 | Teacher Test F1: 0.613 | Student Test F1: 0.552 | Teacher Top 5 Accuracy: 0.888 | Student Top 5 Accuracy: 0.848 | Time: 2.512 | 
Running student landscape probe...
[bandit] epoch=30 mode=exp3 decision=exp3 reward=-0.399400 arm=4 value=0.625767 count=3 next_student_lr=0.050000
[Train] Epoch: 31 | Teacher lr=0.5000 | Teacher Loss: 1.206 | Teacher Train Acc: 72.294 | Student lr=0.0500 | Student Train Acc: 72.270 | Time: 133.436 |
[Eval] Epoch: 31 | Teacher Test Loss: 1.375 | Teacher Test Acc: 60.930 | Student Test Loss: 1.191 | Student Test Acc: 66.030 | Teacher Test F1: 0.612 | Student Test F1: 0.660 | Teacher Top 5 Accuracy: 0.886 | Student Top 5 Accuracy: 0.903 | Time: 2.564 | 
Running student landscape probe...
[bandit] epoch=31 mode=exp3 decision=exp3 reward=0.423164 arm=12 value=-0.425217 count=1 next_student_lr=0.800000
[Train] Epoch: 32 | Teacher lr=0.4738 | Teacher Loss: 1.342 | Teacher Train Acc: 72.982 | Student lr=0.8000 | Student Train Acc: 61.406 | Time: 136.969 |
[Eval] Epoch: 32 | Teacher Test Loss: 1.336 | Teacher Test Acc: 62.280 | Student Test Loss: 2.149 | Student Test Acc: 44.800 | Teacher Test F1: 0.626 | Student Test F1: 0.455 | Teacher Top 5 Accuracy: 0.885 | Student Top 5 Accuracy: 0.764 | Time: 2.641 | 
Running student landscape probe...
[bandit] epoch=32 mode=exp3 decision=exp3 reward=-0.957888 arm=13 value=1.000000 count=1 next_student_lr=0.900000
[Train] Epoch: 33 | Teacher lr=0.4477 | Teacher Loss: 1.301 | Teacher Train Acc: 74.166 | Student lr=0.9000 | Student Train Acc: 60.542 | Time: 132.991 |
[Eval] Epoch: 33 | Teacher Test Loss: 1.226 | Teacher Test Acc: 65.300 | Student Test Loss: 2.185 | Student Test Acc: 43.350 | Teacher Test F1: 0.652 | Student Test F1: 0.431 | Teacher Top 5 Accuracy: 0.900 | Student Top 5 Accuracy: 0.762 | Time: 2.616 | 
Running student landscape probe...
[bandit] epoch=33 mode=exp3 decision=exp3 reward=-0.035968 arm=9 value=-0.399400 count=1 next_student_lr=0.500000
[Train] Epoch: 34 | Teacher lr=0.4218 | Teacher Loss: 1.216 | Teacher Train Acc: 74.400 | Student lr=0.5000 | Student Train Acc: 65.680 | Time: 134.955 |
[Eval] Epoch: 34 | Teacher Test Loss: 1.195 | Teacher Test Acc: 65.160 | Student Test Loss: 2.059 | Student Test Acc: 45.400 | Teacher Test F1: 0.651 | Student Test F1: 0.455 | Teacher Top 5 Accuracy: 0.906 | Student Top 5 Accuracy: 0.780 | Time: 2.557 | 
Running student landscape probe...
[bandit] epoch=34 mode=exp3 decision=exp3 reward=0.126165 arm=11 value=0.298688 count=2 next_student_lr=0.700000
[Train] Epoch: 35 | Teacher lr=0.3960 | Teacher Loss: 1.242 | Teacher Train Acc: 75.324 | Student lr=0.7000 | Student Train Acc: 63.040 | Time: 133.589 |
[Eval] Epoch: 35 | Teacher Test Loss: 1.189 | Teacher Test Acc: 65.340 | Student Test Loss: 2.003 | Student Test Acc: 46.920 | Teacher Test F1: 0.653 | Student Test F1: 0.470 | Teacher Top 5 Accuracy: 0.909 | Student Top 5 Accuracy: 0.798 | Time: 2.583 | 
Running student landscape probe...
[bandit] epoch=35 mode=exp3 decision=exp3 reward=0.055358 arm=4 value=0.575116 count=4 next_student_lr=0.050000
[Train] Epoch: 36 | Teacher lr=0.3706 | Teacher Loss: 1.064 | Teacher Train Acc: 76.564 | Student lr=0.0500 | Student Train Acc: 72.024 | Time: 133.554 |
[Eval] Epoch: 36 | Teacher Test Loss: 1.145 | Teacher Test Acc: 66.900 | Student Test Loss: 1.175 | Student Test Acc: 66.050 | Teacher Test F1: 0.667 | Student Test F1: 0.660 | Teacher Top 5 Accuracy: 0.911 | Student Top 5 Accuracy: 0.905 | Time: 2.587 | 
Running student landscape probe...
[bandit] epoch=36 mode=exp3 decision=exp3 reward=0.827966 arm=7 value=0.791728 count=1 next_student_lr=0.300000
[Train] Epoch: 37 | Teacher lr=0.3455 | Teacher Loss: 1.119 | Teacher Train Acc: 76.490 | Student lr=0.3000 | Student Train Acc: 69.836 | Time: 133.607 |
[Eval] Epoch: 37 | Teacher Test Loss: 1.252 | Teacher Test Acc: 64.100 | Student Test Loss: 1.534 | Student Test Acc: 57.920 | Teacher Test F1: 0.643 | Student Test F1: 0.580 | Teacher Top 5 Accuracy: 0.896 | Student Top 5 Accuracy: 0.858 | Time: 2.564 | 
Running student landscape probe...
[bandit] epoch=37 mode=exp3 decision=exp3 reward=-0.358867 arm=17 value=-0.409316 count=1 next_student_lr=1.300000
[Train] Epoch: 38 | Teacher lr=0.3208 | Teacher Loss: 1.892 | Teacher Train Acc: 76.480 | Student lr=1.3000 | Student Train Acc: 4.960 | Time: 133.551 |
[Eval] Epoch: 38 | Teacher Test Loss: 1.375 | Teacher Test Acc: 67.050 | Student Test Loss: 4.271 | Student Test Acc: 4.200 | Teacher Test F1: 0.671 | Student Test F1: 0.023 | Teacher Top 5 Accuracy: 0.902 | Student Top 5 Accuracy: 0.200 | Time: 2.542 | 
Running student landscape probe...
[bandit] epoch=38 mode=exp3 decision=exp3 reward=-1.000000 arm=5 value=0.935582 count=1 next_student_lr=0.100000
[Train] Epoch: 39 | Teacher lr=0.2966 | Teacher Loss: 1.660 | Teacher Train Acc: 78.348 | Student lr=0.1000 | Student Train Acc: 13.390 | Time: 134.233 |
[Eval] Epoch: 39 | Teacher Test Loss: 1.327 | Teacher Test Acc: 67.840 | Student Test Loss: 3.510 | Student Test Acc: 15.360 | Teacher Test F1: 0.676 | Student Test F1: 0.121 | Teacher Top 5 Accuracy: 0.903 | Student Top 5 Accuracy: 0.415 | Time: 2.599 | 
Running student landscape probe...
[bandit] epoch=39 mode=exp3 decision=exp3 reward=0.760581 arm=17 value=-0.704658 count=2 next_student_lr=1.300000
[Train] Epoch: 40 | Teacher lr=0.2730 | Teacher Loss: 1.642 | Teacher Train Acc: 78.724 | Student lr=1.3000 | Student Train Acc: 17.292 | Time: 134.586 |
[Eval] Epoch: 40 | Teacher Test Loss: 1.293 | Teacher Test Acc: 67.840 | Student Test Loss: 3.390 | Student Test Acc: 17.560 | Teacher Test F1: 0.675 | Student Test F1: 0.140 | Teacher Top 5 Accuracy: 0.906 | Student Top 5 Accuracy: 0.468 | Time: 2.744 | 
Running student landscape probe...
[bandit] epoch=40 mode=exp3 decision=exp3 reward=0.119537 arm=11 value=0.217578 count=3 next_student_lr=0.700000
[Train] Epoch: 41 | Teacher lr=0.2500 | Teacher Loss: 1.472 | Teacher Train Acc: 79.774 | Student lr=0.7000 | Student Train Acc: 33.660 | Time: 133.147 |
[Eval] Epoch: 41 | Teacher Test Loss: 1.220 | Teacher Test Acc: 68.110 | Student Test Loss: 2.755 | Student Test Acc: 28.380 | Teacher Test F1: 0.682 | Student Test F1: 0.269 | Teacher Top 5 Accuracy: 0.906 | Student Top 5 Accuracy: 0.624 | Time: 2.669 | 
Running student landscape probe...
[bandit] epoch=41 mode=exp3 decision=exp3 reward=0.635856 arm=7 value=0.216430 count=2 next_student_lr=0.300000
[Train] Epoch: 42 | Teacher lr=0.2277 | Teacher Loss: 1.313 | Teacher Train Acc: 80.694 | Student lr=0.3000 | Student Train Acc: 44.686 | Time: 133.962 |
[Eval] Epoch: 42 | Teacher Test Loss: 1.109 | Teacher Test Acc: 69.970 | Student Test Loss: 2.424 | Student Test Acc: 36.490 | Teacher Test F1: 0.700 | Student Test F1: 0.351 | Teacher Top 5 Accuracy: 0.923 | Student Top 5 Accuracy: 0.699 | Time: 2.532 | 
Running student landscape probe...
[bandit] epoch=42 mode=exp3 decision=exp3 reward=0.330708 arm=6 value=0.000000 count=0 next_student_lr=0.200000
[Train] Epoch: 43 | Teacher lr=0.2061 | Teacher Loss: 1.216 | Teacher Train Acc: 81.990 | Student lr=0.2000 | Student Train Acc: 50.216 | Time: 134.396 |
[Eval] Epoch: 43 | Teacher Test Loss: 1.086 | Teacher Test Acc: 70.040 | Student Test Loss: 2.003 | Student Test Acc: 45.610 | Teacher Test F1: 0.699 | Student Test F1: 0.450 | Teacher Top 5 Accuracy: 0.921 | Student Top 5 Accuracy: 0.772 | Time: 2.593 | 
Running student landscape probe...
[bandit] epoch=43 mode=exp3 decision=exp3 reward=0.420724 arm=15 value=-0.845145 count=2 next_student_lr=1.100000
[Train] Epoch: 44 | Teacher lr=0.1853 | Teacher Loss: 1.619 | Teacher Train Acc: 82.924 | Student lr=1.1000 | Student Train Acc: 11.816 | Time: 135.086 |
[Eval] Epoch: 44 | Teacher Test Loss: 1.257 | Teacher Test Acc: 69.800 | Student Test Loss: 3.924 | Student Test Acc: 11.810 | Teacher Test F1: 0.694 | Student Test F1: 0.085 | Teacher Top 5 Accuracy: 0.911 | Student Top 5 Accuracy: 0.361 | Time: 2.612 | 
Running student landscape probe...
[bandit] epoch=44 mode=exp3 decision=exp3 reward=-1.000000 arm=14 value=0.272502 count=5 next_student_lr=1.000000
[Train] Epoch: 45 | Teacher lr=0.1654 | Teacher Loss: 1.438 | Teacher Train Acc: 83.888 | Student lr=1.0000 | Student Train Acc: 24.320 | Time: 132.940 |
[Eval] Epoch: 45 | Teacher Test Loss: 1.138 | Teacher Test Acc: 71.590 | Student Test Loss: 4.248 | Student Test Acc: 14.970 | Teacher Test F1: 0.715 | Student Test F1: 0.111 | Teacher Top 5 Accuracy: 0.923 | Student Top 5 Accuracy: 0.403 | Time: 2.540 | 
Running student landscape probe...
[bandit] epoch=45 mode=exp3 decision=exp3 reward=-0.323729 arm=8 value=-0.726793 count=1 next_student_lr=0.400000
[Train] Epoch: 46 | Teacher lr=0.1464 | Teacher Loss: 1.298 | Teacher Train Acc: 85.104 | Student lr=0.4000 | Student Train Acc: 35.814 | Time: 134.357 |
[Eval] Epoch: 46 | Teacher Test Loss: 1.089 | Teacher Test Acc: 71.070 | Student Test Loss: 2.761 | Student Test Acc: 29.660 | Teacher Test F1: 0.708 | Student Test F1: 0.280 | Teacher Top 5 Accuracy: 0.922 | Student Top 5 Accuracy: 0.621 | Time: 2.613 | 
Running student landscape probe...
[bandit] epoch=46 mode=exp3 decision=exp3 reward=1.000000 arm=14 value=0.173130 count=6 next_student_lr=1.000000
[Train] Epoch: 47 | Teacher lr=0.1284 | Teacher Loss: 1.289 | Teacher Train Acc: 86.616 | Student lr=1.0000 | Student Train Acc: 35.222 | Time: 135.345 |
[Eval] Epoch: 47 | Teacher Test Loss: 1.120 | Teacher Test Acc: 70.940 | Student Test Loss: 2.708 | Student Test Acc: 30.060 | Teacher Test F1: 0.706 | Student Test F1: 0.275 | Teacher Top 5 Accuracy: 0.921 | Student Top 5 Accuracy: 0.638 | Time: 2.599 | 
Running student landscape probe...
[bandit] epoch=47 mode=exp3 decision=exp3 reward=0.053333 arm=6 value=0.420724 count=1 next_student_lr=0.200000
[Train] Epoch: 48 | Teacher lr=0.1114 | Teacher Loss: 1.120 | Teacher Train Acc: 87.392 | Student lr=0.2000 | Student Train Acc: 46.022 | Time: 135.069 |
[Eval] Epoch: 48 | Teacher Test Loss: 1.029 | Teacher Test Acc: 72.050 | Student Test Loss: 2.147 | Student Test Acc: 42.660 | Teacher Test F1: 0.720 | Student Test F1: 0.409 | Teacher Top 5 Accuracy: 0.929 | Student Top 5 Accuracy: 0.748 | Time: 2.483 | 
Running student landscape probe...
[bandit] epoch=48 mode=exp3 decision=exp3 reward=0.560522 arm=2 value=0.000000 count=0 next_student_lr=0.010000
[Train] Epoch: 49 | Teacher lr=0.0955 | Teacher Loss: 1.012 | Teacher Train Acc: 88.774 | Student lr=0.0100 | Student Train Acc: 51.496 | Time: 134.981 |
[Eval] Epoch: 49 | Teacher Test Loss: 0.996 | Teacher Test Acc: 73.020 | Student Test Loss: 1.851 | Student Test Acc: 48.880 | Teacher Test F1: 0.730 | Student Test F1: 0.478 | Teacher Top 5 Accuracy: 0.929 | Student Top 5 Accuracy: 0.798 | Time: 2.598 | 
Running student landscape probe...
[bandit] epoch=49 mode=exp3 decision=exp3 reward=0.295994 arm=8 value=0.136604 count=2 next_student_lr=0.400000
[Train] Epoch: 50 | Teacher lr=0.0807 | Teacher Loss: 1.089 | Teacher Train Acc: 90.130 | Student lr=0.4000 | Student Train Acc: 45.344 | Time: 134.355 |
[Eval] Epoch: 50 | Teacher Test Loss: 1.002 | Teacher Test Acc: 73.080 | Student Test Loss: 2.600 | Student Test Acc: 33.830 | Teacher Test F1: 0.730 | Student Test F1: 0.322 | Teacher Top 5 Accuracy: 0.932 | Student Top 5 Accuracy: 0.661 | Time: 2.663 | 
Running student landscape probe...
[bandit] epoch=50 mode=exp3 decision=exp3 reward=-0.748514 arm=19 value=-0.701277 count=2 next_student_lr=1.500000
[Train] Epoch: 51 | Teacher lr=0.0670 | Teacher Loss: 1.244 | Teacher Train Acc: 91.428 | Student lr=1.5000 | Student Train Acc: 31.860 | Time: 134.921 |
[Eval] Epoch: 51 | Teacher Test Loss: 1.032 | Teacher Test Acc: 73.560 | Student Test Loss: 5.293 | Student Test Acc: 13.100 | Teacher Test F1: 0.734 | Student Test F1: 0.114 | Teacher Top 5 Accuracy: 0.930 | Student Top 5 Accuracy: 0.343 | Time: 2.651 | 
Running student landscape probe...
[bandit] epoch=51 mode=exp3 decision=exp3 reward=-1.000000 arm=14 value=0.156016 count=7 next_student_lr=1.000000
[Train] Epoch: 52 | Teacher lr=0.0545 | Teacher Loss: 1.080 | Teacher Train Acc: 92.668 | Student lr=1.0000 | Student Train Acc: 41.450 | Time: 134.271 |
[Eval] Epoch: 52 | Teacher Test Loss: 0.995 | Teacher Test Acc: 74.070 | Student Test Loss: 3.225 | Student Test Acc: 24.830 | Teacher Test F1: 0.740 | Student Test F1: 0.232 | Teacher Top 5 Accuracy: 0.934 | Student Top 5 Accuracy: 0.563 | Time: 2.535 | 
Running student landscape probe...
[bandit] epoch=52 mode=exp3 decision=exp3 reward=1.000000 arm=12 value=-0.691553 count=2 next_student_lr=0.800000
[Train] Epoch: 53 | Teacher lr=0.0432 | Teacher Loss: 1.020 | Teacher Train Acc: 93.418 | Student lr=0.8000 | Student Train Acc: 45.164 | Time: 134.766 |
[Eval] Epoch: 53 | Teacher Test Loss: 0.975 | Teacher Test Acc: 74.320 | Student Test Loss: 3.004 | Student Test Acc: 28.180 | Teacher Test F1: 0.743 | Student Test F1: 0.271 | Teacher Top 5 Accuracy: 0.934 | Student Top 5 Accuracy: 0.630 | Time: 2.577 | 
Running student landscape probe...
[bandit] epoch=53 mode=exp3 decision=exp3 reward=0.221213 arm=9 value=-0.136617 count=2 next_student_lr=0.500000
[Train] Epoch: 54 | Teacher lr=0.0332 | Teacher Loss: 0.952 | Teacher Train Acc: 94.252 | Student lr=0.5000 | Student Train Acc: 49.386 | Time: 134.708 |
[Eval] Epoch: 54 | Teacher Test Loss: 0.956 | Teacher Test Acc: 74.490 | Student Test Loss: 2.262 | Student Test Acc: 40.290 | Teacher Test F1: 0.744 | Student Test F1: 0.396 | Teacher Top 5 Accuracy: 0.935 | Student Top 5 Accuracy: 0.733 | Time: 2.633 | 
Running student landscape probe...
[bandit] epoch=54 mode=exp3 decision=exp3 reward=0.742312 arm=2 value=0.295994 count=1 next_student_lr=0.010000
[Train] Epoch: 55 | Teacher lr=0.0245 | Teacher Loss: 0.833 | Teacher Train Acc: 94.712 | Student lr=0.0100 | Student Train Acc: 55.728 | Time: 135.351 |
[Eval] Epoch: 55 | Teacher Test Loss: 0.932 | Teacher Test Acc: 74.410 | Student Test Loss: 1.664 | Student Test Acc: 53.080 | Teacher Test F1: 0.744 | Student Test F1: 0.524 | Teacher Top 5 Accuracy: 0.935 | Student Top 5 Accuracy: 0.831 | Time: 2.588 | 
Running student landscape probe...
[bandit] epoch=55 mode=exp3 decision=exp3 reward=0.597437 arm=5 value=0.848081 count=2 next_student_lr=0.100000
[Train] Epoch: 56 | Teacher lr=0.0170 | Teacher Loss: 0.818 | Teacher Train Acc: 95.200 | Student lr=0.1000 | Student Train Acc: 57.098 | Time: 133.531 |
[Eval] Epoch: 56 | Teacher Test Loss: 0.913 | Teacher Test Acc: 75.010 | Student Test Loss: 1.756 | Student Test Acc: 51.120 | Teacher Test F1: 0.750 | Student Test F1: 0.509 | Teacher Top 5 Accuracy: 0.937 | Student Top 5 Accuracy: 0.813 | Time: 2.588 | 
Running student landscape probe...
[bandit] epoch=56 mode=exp3 decision=exp3 reward=-0.091220 arm=12 value=-0.387298 count=3 next_student_lr=0.800000
[Train] Epoch: 57 | Teacher lr=0.0109 | Teacher Loss: 0.972 | Teacher Train Acc: 95.902 | Student lr=0.8000 | Student Train Acc: 45.934 | Time: 134.359 |
[Eval] Epoch: 57 | Teacher Test Loss: 0.948 | Teacher Test Acc: 74.980 | Student Test Loss: 3.018 | Student Test Acc: 28.650 | Teacher Test F1: 0.749 | Student Test F1: 0.271 | Teacher Top 5 Accuracy: 0.933 | Student Top 5 Accuracy: 0.587 | Time: 2.616 | 
Running student landscape probe...
[bandit] epoch=57 mode=exp3 decision=exp3 reward=-1.000000 arm=2 value=0.446716 count=2 next_student_lr=0.010000
[Train] Epoch: 58 | Teacher lr=0.0062 | Teacher Loss: 0.817 | Teacher Train Acc: 96.182 | Student lr=0.0100 | Student Train Acc: 53.826 | Time: 135.666 |
[Eval] Epoch: 58 | Teacher Test Loss: 0.927 | Teacher Test Acc: 75.100 | Student Test Loss: 1.684 | Student Test Acc: 52.620 | Teacher Test F1: 0.751 | Student Test F1: 0.519 | Teacher Top 5 Accuracy: 0.935 | Student Top 5 Accuracy: 0.826 | Time: 2.627 | 
Running student landscape probe...
[bandit] epoch=58 mode=exp3 decision=exp3 reward=1.000000 arm=14 value=0.261514 count=8 next_student_lr=1.000000
[Train] Epoch: 59 | Teacher lr=0.0027 | Teacher Loss: 0.970 | Teacher Train Acc: 96.408 | Student lr=1.0000 | Student Train Acc: 45.358 | Time: 133.033 |
[Eval] Epoch: 59 | Teacher Test Loss: 0.949 | Teacher Test Acc: 75.150 | Student Test Loss: 2.317 | Student Test Acc: 38.050 | Teacher Test F1: 0.751 | Student Test F1: 0.366 | Teacher Top 5 Accuracy: 0.934 | Student Top 5 Accuracy: 0.715 | Time: 2.556 | 
Running student landscape probe...
[bandit] epoch=59 mode=exp3 decision=exp3 reward=-0.632744 arm=4 value=0.625686 count=5 next_student_lr=0.050000
[Train] Epoch: 60 | Teacher lr=0.0007 | Teacher Loss: 0.800 | Teacher Train Acc: 96.378 | Student lr=0.0500 | Student Train Acc: 55.632 | Time: 134.533 |
[Eval] Epoch: 60 | Teacher Test Loss: 0.935 | Teacher Test Acc: 75.140 | Student Test Loss: 1.636 | Student Test Acc: 53.360 | Teacher Test F1: 0.751 | Student Test F1: 0.526 | Teacher Top 5 Accuracy: 0.934 | Student Top 5 Accuracy: 0.839 | Time: 2.004 | 
Running student landscape probe...
[bandit] epoch=60 mode=exp3 decision=exp3 reward=0.681633 arm=12 value=-0.540473 count=4 next_student_lr=0.800000
ckpt location: ckpt/sota_bandit_industry/bandit_exp3_fast_seed3_60ep.pt
