/home/jovyan/.mlspace/envs/egy_llm/lib/python3.11/site-packages/torchvision/datasets/cifar.py:83: VisibleDeprecationWarning: dtype(): align should be passed as Python or NumPy boolean but got `align=0`. Did you mean to pass a tuple to create a subarray type? (Deprecated NumPy 2.4)
  entry = pickle.load(f, encoding="latin1")
depth_list: [110, 20]
Dataset information: cifar100	 50000 images for training 	 10000 images for testing	
teacher depth: 110
student depth: 20
Total number of teacher parameters: 1,169,972
Total number of student parameters: 278,132
Snapshots will be saved to: snapshots/sota_bandit_industry/bandit_exp3_fast_seed1_60ep
==== train and evaluate unequal restart ====
[scheduler] Bandit LR active mode=exp3 init_lr=0.01 eta=0.1 gamma=0.2
[Eval] Epoch: 0 | Teacher Test Loss: 12407.062 | Teacher Test Acc: 0.990 | Student Test Loss: 7.984 | Student Test Acc: 1.020 | Teacher Test F1: 0.000 | Student Test F1: 0.000 | Teacher Top 5 Accuracy: 0.050 | Student Top 5 Accuracy: 0.046 | Time: 2.879 | 
Running student landscape probe...
[Train] Epoch: 1 | Teacher lr=1.0000 | Teacher Loss: 4.009 | Teacher Train Acc: 9.934 | Student lr=0.0100 | Student Train Acc: 6.968 | Time: 136.679 |
[Eval] Epoch: 1 | Teacher Test Loss: 3.678 | Teacher Test Acc: 13.090 | Student Test Loss: 3.813 | Student Test Acc: 10.760 | Teacher Test F1: 0.102 | Student Test F1: 0.070 | Teacher Top 5 Accuracy: 0.372 | Student Top 5 Accuracy: 0.312 | Time: 2.389 | 
Running student landscape probe...
[bandit] epoch=1 mode=exp3 decision=warmup_cosine reward=0.000000 arm=14 value=0.000000 count=0 next_student_lr=0.999315
[Train] Epoch: 2 | Teacher lr=0.9993 | Teacher Loss: 3.406 | Teacher Train Acc: 21.314 | Student lr=0.9993 | Student Train Acc: 18.898 | Time: 137.943 |
[Eval] Epoch: 2 | Teacher Test Loss: 3.399 | Teacher Test Acc: 18.890 | Student Test Loss: 3.123 | Student Test Acc: 23.320 | Teacher Test F1: 0.171 | Student Test F1: 0.201 | Teacher Top 5 Accuracy: 0.474 | Student Top 5 Accuracy: 0.539 | Time: 2.372 | 
Running student landscape probe...
[bandit] epoch=2 mode=exp3 decision=warmup_cosine reward=0.689434 arm=14 value=0.689434 count=1 next_student_lr=0.997264
[Train] Epoch: 3 | Teacher lr=0.9973 | Teacher Loss: 2.854 | Teacher Train Acc: 32.060 | Student lr=0.9973 | Student Train Acc: 39.796 | Time: 136.419 |
[Eval] Epoch: 3 | Teacher Test Loss: 3.010 | Teacher Test Acc: 26.710 | Student Test Loss: 3.579 | Student Test Acc: 19.050 | Teacher Test F1: 0.254 | Student Test F1: 0.179 | Teacher Top 5 Accuracy: 0.589 | Student Top 5 Accuracy: 0.480 | Time: 2.656 | 
Running student landscape probe...
[bandit] epoch=3 mode=exp3 decision=warmup_cosine reward=-0.455941 arm=14 value=0.116747 count=2 next_student_lr=0.993850
[Train] Epoch: 4 | Teacher lr=0.9938 | Teacher Loss: 2.468 | Teacher Train Acc: 40.608 | Student lr=0.9939 | Student Train Acc: 47.514 | Time: 136.386 |
[Eval] Epoch: 4 | Teacher Test Loss: 2.474 | Teacher Test Acc: 35.590 | Student Test Loss: 2.773 | Student Test Acc: 32.630 | Teacher Test F1: 0.346 | Student Test F1: 0.333 | Teacher Top 5 Accuracy: 0.682 | Student Top 5 Accuracy: 0.654 | Time: 2.402 | 
Running student landscape probe...
[bandit] epoch=4 mode=exp3 decision=exp3 reward=0.805815 arm=9 value=0.000000 count=0 next_student_lr=0.500000
[Train] Epoch: 5 | Teacher lr=0.9891 | Teacher Loss: 2.260 | Teacher Train Acc: 45.270 | Student lr=0.5000 | Student Train Acc: 55.058 | Time: 135.471 |
[Eval] Epoch: 5 | Teacher Test Loss: 2.652 | Teacher Test Acc: 34.870 | Student Test Loss: 2.044 | Student Test Acc: 45.020 | Teacher Test F1: 0.332 | Student Test F1: 0.440 | Teacher Top 5 Accuracy: 0.673 | Student Top 5 Accuracy: 0.767 | Time: 2.170 | 
Running student landscape probe...
[bandit] epoch=5 mode=exp3 decision=exp3 reward=0.729792 arm=7 value=0.000000 count=0 next_student_lr=0.300000
[Train] Epoch: 6 | Teacher lr=0.9830 | Teacher Loss: 2.096 | Teacher Train Acc: 49.060 | Student lr=0.3000 | Student Train Acc: 59.574 | Time: 136.598 |
[Eval] Epoch: 6 | Teacher Test Loss: 2.446 | Teacher Test Acc: 37.110 | Student Test Loss: 2.011 | Student Test Acc: 46.770 | Teacher Test F1: 0.362 | Student Test F1: 0.460 | Teacher Top 5 Accuracy: 0.709 | Student Top 5 Accuracy: 0.774 | Time: 1.823 | 
Running student landscape probe...
[bandit] epoch=6 mode=exp3 decision=exp3 reward=0.033095 arm=16 value=0.000000 count=0 next_student_lr=1.200000
[Train] Epoch: 7 | Teacher lr=0.9755 | Teacher Loss: 2.141 | Teacher Train Acc: 51.292 | Student lr=1.2000 | Student Train Acc: 44.194 | Time: 135.899 |
[Eval] Epoch: 7 | Teacher Test Loss: 1.952 | Teacher Test Acc: 45.740 | Student Test Loss: 2.669 | Student Test Acc: 33.790 | Teacher Test F1: 0.448 | Student Test F1: 0.323 | Teacher Top 5 Accuracy: 0.791 | Student Top 5 Accuracy: 0.670 | Time: 2.048 | 
Running student landscape probe...
[bandit] epoch=7 mode=exp3 decision=exp3 reward=-0.658000 arm=16 value=-0.658000 count=1 next_student_lr=1.200000
[Train] Epoch: 8 | Teacher lr=0.9668 | Teacher Loss: 1.957 | Teacher Train Acc: 54.360 | Student lr=1.2000 | Student Train Acc: 52.874 | Time: 135.820 |
[Eval] Epoch: 8 | Teacher Test Loss: 1.918 | Teacher Test Acc: 47.950 | Student Test Loss: 2.293 | Student Test Acc: 39.820 | Teacher Test F1: 0.477 | Student Test F1: 0.402 | Teacher Top 5 Accuracy: 0.797 | Student Top 5 Accuracy: 0.746 | Time: 2.134 | 
Running student landscape probe...
[bandit] epoch=8 mode=exp3 decision=exp3 reward=0.376030 arm=1 value=0.000000 count=0 next_student_lr=0.001000
[Train] Epoch: 9 | Teacher lr=0.9568 | Teacher Loss: 1.861 | Teacher Train Acc: 56.372 | Student lr=0.0010 | Student Train Acc: 55.858 | Time: 137.236 |
[Eval] Epoch: 9 | Teacher Test Loss: 1.904 | Teacher Test Acc: 48.930 | Student Test Loss: 1.558 | Student Test Acc: 55.930 | Teacher Test F1: 0.481 | Student Test F1: 0.554 | Teacher Top 5 Accuracy: 0.789 | Student Top 5 Accuracy: 0.848 | Time: 2.156 | 
Running student landscape probe...
[bandit] epoch=9 mode=exp3 decision=exp3 reward=0.734442 arm=16 value=-0.140985 count=2 next_student_lr=1.200000
[Train] Epoch: 10 | Teacher lr=0.9455 | Teacher Loss: 1.861 | Teacher Train Acc: 56.828 | Student lr=1.2000 | Student Train Acc: 54.624 | Time: 136.719 |
[Eval] Epoch: 10 | Teacher Test Loss: 1.842 | Teacher Test Acc: 48.040 | Student Test Loss: 2.733 | Student Test Acc: 34.320 | Teacher Test F1: 0.477 | Student Test F1: 0.338 | Teacher Top 5 Accuracy: 0.810 | Student Top 5 Accuracy: 0.677 | Time: 2.094 | 
Running student landscape probe...
[bandit] epoch=10 mode=exp3 decision=exp3 reward=-1.000000 arm=18 value=0.000000 count=0 next_student_lr=1.400000
[Train] Epoch: 11 | Teacher lr=0.9330 | Teacher Loss: 1.832 | Teacher Train Acc: 58.256 | Student lr=1.4000 | Student Train Acc: 53.644 | Time: 136.031 |
[Eval] Epoch: 11 | Teacher Test Loss: 1.748 | Teacher Test Acc: 52.070 | Student Test Loss: 2.374 | Student Test Acc: 37.390 | Teacher Test F1: 0.511 | Student Test F1: 0.366 | Teacher Top 5 Accuracy: 0.825 | Student Top 5 Accuracy: 0.734 | Time: 2.299 | 
Running student landscape probe...
[bandit] epoch=11 mode=exp3 decision=exp3 reward=0.359590 arm=13 value=0.000000 count=0 next_student_lr=0.900000
[Train] Epoch: 12 | Teacher lr=0.9193 | Teacher Loss: 1.769 | Teacher Train Acc: 58.596 | Student lr=0.9000 | Student Train Acc: 58.192 | Time: 136.676 |
[Eval] Epoch: 12 | Teacher Test Loss: 1.725 | Teacher Test Acc: 52.910 | Student Test Loss: 2.214 | Student Test Acc: 43.210 | Teacher Test F1: 0.519 | Student Test F1: 0.423 | Teacher Top 5 Accuracy: 0.829 | Student Top 5 Accuracy: 0.749 | Time: 2.380 | 
Running student landscape probe...
[bandit] epoch=12 mode=exp3 decision=exp3 reward=0.159351 arm=7 value=0.033095 count=1 next_student_lr=0.300000
[Train] Epoch: 13 | Teacher lr=0.9045 | Teacher Loss: 1.692 | Teacher Train Acc: 59.312 | Student lr=0.3000 | Student Train Acc: 64.760 | Time: 136.763 |
[Eval] Epoch: 13 | Teacher Test Loss: 1.781 | Teacher Test Acc: 51.660 | Student Test Loss: 1.563 | Student Test Acc: 56.630 | Teacher Test F1: 0.511 | Student Test F1: 0.560 | Teacher Top 5 Accuracy: 0.827 | Student Top 5 Accuracy: 0.852 | Time: 2.288 | 
Running student landscape probe...
[bandit] epoch=13 mode=exp3 decision=exp3 reward=0.651537 arm=14 value=0.346436 count=3 next_student_lr=1.000000
[Train] Epoch: 14 | Teacher lr=0.8886 | Teacher Loss: 1.716 | Teacher Train Acc: 61.112 | Student lr=1.0000 | Student Train Acc: 57.358 | Time: 135.406 |
[Eval] Epoch: 14 | Teacher Test Loss: 1.600 | Teacher Test Acc: 54.970 | Student Test Loss: 2.445 | Student Test Acc: 38.840 | Teacher Test F1: 0.549 | Student Test F1: 0.373 | Teacher Top 5 Accuracy: 0.844 | Student Top 5 Accuracy: 0.714 | Time: 2.406 | 
Running student landscape probe...
[bandit] epoch=14 mode=exp3 decision=exp3 reward=-0.882693 arm=12 value=0.000000 count=0 next_student_lr=0.800000
[Train] Epoch: 15 | Teacher lr=0.8716 | Teacher Loss: 1.663 | Teacher Train Acc: 61.722 | Student lr=0.8000 | Student Train Acc: 60.224 | Time: 134.223 |
[Eval] Epoch: 15 | Teacher Test Loss: 1.961 | Teacher Test Acc: 47.030 | Student Test Loss: 2.183 | Student Test Acc: 43.390 | Teacher Test F1: 0.468 | Student Test F1: 0.423 | Teacher Top 5 Accuracy: 0.790 | Student Top 5 Accuracy: 0.750 | Time: 2.514 | 
Running student landscape probe...
[bandit] epoch=15 mode=exp3 decision=exp3 reward=0.262414 arm=10 value=0.000000 count=0 next_student_lr=0.600000
[Train] Epoch: 16 | Teacher lr=0.8536 | Teacher Loss: 1.619 | Teacher Train Acc: 62.510 | Student lr=0.6000 | Student Train Acc: 62.684 | Time: 138.035 |
[Eval] Epoch: 16 | Teacher Test Loss: 1.612 | Teacher Test Acc: 55.250 | Student Test Loss: 2.856 | Student Test Acc: 32.630 | Teacher Test F1: 0.553 | Student Test F1: 0.319 | Teacher Top 5 Accuracy: 0.840 | Student Top 5 Accuracy: 0.643 | Time: 2.469 | 
Running student landscape probe...
[bandit] epoch=16 mode=exp3 decision=exp3 reward=-0.673004 arm=15 value=0.000000 count=0 next_student_lr=1.100000
[Train] Epoch: 17 | Teacher lr=0.8346 | Teacher Loss: 1.661 | Teacher Train Acc: 63.026 | Student lr=1.1000 | Student Train Acc: 57.604 | Time: 135.072 |
[Eval] Epoch: 17 | Teacher Test Loss: 1.676 | Teacher Test Acc: 53.770 | Student Test Loss: 2.548 | Student Test Acc: 34.940 | Teacher Test F1: 0.533 | Student Test F1: 0.348 | Teacher Top 5 Accuracy: 0.831 | Student Top 5 Accuracy: 0.685 | Time: 2.592 | 
Running student landscape probe...
[bandit] epoch=17 mode=exp3 decision=exp3 reward=0.308255 arm=15 value=0.308255 count=1 next_student_lr=1.100000
[Train] Epoch: 18 | Teacher lr=0.8147 | Teacher Loss: 1.621 | Teacher Train Acc: 64.070 | Student lr=1.1000 | Student Train Acc: 58.560 | Time: 135.990 |
[Eval] Epoch: 18 | Teacher Test Loss: 1.555 | Teacher Test Acc: 56.370 | Student Test Loss: 2.107 | Student Test Acc: 44.020 | Teacher Test F1: 0.563 | Student Test F1: 0.440 | Teacher Top 5 Accuracy: 0.854 | Student Top 5 Accuracy: 0.762 | Time: 2.566 | 
Running student landscape probe...
[bandit] epoch=18 mode=exp3 decision=exp3 reward=0.440555 arm=5 value=0.000000 count=0 next_student_lr=0.100000
[Train] Epoch: 19 | Teacher lr=0.7939 | Teacher Loss: 3.437 | Teacher Train Acc: 33.752 | Student lr=0.1000 | Student Train Acc: 67.742 | Time: 135.749 |
[Eval] Epoch: 19 | Teacher Test Loss: 4.517 | Teacher Test Acc: 2.400 | Student Test Loss: 1.615 | Student Test Acc: 63.080 | Teacher Test F1: 0.005 | Student Test F1: 0.625 | Teacher Top 5 Accuracy: 0.103 | Student Top 5 Accuracy: 0.885 | Time: 2.580 | 
Running student landscape probe...
[bandit] epoch=19 mode=exp3 decision=exp3 reward=0.492547 arm=18 value=0.359590 count=1 next_student_lr=1.400000
[Train] Epoch: 20 | Teacher lr=0.7723 | Teacher Loss: 5.144 | Teacher Train Acc: 2.558 | Student lr=1.4000 | Student Train Acc: 55.008 | Time: 134.797 |
[Eval] Epoch: 20 | Teacher Test Loss: 4.489 | Teacher Test Acc: 2.530 | Student Test Loss: 2.759 | Student Test Acc: 33.290 | Teacher Test F1: 0.007 | Student Test F1: 0.321 | Teacher Top 5 Accuracy: 0.116 | Student Top 5 Accuracy: 0.642 | Time: 2.591 | 
Running student landscape probe...
[bandit] epoch=20 mode=exp3 decision=exp3 reward=-1.000000 arm=12 value=0.262414 count=1 next_student_lr=0.800000
[Train] Epoch: 21 | Teacher lr=0.7500 | Teacher Loss: 4.952 | Teacher Train Acc: 4.468 | Student lr=0.8000 | Student Train Acc: 58.640 | Time: 133.871 |
[Eval] Epoch: 21 | Teacher Test Loss: 4.136 | Teacher Test Acc: 6.100 | Student Test Loss: 2.598 | Student Test Acc: 36.690 | Teacher Test F1: 0.031 | Student Test F1: 0.361 | Teacher Top 5 Accuracy: 0.219 | Student Top 5 Accuracy: 0.665 | Time: 2.633 | 
Running student landscape probe...
[bandit] epoch=21 mode=exp3 decision=exp3 reward=0.161156 arm=1 value=0.734442 count=1 next_student_lr=0.001000
[Train] Epoch: 22 | Teacher lr=0.7270 | Teacher Loss: 4.616 | Teacher Train Acc: 8.280 | Student lr=0.0010 | Student Train Acc: 60.508 | Time: 134.088 |
[Eval] Epoch: 22 | Teacher Test Loss: 3.873 | Teacher Test Acc: 9.720 | Student Test Loss: 1.689 | Student Test Acc: 58.920 | Teacher Test F1: 0.070 | Student Test F1: 0.583 | Teacher Top 5 Accuracy: 0.301 | Student Top 5 Accuracy: 0.859 | Time: 2.417 | 
Running student landscape probe...
[bandit] epoch=22 mode=exp3 decision=exp3 reward=0.909735 arm=13 value=0.159351 count=1 next_student_lr=0.900000
[Train] Epoch: 23 | Teacher lr=0.7034 | Teacher Loss: 4.254 | Teacher Train Acc: 12.536 | Student lr=0.9000 | Student Train Acc: 57.328 | Time: 135.215 |
[Eval] Epoch: 23 | Teacher Test Loss: 3.621 | Teacher Test Acc: 14.020 | Student Test Loss: 2.270 | Student Test Acc: 41.990 | Teacher Test F1: 0.118 | Student Test F1: 0.416 | Teacher Top 5 Accuracy: 0.382 | Student Top 5 Accuracy: 0.734 | Time: 2.405 | 
Running student landscape probe...
[bandit] epoch=23 mode=exp3 decision=exp3 reward=-0.581005 arm=7 value=0.342316 count=2 next_student_lr=0.300000
[Train] Epoch: 24 | Teacher lr=0.6792 | Teacher Loss: 3.850 | Teacher Train Acc: 19.038 | Student lr=0.3000 | Student Train Acc: 64.676 | Time: 136.759 |
[Eval] Epoch: 24 | Teacher Test Loss: 3.106 | Teacher Test Acc: 22.850 | Student Test Loss: 1.789 | Student Test Acc: 53.250 | Teacher Test F1: 0.200 | Student Test F1: 0.533 | Teacher Top 5 Accuracy: 0.537 | Student Top 5 Accuracy: 0.823 | Time: 2.648 | 
Running student landscape probe...
[bandit] epoch=24 mode=exp3 decision=exp3 reward=0.480811 arm=9 value=0.729792 count=1 next_student_lr=0.500000
[Train] Epoch: 25 | Teacher lr=0.6545 | Teacher Loss: 2.913 | Teacher Train Acc: 34.160 | Student lr=0.5000 | Student Train Acc: 61.686 | Time: 136.535 |
[Eval] Epoch: 25 | Teacher Test Loss: 2.624 | Teacher Test Acc: 34.050 | Student Test Loss: 1.888 | Student Test Acc: 48.650 | Teacher Test F1: 0.321 | Student Test F1: 0.485 | Teacher Top 5 Accuracy: 0.673 | Student Top 5 Accuracy: 0.802 | Time: 2.811 | 
Running student landscape probe...
[bandit] epoch=25 mode=exp3 decision=exp3 reward=-0.099238 arm=7 value=0.388481 count=3 next_student_lr=0.300000
[Train] Epoch: 26 | Teacher lr=0.6294 | Teacher Loss: 2.076 | Teacher Train Acc: 50.934 | Student lr=0.3000 | Student Train Acc: 65.904 | Time: 135.141 |
[Eval] Epoch: 26 | Teacher Test Loss: 1.998 | Teacher Test Acc: 46.460 | Student Test Loss: 1.622 | Student Test Acc: 54.700 | Teacher Test F1: 0.459 | Student Test F1: 0.547 | Teacher Top 5 Accuracy: 0.775 | Student Top 5 Accuracy: 0.837 | Time: 2.576 | 
Running student landscape probe...
[bandit] epoch=26 mode=exp3 decision=exp3 reward=0.265816 arm=13 value=-0.210827 count=2 next_student_lr=0.900000
[Train] Epoch: 27 | Teacher lr=0.6040 | Teacher Loss: 1.839 | Teacher Train Acc: 57.656 | Student lr=0.9000 | Student Train Acc: 57.996 | Time: 135.680 |
[Eval] Epoch: 27 | Teacher Test Loss: 1.765 | Teacher Test Acc: 51.970 | Student Test Loss: 2.025 | Student Test Acc: 46.220 | Teacher Test F1: 0.518 | Student Test F1: 0.461 | Teacher Top 5 Accuracy: 0.821 | Student Top 5 Accuracy: 0.781 | Time: 2.718 | 
Running student landscape probe...
[bandit] epoch=27 mode=exp3 decision=exp3 reward=-0.402975 arm=10 value=-0.673004 count=1 next_student_lr=0.600000
[Train] Epoch: 28 | Teacher lr=0.5782 | Teacher Loss: 1.673 | Teacher Train Acc: 60.742 | Student lr=0.6000 | Student Train Acc: 63.594 | Time: 136.169 |
[Eval] Epoch: 28 | Teacher Test Loss: 1.607 | Teacher Test Acc: 54.270 | Student Test Loss: 2.053 | Student Test Acc: 44.800 | Teacher Test F1: 0.542 | Student Test F1: 0.443 | Teacher Top 5 Accuracy: 0.851 | Student Top 5 Accuracy: 0.780 | Time: 2.778 | 
Running student landscape probe...
[bandit] epoch=28 mode=exp3 decision=exp3 reward=-0.028075 arm=17 value=0.000000 count=0 next_student_lr=1.300000
[Train] Epoch: 29 | Teacher lr=0.5523 | Teacher Loss: 1.696 | Teacher Train Acc: 63.178 | Student lr=1.3000 | Student Train Acc: 54.224 | Time: 135.603 |
[Eval] Epoch: 29 | Teacher Test Loss: 1.552 | Teacher Test Acc: 56.920 | Student Test Loss: 2.240 | Student Test Acc: 41.610 | Teacher Test F1: 0.566 | Student Test F1: 0.402 | Teacher Top 5 Accuracy: 0.857 | Student Top 5 Accuracy: 0.733 | Time: 2.807 | 
Running student landscape probe...
[bandit] epoch=29 mode=exp3 decision=exp3 reward=-0.187224 arm=2 value=0.000000 count=0 next_student_lr=0.010000
[Train] Epoch: 30 | Teacher lr=0.5262 | Teacher Loss: 1.466 | Teacher Train Acc: 66.028 | Student lr=0.0100 | Student Train Acc: 64.242 | Time: 136.748 |
[Eval] Epoch: 30 | Teacher Test Loss: 1.617 | Teacher Test Acc: 55.210 | Student Test Loss: 1.322 | Student Test Acc: 62.320 | Teacher Test F1: 0.552 | Student Test F1: 0.622 | Teacher Top 5 Accuracy: 0.847 | Student Top 5 Accuracy: 0.883 | Time: 2.794 | 
Running student landscape probe...
[bandit] epoch=30 mode=exp3 decision=exp3 reward=0.918958 arm=7 value=0.357815 count=4 next_student_lr=0.300000
[Train] Epoch: 31 | Teacher lr=0.5000 | Teacher Loss: 1.438 | Teacher Train Acc: 65.572 | Student lr=0.3000 | Student Train Acc: 67.104 | Time: 135.497 |
[Eval] Epoch: 31 | Teacher Test Loss: 1.617 | Teacher Test Acc: 55.420 | Student Test Loss: 1.523 | Student Test Acc: 57.070 | Teacher Test F1: 0.550 | Student Test F1: 0.568 | Teacher Top 5 Accuracy: 0.840 | Student Top 5 Accuracy: 0.856 | Time: 2.797 | 
Running student landscape probe...
[bandit] epoch=31 mode=exp3 decision=exp3 reward=-0.201651 arm=10 value=-0.350539 count=2 next_student_lr=0.600000
[Train] Epoch: 32 | Teacher lr=0.4738 | Teacher Loss: 1.457 | Teacher Train Acc: 67.076 | Student lr=0.6000 | Student Train Acc: 63.488 | Time: 137.493 |
[Eval] Epoch: 32 | Teacher Test Loss: 1.392 | Teacher Test Acc: 60.110 | Student Test Loss: 2.100 | Student Test Acc: 44.600 | Teacher Test F1: 0.599 | Student Test F1: 0.444 | Teacher Top 5 Accuracy: 0.881 | Student Top 5 Accuracy: 0.766 | Time: 2.646 | 
Running student landscape probe...
[bandit] epoch=32 mode=exp3 decision=exp3 reward=-0.576433 arm=19 value=0.000000 count=0 next_student_lr=1.500000
[Train] Epoch: 33 | Teacher lr=0.4477 | Teacher Loss: 1.990 | Teacher Train Acc: 67.830 | Student lr=1.5000 | Student Train Acc: 20.466 | Time: 136.001 |
[Eval] Epoch: 33 | Teacher Test Loss: 1.453 | Teacher Test Acc: 60.020 | Student Test Loss: 3.215 | Student Test Acc: 21.370 | Teacher Test F1: 0.603 | Student Test F1: 0.202 | Teacher Top 5 Accuracy: 0.881 | Student Top 5 Accuracy: 0.542 | Time: 2.614 | 
Running student landscape probe...
[bandit] epoch=33 mode=exp3 decision=exp3 reward=-1.000000 arm=15 value=0.374405 count=2 next_student_lr=1.100000
[Train] Epoch: 34 | Teacher lr=0.4218 | Teacher Loss: 1.617 | Teacher Train Acc: 69.752 | Student lr=1.1000 | Student Train Acc: 42.960 | Time: 135.246 |
[Eval] Epoch: 34 | Teacher Test Loss: 1.386 | Teacher Test Acc: 62.110 | Student Test Loss: 2.649 | Student Test Acc: 34.040 | Teacher Test F1: 0.617 | Student Test F1: 0.327 | Teacher Top 5 Accuracy: 0.883 | Student Top 5 Accuracy: 0.667 | Time: 2.527 | 
Running student landscape probe...
[bandit] epoch=34 mode=exp3 decision=exp3 reward=0.565980 arm=17 value=-0.187224 count=1 next_student_lr=1.300000
[Train] Epoch: 35 | Teacher lr=0.3960 | Teacher Loss: 1.538 | Teacher Train Acc: 70.624 | Student lr=1.3000 | Student Train Acc: 47.594 | Time: 135.763 |
[Eval] Epoch: 35 | Teacher Test Loss: 1.260 | Teacher Test Acc: 64.180 | Student Test Loss: 2.436 | Student Test Acc: 39.130 | Teacher Test F1: 0.641 | Student Test F1: 0.375 | Teacher Top 5 Accuracy: 0.902 | Student Top 5 Accuracy: 0.714 | Time: 2.586 | 
Running student landscape probe...
[bandit] epoch=35 mode=exp3 decision=exp3 reward=0.213480 arm=6 value=0.000000 count=0 next_student_lr=0.200000
[Train] Epoch: 36 | Teacher lr=0.3706 | Teacher Loss: 1.324 | Teacher Train Acc: 71.168 | Student lr=0.2000 | Student Train Acc: 59.568 | Time: 136.365 |
[Eval] Epoch: 36 | Teacher Test Loss: 1.335 | Teacher Test Acc: 62.520 | Student Test Loss: 1.624 | Student Test Acc: 54.780 | Teacher Test F1: 0.623 | Student Test F1: 0.541 | Teacher Top 5 Accuracy: 0.887 | Student Top 5 Accuracy: 0.840 | Time: 2.522 | 
Running student landscape probe...
[bandit] epoch=36 mode=exp3 decision=exp3 reward=0.811279 arm=8 value=0.000000 count=0 next_student_lr=0.400000
[Train] Epoch: 37 | Teacher lr=0.3455 | Teacher Loss: 1.337 | Teacher Train Acc: 71.940 | Student lr=0.4000 | Student Train Acc: 59.476 | Time: 135.043 |
[Eval] Epoch: 37 | Teacher Test Loss: 1.272 | Teacher Test Acc: 63.500 | Student Test Loss: 1.808 | Student Test Acc: 50.800 | Teacher Test F1: 0.635 | Student Test F1: 0.506 | Teacher Top 5 Accuracy: 0.895 | Student Top 5 Accuracy: 0.818 | Time: 2.668 | 
Running student landscape probe...
[bandit] epoch=37 mode=exp3 decision=exp3 reward=-0.183172 arm=2 value=0.918958 count=1 next_student_lr=0.010000
[Train] Epoch: 38 | Teacher lr=0.3208 | Teacher Loss: 1.205 | Teacher Train Acc: 73.952 | Student lr=0.0100 | Student Train Acc: 65.402 | Time: 136.113 |
[Eval] Epoch: 38 | Teacher Test Loss: 1.256 | Teacher Test Acc: 64.070 | Student Test Loss: 1.356 | Student Test Acc: 61.180 | Teacher Test F1: 0.641 | Student Test F1: 0.609 | Teacher Top 5 Accuracy: 0.896 | Student Top 5 Accuracy: 0.880 | Time: 2.580 | 
Running student landscape probe...
[bandit] epoch=38 mode=exp3 decision=exp3 reward=0.451302 arm=7 value=0.245922 count=5 next_student_lr=0.300000
[Train] Epoch: 39 | Teacher lr=0.2966 | Teacher Loss: 1.261 | Teacher Train Acc: 73.912 | Student lr=0.3000 | Student Train Acc: 62.030 | Time: 136.130 |
[Eval] Epoch: 39 | Teacher Test Loss: 1.208 | Teacher Test Acc: 65.480 | Student Test Loss: 1.694 | Student Test Acc: 53.860 | Teacher Test F1: 0.654 | Student Test F1: 0.533 | Teacher Top 5 Accuracy: 0.904 | Student Top 5 Accuracy: 0.830 | Time: 2.560 | 
Running student landscape probe...
[bandit] epoch=39 mode=exp3 decision=exp3 reward=-0.337642 arm=2 value=0.685130 count=2 next_student_lr=0.010000
[Train] Epoch: 40 | Teacher lr=0.2730 | Teacher Loss: 1.120 | Teacher Train Acc: 76.170 | Student lr=0.0100 | Student Train Acc: 67.886 | Time: 136.468 |
[Eval] Epoch: 40 | Teacher Test Loss: 1.184 | Teacher Test Acc: 66.030 | Student Test Loss: 1.304 | Student Test Acc: 62.820 | Teacher Test F1: 0.662 | Student Test F1: 0.626 | Teacher Top 5 Accuracy: 0.905 | Student Top 5 Accuracy: 0.888 | Time: 2.572 | 
Running student landscape probe...
[bandit] epoch=40 mode=exp3 decision=exp3 reward=0.390141 arm=11 value=0.000000 count=0 next_student_lr=0.700000
[Train] Epoch: 41 | Teacher lr=0.2500 | Teacher Loss: 1.333 | Teacher Train Acc: 76.322 | Student lr=0.7000 | Student Train Acc: 54.838 | Time: 136.749 |
[Eval] Epoch: 41 | Teacher Test Loss: 1.171 | Teacher Test Acc: 66.770 | Student Test Loss: 2.293 | Student Test Acc: 40.570 | Teacher Test F1: 0.671 | Student Test F1: 0.409 | Teacher Top 5 Accuracy: 0.907 | Student Top 5 Accuracy: 0.748 | Time: 2.510 | 
Running student landscape probe...
[bandit] epoch=41 mode=exp3 decision=exp3 reward=-0.989213 arm=10 value=-0.425837 count=3 next_student_lr=0.600000
[Train] Epoch: 42 | Teacher lr=0.2277 | Teacher Loss: 1.210 | Teacher Train Acc: 77.766 | Student lr=0.6000 | Student Train Acc: 58.716 | Time: 135.770 |
[Eval] Epoch: 42 | Teacher Test Loss: 1.136 | Teacher Test Acc: 67.330 | Student Test Loss: 2.072 | Student Test Acc: 46.350 | Teacher Test F1: 0.673 | Student Test F1: 0.460 | Teacher Top 5 Accuracy: 0.913 | Student Top 5 Accuracy: 0.775 | Time: 2.582 | 
Running student landscape probe...
[bandit] epoch=42 mode=exp3 decision=exp3 reward=0.221286 arm=14 value=0.039154 count=4 next_student_lr=1.000000
[Train] Epoch: 43 | Teacher lr=0.2061 | Teacher Loss: 1.269 | Teacher Train Acc: 79.036 | Student lr=1.0000 | Student Train Acc: 54.302 | Time: 135.651 |
[Eval] Epoch: 43 | Teacher Test Loss: 1.085 | Teacher Test Acc: 69.530 | Student Test Loss: 2.240 | Student Test Acc: 42.270 | Teacher Test F1: 0.695 | Student Test F1: 0.417 | Teacher Top 5 Accuracy: 0.918 | Student Top 5 Accuracy: 0.744 | Time: 2.527 | 
Running student landscape probe...
[bandit] epoch=43 mode=exp3 decision=exp3 reward=-0.168143 arm=6 value=0.811279 count=1 next_student_lr=0.200000
[Train] Epoch: 44 | Teacher lr=0.1853 | Teacher Loss: 1.034 | Teacher Train Acc: 80.022 | Student lr=0.2000 | Student Train Acc: 65.184 | Time: 135.538 |
[Eval] Epoch: 44 | Teacher Test Loss: 1.099 | Teacher Test Acc: 68.470 | Student Test Loss: 1.505 | Student Test Acc: 58.230 | Teacher Test F1: 0.688 | Student Test F1: 0.581 | Teacher Top 5 Accuracy: 0.915 | Student Top 5 Accuracy: 0.859 | Time: 2.525 | 
Running student landscape probe...
[bandit] epoch=44 mode=exp3 decision=exp3 reward=0.734595 arm=2 value=0.586800 count=3 next_student_lr=0.010000
[Train] Epoch: 45 | Teacher lr=0.1654 | Teacher Loss: 0.936 | Teacher Train Acc: 81.610 | Student lr=0.0100 | Student Train Acc: 70.302 | Time: 136.416 |
[Eval] Epoch: 45 | Teacher Test Loss: 1.035 | Teacher Test Acc: 70.550 | Student Test Loss: 1.254 | Student Test Acc: 64.000 | Teacher Test F1: 0.705 | Student Test F1: 0.639 | Teacher Top 5 Accuracy: 0.923 | Student Top 5 Accuracy: 0.896 | Time: 2.613 | 
Running student landscape probe...
[bandit] epoch=45 mode=exp3 decision=exp3 reward=0.251041 arm=16 value=-0.427323 count=3 next_student_lr=1.200000
[Train] Epoch: 46 | Teacher lr=0.1464 | Teacher Loss: 1.278 | Teacher Train Acc: 81.854 | Student lr=1.2000 | Student Train Acc: 51.214 | Time: 135.580 |
[Eval] Epoch: 46 | Teacher Test Loss: 1.044 | Teacher Test Acc: 70.600 | Student Test Loss: 2.625 | Student Test Acc: 35.680 | Teacher Test F1: 0.706 | Student Test F1: 0.352 | Teacher Top 5 Accuracy: 0.929 | Student Top 5 Accuracy: 0.679 | Time: 2.577 | 
Running student landscape probe...
[bandit] epoch=46 mode=exp3 decision=exp3 reward=-1.000000 arm=11 value=-0.989213 count=1 next_student_lr=0.700000
[Train] Epoch: 47 | Teacher lr=0.1284 | Teacher Loss: 1.069 | Teacher Train Acc: 83.930 | Student lr=0.7000 | Student Train Acc: 58.870 | Time: 136.262 |
[Eval] Epoch: 47 | Teacher Test Loss: 1.017 | Teacher Test Acc: 71.220 | Student Test Loss: 2.249 | Student Test Acc: 41.820 | Teacher Test F1: 0.713 | Student Test F1: 0.414 | Teacher Top 5 Accuracy: 0.928 | Student Top 5 Accuracy: 0.739 | Time: 2.550 | 
Running student landscape probe...
[bandit] epoch=47 mode=exp3 decision=exp3 reward=0.376554 arm=14 value=-0.002306 count=5 next_student_lr=1.000000
[Train] Epoch: 48 | Teacher lr=0.1114 | Teacher Loss: 1.106 | Teacher Train Acc: 85.182 | Student lr=1.0000 | Student Train Acc: 55.684 | Time: 136.477 |
[Eval] Epoch: 48 | Teacher Test Loss: 1.023 | Teacher Test Acc: 71.340 | Student Test Loss: 2.503 | Student Test Acc: 36.260 | Teacher Test F1: 0.713 | Student Test F1: 0.358 | Teacher Top 5 Accuracy: 0.925 | Student Top 5 Accuracy: 0.695 | Time: 2.502 | 
Running student landscape probe...
[bandit] epoch=48 mode=exp3 decision=exp3 reward=-0.254711 arm=15 value=0.438263 count=3 next_student_lr=1.100000
[Train] Epoch: 49 | Teacher lr=0.0955 | Teacher Loss: 1.080 | Teacher Train Acc: 86.670 | Student lr=1.1000 | Student Train Acc: 55.296 | Time: 135.584 |
[Eval] Epoch: 49 | Teacher Test Loss: 1.014 | Teacher Test Acc: 72.160 | Student Test Loss: 2.488 | Student Test Acc: 38.320 | Teacher Test F1: 0.721 | Student Test F1: 0.387 | Teacher Top 5 Accuracy: 0.927 | Student Top 5 Accuracy: 0.713 | Time: 2.774 | 
Running student landscape probe...
[bandit] epoch=49 mode=exp3 decision=exp3 reward=0.015347 arm=15 value=0.332534 count=4 next_student_lr=1.100000
[Train] Epoch: 50 | Teacher lr=0.0807 | Teacher Loss: 1.051 | Teacher Train Acc: 87.866 | Student lr=1.1000 | Student Train Acc: 55.754 | Time: 136.883 |
[Eval] Epoch: 50 | Teacher Test Loss: 0.979 | Teacher Test Acc: 72.620 | Student Test Loss: 2.564 | Student Test Acc: 35.310 | Teacher Test F1: 0.725 | Student Test F1: 0.356 | Teacher Top 5 Accuracy: 0.932 | Student Top 5 Accuracy: 0.698 | Time: 2.520 | 
Running student landscape probe...
[bandit] epoch=50 mode=exp3 decision=exp3 reward=-0.076286 arm=3 value=0.000000 count=0 next_student_lr=0.025000
[Train] Epoch: 51 | Teacher lr=0.0670 | Teacher Loss: 0.819 | Teacher Train Acc: 88.922 | Student lr=0.0250 | Student Train Acc: 64.774 | Time: 136.143 |
[Eval] Epoch: 51 | Teacher Test Loss: 0.935 | Teacher Test Acc: 73.570 | Student Test Loss: 1.330 | Student Test Acc: 62.450 | Teacher Test F1: 0.736 | Student Test F1: 0.623 | Teacher Top 5 Accuracy: 0.932 | Student Top 5 Accuracy: 0.885 | Time: 2.618 | 
Running student landscape probe...
[bandit] epoch=51 mode=exp3 decision=exp3 reward=1.000000 arm=3 value=1.000000 count=1 next_student_lr=0.025000
[Train] Epoch: 52 | Teacher lr=0.0545 | Teacher Loss: 0.743 | Teacher Train Acc: 90.238 | Student lr=0.0250 | Student Train Acc: 67.794 | Time: 136.901 |
[Eval] Epoch: 52 | Teacher Test Loss: 0.919 | Teacher Test Acc: 73.220 | Student Test Loss: 1.297 | Student Test Acc: 63.240 | Teacher Test F1: 0.732 | Student Test F1: 0.631 | Teacher Top 5 Accuracy: 0.935 | Student Top 5 Accuracy: 0.889 | Time: 2.638 | 
Running student landscape probe...
[bandit] epoch=52 mode=exp3 decision=exp3 reward=0.032959 arm=11 value=-0.306330 count=2 next_student_lr=0.700000
[Train] Epoch: 53 | Teacher lr=0.0432 | Teacher Loss: 0.912 | Teacher Train Acc: 90.900 | Student lr=0.7000 | Student Train Acc: 59.980 | Time: 135.819 |
[Eval] Epoch: 53 | Teacher Test Loss: 0.943 | Teacher Test Acc: 73.650 | Student Test Loss: 2.082 | Student Test Acc: 47.190 | Teacher Test F1: 0.736 | Student Test F1: 0.461 | Teacher Top 5 Accuracy: 0.932 | Student Top 5 Accuracy: 0.769 | Time: 2.519 | 
Running student landscape probe...
[bandit] epoch=53 mode=exp3 decision=exp3 reward=-0.784847 arm=19 value=-1.000000 count=1 next_student_lr=1.500000
[Train] Epoch: 54 | Teacher lr=0.0332 | Teacher Loss: 1.068 | Teacher Train Acc: 92.108 | Student lr=1.5000 | Student Train Acc: 50.906 | Time: 136.356 |
[Eval] Epoch: 54 | Teacher Test Loss: 0.959 | Teacher Test Acc: 73.900 | Student Test Loss: 2.692 | Student Test Acc: 36.160 | Teacher Test F1: 0.739 | Student Test F1: 0.346 | Teacher Top 5 Accuracy: 0.934 | Student Top 5 Accuracy: 0.672 | Time: 2.604 | 
Running student landscape probe...
[bandit] epoch=54 mode=exp3 decision=exp3 reward=-0.610310 arm=2 value=0.502860 count=4 next_student_lr=0.010000
[Train] Epoch: 55 | Teacher lr=0.0245 | Teacher Loss: 0.821 | Teacher Train Acc: 92.478 | Student lr=0.0100 | Student Train Acc: 60.520 | Time: 135.697 |
[Eval] Epoch: 55 | Teacher Test Loss: 0.920 | Teacher Test Acc: 74.100 | Student Test Loss: 1.426 | Student Test Acc: 59.660 | Teacher Test F1: 0.740 | Student Test F1: 0.593 | Teacher Top 5 Accuracy: 0.935 | Student Top 5 Accuracy: 0.866 | Time: 2.597 | 
Running student landscape probe...
[bandit] epoch=55 mode=exp3 decision=exp3 reward=1.000000 arm=19 value=-0.805155 count=2 next_student_lr=1.500000
[Train] Epoch: 56 | Teacher lr=0.0170 | Teacher Loss: 0.998 | Teacher Train Acc: 93.366 | Student lr=1.5000 | Student Train Acc: 52.446 | Time: 137.053 |
[Eval] Epoch: 56 | Teacher Test Loss: 0.947 | Teacher Test Acc: 74.230 | Student Test Loss: 2.498 | Student Test Acc: 37.380 | Teacher Test F1: 0.742 | Student Test F1: 0.360 | Teacher Top 5 Accuracy: 0.933 | Student Top 5 Accuracy: 0.700 | Time: 2.585 | 
Running student landscape probe...
[bandit] epoch=56 mode=exp3 decision=exp3 reward=-1.000000 arm=11 value=-0.465835 count=3 next_student_lr=0.700000
[Train] Epoch: 57 | Teacher lr=0.0109 | Teacher Loss: 0.844 | Teacher Train Acc: 94.000 | Student lr=0.7000 | Student Train Acc: 59.906 | Time: 136.123 |
[Eval] Epoch: 57 | Teacher Test Loss: 0.923 | Teacher Test Acc: 74.450 | Student Test Loss: 2.517 | Student Test Acc: 37.640 | Teacher Test F1: 0.744 | Student Test F1: 0.375 | Teacher Top 5 Accuracy: 0.933 | Student Top 5 Accuracy: 0.717 | Time: 2.792 | 
Running student landscape probe...
[bandit] epoch=57 mode=exp3 decision=exp3 reward=-0.018999 arm=12 value=0.211785 count=2 next_student_lr=0.800000
[Train] Epoch: 58 | Teacher lr=0.0062 | Teacher Loss: 0.865 | Teacher Train Acc: 94.504 | Student lr=0.8000 | Student Train Acc: 58.688 | Time: 136.684 |
[Eval] Epoch: 58 | Teacher Test Loss: 0.920 | Teacher Test Acc: 74.540 | Student Test Loss: 2.151 | Student Test Acc: 44.560 | Teacher Test F1: 0.745 | Student Test F1: 0.437 | Teacher Top 5 Accuracy: 0.933 | Student Top 5 Accuracy: 0.763 | Time: 2.783 | 
Running student landscape probe...
[bandit] epoch=58 mode=exp3 decision=exp3 reward=0.366293 arm=8 value=-0.183172 count=1 next_student_lr=0.400000
[Train] Epoch: 59 | Teacher lr=0.0027 | Teacher Loss: 0.768 | Teacher Train Acc: 94.674 | Student lr=0.4000 | Student Train Acc: 64.004 | Time: 135.498 |
[Eval] Epoch: 59 | Teacher Test Loss: 0.909 | Teacher Test Acc: 74.770 | Student Test Loss: 1.663 | Student Test Acc: 54.520 | Teacher Test F1: 0.747 | Student Test F1: 0.542 | Teacher Top 5 Accuracy: 0.934 | Student Top 5 Accuracy: 0.840 | Time: 2.578 | 
Running student landscape probe...
[bandit] epoch=59 mode=exp3 decision=exp3 reward=0.487647 arm=9 value=0.315277 count=2 next_student_lr=0.500000
[Train] Epoch: 60 | Teacher lr=0.0007 | Teacher Loss: 0.801 | Teacher Train Acc: 94.650 | Student lr=0.5000 | Student Train Acc: 62.434 | Time: 105.113 |
[Eval] Epoch: 60 | Teacher Test Loss: 0.910 | Teacher Test Acc: 74.790 | Student Test Loss: 2.156 | Student Test Acc: 45.060 | Teacher Test F1: 0.747 | Student Test F1: 0.454 | Teacher Top 5 Accuracy: 0.934 | Student Top 5 Accuracy: 0.754 | Time: 0.974 | 
Running student landscape probe...
[bandit] epoch=60 mode=exp3 decision=exp3 reward=-0.493260 arm=10 value=-0.264056 count=4 next_student_lr=0.600000
ckpt location: ckpt/sota_bandit_industry/bandit_exp3_fast_seed1_60ep.pt
