/home/jovyan/.mlspace/envs/egy_llm/lib/python3.11/site-packages/torchvision/datasets/cifar.py:83: VisibleDeprecationWarning: dtype(): align should be passed as Python or NumPy boolean but got `align=0`. Did you mean to pass a tuple to create a subarray type? (Deprecated NumPy 2.4)
  entry = pickle.load(f, encoding="latin1")
depth_list: [110, 20]
Dataset information: cifar100	 50000 images for training 	 10000 images for testing	
teacher depth: 110
student depth: 20
Total number of teacher parameters: 1,169,972
Total number of student parameters: 278,132
Snapshots will be saved to: snapshots/sota_bandit_industry/bandit_exp3_safe_seed1_60ep
==== train and evaluate unequal restart ====
[scheduler] Bandit LR active mode=exp3 init_lr=0.01 eta=0.05 gamma=0.1
[Eval] Epoch: 0 | Teacher Test Loss: 12407.062 | Teacher Test Acc: 0.990 | Student Test Loss: 7.984 | Student Test Acc: 1.020 | Teacher Test F1: 0.000 | Student Test F1: 0.000 | Teacher Top 5 Accuracy: 0.050 | Student Top 5 Accuracy: 0.046 | Time: 2.979 | 
Running student landscape probe...
[Train] Epoch: 1 | Teacher lr=1.0000 | Teacher Loss: 3.997 | Teacher Train Acc: 10.288 | Student lr=0.0100 | Student Train Acc: 6.996 | Time: 139.273 |
[Eval] Epoch: 1 | Teacher Test Loss: 3.717 | Teacher Test Acc: 12.380 | Student Test Loss: 3.810 | Student Test Acc: 10.960 | Teacher Test F1: 0.098 | Student Test F1: 0.072 | Teacher Top 5 Accuracy: 0.359 | Student Top 5 Accuracy: 0.314 | Time: 2.451 | 
Running student landscape probe...
[bandit] epoch=1 mode=exp3 decision=warmup_cosine reward=0.000000 arm=14 value=0.000000 count=0 next_student_lr=0.999315
[Train] Epoch: 2 | Teacher lr=0.9993 | Teacher Loss: 3.369 | Teacher Train Acc: 21.856 | Student lr=0.9993 | Student Train Acc: 21.182 | Time: 138.636 |
[Eval] Epoch: 2 | Teacher Test Loss: 3.144 | Teacher Test Acc: 23.480 | Student Test Loss: 3.443 | Student Test Acc: 20.240 | Teacher Test F1: 0.217 | Student Test F1: 0.179 | Teacher Top 5 Accuracy: 0.531 | Student Top 5 Accuracy: 0.498 | Time: 2.392 | 
Running student landscape probe...
[bandit] epoch=2 mode=exp3 decision=warmup_cosine reward=0.366612 arm=14 value=0.366612 count=1 next_student_lr=0.997264
[Train] Epoch: 3 | Teacher lr=0.9973 | Teacher Loss: 2.817 | Teacher Train Acc: 32.940 | Student lr=0.9973 | Student Train Acc: 40.698 | Time: 135.973 |
[Eval] Epoch: 3 | Teacher Test Loss: 3.001 | Teacher Test Acc: 27.900 | Student Test Loss: 2.596 | Student Test Acc: 33.660 | Teacher Test F1: 0.263 | Student Test F1: 0.318 | Teacher Top 5 Accuracy: 0.610 | Student Top 5 Accuracy: 0.665 | Time: 2.576 | 
Running student landscape probe...
[bandit] epoch=3 mode=exp3 decision=warmup_cosine reward=0.846884 arm=14 value=0.606748 count=2 next_student_lr=0.993850
[Train] Epoch: 4 | Teacher lr=0.9938 | Teacher Loss: 2.456 | Teacher Train Acc: 41.130 | Student lr=0.9939 | Student Train Acc: 48.312 | Time: 137.737 |
[Eval] Epoch: 4 | Teacher Test Loss: 2.319 | Teacher Test Acc: 38.500 | Student Test Loss: 2.548 | Student Test Acc: 34.650 | Teacher Test F1: 0.371 | Student Test F1: 0.338 | Teacher Top 5 Accuracy: 0.720 | Student Top 5 Accuracy: 0.675 | Time: 2.548 | 
Running student landscape probe...
[bandit] epoch=4 mode=exp3 decision=warmup_cosine reward=0.048295 arm=14 value=0.420597 count=3 next_student_lr=0.989085
[Train] Epoch: 5 | Teacher lr=0.9891 | Teacher Loss: 2.266 | Teacher Train Acc: 46.000 | Student lr=0.9891 | Student Train Acc: 51.724 | Time: 137.712 |
[Eval] Epoch: 5 | Teacher Test Loss: 2.570 | Teacher Test Acc: 35.180 | Student Test Loss: 2.433 | Student Test Acc: 37.490 | Teacher Test F1: 0.342 | Student Test F1: 0.365 | Teacher Top 5 Accuracy: 0.693 | Student Top 5 Accuracy: 0.699 | Time: 2.546 | 
Running student landscape probe...
[bandit] epoch=5 mode=exp3 decision=warmup_cosine reward=0.114940 arm=14 value=0.344183 count=4 next_student_lr=0.982980
[Train] Epoch: 6 | Teacher lr=0.9830 | Teacher Loss: 2.163 | Teacher Train Acc: 48.620 | Student lr=0.9830 | Student Train Acc: 54.140 | Time: 137.565 |
[Eval] Epoch: 6 | Teacher Test Loss: 2.285 | Teacher Test Acc: 40.060 | Student Test Loss: 2.347 | Student Test Acc: 38.360 | Teacher Test F1: 0.393 | Student Test F1: 0.379 | Teacher Top 5 Accuracy: 0.727 | Student Top 5 Accuracy: 0.716 | Time: 2.569 | 
Running student landscape probe...
[bandit] epoch=6 mode=exp3 decision=exp3 reward=0.085593 arm=13 value=0.000000 count=0 next_student_lr=0.900000
[Train] Epoch: 7 | Teacher lr=0.9755 | Teacher Loss: 2.039 | Teacher Train Acc: 51.736 | Student lr=0.9000 | Student Train Acc: 55.904 | Time: 138.471 |
[Eval] Epoch: 7 | Teacher Test Loss: 2.079 | Teacher Test Acc: 43.590 | Student Test Loss: 2.057 | Student Test Acc: 44.680 | Teacher Test F1: 0.427 | Student Test F1: 0.439 | Teacher Top 5 Accuracy: 0.765 | Student Top 5 Accuracy: 0.770 | Time: 2.367 | 
Running student landscape probe...
[bandit] epoch=7 mode=exp3 decision=exp3 reward=0.289966 arm=11 value=0.000000 count=0 next_student_lr=0.700000
[Train] Epoch: 8 | Teacher lr=0.9668 | Teacher Loss: 1.951 | Teacher Train Acc: 53.724 | Student lr=0.7000 | Student Train Acc: 58.620 | Time: 136.036 |
[Eval] Epoch: 8 | Teacher Test Loss: 2.133 | Teacher Test Acc: 45.730 | Student Test Loss: 2.290 | Student Test Acc: 42.330 | Teacher Test F1: 0.455 | Student Test F1: 0.429 | Teacher Top 5 Accuracy: 0.764 | Student Top 5 Accuracy: 0.736 | Time: 2.568 | 
Running student landscape probe...
[bandit] epoch=8 mode=exp3 decision=exp3 reward=-0.232197 arm=13 value=0.289966 count=1 next_student_lr=0.900000
[Train] Epoch: 9 | Teacher lr=0.9568 | Teacher Loss: 1.876 | Teacher Train Acc: 56.246 | Student lr=0.9000 | Student Train Acc: 57.566 | Time: 136.578 |
[Eval] Epoch: 9 | Teacher Test Loss: 1.963 | Teacher Test Acc: 46.690 | Student Test Loss: 2.358 | Student Test Acc: 40.500 | Teacher Test F1: 0.463 | Student Test F1: 0.402 | Teacher Top 5 Accuracy: 0.786 | Student Top 5 Accuracy: 0.732 | Time: 2.585 | 
Running student landscape probe...
[bandit] epoch=9 mode=exp3 decision=exp3 reward=-0.068406 arm=7 value=0.000000 count=0 next_student_lr=0.300000
[Train] Epoch: 10 | Teacher lr=0.9455 | Teacher Loss: 1.771 | Teacher Train Acc: 57.274 | Student lr=0.3000 | Student Train Acc: 65.470 | Time: 138.221 |
[Eval] Epoch: 10 | Teacher Test Loss: 1.968 | Teacher Test Acc: 45.600 | Student Test Loss: 1.565 | Student Test Acc: 55.740 | Teacher Test F1: 0.456 | Student Test F1: 0.561 | Teacher Top 5 Accuracy: 0.798 | Student Top 5 Accuracy: 0.850 | Time: 2.419 | 
Running student landscape probe...
[bandit] epoch=10 mode=exp3 decision=exp3 reward=0.793099 arm=14 value=0.292465 count=5 next_student_lr=1.000000
[Train] Epoch: 11 | Teacher lr=0.9330 | Teacher Loss: 1.823 | Teacher Train Acc: 59.234 | Student lr=1.0000 | Student Train Acc: 53.592 | Time: 137.089 |
[Eval] Epoch: 11 | Teacher Test Loss: 1.918 | Teacher Test Acc: 48.620 | Student Test Loss: 2.290 | Student Test Acc: 41.000 | Teacher Test F1: 0.488 | Student Test F1: 0.398 | Teacher Top 5 Accuracy: 0.806 | Student Top 5 Accuracy: 0.728 | Time: 2.388 | 
Running student landscape probe...
[bandit] epoch=11 mode=exp3 decision=exp3 reward=-0.725113 arm=15 value=0.000000 count=0 next_student_lr=1.100000
[Train] Epoch: 12 | Teacher lr=0.9193 | Teacher Loss: 1.748 | Teacher Train Acc: 60.108 | Student lr=1.1000 | Student Train Acc: 57.256 | Time: 138.212 |
[Eval] Epoch: 12 | Teacher Test Loss: 1.827 | Teacher Test Acc: 50.390 | Student Test Loss: 2.479 | Student Test Acc: 37.770 | Teacher Test F1: 0.498 | Student Test F1: 0.372 | Teacher Top 5 Accuracy: 0.811 | Student Top 5 Accuracy: 0.721 | Time: 2.438 | 
Running student landscape probe...
[bandit] epoch=12 mode=exp3 decision=exp3 reward=-0.188791 arm=19 value=0.000000 count=0 next_student_lr=1.500000
[Train] Epoch: 13 | Teacher lr=0.9045 | Teacher Loss: 1.777 | Teacher Train Acc: 60.160 | Student lr=1.5000 | Student Train Acc: 54.696 | Time: 136.058 |
[Eval] Epoch: 13 | Teacher Test Loss: 1.708 | Teacher Test Acc: 53.170 | Student Test Loss: 2.769 | Student Test Acc: 35.130 | Teacher Test F1: 0.518 | Student Test F1: 0.347 | Teacher Top 5 Accuracy: 0.829 | Student Top 5 Accuracy: 0.664 | Time: 2.451 | 
Running student landscape probe...
[bandit] epoch=13 mode=exp3 decision=exp3 reward=-0.289695 arm=12 value=0.000000 count=0 next_student_lr=0.800000
[Train] Epoch: 14 | Teacher lr=0.8886 | Teacher Loss: 1.677 | Teacher Train Acc: 61.082 | Student lr=0.8000 | Student Train Acc: 60.748 | Time: 135.100 |
[Eval] Epoch: 14 | Teacher Test Loss: 1.602 | Teacher Test Acc: 55.360 | Student Test Loss: 2.276 | Student Test Acc: 42.020 | Teacher Test F1: 0.548 | Student Test F1: 0.414 | Teacher Top 5 Accuracy: 0.845 | Student Top 5 Accuracy: 0.741 | Time: 2.529 | 
Running student landscape probe...
[bandit] epoch=14 mode=exp3 decision=exp3 reward=0.492847 arm=14 value=0.122868 count=6 next_student_lr=1.000000
[Train] Epoch: 15 | Teacher lr=0.8716 | Teacher Loss: 1.667 | Teacher Train Acc: 62.368 | Student lr=1.0000 | Student Train Acc: 58.768 | Time: 137.595 |
[Eval] Epoch: 15 | Teacher Test Loss: 1.649 | Teacher Test Acc: 54.180 | Student Test Loss: 2.406 | Student Test Acc: 39.280 | Teacher Test F1: 0.541 | Student Test F1: 0.392 | Teacher Top 5 Accuracy: 0.838 | Student Top 5 Accuracy: 0.723 | Time: 2.393 | 
Running student landscape probe...
[bandit] epoch=15 mode=exp3 decision=exp3 reward=-0.129976 arm=16 value=0.000000 count=0 next_student_lr=1.200000
[Train] Epoch: 16 | Teacher lr=0.8536 | Teacher Loss: 1.647 | Teacher Train Acc: 63.428 | Student lr=1.2000 | Student Train Acc: 57.928 | Time: 137.163 |
[Eval] Epoch: 16 | Teacher Test Loss: 1.540 | Teacher Test Acc: 56.440 | Student Test Loss: 2.488 | Student Test Acc: 37.370 | Teacher Test F1: 0.565 | Student Test F1: 0.361 | Teacher Top 5 Accuracy: 0.859 | Student Top 5 Accuracy: 0.698 | Time: 2.482 | 
Running student landscape probe...
[bandit] epoch=16 mode=exp3 decision=exp3 reward=-0.082081 arm=11 value=-0.232197 count=1 next_student_lr=0.700000
[Train] Epoch: 17 | Teacher lr=0.8346 | Teacher Loss: 1.592 | Teacher Train Acc: 63.352 | Student lr=0.7000 | Student Train Acc: 62.396 | Time: 138.753 |
[Eval] Epoch: 17 | Teacher Test Loss: 1.803 | Teacher Test Acc: 51.070 | Student Test Loss: 1.931 | Student Test Acc: 48.100 | Teacher Test F1: 0.503 | Student Test F1: 0.478 | Teacher Top 5 Accuracy: 0.813 | Student Top 5 Accuracy: 0.784 | Time: 2.450 | 
Running student landscape probe...
[bandit] epoch=17 mode=exp3 decision=exp3 reward=0.556321 arm=19 value=-0.289695 count=1 next_student_lr=1.500000
[Train] Epoch: 18 | Teacher lr=0.8147 | Teacher Loss: 1.682 | Teacher Train Acc: 64.260 | Student lr=1.5000 | Student Train Acc: 53.042 | Time: 139.447 |
[Eval] Epoch: 18 | Teacher Test Loss: 1.588 | Teacher Test Acc: 55.940 | Student Test Loss: 2.448 | Student Test Acc: 37.660 | Teacher Test F1: 0.552 | Student Test F1: 0.370 | Teacher Top 5 Accuracy: 0.842 | Student Top 5 Accuracy: 0.696 | Time: 2.395 | 
Running student landscape probe...
[bandit] epoch=18 mode=exp3 decision=exp3 reward=-0.516826 arm=10 value=0.000000 count=0 next_student_lr=0.600000
[Train] Epoch: 19 | Teacher lr=0.7939 | Teacher Loss: 1.530 | Teacher Train Acc: 64.656 | Student lr=0.6000 | Student Train Acc: 63.120 | Time: 137.175 |
[Eval] Epoch: 19 | Teacher Test Loss: 1.665 | Teacher Test Acc: 53.930 | Student Test Loss: 1.744 | Student Test Acc: 51.310 | Teacher Test F1: 0.535 | Student Test F1: 0.514 | Teacher Top 5 Accuracy: 0.842 | Student Top 5 Accuracy: 0.827 | Time: 2.462 | 
Running student landscape probe...
[bandit] epoch=19 mode=exp3 decision=exp3 reward=0.704523 arm=12 value=0.492847 count=1 next_student_lr=0.800000
[Train] Epoch: 20 | Teacher lr=0.7723 | Teacher Loss: 1.551 | Teacher Train Acc: 65.190 | Student lr=0.8000 | Student Train Acc: 61.096 | Time: 140.068 |
[Eval] Epoch: 20 | Teacher Test Loss: 1.577 | Teacher Test Acc: 56.170 | Student Test Loss: 2.010 | Student Test Acc: 46.720 | Teacher Test F1: 0.561 | Student Test F1: 0.465 | Teacher Top 5 Accuracy: 0.851 | Student Top 5 Accuracy: 0.782 | Time: 2.425 | 
Running student landscape probe...
[bandit] epoch=20 mode=exp3 decision=exp3 reward=-0.266619 arm=7 value=0.793099 count=1 next_student_lr=0.300000
[Train] Epoch: 21 | Teacher lr=0.7500 | Teacher Loss: 1.464 | Teacher Train Acc: 65.410 | Student lr=0.3000 | Student Train Acc: 67.748 | Time: 138.448 |
[Eval] Epoch: 21 | Teacher Test Loss: 1.889 | Teacher Test Acc: 49.530 | Student Test Loss: 1.748 | Student Test Acc: 52.610 | Teacher Test F1: 0.492 | Student Test F1: 0.525 | Teacher Top 5 Accuracy: 0.799 | Student Top 5 Accuracy: 0.825 | Time: 2.410 | 
Running student landscape probe...
[bandit] epoch=21 mode=exp3 decision=exp3 reward=0.262061 arm=7 value=0.527580 count=2 next_student_lr=0.300000
[Train] Epoch: 22 | Teacher lr=0.7270 | Teacher Loss: 1.465 | Teacher Train Acc: 65.764 | Student lr=0.3000 | Student Train Acc: 68.426 | Time: 135.812 |
[Eval] Epoch: 22 | Teacher Test Loss: 1.539 | Teacher Test Acc: 57.180 | Student Test Loss: 1.563 | Student Test Acc: 56.720 | Teacher Test F1: 0.567 | Student Test F1: 0.564 | Teacher Top 5 Accuracy: 0.861 | Student Top 5 Accuracy: 0.854 | Time: 2.418 | 
Running student landscape probe...
[bandit] epoch=22 mode=exp3 decision=exp3 reward=0.185514 arm=8 value=0.000000 count=0 next_student_lr=0.400000
[Train] Epoch: 23 | Teacher lr=0.7034 | Teacher Loss: 1.440 | Teacher Train Acc: 67.394 | Student lr=0.4000 | Student Train Acc: 66.410 | Time: 135.234 |
[Eval] Epoch: 23 | Teacher Test Loss: 1.592 | Teacher Test Acc: 55.490 | Student Test Loss: 1.679 | Student Test Acc: 53.880 | Teacher Test F1: 0.555 | Student Test F1: 0.536 | Teacher Top 5 Accuracy: 0.851 | Student Top 5 Accuracy: 0.833 | Time: 2.450 | 
Running student landscape probe...
[bandit] epoch=23 mode=exp3 decision=exp3 reward=-0.116615 arm=14 value=0.086748 count=7 next_student_lr=1.000000
[Train] Epoch: 24 | Teacher lr=0.6792 | Teacher Loss: 1.498 | Teacher Train Acc: 68.532 | Student lr=1.0000 | Student Train Acc: 58.290 | Time: 137.187 |
[Eval] Epoch: 24 | Teacher Test Loss: 1.353 | Teacher Test Acc: 61.150 | Student Test Loss: 1.988 | Student Test Acc: 46.740 | Teacher Test F1: 0.607 | Student Test F1: 0.467 | Teacher Top 5 Accuracy: 0.884 | Student Top 5 Accuracy: 0.775 | Time: 2.449 | 
Running student landscape probe...
[bandit] epoch=24 mode=exp3 decision=exp3 reward=-0.308287 arm=15 value=-0.188791 count=1 next_student_lr=1.100000
[Train] Epoch: 25 | Teacher lr=0.6545 | Teacher Loss: 1.459 | Teacher Train Acc: 69.346 | Student lr=1.1000 | Student Train Acc: 59.442 | Time: 139.062 |
[Eval] Epoch: 25 | Teacher Test Loss: 1.417 | Teacher Test Acc: 59.500 | Student Test Loss: 2.272 | Student Test Acc: 42.910 | Teacher Test F1: 0.591 | Student Test F1: 0.437 | Teacher Top 5 Accuracy: 0.875 | Student Top 5 Accuracy: 0.752 | Time: 2.392 | 
Running student landscape probe...
[bandit] epoch=25 mode=exp3 decision=exp3 reward=-0.284481 arm=10 value=0.704523 count=1 next_student_lr=0.600000
[Train] Epoch: 26 | Teacher lr=0.6294 | Teacher Loss: 1.385 | Teacher Train Acc: 69.160 | Student lr=0.6000 | Student Train Acc: 64.856 | Time: 138.981 |
[Eval] Epoch: 26 | Teacher Test Loss: 1.384 | Teacher Test Acc: 60.760 | Student Test Loss: 1.627 | Student Test Acc: 54.950 | Teacher Test F1: 0.605 | Student Test F1: 0.544 | Teacher Top 5 Accuracy: 0.878 | Student Top 5 Accuracy: 0.840 | Time: 2.416 | 
Running student landscape probe...
[bandit] epoch=26 mode=exp3 decision=exp3 reward=0.644917 arm=9 value=0.000000 count=0 next_student_lr=0.500000
[Train] Epoch: 27 | Teacher lr=0.6040 | Teacher Loss: 1.364 | Teacher Train Acc: 69.554 | Student lr=0.5000 | Student Train Acc: 66.060 | Time: 138.397 |
[Eval] Epoch: 27 | Teacher Test Loss: 1.336 | Teacher Test Acc: 62.110 | Student Test Loss: 1.867 | Student Test Acc: 49.930 | Teacher Test F1: 0.624 | Student Test F1: 0.503 | Teacher Top 5 Accuracy: 0.890 | Student Top 5 Accuracy: 0.807 | Time: 2.402 | 
Running student landscape probe...
[bandit] epoch=27 mode=exp3 decision=exp3 reward=-0.239316 arm=1 value=0.000000 count=0 next_student_lr=0.001000
[Train] Epoch: 28 | Teacher lr=0.5782 | Teacher Loss: 1.289 | Teacher Train Acc: 71.584 | Student lr=0.0010 | Student Train Acc: 69.166 | Time: 137.829 |
[Eval] Epoch: 28 | Teacher Test Loss: 1.457 | Teacher Test Acc: 58.870 | Student Test Loss: 1.233 | Student Test Acc: 64.790 | Teacher Test F1: 0.588 | Student Test F1: 0.647 | Teacher Top 5 Accuracy: 0.868 | Student Top 5 Accuracy: 0.898 | Time: 2.402 | 
Running student landscape probe...
[bandit] epoch=28 mode=exp3 decision=exp3 reward=0.633395 arm=17 value=0.000000 count=0 next_student_lr=1.300000
[Train] Epoch: 29 | Teacher lr=0.5523 | Teacher Loss: 1.522 | Teacher Train Acc: 71.392 | Student lr=1.3000 | Student Train Acc: 51.772 | Time: 139.614 |
[Eval] Epoch: 29 | Teacher Test Loss: 1.268 | Teacher Test Acc: 63.610 | Student Test Loss: 2.422 | Student Test Acc: 37.980 | Teacher Test F1: 0.635 | Student Test F1: 0.366 | Teacher Top 5 Accuracy: 0.900 | Student Top 5 Accuracy: 0.705 | Time: 2.386 | 
Running student landscape probe...
[bandit] epoch=29 mode=exp3 decision=exp3 reward=-1.000000 arm=19 value=-0.403260 count=2 next_student_lr=1.500000
[Train] Epoch: 30 | Teacher lr=0.5262 | Teacher Loss: 1.422 | Teacher Train Acc: 72.536 | Student lr=1.5000 | Student Train Acc: 55.154 | Time: 134.813 |
[Eval] Epoch: 30 | Teacher Test Loss: 1.420 | Teacher Test Acc: 60.010 | Student Test Loss: 3.735 | Student Test Acc: 24.410 | Teacher Test F1: 0.603 | Student Test F1: 0.228 | Teacher Top 5 Accuracy: 0.874 | Student Top 5 Accuracy: 0.518 | Time: 2.369 | 
Running student landscape probe...
[bandit] epoch=30 mode=exp3 decision=exp3 reward=-1.000000 arm=10 value=0.674720 count=2 next_student_lr=0.600000
[Train] Epoch: 31 | Teacher lr=0.5000 | Teacher Loss: 1.280 | Teacher Train Acc: 72.578 | Student lr=0.6000 | Student Train Acc: 63.646 | Time: 134.921 |
[Eval] Epoch: 31 | Teacher Test Loss: 1.299 | Teacher Test Acc: 62.970 | Student Test Loss: 2.110 | Student Test Acc: 45.820 | Teacher Test F1: 0.627 | Student Test F1: 0.454 | Teacher Top 5 Accuracy: 0.888 | Student Top 5 Accuracy: 0.756 | Time: 2.420 | 
Running student landscape probe...
[bandit] epoch=31 mode=exp3 decision=exp3 reward=1.000000 arm=13 value=0.110780 count=2 next_student_lr=0.900000
[Train] Epoch: 32 | Teacher lr=0.4738 | Teacher Loss: 1.328 | Teacher Train Acc: 73.504 | Student lr=0.9000 | Student Train Acc: 60.594 | Time: 139.593 |
[Eval] Epoch: 32 | Teacher Test Loss: 1.210 | Teacher Test Acc: 65.020 | Student Test Loss: 2.278 | Student Test Acc: 42.370 | Teacher Test F1: 0.652 | Student Test F1: 0.422 | Teacher Top 5 Accuracy: 0.904 | Student Top 5 Accuracy: 0.735 | Time: 2.394 | 
Running student landscape probe...
[bandit] epoch=32 mode=exp3 decision=exp3 reward=-0.167265 arm=12 value=0.113114 count=2 next_student_lr=0.800000
[Train] Epoch: 33 | Teacher lr=0.4477 | Teacher Loss: 1.290 | Teacher Train Acc: 73.936 | Student lr=0.8000 | Student Train Acc: 61.606 | Time: 139.145 |
[Eval] Epoch: 33 | Teacher Test Loss: 1.320 | Teacher Test Acc: 62.170 | Student Test Loss: 2.068 | Student Test Acc: 45.780 | Teacher Test F1: 0.625 | Student Test F1: 0.452 | Teacher Top 5 Accuracy: 0.892 | Student Top 5 Accuracy: 0.778 | Time: 2.390 | 
Running student landscape probe...
[bandit] epoch=33 mode=exp3 decision=exp3 reward=0.209576 arm=11 value=0.162062 count=2 next_student_lr=0.700000
[Train] Epoch: 34 | Teacher lr=0.4218 | Teacher Loss: 1.252 | Teacher Train Acc: 74.830 | Student lr=0.7000 | Student Train Acc: 62.908 | Time: 136.438 |
[Eval] Epoch: 34 | Teacher Test Loss: 1.339 | Teacher Test Acc: 62.790 | Student Test Loss: 1.876 | Student Test Acc: 49.790 | Teacher Test F1: 0.625 | Student Test F1: 0.496 | Teacher Top 5 Accuracy: 0.886 | Student Top 5 Accuracy: 0.804 | Time: 2.403 | 
Running student landscape probe...
[bandit] epoch=34 mode=exp3 decision=exp3 reward=0.192457 arm=10 value=0.783147 count=3 next_student_lr=0.600000
[Train] Epoch: 35 | Teacher lr=0.3960 | Teacher Loss: 1.213 | Teacher Train Acc: 75.744 | Student lr=0.6000 | Student Train Acc: 64.456 | Time: 139.297 |
[Eval] Epoch: 35 | Teacher Test Loss: 1.185 | Teacher Test Acc: 66.420 | Student Test Loss: 1.998 | Student Test Acc: 48.200 | Teacher Test F1: 0.663 | Student Test F1: 0.486 | Teacher Top 5 Accuracy: 0.906 | Student Top 5 Accuracy: 0.785 | Time: 2.441 | 
Running student landscape probe...
[bandit] epoch=35 mode=exp3 decision=exp3 reward=-0.122397 arm=15 value=-0.236636 count=2 next_student_lr=1.100000
[Train] Epoch: 36 | Teacher lr=0.3706 | Teacher Loss: 1.295 | Teacher Train Acc: 76.516 | Student lr=1.1000 | Student Train Acc: 58.098 | Time: 139.855 |
[Eval] Epoch: 36 | Teacher Test Loss: 1.163 | Teacher Test Acc: 66.230 | Student Test Loss: 2.326 | Student Test Acc: 41.590 | Teacher Test F1: 0.660 | Student Test F1: 0.408 | Teacher Top 5 Accuracy: 0.906 | Student Top 5 Accuracy: 0.729 | Time: 2.335 | 
Running student landscape probe...
[bandit] epoch=36 mode=exp3 decision=exp3 reward=-0.327809 arm=7 value=0.413558 count=3 next_student_lr=0.300000
[Train] Epoch: 37 | Teacher lr=0.3455 | Teacher Loss: 1.088 | Teacher Train Acc: 77.086 | Student lr=0.3000 | Student Train Acc: 68.796 | Time: 137.395 |
[Eval] Epoch: 37 | Teacher Test Loss: 1.238 | Teacher Test Acc: 64.310 | Student Test Loss: 1.464 | Student Test Acc: 58.770 | Teacher Test F1: 0.645 | Student Test F1: 0.589 | Teacher Top 5 Accuracy: 0.897 | Student Top 5 Accuracy: 0.870 | Time: 2.294 | 
Running student landscape probe...
[bandit] epoch=37 mode=exp3 decision=exp3 reward=0.861990 arm=14 value=0.037368 count=8 next_student_lr=1.000000
[Train] Epoch: 38 | Teacher lr=0.3208 | Teacher Loss: 1.233 | Teacher Train Acc: 77.968 | Student lr=1.0000 | Student Train Acc: 59.630 | Time: 137.286 |
[Eval] Epoch: 38 | Teacher Test Loss: 1.184 | Teacher Test Acc: 65.660 | Student Test Loss: 2.087 | Student Test Acc: 44.380 | Teacher Test F1: 0.657 | Student Test F1: 0.443 | Teacher Top 5 Accuracy: 0.907 | Student Top 5 Accuracy: 0.767 | Time: 2.435 | 
Running student landscape probe...
[bandit] epoch=38 mode=exp3 decision=exp3 reward=-0.622858 arm=4 value=0.000000 count=0 next_student_lr=0.050000
[Train] Epoch: 39 | Teacher lr=0.2966 | Teacher Loss: 0.982 | Teacher Train Acc: 79.712 | Student lr=0.0500 | Student Train Acc: 70.388 | Time: 137.753 |
[Eval] Epoch: 39 | Teacher Test Loss: 1.172 | Teacher Test Acc: 66.640 | Student Test Loss: 1.210 | Student Test Acc: 64.970 | Teacher Test F1: 0.666 | Student Test F1: 0.649 | Teacher Top 5 Accuracy: 0.905 | Student Top 5 Accuracy: 0.904 | Time: 2.384 | 
Running student landscape probe...
[bandit] epoch=39 mode=exp3 decision=exp3 reward=0.876490 arm=19 value=-0.602173 count=3 next_student_lr=1.500000
[Train] Epoch: 40 | Teacher lr=0.2730 | Teacher Loss: 1.278 | Teacher Train Acc: 79.868 | Student lr=1.5000 | Student Train Acc: 54.820 | Time: 136.746 |
[Eval] Epoch: 40 | Teacher Test Loss: 1.054 | Teacher Test Acc: 70.400 | Student Test Loss: 2.481 | Student Test Acc: 36.490 | Teacher Test F1: 0.704 | Student Test F1: 0.357 | Teacher Top 5 Accuracy: 0.925 | Student Top 5 Accuracy: 0.705 | Time: 2.343 | 
Running student landscape probe...
[bandit] epoch=40 mode=exp3 decision=exp3 reward=-1.000000 arm=11 value=0.172194 count=3 next_student_lr=0.700000
[Train] Epoch: 41 | Teacher lr=0.2500 | Teacher Loss: 1.066 | Teacher Train Acc: 81.390 | Student lr=0.7000 | Student Train Acc: 63.282 | Time: 136.852 |
[Eval] Epoch: 41 | Teacher Test Loss: 1.046 | Teacher Test Acc: 69.500 | Student Test Loss: 2.002 | Student Test Acc: 47.320 | Teacher Test F1: 0.698 | Student Test F1: 0.476 | Teacher Top 5 Accuracy: 0.925 | Student Top 5 Accuracy: 0.785 | Time: 2.339 | 
Running student landscape probe...
[bandit] epoch=41 mode=exp3 decision=exp3 reward=0.478861 arm=13 value=0.018098 count=3 next_student_lr=0.900000
[Train] Epoch: 42 | Teacher lr=0.2277 | Teacher Loss: 1.095 | Teacher Train Acc: 82.314 | Student lr=0.9000 | Student Train Acc: 61.130 | Time: 135.059 |
[Eval] Epoch: 42 | Teacher Test Loss: 1.017 | Teacher Test Acc: 70.460 | Student Test Loss: 2.303 | Student Test Acc: 42.630 | Teacher Test F1: 0.704 | Student Test F1: 0.430 | Teacher Top 5 Accuracy: 0.928 | Student Top 5 Accuracy: 0.745 | Time: 2.381 | 
Running student landscape probe...
[bandit] epoch=42 mode=exp3 decision=exp3 reward=-0.300211 arm=4 value=0.876490 count=1 next_student_lr=0.050000
[Train] Epoch: 43 | Teacher lr=0.2061 | Teacher Loss: 0.864 | Teacher Train Acc: 83.860 | Student lr=0.0500 | Student Train Acc: 70.576 | Time: 138.868 |
[Eval] Epoch: 43 | Teacher Test Loss: 0.999 | Teacher Test Acc: 70.770 | Student Test Loss: 1.192 | Student Test Acc: 65.580 | Teacher Test F1: 0.707 | Student Test F1: 0.655 | Teacher Top 5 Accuracy: 0.930 | Student Top 5 Accuracy: 0.906 | Time: 2.380 | 
Running student landscape probe...
[bandit] epoch=43 mode=exp3 decision=exp3 reward=1.000000 arm=16 value=-0.082081 count=1 next_student_lr=1.200000
[Train] Epoch: 44 | Teacher lr=0.1853 | Teacher Loss: 1.120 | Teacher Train Acc: 84.050 | Student lr=1.2000 | Student Train Acc: 57.944 | Time: 134.958 |
[Eval] Epoch: 44 | Teacher Test Loss: 0.994 | Teacher Test Acc: 71.540 | Student Test Loss: 2.359 | Student Test Acc: 41.830 | Teacher Test F1: 0.716 | Student Test F1: 0.404 | Teacher Top 5 Accuracy: 0.931 | Student Top 5 Accuracy: 0.723 | Time: 2.376 | 
Running student landscape probe...
[bandit] epoch=44 mode=exp3 decision=exp3 reward=-1.000000 arm=7 value=0.525666 count=4 next_student_lr=0.300000
[Train] Epoch: 45 | Teacher lr=0.1654 | Teacher Loss: 0.866 | Teacher Train Acc: 85.938 | Student lr=0.3000 | Student Train Acc: 68.504 | Time: 138.365 |
[Eval] Epoch: 45 | Teacher Test Loss: 0.970 | Teacher Test Acc: 71.680 | Student Test Loss: 1.491 | Student Test Acc: 59.320 | Teacher Test F1: 0.717 | Student Test F1: 0.592 | Teacher Top 5 Accuracy: 0.929 | Student Top 5 Accuracy: 0.866 | Time: 2.422 | 
Running student landscape probe...
[bandit] epoch=45 mode=exp3 decision=exp3 reward=0.868506 arm=6 value=0.000000 count=0 next_student_lr=0.200000
[Train] Epoch: 46 | Teacher lr=0.1464 | Teacher Loss: 0.810 | Teacher Train Acc: 86.938 | Student lr=0.2000 | Student Train Acc: 71.954 | Time: 139.712 |
[Eval] Epoch: 46 | Teacher Test Loss: 0.967 | Teacher Test Acc: 71.540 | Student Test Loss: 1.517 | Student Test Acc: 58.940 | Teacher Test F1: 0.717 | Student Test F1: 0.586 | Teacher Top 5 Accuracy: 0.932 | Student Top 5 Accuracy: 0.865 | Time: 2.370 | 
Running student landscape probe...
[bandit] epoch=46 mode=exp3 decision=exp3 reward=-0.026192 arm=9 value=-0.239316 count=1 next_student_lr=0.500000
[Train] Epoch: 47 | Teacher lr=0.1284 | Teacher Loss: 0.913 | Teacher Train Acc: 87.822 | Student lr=0.5000 | Student Train Acc: 65.826 | Time: 138.673 |
[Eval] Epoch: 47 | Teacher Test Loss: 0.924 | Teacher Test Acc: 73.170 | Student Test Loss: 2.041 | Student Test Acc: 47.850 | Teacher Test F1: 0.733 | Student Test F1: 0.475 | Teacher Top 5 Accuracy: 0.936 | Student Top 5 Accuracy: 0.784 | Time: 2.421 | 
Running student landscape probe...
[bandit] epoch=47 mode=exp3 decision=exp3 reward=-0.524194 arm=10 value=0.556761 count=4 next_student_lr=0.600000
[Train] Epoch: 48 | Teacher lr=0.1114 | Teacher Loss: 0.893 | Teacher Train Acc: 89.470 | Student lr=0.6000 | Student Train Acc: 64.654 | Time: 137.713 |
[Eval] Epoch: 48 | Teacher Test Loss: 0.929 | Teacher Test Acc: 73.350 | Student Test Loss: 2.103 | Student Test Acc: 45.890 | Teacher Test F1: 0.735 | Student Test F1: 0.466 | Teacher Top 5 Accuracy: 0.939 | Student Top 5 Accuracy: 0.774 | Time: 2.367 | 
Running student landscape probe...
[bandit] epoch=48 mode=exp3 decision=exp3 reward=-0.061995 arm=3 value=0.000000 count=0 next_student_lr=0.025000
[Train] Epoch: 49 | Teacher lr=0.0955 | Teacher Loss: 0.683 | Teacher Train Acc: 90.726 | Student lr=0.0250 | Student Train Acc: 72.712 | Time: 135.053 |
[Eval] Epoch: 49 | Teacher Test Loss: 0.887 | Teacher Test Acc: 74.440 | Student Test Loss: 1.172 | Student Test Acc: 66.260 | Teacher Test F1: 0.745 | Student Test F1: 0.662 | Teacher Top 5 Accuracy: 0.939 | Student Top 5 Accuracy: 0.909 | Time: 2.414 | 
Running student landscape probe...
[bandit] epoch=49 mode=exp3 decision=exp3 reward=0.930491 arm=15 value=-0.267027 count=3 next_student_lr=1.100000
[Train] Epoch: 50 | Teacher lr=0.0807 | Teacher Loss: 1.071 | Teacher Train Acc: 90.528 | Student lr=1.1000 | Student Train Acc: 54.304 | Time: 135.033 |
[Eval] Epoch: 50 | Teacher Test Loss: 0.911 | Teacher Test Acc: 74.310 | Student Test Loss: 2.576 | Student Test Acc: 37.580 | Teacher Test F1: 0.742 | Student Test F1: 0.367 | Teacher Top 5 Accuracy: 0.939 | Student Top 5 Accuracy: 0.687 | Time: 2.387 | 
Running student landscape probe...
[bandit] epoch=50 mode=exp3 decision=exp3 reward=-1.000000 arm=11 value=0.248861 count=4 next_student_lr=0.700000
[Train] Epoch: 51 | Teacher lr=0.0670 | Teacher Loss: 0.840 | Teacher Train Acc: 92.618 | Student lr=0.7000 | Student Train Acc: 62.918 | Time: 137.535 |
[Eval] Epoch: 51 | Teacher Test Loss: 0.906 | Teacher Test Acc: 74.280 | Student Test Loss: 2.073 | Student Test Acc: 45.920 | Teacher Test F1: 0.743 | Student Test F1: 0.455 | Teacher Top 5 Accuracy: 0.940 | Student Top 5 Accuracy: 0.773 | Time: 2.351 | 
Running student landscape probe...
[bandit] epoch=51 mode=exp3 decision=exp3 reward=0.502736 arm=17 value=-1.000000 count=1 next_student_lr=1.300000
[Train] Epoch: 52 | Teacher lr=0.0545 | Teacher Loss: 0.961 | Teacher Train Acc: 93.482 | Student lr=1.3000 | Student Train Acc: 55.408 | Time: 137.074 |
[Eval] Epoch: 52 | Teacher Test Loss: 0.910 | Teacher Test Acc: 74.660 | Student Test Loss: 2.702 | Student Test Acc: 37.830 | Teacher Test F1: 0.747 | Student Test F1: 0.369 | Teacher Top 5 Accuracy: 0.940 | Student Top 5 Accuracy: 0.690 | Time: 2.366 | 
Running student landscape probe...
[bandit] epoch=52 mode=exp3 decision=exp3 reward=-0.629177 arm=18 value=0.000000 count=0 next_student_lr=1.400000
[Train] Epoch: 53 | Teacher lr=0.0432 | Teacher Loss: 0.917 | Teacher Train Acc: 94.520 | Student lr=1.4000 | Student Train Acc: 56.086 | Time: 137.397 |
[Eval] Epoch: 53 | Teacher Test Loss: 0.907 | Teacher Test Acc: 74.730 | Student Test Loss: 3.505 | Student Test Acc: 26.650 | Teacher Test F1: 0.748 | Student Test F1: 0.254 | Teacher Top 5 Accuracy: 0.941 | Student Top 5 Accuracy: 0.561 | Time: 2.399 | 
Running student landscape probe...
[bandit] epoch=53 mode=exp3 decision=exp3 reward=-0.802996 arm=14 value=-0.035990 count=9 next_student_lr=1.000000
[Train] Epoch: 54 | Teacher lr=0.0332 | Teacher Loss: 0.836 | Teacher Train Acc: 95.030 | Student lr=1.0000 | Student Train Acc: 59.822 | Time: 139.517 |
[Eval] Epoch: 54 | Teacher Test Loss: 0.888 | Teacher Test Acc: 75.120 | Student Test Loss: 2.294 | Student Test Acc: 41.310 | Teacher Test F1: 0.751 | Student Test F1: 0.403 | Teacher Top 5 Accuracy: 0.942 | Student Top 5 Accuracy: 0.735 | Time: 2.390 | 
Running student landscape probe...
[bandit] epoch=54 mode=exp3 decision=exp3 reward=1.000000 arm=5 value=0.000000 count=0 next_student_lr=0.100000
[Train] Epoch: 55 | Teacher lr=0.0245 | Teacher Loss: 0.627 | Teacher Train Acc: 95.422 | Student lr=0.1000 | Student Train Acc: 70.192 | Time: 138.716 |
[Eval] Epoch: 55 | Teacher Test Loss: 0.850 | Teacher Test Acc: 75.340 | Student Test Loss: 1.232 | Student Test Acc: 65.170 | Teacher Test F1: 0.754 | Student Test F1: 0.650 | Teacher Top 5 Accuracy: 0.943 | Student Top 5 Accuracy: 0.899 | Time: 2.431 | 
Running student landscape probe...
[bandit] epoch=55 mode=exp3 decision=exp3 reward=1.000000 arm=2 value=0.000000 count=0 next_student_lr=0.010000
[Train] Epoch: 56 | Teacher lr=0.0170 | Teacher Loss: 0.557 | Teacher Train Acc: 95.922 | Student lr=0.0100 | Student Train Acc: 73.764 | Time: 138.647 |
[Eval] Epoch: 56 | Teacher Test Loss: 0.844 | Teacher Test Acc: 75.450 | Student Test Loss: 1.183 | Student Test Acc: 66.540 | Teacher Test F1: 0.755 | Student Test F1: 0.665 | Teacher Top 5 Accuracy: 0.943 | Student Top 5 Accuracy: 0.906 | Time: 2.418 | 
Running student landscape probe...
[bandit] epoch=56 mode=exp3 decision=exp3 reward=0.049354 arm=8 value=-0.116615 count=1 next_student_lr=0.400000
[Train] Epoch: 57 | Teacher lr=0.0109 | Teacher Loss: 0.691 | Teacher Train Acc: 96.426 | Student lr=0.4000 | Student Train Acc: 66.988 | Time: 138.858 |
[Eval] Epoch: 57 | Teacher Test Loss: 0.851 | Teacher Test Acc: 75.590 | Student Test Loss: 1.777 | Student Test Acc: 53.450 | Teacher Test F1: 0.756 | Student Test F1: 0.533 | Teacher Top 5 Accuracy: 0.943 | Student Top 5 Accuracy: 0.818 | Time: 2.383 | 
Running student landscape probe...
[bandit] epoch=57 mode=exp3 decision=exp3 reward=-0.594071 arm=18 value=-0.802996 count=1 next_student_lr=1.400000
[Train] Epoch: 58 | Teacher lr=0.0062 | Teacher Loss: 1.047 | Teacher Train Acc: 96.592 | Student lr=1.4000 | Student Train Acc: 50.238 | Time: 137.705 |
[Eval] Epoch: 58 | Teacher Test Loss: 0.897 | Teacher Test Acc: 75.270 | Student Test Loss: 2.593 | Student Test Acc: 37.510 | Teacher Test F1: 0.753 | Student Test F1: 0.371 | Teacher Top 5 Accuracy: 0.940 | Student Top 5 Accuracy: 0.694 | Time: 2.373 | 
Running student landscape probe...
[bandit] epoch=58 mode=exp3 decision=exp3 reward=-0.816475 arm=4 value=0.938245 count=2 next_student_lr=0.050000
[Train] Epoch: 59 | Teacher lr=0.0027 | Teacher Loss: 0.674 | Teacher Train Acc: 96.780 | Student lr=0.0500 | Student Train Acc: 65.602 | Time: 137.318 |
[Eval] Epoch: 59 | Teacher Test Loss: 0.865 | Teacher Test Acc: 75.610 | Student Test Loss: 1.301 | Student Test Acc: 63.160 | Teacher Test F1: 0.756 | Student Test F1: 0.630 | Teacher Top 5 Accuracy: 0.943 | Student Top 5 Accuracy: 0.887 | Time: 2.370 | 
Running student landscape probe...
[bandit] epoch=59 mode=exp3 decision=exp3 reward=1.000000 arm=15 value=-0.450270 count=4 next_student_lr=1.100000
[Train] Epoch: 60 | Teacher lr=0.0007 | Teacher Loss: 0.873 | Teacher Train Acc: 96.802 | Student lr=1.1000 | Student Train Acc: 56.458 | Time: 138.183 |
[Eval] Epoch: 60 | Teacher Test Loss: 0.871 | Teacher Test Acc: 75.510 | Student Test Loss: 2.869 | Student Test Acc: 32.910 | Teacher Test F1: 0.755 | Student Test F1: 0.328 | Teacher Top 5 Accuracy: 0.943 | Student Top 5 Accuracy: 0.656 | Time: 2.404 | 
Running student landscape probe...
[bandit] epoch=60 mode=exp3 decision=exp3 reward=-1.000000 arm=7 value=0.594234 count=5 next_student_lr=0.300000
ckpt location: ckpt/sota_bandit_industry/bandit_exp3_safe_seed1_60ep.pt
