/home/jovyan/.mlspace/envs/egy_llm/lib/python3.11/site-packages/torchvision/datasets/cifar.py:83: VisibleDeprecationWarning: dtype(): align should be passed as Python or NumPy boolean but got `align=0`. Did you mean to pass a tuple to create a subarray type? (Deprecated NumPy 2.4)
  entry = pickle.load(f, encoding="latin1")
depth_list: [110, 20]
Dataset information: cifar100	 50000 images for training 	 10000 images for testing	
teacher depth: 110
student depth: 20
Total number of teacher parameters: 1,169,972
Total number of student parameters: 278,132
Snapshots will be saved to: snapshots/sota_bandit_industry/bandit_ucb_seed1_60ep
==== train and evaluate unequal restart ====
[scheduler] Bandit LR active mode=ucb init_lr=0.01 eta=0.05 gamma=0.2
[Eval] Epoch: 0 | Teacher Test Loss: 12407.062 | Teacher Test Acc: 0.990 | Student Test Loss: 7.984 | Student Test Acc: 1.020 | Teacher Test F1: 0.000 | Student Test F1: 0.000 | Teacher Top 5 Accuracy: 0.050 | Student Top 5 Accuracy: 0.046 | Time: 3.054 | 
Running student landscape probe...
[Train] Epoch: 1 | Teacher lr=1.0000 | Teacher Loss: 4.015 | Teacher Train Acc: 9.846 | Student lr=0.0100 | Student Train Acc: 6.948 | Time: 138.252 |
[Eval] Epoch: 1 | Teacher Test Loss: 3.663 | Teacher Test Acc: 12.530 | Student Test Loss: 3.814 | Student Test Acc: 11.030 | Teacher Test F1: 0.097 | Student Test F1: 0.073 | Teacher Top 5 Accuracy: 0.373 | Student Top 5 Accuracy: 0.312 | Time: 2.392 | 
Running student landscape probe...
[bandit] epoch=1 mode=ucb decision=warmup_cosine reward=0.000000 arm=14 value=0.000000 count=0 next_student_lr=0.999315
[Train] Epoch: 2 | Teacher lr=0.9993 | Teacher Loss: 3.410 | Teacher Train Acc: 21.110 | Student lr=0.9993 | Student Train Acc: 18.358 | Time: 138.380 |
[Eval] Epoch: 2 | Teacher Test Loss: 3.194 | Teacher Test Acc: 21.540 | Student Test Loss: 2.981 | Student Test Acc: 24.760 | Teacher Test F1: 0.193 | Student Test F1: 0.224 | Teacher Top 5 Accuracy: 0.514 | Student Top 5 Accuracy: 0.562 | Time: 2.470 | 
Running student landscape probe...
[bandit] epoch=2 mode=ucb decision=warmup_cosine reward=0.832773 arm=14 value=0.832773 count=1 next_student_lr=0.997264
[Train] Epoch: 3 | Teacher lr=0.9973 | Teacher Loss: 2.870 | Teacher Train Acc: 31.588 | Student lr=0.9973 | Student Train Acc: 38.736 | Time: 137.445 |
[Eval] Epoch: 3 | Teacher Test Loss: 2.793 | Teacher Test Acc: 28.560 | Student Test Loss: 2.515 | Student Test Acc: 34.180 | Teacher Test F1: 0.272 | Student Test F1: 0.326 | Teacher Top 5 Accuracy: 0.633 | Student Top 5 Accuracy: 0.672 | Time: 2.427 | 
Running student landscape probe...
[bandit] epoch=3 mode=ucb decision=warmup_cosine reward=0.466112 arm=14 value=0.649442 count=2 next_student_lr=0.993850
[Train] Epoch: 4 | Teacher lr=0.9938 | Teacher Loss: 2.487 | Teacher Train Acc: 40.298 | Student lr=0.9939 | Student Train Acc: 46.676 | Time: 139.471 |
[Eval] Epoch: 4 | Teacher Test Loss: 2.893 | Teacher Test Acc: 27.600 | Student Test Loss: 2.361 | Student Test Acc: 37.490 | Teacher Test F1: 0.267 | Student Test F1: 0.376 | Teacher Top 5 Accuracy: 0.596 | Student Top 5 Accuracy: 0.715 | Time: 2.407 | 
Running student landscape probe...
[bandit] epoch=4 mode=ucb decision=warmup_cosine reward=0.154148 arm=14 value=0.484344 count=3 next_student_lr=0.989085
[Train] Epoch: 5 | Teacher lr=0.9891 | Teacher Loss: 2.290 | Teacher Train Acc: 45.332 | Student lr=0.9891 | Student Train Acc: 50.620 | Time: 138.197 |
[Eval] Epoch: 5 | Teacher Test Loss: 2.412 | Teacher Test Acc: 37.280 | Student Test Loss: 2.764 | Student Test Acc: 31.830 | Teacher Test F1: 0.359 | Student Test F1: 0.302 | Teacher Top 5 Accuracy: 0.713 | Student Top 5 Accuracy: 0.644 | Time: 2.375 | 
Running student landscape probe...
[bandit] epoch=5 mode=ucb decision=warmup_cosine reward=-0.403116 arm=14 value=0.262479 count=4 next_student_lr=0.982980
[Train] Epoch: 6 | Teacher lr=0.9830 | Teacher Loss: 2.156 | Teacher Train Acc: 48.670 | Student lr=0.9830 | Student Train Acc: 53.294 | Time: 137.988 |
[Eval] Epoch: 6 | Teacher Test Loss: 2.225 | Teacher Test Acc: 41.150 | Student Test Loss: 3.083 | Student Test Acc: 28.010 | Teacher Test F1: 0.405 | Student Test F1: 0.261 | Teacher Top 5 Accuracy: 0.746 | Student Top 5 Accuracy: 0.592 | Time: 2.381 | 
Running student landscape probe...
[bandit] epoch=6 mode=ucb decision=ucb reward=-0.318916 arm=1 value=0.000000 count=0 next_student_lr=0.001000
[Train] Epoch: 7 | Teacher lr=0.9755 | Teacher Loss: 1.987 | Teacher Train Acc: 52.710 | Student lr=0.0010 | Student Train Acc: 56.266 | Time: 137.452 |
[Eval] Epoch: 7 | Teacher Test Loss: 1.935 | Teacher Test Acc: 47.340 | Student Test Loss: 1.579 | Student Test Acc: 56.430 | Teacher Test F1: 0.458 | Student Test F1: 0.558 | Teacher Top 5 Accuracy: 0.792 | Student Top 5 Accuracy: 0.843 | Time: 2.408 | 
Running student landscape probe...
[bandit] epoch=7 mode=ucb decision=ucb reward=1.000000 arm=1 value=1.000000 count=1 next_student_lr=0.001000
[Train] Epoch: 8 | Teacher lr=0.9668 | Teacher Loss: 1.879 | Teacher Train Acc: 55.100 | Student lr=0.0010 | Student Train Acc: 59.726 | Time: 138.552 |
[Eval] Epoch: 8 | Teacher Test Loss: 1.752 | Teacher Test Acc: 52.080 | Student Test Loss: 1.530 | Student Test Acc: 57.550 | Teacher Test F1: 0.515 | Student Test F1: 0.570 | Teacher Top 5 Accuracy: 0.816 | Student Top 5 Accuracy: 0.850 | Time: 2.390 | 
Running student landscape probe...
[bandit] epoch=8 mode=ucb decision=ucb reward=0.049020 arm=1 value=0.524510 count=2 next_student_lr=0.001000
[Train] Epoch: 9 | Teacher lr=0.9568 | Teacher Loss: 1.821 | Teacher Train Acc: 56.602 | Student lr=0.0010 | Student Train Acc: 60.542 | Time: 138.334 |
[Eval] Epoch: 9 | Teacher Test Loss: 1.919 | Teacher Test Acc: 48.200 | Student Test Loss: 1.504 | Student Test Acc: 58.130 | Teacher Test F1: 0.476 | Student Test F1: 0.577 | Teacher Top 5 Accuracy: 0.790 | Student Top 5 Accuracy: 0.855 | Time: 2.386 | 
Running student landscape probe...
[bandit] epoch=9 mode=ucb decision=ucb reward=0.025598 arm=1 value=0.358206 count=3 next_student_lr=0.001000
[Train] Epoch: 10 | Teacher lr=0.9455 | Teacher Loss: 1.747 | Teacher Train Acc: 58.282 | Student lr=0.0010 | Student Train Acc: 61.018 | Time: 137.652 |
[Eval] Epoch: 10 | Teacher Test Loss: 1.946 | Teacher Test Acc: 46.650 | Student Test Loss: 1.484 | Student Test Acc: 58.530 | Teacher Test F1: 0.465 | Student Test F1: 0.581 | Teacher Top 5 Accuracy: 0.786 | Student Top 5 Accuracy: 0.858 | Time: 2.456 | 
Running student landscape probe...
[bandit] epoch=10 mode=ucb decision=ucb reward=0.020193 arm=1 value=0.273703 count=4 next_student_lr=0.001000
[Train] Epoch: 11 | Teacher lr=0.9330 | Teacher Loss: 1.709 | Teacher Train Acc: 59.436 | Student lr=0.0010 | Student Train Acc: 61.530 | Time: 137.280 |
[Eval] Epoch: 11 | Teacher Test Loss: 2.353 | Teacher Test Acc: 40.690 | Student Test Loss: 1.471 | Student Test Acc: 58.860 | Teacher Test F1: 0.408 | Student Test F1: 0.584 | Teacher Top 5 Accuracy: 0.728 | Student Top 5 Accuracy: 0.860 | Time: 2.379 | 
Running student landscape probe...
[bandit] epoch=11 mode=ucb decision=ucb reward=0.013548 arm=1 value=0.221672 count=5 next_student_lr=0.001000
[Train] Epoch: 12 | Teacher lr=0.9193 | Teacher Loss: 2.038 | Teacher Train Acc: 53.628 | Student lr=0.0010 | Student Train Acc: 62.428 | Time: 137.461 |
[Eval] Epoch: 12 | Teacher Test Loss: 1.605 | Teacher Test Acc: 55.190 | Student Test Loss: 1.462 | Student Test Acc: 59.070 | Teacher Test F1: 0.545 | Student Test F1: 0.586 | Teacher Top 5 Accuracy: 0.845 | Student Top 5 Accuracy: 0.863 | Time: 2.386 | 
Running student landscape probe...
[bandit] epoch=12 mode=ucb decision=ucb reward=0.008235 arm=2 value=0.000000 count=0 next_student_lr=0.010000
[Train] Epoch: 13 | Teacher lr=0.9045 | Teacher Loss: 1.626 | Teacher Train Acc: 61.182 | Student lr=0.0100 | Student Train Acc: 63.158 | Time: 137.897 |
[Eval] Epoch: 13 | Teacher Test Loss: 1.633 | Teacher Test Acc: 54.810 | Student Test Loss: 1.409 | Student Test Acc: 59.970 | Teacher Test F1: 0.538 | Student Test F1: 0.598 | Teacher Top 5 Accuracy: 0.843 | Student Top 5 Accuracy: 0.873 | Time: 2.454 | 
Running student landscape probe...
[bandit] epoch=13 mode=ucb decision=ucb reward=0.053303 arm=2 value=0.053303 count=1 next_student_lr=0.010000
[Train] Epoch: 14 | Teacher lr=0.8886 | Teacher Loss: 1.608 | Teacher Train Acc: 61.628 | Student lr=0.0100 | Student Train Acc: 64.658 | Time: 137.591 |
[Eval] Epoch: 14 | Teacher Test Loss: 1.762 | Teacher Test Acc: 51.180 | Student Test Loss: 1.376 | Student Test Acc: 60.710 | Teacher Test F1: 0.509 | Student Test F1: 0.604 | Teacher Top 5 Accuracy: 0.825 | Student Top 5 Accuracy: 0.876 | Time: 2.597 | 
Running student landscape probe...
[bandit] epoch=14 mode=ucb decision=ucb reward=0.032977 arm=3 value=0.000000 count=0 next_student_lr=0.025000
[Train] Epoch: 15 | Teacher lr=0.8716 | Teacher Loss: 1.575 | Teacher Train Acc: 62.450 | Student lr=0.0250 | Student Train Acc: 65.656 | Time: 137.326 |
[Eval] Epoch: 15 | Teacher Test Loss: 1.939 | Teacher Test Acc: 48.530 | Student Test Loss: 1.350 | Student Test Acc: 61.350 | Teacher Test F1: 0.479 | Student Test F1: 0.611 | Teacher Top 5 Accuracy: 0.789 | Student Top 5 Accuracy: 0.882 | Time: 2.455 | 
Running student landscape probe...
[bandit] epoch=15 mode=ucb decision=ucb reward=0.025814 arm=3 value=0.025814 count=1 next_student_lr=0.025000
[Train] Epoch: 16 | Teacher lr=0.8536 | Teacher Loss: 1.549 | Teacher Train Acc: 63.218 | Student lr=0.0250 | Student Train Acc: 66.892 | Time: 136.874 |
[Eval] Epoch: 16 | Teacher Test Loss: 1.549 | Teacher Test Acc: 56.390 | Student Test Loss: 1.339 | Student Test Acc: 61.210 | Teacher Test F1: 0.560 | Student Test F1: 0.609 | Teacher Top 5 Accuracy: 0.855 | Student Top 5 Accuracy: 0.883 | Time: 2.688 | 
Running student landscape probe...
[bandit] epoch=16 mode=ucb decision=ucb reward=0.011072 arm=4 value=0.000000 count=0 next_student_lr=0.050000
[Train] Epoch: 17 | Teacher lr=0.8346 | Teacher Loss: 1.519 | Teacher Train Acc: 64.038 | Student lr=0.0500 | Student Train Acc: 67.336 | Time: 136.464 |
[Eval] Epoch: 17 | Teacher Test Loss: 1.784 | Teacher Test Acc: 51.040 | Student Test Loss: 1.370 | Student Test Acc: 60.600 | Teacher Test F1: 0.504 | Student Test F1: 0.603 | Teacher Top 5 Accuracy: 0.821 | Student Top 5 Accuracy: 0.877 | Time: 2.770 | 
Running student landscape probe...
[bandit] epoch=17 mode=ucb decision=ucb reward=-0.031357 arm=5 value=0.000000 count=0 next_student_lr=0.100000
[Train] Epoch: 18 | Teacher lr=0.8147 | Teacher Loss: 1.509 | Teacher Train Acc: 63.928 | Student lr=0.1000 | Student Train Acc: 67.514 | Time: 137.657 |
[Eval] Epoch: 18 | Teacher Test Loss: 1.672 | Teacher Test Acc: 53.470 | Student Test Loss: 1.485 | Student Test Acc: 58.310 | Teacher Test F1: 0.532 | Student Test F1: 0.578 | Teacher Top 5 Accuracy: 0.840 | Student Top 5 Accuracy: 0.859 | Time: 2.695 | 
Running student landscape probe...
[bandit] epoch=18 mode=ucb decision=ucb reward=-0.114634 arm=6 value=0.000000 count=0 next_student_lr=0.200000
[Train] Epoch: 19 | Teacher lr=0.7939 | Teacher Loss: 1.516 | Teacher Train Acc: 64.396 | Student lr=0.2000 | Student Train Acc: 66.116 | Time: 137.595 |
[Eval] Epoch: 19 | Teacher Test Loss: 1.657 | Teacher Test Acc: 53.650 | Student Test Loss: 1.623 | Student Test Acc: 54.730 | Teacher Test F1: 0.531 | Student Test F1: 0.545 | Teacher Top 5 Accuracy: 0.843 | Student Top 5 Accuracy: 0.845 | Time: 2.699 | 
Running student landscape probe...
[bandit] epoch=19 mode=ucb decision=ucb reward=-0.137527 arm=7 value=0.000000 count=0 next_student_lr=0.300000
[Train] Epoch: 20 | Teacher lr=0.7723 | Teacher Loss: 1.506 | Teacher Train Acc: 65.498 | Student lr=0.3000 | Student Train Acc: 64.386 | Time: 137.321 |
[Eval] Epoch: 20 | Teacher Test Loss: 1.522 | Teacher Test Acc: 57.000 | Student Test Loss: 1.894 | Student Test Acc: 48.230 | Teacher Test F1: 0.569 | Student Test F1: 0.484 | Teacher Top 5 Accuracy: 0.866 | Student Top 5 Accuracy: 0.792 | Time: 2.674 | 
Running student landscape probe...
[bandit] epoch=20 mode=ucb decision=ucb reward=-0.271165 arm=8 value=0.000000 count=0 next_student_lr=0.400000
[Train] Epoch: 21 | Teacher lr=0.7500 | Teacher Loss: 1.500 | Teacher Train Acc: 66.234 | Student lr=0.4000 | Student Train Acc: 63.240 | Time: 137.888 |
[Eval] Epoch: 21 | Teacher Test Loss: 1.661 | Teacher Test Acc: 54.490 | Student Test Loss: 2.086 | Student Test Acc: 46.460 | Teacher Test F1: 0.542 | Student Test F1: 0.469 | Teacher Top 5 Accuracy: 0.836 | Student Top 5 Accuracy: 0.776 | Time: 2.479 | 
Running student landscape probe...
[bandit] epoch=21 mode=ucb decision=ucb reward=-0.192413 arm=9 value=0.000000 count=0 next_student_lr=0.500000
[Train] Epoch: 22 | Teacher lr=0.7270 | Teacher Loss: 1.502 | Teacher Train Acc: 66.308 | Student lr=0.5000 | Student Train Acc: 62.498 | Time: 137.219 |
[Eval] Epoch: 22 | Teacher Test Loss: 1.469 | Teacher Test Acc: 58.440 | Student Test Loss: 2.071 | Student Test Acc: 46.760 | Teacher Test F1: 0.582 | Student Test F1: 0.460 | Teacher Top 5 Accuracy: 0.869 | Student Top 5 Accuracy: 0.776 | Time: 2.413 | 
Running student landscape probe...
[bandit] epoch=22 mode=ucb decision=ucb reward=0.015362 arm=9 value=0.015362 count=1 next_student_lr=0.500000
[Train] Epoch: 23 | Teacher lr=0.7034 | Teacher Loss: 1.467 | Teacher Train Acc: 67.276 | Student lr=0.5000 | Student Train Acc: 63.602 | Time: 136.056 |
[Eval] Epoch: 23 | Teacher Test Loss: 1.444 | Teacher Test Acc: 58.950 | Student Test Loss: 1.842 | Student Test Acc: 51.430 | Teacher Test F1: 0.589 | Student Test F1: 0.515 | Teacher Top 5 Accuracy: 0.868 | Student Top 5 Accuracy: 0.807 | Time: 2.695 | 
Running student landscape probe...
[bandit] epoch=23 mode=ucb decision=ucb reward=0.229273 arm=9 value=0.122318 count=2 next_student_lr=0.500000
[Train] Epoch: 24 | Teacher lr=0.6792 | Teacher Loss: 1.455 | Teacher Train Acc: 67.620 | Student lr=0.5000 | Student Train Acc: 64.140 | Time: 137.797 |
[Eval] Epoch: 24 | Teacher Test Loss: 1.473 | Teacher Test Acc: 58.460 | Student Test Loss: 2.758 | Student Test Acc: 37.640 | Teacher Test F1: 0.581 | Student Test F1: 0.384 | Teacher Top 5 Accuracy: 0.864 | Student Top 5 Accuracy: 0.693 | Time: 2.710 | 
Running student landscape probe...
[bandit] epoch=24 mode=ucb decision=ucb reward=-0.916662 arm=10 value=0.000000 count=0 next_student_lr=0.600000
[Train] Epoch: 25 | Teacher lr=0.6545 | Teacher Loss: 1.443 | Teacher Train Acc: 68.360 | Student lr=0.6000 | Student Train Acc: 62.992 | Time: 135.647 |
[Eval] Epoch: 25 | Teacher Test Loss: 1.389 | Teacher Test Acc: 59.880 | Student Test Loss: 2.262 | Student Test Acc: 43.240 | Teacher Test F1: 0.596 | Student Test F1: 0.449 | Teacher Top 5 Accuracy: 0.877 | Student Top 5 Accuracy: 0.769 | Time: 2.630 | 
Running student landscape probe...
[bandit] epoch=25 mode=ucb decision=ucb reward=0.496146 arm=10 value=0.496146 count=1 next_student_lr=0.600000
[Train] Epoch: 26 | Teacher lr=0.6294 | Teacher Loss: 1.415 | Teacher Train Acc: 69.196 | Student lr=0.6000 | Student Train Acc: 63.322 | Time: 136.718 |
[Eval] Epoch: 26 | Teacher Test Loss: 1.469 | Teacher Test Acc: 58.670 | Student Test Loss: 1.821 | Student Test Acc: 50.850 | Teacher Test F1: 0.583 | Student Test F1: 0.505 | Teacher Top 5 Accuracy: 0.862 | Student Top 5 Accuracy: 0.806 | Time: 2.568 | 
Running student landscape probe...
[bandit] epoch=26 mode=ucb decision=ucb reward=0.441324 arm=10 value=0.468735 count=2 next_student_lr=0.600000
[Train] Epoch: 27 | Teacher lr=0.6040 | Teacher Loss: 1.394 | Teacher Train Acc: 69.668 | Student lr=0.6000 | Student Train Acc: 63.942 | Time: 136.226 |
[Eval] Epoch: 27 | Teacher Test Loss: 1.313 | Teacher Test Acc: 62.760 | Student Test Loss: 1.940 | Student Test Acc: 48.650 | Teacher Test F1: 0.627 | Student Test F1: 0.484 | Teacher Top 5 Accuracy: 0.888 | Student Top 5 Accuracy: 0.793 | Time: 2.461 | 
Running student landscape probe...
[bandit] epoch=27 mode=ucb decision=ucb reward=-0.119180 arm=10 value=0.272763 count=3 next_student_lr=0.600000
[Train] Epoch: 28 | Teacher lr=0.5782 | Teacher Loss: 1.376 | Teacher Train Acc: 70.460 | Student lr=0.6000 | Student Train Acc: 64.266 | Time: 136.996 |
[Eval] Epoch: 28 | Teacher Test Loss: 1.374 | Teacher Test Acc: 60.190 | Student Test Loss: 2.641 | Student Test Acc: 37.730 | Teacher Test F1: 0.601 | Student Test F1: 0.394 | Teacher Top 5 Accuracy: 0.880 | Student Top 5 Accuracy: 0.691 | Time: 2.690 | 
Running student landscape probe...
[bandit] epoch=28 mode=ucb decision=ucb reward=-0.701447 arm=11 value=0.000000 count=0 next_student_lr=0.700000
[Train] Epoch: 29 | Teacher lr=0.5523 | Teacher Loss: 1.369 | Teacher Train Acc: 71.326 | Student lr=0.7000 | Student Train Acc: 62.584 | Time: 136.658 |
[Eval] Epoch: 29 | Teacher Test Loss: 1.309 | Teacher Test Acc: 62.870 | Student Test Loss: 3.146 | Student Test Acc: 33.090 | Teacher Test F1: 0.628 | Student Test F1: 0.359 | Teacher Top 5 Accuracy: 0.889 | Student Top 5 Accuracy: 0.703 | Time: 2.490 | 
Running student landscape probe...
[bandit] epoch=29 mode=ucb decision=ucb reward=-0.504181 arm=12 value=0.000000 count=0 next_student_lr=0.800000
[Train] Epoch: 30 | Teacher lr=0.5262 | Teacher Loss: 1.356 | Teacher Train Acc: 71.930 | Student lr=0.8000 | Student Train Acc: 61.852 | Time: 137.591 |
[Eval] Epoch: 30 | Teacher Test Loss: 1.381 | Teacher Test Acc: 60.550 | Student Test Loss: 2.244 | Student Test Acc: 43.330 | Teacher Test F1: 0.607 | Student Test F1: 0.432 | Teacher Top 5 Accuracy: 0.881 | Student Top 5 Accuracy: 0.758 | Time: 2.490 | 
Running student landscape probe...
[bandit] epoch=30 mode=ucb decision=ucb reward=0.901645 arm=12 value=0.901645 count=1 next_student_lr=0.800000
[Train] Epoch: 31 | Teacher lr=0.5000 | Teacher Loss: 1.333 | Teacher Train Acc: 72.778 | Student lr=0.8000 | Student Train Acc: 61.860 | Time: 137.822 |
[Eval] Epoch: 31 | Teacher Test Loss: 1.450 | Teacher Test Acc: 59.000 | Student Test Loss: 2.144 | Student Test Acc: 43.330 | Teacher Test F1: 0.592 | Student Test F1: 0.440 | Teacher Top 5 Accuracy: 0.867 | Student Top 5 Accuracy: 0.765 | Time: 2.459 | 
Running student landscape probe...
[bandit] epoch=31 mode=ucb decision=ucb reward=0.099767 arm=12 value=0.500706 count=2 next_student_lr=0.800000
[Train] Epoch: 32 | Teacher lr=0.4738 | Teacher Loss: 1.315 | Teacher Train Acc: 73.132 | Student lr=0.8000 | Student Train Acc: 62.306 | Time: 138.574 |
[Eval] Epoch: 32 | Teacher Test Loss: 1.286 | Teacher Test Acc: 62.670 | Student Test Loss: 2.099 | Student Test Acc: 45.030 | Teacher Test F1: 0.628 | Student Test F1: 0.449 | Teacher Top 5 Accuracy: 0.893 | Student Top 5 Accuracy: 0.763 | Time: 2.461 | 
Running student landscape probe...
[bandit] epoch=32 mode=ucb decision=ucb reward=0.045020 arm=12 value=0.348811 count=3 next_student_lr=0.800000
[Train] Epoch: 33 | Teacher lr=0.4477 | Teacher Loss: 1.293 | Teacher Train Acc: 73.708 | Student lr=0.8000 | Student Train Acc: 62.462 | Time: 138.168 |
[Eval] Epoch: 33 | Teacher Test Loss: 1.290 | Teacher Test Acc: 62.340 | Student Test Loss: 2.028 | Student Test Acc: 45.560 | Teacher Test F1: 0.626 | Student Test F1: 0.459 | Teacher Top 5 Accuracy: 0.894 | Student Top 5 Accuracy: 0.772 | Time: 2.341 | 
Running student landscape probe...
[bandit] epoch=33 mode=ucb decision=ucb reward=0.071280 arm=12 value=0.279428 count=4 next_student_lr=0.800000
[Train] Epoch: 34 | Teacher lr=0.4218 | Teacher Loss: 1.269 | Teacher Train Acc: 74.728 | Student lr=0.8000 | Student Train Acc: 62.406 | Time: 138.097 |
[Eval] Epoch: 34 | Teacher Test Loss: 1.261 | Teacher Test Acc: 63.980 | Student Test Loss: 2.339 | Student Test Acc: 43.300 | Teacher Test F1: 0.638 | Student Test F1: 0.420 | Teacher Top 5 Accuracy: 0.897 | Student Top 5 Accuracy: 0.737 | Time: 2.423 | 
Running student landscape probe...
[bandit] epoch=34 mode=ucb decision=ucb reward=-0.311480 arm=13 value=0.000000 count=0 next_student_lr=0.900000
[Train] Epoch: 35 | Teacher lr=0.3960 | Teacher Loss: 1.259 | Teacher Train Acc: 75.702 | Student lr=0.9000 | Student Train Acc: 61.508 | Time: 138.046 |
[Eval] Epoch: 35 | Teacher Test Loss: 1.286 | Teacher Test Acc: 63.400 | Student Test Loss: 2.399 | Student Test Acc: 41.130 | Teacher Test F1: 0.634 | Student Test F1: 0.419 | Teacher Top 5 Accuracy: 0.894 | Student Top 5 Accuracy: 0.746 | Time: 2.482 | 
Running student landscape probe...
[bandit] epoch=35 mode=ucb decision=ucb reward=-0.059798 arm=15 value=0.000000 count=0 next_student_lr=1.100000
[Train] Epoch: 36 | Teacher lr=0.3706 | Teacher Loss: 1.269 | Teacher Train Acc: 76.514 | Student lr=1.1000 | Student Train Acc: 59.294 | Time: 138.098 |
[Eval] Epoch: 36 | Teacher Test Loss: 1.160 | Teacher Test Acc: 66.800 | Student Test Loss: 2.356 | Student Test Acc: 40.930 | Teacher Test F1: 0.667 | Student Test F1: 0.399 | Teacher Top 5 Accuracy: 0.908 | Student Top 5 Accuracy: 0.725 | Time: 2.434 | 
Running student landscape probe...
[bandit] epoch=36 mode=ucb decision=ucb reward=0.043559 arm=15 value=0.043559 count=1 next_student_lr=1.100000
[Train] Epoch: 37 | Teacher lr=0.3455 | Teacher Loss: 1.237 | Teacher Train Acc: 77.514 | Student lr=1.1000 | Student Train Acc: 59.676 | Time: 138.074 |
[Eval] Epoch: 37 | Teacher Test Loss: 1.167 | Teacher Test Acc: 66.680 | Student Test Loss: 2.292 | Student Test Acc: 41.300 | Teacher Test F1: 0.666 | Student Test F1: 0.415 | Teacher Top 5 Accuracy: 0.909 | Student Top 5 Accuracy: 0.739 | Time: 2.482 | 
Running student landscape probe...
[bandit] epoch=37 mode=ucb decision=ucb reward=0.063619 arm=16 value=0.000000 count=0 next_student_lr=1.200000
[Train] Epoch: 38 | Teacher lr=0.3208 | Teacher Loss: 1.228 | Teacher Train Acc: 78.440 | Student lr=1.2000 | Student Train Acc: 58.640 | Time: 137.426 |
[Eval] Epoch: 38 | Teacher Test Loss: 1.176 | Teacher Test Acc: 66.690 | Student Test Loss: 2.349 | Student Test Acc: 42.720 | Teacher Test F1: 0.667 | Student Test F1: 0.418 | Teacher Top 5 Accuracy: 0.909 | Student Top 5 Accuracy: 0.747 | Time: 2.725 | 
Running student landscape probe...
[bandit] epoch=38 mode=ucb decision=ucb reward=-0.057242 arm=17 value=0.000000 count=0 next_student_lr=1.300000
[Train] Epoch: 39 | Teacher lr=0.2966 | Teacher Loss: 1.253 | Teacher Train Acc: 79.010 | Student lr=1.3000 | Student Train Acc: 56.906 | Time: 136.914 |
[Eval] Epoch: 39 | Teacher Test Loss: 1.102 | Teacher Test Acc: 68.300 | Student Test Loss: 3.039 | Student Test Acc: 32.000 | Teacher Test F1: 0.682 | Student Test F1: 0.304 | Teacher Top 5 Accuracy: 0.916 | Student Top 5 Accuracy: 0.629 | Time: 2.714 | 
Running student landscape probe...
[bandit] epoch=39 mode=ucb decision=ucb reward=-0.689873 arm=18 value=0.000000 count=0 next_student_lr=1.400000
[Train] Epoch: 40 | Teacher lr=0.2730 | Teacher Loss: 1.212 | Teacher Train Acc: 80.154 | Student lr=1.4000 | Student Train Acc: 57.102 | Time: 135.455 |
[Eval] Epoch: 40 | Teacher Test Loss: 1.095 | Teacher Test Acc: 68.960 | Student Test Loss: 2.978 | Student Test Acc: 31.430 | Teacher Test F1: 0.690 | Student Test F1: 0.335 | Teacher Top 5 Accuracy: 0.919 | Student Top 5 Accuracy: 0.655 | Time: 2.688 | 
Running student landscape probe...
[bandit] epoch=40 mode=ucb decision=ucb reward=0.060813 arm=18 value=0.060813 count=1 next_student_lr=1.400000
[Train] Epoch: 41 | Teacher lr=0.2500 | Teacher Loss: 1.178 | Teacher Train Acc: 81.280 | Student lr=1.4000 | Student Train Acc: 57.548 | Time: 136.425 |
[Eval] Epoch: 41 | Teacher Test Loss: 1.089 | Teacher Test Acc: 68.830 | Student Test Loss: 2.604 | Student Test Acc: 36.650 | Teacher Test F1: 0.690 | Student Test F1: 0.357 | Teacher Top 5 Accuracy: 0.921 | Student Top 5 Accuracy: 0.701 | Time: 2.717 | 
Running student landscape probe...
[bandit] epoch=41 mode=ucb decision=ucb reward=0.374156 arm=18 value=0.217484 count=2 next_student_lr=1.400000
[Train] Epoch: 42 | Teacher lr=0.2277 | Teacher Loss: 1.156 | Teacher Train Acc: 82.302 | Student lr=1.4000 | Student Train Acc: 57.288 | Time: 138.257 |
[Eval] Epoch: 42 | Teacher Test Loss: 1.057 | Teacher Test Acc: 69.930 | Student Test Loss: 2.554 | Student Test Acc: 38.460 | Teacher Test F1: 0.698 | Student Test F1: 0.388 | Teacher Top 5 Accuracy: 0.923 | Student Top 5 Accuracy: 0.708 | Time: 2.691 | 
Running student landscape probe...
[bandit] epoch=42 mode=ucb decision=ucb reward=0.049831 arm=19 value=0.000000 count=0 next_student_lr=1.500000
[Train] Epoch: 43 | Teacher lr=0.2061 | Teacher Loss: 1.142 | Teacher Train Acc: 83.420 | Student lr=1.5000 | Student Train Acc: 56.642 | Time: 137.112 |
[Eval] Epoch: 43 | Teacher Test Loss: 1.037 | Teacher Test Acc: 70.490 | Student Test Loss: 3.352 | Student Test Acc: 31.120 | Teacher Test F1: 0.704 | Student Test F1: 0.302 | Teacher Top 5 Accuracy: 0.925 | Student Top 5 Accuracy: 0.604 | Time: 2.703 | 
Running student landscape probe...
[bandit] epoch=43 mode=ucb decision=ucb reward=-0.798024 arm=18 value=0.161600 count=3 next_student_lr=1.400000
[Train] Epoch: 44 | Teacher lr=0.1853 | Teacher Loss: 1.103 | Teacher Train Acc: 84.446 | Student lr=1.4000 | Student Train Acc: 57.364 | Time: 137.345 |
[Eval] Epoch: 44 | Teacher Test Loss: 1.044 | Teacher Test Acc: 70.450 | Student Test Loss: 3.123 | Student Test Acc: 31.770 | Teacher Test F1: 0.706 | Student Test F1: 0.298 | Teacher Top 5 Accuracy: 0.924 | Student Top 5 Accuracy: 0.611 | Time: 2.706 | 
Running student landscape probe...
[bandit] epoch=44 mode=ucb decision=ucb reward=0.229365 arm=18 value=0.178541 count=4 next_student_lr=1.400000
[Train] Epoch: 45 | Teacher lr=0.1654 | Teacher Loss: 1.080 | Teacher Train Acc: 85.522 | Student lr=1.4000 | Student Train Acc: 57.518 | Time: 137.059 |
[Eval] Epoch: 45 | Teacher Test Loss: 1.012 | Teacher Test Acc: 71.610 | Student Test Loss: 2.455 | Student Test Acc: 37.660 | Teacher Test F1: 0.715 | Student Test F1: 0.377 | Teacher Top 5 Accuracy: 0.928 | Student Top 5 Accuracy: 0.712 | Time: 2.739 | 
Running student landscape probe...
[bandit] epoch=45 mode=ucb decision=ucb reward=0.668117 arm=18 value=0.276457 count=5 next_student_lr=1.400000
[Train] Epoch: 46 | Teacher lr=0.1464 | Teacher Loss: 1.049 | Teacher Train Acc: 86.938 | Student lr=1.4000 | Student Train Acc: 57.502 | Time: 137.128 |
[Eval] Epoch: 46 | Teacher Test Loss: 1.002 | Teacher Test Acc: 71.780 | Student Test Loss: 3.490 | Student Test Acc: 27.470 | Teacher Test F1: 0.719 | Student Test F1: 0.276 | Teacher Top 5 Accuracy: 0.929 | Student Top 5 Accuracy: 0.581 | Time: 2.672 | 
Running student landscape probe...
[bandit] epoch=46 mode=ucb decision=ucb reward=-1.000000 arm=4 value=-0.031357 count=1 next_student_lr=0.050000
[Train] Epoch: 47 | Teacher lr=0.1284 | Teacher Loss: 0.787 | Teacher Train Acc: 88.106 | Student lr=0.0500 | Student Train Acc: 68.344 | Time: 136.789 |
[Eval] Epoch: 47 | Teacher Test Loss: 0.937 | Teacher Test Acc: 73.010 | Student Test Loss: 1.221 | Student Test Acc: 64.740 | Teacher Test F1: 0.731 | Student Test F1: 0.646 | Teacher Top 5 Accuracy: 0.935 | Student Top 5 Accuracy: 0.900 | Time: 2.711 | 
Running student landscape probe...
[bandit] epoch=47 mode=ucb decision=ucb reward=1.000000 arm=4 value=0.484321 count=2 next_student_lr=0.050000
[Train] Epoch: 48 | Teacher lr=0.1114 | Teacher Loss: 0.710 | Teacher Train Acc: 89.412 | Student lr=0.0500 | Student Train Acc: 71.730 | Time: 137.903 |
[Eval] Epoch: 48 | Teacher Test Loss: 0.931 | Teacher Test Acc: 72.800 | Student Test Loss: 1.187 | Student Test Acc: 66.020 | Teacher Test F1: 0.728 | Student Test F1: 0.659 | Teacher Top 5 Accuracy: 0.938 | Student Top 5 Accuracy: 0.905 | Time: 2.704 | 
Running student landscape probe...
[bandit] epoch=48 mode=ucb decision=ucb reward=0.034506 arm=4 value=0.334383 count=3 next_student_lr=0.050000
[Train] Epoch: 49 | Teacher lr=0.0955 | Teacher Loss: 0.667 | Teacher Train Acc: 90.592 | Student lr=0.0500 | Student Train Acc: 73.488 | Time: 137.969 |
[Eval] Epoch: 49 | Teacher Test Loss: 0.927 | Teacher Test Acc: 73.130 | Student Test Loss: 1.183 | Student Test Acc: 65.710 | Teacher Test F1: 0.732 | Student Test F1: 0.657 | Teacher Top 5 Accuracy: 0.935 | Student Top 5 Accuracy: 0.907 | Time: 2.703 | 
Running student landscape probe...
[bandit] epoch=49 mode=ucb decision=ucb reward=0.003500 arm=4 value=0.251662 count=4 next_student_lr=0.050000
[Train] Epoch: 50 | Teacher lr=0.0807 | Teacher Loss: 0.630 | Teacher Train Acc: 91.748 | Student lr=0.0500 | Student Train Acc: 74.612 | Time: 136.883 |
[Eval] Epoch: 50 | Teacher Test Loss: 0.900 | Teacher Test Acc: 73.790 | Student Test Loss: 1.179 | Student Test Acc: 66.120 | Teacher Test F1: 0.737 | Student Test F1: 0.660 | Teacher Top 5 Accuracy: 0.939 | Student Top 5 Accuracy: 0.906 | Time: 2.685 | 
Running student landscape probe...
[bandit] epoch=50 mode=ucb decision=ucb reward=0.004534 arm=4 value=0.202237 count=5 next_student_lr=0.050000
[Train] Epoch: 51 | Teacher lr=0.0670 | Teacher Loss: 0.599 | Teacher Train Acc: 92.808 | Student lr=0.0500 | Student Train Acc: 75.368 | Time: 136.646 |
[Eval] Epoch: 51 | Teacher Test Loss: 0.882 | Teacher Test Acc: 74.280 | Student Test Loss: 1.173 | Student Test Acc: 66.460 | Teacher Test F1: 0.743 | Student Test F1: 0.664 | Teacher Top 5 Accuracy: 0.941 | Student Top 5 Accuracy: 0.908 | Time: 2.693 | 
Running student landscape probe...
[bandit] epoch=51 mode=ucb decision=ucb reward=0.005970 arm=1 value=0.186099 count=6 next_student_lr=0.001000
[Train] Epoch: 52 | Teacher lr=0.0545 | Teacher Loss: 0.558 | Teacher Train Acc: 94.208 | Student lr=0.0010 | Student Train Acc: 77.110 | Time: 137.605 |
[Eval] Epoch: 52 | Teacher Test Loss: 0.860 | Teacher Test Acc: 74.680 | Student Test Loss: 1.132 | Student Test Acc: 67.660 | Teacher Test F1: 0.747 | Student Test F1: 0.675 | Teacher Top 5 Accuracy: 0.942 | Student Top 5 Accuracy: 0.914 | Time: 2.711 | 
Running student landscape probe...
[bandit] epoch=52 mode=ucb decision=ucb reward=0.040372 arm=16 value=-0.057242 count=1 next_student_lr=1.200000
[Train] Epoch: 53 | Teacher lr=0.0432 | Teacher Loss: 1.059 | Teacher Train Acc: 93.292 | Student lr=1.2000 | Student Train Acc: 52.946 | Time: 136.374 |
[Eval] Epoch: 53 | Teacher Test Loss: 0.908 | Teacher Test Acc: 74.400 | Student Test Loss: 2.198 | Student Test Acc: 42.520 | Teacher Test F1: 0.744 | Student Test F1: 0.424 | Teacher Top 5 Accuracy: 0.940 | Student Top 5 Accuracy: 0.747 | Time: 2.701 | 
Running student landscape probe...
[bandit] epoch=53 mode=ucb decision=ucb reward=-1.000000 arm=12 value=0.161246 count=5 next_student_lr=0.800000
[Train] Epoch: 54 | Teacher lr=0.0332 | Teacher Loss: 0.808 | Teacher Train Acc: 95.196 | Student lr=0.8000 | Student Train Acc: 61.562 | Time: 135.785 |
[Eval] Epoch: 54 | Teacher Test Loss: 0.885 | Teacher Test Acc: 75.120 | Student Test Loss: 2.072 | Student Test Acc: 46.710 | Teacher Test F1: 0.751 | Student Test F1: 0.462 | Teacher Top 5 Accuracy: 0.939 | Student Top 5 Accuracy: 0.774 | Time: 2.622 | 
Running student landscape probe...
[bandit] epoch=54 mode=ucb decision=ucb reward=0.126567 arm=13 value=-0.059798 count=1 next_student_lr=0.900000
[Train] Epoch: 55 | Teacher lr=0.0245 | Teacher Loss: 0.819 | Teacher Train Acc: 95.860 | Student lr=0.9000 | Student Train Acc: 60.518 | Time: 137.942 |
[Eval] Epoch: 55 | Teacher Test Loss: 0.881 | Teacher Test Acc: 75.110 | Student Test Loss: 2.422 | Student Test Acc: 41.580 | Teacher Test F1: 0.751 | Student Test F1: 0.414 | Teacher Top 5 Accuracy: 0.942 | Student Top 5 Accuracy: 0.738 | Time: 2.578 | 
Running student landscape probe...
[bandit] epoch=55 mode=ucb decision=ucb reward=-0.349971 arm=15 value=0.053589 count=2 next_student_lr=1.100000
[Train] Epoch: 56 | Teacher lr=0.0170 | Teacher Loss: 0.839 | Teacher Train Acc: 96.340 | Student lr=1.1000 | Student Train Acc: 58.802 | Time: 137.228 |
[Eval] Epoch: 56 | Teacher Test Loss: 0.887 | Teacher Test Acc: 75.340 | Student Test Loss: 2.224 | Student Test Acc: 43.400 | Teacher Test F1: 0.753 | Student Test F1: 0.425 | Teacher Top 5 Accuracy: 0.940 | Student Top 5 Accuracy: 0.757 | Time: 2.616 | 
Running student landscape probe...
[bandit] epoch=56 mode=ucb decision=ucb reward=0.198361 arm=15 value=0.101846 count=3 next_student_lr=1.100000
[Train] Epoch: 57 | Teacher lr=0.0109 | Teacher Loss: 0.824 | Teacher Train Acc: 96.628 | Student lr=1.1000 | Student Train Acc: 59.002 | Time: 137.809 |
[Eval] Epoch: 57 | Teacher Test Loss: 0.885 | Teacher Test Acc: 75.260 | Student Test Loss: 2.916 | Student Test Acc: 33.450 | Teacher Test F1: 0.753 | Student Test F1: 0.327 | Teacher Top 5 Accuracy: 0.942 | Student Top 5 Accuracy: 0.652 | Time: 2.598 | 
Running student landscape probe...
[bandit] epoch=57 mode=ucb decision=ucb reward=-0.692090 arm=4 value=0.169525 count=6 next_student_lr=0.050000
[Train] Epoch: 58 | Teacher lr=0.0062 | Teacher Loss: 0.614 | Teacher Train Acc: 96.838 | Student lr=0.0500 | Student Train Acc: 69.364 | Time: 137.587 |
[Eval] Epoch: 58 | Teacher Test Loss: 0.855 | Teacher Test Acc: 75.570 | Student Test Loss: 1.200 | Student Test Acc: 65.350 | Teacher Test F1: 0.756 | Student Test F1: 0.653 | Teacher Top 5 Accuracy: 0.943 | Student Top 5 Accuracy: 0.899 | Time: 2.618 | 
Running student landscape probe...
[bandit] epoch=58 mode=ucb decision=ucb reward=1.000000 arm=4 value=0.288165 count=7 next_student_lr=0.050000
[Train] Epoch: 59 | Teacher lr=0.0027 | Teacher Loss: 0.559 | Teacher Train Acc: 96.932 | Student lr=0.0500 | Student Train Acc: 72.734 | Time: 137.981 |
[Eval] Epoch: 59 | Teacher Test Loss: 0.849 | Teacher Test Acc: 75.570 | Student Test Loss: 1.177 | Student Test Acc: 65.980 | Teacher Test F1: 0.756 | Student Test F1: 0.659 | Teacher Top 5 Accuracy: 0.943 | Student Top 5 Accuracy: 0.903 | Time: 2.658 | 
Running student landscape probe...
[bandit] epoch=59 mode=ucb decision=ucb reward=0.022707 arm=4 value=0.254983 count=8 next_student_lr=0.050000
[Train] Epoch: 60 | Teacher lr=0.0007 | Teacher Loss: 0.543 | Teacher Train Acc: 96.872 | Student lr=0.0500 | Student Train Acc: 74.330 | Time: 137.424 |
[Eval] Epoch: 60 | Teacher Test Loss: 0.847 | Teacher Test Acc: 75.730 | Student Test Loss: 1.165 | Student Test Acc: 66.580 | Teacher Test F1: 0.757 | Student Test F1: 0.664 | Teacher Top 5 Accuracy: 0.943 | Student Top 5 Accuracy: 0.905 | Time: 2.656 | 
Running student landscape probe...
[bandit] epoch=60 mode=ucb decision=ucb reward=0.012895 arm=4 value=0.228084 count=9 next_student_lr=0.050000
ckpt location: ckpt/sota_bandit_industry/bandit_ucb_seed1_60ep.pt
