/home/jovyan/.mlspace/envs/egy_llm/lib/python3.11/site-packages/torchvision/datasets/cifar.py:83: VisibleDeprecationWarning: dtype(): align should be passed as Python or NumPy boolean but got `align=0`. Did you mean to pass a tuple to create a subarray type? (Deprecated NumPy 2.4)
  entry = pickle.load(f, encoding="latin1")
depth_list: [110, 20]
Dataset information: cifar100	 50000 images for training 	 10000 images for testing	
teacher depth: 110
student depth: 20
Total number of teacher parameters: 1,169,972
Total number of student parameters: 278,132
Snapshots will be saved to: snapshots/sota_bandit_industry/bandit_exp3_safe_seed3_60ep
==== train and evaluate unequal restart ====
[scheduler] Bandit LR active mode=exp3 init_lr=0.01 eta=0.05 gamma=0.1
[Eval] Epoch: 0 | Teacher Test Loss: 9743.739 | Teacher Test Acc: 1.130 | Student Test Loss: 5.207 | Student Test Acc: 1.000 | Teacher Test F1: 0.001 | Student Test F1: 0.000 | Teacher Top 5 Accuracy: 0.048 | Student Top 5 Accuracy: 0.047 | Time: 2.964 | 
Running student landscape probe...
[Train] Epoch: 1 | Teacher lr=1.0000 | Teacher Loss: 4.176 | Teacher Train Acc: 7.346 | Student lr=0.0100 | Student Train Acc: 6.862 | Time: 138.962 |
[Eval] Epoch: 1 | Teacher Test Loss: 3.731 | Teacher Test Acc: 11.680 | Student Test Loss: 3.857 | Student Test Acc: 10.250 | Teacher Test F1: 0.075 | Student Test F1: 0.067 | Teacher Top 5 Accuracy: 0.350 | Student Top 5 Accuracy: 0.310 | Time: 2.432 | 
Running student landscape probe...
[bandit] epoch=1 mode=exp3 decision=warmup_cosine reward=0.000000 arm=14 value=0.000000 count=0 next_student_lr=0.999315
[Train] Epoch: 2 | Teacher lr=0.9993 | Teacher Loss: 3.556 | Teacher Train Acc: 18.006 | Student lr=0.9993 | Student Train Acc: 17.558 | Time: 138.784 |
[Eval] Epoch: 2 | Teacher Test Loss: 3.539 | Teacher Test Acc: 16.550 | Student Test Loss: 3.766 | Student Test Acc: 16.700 | Teacher Test F1: 0.140 | Student Test F1: 0.158 | Teacher Top 5 Accuracy: 0.453 | Student Top 5 Accuracy: 0.444 | Time: 2.621 | 
Running student landscape probe...
[bandit] epoch=2 mode=exp3 decision=warmup_cosine reward=0.090308 arm=14 value=0.090308 count=1 next_student_lr=0.997264
[Train] Epoch: 3 | Teacher lr=0.9973 | Teacher Loss: 3.012 | Teacher Train Acc: 28.914 | Student lr=0.9973 | Student Train Acc: 38.572 | Time: 136.384 |
[Eval] Epoch: 3 | Teacher Test Loss: 2.817 | Teacher Test Acc: 29.350 | Student Test Loss: 2.982 | Student Test Acc: 26.810 | Teacher Test F1: 0.276 | Student Test F1: 0.249 | Teacher Top 5 Accuracy: 0.620 | Student Top 5 Accuracy: 0.590 | Time: 2.430 | 
Running student landscape probe...
[bandit] epoch=3 mode=exp3 decision=warmup_cosine reward=0.784951 arm=14 value=0.437629 count=2 next_student_lr=0.993850
[Train] Epoch: 4 | Teacher lr=0.9938 | Teacher Loss: 2.611 | Teacher Train Acc: 37.726 | Student lr=0.9939 | Student Train Acc: 46.154 | Time: 137.846 |
[Eval] Epoch: 4 | Teacher Test Loss: 2.547 | Teacher Test Acc: 34.530 | Student Test Loss: 2.679 | Student Test Acc: 31.330 | Teacher Test F1: 0.332 | Student Test F1: 0.305 | Teacher Top 5 Accuracy: 0.668 | Student Top 5 Accuracy: 0.647 | Time: 2.353 | 
Running student landscape probe...
[bandit] epoch=4 mode=exp3 decision=warmup_cosine reward=0.302590 arm=14 value=0.392616 count=3 next_student_lr=0.989085
[Train] Epoch: 5 | Teacher lr=0.9891 | Teacher Loss: 2.376 | Teacher Train Acc: 42.986 | Student lr=0.9891 | Student Train Acc: 50.132 | Time: 137.772 |
[Eval] Epoch: 5 | Teacher Test Loss: 2.346 | Teacher Test Acc: 38.540 | Student Test Loss: 3.518 | Student Test Acc: 21.900 | Teacher Test F1: 0.377 | Student Test F1: 0.212 | Teacher Top 5 Accuracy: 0.714 | Student Top 5 Accuracy: 0.513 | Time: 2.368 | 
Running student landscape probe...
[bandit] epoch=5 mode=exp3 decision=warmup_cosine reward=-0.839042 arm=14 value=0.084701 count=4 next_student_lr=0.982980
[Train] Epoch: 6 | Teacher lr=0.9830 | Teacher Loss: 2.229 | Teacher Train Acc: 46.890 | Student lr=0.9830 | Student Train Acc: 52.498 | Time: 138.153 |
[Eval] Epoch: 6 | Teacher Test Loss: 2.200 | Teacher Test Acc: 41.390 | Student Test Loss: 10.139 | Student Test Acc: 3.480 | Teacher Test F1: 0.412 | Student Test F1: 0.024 | Teacher Top 5 Accuracy: 0.737 | Student Top 5 Accuracy: 0.128 | Time: 2.233 | 
Running student landscape probe...
[bandit] epoch=6 mode=exp3 decision=exp3 reward=-1.000000 arm=3 value=0.000000 count=0 next_student_lr=0.025000
[Train] Epoch: 7 | Teacher lr=0.9755 | Teacher Loss: 2.082 | Teacher Train Acc: 50.152 | Student lr=0.0250 | Student Train Acc: 59.948 | Time: 138.470 |
[Eval] Epoch: 7 | Teacher Test Loss: 2.452 | Teacher Test Acc: 38.010 | Student Test Loss: 1.465 | Student Test Acc: 58.570 | Teacher Test F1: 0.374 | Student Test F1: 0.582 | Teacher Top 5 Accuracy: 0.719 | Student Top 5 Accuracy: 0.867 | Time: 2.412 | 
Running student landscape probe...
[bandit] epoch=7 mode=exp3 decision=exp3 reward=1.000000 arm=10 value=0.000000 count=0 next_student_lr=0.600000
[Train] Epoch: 8 | Teacher lr=0.9668 | Teacher Loss: 2.054 | Teacher Train Acc: 50.932 | Student lr=0.6000 | Student Train Acc: 57.792 | Time: 136.423 |
[Eval] Epoch: 8 | Teacher Test Loss: 2.025 | Teacher Test Acc: 44.560 | Student Test Loss: 2.373 | Student Test Acc: 39.700 | Teacher Test F1: 0.442 | Student Test F1: 0.393 | Teacher Top 5 Accuracy: 0.778 | Student Top 5 Accuracy: 0.719 | Time: 2.217 | 
Running student landscape probe...
[bandit] epoch=8 mode=exp3 decision=exp3 reward=-0.908475 arm=1 value=0.000000 count=0 next_student_lr=0.001000
[Train] Epoch: 9 | Teacher lr=0.9568 | Teacher Loss: 2.472 | Teacher Train Acc: 46.768 | Student lr=0.0010 | Student Train Acc: 61.460 | Time: 136.497 |
[Eval] Epoch: 9 | Teacher Test Loss: 1.894 | Teacher Test Acc: 48.130 | Student Test Loss: 1.461 | Student Test Acc: 59.000 | Teacher Test F1: 0.464 | Student Test F1: 0.586 | Teacher Top 5 Accuracy: 0.799 | Student Top 5 Accuracy: 0.865 | Time: 2.216 | 
Running student landscape probe...
[bandit] epoch=9 mode=exp3 decision=exp3 reward=0.911784 arm=14 value=-0.132239 count=5 next_student_lr=1.000000
[Train] Epoch: 10 | Teacher lr=0.9455 | Teacher Loss: 1.943 | Teacher Train Acc: 54.576 | Student lr=1.0000 | Student Train Acc: 54.712 | Time: 138.327 |
[Eval] Epoch: 10 | Teacher Test Loss: 1.988 | Teacher Test Acc: 45.840 | Student Test Loss: 2.187 | Student Test Acc: 42.400 | Teacher Test F1: 0.453 | Student Test F1: 0.422 | Teacher Top 5 Accuracy: 0.787 | Student Top 5 Accuracy: 0.751 | Time: 2.247 | 
Running student landscape probe...
[bandit] epoch=10 mode=exp3 decision=exp3 reward=-0.725966 arm=16 value=0.000000 count=0 next_student_lr=1.200000
[Train] Epoch: 11 | Teacher lr=0.9330 | Teacher Loss: 1.879 | Teacher Train Acc: 56.634 | Student lr=1.2000 | Student Train Acc: 54.654 | Time: 137.161 |
[Eval] Epoch: 11 | Teacher Test Loss: 1.758 | Teacher Test Acc: 51.390 | Student Test Loss: 4.382 | Student Test Acc: 18.550 | Teacher Test F1: 0.509 | Student Test F1: 0.161 | Teacher Top 5 Accuracy: 0.824 | Student Top 5 Accuracy: 0.450 | Time: 2.213 | 
Running student landscape probe...
[bandit] epoch=11 mode=exp3 decision=exp3 reward=-1.000000 arm=7 value=0.000000 count=0 next_student_lr=0.300000
[Train] Epoch: 12 | Teacher lr=0.9193 | Teacher Loss: 1.775 | Teacher Train Acc: 56.992 | Student lr=0.3000 | Student Train Acc: 63.722 | Time: 137.868 |
[Eval] Epoch: 12 | Teacher Test Loss: 1.748 | Teacher Test Acc: 52.580 | Student Test Loss: 1.979 | Student Test Acc: 47.990 | Teacher Test F1: 0.517 | Student Test F1: 0.481 | Teacher Top 5 Accuracy: 0.825 | Student Top 5 Accuracy: 0.782 | Time: 2.465 | 
Running student landscape probe...
[bandit] epoch=12 mode=exp3 decision=exp3 reward=1.000000 arm=5 value=0.000000 count=0 next_student_lr=0.100000
[Train] Epoch: 13 | Teacher lr=0.9045 | Teacher Loss: 1.716 | Teacher Train Acc: 58.532 | Student lr=0.1000 | Student Train Acc: 68.792 | Time: 135.760 |
[Eval] Epoch: 13 | Teacher Test Loss: 2.097 | Teacher Test Acc: 46.040 | Student Test Loss: 1.351 | Student Test Acc: 61.050 | Teacher Test F1: 0.453 | Student Test F1: 0.608 | Teacher Top 5 Accuracy: 0.772 | Student Top 5 Accuracy: 0.878 | Time: 2.419 | 
Running student landscape probe...
[bandit] epoch=13 mode=exp3 decision=exp3 reward=0.627336 arm=13 value=0.000000 count=0 next_student_lr=0.900000
[Train] Epoch: 14 | Teacher lr=0.8886 | Teacher Loss: 1.779 | Teacher Train Acc: 60.064 | Student lr=0.9000 | Student Train Acc: 55.534 | Time: 135.356 |
[Eval] Epoch: 14 | Teacher Test Loss: 1.688 | Teacher Test Acc: 53.260 | Student Test Loss: 1.930 | Student Test Acc: 47.930 | Teacher Test F1: 0.526 | Student Test F1: 0.476 | Teacher Top 5 Accuracy: 0.842 | Student Top 5 Accuracy: 0.793 | Time: 2.301 | 
Running student landscape probe...
[bandit] epoch=14 mode=exp3 decision=exp3 reward=-0.578789 arm=16 value=-1.000000 count=1 next_student_lr=1.200000
[Train] Epoch: 15 | Teacher lr=0.8716 | Teacher Loss: 1.736 | Teacher Train Acc: 60.712 | Student lr=1.2000 | Student Train Acc: 55.838 | Time: 137.729 |
[Eval] Epoch: 15 | Teacher Test Loss: 1.762 | Teacher Test Acc: 52.180 | Student Test Loss: 2.489 | Student Test Acc: 37.680 | Teacher Test F1: 0.522 | Student Test F1: 0.378 | Teacher Top 5 Accuracy: 0.825 | Student Top 5 Accuracy: 0.700 | Time: 2.220 | 
Running student landscape probe...
[bandit] epoch=15 mode=exp3 decision=exp3 reward=-0.558507 arm=17 value=0.000000 count=0 next_student_lr=1.300000
[Train] Epoch: 16 | Teacher lr=0.8536 | Teacher Loss: 1.729 | Teacher Train Acc: 61.262 | Student lr=1.3000 | Student Train Acc: 55.582 | Time: 137.167 |
[Eval] Epoch: 16 | Teacher Test Loss: 1.679 | Teacher Test Acc: 54.010 | Student Test Loss: 2.373 | Student Test Acc: 38.530 | Teacher Test F1: 0.531 | Student Test F1: 0.379 | Teacher Top 5 Accuracy: 0.832 | Student Top 5 Accuracy: 0.724 | Time: 2.322 | 
Running student landscape probe...
[bandit] epoch=16 mode=exp3 decision=exp3 reward=0.115835 arm=17 value=0.115835 count=1 next_student_lr=1.300000
[Train] Epoch: 17 | Teacher lr=0.8346 | Teacher Loss: 1.708 | Teacher Train Acc: 61.712 | Student lr=1.3000 | Student Train Acc: 56.458 | Time: 138.741 |
[Eval] Epoch: 17 | Teacher Test Loss: 1.812 | Teacher Test Acc: 50.430 | Student Test Loss: 2.512 | Student Test Acc: 36.540 | Teacher Test F1: 0.498 | Student Test F1: 0.369 | Teacher Top 5 Accuracy: 0.816 | Student Top 5 Accuracy: 0.701 | Time: 2.283 | 
Running student landscape probe...
[bandit] epoch=17 mode=exp3 decision=exp3 reward=-0.139267 arm=4 value=0.000000 count=0 next_student_lr=0.050000
[Train] Epoch: 18 | Teacher lr=0.8147 | Teacher Loss: 1.559 | Teacher Train Acc: 63.094 | Student lr=0.0500 | Student Train Acc: 65.904 | Time: 139.473 |
[Eval] Epoch: 18 | Teacher Test Loss: 1.753 | Teacher Test Acc: 52.010 | Student Test Loss: 1.301 | Student Test Acc: 62.460 | Teacher Test F1: 0.522 | Student Test F1: 0.623 | Teacher Top 5 Accuracy: 0.827 | Student Top 5 Accuracy: 0.888 | Time: 2.214 | 
Running student landscape probe...
[bandit] epoch=18 mode=exp3 decision=exp3 reward=1.000000 arm=5 value=0.627336 count=1 next_student_lr=0.100000
[Train] Epoch: 19 | Teacher lr=0.7939 | Teacher Loss: 1.668 | Teacher Train Acc: 61.302 | Student lr=0.1000 | Student Train Acc: 68.512 | Time: 137.648 |
[Eval] Epoch: 19 | Teacher Test Loss: 6.953 | Teacher Test Acc: 1.520 | Student Test Loss: 1.858 | Student Test Acc: 56.810 | Teacher Test F1: 0.005 | Student Test F1: 0.563 | Teacher Top 5 Accuracy: 0.080 | Student Top 5 Accuracy: 0.845 | Time: 2.166 | 
Running student landscape probe...
[bandit] epoch=19 mode=exp3 decision=exp3 reward=-0.557479 arm=10 value=-0.908475 count=1 next_student_lr=0.600000
[Train] Epoch: 20 | Teacher lr=0.7723 | Teacher Loss: 4.306 | Teacher Train Acc: 13.268 | Student lr=0.6000 | Student Train Acc: 62.046 | Time: 140.024 |
[Eval] Epoch: 20 | Teacher Test Loss: 2.494 | Teacher Test Acc: 34.130 | Student Test Loss: 1.863 | Student Test Acc: 49.380 | Teacher Test F1: 0.327 | Student Test F1: 0.487 | Teacher Top 5 Accuracy: 0.684 | Student Top 5 Accuracy: 0.803 | Time: 2.270 | 
Running student landscape probe...
[bandit] epoch=20 mode=exp3 decision=exp3 reward=-0.004746 arm=13 value=-0.578789 count=1 next_student_lr=0.900000
[Train] Epoch: 21 | Teacher lr=0.7500 | Teacher Loss: 1.852 | Teacher Train Acc: 57.344 | Student lr=0.9000 | Student Train Acc: 58.100 | Time: 138.184 |
[Eval] Epoch: 21 | Teacher Test Loss: 1.777 | Teacher Test Acc: 51.210 | Student Test Loss: 2.736 | Student Test Acc: 35.020 | Teacher Test F1: 0.510 | Student Test F1: 0.361 | Teacher Top 5 Accuracy: 0.818 | Student Top 5 Accuracy: 0.678 | Time: 2.396 | 
Running student landscape probe...
[bandit] epoch=21 mode=exp3 decision=exp3 reward=-0.872800 arm=10 value=-0.456610 count=2 next_student_lr=0.600000
[Train] Epoch: 22 | Teacher lr=0.7270 | Teacher Loss: 1.622 | Teacher Train Acc: 62.188 | Student lr=0.6000 | Student Train Acc: 62.816 | Time: 135.891 |
[Eval] Epoch: 22 | Teacher Test Loss: 1.648 | Teacher Test Acc: 55.220 | Student Test Loss: 1.699 | Student Test Acc: 52.980 | Teacher Test F1: 0.554 | Student Test F1: 0.528 | Teacher Top 5 Accuracy: 0.837 | Student Top 5 Accuracy: 0.830 | Time: 2.217 | 
Running student landscape probe...
[bandit] epoch=22 mode=exp3 decision=exp3 reward=1.000000 arm=12 value=0.000000 count=0 next_student_lr=0.800000
[Train] Epoch: 23 | Teacher lr=0.7034 | Teacher Loss: 1.580 | Teacher Train Acc: 64.414 | Student lr=0.8000 | Student Train Acc: 61.044 | Time: 135.406 |
[Eval] Epoch: 23 | Teacher Test Loss: 1.491 | Teacher Test Acc: 57.920 | Student Test Loss: 2.180 | Student Test Acc: 44.260 | Teacher Test F1: 0.577 | Student Test F1: 0.436 | Teacher Top 5 Accuracy: 0.864 | Student Top 5 Accuracy: 0.759 | Time: 2.308 | 
Running student landscape probe...
[bandit] epoch=23 mode=exp3 decision=exp3 reward=-0.481162 arm=4 value=1.000000 count=1 next_student_lr=0.050000
[Train] Epoch: 24 | Teacher lr=0.6792 | Teacher Loss: 1.453 | Teacher Train Acc: 65.490 | Student lr=0.0500 | Student Train Acc: 69.914 | Time: 136.871 |
[Eval] Epoch: 24 | Teacher Test Loss: 1.535 | Teacher Test Acc: 57.110 | Student Test Loss: 1.186 | Student Test Acc: 65.570 | Teacher Test F1: 0.568 | Student Test F1: 0.655 | Teacher Top 5 Accuracy: 0.858 | Student Top 5 Accuracy: 0.902 | Time: 2.422 | 
Running student landscape probe...
[bandit] epoch=24 mode=exp3 decision=exp3 reward=0.993744 arm=16 value=-0.779253 count=2 next_student_lr=1.200000
[Train] Epoch: 25 | Teacher lr=0.6545 | Teacher Loss: 1.593 | Teacher Train Acc: 66.254 | Student lr=1.2000 | Student Train Acc: 56.008 | Time: 139.228 |
[Eval] Epoch: 25 | Teacher Test Loss: 1.464 | Teacher Test Acc: 59.180 | Student Test Loss: 2.915 | Student Test Acc: 30.220 | Teacher Test F1: 0.593 | Student Test F1: 0.297 | Teacher Top 5 Accuracy: 0.873 | Student Top 5 Accuracy: 0.604 | Time: 2.234 | 
Running student landscape probe...
[bandit] epoch=25 mode=exp3 decision=exp3 reward=-1.000000 arm=2 value=0.000000 count=0 next_student_lr=0.010000
[Train] Epoch: 26 | Teacher lr=0.6294 | Teacher Loss: 1.398 | Teacher Train Acc: 68.118 | Student lr=0.0100 | Student Train Acc: 65.194 | Time: 139.203 |
[Eval] Epoch: 26 | Teacher Test Loss: 1.410 | Teacher Test Acc: 60.210 | Student Test Loss: 1.295 | Student Test Acc: 62.870 | Teacher Test F1: 0.598 | Student Test F1: 0.627 | Teacher Top 5 Accuracy: 0.871 | Student Top 5 Accuracy: 0.888 | Time: 2.190 | 
Running student landscape probe...
[bandit] epoch=26 mode=exp3 decision=exp3 reward=1.000000 arm=17 value=-0.011716 count=2 next_student_lr=1.300000
[Train] Epoch: 27 | Teacher lr=0.6040 | Teacher Loss: 1.516 | Teacher Train Acc: 68.070 | Student lr=1.3000 | Student Train Acc: 57.062 | Time: 138.065 |
[Eval] Epoch: 27 | Teacher Test Loss: 1.410 | Teacher Test Acc: 59.630 | Student Test Loss: 2.343 | Student Test Acc: 39.320 | Teacher Test F1: 0.596 | Student Test F1: 0.385 | Teacher Top 5 Accuracy: 0.874 | Student Top 5 Accuracy: 0.721 | Time: 2.417 | 
Running student landscape probe...
[bandit] epoch=27 mode=exp3 decision=exp3 reward=-1.000000 arm=18 value=0.000000 count=0 next_student_lr=1.400000
[Train] Epoch: 28 | Teacher lr=0.5782 | Teacher Loss: 1.494 | Teacher Train Acc: 68.910 | Student lr=1.4000 | Student Train Acc: 56.562 | Time: 138.189 |
[Eval] Epoch: 28 | Teacher Test Loss: 1.438 | Teacher Test Acc: 59.120 | Student Test Loss: 2.734 | Student Test Acc: 35.500 | Teacher Test F1: 0.593 | Student Test F1: 0.349 | Teacher Top 5 Accuracy: 0.874 | Student Top 5 Accuracy: 0.674 | Time: 2.207 | 
Running student landscape probe...
[bandit] epoch=28 mode=exp3 decision=exp3 reward=-0.391308 arm=7 value=1.000000 count=1 next_student_lr=0.300000
[Train] Epoch: 29 | Teacher lr=0.5523 | Teacher Loss: 1.333 | Teacher Train Acc: 68.906 | Student lr=0.3000 | Student Train Acc: 66.776 | Time: 139.679 |
[Eval] Epoch: 29 | Teacher Test Loss: 1.392 | Teacher Test Acc: 59.440 | Student Test Loss: 1.419 | Student Test Acc: 59.850 | Teacher Test F1: 0.593 | Student Test F1: 0.598 | Teacher Top 5 Accuracy: 0.877 | Student Top 5 Accuracy: 0.872 | Time: 2.213 | 
Running student landscape probe...
[bandit] epoch=29 mode=exp3 decision=exp3 reward=1.000000 arm=13 value=-0.725794 count=2 next_student_lr=0.900000
[Train] Epoch: 30 | Teacher lr=0.5262 | Teacher Loss: 1.419 | Teacher Train Acc: 70.004 | Student lr=0.9000 | Student Train Acc: 60.562 | Time: 134.919 |
[Eval] Epoch: 30 | Teacher Test Loss: 1.412 | Teacher Test Acc: 59.800 | Student Test Loss: 2.125 | Student Test Acc: 44.040 | Teacher Test F1: 0.598 | Student Test F1: 0.435 | Teacher Top 5 Accuracy: 0.876 | Student Top 5 Accuracy: 0.760 | Time: 2.222 | 
Running student landscape probe...
[bandit] epoch=30 mode=exp3 decision=exp3 reward=-0.705908 arm=1 value=0.911784 count=1 next_student_lr=0.001000
[Train] Epoch: 31 | Teacher lr=0.5000 | Teacher Loss: 1.319 | Teacher Train Acc: 71.502 | Student lr=0.0010 | Student Train Acc: 63.194 | Time: 135.007 |
[Eval] Epoch: 31 | Teacher Test Loss: 1.396 | Teacher Test Acc: 60.390 | Student Test Loss: 1.358 | Student Test Acc: 61.850 | Teacher Test F1: 0.611 | Student Test F1: 0.616 | Teacher Top 5 Accuracy: 0.879 | Student Top 5 Accuracy: 0.880 | Time: 2.248 | 
Running student landscape probe...
[bandit] epoch=31 mode=exp3 decision=exp3 reward=0.766194 arm=4 value=0.996872 count=2 next_student_lr=0.050000
[Train] Epoch: 32 | Teacher lr=0.4738 | Teacher Loss: 1.215 | Teacher Train Acc: 72.180 | Student lr=0.0500 | Student Train Acc: 69.944 | Time: 139.606 |
[Eval] Epoch: 32 | Teacher Test Loss: 1.286 | Teacher Test Acc: 63.620 | Student Test Loss: 1.204 | Student Test Acc: 65.200 | Teacher Test F1: 0.638 | Student Test F1: 0.651 | Teacher Top 5 Accuracy: 0.892 | Student Top 5 Accuracy: 0.901 | Time: 2.195 | 
Running student landscape probe...
[bandit] epoch=32 mode=exp3 decision=exp3 reward=0.154634 arm=19 value=0.000000 count=0 next_student_lr=1.500000
[Train] Epoch: 33 | Teacher lr=0.4477 | Teacher Loss: 1.671 | Teacher Train Acc: 71.192 | Student lr=1.5000 | Student Train Acc: 40.144 | Time: 139.243 |
[Eval] Epoch: 33 | Teacher Test Loss: 1.265 | Teacher Test Acc: 64.560 | Student Test Loss: 3.142 | Student Test Acc: 28.840 | Teacher Test F1: 0.645 | Student Test F1: 0.272 | Teacher Top 5 Accuracy: 0.896 | Student Top 5 Accuracy: 0.579 | Time: 2.229 | 
Running student landscape probe...
[bandit] epoch=33 mode=exp3 decision=exp3 reward=-1.000000 arm=15 value=0.000000 count=0 next_student_lr=1.100000
[Train] Epoch: 34 | Teacher lr=0.4218 | Teacher Loss: 1.387 | Teacher Train Acc: 73.560 | Student lr=1.1000 | Student Train Acc: 53.992 | Time: 136.604 |
[Eval] Epoch: 34 | Teacher Test Loss: 1.217 | Teacher Test Acc: 65.150 | Student Test Loss: 2.206 | Student Test Acc: 41.510 | Teacher Test F1: 0.653 | Student Test F1: 0.416 | Teacher Top 5 Accuracy: 0.903 | Student Top 5 Accuracy: 0.749 | Time: 2.227 | 
Running student landscape probe...
[bandit] epoch=34 mode=exp3 decision=exp3 reward=0.935441 arm=5 value=0.034928 count=2 next_student_lr=0.100000
[Train] Epoch: 35 | Teacher lr=0.3960 | Teacher Loss: 1.182 | Teacher Train Acc: 74.256 | Student lr=0.1000 | Student Train Acc: 65.148 | Time: 139.355 |
[Eval] Epoch: 35 | Teacher Test Loss: 1.218 | Teacher Test Acc: 64.990 | Student Test Loss: 1.335 | Student Test Acc: 61.750 | Teacher Test F1: 0.650 | Student Test F1: 0.614 | Teacher Top 5 Accuracy: 0.905 | Student Top 5 Accuracy: 0.882 | Time: 2.282 | 
Running student landscape probe...
[bandit] epoch=35 mode=exp3 decision=exp3 reward=0.871903 arm=15 value=0.935441 count=1 next_student_lr=1.100000
[Train] Epoch: 36 | Teacher lr=0.3706 | Teacher Loss: 1.365 | Teacher Train Acc: 74.374 | Student lr=1.1000 | Student Train Acc: 55.452 | Time: 139.855 |
[Eval] Epoch: 36 | Teacher Test Loss: 1.219 | Teacher Test Acc: 65.350 | Student Test Loss: 2.818 | Student Test Acc: 31.420 | Teacher Test F1: 0.653 | Student Test F1: 0.316 | Teacher Top 5 Accuracy: 0.901 | Student Top 5 Accuracy: 0.648 | Time: 2.186 | 
Running student landscape probe...
[bandit] epoch=36 mode=exp3 decision=exp3 reward=-1.000000 arm=10 value=0.028926 count=3 next_student_lr=0.600000
[Train] Epoch: 37 | Teacher lr=0.3455 | Teacher Loss: 1.237 | Teacher Train Acc: 75.716 | Student lr=0.6000 | Student Train Acc: 61.302 | Time: 137.513 |
[Eval] Epoch: 37 | Teacher Test Loss: 1.232 | Teacher Test Acc: 64.880 | Student Test Loss: 2.069 | Student Test Acc: 45.770 | Teacher Test F1: 0.650 | Student Test F1: 0.464 | Teacher Top 5 Accuracy: 0.901 | Student Top 5 Accuracy: 0.775 | Time: 2.134 | 
Running student landscape probe...
[bandit] epoch=37 mode=exp3 decision=exp3 reward=0.749046 arm=14 value=-0.231193 count=6 next_student_lr=1.000000
[Train] Epoch: 38 | Teacher lr=0.3208 | Teacher Loss: 1.294 | Teacher Train Acc: 76.554 | Student lr=1.0000 | Student Train Acc: 57.056 | Time: 137.126 |
[Eval] Epoch: 38 | Teacher Test Loss: 1.165 | Teacher Test Acc: 66.530 | Student Test Loss: 2.089 | Student Test Acc: 44.330 | Teacher Test F1: 0.666 | Student Test F1: 0.446 | Teacher Top 5 Accuracy: 0.909 | Student Top 5 Accuracy: 0.763 | Time: 2.450 | 
Running student landscape probe...
[bandit] epoch=38 mode=exp3 decision=exp3 reward=-0.020609 arm=14 value=-0.201110 count=7 next_student_lr=1.000000
[Train] Epoch: 39 | Teacher lr=0.2966 | Teacher Loss: 1.255 | Teacher Train Acc: 77.758 | Student lr=1.0000 | Student Train Acc: 57.284 | Time: 137.884 |
[Eval] Epoch: 39 | Teacher Test Loss: 1.121 | Teacher Test Acc: 67.710 | Student Test Loss: 2.072 | Student Test Acc: 44.340 | Teacher Test F1: 0.676 | Student Test F1: 0.438 | Teacher Top 5 Accuracy: 0.911 | Student Top 5 Accuracy: 0.769 | Time: 2.179 | 
Running student landscape probe...
[bandit] epoch=39 mode=exp3 decision=exp3 reward=0.017692 arm=14 value=-0.173760 count=8 next_student_lr=1.000000
[Train] Epoch: 40 | Teacher lr=0.2730 | Teacher Loss: 1.227 | Teacher Train Acc: 78.824 | Student lr=1.0000 | Student Train Acc: 57.488 | Time: 136.983 |
[Eval] Epoch: 40 | Teacher Test Loss: 1.085 | Teacher Test Acc: 69.050 | Student Test Loss: 2.619 | Student Test Acc: 36.050 | Teacher Test F1: 0.688 | Student Test F1: 0.362 | Teacher Top 5 Accuracy: 0.917 | Student Top 5 Accuracy: 0.691 | Time: 2.141 | 
Running student landscape probe...
[bandit] epoch=40 mode=exp3 decision=exp3 reward=-0.547372 arm=9 value=0.000000 count=0 next_student_lr=0.500000
[Train] Epoch: 41 | Teacher lr=0.2500 | Teacher Loss: 1.106 | Teacher Train Acc: 79.570 | Student lr=0.5000 | Student Train Acc: 63.568 | Time: 137.180 |
[Eval] Epoch: 41 | Teacher Test Loss: 1.102 | Teacher Test Acc: 68.130 | Student Test Loss: 1.698 | Student Test Acc: 53.220 | Teacher Test F1: 0.681 | Student Test F1: 0.527 | Teacher Top 5 Accuracy: 0.916 | Student Top 5 Accuracy: 0.827 | Time: 2.137 | 
Running student landscape probe...
[bandit] epoch=41 mode=exp3 decision=exp3 reward=0.920989 arm=15 value=-0.032280 count=2 next_student_lr=1.100000
[Train] Epoch: 42 | Teacher lr=0.2277 | Teacher Loss: 1.262 | Teacher Train Acc: 80.310 | Student lr=1.1000 | Student Train Acc: 54.044 | Time: 135.181 |
[Eval] Epoch: 42 | Teacher Test Loss: 1.095 | Teacher Test Acc: 69.240 | Student Test Loss: 2.242 | Student Test Acc: 42.190 | Teacher Test F1: 0.690 | Student Test F1: 0.413 | Teacher Top 5 Accuracy: 0.922 | Student Top 5 Accuracy: 0.750 | Time: 2.235 | 
Running student landscape probe...
[bandit] epoch=42 mode=exp3 decision=exp3 reward=-0.544329 arm=3 value=1.000000 count=1 next_student_lr=0.025000
[Train] Epoch: 43 | Teacher lr=0.2061 | Teacher Loss: 0.966 | Teacher Train Acc: 82.470 | Student lr=0.0250 | Student Train Acc: 65.730 | Time: 139.058 |
[Eval] Epoch: 43 | Teacher Test Loss: 1.037 | Teacher Test Acc: 69.630 | Student Test Loss: 1.291 | Student Test Acc: 63.510 | Teacher Test F1: 0.697 | Student Test F1: 0.633 | Teacher Top 5 Accuracy: 0.923 | Student Top 5 Accuracy: 0.891 | Time: 2.216 | 
Running student landscape probe...
[bandit] epoch=43 mode=exp3 decision=exp3 reward=0.950980 arm=17 value=-0.341144 count=3 next_student_lr=1.300000
[Train] Epoch: 44 | Teacher lr=0.1853 | Teacher Loss: 1.182 | Teacher Train Acc: 82.962 | Student lr=1.3000 | Student Train Acc: 54.842 | Time: 135.337 |
[Eval] Epoch: 44 | Teacher Test Loss: 1.042 | Teacher Test Acc: 70.890 | Student Test Loss: 2.910 | Student Test Acc: 30.510 | Teacher Test F1: 0.707 | Student Test F1: 0.308 | Teacher Top 5 Accuracy: 0.926 | Student Top 5 Accuracy: 0.637 | Time: 2.122 | 
Running student landscape probe...
[bandit] epoch=44 mode=exp3 decision=exp3 reward=-1.000000 arm=4 value=0.716126 count=3 next_student_lr=0.050000
[Train] Epoch: 45 | Teacher lr=0.1654 | Teacher Loss: 0.906 | Teacher Train Acc: 84.550 | Student lr=0.0500 | Student Train Acc: 65.618 | Time: 138.416 |
[Eval] Epoch: 45 | Teacher Test Loss: 0.992 | Teacher Test Acc: 70.920 | Student Test Loss: 1.291 | Student Test Acc: 63.170 | Teacher Test F1: 0.709 | Student Test F1: 0.629 | Teacher Top 5 Accuracy: 0.926 | Student Top 5 Accuracy: 0.891 | Time: 2.185 | 
Running student landscape probe...
[bandit] epoch=45 mode=exp3 decision=exp3 reward=1.000000 arm=13 value=-0.719166 count=3 next_student_lr=0.900000
[Train] Epoch: 46 | Teacher lr=0.1464 | Teacher Loss: 1.058 | Teacher Train Acc: 85.438 | Student lr=0.9000 | Student Train Acc: 58.744 | Time: 139.752 |
[Eval] Epoch: 46 | Teacher Test Loss: 1.000 | Teacher Test Acc: 71.560 | Student Test Loss: 1.988 | Student Test Acc: 46.730 | Teacher Test F1: 0.714 | Student Test F1: 0.459 | Teacher Top 5 Accuracy: 0.926 | Student Top 5 Accuracy: 0.781 | Time: 2.191 | 
Running student landscape probe...
[bandit] epoch=46 mode=exp3 decision=exp3 reward=-0.696792 arm=19 value=-1.000000 count=1 next_student_lr=1.500000
[Train] Epoch: 47 | Teacher lr=0.1284 | Teacher Loss: 1.128 | Teacher Train Acc: 86.748 | Student lr=1.5000 | Student Train Acc: 53.086 | Time: 138.336 |
[Eval] Epoch: 47 | Teacher Test Loss: 1.004 | Teacher Test Acc: 71.890 | Student Test Loss: 2.798 | Student Test Acc: 32.370 | Teacher Test F1: 0.717 | Student Test F1: 0.308 | Teacher Top 5 Accuracy: 0.929 | Student Top 5 Accuracy: 0.664 | Time: 2.436 | 
Running student landscape probe...
[bandit] epoch=47 mode=exp3 decision=exp3 reward=-0.810462 arm=5 value=0.313920 count=3 next_student_lr=0.100000
[Train] Epoch: 48 | Teacher lr=0.1114 | Teacher Loss: 0.826 | Teacher Train Acc: 88.046 | Student lr=0.1000 | Student Train Acc: 66.142 | Time: 137.929 |
[Eval] Epoch: 48 | Teacher Test Loss: 0.961 | Teacher Test Acc: 72.130 | Student Test Loss: 1.312 | Student Test Acc: 62.700 | Teacher Test F1: 0.721 | Student Test F1: 0.623 | Teacher Top 5 Accuracy: 0.931 | Student Top 5 Accuracy: 0.886 | Time: 2.338 | 
Running student landscape probe...
[bandit] epoch=48 mode=exp3 decision=exp3 reward=1.000000 arm=6 value=0.000000 count=0 next_student_lr=0.200000
[Train] Epoch: 49 | Teacher lr=0.0955 | Teacher Loss: 0.786 | Teacher Train Acc: 89.288 | Student lr=0.2000 | Student Train Acc: 68.202 | Time: 135.411 |
[Eval] Epoch: 49 | Teacher Test Loss: 0.924 | Teacher Test Acc: 73.300 | Student Test Loss: 1.381 | Student Test Acc: 61.380 | Teacher Test F1: 0.733 | Student Test F1: 0.613 | Teacher Top 5 Accuracy: 0.937 | Student Top 5 Accuracy: 0.879 | Time: 2.226 | 
Running student landscape probe...
[bandit] epoch=49 mode=exp3 decision=exp3 reward=-0.068920 arm=14 value=-0.215272 count=9 next_student_lr=1.000000
[Train] Epoch: 50 | Teacher lr=0.0807 | Teacher Loss: 1.003 | Teacher Train Acc: 90.296 | Student lr=1.0000 | Student Train Acc: 56.884 | Time: 135.338 |
[Eval] Epoch: 50 | Teacher Test Loss: 0.948 | Teacher Test Acc: 73.630 | Student Test Loss: 2.436 | Student Test Acc: 39.080 | Teacher Test F1: 0.736 | Student Test F1: 0.396 | Teacher Top 5 Accuracy: 0.935 | Student Top 5 Accuracy: 0.711 | Time: 2.190 | 
Running student landscape probe...
[bandit] epoch=50 mode=exp3 decision=exp3 reward=-1.000000 arm=15 value=-0.202963 count=3 next_student_lr=1.100000
[Train] Epoch: 51 | Teacher lr=0.0670 | Teacher Loss: 0.960 | Teacher Train Acc: 91.650 | Student lr=1.1000 | Student Train Acc: 56.862 | Time: 137.614 |
[Eval] Epoch: 51 | Teacher Test Loss: 0.938 | Teacher Test Acc: 73.680 | Student Test Loss: 2.000 | Student Test Acc: 45.970 | Teacher Test F1: 0.736 | Student Test F1: 0.453 | Teacher Top 5 Accuracy: 0.935 | Student Top 5 Accuracy: 0.775 | Time: 2.141 | 
Running student landscape probe...
[bandit] epoch=51 mode=exp3 decision=exp3 reward=0.435596 arm=9 value=0.920989 count=1 next_student_lr=0.500000
[Train] Epoch: 52 | Teacher lr=0.0545 | Teacher Loss: 0.808 | Teacher Train Acc: 92.712 | Student lr=0.5000 | Student Train Acc: 64.130 | Time: 137.723 |
[Eval] Epoch: 52 | Teacher Test Loss: 0.911 | Teacher Test Acc: 74.520 | Student Test Loss: 1.595 | Student Test Acc: 56.270 | Teacher Test F1: 0.745 | Student Test F1: 0.558 | Teacher Top 5 Accuracy: 0.935 | Student Top 5 Accuracy: 0.841 | Time: 2.142 | 
Running student landscape probe...
[bandit] epoch=52 mode=exp3 decision=exp3 reward=0.404729 arm=1 value=0.838989 count=2 next_student_lr=0.001000
[Train] Epoch: 53 | Teacher lr=0.0432 | Teacher Loss: 0.716 | Teacher Train Acc: 93.380 | Student lr=0.0010 | Student Train Acc: 66.776 | Time: 137.129 |
[Eval] Epoch: 53 | Teacher Test Loss: 0.892 | Teacher Test Acc: 74.430 | Student Test Loss: 1.296 | Student Test Acc: 62.950 | Teacher Test F1: 0.745 | Student Test F1: 0.627 | Teacher Top 5 Accuracy: 0.937 | Student Top 5 Accuracy: 0.887 | Time: 2.149 | 
Running student landscape probe...
[bandit] epoch=53 mode=exp3 decision=exp3 reward=0.298825 arm=3 value=0.975490 count=2 next_student_lr=0.025000
[Train] Epoch: 54 | Teacher lr=0.0332 | Teacher Loss: 0.622 | Teacher Train Acc: 94.304 | Student lr=0.0250 | Student Train Acc: 71.392 | Time: 139.626 |
[Eval] Epoch: 54 | Teacher Test Loss: 0.875 | Teacher Test Acc: 74.950 | Student Test Loss: 1.207 | Student Test Acc: 65.520 | Teacher Test F1: 0.750 | Student Test F1: 0.654 | Teacher Top 5 Accuracy: 0.938 | Student Top 5 Accuracy: 0.900 | Time: 2.214 | 
Running student landscape probe...
[bandit] epoch=54 mode=exp3 decision=exp3 reward=0.089444 arm=9 value=0.662859 count=2 next_student_lr=0.500000
[Train] Epoch: 55 | Teacher lr=0.0245 | Teacher Loss: 0.784 | Teacher Train Acc: 94.960 | Student lr=0.5000 | Student Train Acc: 63.418 | Time: 138.716 |
[Eval] Epoch: 55 | Teacher Test Loss: 0.892 | Teacher Test Acc: 74.790 | Student Test Loss: 1.945 | Student Test Acc: 48.220 | Teacher Test F1: 0.748 | Student Test F1: 0.481 | Teacher Top 5 Accuracy: 0.938 | Student Top 5 Accuracy: 0.790 | Time: 2.189 | 
Running student landscape probe...
[bandit] epoch=55 mode=exp3 decision=exp3 reward=-0.738219 arm=12 value=-0.481162 count=1 next_student_lr=0.800000
[Train] Epoch: 56 | Teacher lr=0.0170 | Teacher Loss: 0.842 | Teacher Train Acc: 95.628 | Student lr=0.8000 | Student Train Acc: 59.724 | Time: 138.311 |
[Eval] Epoch: 56 | Teacher Test Loss: 0.893 | Teacher Test Acc: 75.010 | Student Test Loss: 1.910 | Student Test Acc: 48.040 | Teacher Test F1: 0.750 | Student Test F1: 0.483 | Teacher Top 5 Accuracy: 0.941 | Student Top 5 Accuracy: 0.797 | Time: 2.436 | 
Running student landscape probe...
[bandit] epoch=56 mode=exp3 decision=exp3 reward=0.034647 arm=2 value=1.000000 count=1 next_student_lr=0.010000
[Train] Epoch: 57 | Teacher lr=0.0109 | Teacher Loss: 0.657 | Teacher Train Acc: 96.000 | Student lr=0.0100 | Student Train Acc: 67.564 | Time: 138.945 |
[Eval] Epoch: 57 | Teacher Test Loss: 0.872 | Teacher Test Acc: 75.090 | Student Test Loss: 1.271 | Student Test Acc: 64.130 | Teacher Test F1: 0.751 | Student Test F1: 0.640 | Teacher Top 5 Accuracy: 0.940 | Student Top 5 Accuracy: 0.891 | Time: 2.229 | 
Running student landscape probe...
[bandit] epoch=57 mode=exp3 decision=exp3 reward=0.639967 arm=16 value=-0.852836 count=3 next_student_lr=1.200000
[Train] Epoch: 58 | Teacher lr=0.0062 | Teacher Loss: 0.914 | Teacher Train Acc: 96.364 | Student lr=1.2000 | Student Train Acc: 55.326 | Time: 137.821 |
[Eval] Epoch: 58 | Teacher Test Loss: 0.900 | Teacher Test Acc: 75.080 | Student Test Loss: 2.336 | Student Test Acc: 39.680 | Teacher Test F1: 0.751 | Student Test F1: 0.393 | Teacher Top 5 Accuracy: 0.939 | Student Top 5 Accuracy: 0.724 | Time: 2.142 | 
Running student landscape probe...
[bandit] epoch=58 mode=exp3 decision=exp3 reward=-1.000000 arm=14 value=-0.293745 count=10 next_student_lr=1.000000
[Train] Epoch: 59 | Teacher lr=0.0027 | Teacher Loss: 0.832 | Teacher Train Acc: 96.518 | Student lr=1.0000 | Student Train Acc: 58.266 | Time: 137.249 |
[Eval] Epoch: 59 | Teacher Test Loss: 0.897 | Teacher Test Acc: 75.080 | Student Test Loss: 2.364 | Student Test Acc: 41.380 | Teacher Test F1: 0.751 | Student Test F1: 0.417 | Teacher Top 5 Accuracy: 0.940 | Student Top 5 Accuracy: 0.728 | Time: 2.149 | 
Running student landscape probe...
[bandit] epoch=59 mode=exp3 decision=exp3 reward=-0.027183 arm=4 value=0.787095 count=4 next_student_lr=0.050000
[Train] Epoch: 60 | Teacher lr=0.0007 | Teacher Loss: 0.644 | Teacher Train Acc: 96.620 | Student lr=0.0500 | Student Train Acc: 68.324 | Time: 137.940 |
[Eval] Epoch: 60 | Teacher Test Loss: 0.889 | Teacher Test Acc: 75.110 | Student Test Loss: 1.245 | Student Test Acc: 64.610 | Teacher Test F1: 0.751 | Student Test F1: 0.645 | Teacher Top 5 Accuracy: 0.940 | Student Top 5 Accuracy: 0.897 | Time: 2.399 | 
Running student landscape probe...
[bandit] epoch=60 mode=exp3 decision=exp3 reward=1.000000 arm=9 value=0.195833 count=3 next_student_lr=0.500000
ckpt location: ckpt/sota_bandit_industry/bandit_exp3_safe_seed3_60ep.pt
