/home/jovyan/.mlspace/envs/egy_llm/lib/python3.11/site-packages/torchvision/datasets/cifar.py:83: VisibleDeprecationWarning: dtype(): align should be passed as Python or NumPy boolean but got `align=0`. Did you mean to pass a tuple to create a subarray type? (Deprecated NumPy 2.4)
  entry = pickle.load(f, encoding="latin1")
depth_list: [110, 20]
[LR policy] loaded checkpoint=checkpoints/policies_beatcos/patchtst_seed0/policy.pt,checkpoints/policies_beatcos/patchtst_seed2/policy.pt,checkpoints/policies_beatcos/patchtst_seed5/policy.pt,checkpoints/policies_beatcos/patchtst_seed7/policy.pt,checkpoints/policies_beatcos/patchtst_seed4/policy.pt model_type=patchtst input_dim=230 n_models=5
Dataset information: cifar100	 50000 images for training 	 10000 images for testing	
teacher depth: 110
student depth: 20
Total number of teacher parameters: 1,169,972
Total number of student parameters: 278,132
Snapshots will be saved to: snapshots/beatcos_stars/patchtst_output_ensemble_top5_blend075_60ep_seed3
==== train and evaluate unequal restart ====
[Eval] Epoch: 0 | Teacher Test Loss: 9743.739 | Teacher Test Acc: 1.130 | Student Test Loss: 5.207 | Student Test Acc: 1.000 | Teacher Test F1: 0.001 | Student Test F1: 0.000 | Teacher Top 5 Accuracy: 0.048 | Student Top 5 Accuracy: 0.047 | Time: 3.027 | 
Running student landscape probe...
[Train] Epoch: 1 | Teacher lr=1.0000 | Teacher Loss: 4.145 | Teacher Train Acc: 7.688 | Student lr=0.0100 | Student Train Acc: 6.906 | Time: 139.903 |
[Eval] Epoch: 1 | Teacher Test Loss: 3.718 | Teacher Test Acc: 11.770 | Student Test Loss: 3.876 | Student Test Acc: 9.960 | Teacher Test F1: 0.078 | Student Test F1: 0.064 | Teacher Top 5 Accuracy: 0.355 | Student Top 5 Accuracy: 0.300 | Time: 2.553 | 
Running student landscape probe...
[LR policy] epoch=1 output=residual_log policy_pred=-0.235489 predicted_lr=0.789643 cosine_blend=0.750 lr_ema=0.000 next_student_lr=0.999315
[Train] Epoch: 2 | Teacher lr=0.9993 | Teacher Loss: 3.508 | Teacher Train Acc: 19.052 | Student lr=0.9993 | Student Train Acc: 15.508 | Time: 136.790 |
[Eval] Epoch: 2 | Teacher Test Loss: 3.627 | Teacher Test Acc: 15.120 | Student Test Loss: 3.268 | Student Test Acc: 18.640 | Teacher Test F1: 0.125 | Student Test F1: 0.169 | Teacher Top 5 Accuracy: 0.420 | Student Top 5 Accuracy: 0.497 | Time: 2.526 | 
Running student landscape probe...
[LR policy] epoch=2 output=residual_log policy_pred=-0.203667 predicted_lr=0.813502 cosine_blend=0.750 lr_ema=0.000 next_student_lr=0.997264
[Train] Epoch: 3 | Teacher lr=0.9973 | Teacher Loss: 2.948 | Teacher Train Acc: 30.066 | Student lr=0.9973 | Student Train Acc: 38.856 | Time: 135.472 |
[Eval] Epoch: 3 | Teacher Test Loss: 3.364 | Teacher Test Acc: 20.120 | Student Test Loss: 2.844 | Student Test Acc: 27.780 | Teacher Test F1: 0.174 | Student Test F1: 0.279 | Teacher Top 5 Accuracy: 0.505 | Student Top 5 Accuracy: 0.614 | Time: 2.222 | 
Running student landscape probe...
[LR policy] epoch=3 output=residual_log policy_pred=-0.254510 predicted_lr=0.770529 cosine_blend=0.750 lr_ema=0.000 next_student_lr=0.993850
[Train] Epoch: 4 | Teacher lr=0.9938 | Teacher Loss: 2.880 | Teacher Train Acc: 33.514 | Student lr=0.9939 | Student Train Acc: 46.510 | Time: 139.632 |
[Eval] Epoch: 4 | Teacher Test Loss: 2.538 | Teacher Test Acc: 34.580 | Student Test Loss: 2.299 | Student Test Acc: 39.070 | Teacher Test F1: 0.338 | Student Test F1: 0.376 | Teacher Top 5 Accuracy: 0.676 | Student Top 5 Accuracy: 0.723 | Time: 2.281 | 
Running student landscape probe...
[LR policy] epoch=4 output=residual_log policy_pred=-0.217477 predicted_lr=0.795765 cosine_blend=0.750 lr_ema=0.000 next_student_lr=0.989085
[Train] Epoch: 5 | Teacher lr=0.9891 | Teacher Loss: 2.382 | Teacher Train Acc: 42.918 | Student lr=0.9891 | Student Train Acc: 50.882 | Time: 138.918 |
[Eval] Epoch: 5 | Teacher Test Loss: 2.282 | Teacher Test Acc: 40.090 | Student Test Loss: 2.184 | Student Test Acc: 42.100 | Teacher Test F1: 0.385 | Student Test F1: 0.416 | Teacher Top 5 Accuracy: 0.735 | Student Top 5 Accuracy: 0.749 | Time: 2.598 | 
Running student landscape probe...
[LR policy] epoch=5 output=residual_log policy_pred=-0.253608 predicted_lr=0.762789 cosine_blend=0.750 lr_ema=0.000 next_student_lr=0.982980
[Train] Epoch: 6 | Teacher lr=0.9830 | Teacher Loss: 2.240 | Teacher Train Acc: 46.786 | Student lr=0.9830 | Student Train Acc: 53.012 | Time: 136.669 |
[Eval] Epoch: 6 | Teacher Test Loss: 2.194 | Teacher Test Acc: 41.100 | Student Test Loss: 2.270 | Student Test Acc: 41.100 | Teacher Test F1: 0.415 | Student Test F1: 0.400 | Teacher Top 5 Accuracy: 0.740 | Student Top 5 Accuracy: 0.733 | Time: 2.597 | 
Running student landscape probe...
[LR policy] epoch=6 output=residual_log policy_pred=-0.226657 predicted_lr=0.777705 cosine_blend=0.750 lr_ema=0.000 next_student_lr=0.975553
[Train] Epoch: 7 | Teacher lr=0.9755 | Teacher Loss: 2.089 | Teacher Train Acc: 50.378 | Student lr=0.9756 | Student Train Acc: 55.156 | Time: 136.974 |
[Eval] Epoch: 7 | Teacher Test Loss: 2.121 | Teacher Test Acc: 43.970 | Student Test Loss: 2.561 | Student Test Acc: 37.520 | Teacher Test F1: 0.429 | Student Test F1: 0.368 | Teacher Top 5 Accuracy: 0.763 | Student Top 5 Accuracy: 0.705 | Time: 2.623 | 
Running student landscape probe...
[LR policy] epoch=7 output=residual_log policy_pred=-0.260591 predicted_lr=0.745030 cosine_blend=0.750 lr_ema=0.000 next_student_lr=0.966823
[Train] Epoch: 8 | Teacher lr=0.9668 | Teacher Loss: 2.822 | Teacher Train Acc: 39.834 | Student lr=0.9668 | Student Train Acc: 56.204 | Time: 140.014 |
[Eval] Epoch: 8 | Teacher Test Loss: 4.346 | Teacher Test Acc: 3.720 | Student Test Loss: 2.649 | Student Test Acc: 33.410 | Teacher Test F1: 0.016 | Student Test F1: 0.334 | Teacher Top 5 Accuracy: 0.162 | Student Top 5 Accuracy: 0.658 | Time: 2.538 | 
Running student landscape probe...
[LR policy] epoch=8 output=residual_log policy_pred=-0.243346 predicted_lr=0.750144 cosine_blend=0.750 lr_ema=0.000 next_student_lr=0.956816
[Train] Epoch: 9 | Teacher lr=0.9568 | Teacher Loss: 4.365 | Teacher Train Acc: 11.562 | Student lr=0.9568 | Student Train Acc: 55.832 | Time: 138.596 |
[Eval] Epoch: 9 | Teacher Test Loss: 3.261 | Teacher Test Acc: 19.500 | Student Test Loss: 2.872 | Student Test Acc: 29.640 | Teacher Test F1: 0.177 | Student Test F1: 0.287 | Teacher Top 5 Accuracy: 0.500 | Student Top 5 Accuracy: 0.604 | Time: 2.597 | 
Running student landscape probe...
[LR policy] epoch=9 output=residual_log policy_pred=-0.270978 predicted_lr=0.721114 cosine_blend=0.750 lr_ema=0.000 next_student_lr=0.945558
[Train] Epoch: 10 | Teacher lr=0.9455 | Teacher Loss: 2.309 | Teacher Train Acc: 45.474 | Student lr=0.9456 | Student Train Acc: 56.298 | Time: 136.996 |
[Eval] Epoch: 10 | Teacher Test Loss: 2.088 | Teacher Test Acc: 44.810 | Student Test Loss: 2.394 | Student Test Acc: 39.600 | Teacher Test F1: 0.439 | Student Test F1: 0.392 | Teacher Top 5 Accuracy: 0.769 | Student Top 5 Accuracy: 0.720 | Time: 2.597 | 
Running student landscape probe...
[LR policy] epoch=10 output=residual_log policy_pred=-0.261773 predicted_lr=0.718178 cosine_blend=0.750 lr_ema=0.000 next_student_lr=0.933080
[Train] Epoch: 11 | Teacher lr=0.9330 | Teacher Loss: 1.984 | Teacher Train Acc: 53.122 | Student lr=0.9331 | Student Train Acc: 58.290 | Time: 137.973 |
[Eval] Epoch: 11 | Teacher Test Loss: 2.070 | Teacher Test Acc: 44.650 | Student Test Loss: 2.341 | Student Test Acc: 39.670 | Teacher Test F1: 0.439 | Student Test F1: 0.387 | Teacher Top 5 Accuracy: 0.763 | Student Top 5 Accuracy: 0.724 | Time: 2.483 | 
Running student landscape probe...
[LR policy] epoch=11 output=residual_log policy_pred=-0.268161 predicted_lr=0.703155 cosine_blend=0.750 lr_ema=0.000 next_student_lr=0.865351
[Train] Epoch: 12 | Teacher lr=0.9193 | Teacher Loss: 1.885 | Teacher Train Acc: 55.578 | Student lr=0.8654 | Student Train Acc: 59.366 | Time: 138.586 |
[Eval] Epoch: 12 | Teacher Test Loss: 1.725 | Teacher Test Acc: 52.240 | Student Test Loss: 1.926 | Student Test Acc: 47.950 | Teacher Test F1: 0.516 | Student Test F1: 0.473 | Teacher Top 5 Accuracy: 0.828 | Student Top 5 Accuracy: 0.792 | Time: 2.565 | 
Running student landscape probe...
[LR policy] epoch=12 output=residual_log policy_pred=-0.263717 predicted_lr=0.694908 cosine_blend=0.750 lr_ema=0.000 next_student_lr=0.852180
[Train] Epoch: 13 | Teacher lr=0.9045 | Teacher Loss: 2.301 | Teacher Train Acc: 49.198 | Student lr=0.8522 | Student Train Acc: 59.744 | Time: 136.228 |
[Eval] Epoch: 13 | Teacher Test Loss: 3.881 | Teacher Test Acc: 9.520 | Student Test Loss: 2.595 | Student Test Acc: 35.370 | Teacher Test F1: 0.064 | Student Test F1: 0.355 | Teacher Top 5 Accuracy: 0.317 | Student Top 5 Accuracy: 0.672 | Time: 2.672 | 
Running student landscape probe...
[LR policy] epoch=13 output=residual_log policy_pred=-0.262177 predicted_lr=0.683732 cosine_blend=0.750 lr_ema=0.000 next_student_lr=0.837446
[Train] Epoch: 14 | Teacher lr=0.8886 | Teacher Loss: 2.188 | Teacher Train Acc: 49.622 | Student lr=0.8374 | Student Train Acc: 59.516 | Time: 137.355 |
[Eval] Epoch: 14 | Teacher Test Loss: 1.760 | Teacher Test Acc: 51.590 | Student Test Loss: 2.447 | Student Test Acc: 38.720 | Teacher Test F1: 0.508 | Student Test F1: 0.384 | Teacher Top 5 Accuracy: 0.819 | Student Top 5 Accuracy: 0.718 | Time: 2.624 | 
Running student landscape probe...
[LR policy] epoch=14 output=residual_log policy_pred=-0.264221 predicted_lr=0.669295 cosine_blend=0.750 lr_ema=0.000 next_student_lr=0.821099
[Train] Epoch: 15 | Teacher lr=0.8716 | Teacher Loss: 1.758 | Teacher Train Acc: 59.046 | Student lr=0.8211 | Student Train Acc: 60.704 | Time: 137.693 |
[Eval] Epoch: 15 | Teacher Test Loss: 1.769 | Teacher Test Acc: 50.850 | Student Test Loss: 2.157 | Student Test Acc: 42.190 | Teacher Test F1: 0.506 | Student Test F1: 0.422 | Teacher Top 5 Accuracy: 0.821 | Student Top 5 Accuracy: 0.750 | Time: 2.590 | 
Running student landscape probe...
[LR policy] epoch=15 output=residual_log policy_pred=-0.265585 predicted_lr=0.654581 cosine_blend=0.750 lr_ema=0.000 next_student_lr=0.803920
[Train] Epoch: 16 | Teacher lr=0.8536 | Teacher Loss: 1.713 | Teacher Train Acc: 60.176 | Student lr=0.8039 | Student Train Acc: 61.240 | Time: 138.856 |
[Eval] Epoch: 16 | Teacher Test Loss: 1.680 | Teacher Test Acc: 53.770 | Student Test Loss: 2.580 | Student Test Acc: 35.920 | Teacher Test F1: 0.531 | Student Test F1: 0.363 | Teacher Top 5 Accuracy: 0.834 | Student Top 5 Accuracy: 0.687 | Time: 2.636 | 
Running student landscape probe...
[LR policy] epoch=16 output=residual_log policy_pred=-0.264164 predicted_lr=0.640946 cosine_blend=0.750 lr_ema=0.000 next_student_lr=0.786285
[Train] Epoch: 17 | Teacher lr=0.8346 | Teacher Loss: 1.680 | Teacher Train Acc: 61.168 | Student lr=0.7863 | Student Train Acc: 61.874 | Time: 139.458 |
[Eval] Epoch: 17 | Teacher Test Loss: 1.734 | Teacher Test Acc: 52.020 | Student Test Loss: 2.142 | Student Test Acc: 45.170 | Teacher Test F1: 0.519 | Student Test F1: 0.439 | Teacher Top 5 Accuracy: 0.824 | Student Top 5 Accuracy: 0.765 | Time: 2.701 | 
Running student landscape probe...
[LR policy] epoch=17 output=residual_log policy_pred=-0.268504 predicted_lr=0.622968 cosine_blend=0.750 lr_ema=0.000 next_student_lr=0.766876
[Train] Epoch: 18 | Teacher lr=0.8147 | Teacher Loss: 1.650 | Teacher Train Acc: 62.158 | Student lr=0.7669 | Student Train Acc: 62.200 | Time: 136.336 |
[Eval] Epoch: 18 | Teacher Test Loss: 1.673 | Teacher Test Acc: 53.780 | Student Test Loss: 2.033 | Student Test Acc: 44.860 | Teacher Test F1: 0.541 | Student Test F1: 0.443 | Teacher Top 5 Accuracy: 0.841 | Student Top 5 Accuracy: 0.773 | Time: 2.729 | 
Running student landscape probe...
[LR policy] epoch=18 output=residual_log policy_pred=-0.258669 predicted_lr=0.613107 cosine_blend=0.750 lr_ema=0.000 next_student_lr=0.748851
[Train] Epoch: 19 | Teacher lr=0.7939 | Teacher Loss: 1.629 | Teacher Train Acc: 62.390 | Student lr=0.7489 | Student Train Acc: 62.746 | Time: 137.834 |
[Eval] Epoch: 19 | Teacher Test Loss: 1.576 | Teacher Test Acc: 55.940 | Student Test Loss: 2.044 | Student Test Acc: 45.750 | Teacher Test F1: 0.556 | Student Test F1: 0.459 | Teacher Top 5 Accuracy: 0.849 | Student Top 5 Accuracy: 0.771 | Time: 2.589 | 
Running student landscape probe...
[LR policy] epoch=19 output=residual_log policy_pred=-0.266719 predicted_lr=0.591685 cosine_blend=0.750 lr_ema=0.000 next_student_lr=0.727332
[Train] Epoch: 20 | Teacher lr=0.7723 | Teacher Loss: 1.591 | Teacher Train Acc: 63.598 | Student lr=0.7273 | Student Train Acc: 63.122 | Time: 135.976 |
[Eval] Epoch: 20 | Teacher Test Loss: 1.614 | Teacher Test Acc: 54.670 | Student Test Loss: 2.093 | Student Test Acc: 45.510 | Teacher Test F1: 0.546 | Student Test F1: 0.456 | Teacher Top 5 Accuracy: 0.846 | Student Top 5 Accuracy: 0.759 | Time: 2.669 | 
Running student landscape probe...
[LR policy] epoch=20 output=residual_log policy_pred=-0.261800 predicted_lr=0.577441 cosine_blend=0.750 lr_ema=0.000 next_student_lr=0.707048
[Train] Epoch: 21 | Teacher lr=0.7500 | Teacher Loss: 1.565 | Teacher Train Acc: 64.496 | Student lr=0.7070 | Student Train Acc: 63.314 | Time: 137.557 |
[Eval] Epoch: 21 | Teacher Test Loss: 1.557 | Teacher Test Acc: 57.090 | Student Test Loss: 2.210 | Student Test Acc: 42.120 | Teacher Test F1: 0.567 | Student Test F1: 0.427 | Teacher Top 5 Accuracy: 0.860 | Student Top 5 Accuracy: 0.738 | Time: 2.644 | 
Running student landscape probe...
[LR policy] epoch=21 output=residual_log policy_pred=-0.263846 predicted_lr=0.558609 cosine_blend=0.750 lr_ema=0.000 next_student_lr=0.685103
[Train] Epoch: 22 | Teacher lr=0.7270 | Teacher Loss: 1.540 | Teacher Train Acc: 65.090 | Student lr=0.6851 | Student Train Acc: 63.894 | Time: 136.875 |
[Eval] Epoch: 22 | Teacher Test Loss: 1.457 | Teacher Test Acc: 59.140 | Student Test Loss: 2.012 | Student Test Acc: 47.480 | Teacher Test F1: 0.589 | Student Test F1: 0.477 | Teacher Top 5 Accuracy: 0.869 | Student Top 5 Accuracy: 0.783 | Time: 2.666 | 
Running student landscape probe...
[LR policy] epoch=22 output=residual_log policy_pred=-0.262206 predicted_lr=0.541367 cosine_blend=0.750 lr_ema=0.000 next_student_lr=0.663090
[Train] Epoch: 23 | Teacher lr=0.7034 | Teacher Loss: 1.513 | Teacher Train Acc: 65.828 | Student lr=0.6631 | Student Train Acc: 64.188 | Time: 136.128 |
[Eval] Epoch: 23 | Teacher Test Loss: 1.445 | Teacher Test Acc: 59.910 | Student Test Loss: 1.891 | Student Test Acc: 49.220 | Teacher Test F1: 0.597 | Student Test F1: 0.493 | Teacher Top 5 Accuracy: 0.870 | Student Top 5 Accuracy: 0.796 | Time: 2.651 | 
Running student landscape probe...
[LR policy] epoch=23 output=residual_log policy_pred=-0.262965 predicted_lr=0.522382 cosine_blend=0.750 lr_ema=0.000 next_student_lr=0.640224
[Train] Epoch: 24 | Teacher lr=0.6792 | Teacher Loss: 1.490 | Teacher Train Acc: 66.282 | Student lr=0.6402 | Student Train Acc: 64.708 | Time: 135.601 |
[Eval] Epoch: 24 | Teacher Test Loss: 1.516 | Teacher Test Acc: 57.680 | Student Test Loss: 1.709 | Student Test Acc: 53.210 | Teacher Test F1: 0.578 | Student Test F1: 0.532 | Teacher Top 5 Accuracy: 0.851 | Student Top 5 Accuracy: 0.827 | Time: 2.708 | 
Running student landscape probe...
[LR policy] epoch=24 output=residual_log policy_pred=-0.264582 predicted_lr=0.502618 cosine_blend=0.750 lr_ema=0.000 next_student_lr=0.616795
[Train] Epoch: 25 | Teacher lr=0.6545 | Teacher Loss: 1.462 | Teacher Train Acc: 67.028 | Student lr=0.6168 | Student Train Acc: 65.098 | Time: 137.222 |
[Eval] Epoch: 25 | Teacher Test Loss: 1.563 | Teacher Test Acc: 57.230 | Student Test Loss: 1.889 | Student Test Acc: 50.420 | Teacher Test F1: 0.576 | Student Test F1: 0.501 | Teacher Top 5 Accuracy: 0.857 | Student Top 5 Accuracy: 0.802 | Time: 2.654 | 
Running student landscape probe...
[LR policy] epoch=25 output=residual_log policy_pred=-0.263479 predicted_lr=0.483906 cosine_blend=0.750 lr_ema=0.000 next_student_lr=0.593312
[Train] Epoch: 26 | Teacher lr=0.6294 | Teacher Loss: 1.434 | Teacher Train Acc: 67.912 | Student lr=0.5933 | Student Train Acc: 65.758 | Time: 136.097 |
[Eval] Epoch: 26 | Teacher Test Loss: 1.374 | Teacher Test Acc: 61.020 | Student Test Loss: 1.731 | Student Test Acc: 52.620 | Teacher Test F1: 0.606 | Student Test F1: 0.519 | Teacher Top 5 Accuracy: 0.878 | Student Top 5 Accuracy: 0.824 | Time: 2.608 | 
Running student landscape probe...
[LR policy] epoch=26 output=residual_log policy_pred=-0.261611 predicted_lr=0.465236 cosine_blend=0.750 lr_ema=0.000 next_student_lr=0.569573
[Train] Epoch: 27 | Teacher lr=0.6040 | Teacher Loss: 1.405 | Teacher Train Acc: 68.848 | Student lr=0.5696 | Student Train Acc: 66.110 | Time: 138.279 |
[Eval] Epoch: 27 | Teacher Test Loss: 1.411 | Teacher Test Acc: 59.850 | Student Test Loss: 2.133 | Student Test Acc: 43.860 | Teacher Test F1: 0.601 | Student Test F1: 0.441 | Teacher Top 5 Accuracy: 0.878 | Student Top 5 Accuracy: 0.756 | Time: 2.708 | 
Running student landscape probe...
[LR policy] epoch=27 output=residual_log policy_pred=-0.264592 predicted_lr=0.444117 cosine_blend=0.750 lr_ema=0.000 next_student_lr=0.545008
[Train] Epoch: 28 | Teacher lr=0.5782 | Teacher Loss: 1.380 | Teacher Train Acc: 69.382 | Student lr=0.5450 | Student Train Acc: 66.458 | Time: 137.894 |
[Eval] Epoch: 28 | Teacher Test Loss: 1.328 | Teacher Test Acc: 62.220 | Student Test Loss: 2.378 | Student Test Acc: 42.530 | Teacher Test F1: 0.625 | Student Test F1: 0.422 | Teacher Top 5 Accuracy: 0.887 | Student Top 5 Accuracy: 0.743 | Time: 2.731 | 
Running student landscape probe...
[LR policy] epoch=28 output=residual_log policy_pred=-0.263797 predicted_lr=0.424555 cosine_blend=0.750 lr_ema=0.000 next_student_lr=0.520673
[Train] Epoch: 29 | Teacher lr=0.5523 | Teacher Loss: 1.356 | Teacher Train Acc: 70.096 | Student lr=0.5207 | Student Train Acc: 66.938 | Time: 136.548 |
[Eval] Epoch: 29 | Teacher Test Loss: 1.337 | Teacher Test Acc: 61.950 | Student Test Loss: 1.720 | Student Test Acc: 53.590 | Teacher Test F1: 0.619 | Student Test F1: 0.531 | Teacher Top 5 Accuracy: 0.882 | Student Top 5 Accuracy: 0.824 | Time: 2.616 | 
Running student landscape probe...
[LR policy] epoch=29 output=residual_log policy_pred=-0.264899 predicted_lr=0.404083 cosine_blend=0.750 lr_ema=0.000 next_student_lr=0.496002
[Train] Epoch: 30 | Teacher lr=0.5262 | Teacher Loss: 1.325 | Teacher Train Acc: 70.990 | Student lr=0.4960 | Student Train Acc: 67.646 | Time: 136.300 |
[Eval] Epoch: 30 | Teacher Test Loss: 1.486 | Teacher Test Acc: 58.750 | Student Test Loss: 1.770 | Student Test Acc: 51.730 | Teacher Test F1: 0.588 | Student Test F1: 0.522 | Teacher Top 5 Accuracy: 0.864 | Student Top 5 Accuracy: 0.821 | Time: 2.689 | 
Running student landscape probe...
[LR policy] epoch=30 output=residual_log policy_pred=-0.261322 predicted_lr=0.385401 cosine_blend=0.750 lr_ema=0.000 next_student_lr=0.471725
[Train] Epoch: 31 | Teacher lr=0.5000 | Teacher Loss: 1.307 | Teacher Train Acc: 71.372 | Student lr=0.4717 | Student Train Acc: 67.766 | Time: 136.406 |
[Eval] Epoch: 31 | Teacher Test Loss: 1.291 | Teacher Test Acc: 62.940 | Student Test Loss: 1.822 | Student Test Acc: 51.280 | Teacher Test F1: 0.632 | Student Test F1: 0.515 | Teacher Top 5 Accuracy: 0.898 | Student Top 5 Accuracy: 0.809 | Time: 2.810 | 
Running student landscape probe...
[LR policy] epoch=31 output=residual_log policy_pred=-0.267273 predicted_lr=0.363104 cosine_blend=0.750 lr_ema=0.000 next_student_lr=0.446545
[Train] Epoch: 32 | Teacher lr=0.4738 | Teacher Loss: 1.268 | Teacher Train Acc: 72.748 | Student lr=0.4465 | Student Train Acc: 68.508 | Time: 137.302 |
[Eval] Epoch: 32 | Teacher Test Loss: 1.294 | Teacher Test Acc: 63.660 | Student Test Loss: 1.937 | Student Test Acc: 50.090 | Teacher Test F1: 0.636 | Student Test F1: 0.505 | Teacher Top 5 Accuracy: 0.893 | Student Top 5 Accuracy: 0.794 | Time: 2.804 | 
Running student landscape probe...
[LR policy] epoch=32 output=residual_log policy_pred=-0.262815 predicted_lr=0.344682 cosine_blend=0.750 lr_ema=0.000 next_student_lr=0.422386
[Train] Epoch: 33 | Teacher lr=0.4477 | Teacher Loss: 1.243 | Teacher Train Acc: 73.364 | Student lr=0.4224 | Student Train Acc: 69.008 | Time: 137.645 |
[Eval] Epoch: 33 | Teacher Test Loss: 1.247 | Teacher Test Acc: 64.570 | Student Test Loss: 1.597 | Student Test Acc: 56.060 | Teacher Test F1: 0.644 | Student Test F1: 0.561 | Teacher Top 5 Accuracy: 0.899 | Student Top 5 Accuracy: 0.851 | Time: 2.790 | 
Running student landscape probe...
[LR policy] epoch=33 output=residual_log policy_pred=-0.266540 predicted_lr=0.323539 cosine_blend=0.750 lr_ema=0.000 next_student_lr=0.397656
[Train] Epoch: 34 | Teacher lr=0.4218 | Teacher Loss: 1.220 | Teacher Train Acc: 73.820 | Student lr=0.3977 | Student Train Acc: 69.416 | Time: 137.275 |
[Eval] Epoch: 34 | Teacher Test Loss: 1.212 | Teacher Test Acc: 65.310 | Student Test Loss: 1.986 | Student Test Acc: 48.310 | Teacher Test F1: 0.653 | Student Test F1: 0.490 | Teacher Top 5 Accuracy: 0.902 | Student Top 5 Accuracy: 0.791 | Time: 2.735 | 
Running student landscape probe...
[LR policy] epoch=34 output=residual_log policy_pred=-0.262321 predicted_lr=0.305127 cosine_blend=0.750 lr_ema=0.000 next_student_lr=0.373768
[Train] Epoch: 35 | Teacher lr=0.3960 | Teacher Loss: 1.191 | Teacher Train Acc: 74.820 | Student lr=0.3738 | Student Train Acc: 69.822 | Time: 134.663 |
[Eval] Epoch: 35 | Teacher Test Loss: 1.249 | Teacher Test Acc: 64.330 | Student Test Loss: 1.785 | Student Test Acc: 52.900 | Teacher Test F1: 0.642 | Student Test F1: 0.531 | Teacher Top 5 Accuracy: 0.897 | Student Top 5 Accuracy: 0.822 | Time: 2.758 | 
Running student landscape probe...
[LR policy] epoch=35 output=residual_log policy_pred=-0.265714 predicted_lr=0.284599 cosine_blend=0.750 lr_ema=0.000 next_student_lr=0.349565
[Train] Epoch: 36 | Teacher lr=0.3706 | Teacher Loss: 1.153 | Teacher Train Acc: 75.646 | Student lr=0.3496 | Student Train Acc: 70.442 | Time: 135.435 |
[Eval] Epoch: 36 | Teacher Test Loss: 1.195 | Teacher Test Acc: 65.870 | Student Test Loss: 1.702 | Student Test Acc: 53.560 | Teacher Test F1: 0.660 | Student Test F1: 0.532 | Teacher Top 5 Accuracy: 0.903 | Student Top 5 Accuracy: 0.831 | Time: 2.802 | 
Running student landscape probe...
[LR policy] epoch=36 output=residual_log policy_pred=-0.264977 predicted_lr=0.265571 cosine_blend=0.750 lr_ema=0.000 next_student_lr=0.326002
[Train] Epoch: 37 | Teacher lr=0.3455 | Teacher Loss: 1.127 | Teacher Train Acc: 76.416 | Student lr=0.3260 | Student Train Acc: 71.188 | Time: 136.147 |
[Eval] Epoch: 37 | Teacher Test Loss: 1.193 | Teacher Test Acc: 66.050 | Student Test Loss: 2.024 | Student Test Acc: 48.260 | Teacher Test F1: 0.663 | Student Test F1: 0.494 | Teacher Top 5 Accuracy: 0.900 | Student Top 5 Accuracy: 0.797 | Time: 2.775 | 
Running student landscape probe...
[LR policy] epoch=37 output=residual_log policy_pred=-0.265420 predicted_lr=0.246549 cosine_blend=0.750 lr_ema=0.000 next_student_lr=0.302759
[Train] Epoch: 38 | Teacher lr=0.3208 | Teacher Loss: 1.101 | Teacher Train Acc: 77.162 | Student lr=0.3028 | Student Train Acc: 71.754 | Time: 136.040 |
[Eval] Epoch: 38 | Teacher Test Loss: 1.254 | Teacher Test Acc: 65.040 | Student Test Loss: 1.637 | Student Test Acc: 55.120 | Teacher Test F1: 0.651 | Student Test F1: 0.554 | Teacher Top 5 Accuracy: 0.895 | Student Top 5 Accuracy: 0.841 | Time: 2.637 | 
Running student landscape probe...
[LR policy] epoch=38 output=residual_log policy_pred=-0.265337 predicted_lr=0.228040 cosine_blend=0.750 lr_ema=0.000 next_student_lr=0.280011
[Train] Epoch: 39 | Teacher lr=0.2966 | Teacher Loss: 1.062 | Teacher Train Acc: 78.322 | Student lr=0.2800 | Student Train Acc: 72.466 | Time: 136.971 |
[Eval] Epoch: 39 | Teacher Test Loss: 1.131 | Teacher Test Acc: 67.820 | Student Test Loss: 1.505 | Student Test Acc: 58.720 | Teacher Test F1: 0.679 | Student Test F1: 0.584 | Teacher Top 5 Accuracy: 0.913 | Student Top 5 Accuracy: 0.864 | Time: 2.678 | 
Running student landscape probe...
[LR policy] epoch=39 output=residual_log policy_pred=-0.263003 predicted_lr=0.210428 cosine_blend=0.750 lr_ema=0.000 next_student_lr=0.257906
[Train] Epoch: 40 | Teacher lr=0.2730 | Teacher Loss: 1.023 | Teacher Train Acc: 79.418 | Student lr=0.2579 | Student Train Acc: 73.342 | Time: 136.856 |
[Eval] Epoch: 40 | Teacher Test Loss: 1.073 | Teacher Test Acc: 68.710 | Student Test Loss: 1.419 | Student Test Acc: 60.160 | Teacher Test F1: 0.685 | Student Test F1: 0.598 | Teacher Top 5 Accuracy: 0.916 | Student Top 5 Accuracy: 0.875 | Time: 2.724 | 
Running student landscape probe...
[LR policy] epoch=40 output=residual_log policy_pred=-0.262149 predicted_lr=0.192926 cosine_blend=0.750 lr_ema=0.000 next_student_lr=0.236294
[Train] Epoch: 41 | Teacher lr=0.2500 | Teacher Loss: 0.993 | Teacher Train Acc: 80.722 | Student lr=0.2363 | Student Train Acc: 73.924 | Time: 136.448 |
[Eval] Epoch: 41 | Teacher Test Loss: 1.062 | Teacher Test Acc: 68.810 | Student Test Loss: 1.533 | Student Test Acc: 58.260 | Teacher Test F1: 0.687 | Student Test F1: 0.581 | Teacher Top 5 Accuracy: 0.921 | Student Top 5 Accuracy: 0.852 | Time: 2.793 | 
Running student landscape probe...
[LR policy] epoch=41 output=residual_log policy_pred=-0.264112 predicted_lr=0.175426 cosine_blend=0.750 lr_ema=0.000 next_student_lr=0.215196
[Train] Epoch: 42 | Teacher lr=0.2277 | Teacher Loss: 0.954 | Teacher Train Acc: 81.556 | Student lr=0.2152 | Student Train Acc: 74.570 | Time: 137.307 |
[Eval] Epoch: 42 | Teacher Test Loss: 1.028 | Teacher Test Acc: 70.010 | Student Test Loss: 1.662 | Student Test Acc: 56.580 | Teacher Test F1: 0.700 | Student Test F1: 0.569 | Teacher Top 5 Accuracy: 0.927 | Student Top 5 Accuracy: 0.845 | Time: 2.763 | 
Running student landscape probe...
[LR policy] epoch=42 output=residual_log policy_pred=-0.262379 predicted_lr=0.159152 cosine_blend=0.750 lr_ema=0.000 next_student_lr=0.194964
[Train] Epoch: 43 | Teacher lr=0.2061 | Teacher Loss: 0.916 | Teacher Train Acc: 82.816 | Student lr=0.1950 | Student Train Acc: 75.288 | Time: 135.226 |
[Eval] Epoch: 43 | Teacher Test Loss: 1.020 | Teacher Test Acc: 70.270 | Student Test Loss: 1.563 | Student Test Acc: 58.820 | Teacher Test F1: 0.702 | Student Test F1: 0.589 | Teacher Top 5 Accuracy: 0.923 | Student Top 5 Accuracy: 0.855 | Time: 2.751 | 
Running student landscape probe...
[LR policy] epoch=43 output=residual_log policy_pred=-0.264587 predicted_lr=0.142878 cosine_blend=0.750 lr_ema=0.000 next_student_lr=0.175335
[Train] Epoch: 44 | Teacher lr=0.1853 | Teacher Loss: 0.875 | Teacher Train Acc: 84.346 | Student lr=0.1753 | Student Train Acc: 76.276 | Time: 136.220 |
[Eval] Epoch: 44 | Teacher Test Loss: 1.014 | Teacher Test Acc: 70.620 | Student Test Loss: 1.524 | Student Test Acc: 58.700 | Teacher Test F1: 0.706 | Student Test F1: 0.588 | Teacher Top 5 Accuracy: 0.924 | Student Top 5 Accuracy: 0.866 | Time: 2.808 | 
Running student landscape probe...
[LR policy] epoch=44 output=residual_log policy_pred=-0.264845 predicted_lr=0.127583 cosine_blend=0.750 lr_ema=0.000 next_student_lr=0.156598
[Train] Epoch: 45 | Teacher lr=0.1654 | Teacher Loss: 0.839 | Teacher Train Acc: 85.030 | Student lr=0.1566 | Student Train Acc: 76.856 | Time: 135.174 |
[Eval] Epoch: 45 | Teacher Test Loss: 0.973 | Teacher Test Acc: 71.320 | Student Test Loss: 1.301 | Student Test Acc: 63.490 | Teacher Test F1: 0.714 | Student Test F1: 0.636 | Teacher Top 5 Accuracy: 0.930 | Student Top 5 Accuracy: 0.887 | Time: 2.852 | 
Running student landscape probe...
[LR policy] epoch=45 output=residual_log policy_pred=-0.268393 predicted_lr=0.112627 cosine_blend=0.750 lr_ema=0.000 next_student_lr=0.138632
[Train] Epoch: 46 | Teacher lr=0.1464 | Teacher Loss: 0.795 | Teacher Train Acc: 86.670 | Student lr=0.1386 | Student Train Acc: 77.836 | Time: 136.742 |
[Eval] Epoch: 46 | Teacher Test Loss: 0.959 | Teacher Test Acc: 72.360 | Student Test Loss: 1.324 | Student Test Acc: 63.310 | Teacher Test F1: 0.723 | Student Test F1: 0.632 | Teacher Top 5 Accuracy: 0.933 | Student Top 5 Accuracy: 0.889 | Time: 2.633 | 
Running student landscape probe...
[LR policy] epoch=46 output=residual_log policy_pred=-0.264128 predicted_lr=0.099286 cosine_blend=0.750 lr_ema=0.000 next_student_lr=0.121796
[Train] Epoch: 47 | Teacher lr=0.1284 | Teacher Loss: 0.752 | Teacher Train Acc: 87.652 | Student lr=0.1218 | Student Train Acc: 78.974 | Time: 138.122 |
[Eval] Epoch: 47 | Teacher Test Loss: 0.932 | Teacher Test Acc: 73.230 | Student Test Loss: 1.373 | Student Test Acc: 61.960 | Teacher Test F1: 0.731 | Student Test F1: 0.620 | Teacher Top 5 Accuracy: 0.931 | Student Top 5 Accuracy: 0.882 | Time: 2.634 | 
Running student landscape probe...
[LR policy] epoch=47 output=residual_log policy_pred=-0.261385 predicted_lr=0.086481 cosine_blend=0.750 lr_ema=0.000 next_student_lr=0.105857
[Train] Epoch: 48 | Teacher lr=0.1114 | Teacher Loss: 0.713 | Teacher Train Acc: 89.164 | Student lr=0.1059 | Student Train Acc: 79.780 | Time: 137.422 |
[Eval] Epoch: 48 | Teacher Test Loss: 0.937 | Teacher Test Acc: 73.040 | Student Test Loss: 1.458 | Student Test Acc: 61.490 | Teacher Test F1: 0.731 | Student Test F1: 0.618 | Teacher Top 5 Accuracy: 0.934 | Student Top 5 Accuracy: 0.876 | Time: 2.646 | 
Running student landscape probe...
[LR policy] epoch=48 output=residual_log policy_pred=-0.263109 predicted_lr=0.074096 cosine_blend=0.750 lr_ema=0.000 next_student_lr=0.090821
[Train] Epoch: 49 | Teacher lr=0.0955 | Teacher Loss: 0.672 | Teacher Train Acc: 90.050 | Student lr=0.0908 | Student Train Acc: 80.752 | Time: 134.770 |
[Eval] Epoch: 49 | Teacher Test Loss: 0.935 | Teacher Test Acc: 73.180 | Student Test Loss: 1.384 | Student Test Acc: 62.780 | Teacher Test F1: 0.732 | Student Test F1: 0.631 | Teacher Top 5 Accuracy: 0.935 | Student Top 5 Accuracy: 0.884 | Time: 2.717 | 
Running student landscape probe...
[LR policy] epoch=49 output=residual_log policy_pred=-0.263430 predicted_lr=0.062690 cosine_blend=0.750 lr_ema=0.000 next_student_lr=0.076861
[Train] Epoch: 50 | Teacher lr=0.0807 | Teacher Loss: 0.630 | Teacher Train Acc: 91.510 | Student lr=0.0769 | Student Train Acc: 81.976 | Time: 138.078 |
[Eval] Epoch: 50 | Teacher Test Loss: 0.894 | Teacher Test Acc: 74.370 | Student Test Loss: 1.285 | Student Test Acc: 65.470 | Teacher Test F1: 0.744 | Student Test F1: 0.652 | Teacher Top 5 Accuracy: 0.939 | Student Top 5 Accuracy: 0.898 | Time: 2.648 | 
Running student landscape probe...
[LR policy] epoch=50 output=residual_log policy_pred=-0.263899 predicted_lr=0.052166 cosine_blend=0.750 lr_ema=0.000 next_student_lr=0.063982
[Train] Epoch: 51 | Teacher lr=0.0670 | Teacher Loss: 0.589 | Teacher Train Acc: 92.736 | Student lr=0.0640 | Student Train Acc: 83.112 | Time: 138.102 |
[Eval] Epoch: 51 | Teacher Test Loss: 0.885 | Teacher Test Acc: 74.200 | Student Test Loss: 1.228 | Student Test Acc: 66.700 | Teacher Test F1: 0.742 | Student Test F1: 0.665 | Teacher Top 5 Accuracy: 0.940 | Student Top 5 Accuracy: 0.901 | Time: 2.635 | 
Running student landscape probe...
[LR policy] epoch=51 output=residual_log policy_pred=-0.264075 predicted_lr=0.042575 cosine_blend=0.750 lr_ema=0.000 next_student_lr=0.052225
[Train] Epoch: 52 | Teacher lr=0.0545 | Teacher Loss: 0.550 | Teacher Train Acc: 93.822 | Student lr=0.0522 | Student Train Acc: 84.004 | Time: 134.871 |
[Eval] Epoch: 52 | Teacher Test Loss: 0.862 | Teacher Test Acc: 75.120 | Student Test Loss: 1.184 | Student Test Acc: 67.500 | Teacher Test F1: 0.751 | Student Test F1: 0.675 | Teacher Top 5 Accuracy: 0.944 | Student Top 5 Accuracy: 0.909 | Time: 2.782 | 
Running student landscape probe...
[LR policy] epoch=52 output=residual_log policy_pred=-0.262621 predicted_lr=0.033979 cosine_blend=0.750 lr_ema=0.000 next_student_lr=0.041633
[Train] Epoch: 53 | Teacher lr=0.0432 | Teacher Loss: 0.515 | Teacher Train Acc: 94.668 | Student lr=0.0416 | Student Train Acc: 85.290 | Time: 137.105 |
[Eval] Epoch: 53 | Teacher Test Loss: 0.855 | Teacher Test Acc: 75.540 | Student Test Loss: 1.181 | Student Test Acc: 67.740 | Teacher Test F1: 0.756 | Student Test F1: 0.677 | Teacher Top 5 Accuracy: 0.942 | Student Top 5 Accuracy: 0.910 | Time: 2.637 | 
Running student landscape probe...
[LR policy] epoch=53 output=residual_log policy_pred=-0.263588 predicted_lr=0.026258 cosine_blend=0.750 lr_ema=0.000 next_student_lr=0.032197
[Train] Epoch: 54 | Teacher lr=0.0332 | Teacher Loss: 0.482 | Teacher Train Acc: 95.326 | Student lr=0.0322 | Student Train Acc: 86.426 | Time: 137.464 |
[Eval] Epoch: 54 | Teacher Test Loss: 0.854 | Teacher Test Acc: 75.460 | Student Test Loss: 1.141 | Student Test Acc: 69.180 | Teacher Test F1: 0.755 | Student Test F1: 0.691 | Teacher Top 5 Accuracy: 0.944 | Student Top 5 Accuracy: 0.914 | Time: 2.569 | 
Running student landscape probe...
[LR policy] epoch=54 output=residual_log policy_pred=-0.263322 predicted_lr=0.019556 cosine_blend=0.750 lr_ema=0.000 next_student_lr=0.023974
[Train] Epoch: 55 | Teacher lr=0.0245 | Teacher Loss: 0.451 | Teacher Train Acc: 96.050 | Student lr=0.0240 | Student Train Acc: 87.598 | Time: 138.189 |
[Eval] Epoch: 55 | Teacher Test Loss: 0.856 | Teacher Test Acc: 75.570 | Student Test Loss: 1.148 | Student Test Acc: 69.080 | Teacher Test F1: 0.756 | Student Test F1: 0.691 | Teacher Top 5 Accuracy: 0.942 | Student Top 5 Accuracy: 0.915 | Time: 2.635 | 
Running student landscape probe...
[LR policy] epoch=55 output=residual_log policy_pred=-0.264617 predicted_lr=0.013830 cosine_blend=0.750 lr_ema=0.000 next_student_lr=0.016973
[Train] Epoch: 56 | Teacher lr=0.0170 | Teacher Loss: 0.427 | Teacher Train Acc: 96.446 | Student lr=0.0170 | Student Train Acc: 88.530 | Time: 135.476 |
[Eval] Epoch: 56 | Teacher Test Loss: 0.841 | Teacher Test Acc: 76.000 | Student Test Loss: 1.129 | Student Test Acc: 69.440 | Teacher Test F1: 0.760 | Student Test F1: 0.695 | Teacher Top 5 Accuracy: 0.943 | Student Top 5 Accuracy: 0.915 | Time: 2.813 | 
Running student landscape probe...
[LR policy] epoch=56 output=residual_log policy_pred=-0.264844 predicted_lr=0.009143 cosine_blend=0.750 lr_ema=0.000 next_student_lr=0.011222
[Train] Epoch: 57 | Teacher lr=0.0109 | Teacher Loss: 0.403 | Teacher Train Acc: 96.918 | Student lr=0.0112 | Student Train Acc: 89.412 | Time: 137.392 |
[Eval] Epoch: 57 | Teacher Test Loss: 0.843 | Teacher Test Acc: 76.290 | Student Test Loss: 1.128 | Student Test Acc: 69.980 | Teacher Test F1: 0.763 | Student Test F1: 0.700 | Teacher Top 5 Accuracy: 0.944 | Student Top 5 Accuracy: 0.918 | Time: 2.663 | 
Running student landscape probe...
[LR policy] epoch=57 output=residual_log policy_pred=-0.264098 predicted_lr=0.005490 cosine_blend=0.750 lr_ema=0.000 next_student_lr=0.006735
[Train] Epoch: 58 | Teacher lr=0.0062 | Teacher Loss: 0.387 | Teacher Train Acc: 97.210 | Student lr=0.0067 | Student Train Acc: 90.020 | Time: 137.490 |
[Eval] Epoch: 58 | Teacher Test Loss: 0.845 | Teacher Test Acc: 76.190 | Student Test Loss: 1.105 | Student Test Acc: 70.320 | Teacher Test F1: 0.762 | Student Test F1: 0.703 | Teacher Top 5 Accuracy: 0.944 | Student Top 5 Accuracy: 0.919 | Time: 2.778 | 
Running student landscape probe...
[LR policy] epoch=58 output=residual_log policy_pred=-0.263417 predicted_lr=0.002871 cosine_blend=0.750 lr_ema=0.000 next_student_lr=0.003520
[Train] Epoch: 59 | Teacher lr=0.0027 | Teacher Loss: 0.376 | Teacher Train Acc: 97.286 | Student lr=0.0035 | Student Train Acc: 90.694 | Time: 135.371 |
[Eval] Epoch: 59 | Teacher Test Loss: 0.840 | Teacher Test Acc: 76.330 | Student Test Loss: 1.097 | Student Test Acc: 70.570 | Teacher Test F1: 0.763 | Student Test F1: 0.706 | Teacher Top 5 Accuracy: 0.944 | Student Top 5 Accuracy: 0.919 | Time: 2.817 | 
Running student landscape probe...
[LR policy] epoch=59 output=residual_log policy_pred=-0.264074 predicted_lr=0.001294 cosine_blend=0.750 lr_ema=0.000 next_student_lr=0.001587
[Train] Epoch: 60 | Teacher lr=0.0007 | Teacher Loss: 0.370 | Teacher Train Acc: 97.476 | Student lr=0.0016 | Student Train Acc: 90.948 | Time: 136.752 |
[Eval] Epoch: 60 | Teacher Test Loss: 0.841 | Teacher Test Acc: 76.290 | Student Test Loss: 1.093 | Student Test Acc: 70.700 | Teacher Test F1: 0.763 | Student Test F1: 0.707 | Teacher Top 5 Accuracy: 0.944 | Student Top 5 Accuracy: 0.920 | Time: 2.727 | 
Running student landscape probe...
[LR policy] epoch=60 output=residual_log policy_pred=-0.263537 predicted_lr=0.001000 cosine_blend=0.750 lr_ema=0.000 next_student_lr=0.001000
ckpt location: ckpt/beatcos_stars/patchtst_output_ensemble_top5_blend075_60ep_seed3.pt
