/home/jovyan/.mlspace/envs/egy_llm/lib/python3.11/site-packages/torchvision/datasets/cifar.py:83: VisibleDeprecationWarning: dtype(): align should be passed as Python or NumPy boolean but got `align=0`. Did you mean to pass a tuple to create a subarray type? (Deprecated NumPy 2.4)
  entry = pickle.load(f, encoding="latin1")
depth_list: [110, 20]
Dataset information: cifar100	 50000 images for training 	 10000 images for testing	
teacher depth: 110
student depth: 20
Total number of teacher parameters: 1,169,972
Total number of student parameters: 278,132
Snapshots will be saved to: snapshots/full60_stars/cosine_seed3_60ep
==== train and evaluate unequal restart ====
[Eval] Epoch: 0 | Teacher Test Loss: 9743.739 | Teacher Test Acc: 1.130 | Student Test Loss: 5.207 | Student Test Acc: 1.000 | Teacher Test F1: 0.001 | Student Test F1: 0.000 | Teacher Top 5 Accuracy: 0.048 | Student Top 5 Accuracy: 0.047 | Time: 3.070 | 
Running student landscape probe...
[Train] Epoch: 1 | Teacher lr=1.0000 | Teacher Loss: 4.229 | Teacher Train Acc: 8.814 | Student lr=1.0000 | Student Train Acc: 24.936 | Time: 137.722 |
[Eval] Epoch: 1 | Teacher Test Loss: 3.638 | Teacher Test Acc: 13.380 | Student Test Loss: 3.109 | Student Test Acc: 23.880 | Teacher Test F1: 0.099 | Student Test F1: 0.216 | Teacher Top 5 Accuracy: 0.382 | Student Top 5 Accuracy: 0.545 | Time: 2.537 | 
Running student landscape probe...
[Train] Epoch: 2 | Teacher lr=0.9993 | Teacher Loss: 3.427 | Teacher Train Acc: 22.684 | Student lr=0.9993 | Student Train Acc: 43.660 | Time: 135.335 |
[Eval] Epoch: 2 | Teacher Test Loss: 3.348 | Teacher Test Acc: 19.250 | Student Test Loss: 3.869 | Student Test Acc: 18.250 | Teacher Test F1: 0.176 | Student Test F1: 0.158 | Teacher Top 5 Accuracy: 0.485 | Student Top 5 Accuracy: 0.454 | Time: 2.317 | 
Running student landscape probe...
[Train] Epoch: 3 | Teacher lr=0.9973 | Teacher Loss: 2.805 | Teacher Train Acc: 33.994 | Student lr=0.9973 | Student Train Acc: 49.074 | Time: 137.809 |
[Eval] Epoch: 3 | Teacher Test Loss: 2.654 | Teacher Test Acc: 32.570 | Student Test Loss: 2.653 | Student Test Acc: 33.100 | Teacher Test F1: 0.305 | Student Test F1: 0.320 | Teacher Top 5 Accuracy: 0.655 | Student Top 5 Accuracy: 0.655 | Time: 2.405 | 
Running student landscape probe...
[Train] Epoch: 4 | Teacher lr=0.9938 | Teacher Loss: 2.491 | Teacher Train Acc: 41.076 | Student lr=0.9938 | Student Train Acc: 52.574 | Time: 137.409 |
[Eval] Epoch: 4 | Teacher Test Loss: 2.341 | Teacher Test Acc: 38.030 | Student Test Loss: 3.415 | Student Test Acc: 26.140 | Teacher Test F1: 0.372 | Student Test F1: 0.242 | Teacher Top 5 Accuracy: 0.712 | Student Top 5 Accuracy: 0.555 | Time: 2.393 | 
Running student landscape probe...
[Train] Epoch: 5 | Teacher lr=0.9891 | Teacher Loss: 2.286 | Teacher Train Acc: 45.660 | Student lr=0.9891 | Student Train Acc: 54.494 | Time: 137.479 |
[Eval] Epoch: 5 | Teacher Test Loss: 2.309 | Teacher Test Acc: 38.940 | Student Test Loss: 2.840 | Student Test Acc: 32.930 | Teacher Test F1: 0.376 | Student Test F1: 0.310 | Teacher Top 5 Accuracy: 0.720 | Student Top 5 Accuracy: 0.637 | Time: 2.616 | 
Running student landscape probe...
[Train] Epoch: 6 | Teacher lr=0.9830 | Teacher Loss: 2.201 | Teacher Train Acc: 48.016 | Student lr=0.9830 | Student Train Acc: 55.760 | Time: 138.025 |
[Eval] Epoch: 6 | Teacher Test Loss: 2.095 | Teacher Test Acc: 44.610 | Student Test Loss: 3.453 | Student Test Acc: 27.560 | Teacher Test F1: 0.445 | Student Test F1: 0.269 | Teacher Top 5 Accuracy: 0.760 | Student Top 5 Accuracy: 0.564 | Time: 2.458 | 
Running student landscape probe...
[Train] Epoch: 7 | Teacher lr=0.9755 | Teacher Loss: 2.227 | Teacher Train Acc: 48.064 | Student lr=0.9755 | Student Train Acc: 56.762 | Time: 138.525 |
[Eval] Epoch: 7 | Teacher Test Loss: 2.549 | Teacher Test Acc: 34.520 | Student Test Loss: 2.502 | Student Test Acc: 35.870 | Teacher Test F1: 0.331 | Student Test F1: 0.358 | Teacher Top 5 Accuracy: 0.679 | Student Top 5 Accuracy: 0.679 | Time: 2.419 | 
Running student landscape probe...
[Train] Epoch: 8 | Teacher lr=0.9668 | Teacher Loss: 2.013 | Teacher Train Acc: 52.406 | Student lr=0.9668 | Student Train Acc: 57.440 | Time: 138.973 |
[Eval] Epoch: 8 | Teacher Test Loss: 1.863 | Teacher Test Acc: 48.350 | Student Test Loss: 5.103 | Student Test Acc: 15.360 | Teacher Test F1: 0.475 | Student Test F1: 0.152 | Teacher Top 5 Accuracy: 0.811 | Student Top 5 Accuracy: 0.408 | Time: 2.413 | 
Running student landscape probe...
[Train] Epoch: 9 | Teacher lr=0.9568 | Teacher Loss: 1.898 | Teacher Train Acc: 55.220 | Student lr=0.9568 | Student Train Acc: 58.732 | Time: 135.318 |
[Eval] Epoch: 9 | Teacher Test Loss: 1.923 | Teacher Test Acc: 47.810 | Student Test Loss: 3.032 | Student Test Acc: 32.710 | Teacher Test F1: 0.469 | Student Test F1: 0.330 | Teacher Top 5 Accuracy: 0.795 | Student Top 5 Accuracy: 0.638 | Time: 2.448 | 
Running student landscape probe...
[Train] Epoch: 10 | Teacher lr=0.9455 | Teacher Loss: 1.854 | Teacher Train Acc: 56.752 | Student lr=0.9455 | Student Train Acc: 59.226 | Time: 138.422 |
[Eval] Epoch: 10 | Teacher Test Loss: 1.771 | Teacher Test Acc: 50.970 | Student Test Loss: 2.206 | Student Test Acc: 43.680 | Teacher Test F1: 0.500 | Student Test F1: 0.428 | Teacher Top 5 Accuracy: 0.817 | Student Top 5 Accuracy: 0.741 | Time: 2.468 | 
Running student landscape probe...
[Train] Epoch: 11 | Teacher lr=0.9330 | Teacher Loss: 1.805 | Teacher Train Acc: 57.672 | Student lr=0.9330 | Student Train Acc: 59.848 | Time: 139.159 |
[Eval] Epoch: 11 | Teacher Test Loss: 1.966 | Teacher Test Acc: 47.400 | Student Test Loss: 2.409 | Student Test Acc: 38.570 | Teacher Test F1: 0.468 | Student Test F1: 0.395 | Teacher Top 5 Accuracy: 0.788 | Student Top 5 Accuracy: 0.732 | Time: 2.445 | 
Running student landscape probe...
[Train] Epoch: 12 | Teacher lr=0.9193 | Teacher Loss: 1.769 | Teacher Train Acc: 58.738 | Student lr=0.9193 | Student Train Acc: 60.142 | Time: 137.147 |
[Eval] Epoch: 12 | Teacher Test Loss: 1.867 | Teacher Test Acc: 49.870 | Student Test Loss: 2.159 | Student Test Acc: 43.800 | Teacher Test F1: 0.502 | Student Test F1: 0.437 | Teacher Top 5 Accuracy: 0.810 | Student Top 5 Accuracy: 0.766 | Time: 2.394 | 
Running student landscape probe...
[Train] Epoch: 13 | Teacher lr=0.9045 | Teacher Loss: 1.745 | Teacher Train Acc: 59.422 | Student lr=0.9045 | Student Train Acc: 60.662 | Time: 138.666 |
[Eval] Epoch: 13 | Teacher Test Loss: 1.909 | Teacher Test Acc: 48.040 | Student Test Loss: 2.424 | Student Test Acc: 36.920 | Teacher Test F1: 0.484 | Student Test F1: 0.372 | Teacher Top 5 Accuracy: 0.803 | Student Top 5 Accuracy: 0.711 | Time: 2.564 | 
Running student landscape probe...
[Train] Epoch: 14 | Teacher lr=0.8886 | Teacher Loss: 2.036 | Teacher Train Acc: 53.954 | Student lr=0.8886 | Student Train Acc: 60.628 | Time: 138.844 |
[Eval] Epoch: 14 | Teacher Test Loss: 1.779 | Teacher Test Acc: 50.550 | Student Test Loss: 2.588 | Student Test Acc: 37.000 | Teacher Test F1: 0.505 | Student Test F1: 0.375 | Teacher Top 5 Accuracy: 0.821 | Student Top 5 Accuracy: 0.683 | Time: 2.658 | 
Running student landscape probe...
[Train] Epoch: 15 | Teacher lr=0.8716 | Teacher Loss: 1.695 | Teacher Train Acc: 60.864 | Student lr=0.8716 | Student Train Acc: 61.410 | Time: 135.317 |
[Eval] Epoch: 15 | Teacher Test Loss: 1.672 | Teacher Test Acc: 53.600 | Student Test Loss: 2.128 | Student Test Acc: 43.460 | Teacher Test F1: 0.533 | Student Test F1: 0.437 | Teacher Top 5 Accuracy: 0.834 | Student Top 5 Accuracy: 0.769 | Time: 2.540 | 
Running student landscape probe...
[Train] Epoch: 16 | Teacher lr=0.8536 | Teacher Loss: 1.652 | Teacher Train Acc: 61.970 | Student lr=0.8536 | Student Train Acc: 61.572 | Time: 137.628 |
[Eval] Epoch: 16 | Teacher Test Loss: 1.599 | Teacher Test Acc: 55.760 | Student Test Loss: 1.955 | Student Test Acc: 47.710 | Teacher Test F1: 0.554 | Student Test F1: 0.474 | Teacher Top 5 Accuracy: 0.845 | Student Top 5 Accuracy: 0.796 | Time: 2.582 | 
Running student landscape probe...
[Train] Epoch: 17 | Teacher lr=0.8346 | Teacher Loss: 1.629 | Teacher Train Acc: 62.808 | Student lr=0.8346 | Student Train Acc: 62.088 | Time: 137.366 |
[Eval] Epoch: 17 | Teacher Test Loss: 1.779 | Teacher Test Acc: 50.940 | Student Test Loss: 2.076 | Student Test Acc: 45.030 | Teacher Test F1: 0.508 | Student Test F1: 0.456 | Teacher Top 5 Accuracy: 0.818 | Student Top 5 Accuracy: 0.767 | Time: 2.545 | 
Running student landscape probe...
[Train] Epoch: 18 | Teacher lr=0.8147 | Teacher Loss: 1.608 | Teacher Train Acc: 63.276 | Student lr=0.8147 | Student Train Acc: 62.462 | Time: 135.386 |
[Eval] Epoch: 18 | Teacher Test Loss: 1.603 | Teacher Test Acc: 55.910 | Student Test Loss: 2.156 | Student Test Acc: 44.070 | Teacher Test F1: 0.554 | Student Test F1: 0.443 | Teacher Top 5 Accuracy: 0.838 | Student Top 5 Accuracy: 0.760 | Time: 2.495 | 
Running student landscape probe...
[Train] Epoch: 19 | Teacher lr=0.7939 | Teacher Loss: 1.583 | Teacher Train Acc: 64.102 | Student lr=0.7939 | Student Train Acc: 62.634 | Time: 134.994 |
[Eval] Epoch: 19 | Teacher Test Loss: 1.493 | Teacher Test Acc: 57.990 | Student Test Loss: 3.149 | Student Test Acc: 28.550 | Teacher Test F1: 0.577 | Student Test F1: 0.276 | Teacher Top 5 Accuracy: 0.863 | Student Top 5 Accuracy: 0.584 | Time: 2.549 | 
Running student landscape probe...
[Train] Epoch: 20 | Teacher lr=0.7723 | Teacher Loss: 1.556 | Teacher Train Acc: 64.738 | Student lr=0.7723 | Student Train Acc: 62.966 | Time: 135.241 |
[Eval] Epoch: 20 | Teacher Test Loss: 1.589 | Teacher Test Acc: 55.480 | Student Test Loss: 3.215 | Student Test Acc: 31.000 | Teacher Test F1: 0.553 | Student Test F1: 0.312 | Teacher Top 5 Accuracy: 0.848 | Student Top 5 Accuracy: 0.601 | Time: 2.555 | 
Running student landscape probe...
[Train] Epoch: 21 | Teacher lr=0.7500 | Teacher Loss: 1.530 | Teacher Train Acc: 65.434 | Student lr=0.7500 | Student Train Acc: 63.708 | Time: 135.318 |
[Eval] Epoch: 21 | Teacher Test Loss: 1.499 | Teacher Test Acc: 57.740 | Student Test Loss: 2.170 | Student Test Acc: 43.880 | Teacher Test F1: 0.573 | Student Test F1: 0.432 | Teacher Top 5 Accuracy: 0.865 | Student Top 5 Accuracy: 0.760 | Time: 2.468 | 
Running student landscape probe...
[Train] Epoch: 22 | Teacher lr=0.7270 | Teacher Loss: 1.506 | Teacher Train Acc: 66.170 | Student lr=0.7270 | Student Train Acc: 63.944 | Time: 136.276 |
[Eval] Epoch: 22 | Teacher Test Loss: 1.563 | Teacher Test Acc: 56.630 | Student Test Loss: 2.895 | Student Test Acc: 32.570 | Teacher Test F1: 0.562 | Student Test F1: 0.326 | Teacher Top 5 Accuracy: 0.845 | Student Top 5 Accuracy: 0.646 | Time: 2.524 | 
Running student landscape probe...
[Train] Epoch: 23 | Teacher lr=0.7034 | Teacher Loss: 1.489 | Teacher Train Acc: 66.478 | Student lr=0.7034 | Student Train Acc: 64.526 | Time: 137.808 |
[Eval] Epoch: 23 | Teacher Test Loss: 1.483 | Teacher Test Acc: 58.250 | Student Test Loss: 2.236 | Student Test Acc: 42.280 | Teacher Test F1: 0.582 | Student Test F1: 0.426 | Teacher Top 5 Accuracy: 0.867 | Student Top 5 Accuracy: 0.750 | Time: 2.552 | 
Running student landscape probe...
[Train] Epoch: 24 | Teacher lr=0.6792 | Teacher Loss: 1.465 | Teacher Train Acc: 67.308 | Student lr=0.6792 | Student Train Acc: 64.846 | Time: 135.226 |
[Eval] Epoch: 24 | Teacher Test Loss: 1.492 | Teacher Test Acc: 57.970 | Student Test Loss: 1.897 | Student Test Acc: 48.850 | Teacher Test F1: 0.586 | Student Test F1: 0.486 | Teacher Top 5 Accuracy: 0.859 | Student Top 5 Accuracy: 0.803 | Time: 2.512 | 
Running student landscape probe...
[Train] Epoch: 25 | Teacher lr=0.6545 | Teacher Loss: 1.432 | Teacher Train Acc: 68.012 | Student lr=0.6545 | Student Train Acc: 65.262 | Time: 135.225 |
[Eval] Epoch: 25 | Teacher Test Loss: 1.543 | Teacher Test Acc: 57.290 | Student Test Loss: 2.095 | Student Test Acc: 46.910 | Teacher Test F1: 0.579 | Student Test F1: 0.477 | Teacher Top 5 Accuracy: 0.860 | Student Top 5 Accuracy: 0.775 | Time: 2.522 | 
Running student landscape probe...
[Train] Epoch: 26 | Teacher lr=0.6294 | Teacher Loss: 1.413 | Teacher Train Acc: 68.664 | Student lr=0.6294 | Student Train Acc: 65.772 | Time: 135.204 |
[Eval] Epoch: 26 | Teacher Test Loss: 1.388 | Teacher Test Acc: 60.400 | Student Test Loss: 2.120 | Student Test Acc: 45.030 | Teacher Test F1: 0.601 | Student Test F1: 0.461 | Teacher Top 5 Accuracy: 0.873 | Student Top 5 Accuracy: 0.765 | Time: 2.418 | 
Running student landscape probe...
[Train] Epoch: 27 | Teacher lr=0.6040 | Teacher Loss: 1.391 | Teacher Train Acc: 69.188 | Student lr=0.6040 | Student Train Acc: 66.180 | Time: 135.270 |
[Eval] Epoch: 27 | Teacher Test Loss: 1.368 | Teacher Test Acc: 61.230 | Student Test Loss: 2.138 | Student Test Acc: 44.560 | Teacher Test F1: 0.615 | Student Test F1: 0.434 | Teacher Top 5 Accuracy: 0.882 | Student Top 5 Accuracy: 0.758 | Time: 2.502 | 
Running student landscape probe...
[Train] Epoch: 28 | Teacher lr=0.5782 | Teacher Loss: 1.356 | Teacher Train Acc: 70.036 | Student lr=0.5782 | Student Train Acc: 66.702 | Time: 137.297 |
[Eval] Epoch: 28 | Teacher Test Loss: 1.351 | Teacher Test Acc: 60.820 | Student Test Loss: 2.109 | Student Test Acc: 45.700 | Teacher Test F1: 0.611 | Student Test F1: 0.454 | Teacher Top 5 Accuracy: 0.883 | Student Top 5 Accuracy: 0.768 | Time: 2.627 | 
Running student landscape probe...
[Train] Epoch: 29 | Teacher lr=0.5523 | Teacher Loss: 1.339 | Teacher Train Acc: 70.500 | Student lr=0.5523 | Student Train Acc: 67.196 | Time: 135.308 |
[Eval] Epoch: 29 | Teacher Test Loss: 1.320 | Teacher Test Acc: 61.450 | Student Test Loss: 2.150 | Student Test Acc: 45.250 | Teacher Test F1: 0.614 | Student Test F1: 0.459 | Teacher Top 5 Accuracy: 0.889 | Student Top 5 Accuracy: 0.765 | Time: 2.569 | 
Running student landscape probe...
[Train] Epoch: 30 | Teacher lr=0.5262 | Teacher Loss: 1.310 | Teacher Train Acc: 71.580 | Student lr=0.5262 | Student Train Acc: 67.380 | Time: 137.899 |
[Eval] Epoch: 30 | Teacher Test Loss: 1.398 | Teacher Test Acc: 60.210 | Student Test Loss: 1.812 | Student Test Acc: 51.110 | Teacher Test F1: 0.603 | Student Test F1: 0.509 | Teacher Top 5 Accuracy: 0.877 | Student Top 5 Accuracy: 0.811 | Time: 2.518 | 
Running student landscape probe...
[Train] Epoch: 31 | Teacher lr=0.5000 | Teacher Loss: 1.291 | Teacher Train Acc: 72.108 | Student lr=0.5000 | Student Train Acc: 67.890 | Time: 138.177 |
[Eval] Epoch: 31 | Teacher Test Loss: 1.335 | Teacher Test Acc: 61.340 | Student Test Loss: 2.102 | Student Test Acc: 45.920 | Teacher Test F1: 0.614 | Student Test F1: 0.454 | Teacher Top 5 Accuracy: 0.881 | Student Top 5 Accuracy: 0.767 | Time: 2.459 | 
Running student landscape probe...
[Train] Epoch: 32 | Teacher lr=0.4738 | Teacher Loss: 1.264 | Teacher Train Acc: 72.754 | Student lr=0.4738 | Student Train Acc: 68.618 | Time: 135.344 |
[Eval] Epoch: 32 | Teacher Test Loss: 1.241 | Teacher Test Acc: 64.180 | Student Test Loss: 1.760 | Student Test Acc: 53.180 | Teacher Test F1: 0.641 | Student Test F1: 0.529 | Teacher Top 5 Accuracy: 0.899 | Student Top 5 Accuracy: 0.824 | Time: 2.372 | 
Running student landscape probe...
[Train] Epoch: 33 | Teacher lr=0.4477 | Teacher Loss: 1.228 | Teacher Train Acc: 73.598 | Student lr=0.4477 | Student Train Acc: 69.188 | Time: 138.228 |
[Eval] Epoch: 33 | Teacher Test Loss: 1.271 | Teacher Test Acc: 64.130 | Student Test Loss: 1.949 | Student Test Acc: 48.720 | Teacher Test F1: 0.640 | Student Test F1: 0.495 | Teacher Top 5 Accuracy: 0.895 | Student Top 5 Accuracy: 0.796 | Time: 2.610 | 
Running student landscape probe...
[Train] Epoch: 34 | Teacher lr=0.4218 | Teacher Loss: 1.208 | Teacher Train Acc: 74.204 | Student lr=0.4218 | Student Train Acc: 69.594 | Time: 139.362 |
[Eval] Epoch: 34 | Teacher Test Loss: 1.231 | Teacher Test Acc: 65.220 | Student Test Loss: 2.526 | Student Test Acc: 38.750 | Teacher Test F1: 0.653 | Student Test F1: 0.389 | Teacher Top 5 Accuracy: 0.900 | Student Top 5 Accuracy: 0.694 | Time: 2.343 | 
Running student landscape probe...
[Train] Epoch: 35 | Teacher lr=0.3960 | Teacher Loss: 1.172 | Teacher Train Acc: 75.238 | Student lr=0.3960 | Student Train Acc: 70.156 | Time: 135.696 |
[Eval] Epoch: 35 | Teacher Test Loss: 1.187 | Teacher Test Acc: 65.740 | Student Test Loss: 1.564 | Student Test Acc: 56.990 | Teacher Test F1: 0.656 | Student Test F1: 0.567 | Teacher Top 5 Accuracy: 0.906 | Student Top 5 Accuracy: 0.857 | Time: 2.416 | 
Running student landscape probe...
[Train] Epoch: 36 | Teacher lr=0.3706 | Teacher Loss: 1.146 | Teacher Train Acc: 76.050 | Student lr=0.3706 | Student Train Acc: 70.524 | Time: 137.108 |
[Eval] Epoch: 36 | Teacher Test Loss: 1.178 | Teacher Test Acc: 65.820 | Student Test Loss: 1.526 | Student Test Acc: 57.470 | Teacher Test F1: 0.658 | Student Test F1: 0.575 | Teacher Top 5 Accuracy: 0.905 | Student Top 5 Accuracy: 0.862 | Time: 2.561 | 
Running student landscape probe...
[Train] Epoch: 37 | Teacher lr=0.3455 | Teacher Loss: 1.112 | Teacher Train Acc: 77.050 | Student lr=0.3455 | Student Train Acc: 71.158 | Time: 136.979 |
[Eval] Epoch: 37 | Teacher Test Loss: 1.171 | Teacher Test Acc: 66.180 | Student Test Loss: 1.568 | Student Test Acc: 57.600 | Teacher Test F1: 0.661 | Student Test F1: 0.579 | Teacher Top 5 Accuracy: 0.908 | Student Top 5 Accuracy: 0.850 | Time: 2.396 | 
Running student landscape probe...
[Train] Epoch: 38 | Teacher lr=0.3208 | Teacher Loss: 1.084 | Teacher Train Acc: 77.900 | Student lr=0.3208 | Student Train Acc: 71.918 | Time: 136.317 |
[Eval] Epoch: 38 | Teacher Test Loss: 1.215 | Teacher Test Acc: 65.350 | Student Test Loss: 1.707 | Student Test Acc: 54.080 | Teacher Test F1: 0.656 | Student Test F1: 0.546 | Teacher Top 5 Accuracy: 0.900 | Student Top 5 Accuracy: 0.829 | Time: 2.489 | 
Running student landscape probe...
[Train] Epoch: 39 | Teacher lr=0.2966 | Teacher Loss: 1.044 | Teacher Train Acc: 78.846 | Student lr=0.2966 | Student Train Acc: 72.740 | Time: 137.761 |
[Eval] Epoch: 39 | Teacher Test Loss: 1.113 | Teacher Test Acc: 67.460 | Student Test Loss: 1.520 | Student Test Acc: 58.580 | Teacher Test F1: 0.673 | Student Test F1: 0.587 | Teacher Top 5 Accuracy: 0.920 | Student Top 5 Accuracy: 0.860 | Time: 2.433 | 
Running student landscape probe...
[Train] Epoch: 40 | Teacher lr=0.2730 | Teacher Loss: 1.011 | Teacher Train Acc: 79.984 | Student lr=0.2730 | Student Train Acc: 73.140 | Time: 137.113 |
[Eval] Epoch: 40 | Teacher Test Loss: 1.079 | Teacher Test Acc: 68.220 | Student Test Loss: 1.800 | Student Test Acc: 53.390 | Teacher Test F1: 0.681 | Student Test F1: 0.533 | Teacher Top 5 Accuracy: 0.919 | Student Top 5 Accuracy: 0.830 | Time: 2.236 | 
Running student landscape probe...
[Train] Epoch: 41 | Teacher lr=0.2500 | Teacher Loss: 0.973 | Teacher Train Acc: 81.084 | Student lr=0.2500 | Student Train Acc: 74.104 | Time: 138.263 |
[Eval] Epoch: 41 | Teacher Test Loss: 1.052 | Teacher Test Acc: 69.560 | Student Test Loss: 1.447 | Student Test Acc: 59.790 | Teacher Test F1: 0.695 | Student Test F1: 0.596 | Teacher Top 5 Accuracy: 0.922 | Student Top 5 Accuracy: 0.867 | Time: 2.415 | 
Running student landscape probe...
[Train] Epoch: 42 | Teacher lr=0.2277 | Teacher Loss: 0.936 | Teacher Train Acc: 82.150 | Student lr=0.2277 | Student Train Acc: 74.824 | Time: 139.320 |
[Eval] Epoch: 42 | Teacher Test Loss: 1.021 | Teacher Test Acc: 70.890 | Student Test Loss: 1.521 | Student Test Acc: 59.390 | Teacher Test F1: 0.708 | Student Test F1: 0.595 | Teacher Top 5 Accuracy: 0.928 | Student Top 5 Accuracy: 0.864 | Time: 2.378 | 
Running student landscape probe...
[Train] Epoch: 43 | Teacher lr=0.2061 | Teacher Loss: 0.898 | Teacher Train Acc: 83.392 | Student lr=0.2061 | Student Train Acc: 75.608 | Time: 137.381 |
[Eval] Epoch: 43 | Teacher Test Loss: 1.023 | Teacher Test Acc: 70.390 | Student Test Loss: 1.515 | Student Test Acc: 58.620 | Teacher Test F1: 0.702 | Student Test F1: 0.585 | Teacher Top 5 Accuracy: 0.923 | Student Top 5 Accuracy: 0.861 | Time: 2.249 | 
Running student landscape probe...
[Train] Epoch: 44 | Teacher lr=0.1853 | Teacher Loss: 0.861 | Teacher Train Acc: 84.498 | Student lr=0.1853 | Student Train Acc: 76.338 | Time: 139.133 |
[Eval] Epoch: 44 | Teacher Test Loss: 1.000 | Teacher Test Acc: 70.930 | Student Test Loss: 1.371 | Student Test Acc: 62.180 | Teacher Test F1: 0.707 | Student Test F1: 0.620 | Teacher Top 5 Accuracy: 0.928 | Student Top 5 Accuracy: 0.883 | Time: 2.299 | 
Running student landscape probe...
[Train] Epoch: 45 | Teacher lr=0.1654 | Teacher Loss: 0.818 | Teacher Train Acc: 85.814 | Student lr=0.1654 | Student Train Acc: 77.130 | Time: 136.919 |
[Eval] Epoch: 45 | Teacher Test Loss: 0.951 | Teacher Test Acc: 72.580 | Student Test Loss: 1.386 | Student Test Acc: 62.230 | Teacher Test F1: 0.727 | Student Test F1: 0.621 | Teacher Top 5 Accuracy: 0.932 | Student Top 5 Accuracy: 0.881 | Time: 2.381 | 
Running student landscape probe...
[Train] Epoch: 46 | Teacher lr=0.1464 | Teacher Loss: 0.779 | Teacher Train Acc: 87.086 | Student lr=0.1464 | Student Train Acc: 78.006 | Time: 137.758 |
[Eval] Epoch: 46 | Teacher Test Loss: 0.956 | Teacher Test Acc: 72.420 | Student Test Loss: 1.369 | Student Test Acc: 62.730 | Teacher Test F1: 0.723 | Student Test F1: 0.626 | Teacher Top 5 Accuracy: 0.932 | Student Top 5 Accuracy: 0.886 | Time: 2.325 | 
Running student landscape probe...
[Train] Epoch: 47 | Teacher lr=0.1284 | Teacher Loss: 0.739 | Teacher Train Acc: 88.252 | Student lr=0.1284 | Student Train Acc: 78.908 | Time: 137.462 |
[Eval] Epoch: 47 | Teacher Test Loss: 0.932 | Teacher Test Acc: 73.110 | Student Test Loss: 1.466 | Student Test Acc: 61.090 | Teacher Test F1: 0.730 | Student Test F1: 0.612 | Teacher Top 5 Accuracy: 0.935 | Student Top 5 Accuracy: 0.876 | Time: 2.682 | 
Running student landscape probe...
[Train] Epoch: 48 | Teacher lr=0.1114 | Teacher Loss: 0.698 | Teacher Train Acc: 89.506 | Student lr=0.1114 | Student Train Acc: 80.006 | Time: 138.994 |
[Eval] Epoch: 48 | Teacher Test Loss: 0.915 | Teacher Test Acc: 73.290 | Student Test Loss: 1.330 | Student Test Acc: 64.300 | Teacher Test F1: 0.734 | Student Test F1: 0.642 | Teacher Top 5 Accuracy: 0.939 | Student Top 5 Accuracy: 0.887 | Time: 2.301 | 
Running student landscape probe...
[Train] Epoch: 49 | Teacher lr=0.0955 | Teacher Loss: 0.655 | Teacher Train Acc: 90.886 | Student lr=0.0955 | Student Train Acc: 81.084 | Time: 136.305 |
[Eval] Epoch: 49 | Teacher Test Loss: 0.905 | Teacher Test Acc: 73.670 | Student Test Loss: 1.341 | Student Test Acc: 63.610 | Teacher Test F1: 0.738 | Student Test F1: 0.639 | Teacher Top 5 Accuracy: 0.939 | Student Top 5 Accuracy: 0.888 | Time: 2.267 | 
Running student landscape probe...
[Train] Epoch: 50 | Teacher lr=0.0807 | Teacher Loss: 0.612 | Teacher Train Acc: 92.188 | Student lr=0.0807 | Student Train Acc: 82.216 | Time: 137.435 |
[Eval] Epoch: 50 | Teacher Test Loss: 0.862 | Teacher Test Acc: 74.550 | Student Test Loss: 1.309 | Student Test Acc: 64.610 | Teacher Test F1: 0.744 | Student Test F1: 0.645 | Teacher Top 5 Accuracy: 0.945 | Student Top 5 Accuracy: 0.894 | Time: 2.377 | 
Running student landscape probe...
[Train] Epoch: 51 | Teacher lr=0.0670 | Teacher Loss: 0.575 | Teacher Train Acc: 93.112 | Student lr=0.0670 | Student Train Acc: 83.122 | Time: 136.659 |
[Eval] Epoch: 51 | Teacher Test Loss: 0.868 | Teacher Test Acc: 75.050 | Student Test Loss: 1.199 | Student Test Acc: 67.310 | Teacher Test F1: 0.751 | Student Test F1: 0.672 | Teacher Top 5 Accuracy: 0.943 | Student Top 5 Accuracy: 0.903 | Time: 2.380 | 
Running student landscape probe...
[Train] Epoch: 52 | Teacher lr=0.0545 | Teacher Loss: 0.534 | Teacher Train Acc: 94.228 | Student lr=0.0545 | Student Train Acc: 84.328 | Time: 134.524 |
[Eval] Epoch: 52 | Teacher Test Loss: 0.859 | Teacher Test Acc: 75.490 | Student Test Loss: 1.232 | Student Test Acc: 66.930 | Teacher Test F1: 0.754 | Student Test F1: 0.670 | Teacher Top 5 Accuracy: 0.945 | Student Top 5 Accuracy: 0.902 | Time: 2.740 | 
Running student landscape probe...
[Train] Epoch: 53 | Teacher lr=0.0432 | Teacher Loss: 0.498 | Teacher Train Acc: 94.978 | Student lr=0.0432 | Student Train Acc: 85.708 | Time: 137.622 |
[Eval] Epoch: 53 | Teacher Test Loss: 0.855 | Teacher Test Acc: 75.300 | Student Test Loss: 1.264 | Student Test Acc: 66.980 | Teacher Test F1: 0.754 | Student Test F1: 0.673 | Teacher Top 5 Accuracy: 0.944 | Student Top 5 Accuracy: 0.899 | Time: 2.580 | 
Running student landscape probe...
[Train] Epoch: 54 | Teacher lr=0.0332 | Teacher Loss: 0.464 | Teacher Train Acc: 95.878 | Student lr=0.0332 | Student Train Acc: 86.850 | Time: 138.491 |
[Eval] Epoch: 54 | Teacher Test Loss: 0.851 | Teacher Test Acc: 75.540 | Student Test Loss: 1.181 | Student Test Acc: 68.280 | Teacher Test F1: 0.756 | Student Test F1: 0.683 | Teacher Top 5 Accuracy: 0.945 | Student Top 5 Accuracy: 0.911 | Time: 2.432 | 
Running student landscape probe...
[Train] Epoch: 55 | Teacher lr=0.0245 | Teacher Loss: 0.436 | Teacher Train Acc: 96.370 | Student lr=0.0245 | Student Train Acc: 87.864 | Time: 137.641 |
[Eval] Epoch: 55 | Teacher Test Loss: 0.842 | Teacher Test Acc: 75.750 | Student Test Loss: 1.146 | Student Test Acc: 69.390 | Teacher Test F1: 0.758 | Student Test F1: 0.695 | Teacher Top 5 Accuracy: 0.945 | Student Top 5 Accuracy: 0.916 | Time: 2.275 | 
Running student landscape probe...
[Train] Epoch: 56 | Teacher lr=0.0170 | Teacher Loss: 0.407 | Teacher Train Acc: 96.932 | Student lr=0.0170 | Student Train Acc: 89.216 | Time: 137.801 |
[Eval] Epoch: 56 | Teacher Test Loss: 0.836 | Teacher Test Acc: 76.220 | Student Test Loss: 1.148 | Student Test Acc: 69.000 | Teacher Test F1: 0.762 | Student Test F1: 0.691 | Teacher Top 5 Accuracy: 0.947 | Student Top 5 Accuracy: 0.917 | Time: 2.495 | 
Running student landscape probe...
[Train] Epoch: 57 | Teacher lr=0.0109 | Teacher Loss: 0.387 | Teacher Train Acc: 97.266 | Student lr=0.0109 | Student Train Acc: 90.070 | Time: 135.398 |
[Eval] Epoch: 57 | Teacher Test Loss: 0.832 | Teacher Test Acc: 76.580 | Student Test Loss: 1.136 | Student Test Acc: 69.760 | Teacher Test F1: 0.766 | Student Test F1: 0.698 | Teacher Top 5 Accuracy: 0.948 | Student Top 5 Accuracy: 0.918 | Time: 2.365 | 
Running student landscape probe...
[Train] Epoch: 58 | Teacher lr=0.0062 | Teacher Loss: 0.369 | Teacher Train Acc: 97.534 | Student lr=0.0062 | Student Train Acc: 90.764 | Time: 135.690 |
[Eval] Epoch: 58 | Teacher Test Loss: 0.835 | Teacher Test Acc: 76.450 | Student Test Loss: 1.124 | Student Test Acc: 69.980 | Teacher Test F1: 0.765 | Student Test F1: 0.700 | Teacher Top 5 Accuracy: 0.947 | Student Top 5 Accuracy: 0.919 | Time: 2.533 | 
Running student landscape probe...
[Train] Epoch: 59 | Teacher lr=0.0027 | Teacher Loss: 0.358 | Teacher Train Acc: 97.674 | Student lr=0.0027 | Student Train Acc: 91.216 | Time: 136.205 |
[Eval] Epoch: 59 | Teacher Test Loss: 0.834 | Teacher Test Acc: 76.380 | Student Test Loss: 1.116 | Student Test Acc: 70.220 | Teacher Test F1: 0.764 | Student Test F1: 0.703 | Teacher Top 5 Accuracy: 0.948 | Student Top 5 Accuracy: 0.920 | Time: 2.580 | 
Running student landscape probe...
[Train] Epoch: 60 | Teacher lr=0.0007 | Teacher Loss: 0.354 | Teacher Train Acc: 97.724 | Student lr=0.0007 | Student Train Acc: 91.382 | Time: 138.000 |
[Eval] Epoch: 60 | Teacher Test Loss: 0.834 | Teacher Test Acc: 76.500 | Student Test Loss: 1.113 | Student Test Acc: 70.450 | Teacher Test F1: 0.765 | Student Test F1: 0.705 | Teacher Top 5 Accuracy: 0.948 | Student Top 5 Accuracy: 0.920 | Time: 2.446 | 
Running student landscape probe...
ckpt location: ckpt/full60_stars/cosine_seed3_60ep.pt
